[1A[2K[2m[WebServer] [22m
[2m[WebServer] [22m> frontend@0.1.0 dev
[2m[WebServer] [22m> next dev
[2m[WebServer] [22m

node.exe : [1A[2K[2m[WebServer] [22m [33m[1mΓÜá[22m[39m Warning: Next.js inferred your workspace root, but it may not be correct.
At C:\Program Files\nodejs\npx.ps1:29 char:3
+   & $NODE_EXE $NPX_CLI_JS $args
+   ~~~~~~~~~~~~~~~~~~~~~~~~~~~~~
    + CategoryInfo          : NotSpecified: ([1A[2K[2m[We...not be correct.:String) [], RemoteException
    + FullyQualifiedErrorId : NativeCommandError
 
[2m[WebServer] [22m We detected multiple lockfiles and selected the directory of C:\Users\Bedon\Desktop\semester-5-software-project\package-lock.json as the 
root directory.
[2m[WebServer] [22m To silence this warning, set `turbopack.root` in your Next.js config, or consider removing one of the lockfiles if it's not needed.
[2m[WebServer] [22m   See https://nextjs.org/docs/app/api-reference/config/next-config-js/turbopack#root-directory for more information.
[2m[WebServer] [22m Detected additional lockfiles: 
[2m[WebServer] [22m   * C:\Users\Bedon\Desktop\semester-5-software-project\frontend\package-lock.json
[2m[WebServer] [22m

[1A[2K[2m[WebServer] [22m   [1m[38;2;173;127;168mΓû▓ Next.js 16.0.8[39m[22m (Turbopack)

[1A[2K[2m[WebServer] [22m   - Local:         http://localhost:3000
[2m[WebServer] [22m   - Network:       http://192.168.56.1:3000
[2m[WebServer] [22m   - Environments: .env.local

[1A[2K[2m[WebServer] [22m

[1A[2K[2m[WebServer] [22m [32m[1mΓ£ô[22m[39m Starting...

[1A[2K[2m[WebServer] [22m [32m[1mΓ£ô[22m[39m Ready in 1145ms


[1A[2K[2m[WebServer] [22m(node:15164) [MODULE_TYPELESS_PACKAGE_JSON] Warning: Module type of 
file:///C:/Users/Bedon/Desktop/semester-5-software-project/frontend/postcss.config.js is not specified and it doesn't parse as CommonJS.
[2m[WebServer] [22mReparsing as ES module because module syntax was detected. This incurs a performance overhead.
[2m[WebServer] [22mTo eliminate this warning, add "type": "module" to C:\Users\Bedon\Desktop\semester-5-software-project\frontend\package.json.
[2m[WebServer] [22m(Use `node --trace-warnings ...` to show where the warning was created)
[1A[2K[2m[WebServer] [22m GET / [32m200[39m in 2.3s[2m (compile: 2.0s, render: 294ms)[22m

[1A[2K[2m[WebServer] [22m
[2m[WebServer] [22m> hr_system_temp@0.0.1 start:dev
[2m[WebServer] [22m> nest start --watch
[2m[WebServer] [22m

[1A[2K[2m[WebServer] [22m[2J[3J[H

[1A[2K[2m[WebServer] [22m[[90m4:29:38 PM[0m] Starting compilation in watch mode...
[2m[WebServer] [22m

[1A[2K[2m[WebServer] [22m[[90m4:29:49 PM[0m] Found 0 errors. Watching for file changes.
[2m[WebServer] [22m

[1A[2K[2m[WebServer] [22m[dotenv@17.2.3] injecting env (0) from .env -- tip: ≡ƒöÉ encrypt with Dotenvx: https://dotenvx.com

[1A[2K[2m[WebServer] [22m[dotenv@17.2.3] injecting env (0) from .env -- tip: ≡ƒôí add observability to secrets: https://dotenvx.com/ops

[1A[2K[2m[WebServer] [22mΓ£à Successfully connected to MongoDB

[1A[2K[2m[WebServer] [22m≡ƒôè Database: employee-profile-test

[1A[2K[2m[WebServer] [22m[32m[Nest] 40172  - [39m12/17/2025, 4:29:52 PM [32m    LOG[39m [38;5;3m[NestFactory] [39m[32mStarting Nest application...[39m

[1A[2K[2m[WebServer] [22m[32m[Nest] 40172  - [39m12/17/2025, 4:29:52 PM [32m    LOG[39m [38;5;3m[InstanceLoader] [39m[32mMongooseModule dependencies initialized[39m[38;5;3m +30ms[39m

[1A[2K[2m[WebServer] [22m[32m[Nest] 40172  - [39m12/17/2025, 4:29:52 PM [32m    LOG[39m [38;5;3m[InstanceLoader] [39m[32mPassportModule dependencies initialized[39m[38;5;3m +0ms[39m

[1A[2K[2m[WebServer] [22m[32m[Nest] 40172  - [39m12/17/2025, 4:29:52 PM [32m    LOG[39m [38;5;3m[InstanceLoader] [39m[32mConfigHostModule dependencies initialized[39m[38;5;3m +0ms[39m

[1A[2K[2m[WebServer] [22m[32m[Nest] 40172  - [39m12/17/2025, 4:29:52 PM [32m    LOG[39m [38;5;3m[InstanceLoader] [39m[32mDiscoveryModule dependencies initialized[39m[38;5;3m +1ms[39m

[1A[2K[2m[WebServer] [22m[32m[Nest] 40172  - [39m12/17/2025, 4:29:52 PM [32m    LOG[39m [38;5;3m[InstanceLoader] [39m[32mAppModule dependencies initialized[39m[38;5;3m +0ms[39m

[1A[2K[2m[WebServer] [22m[32m[Nest] 40172  - [39m12/17/2025, 4:29:52 PM [32m    LOG[39m [38;5;3m[InstanceLoader] [39m[32mConfigModule dependencies initialized[39m[38;5;3m +0ms[39m
[2m[WebServer] [22m[32m[Nest] 40172  - [39m12/17/2025, 4:29:52 PM [32m    LOG[39m [38;5;3m[InstanceLoader] [39m[32mConfigModule dependencies initialized[39m[38;5;3m +0ms[39m

[1A[2K[2m[WebServer] [22m[32m[Nest] 40172  - [39m12/17/2025, 4:29:52 PM [32m    LOG[39m [38;5;3m[InstanceLoader] [39m[32mConfigModule dependencies initialized[39m[38;5;3m +0ms[39m

[1A[2K[2m[WebServer] [22m[32m[Nest] 40172  - [39m12/17/2025, 4:29:52 PM [32m    LOG[39m [38;5;3m[InstanceLoader] [39m[32mScheduleModule dependencies initialized[39m[38;5;3m +1ms[39m

[1A[2K[2m[WebServer] [22m[32m[Nest] 40172  - [39m12/17/2025, 4:29:52 PM [32m    LOG[39m [38;5;3m[InstanceLoader] [39m[32mJwtModule dependencies initialized[39m[38;5;3m +0ms[39m

[1A[2K[2m[WebServer] [22m[32m[Nest] 40172  - [39m12/17/2025, 4:29:53 PM [32m    LOG[39m [38;5;3m[InstanceLoader] [39m[32mMongooseCoreModule dependencies initialized[39m[38;5;3m +615ms[39m

[1A[2K[2m[WebServer] [22m[32m[Nest] 40172  - [39m12/17/2025, 4:29:53 PM [32m    LOG[39m [38;5;3m[InstanceLoader] [39m[32mMongooseModule dependencies initialized[39m[38;5;3m +1ms[39m

[1A[2K[2m[WebServer] [22m[32m[Nest] 40172  - [39m12/17/2025, 4:29:53 PM [32m    LOG[39m [38;5;3m[InstanceLoader] [39m[32mMongooseModule dependencies initialized[39m[38;5;3m +0ms[39m
[2m[WebServer] [22m[32m[Nest] 40172  - [39m12/17/2025, 4:29:53 PM [32m    LOG[39m [38;5;3m[InstanceLoader] [39m[32mMongooseModule dependencies initialized[39m[38;5;3m +0ms[39m
[2m[WebServer] [22m[32m[Nest] 40172  - [39m12/17/2025, 4:29:53 PM [32m    LOG[39m [38;5;3m[InstanceLoader] [39m[32mMongooseModule dependencies initialized[39m[38;5;3m +0ms[39m
[2m[WebServer] [22m[32m[Nest] 40172  - [39m12/17/2025, 4:29:53 PM [32m    LOG[39m [38;5;3m[InstanceLoader] [39m[32mMongooseModule dependencies initialized[39m[38;5;3m +0ms[39m
[2m[WebServer] [22m[32m[Nest] 40172  - [39m12/17/2025, 4:29:53 PM [32m    LOG[39m [38;5;3m[InstanceLoader] [39m[32mMongooseModule dependencies initialized[39m[38;5;3m +0ms[39m

[1A[2K[2m[WebServer] [22m[32m[Nest] 40172  - [39m12/17/2025, 4:29:53 PM [32m    LOG[39m [38;5;3m[InstanceLoader] [39m[32mMongooseModule dependencies initialized[39m[38;5;3m +0ms[39m

[1A[2K[2m[WebServer] [22m[32m[Nest] 40172  - [39m12/17/2025, 4:29:53 PM [32m    LOG[39m [38;5;3m[InstanceLoader] [39m[32mEmployeeProfileModule dependencies initialized[39m[38;5;3m +3ms[39m

[1A[2K[2m[WebServer] [22m[32m[Nest] 40172  - [39m12/17/2025, 4:29:53 PM [32m    LOG[39m [38;5;3m[InstanceLoader] [39m[32mEntitlementModule dependencies initialized[39m[38;5;3m +0ms[39m

[1A[2K[2m[WebServer] [22m[32m[Nest] 40172  - [39m12/17/2025, 4:29:53 PM [32m    LOG[39m [38;5;3m[InstanceLoader] [39m[32mLeavesModule dependencies initialized[39m[38;5;3m +1ms[39m

[1A[2K[2m[WebServer] [22m[32m[Nest] 40172  - [39m12/17/2025, 4:29:53 PM [32m    LOG[39m [38;5;3m[InstanceLoader] [39m[32mTimeManagementModule dependencies initialized[39m[38;5;3m +0ms[39m
[2m[WebServer] [22m[32m[Nest] 40172  - [39m12/17/2025, 4:29:53 PM [32m    LOG[39m [38;5;3m[InstanceLoader] [39m[32mAuthModule dependencies initialized[39m[38;5;3m +0ms[39m
[2m[WebServer] [22m[32m[Nest] 40172  - [39m12/17/2025, 4:29:53 PM [32m    LOG[39m [38;5;3m[InstanceLoader] [39m[32mRecruitmentModule dependencies initialized[39m[38;5;3m +0ms[39m

[1A[2K[2m[WebServer] [22m[32m[Nest] 40172  - [39m12/17/2025, 4:29:53 PM [32m    LOG[39m [38;5;3m[RoutesResolver] [39m[32mAppController {/}:[39m[38;5;3m +4ms[39m

[1A[2K[2m[WebServer] [22m[32m[Nest] 40172  - [39m12/17/2025, 4:29:53 PM [32m    LOG[39m [38;5;3m[RouterExplorer] [39m[32mMapped {/, GET} route[39m[38;5;3m +3ms[39m

[1A[2K[2m[WebServer] [22m[32m[Nest] 40172  - [39m12/17/2025, 4:29:53 PM [32m    LOG[39m [38;5;3m[RoutesResolver] [39m[32mAuthController {/auth}:[39m[38;5;3m +0ms[39m

[1A[2K[2m[WebServer] [22m[32m[Nest] 40172  - [39m12/17/2025, 4:29:53 PM [32m    LOG[39m [38;5;3m[RouterExplorer] [39m[32mMapped {/auth/register, POST} route[39m[38;5;3m +1ms[39m

[1A[2K[2m[WebServer] [22m[32m[Nest] 40172  - [39m12/17/2025, 4:29:53 PM [32m    LOG[39m [38;5;3m[RouterExplorer] [39m[32mMapped {/auth/login, POST} route[39m[38;5;3m +0ms[39m

[1A[2K[2m[WebServer] [22m[32m[Nest] 40172  - [39m12/17/2025, 4:29:53 PM [32m    LOG[39m [38;5;3m[RouterExplorer] [39m[32mMapped {/auth/logout, POST} route[39m[38;5;3m +1ms[39m

[1A[2K[2m[WebServer] [22m[32m[Nest] 40172  - [39m12/17/2025, 4:29:53 PM [32m    LOG[39m [38;5;3m[RouterExplorer] [39m[32mMapped {/auth/me, GET} route[39m[38;5;3m +0ms[39m

[1A[2K[2m[WebServer] [22m[32m[Nest] 40172  - [39m12/17/2025, 4:29:53 PM [32m    LOG[39m [38;5;3m[RoutesResolver] [39m[32mEmployeeProfileController {/employee-profile}:[39m[38;5;3m +0ms[39m

[1A[2K[2m[WebServer] [22m[32m[Nest] 40172  - [39m12/17/2025, 4:29:53 PM [32m    LOG[39m [38;5;3m[RouterExplorer] [39m[32mMapped {/employee-profile, POST} route[39m[38;5;3m +0ms[39m

[1A[2K[2m[WebServer] [22m[32m[Nest] 40172  - [39m12/17/2025, 4:29:53 PM [32m    LOG[39m [38;5;3m[RouterExplorer] [39m[32mMapped {/employee-profile, GET} route[39m[38;5;3m +1ms[39m

[1A[2K[2m[WebServer] [22m[32m[Nest] 40172  - [39m12/17/2025, 4:29:53 PM [32m    LOG[39m [38;5;3m[RouterExplorer] [39m[32mMapped {/employee-profile/candidate, POST} route[39m[38;5;3m +0ms[39m

[1A[2K[2m[WebServer] [22m[32m[Nest] 40172  - [39m12/17/2025, 4:29:53 PM [32m    LOG[39m [38;5;3m[RouterExplorer] [39m[32mMapped {/employee-profile/roles, GET} route[39m[38;5;3m +0ms[39m

[1A[2K[2m[WebServer] [22m[32m[Nest] 40172  - [39m12/17/2025, 4:29:53 PM [32m    LOG[39m [38;5;3m[RouterExplorer] [39m[32mMapped {/employee-profile/my-employees, GET} route[39m[38;5;3m +1ms[39m

[1A[2K[2m[WebServer] [22m[32m[Nest] 40172  - [39m12/17/2025, 4:29:53 PM [32m    LOG[39m [38;5;3m[RouterExplorer] [39m[32mMapped {/employee-profile/change-requests/all, GET} route[39m[38;5;3m +0ms[39m

[1A[2K[2m[WebServer] [22m[32m[Nest] 40172  - [39m12/17/2025, 4:29:53 PM [32m    LOG[39m [38;5;3m[RouterExplorer] [39m[32mMapped {/employee-profile/change-request/:requestId, GET} route[39m[38;5;3m +0ms[39m

[1A[2K[2m[WebServer] [22m[32m[Nest] 40172  - [39m12/17/2025, 4:29:53 PM [32m    LOG[39m [38;5;3m[RouterExplorer] [39m[32mMapped {/employee-profile/change-request/:requestId/review, POST} route[39m[38;5;3m +0ms[39m

[1A[2K[2m[WebServer] [22m[32m[Nest] 40172  - [39m12/17/2025, 4:29:53 PM [32m    LOG[39m [38;5;3m[RouterExplorer] [39m[32mMapped {/employee-profile/:employeeNumber/my-profile, GET} route[39m[38;5;3m +1ms[39m

[1A[2K[2m[WebServer] [22m[32m[Nest] 40172  - [39m12/17/2025, 4:29:53 PM [32m    LOG[39m [38;5;3m[RouterExplorer] [39m[32mMapped {/employee-profile/:employeeNumber/my-profile/immediate, PUT} route[39m[38;5;3m +0ms[39m

[1A[2K[2m[WebServer] [22m[32m[Nest] 40172  - [39m12/17/2025, 4:29:53 PM [32m    LOG[39m [38;5;3m[RouterExplorer] [39m[32mMapped {/employee-profile/:employeeNumber/my-profile/change-request, POST} route[39m[38;5;3m +0ms[39m

[1A[2K[2m[WebServer] [22m[32m[Nest] 40172  - [39m12/17/2025, 4:29:53 PM [32m    LOG[39m [38;5;3m[RouterExplorer] [39m[32mMapped {/employee-profile/:id, GET} route[39m[38;5;3m +0ms[39m

[1A[2K[2m[WebServer] [22m[32m[Nest] 40172  - [39m12/17/2025, 4:29:53 PM [32m    LOG[39m [38;5;3m[RouterExplorer] [39m[32mMapped {/employee-profile/:id/admin, PUT} route[39m[38;5;3m +0ms[39m

[1A[2K[2m[WebServer] [22m[32m[Nest] 40172  - [39m12/17/2025, 4:29:53 PM [32m    LOG[39m [38;5;3m[RoutesResolver] [39m[32mRecruitmentController {/recruitment}:[39m[38;5;3m +0ms[39m
[2m[WebServer] [22m[32m[Nest] 40172  - [39m12/17/2025, 4:29:53 PM [32m    LOG[39m [38;5;3m[RouterExplorer] [39m[32mMapped {/recruitment/job-requisitions, POST} route[39m[38;5;3m +0ms[39m

[1A[2K[2m[WebServer] [22m[32m[Nest] 40172  - [39m12/17/2025, 4:29:53 PM [32m    LOG[39m [38;5;3m[RouterExplorer] [39m[32mMapped {/recruitment/job-requisitions, GET} route[39m[38;5;3m +1ms[39m

[1A[2K[2m[WebServer] [22m[32m[Nest] 40172  - [39m12/17/2025, 4:29:53 PM [32m    LOG[39m [38;5;3m[RouterExplorer] [39m[32mMapped {/recruitment/careers/jobs, GET} route[39m[38;5;3m +0ms[39m

[1A[2K[2m[WebServer] [22m[32m[Nest] 40172  - [39m12/17/2025, 4:29:53 PM [32m    LOG[39m [38;5;3m[RouterExplorer] [39m[32mMapped {/recruitment/job-requisitions/:id/preview, GET} route[39m[38;5;3m +0ms[39m

[1A[2K[2m[WebServer] [22m[32m[Nest] 40172  - [39m12/17/2025, 4:29:53 PM [32m    LOG[39m [38;5;3m[RouterExplorer] [39m[32mMapped {/recruitment/job-requisitions/:id, GET} route[39m[38;5;3m +0ms[39m

[1A[2K[2m[WebServer] [22m[32m[Nest] 40172  - [39m12/17/2025, 4:29:53 PM [32m    LOG[39m [38;5;3m[RouterExplorer] [39m[32mMapped {/recruitment/job-requisitions/:id/status, PATCH} route[39m[38;5;3m +0ms[39m

[1A[2K[2m[WebServer] [22m[32m[Nest] 40172  - [39m12/17/2025, 4:29:53 PM [32m    LOG[39m [38;5;3m[RouterExplorer] [39m[32mMapped {/recruitment/applications/:id/stage, PATCH} route[39m[38;5;3m +0ms[39m

[1A[2K[2m[WebServer] [22m[32m[Nest] 40172  - [39m12/17/2025, 4:29:53 PM [32m    LOG[39m [38;5;3m[RouterExplorer] [39m[32mMapped {/recruitment/applications/:id/progress, GET} route[39m[38;5;3m +0ms[39m

[1A[2K[2m[WebServer] [22m[32m[Nest] 40172  - [39m12/17/2025, 4:29:53 PM [32m    LOG[39m [38;5;3m[RouterExplorer] [39m[32mMapped {/recruitment/applications, GET} route[39m[38;5;3m +0ms[39m

[1A[2K[2m[WebServer] [22m[32m[Nest] 40172  - [39m12/17/2025, 4:29:53 PM [32m    LOG[39m [38;5;3m[RouterExplorer] [39m[32mMapped {/recruitment/applications/by-stage/:stage, GET} route[39m[38;5;3m +1ms[39m

[1A[2K[2m[WebServer] [22m[32m[Nest] 40172  - [39m12/17/2025, 4:29:53 PM [32m    LOG[39m [38;5;3m[RouterExplorer] [39m[32mMapped {/recruitment/applications/:id/history, GET} route[39m[38;5;3m +0ms[39m

[1A[2K[2m[WebServer] [22m[32m[Nest] 40172  - [39m12/17/2025, 4:29:53 PM [32m    LOG[39m [38;5;3m[RouterExplorer] [39m[32mMapped {/recruitment/candidate/:candidateId/applications, GET} route[39m[38;5;3m +0ms[39m

[1A[2K[2m[WebServer] [22m[32m[Nest] 40172  - [39m12/17/2025, 4:29:53 PM [32m    LOG[39m [38;5;3m[RouterExplorer] [39m[32mMapped {/recruitment/candidate/:candidateId/applications/:applicationId, GET} route[39m[38;5;3m +0ms[39m

[1A[2K[2m[WebServer] [22m[32m[Nest] 40172  - [39m12/17/2025, 4:29:53 PM [32m    LOG[39m [38;5;3m[RouterExplorer] [39m[32mMapped {/recruitment/candidate/:candidateId/notifications, GET} route[39m[38;5;3m +0ms[39m

[1A[2K[2m[WebServer] [22m[32m[Nest] 40172  - [39m12/17/2025, 4:29:53 PM [32m    LOG[39m [38;5;3m[RouterExplorer] [39m[32mMapped {/recruitment/interviews, POST} route[39m[38;5;3m +0ms[39m

[1A[2K[2m[WebServer] [22m[32m[Nest] 40172  - [39m12/17/2025, 4:29:53 PM [32m    LOG[39m [38;5;3m[RouterExplorer] [39m[32mMapped {/recruitment/applications/:applicationId/interviews, GET} route[39m[38;5;3m +0ms[39m

[1A[2K[2m[WebServer] [22m[32m[Nest] 40172  - [39m12/17/2025, 4:29:53 PM [32m    LOG[39m [38;5;3m[RouterExplorer] [39m[32mMapped {/recruitment/interviews/:id, PATCH} route[39m[38;5;3m +0ms[39m

[1A[2K[2m[WebServer] [22m[32m[Nest] 40172  - [39m12/17/2025, 4:29:53 PM [32m    LOG[39m [38;5;3m[RouterExplorer] [39m[32mMapped {/recruitment/interviews/:id/cancel, PATCH} route[39m[38;5;3m +1ms[39m

[1A[2K[2m[WebServer] [22m[32m[Nest] 40172  - [39m12/17/2025, 4:29:53 PM [32m    LOG[39m [38;5;3m[RouterExplorer] [39m[32mMapped {/recruitment/interviews/:id/feedback, POST} route[39m[38;5;3m +0ms[39m

[1A[2K[2m[WebServer] [22m[32m[Nest] 40172  - [39m12/17/2025, 4:29:53 PM [32m    LOG[39m [38;5;3m[RouterExplorer] [39m[32mMapped {/recruitment/interviews/:id/feedback, GET} route[39m[38;5;3m +0ms[39m

[1A[2K[2m[WebServer] [22m[32m[Nest] 40172  - [39m12/17/2025, 4:29:53 PM [32m    LOG[39m [38;5;3m[RouterExplorer] [39m[32mMapped {/recruitment/interviews/:id/aggregated-score, GET} route[39m[38;5;3m +0ms[39m

[1A[2K[2m[WebServer] [22m[32m[Nest] 40172  - [39m12/17/2025, 4:29:53 PM [32m    LOG[39m [38;5;3m[RouterExplorer] [39m[32mMapped {/recruitment/interviewers/:id/pending-feedback, GET} route[39m[38;5;3m +0ms[39m

[1A[2K[2m[WebServer] [22m[32m[Nest] 40172  - [39m12/17/2025, 4:29:53 PM [32m    LOG[39m [38;5;3m[RouterExplorer] [39m[32mMapped {/recruitment/candidates/:candidateId/referral, POST} route[39m[38;5;3m +1ms[39m

[1A[2K[2m[WebServer] [22m[32m[Nest] 40172  - [39m12/17/2025, 4:29:53 PM [32m    LOG[39m [38;5;3m[RouterExplorer] [39m[32mMapped {/recruitment/offers, POST} route[39m[38;5;3m +0ms[39m

[1A[2K[2m[WebServer] [22m[32m[Nest] 40172  - [39m12/17/2025, 4:29:53 PM [32m    LOG[39m [38;5;3m[RouterExplorer] [39m[32mMapped {/recruitment/offers/:id, GET} route[39m[38;5;3m +0ms[39m

[1A[2K[2m[WebServer] [22m[32m[Nest] 40172  - [39m12/17/2025, 4:29:53 PM [32m    LOG[39m [38;5;3m[RouterExplorer] [39m[32mMapped {/recruitment/offers, GET} route[39m[38;5;3m +0ms[39m

[1A[2K[2m[WebServer] [22m[32m[Nest] 40172  - [39m12/17/2025, 4:29:53 PM [32m    LOG[39m [38;5;3m[RouterExplorer] [39m[32mMapped {/recruitment/applications/:applicationId/offers, GET} route[39m[38;5;3m +0ms[39m

[1A[2K[2m[WebServer] [22m[32m[Nest] 40172  - [39m12/17/2025, 4:29:53 PM [32m    LOG[39m [38;5;3m[RouterExplorer] [39m[32mMapped {/recruitment/candidates/:candidateId/offers, GET} route[39m[38;5;3m +0ms[39m

[1A[2K[2m[WebServer] [22m[32m[Nest] 40172  - [39m12/17/2025, 4:29:53 PM [32m    LOG[39m [38;5;3m[RouterExplorer] [39m[32mMapped {/recruitment/offers/:id/approve, PATCH} route[39m[38;5;3m +0ms[39m

[1A[2K[2m[WebServer] [22m[32m[Nest] 40172  - [39m12/17/2025, 4:29:53 PM [32m    LOG[39m [38;5;3m[RouterExplorer] [39m[32mMapped {/recruitment/offers/:id/accept, PATCH} route[39m[38;5;3m +0ms[39m

[1A[2K[2m[WebServer] [22m[32m[Nest] 40172  - [39m12/17/2025, 4:29:53 PM [32m    LOG[39m [38;5;3m[RouterExplorer] [39m[32mMapped {/recruitment/offers/:id/reject, PATCH} route[39m[38;5;3m +1ms[39m

[1A[2K[2m[WebServer] [22m[32m[Nest] 40172  - [39m12/17/2025, 4:29:53 PM [32m    LOG[39m [38;5;3m[RouterExplorer] [39m[32mMapped {/recruitment/offers/:id/generate-pdf, POST} route[39m[38;5;3m +0ms[39m

[1A[2K[2m[WebServer] [22m[32m[Nest] 40172  - [39m12/17/2025, 4:29:53 PM [32m    LOG[39m [38;5;3m[RouterExplorer] [39m[32mMapped {/recruitment/offers/:id/send-for-signature, POST} route[39m[38;5;3m +0ms[39m

[1A[2K[2m[WebServer] [22m[32m[Nest] 40172  - [39m12/17/2025, 4:29:53 PM [32m    LOG[39m [38;5;3m[RouterExplorer] [39m[32mMapped {/recruitment/offers/:id/sign, POST} route[39m[38;5;3m +0ms[39m

[1A[2K[2m[WebServer] [22m[32m[Nest] 40172  - [39m12/17/2025, 4:29:53 PM [32m    LOG[39m [38;5;3m[RouterExplorer] [39m[32mMapped {/recruitment/offers/:id/signed-letter, GET} route[39m[38;5;3m +0ms[39m

[1A[2K[2m[WebServer] [22m[32m[Nest] 40172  - [39m12/17/2025, 4:29:53 PM [32m    LOG[39m [38;5;3m[RouterExplorer] [39m[32mMapped {/recruitment/analytics/kpis, GET} route[39m[38;5;3m +0ms[39m

[1A[2K[2m[WebServer] [22m[32m[Nest] 40172  - [39m12/17/2025, 4:29:53 PM [32m    LOG[39m [38;5;3m[RouterExplorer] [39m[32mMapped {/recruitment/analytics/time-to-hire, GET} route[39m[38;5;3m +0ms[39m

[1A[2K[2m[WebServer] [22m[32m[Nest] 40172  - [39m12/17/2025, 4:29:53 PM [32m    LOG[39m [38;5;3m[RouterExplorer] [39m[32mMapped {/recruitment/analytics/applications/:applicationId/time-to-hire, GET} route[39m[38;5;3m +0ms[39m

[1A[2K[2m[WebServer] [22m[32m[Nest] 40172  - [39m12/17/2025, 4:29:53 PM [32m    LOG[39m [38;5;3m[RouterExplorer] [39m[32mMapped {/recruitment/analytics/funnel, GET} route[39m[38;5;3m +0ms[39m

[1A[2K[2m[WebServer] [22m[32m[Nest] 40172  - [39m12/17/2025, 4:29:53 PM [32m    LOG[39m [38;5;3m[RouterExplorer] [39m[32mMapped {/recruitment/analytics/offer-acceptance, GET} route[39m[38;5;3m +1ms[39m

[1A[2K[2m[WebServer] [22m[32m[Nest] 40172  - [39m12/17/2025, 4:29:53 PM [32m    LOG[39m [38;5;3m[RouterExplorer] [39m[32mMapped {/recruitment/analytics/interview-to-offer, GET} route[39m[38;5;3m +0ms[39m

[1A[2K[2m[WebServer] [22m[32m[Nest] 40172  - [39m12/17/2025, 4:29:53 PM [32m    LOG[39m [38;5;3m[RouterExplorer] [39m[32mMapped {/recruitment/candidates/:candidateId/export-personal-data, GET} route[39m[38;5;3m +0ms[39m

[1A[2K[2m[WebServer] [22m[32m[Nest] 40172  - [39m12/17/2025, 4:29:53 PM [32m    LOG[39m [38;5;3m[RouterExplorer] [39m[32mMapped {/recruitment/candidates/:candidateId/delete-personal-data, POST} route[39m[38;5;3m +0ms[39m

[1A[2K[2m[WebServer] [22m[32m[Nest] 40172  - [39m12/17/2025, 4:29:53 PM [32m    LOG[39m [38;5;3m[RouterExplorer] [39m[32mMapped {/recruitment/candidates/:candidateId/consent-history, GET} route[39m[38;5;3m +0ms[39m

[1A[2K[2m[WebServer] [22m[32m[Nest] 40172  - [39m12/17/2025, 4:29:53 PM [32m    LOG[39m [38;5;3m[RouterExplorer] [39m[32mMapped {/recruitment/admin/retention-cleanup, GET} route[39m[38;5;3m +0ms[39m

[1A[2K[2m[WebServer] [22m[32m[Nest] 40172  - [39m12/17/2025, 4:29:53 PM [32m    LOG[39m [38;5;3m[RouterExplorer] [39m[32mMapped {/recruitment/onboarding/employee/:employeeId, GET} route[39m[38;5;3m +0ms[39m

[1A[2K[2m[WebServer] [22m[32m[Nest] 40172  - [39m12/17/2025, 4:29:53 PM [32m    LOG[39m [38;5;3m[RouterExplorer] [39m[32mMapped {/recruitment/onboarding/all, GET} route[39m[38;5;3m +0ms[39m

[1A[2K[2m[WebServer] [22m[32m[Nest] 40172  - [39m12/17/2025, 4:29:53 PM [32m    LOG[39m [38;5;3m[RouterExplorer] [39m[32mMapped {/recruitment/onboarding/:onboardingId/tasks, PATCH} route[39m[38;5;3m +1ms[39m

[1A[2K[2m[WebServer] [22m[32m[Nest] 40172  - [39m12/17/2025, 4:29:53 PM [32m    LOG[39m [38;5;3m[RouterExplorer] [39m[32mMapped {/recruitment/onboarding/:onboardingId/documents, POST} route[39m[38;5;3m +0ms[39m

[1A[2K[2m[WebServer] [22m[32m[Nest] 40172  - [39m12/17/2025, 4:29:53 PM [32m    LOG[39m [38;5;3m[RoutesResolver] [39m[32mLeavesController {/leaves}:[39m[38;5;3m +0ms[39m

[1A[2K[2m[WebServer] [22m[32m[Nest] 40172  - [39m12/17/2025, 4:29:53 PM [32m    LOG[39m [38;5;3m[RoutesResolver] [39m[32mHrLeaveController {/leaves/hr}:[39m[38;5;3m +0ms[39m

[1A[2K[2m[WebServer] [22m[32m[Nest] 40172  - [39m12/17/2025, 4:29:53 PM [32m    LOG[39m [38;5;3m[RouterExplorer] [39m[32mMapped {/leaves/hr/types, GET} route[39m[38;5;3m +0ms[39m

[1A[2K[2m[WebServer] [22m[32m[Nest] 40172  - [39m12/17/2025, 4:29:53 PM [32m    LOG[39m [38;5;3m[RouterExplorer] [39m[32mMapped {/leaves/hr/types, POST} route[39m[38;5;3m +0ms[39m

[1A[2K[2m[WebServer] [22m[32m[Nest] 40172  - [39m12/17/2025, 4:29:53 PM [32m    LOG[39m [38;5;3m[RouterExplorer] [39m[32mMapped {/leaves/hr/types/:id, PUT} route[39m[38;5;3m +1ms[39m

[1A[2K[2m[WebServer] [22m[32m[Nest] 40172  - [39m12/17/2025, 4:29:53 PM [32m    LOG[39m [38;5;3m[RouterExplorer] [39m[32mMapped {/leaves/hr/types/:id, DELETE} route[39m[38;5;3m +0ms[39m

[1A[2K[2m[WebServer] [22m[32m[Nest] 40172  - [39m12/17/2025, 4:29:53 PM [32m    LOG[39m [38;5;3m[RouterExplorer] [39m[32mMapped {/leaves/hr/entitlements, GET} route[39m[38;5;3m +0ms[39m

[1A[2K[2m[WebServer] [22m[32m[Nest] 40172  - [39m12/17/2025, 4:29:53 PM [32m    LOG[39m [38;5;3m[RouterExplorer] [39m[32mMapped {/leaves/hr/entitlements, POST} route[39m[38;5;3m +0ms[39m

[1A[2K[2m[WebServer] [22m[32m[Nest] 40172  - [39m12/17/2025, 4:29:53 PM [32m    LOG[39m [38;5;3m[RouterExplorer] [39m[32mMapped {/leaves/hr/balances, GET} route[39m[38;5;3m +0ms[39m

[1A[2K[2m[WebServer] [22m[32m[Nest] 40172  - [39m12/17/2025, 4:29:53 PM [32m    LOG[39m [38;5;3m[RouterExplorer] [39m[32mMapped {/leaves/hr/balances, POST} route[39m[38;5;3m +0ms[39m

[1A[2K[2m[WebServer] [22m[32m[Nest] 40172  - [39m12/17/2025, 4:29:53 PM [32m    LOG[39m [38;5;3m[RouterExplorer] [39m[32mMapped {/leaves/hr/dashboard, GET} route[39m[38;5;3m +0ms[39m

[1A[2K[2m[WebServer] [22m[32m[Nest] 40172  - [39m12/17/2025, 4:29:53 PM [32m    LOG[39m [38;5;3m[RouterExplorer] [39m[32mMapped {/leaves/hr/approvals, GET} route[39m[38;5;3m +0ms[39m

[1A[2K[2m[WebServer] [22m[32m[Nest] 40172  - [39m12/17/2025, 4:29:53 PM [32m    LOG[39m [38;5;3m[RoutesResolver] [39m[32mRequestsController {/leaves/requests}:[39m[38;5;3m +0ms[39m

[1A[2K[2m[WebServer] [22m[32m[Nest] 40172  - [39m12/17/2025, 4:29:53 PM [32m    LOG[39m [38;5;3m[RouterExplorer] [39m[32mMapped {/leaves/requests/bulk-process, POST} route[39m[38;5;3m +1ms[39m

[1A[2K[2m[WebServer] [22m[32m[Nest] 40172  - [39m12/17/2025, 4:29:53 PM [32m    LOG[39m [38;5;3m[RouterExplorer] [39m[32mMapped {/leaves/requests/check-overlap, GET} route[39m[38;5;3m +0ms[39m

[1A[2K[2m[WebServer] [22m[32m[Nest] 40172  - [39m12/17/2025, 4:29:53 PM [32m    LOG[39m [38;5;3m[RouterExplorer] [39m[32mMapped {/leaves/requests/me, GET} route[39m[38;5;3m +0ms[39m

[1A[2K[2m[WebServer] [22m[32m[Nest] 40172  - [39m12/17/2025, 4:29:53 PM [32m    LOG[39m [38;5;3m[RouterExplorer] [39m[32mMapped {/leaves/requests/team, GET} route[39m[38;5;3m +0ms[39m

[1A[2K[2m[WebServer] [22m[32m[Nest] 40172  - [39m12/17/2025, 4:29:53 PM [32m    LOG[39m [38;5;3m[RouterExplorer] [39m[32mMapped {/leaves/requests, GET} route[39m[38;5;3m +0ms[39m

[1A[2K[2m[WebServer] [22m[32m[Nest] 40172  - [39m12/17/2025, 4:29:53 PM [32m    LOG[39m [38;5;3m[RouterExplorer] [39m[32mMapped {/leaves/requests, POST} route[39m[38;5;3m +0ms[39m

[1A[2K[2m[WebServer] [22m[32m[Nest] 40172  - [39m12/17/2025, 4:29:53 PM [32m    LOG[39m [38;5;3m[RouterExplorer] [39m[32mMapped {/leaves/requests/:id/cancel, DELETE} route[39m[38;5;3m +0ms[39m

[1A[2K[2m[WebServer] [22m[32m[Nest] 40172  - [39m12/17/2025, 4:29:53 PM [32m    LOG[39m [38;5;3m[RouterExplorer] [39m[32mMapped {/leaves/requests/:id/verify-medical, GET} route[39m[38;5;3m +0ms[39m

[1A[2K[2m[WebServer] [22m[32m[Nest] 40172  - [39m12/17/2025, 4:29:53 PM [32m    LOG[39m [38;5;3m[RouterExplorer] [39m[32mMapped {/leaves/requests/:id/integration-details, GET} route[39m[38;5;3m +1ms[39m

[1A[2K[2m[WebServer] [22m[32m[Nest] 40172  - [39m12/17/2025, 4:29:53 PM [32m    LOG[39m [38;5;3m[RouterExplorer] [39m[32mMapped {/leaves/requests/:id/manager-approve, POST} route[39m[38;5;3m +0ms[39m

[1A[2K[2m[WebServer] [22m[32m[Nest] 40172  - [39m12/17/2025, 4:29:53 PM [32m    LOG[39m [38;5;3m[RouterExplorer] [39m[32mMapped {/leaves/requests/:id/manager-reject, POST} route[39m[38;5;3m +0ms[39m

[1A[2K[2m[WebServer] [22m[32m[Nest] 40172  - [39m12/17/2025, 4:29:53 PM [32m    LOG[39m [38;5;3m[RouterExplorer] [39m[32mMapped {/leaves/requests/:id/return-for-correction, POST} route[39m[38;5;3m +0ms[39m

[1A[2K[2m[WebServer] [22m[32m[Nest] 40172  - [39m12/17/2025, 4:29:53 PM [32m    LOG[39m [38;5;3m[RouterExplorer] [39m[32mMapped {/leaves/requests/:id/resubmit, POST} route[39m[38;5;3m +0ms[39m

[1A[2K[2m[WebServer] [22m[32m[Nest] 40172  - [39m12/17/2025, 4:29:53 PM [32m    LOG[39m [38;5;3m[RouterExplorer] [39m[32mMapped {/leaves/requests/:id/hr-finalize, POST} route[39m[38;5;3m +0ms[39m

[1A[2K[2m[WebServer] [22m[32m[Nest] 40172  - [39m12/17/2025, 4:29:53 PM [32m    LOG[39m [38;5;3m[RouterExplorer] [39m[32mMapped {/leaves/requests/:id/hr-override, POST} route[39m[38;5;3m +1ms[39m

[1A[2K[2m[WebServer] [22m[32m[Nest] 40172  - [39m12/17/2025, 4:29:53 PM [32m    LOG[39m [38;5;3m[RouterExplorer] [39m[32mMapped {/leaves/requests/:id, PATCH} route[39m[38;5;3m +0ms[39m

[1A[2K[2m[WebServer] [22m[32m[Nest] 40172  - [39m12/17/2025, 4:29:53 PM [32m    LOG[39m [38;5;3m[RoutesResolver] [39m[32mTrackingController {/leaves/tracking}:[39m[38;5;3m +0ms[39m

[1A[2K[2m[WebServer] [22m[32m[Nest] 40172  - [39m12/17/2025, 4:29:53 PM [32m    LOG[39m [38;5;3m[RouterExplorer] [39m[32mMapped {/leaves/tracking/me/balances, GET} route[39m[38;5;3m +0ms[39m

[1A[2K[2m[WebServer] [22m[32m[Nest] 40172  - [39m12/17/2025, 4:29:53 PM [32m    LOG[39m [38;5;3m[RouterExplorer] [39m[32mMapped {/leaves/tracking/me/history, GET} route[39m[38;5;3m +0ms[39m

[1A[2K[2m[WebServer] [22m[32m[Nest] 40172  - [39m12/17/2025, 4:29:53 PM [32m    LOG[39m [38;5;3m[RouterExplorer] [39m[32mMapped {/leaves/tracking/team/balances, GET} route[39m[38;5;3m +0ms[39m

[1A[2K[2m[WebServer] [22m[32m[Nest] 40172  - [39m12/17/2025, 4:29:53 PM [32m    LOG[39m [38;5;3m[RouterExplorer] [39m[32mMapped {/leaves/tracking/team/history, GET} route[39m[38;5;3m +0ms[39m

[1A[2K[2m[WebServer] [22m[32m[Nest] 40172  - [39m12/17/2025, 4:29:53 PM [32m    LOG[39m [38;5;3m[RouterExplorer] [39m[32mMapped {/leaves/tracking/flag-irregular, POST} route[39m[38;5;3m +1ms[39m

[1A[2K[2m[WebServer] [22m[32m[Nest] 40172  - [39m12/17/2025, 4:29:53 PM [32m    LOG[39m [38;5;3m[RouterExplorer] [39m[32mMapped {/leaves/tracking/run-accrual, POST} route[39m[38;5;3m +0ms[39m

[1A[2K[2m[WebServer] [22m[32m[Nest] 40172  - [39m12/17/2025, 4:29:53 PM [32m    LOG[39m [38;5;3m[RouterExplorer] [39m[32mMapped {/leaves/tracking/run-carry-forward, POST} route[39m[38;5;3m +0ms[39m

[1A[2K[2m[WebServer] [22m[32m[Nest] 40172  - [39m12/17/2025, 4:29:53 PM [32m    LOG[39m [38;5;3m[RoutesResolver] [39m[32mLeaveTypeController {/leave-types}:[39m[38;5;3m +0ms[39m

[1A[2K[2m[WebServer] [22m[32m[Nest] 40172  - [39m12/17/2025, 4:29:53 PM [32m    LOG[39m [38;5;3m[RouterExplorer] [39m[32mMapped {/leave-types, GET} route[39m[38;5;3m +0ms[39m

[1A[2K[2m[WebServer] [22m[32m[Nest] 40172  - [39m12/17/2025, 4:29:53 PM [32m    LOG[39m [38;5;3m[RouterExplorer] [39m[32mMapped {/leave-types, POST} route[39m[38;5;3m +0ms[39m

[1A[2K[2m[WebServer] [22m[32m[Nest] 40172  - [39m12/17/2025, 4:29:53 PM [32m    LOG[39m [38;5;3m[RouterExplorer] [39m[32mMapped {/leave-types/:id, GET} route[39m[38;5;3m +0ms[39m

[1A[2K[2m[WebServer] [22m[32m[Nest] 40172  - [39m12/17/2025, 4:29:53 PM [32m    LOG[39m [38;5;3m[RouterExplorer] [39m[32mMapped {/leave-types/:id, PATCH} route[39m[38;5;3m +1ms[39m

[1A[2K[2m[WebServer] [22m[32m[Nest] 40172  - [39m12/17/2025, 4:29:53 PM [32m    LOG[39m [38;5;3m[RouterExplorer] [39m[32mMapped {/leave-types/:id, DELETE} route[39m[38;5;3m +0ms[39m

[1A[2K[2m[WebServer] [22m[32m[Nest] 40172  - [39m12/17/2025, 4:29:53 PM [32m    LOG[39m [38;5;3m[RoutesResolver] [39m[32mLeavePolicyController {/leave-policies}:[39m[38;5;3m +0ms[39m

[1A[2K[2m[WebServer] [22m[32m[Nest] 40172  - [39m12/17/2025, 4:29:53 PM [32m    LOG[39m [38;5;3m[RouterExplorer] [39m[32mMapped {/leave-policies, GET} route[39m[38;5;3m +0ms[39m

[1A[2K[2m[WebServer] [22m[32m[Nest] 40172  - [39m12/17/2025, 4:29:53 PM [32m    LOG[39m [38;5;3m[RouterExplorer] [39m[32mMapped {/leave-policies, POST} route[39m[38;5;3m +0ms[39m

[1A[2K[2m[WebServer] [22m[32m[Nest] 40172  - [39m12/17/2025, 4:29:53 PM [32m    LOG[39m [38;5;3m[RouterExplorer] [39m[32mMapped {/leave-policies/:id, GET} route[39m[38;5;3m +0ms[39m

[1A[2K[2m[WebServer] [22m[32m[Nest] 40172  - [39m12/17/2025, 4:29:53 PM [32m    LOG[39m [38;5;3m[RouterExplorer] [39m[32mMapped {/leave-policies/:id, PATCH} route[39m[38;5;3m +1ms[39m

[1A[2K[2m[WebServer] [22m[32m[Nest] 40172  - [39m12/17/2025, 4:29:53 PM [32m    LOG[39m [38;5;3m[RouterExplorer] [39m[32mMapped {/leave-policies/:id, DELETE} route[39m[38;5;3m +0ms[39m

[1A[2K[2m[WebServer] [22m[32m[Nest] 40172  - [39m12/17/2025, 4:29:53 PM [32m    LOG[39m [38;5;3m[RoutesResolver] [39m[32mLeaveCategoryController {/leave-categories}:[39m[38;5;3m +0ms[39m

[1A[2K[2m[WebServer] [22m[32m[Nest] 40172  - [39m12/17/2025, 4:29:53 PM [32m    LOG[39m [38;5;3m[RouterExplorer] [39m[32mMapped {/leave-categories, GET} route[39m[38;5;3m +0ms[39m

[1A[2K[2m[WebServer] [22m[32m[Nest] 40172  - [39m12/17/2025, 4:29:53 PM [32m    LOG[39m [38;5;3m[RoutesResolver] [39m[32mCalendarsController {/leaves/calendars}:[39m[38;5;3m +0ms[39m

[1A[2K[2m[WebServer] [22m[32m[Nest] 40172  - [39m12/17/2025, 4:29:53 PM [32m    LOG[39m [38;5;3m[RouterExplorer] [39m[32mMapped {/leaves/calendars/working-days, GET} route[39m[38;5;3m +0ms[39m

[1A[2K[2m[WebServer] [22m[32m[Nest] 40172  - [39m12/17/2025, 4:29:53 PM [32m    LOG[39m [38;5;3m[RouterExplorer] [39m[32mMapped {/leaves/calendars/check-blocked-periods, GET} route[39m[38;5;3m +1ms[39m

[1A[2K[2m[WebServer] [22m[32m[Nest] 40172  - [39m12/17/2025, 4:29:53 PM [32m    LOG[39m [38;5;3m[RouterExplorer] [39m[32mMapped {/leaves/calendars/blocked-periods, GET} route[39m[38;5;3m +0ms[39m

[1A[2K[2m[WebServer] [22m[32m[Nest] 40172  - [39m12/17/2025, 4:29:53 PM [32m    LOG[39m [38;5;3m[RouterExplorer] [39m[32mMapped {/leaves/calendars/blocked-periods, POST} route[39m[38;5;3m +0ms[39m

[1A[2K[2m[WebServer] [22m[32m[Nest] 40172  - [39m12/17/2025, 4:29:53 PM [32m    LOG[39m [38;5;3m[RouterExplorer] [39m[32mMapped {/leaves/calendars/blocked-periods/:id, DELETE} route[39m[38;5;3m +0ms[39m

[1A[2K[2m[WebServer] [22m[32m[Nest] 40172  - [39m12/17/2025, 4:29:53 PM [32m    LOG[39m [38;5;3m[RouterExplorer] [39m[32mMapped {/leaves/calendars, GET} route[39m[38;5;3m +0ms[39m

[1A[2K[2m[WebServer] [22m[32m[Nest] 40172  - [39m12/17/2025, 4:29:53 PM [32m    LOG[39m [38;5;3m[RouterExplorer] [39m[32mMapped {/leaves/calendars, POST} route[39m[38;5;3m +1ms[39m

[1A[2K[2m[WebServer] [22m[32m[Nest] 40172  - [39m12/17/2025, 4:29:53 PM [32m    LOG[39m [38;5;3m[RouterExplorer] [39m[32mMapped {/leaves/calendars/:id, GET} route[39m[38;5;3m +0ms[39m

[1A[2K[2m[WebServer] [22m[32m[Nest] 40172  - [39m12/17/2025, 4:29:53 PM [32m    LOG[39m [38;5;3m[RouterExplorer] [39m[32mMapped {/leaves/calendars/:id, PUT} route[39m[38;5;3m +0ms[39m

[1A[2K[2m[WebServer] [22m[32m[Nest] 40172  - [39m12/17/2025, 4:29:53 PM [32m    LOG[39m [38;5;3m[RouterExplorer] [39m[32mMapped {/leaves/calendars/:id, DELETE} route[39m[38;5;3m +0ms[39m

[1A[2K[2m[WebServer] [22m[32m[Nest] 40172  - [39m12/17/2025, 4:29:53 PM [32m    LOG[39m [38;5;3m[RoutesResolver] [39m[32mShiftTypeController {/shift-types}:[39m[38;5;3m +0ms[39m

[1A[2K[2m[WebServer] [22m[32m[Nest] 40172  - [39m12/17/2025, 4:29:53 PM [32m    LOG[39m [38;5;3m[RouterExplorer] [39m[32mMapped {/shift-types, POST} route[39m[38;5;3m +0ms[39m

[1A[2K[2m[WebServer] [22m[32m[Nest] 40172  - [39m12/17/2025, 4:29:53 PM [32m    LOG[39m [38;5;3m[RouterExplorer] [39m[32mMapped {/shift-types, GET} route[39m[38;5;3m +0ms[39m

[1A[2K[2m[WebServer] [22m[32m[Nest] 40172  - [39m12/17/2025, 4:29:53 PM [32m    LOG[39m [38;5;3m[RouterExplorer] [39m[32mMapped {/shift-types/:id, PATCH} route[39m[38;5;3m +0ms[39m

[1A[2K[2m[WebServer] [22m[32m[Nest] 40172  - [39m12/17/2025, 4:29:53 PM [32m    LOG[39m [38;5;3m[RoutesResolver] [39m[32mShiftController {/shifts}:[39m[38;5;3m +1ms[39m

[1A[2K[2m[WebServer] [22m[32m[Nest] 40172  - [39m12/17/2025, 4:29:53 PM [32m    LOG[39m [38;5;3m[RouterExplorer] [39m[32mMapped {/shifts, POST} route[39m[38;5;3m +0ms[39m

[1A[2K[2m[WebServer] [22m[32m[Nest] 40172  - [39m12/17/2025, 4:29:53 PM [32m    LOG[39m [38;5;3m[RouterExplorer] [39m[32mMapped {/shifts, GET} route[39m[38;5;3m +0ms[39m

[1A[2K[2m[WebServer] [22m[32m[Nest] 40172  - [39m12/17/2025, 4:29:53 PM [32m    LOG[39m [38;5;3m[RouterExplorer] [39m[32mMapped {/shifts/:id, GET} route[39m[38;5;3m +0ms[39m

[1A[2K[2m[WebServer] [22m[32m[Nest] 40172  - [39m12/17/2025, 4:29:53 PM [32m    LOG[39m [38;5;3m[RouterExplorer] [39m[32mMapped {/shifts/:id, PATCH} route[39m[38;5;3m +0ms[39m

[1A[2K[2m[WebServer] [22m[32m[Nest] 40172  - [39m12/17/2025, 4:29:53 PM [32m    LOG[39m [38;5;3m[RoutesResolver] [39m[32mScheduleRuleController {/schedule-rules}:[39m[38;5;3m +0ms[39m

[1A[2K[2m[WebServer] [22m[32m[Nest] 40172  - [39m12/17/2025, 4:29:53 PM [32m    LOG[39m [38;5;3m[RouterExplorer] [39m[32mMapped {/schedule-rules, POST} route[39m[38;5;3m +0ms[39m

[1A[2K[2m[WebServer] [22m[32m[Nest] 40172  - [39m12/17/2025, 4:29:53 PM [32m    LOG[39m [38;5;3m[RouterExplorer] [39m[32mMapped {/schedule-rules, GET} route[39m[38;5;3m +0ms[39m

[1A[2K[2m[WebServer] [22m[32m[Nest] 40172  - [39m12/17/2025, 4:29:53 PM [32m    LOG[39m [38;5;3m[RouterExplorer] [39m[32mMapped {/schedule-rules/:id, PATCH} route[39m[38;5;3m +0ms[39m

[1A[2K[2m[WebServer] [22m[32m[Nest] 40172  - [39m12/17/2025, 4:29:53 PM [32m    LOG[39m [38;5;3m[RoutesResolver] [39m[32mShiftAssignmentController {/shift-assignments}:[39m[38;5;3m +0ms[39m

[1A[2K[2m[WebServer] [22m[32m[Nest] 40172  - [39m12/17/2025, 4:29:53 PM [32m    LOG[39m [38;5;3m[RouterExplorer] [39m[32mMapped {/shift-assignments, POST} route[39m[38;5;3m +1ms[39m

[1A[2K[2m[WebServer] [22m[32m[Nest] 40172  - [39m12/17/2025, 4:29:53 PM [32m    LOG[39m [38;5;3m[RouterExplorer] [39m[32mMapped {/shift-assignments, GET} route[39m[38;5;3m +0ms[39m

[1A[2K[2m[WebServer] [22m[32m[Nest] 40172  - [39m12/17/2025, 4:29:53 PM [32m    LOG[39m [38;5;3m[RouterExplorer] [39m[32mMapped {/shift-assignments/employee/:employeeId, GET} route[39m[38;5;3m +0ms[39m

[1A[2K[2m[WebServer] [22m[32m[Nest] 40172  - [39m12/17/2025, 4:29:53 PM [32m    LOG[39m [38;5;3m[RouterExplorer] [39m[32mMapped {/shift-assignments/:id, PATCH} route[39m[38;5;3m +0ms[39m

[1A[2K[2m[WebServer] [22m[32m[Nest] 40172  - [39m12/17/2025, 4:29:53 PM [32m    LOG[39m [38;5;3m[RoutesResolver] [39m[32mExceptionsController {/time-management/exceptions}:[39m[38;5;3m +0ms[39m

[1A[2K[2m[WebServer] [22m[32m[Nest] 40172  - [39m12/17/2025, 4:29:53 PM [32m    LOG[39m [38;5;3m[RouterExplorer] [39m[32mMapped {/time-management/exceptions, POST} route[39m[38;5;3m +0ms[39m

[1A[2K[2m[WebServer] [22m[32m[Nest] 40172  - [39m12/17/2025, 4:29:53 PM [32m    LOG[39m [38;5;3m[RouterExplorer] [39m[32mMapped {/time-management/exceptions, GET} route[39m[38;5;3m +0ms[39m

[1A[2K[2m[WebServer] [22m[32m[Nest] 40172  - [39m12/17/2025, 4:29:53 PM [32m    LOG[39m [38;5;3m[RouterExplorer] [39m[32mMapped {/time-management/exceptions/:id, GET} route[39m[38;5;3m +0ms[39m

[1A[2K[2m[WebServer] [22m[32m[Nest] 40172  - [39m12/17/2025, 4:29:53 PM [32m    LOG[39m [38;5;3m[RouterExplorer] [39m[32mMapped {/time-management/exceptions/:id/status, PUT} route[39m[38;5;3m +0ms[39m

[1A[2K[2m[WebServer] [22m[32m[Nest] 40172  - [39m12/17/2025, 4:29:53 PM [32m    LOG[39m [38;5;3m[RoutesResolver] [39m[32mHolidaysController {/time-management/holidays}:[39m[38;5;3m +0ms[39m

[1A[2K[2m[WebServer] [22m[32m[Nest] 40172  - [39m12/17/2025, 4:29:53 PM [32m    LOG[39m [38;5;3m[RouterExplorer] [39m[32mMapped {/time-management/holidays, POST} route[39m[38;5;3m +0ms[39m

[1A[2K[2m[WebServer] [22m[32m[Nest] 40172  - [39m12/17/2025, 4:29:53 PM [32m    LOG[39m [38;5;3m[RouterExplorer] [39m[32mMapped {/time-management/holidays, GET} route[39m[38;5;3m +0ms[39m

[1A[2K[2m[WebServer] [22m[32m[Nest] 40172  - [39m12/17/2025, 4:29:53 PM [32m    LOG[39m [38;5;3m[RouterExplorer] [39m[32mMapped {/time-management/holidays/:id, GET} route[39m[38;5;3m +0ms[39m

[1A[2K[2m[WebServer] [22m[32m[Nest] 40172  - [39m12/17/2025, 4:29:53 PM [32m    LOG[39m [38;5;3m[RouterExplorer] [39m[32mMapped {/time-management/holidays/:id, PUT} route[39m[38;5;3m +0ms[39m

[1A[2K[2m[WebServer] [22m[32m[Nest] 40172  - [39m12/17/2025, 4:29:53 PM [32m    LOG[39m [38;5;3m[RouterExplorer] [39m[32mMapped {/time-management/holidays/:id, DELETE} route[39m[38;5;3m +0ms[39m

[1A[2K[2m[WebServer] [22m[32m[Nest] 40172  - [39m12/17/2025, 4:29:53 PM [32m    LOG[39m [38;5;3m[RoutesResolver] [39m[32mReportingController {/time-management/reports}:[39m[38;5;3m +0ms[39m

[1A[2K[2m[WebServer] [22m[32m[Nest] 40172  - [39m12/17/2025, 4:29:53 PM [32m    LOG[39m [38;5;3m[RouterExplorer] [39m[32mMapped {/time-management/reports/exceptions-summary, GET} route[39m[38;5;3m +0ms[39m

[1A[2K[2m[WebServer] [22m[32m[Nest] 40172  - [39m12/17/2025, 4:29:53 PM [32m    LOG[39m [38;5;3m[RouterExplorer] [39m[32mMapped {/time-management/reports/overtime-summary, GET} route[39m[38;5;3m +0ms[39m

[1A[2K[2m[WebServer] [22m[32m[Nest] 40172  - [39m12/17/2025, 4:29:53 PM [32m    LOG[39m [38;5;3m[RouterExplorer] [39m[32mMapped {/time-management/reports/lateness-summary, GET} route[39m[38;5;3m +1ms[39m

[1A[2K[2m[WebServer] [22m[32m[Nest] 40172  - [39m12/17/2025, 4:29:53 PM [32m    LOG[39m [38;5;3m[RouterExplorer] [39m[32mMapped {/time-management/reports/dashboard-kpis, GET} route[39m[38;5;3m +0ms[39m

[1A[2K[2m[WebServer] [22m[32m[Nest] 40172  - [39m12/17/2025, 4:29:53 PM [32m    LOG[39m [38;5;3m[RoutesResolver] [39m[32mTimeManagementController {/time-management}:[39m[38;5;3m +0ms[39m
[2m[WebServer] [22m[32m[Nest] 40172  - [39m12/17/2025, 4:29:53 PM [32m    LOG[39m [38;5;3m[RoutesResolver] [39m[32mAttendanceController {/attendance}:[39m[38;5;3m +0ms[39m

[1A[2K[2m[WebServer] [22m[32m[Nest] 40172  - [39m12/17/2025, 4:29:53 PM [32m    LOG[39m [38;5;3m[RouterExplorer] [39m[32mMapped {/attendance/:employeeId, GET} route[39m[38;5;3m +0ms[39m

[1A[2K[2m[WebServer] [22m[32m[Nest] 40172  - [39m12/17/2025, 4:29:53 PM [32m    LOG[39m [38;5;3m[RouterExplorer] [39m[32mMapped {/attendance/punch, POST} route[39m[38;5;3m +0ms[39m

[1A[2K[2m[WebServer] [22m[32m[Nest] 40172  - [39m12/17/2025, 4:29:53 PM [32m    LOG[39m [38;5;3m[RoutesResolver] [39m[32mEntitlementController {/leaves/entitlements}:[39m[38;5;3m +0ms[39m

[1A[2K[2m[WebServer] [22m[32m[Nest] 40172  - [39m12/17/2025, 4:29:53 PM [32m    LOG[39m [38;5;3m[RouterExplorer] [39m[32mMapped {/leaves/entitlements/assign, POST} route[39m[38;5;3m +0ms[39m

[1A[2K[2m[WebServer] [22m[32m[Nest] 40172  - [39m12/17/2025, 4:29:53 PM [32m    LOG[39m [38;5;3m[RouterExplorer] [39m[32mMapped {/leaves/entitlements/manual-adjustment, POST} route[39m[38;5;3m +1ms[39m

[1A[2K[2m[WebServer] [22m[32m[Nest] 40172  - [39m12/17/2025, 4:29:53 PM [32m    LOG[39m [38;5;3m[RouterExplorer] [39m[32mMapped {/leaves/entitlements, POST} route[39m[38;5;3m +0ms[39m

[1A[2K[2m[WebServer] [22m[32m[Nest] 40172  - [39m12/17/2025, 4:29:53 PM [32m    LOG[39m [38;5;3m[RouterExplorer] [39m[32mMapped {/leaves/entitlements/:id, PATCH} route[39m[38;5;3m +0ms[39m

[1A[2K[2m[WebServer] [22m[32m[Nest] 40172  - [39m12/17/2025, 4:29:53 PM [32m    LOG[39m [38;5;3m[NestApplication] [39m[32mNest application successfully started[39m[38;5;3m +18ms[39m

[1A[2K[2m[WebServer] [22m≡ƒÜÇ Application is running on: http://localhost:5000


Running 35 tests using 1 worker

[1A[2K[1/35] [chromium] ΓÇ║ leave-tests.spec.ts:220:7 ΓÇ║ ≡ƒºæ EMPLOYEE 1 (EMP-1026 - Engineering) - All Scenarios ΓÇ║ Γ£à A1-A6: Dashboard shows correct balances and stats
[1A[2K[chromium] ΓÇ║ leave-tests.spec.ts:220:7 ΓÇ║ ≡ƒºæ EMPLOYEE 1 (EMP-1026 - Engineering) - All Scenarios ΓÇ║ Γ£à A1-A6: Dashboard shows correct balances and stats
≡ƒöÉ Logging in as: engemp1.work@example.com

[1A[2K[2m[WebServer] [22m GET /login [32m200[39m in 461ms[2m (compile: 354ms, render: 107ms)[22m

[1A[2K[2m[WebServer] [22m≡ƒöÑ JwtAuthGuard: canActivate CALLED

[1A[2K[2m[WebServer] [22m≡ƒöì JWT Extractor - All cookies: [Object: null prototype] {}

[1A[2K[2m[WebServer] [22m≡ƒöì JWT Extractor - Headers: [90mundefined[39m
[2m[WebServer] [22m≡ƒöì JWT Extractor - accessToken: NOT FOUND

[1A[2K[2m[WebServer] [22m≡ƒöÑ JwtAuthGuard: handleRequest() {
[2m[WebServer] [22m  err: [1mnull[22m,
[2m[WebServer] [22m  user: [33mfalse[39m,
[2m[WebServer] [22m  info: Error: No auth token
[2m[WebServer] [22m      at JwtStrategy.authenticate [90m(C:\Users\Bedon\Desktop\semester-5-software-project\backend\[39mnode_modules\[4mpassport-jwt[24m\lib\strategy.js:96:26[90m)[39m
[2m[WebServer] [22m      at attempt [90m(C:\Users\Bedon\Desktop\semester-5-software-project\backend\[39mnode_modules\[4mpassport[24m\lib\middleware\authenticate.js:378:16[90m)[39m
[2m[WebServer] [22m      at authenticate [90m(C:\Users\Bedon\Desktop\semester-5-software-project\backend\[39mnode_modules\[4mpassport[24m\lib\middleware\authenticate.js:379:7[90m)[39m
[2m[WebServer] [22m      at [90mC:\Users\Bedon\Desktop\semester-5-software-project\backend\[39mnode_modules\[4m@nestjs[24m\passport\dist\auth.guard.js:88:3
[2m[WebServer] [22m      at new Promise (<anonymous>)
[2m[WebServer] [22m      at [90mC:\Users\Bedon\Desktop\semester-5-software-project\backend\[39mnode_modules\[4m@nestjs[24m\passport\dist\auth.guard.js:80:83
[2m[WebServer] [22m      at JwtAuthGuard.canActivate [90m(C:\Users\Bedon\Desktop\semester-5-software-project\backend\[39mnode_modules\[4m@nestjs[24m\passport\dist\auth.guard.js:44:32[90m)[39m
[2m[WebServer] [22m  [90m    at process.processTicksAndRejections (node:internal/process/task_queues:105:5)[39m
[2m[WebServer] [22m}

[1A[2K[2m[WebServer] [22mΓ¥î JwtAuthGuard INFO: Error: No auth token
[2m[WebServer] [22m    at JwtStrategy.authenticate 
[90m(C:\Users\Bedon\Desktop\semester-5-software-project\backend\[39mnode_modules\[4mpassport-jwt[24m\lib\strategy.js:96:26[90m)[39m
[2m[WebServer] [22m    at attempt 
[90m(C:\Users\Bedon\Desktop\semester-5-software-project\backend\[39mnode_modules\[4mpassport[24m\lib\middleware\authenticate.js:378:16[90m)[39m
[2m[WebServer] [22m    at authenticate 
[90m(C:\Users\Bedon\Desktop\semester-5-software-project\backend\[39mnode_modules\[4mpassport[24m\lib\middleware\authenticate.js:379:7[90m)[39m
[2m[WebServer] [22m    at [90mC:\Users\Bedon\Desktop\semester-5-software-project\backend\[39mnode_modules\[4m@nestjs[24m\passport\dist\auth.guard.js:88:3
[2m[WebServer] [22m    at new Promise (<anonymous>)
[2m[WebServer] [22m    at 
[90mC:\Users\Bedon\Desktop\semester-5-software-project\backend\[39mnode_modules\[4m@nestjs[24m\passport\dist\auth.guard.js:80:83
[2m[WebServer] [22m    at JwtAuthGuard.canActivate 
[90m(C:\Users\Bedon\Desktop\semester-5-software-project\backend\[39mnode_modules\[4m@nestjs[24m\passport\dist\auth.guard.js:44:32[90m)[39m
[2m[WebServer] [22m[90m    at process.processTicksAndRejections (node:internal/process/task_queues:105:5)[39m

[1A[2K[2m[WebServer] [22mΓ¥î JwtAuthGuard FAILING ΓåÆ No auth token

[1A[2K[2m[WebServer] [22mVALIDATE EMPLOYEE - systemRole = {
[2m[WebServer] [22m  _id: new ObjectId([32m'6929e2de934d8e079e6f55b8'[39m),
[2m[WebServer] [22m  employeeProfileId: new ObjectId([32m'6929e2de934d8e079e6f55b6'[39m),
[2m[WebServer] [22m  roles: [ [32m'department employee'[39m ],
[2m[WebServer] [22m  permissions: [],
[2m[WebServer] [22m  isActive: [33mtrue[39m,
[2m[WebServer] [22m  createdAt: [35m2025-11-28T17:58:54.894Z[39m,
[2m[WebServer] [22m  updatedAt: [35m2025-11-28T17:58:54.894Z[39m,
[2m[WebServer] [22m  __v: [33m0[39m
[2m[WebServer] [22m}

[1A[2K[2m[WebServer] [22mGenerated token: eyJhbGciOiJIUzI1NiIsInR5cCI6IkpXVCJ9.eyJzdWIiOiI2OTI5ZTJkZTkzNGQ4ZTA3OWU2ZjU1YjYiLCJ3b3JrRW1haWwiOiJlbmdlbXAxLndvcmtAZXhhbXBsZS5jb20iLCJyb2xlcyI6WyJkZXBhcnRtZW50IGVtcGxveWVlIl0sInBlcm1pc3Npb25zIjpbXSwicHJpbWFyeURlcGFydG1lbnRJZCI6IjY5Mjc1ZDhhZmMxMTg0YTNiM2U2YzU1ZiIsImVtcGxveWVlTnVtYmVyIjoiRU1QLTEwMjYiLCJpYXQiOjE3NjU5ODE3OTYsImV4cCI6MTc2NjA2ODE5Nn0.Z9x1OrAxgJ40pFgG7SJ_CUff5HR04WjQi4Jninj_S7A

[1A[2K[2m[WebServer] [22m GET /leaves [32m200[39m in 849ms[2m (compile: 803ms, render: 46ms)[22m

[1A[2KΓ£à Login successful

[1A[2K≡ƒôè Testing Dashboard Overview

[1A[2K[2m[WebServer] [22m≡ƒöÑ JwtAuthGuard: canActivate CALLED

[1A[2K[2m[WebServer] [22m≡ƒöì JWT Extractor - All cookies: {
[2m[WebServer] [22m  accessToken: [32m'eyJhbGciOiJIUzI1NiIsInR5cCI6IkpXVCJ9.eyJzdWIiOiI2OTI5ZTJkZTkzNGQ4ZTA3OWU2ZjU1YjYiLCJ3b3JrRW1haWwiOiJlbmdlbXAxLndvcmtAZXhhbXBsZS5jb20iLCJyb2xlcyI6WyJkZXBhcnRtZW50IGVtcGxveWVlIl0sInBlcm1pc3Npb25zIjpbXSwicHJpbWFyeURlcGFydG1lbnRJZCI6IjY5Mjc1ZDhhZmMxMTg0YTNiM2U2YzU1ZiIsImVtcGxveWVlTnVtYmVyIjoiRU1QLTEwMjYiLCJpYXQiOjE3NjU5ODE3OTYsImV4cCI6MTc2NjA2ODE5Nn0.Z9x1OrAxgJ40pFgG7SJ_CUff5HR04WjQi4Jninj_S7A'[39m
[2m[WebServer] [22m}

[1A[2K[2m[WebServer] [22m≡ƒöì JWT Extractor - Headers: accessToken=eyJhbGciOiJIUzI1NiIsInR5cCI6IkpXVCJ9.eyJzdWIiOiI2OTI5ZTJkZTkzNGQ4ZTA3OWU2ZjU1YjYiLCJ3b3JrRW1haWwiOiJlbmdlbXAxLndvcmtAZXhhbXBsZS5jb20iLCJyb2xlcyI6WyJkZXBhcnRtZW50IGVtcGxveWVlIl0sInBlcm1pc3Npb25zIjpbXSwicHJpbWFyeURlcGFydG1lbnRJZCI6IjY5Mjc1ZDhhZmMxMTg0YTNiM2U2YzU1ZiIsImVtcGxveWVlTnVtYmVyIjoiRU1QLTEwMjYiLCJpYXQiOjE3NjU5ODE3OTYsImV4cCI6MTc2NjA2ODE5Nn0.Z9x1OrAxgJ40pFgG7SJ_CUff5HR04WjQi4Jninj_S7A
[2m[WebServer] [22m≡ƒöì JWT Extractor - accessToken: FOUND

[1A[2K[2m[WebServer] [22mJwtStrategy VALIDATE: {
[2m[WebServer] [22m  sub: [32m'6929e2de934d8e079e6f55b6'[39m,
[2m[WebServer] [22m  workEmail: [32m'engemp1.work@example.com'[39m,
[2m[WebServer] [22m  roles: [ [32m'department employee'[39m ],
[2m[WebServer] [22m  permissions: [],
[2m[WebServer] [22m  primaryDepartmentId: [32m'69275d8afc1184a3b3e6c55f'[39m,
[2m[WebServer] [22m  employeeNumber: [32m'EMP-1026'[39m,
[2m[WebServer] [22m  iat: [33m1765981796[39m,
[2m[WebServer] [22m  exp: [33m1766068196[39m
[2m[WebServer] [22m}

[1A[2K[2m[WebServer] [22m≡ƒöÑ JwtAuthGuard: handleRequest() {
[2m[WebServer] [22m  err: [1mnull[22m,
[2m[WebServer] [22m  user: {
[2m[WebServer] [22m    id: [32m'6929e2de934d8e079e6f55b6'[39m,
[2m[WebServer] [22m    workEmail: [32m'engemp1.work@example.com'[39m,
[2m[WebServer] [22m    roles: [ [32m'department employee'[39m ],
[2m[WebServer] [22m    permissions: [],
[2m[WebServer] [22m    primaryDepartmentId: [32m'69275d8afc1184a3b3e6c55f'[39m,
[2m[WebServer] [22m    employeeNumber: [32m'EMP-1026'[39m
[2m[WebServer] [22m  },
[2m[WebServer] [22m  info: [90mundefined[39m
[2m[WebServer] [22m}
[2m[WebServer] [22mΓ£à JwtAuthGuard SUCCESS ΓåÆ user authenticated: 6929e2de934d8e079e6f55b6

[1A[2K[2m[WebServer] [22m≡ƒöÑ RolesGuard running!

[1A[2K[2m[WebServer] [22m
[2m[WebServer] [22m===== ROLE GUARD =====
[2m[WebServer] [22mRequired roles: [
[2m[WebServer] [22m  [32m'department employee'[39m,
[2m[WebServer] [22m  [32m'HR Employee'[39m,
[2m[WebServer] [22m  [32m'department head'[39m,
[2m[WebServer] [22m  [32m'HR Manager'[39m,
[2m[WebServer] [22m  [32m'HR Admin'[39m,
[2m[WebServer] [22m  [32m'System Admin'[39m
[2m[WebServer] [22m]

[1A[2K[2m[WebServer] [22mUser object: {
[2m[WebServer] [22m  id: [32m'6929e2de934d8e079e6f55b6'[39m,
[2m[WebServer] [22m  workEmail: [32m'engemp1.work@example.com'[39m,
[2m[WebServer] [22m  roles: [ [32m'department employee'[39m ],
[2m[WebServer] [22m  permissions: [],
[2m[WebServer] [22m  primaryDepartmentId: [32m'69275d8afc1184a3b3e6c55f'[39m,
[2m[WebServer] [22m  employeeNumber: [32m'EMP-1026'[39m
[2m[WebServer] [22m}
[2m[WebServer] [22mNormalized user roles: [ [32m'department employee'[39m ]

[1A[2K[2m[WebServer] [22mNormalized required roles: [
[2m[WebServer] [22m  [32m'department employee'[39m,
[2m[WebServer] [22m  [32m'hr employee'[39m,
[2m[WebServer] [22m  [32m'department head'[39m,
[2m[WebServer] [22m  [32m'hr manager'[39m,
[2m[WebServer] [22m  [32m'hr admin'[39m,
[2m[WebServer] [22m  [32m'system admin'[39m
[2m[WebServer] [22m]

[1A[2K[2m[WebServer] [22mHas required role? [33mtrue[39m
[2m[WebServer] [22mΓ£ö ACCESS GRANTED Γ£ö

[1A[2K[2m[WebServer] [22m≡ƒöì [TrackingController] getMyBalances: {
[2m[WebServer] [22m  query: [Object: null prototype] {},
[2m[WebServer] [22m  userId: [32m'6929e2de934d8e079e6f55b6'[39m
[2m[WebServer] [22m}

[1A[2K[2m[WebServer] [22m≡ƒöÑ JwtAuthGuard: canActivate CALLED

[1A[2K[2m[WebServer] [22m≡ƒöì JWT Extractor - All cookies: {
[2m[WebServer] [22m  accessToken: [32m'eyJhbGciOiJIUzI1NiIsInR5cCI6IkpXVCJ9.eyJzdWIiOiI2OTI5ZTJkZTkzNGQ4ZTA3OWU2ZjU1YjYiLCJ3b3JrRW1haWwiOiJlbmdlbXAxLndvcmtAZXhhbXBsZS5jb20iLCJyb2xlcyI6WyJkZXBhcnRtZW50IGVtcGxveWVlIl0sInBlcm1pc3Npb25zIjpbXSwicHJpbWFyeURlcGFydG1lbnRJZCI6IjY5Mjc1ZDhhZmMxMTg0YTNiM2U2YzU1ZiIsImVtcGxveWVlTnVtYmVyIjoiRU1QLTEwMjYiLCJpYXQiOjE3NjU5ODE3OTYsImV4cCI6MTc2NjA2ODE5Nn0.Z9x1OrAxgJ40pFgG7SJ_CUff5HR04WjQi4Jninj_S7A'[39m
[2m[WebServer] [22m}

[1A[2K[2m[WebServer] [22m≡ƒöì JWT Extractor - Headers: accessToken=eyJhbGciOiJIUzI1NiIsInR5cCI6IkpXVCJ9.eyJzdWIiOiI2OTI5ZTJkZTkzNGQ4ZTA3OWU2ZjU1YjYiLCJ3b3JrRW1haWwiOiJlbmdlbXAxLndvcmtAZXhhbXBsZS5jb20iLCJyb2xlcyI6WyJkZXBhcnRtZW50IGVtcGxveWVlIl0sInBlcm1pc3Npb25zIjpbXSwicHJpbWFyeURlcGFydG1lbnRJZCI6IjY5Mjc1ZDhhZmMxMTg0YTNiM2U2YzU1ZiIsImVtcGxveWVlTnVtYmVyIjoiRU1QLTEwMjYiLCJpYXQiOjE3NjU5ODE3OTYsImV4cCI6MTc2NjA2ODE5Nn0.Z9x1OrAxgJ40pFgG7SJ_CUff5HR04WjQi4Jninj_S7A
[2m[WebServer] [22m≡ƒöì JWT Extractor - accessToken: FOUND

[1A[2K[2m[WebServer] [22mJwtStrategy VALIDATE: {
[2m[WebServer] [22m  sub: [32m'6929e2de934d8e079e6f55b6'[39m,
[2m[WebServer] [22m  workEmail: [32m'engemp1.work@example.com'[39m,
[2m[WebServer] [22m  roles: [ [32m'department employee'[39m ],
[2m[WebServer] [22m  permissions: [],
[2m[WebServer] [22m  primaryDepartmentId: [32m'69275d8afc1184a3b3e6c55f'[39m,
[2m[WebServer] [22m  employeeNumber: [32m'EMP-1026'[39m,
[2m[WebServer] [22m  iat: [33m1765981796[39m,
[2m[WebServer] [22m  exp: [33m1766068196[39m
[2m[WebServer] [22m}

[1A[2K[2m[WebServer] [22m≡ƒöÑ JwtAuthGuard: handleRequest() {
[2m[WebServer] [22m  err: [1mnull[22m,
[2m[WebServer] [22m  user: {
[2m[WebServer] [22m    id: [32m'6929e2de934d8e079e6f55b6'[39m,
[2m[WebServer] [22m    workEmail: [32m'engemp1.work@example.com'[39m,
[2m[WebServer] [22m    roles: [ [32m'department employee'[39m ],
[2m[WebServer] [22m    permissions: [],
[2m[WebServer] [22m    primaryDepartmentId: [32m'69275d8afc1184a3b3e6c55f'[39m,
[2m[WebServer] [22m    employeeNumber: [32m'EMP-1026'[39m
[2m[WebServer] [22m  },
[2m[WebServer] [22m  info: [90mundefined[39m
[2m[WebServer] [22m}
[2m[WebServer] [22mΓ£à JwtAuthGuard SUCCESS ΓåÆ user authenticated: 6929e2de934d8e079e6f55b6
[2m[WebServer] [22m≡ƒöÑ RolesGuard running!
[2m[WebServer] [22m
[2m[WebServer] [22m===== ROLE GUARD =====
[2m[WebServer] [22mRequired roles: [
[2m[WebServer] [22m  [32m'department employee'[39m,
[2m[WebServer] [22m  [32m'HR Employee'[39m,
[2m[WebServer] [22m  [32m'department head'[39m,
[2m[WebServer] [22m  [32m'HR Manager'[39m,
[2m[WebServer] [22m  [32m'HR Admin'[39m,
[2m[WebServer] [22m  [32m'System Admin'[39m
[2m[WebServer] [22m]

[1A[2K[2m[WebServer] [22mUser object: {
[2m[WebServer] [22m  id: [32m'6929e2de934d8e079e6f55b6'[39m,
[2m[WebServer] [22m  workEmail: [32m'engemp1.work@example.com'[39m,
[2m[WebServer] [22m  roles: [ [32m'department employee'[39m ],
[2m[WebServer] [22m  permissions: [],
[2m[WebServer] [22m  primaryDepartmentId: [32m'69275d8afc1184a3b3e6c55f'[39m,
[2m[WebServer] [22m  employeeNumber: [32m'EMP-1026'[39m
[2m[WebServer] [22m}
[2m[WebServer] [22mNormalized user roles: [ [32m'department employee'[39m ]
[2m[WebServer] [22mNormalized required roles: [
[2m[WebServer] [22m  [32m'department employee'[39m,
[2m[WebServer] [22m  [32m'hr employee'[39m,
[2m[WebServer] [22m  [32m'department head'[39m,
[2m[WebServer] [22m  [32m'hr manager'[39m,
[2m[WebServer] [22m  [32m'hr admin'[39m,
[2m[WebServer] [22m  [32m'system admin'[39m
[2m[WebServer] [22m]
[2m[WebServer] [22mHas required role? [33mtrue[39m

[1A[2K[2m[WebServer] [22mΓ£ö ACCESS GRANTED Γ£ö

[1A[2K[2m[WebServer] [22m≡ƒöì [TrackingController] getMyHistory: {
[2m[WebServer] [22m  filters: [Object: null prototype] {},
[2m[WebServer] [22m  userId: [32m'6929e2de934d8e079e6f55b6'[39m
[2m[WebServer] [22m}

[1A[2K[2m[WebServer] [22m GET /leaves/my-leaves [32m200[39m in 771ms[2m (compile: 631ms, render: 140ms)[22m

[1A[2K[2m[WebServer] [22m≡ƒöÑ JwtAuthGuard: canActivate CALLED

[1A[2K[2m[WebServer] [22m≡ƒöì JWT Extractor - All cookies: {
[2m[WebServer] [22m  accessToken: [32m'eyJhbGciOiJIUzI1NiIsInR5cCI6IkpXVCJ9.eyJzdWIiOiI2OTI5ZTJkZTkzNGQ4ZTA3OWU2ZjU1YjYiLCJ3b3JrRW1haWwiOiJlbmdlbXAxLndvcmtAZXhhbXBsZS5jb20iLCJyb2xlcyI6WyJkZXBhcnRtZW50IGVtcGxveWVlIl0sInBlcm1pc3Npb25zIjpbXSwicHJpbWFyeURlcGFydG1lbnRJZCI6IjY5Mjc1ZDhhZmMxMTg0YTNiM2U2YzU1ZiIsImVtcGxveWVlTnVtYmVyIjoiRU1QLTEwMjYiLCJpYXQiOjE3NjU5ODE3OTYsImV4cCI6MTc2NjA2ODE5Nn0.Z9x1OrAxgJ40pFgG7SJ_CUff5HR04WjQi4Jninj_S7A'[39m
[2m[WebServer] [22m}

[1A[2K[2m[WebServer] [22m≡ƒöì JWT Extractor - Headers: accessToken=eyJhbGciOiJIUzI1NiIsInR5cCI6IkpXVCJ9.eyJzdWIiOiI2OTI5ZTJkZTkzNGQ4ZTA3OWU2ZjU1YjYiLCJ3b3JrRW1haWwiOiJlbmdlbXAxLndvcmtAZXhhbXBsZS5jb20iLCJyb2xlcyI6WyJkZXBhcnRtZW50IGVtcGxveWVlIl0sInBlcm1pc3Npb25zIjpbXSwicHJpbWFyeURlcGFydG1lbnRJZCI6IjY5Mjc1ZDhhZmMxMTg0YTNiM2U2YzU1ZiIsImVtcGxveWVlTnVtYmVyIjoiRU1QLTEwMjYiLCJpYXQiOjE3NjU5ODE3OTYsImV4cCI6MTc2NjA2ODE5Nn0.Z9x1OrAxgJ40pFgG7SJ_CUff5HR04WjQi4Jninj_S7A
[2m[WebServer] [22m≡ƒöì JWT Extractor - accessToken: FOUND

[1A[2K[2m[WebServer] [22mJwtStrategy VALIDATE: {
[2m[WebServer] [22m  sub: [32m'6929e2de934d8e079e6f55b6'[39m,
[2m[WebServer] [22m  workEmail: [32m'engemp1.work@example.com'[39m,
[2m[WebServer] [22m  roles: [ [32m'department employee'[39m ],
[2m[WebServer] [22m  permissions: [],
[2m[WebServer] [22m  primaryDepartmentId: [32m'69275d8afc1184a3b3e6c55f'[39m,
[2m[WebServer] [22m  employeeNumber: [32m'EMP-1026'[39m,
[2m[WebServer] [22m  iat: [33m1765981796[39m,
[2m[WebServer] [22m  exp: [33m1766068196[39m
[2m[WebServer] [22m}

[1A[2K[2m[WebServer] [22m≡ƒöÑ JwtAuthGuard: handleRequest() {
[2m[WebServer] [22m  err: [1mnull[22m,
[2m[WebServer] [22m  user: {
[2m[WebServer] [22m    id: [32m'6929e2de934d8e079e6f55b6'[39m,
[2m[WebServer] [22m    workEmail: [32m'engemp1.work@example.com'[39m,
[2m[WebServer] [22m    roles: [ [32m'department employee'[39m ],
[2m[WebServer] [22m    permissions: [],
[2m[WebServer] [22m    primaryDepartmentId: [32m'69275d8afc1184a3b3e6c55f'[39m,
[2m[WebServer] [22m    employeeNumber: [32m'EMP-1026'[39m
[2m[WebServer] [22m  },
[2m[WebServer] [22m  info: [90mundefined[39m
[2m[WebServer] [22m}
[2m[WebServer] [22mΓ£à JwtAuthGuard SUCCESS ΓåÆ user authenticated: 6929e2de934d8e079e6f55b6

[1A[2K[2m[WebServer] [22m≡ƒöì [LeaveTypeController] findAll

[1A[2K[2m[WebServer] [22m≡ƒöÑ JwtAuthGuard: canActivate CALLED

[1A[2K[2m[WebServer] [22m≡ƒöì JWT Extractor - All cookies: {
[2m[WebServer] [22m  accessToken: [32m'eyJhbGciOiJIUzI1NiIsInR5cCI6IkpXVCJ9.eyJzdWIiOiI2OTI5ZTJkZTkzNGQ4ZTA3OWU2ZjU1YjYiLCJ3b3JrRW1haWwiOiJlbmdlbXAxLndvcmtAZXhhbXBsZS5jb20iLCJyb2xlcyI6WyJkZXBhcnRtZW50IGVtcGxveWVlIl0sInBlcm1pc3Npb25zIjpbXSwicHJpbWFyeURlcGFydG1lbnRJZCI6IjY5Mjc1ZDhhZmMxMTg0YTNiM2U2YzU1ZiIsImVtcGxveWVlTnVtYmVyIjoiRU1QLTEwMjYiLCJpYXQiOjE3NjU5ODE3OTYsImV4cCI6MTc2NjA2ODE5Nn0.Z9x1OrAxgJ40pFgG7SJ_CUff5HR04WjQi4Jninj_S7A'[39m
[2m[WebServer] [22m}

[1A[2K[2m[WebServer] [22m≡ƒöì JWT Extractor - Headers: accessToken=eyJhbGciOiJIUzI1NiIsInR5cCI6IkpXVCJ9.eyJzdWIiOiI2OTI5ZTJkZTkzNGQ4ZTA3OWU2ZjU1YjYiLCJ3b3JrRW1haWwiOiJlbmdlbXAxLndvcmtAZXhhbXBsZS5jb20iLCJyb2xlcyI6WyJkZXBhcnRtZW50IGVtcGxveWVlIl0sInBlcm1pc3Npb25zIjpbXSwicHJpbWFyeURlcGFydG1lbnRJZCI6IjY5Mjc1ZDhhZmMxMTg0YTNiM2U2YzU1ZiIsImVtcGxveWVlTnVtYmVyIjoiRU1QLTEwMjYiLCJpYXQiOjE3NjU5ODE3OTYsImV4cCI6MTc2NjA2ODE5Nn0.Z9x1OrAxgJ40pFgG7SJ_CUff5HR04WjQi4Jninj_S7A
[2m[WebServer] [22m≡ƒöì JWT Extractor - accessToken: FOUND

[1A[2K[2m[WebServer] [22mJwtStrategy VALIDATE: {
[2m[WebServer] [22m  sub: [32m'6929e2de934d8e079e6f55b6'[39m,
[2m[WebServer] [22m  workEmail: [32m'engemp1.work@example.com'[39m,
[2m[WebServer] [22m  roles: [ [32m'department employee'[39m ],
[2m[WebServer] [22m  permissions: [],
[2m[WebServer] [22m  primaryDepartmentId: [32m'69275d8afc1184a3b3e6c55f'[39m,
[2m[WebServer] [22m  employeeNumber: [32m'EMP-1026'[39m,
[2m[WebServer] [22m  iat: [33m1765981796[39m,
[2m[WebServer] [22m  exp: [33m1766068196[39m
[2m[WebServer] [22m}

[1A[2K[2m[WebServer] [22m≡ƒöÑ JwtAuthGuard: handleRequest() {
[2m[WebServer] [22m  err: [1mnull[22m,
[2m[WebServer] [22m  user: {
[2m[WebServer] [22m    id: [32m'6929e2de934d8e079e6f55b6'[39m,
[2m[WebServer] [22m    workEmail: [32m'engemp1.work@example.com'[39m,
[2m[WebServer] [22m    roles: [ [32m'department employee'[39m ],
[2m[WebServer] [22m    permissions: [],
[2m[WebServer] [22m    primaryDepartmentId: [32m'69275d8afc1184a3b3e6c55f'[39m,
[2m[WebServer] [22m    employeeNumber: [32m'EMP-1026'[39m
[2m[WebServer] [22m  },
[2m[WebServer] [22m  info: [90mundefined[39m
[2m[WebServer] [22m}

[1A[2K[2m[WebServer] [22mΓ£à JwtAuthGuard SUCCESS ΓåÆ user authenticated: 6929e2de934d8e079e6f55b6
[2m[WebServer] [22m≡ƒöÑ RolesGuard running!
[2m[WebServer] [22m
[2m[WebServer] [22m===== ROLE GUARD =====
[2m[WebServer] [22mRequired roles: [
[2m[WebServer] [22m  [32m'department employee'[39m,
[2m[WebServer] [22m  [32m'HR Employee'[39m,
[2m[WebServer] [22m  [32m'department head'[39m,
[2m[WebServer] [22m  [32m'HR Manager'[39m,
[2m[WebServer] [22m  [32m'HR Admin'[39m,
[2m[WebServer] [22m  [32m'System Admin'[39m
[2m[WebServer] [22m]

[1A[2K[2m[WebServer] [22mUser object: {
[2m[WebServer] [22m  id: [32m'6929e2de934d8e079e6f55b6'[39m,
[2m[WebServer] [22m  workEmail: [32m'engemp1.work@example.com'[39m,
[2m[WebServer] [22m  roles: [ [32m'department employee'[39m ],
[2m[WebServer] [22m  permissions: [],
[2m[WebServer] [22m  primaryDepartmentId: [32m'69275d8afc1184a3b3e6c55f'[39m,
[2m[WebServer] [22m  employeeNumber: [32m'EMP-1026'[39m
[2m[WebServer] [22m}

[1A[2K[2m[WebServer] [22mNormalized user roles: [ [32m'department employee'[39m ]

[1A[2K[2m[WebServer] [22mNormalized required roles: [
[2m[WebServer] [22m  [32m'department employee'[39m,
[2m[WebServer] [22m  [32m'hr employee'[39m,
[2m[WebServer] [22m  [32m'department head'[39m,
[2m[WebServer] [22m  [32m'hr manager'[39m,
[2m[WebServer] [22m  [32m'hr admin'[39m,
[2m[WebServer] [22m  [32m'system admin'[39m
[2m[WebServer] [22m]
[2m[WebServer] [22mHas required role? [33mtrue[39m
[2m[WebServer] [22mΓ£ö ACCESS GRANTED Γ£ö

[1A[2K[2m[WebServer] [22m≡ƒöì [RequestsController] getMyRequests: { userId: [90mundefined[39m }

[1A[2K[2m[WebServer] [22m≡ƒöÑ JwtAuthGuard: canActivate CALLED

[1A[2K[2m[WebServer] [22m≡ƒöì JWT Extractor - All cookies: {
[2m[WebServer] [22m  accessToken: [32m'eyJhbGciOiJIUzI1NiIsInR5cCI6IkpXVCJ9.eyJzdWIiOiI2OTI5ZTJkZTkzNGQ4ZTA3OWU2ZjU1YjYiLCJ3b3JrRW1haWwiOiJlbmdlbXAxLndvcmtAZXhhbXBsZS5jb20iLCJyb2xlcyI6WyJkZXBhcnRtZW50IGVtcGxveWVlIl0sInBlcm1pc3Npb25zIjpbXSwicHJpbWFyeURlcGFydG1lbnRJZCI6IjY5Mjc1ZDhhZmMxMTg0YTNiM2U2YzU1ZiIsImVtcGxveWVlTnVtYmVyIjoiRU1QLTEwMjYiLCJpYXQiOjE3NjU5ODE3OTYsImV4cCI6MTc2NjA2ODE5Nn0.Z9x1OrAxgJ40pFgG7SJ_CUff5HR04WjQi4Jninj_S7A'[39m
[2m[WebServer] [22m}
[2m[WebServer] [22m≡ƒöì JWT Extractor - Headers: accessToken=eyJhbGciOiJIUzI1NiIsInR5cCI6IkpXVCJ9.eyJzdWIiOiI2OTI5ZTJkZTkzNGQ4ZTA3OWU2ZjU1YjYiLCJ3b3JrRW1haWwiOiJlbmdlbXAxLndvcmtAZXhhbXBsZS5jb20iLCJyb2xlcyI6WyJkZXBhcnRtZW50IGVtcGxveWVlIl0sInBlcm1pc3Npb25zIjpbXSwicHJpbWFyeURlcGFydG1lbnRJZCI6IjY5Mjc1ZDhhZmMxMTg0YTNiM2U2YzU1ZiIsImVtcGxveWVlTnVtYmVyIjoiRU1QLTEwMjYiLCJpYXQiOjE3NjU5ODE3OTYsImV4cCI6MTc2NjA2ODE5Nn0.Z9x1OrAxgJ40pFgG7SJ_CUff5HR04WjQi4Jninj_S7A
[2m[WebServer] [22m≡ƒöì JWT Extractor - accessToken: FOUND

[1A[2K[2m[WebServer] [22mJwtStrategy VALIDATE: {
[2m[WebServer] [22m  sub: [32m'6929e2de934d8e079e6f55b6'[39m,
[2m[WebServer] [22m  workEmail: [32m'engemp1.work@example.com'[39m,
[2m[WebServer] [22m  roles: [ [32m'department employee'[39m ],
[2m[WebServer] [22m  permissions: [],
[2m[WebServer] [22m  primaryDepartmentId: [32m'69275d8afc1184a3b3e6c55f'[39m,
[2m[WebServer] [22m  employeeNumber: [32m'EMP-1026'[39m,
[2m[WebServer] [22m  iat: [33m1765981796[39m,
[2m[WebServer] [22m  exp: [33m1766068196[39m
[2m[WebServer] [22m}

[1A[2K[2m[WebServer] [22m≡ƒöÑ JwtAuthGuard: handleRequest() {
[2m[WebServer] [22m  err: [1mnull[22m,
[2m[WebServer] [22m  user: {
[2m[WebServer] [22m    id: [32m'6929e2de934d8e079e6f55b6'[39m,
[2m[WebServer] [22m    workEmail: [32m'engemp1.work@example.com'[39m,
[2m[WebServer] [22m    roles: [ [32m'department employee'[39m ],
[2m[WebServer] [22m    permissions: [],
[2m[WebServer] [22m    primaryDepartmentId: [32m'69275d8afc1184a3b3e6c55f'[39m,
[2m[WebServer] [22m    employeeNumber: [32m'EMP-1026'[39m
[2m[WebServer] [22m  },
[2m[WebServer] [22m  info: [90mundefined[39m
[2m[WebServer] [22m}
[2m[WebServer] [22mΓ£à JwtAuthGuard SUCCESS ΓåÆ user authenticated: 6929e2de934d8e079e6f55b6
[2m[WebServer] [22m≡ƒöÑ RolesGuard running!

[1A[2K[2m[WebServer] [22m
[2m[WebServer] [22m===== ROLE GUARD =====
[2m[WebServer] [22mRequired roles: [
[2m[WebServer] [22m  [32m'department employee'[39m,
[2m[WebServer] [22m  [32m'HR Employee'[39m,
[2m[WebServer] [22m  [32m'department head'[39m,
[2m[WebServer] [22m  [32m'HR Manager'[39m,
[2m[WebServer] [22m  [32m'HR Admin'[39m,
[2m[WebServer] [22m  [32m'System Admin'[39m
[2m[WebServer] [22m]
[2m[WebServer] [22mUser object: {
[2m[WebServer] [22m  id: [32m'6929e2de934d8e079e6f55b6'[39m,
[2m[WebServer] [22m  workEmail: [32m'engemp1.work@example.com'[39m,
[2m[WebServer] [22m  roles: [ [32m'department employee'[39m ],
[2m[WebServer] [22m  permissions: [],
[2m[WebServer] [22m  primaryDepartmentId: [32m'69275d8afc1184a3b3e6c55f'[39m,
[2m[WebServer] [22m  employeeNumber: [32m'EMP-1026'[39m
[2m[WebServer] [22m}

[1A[2K[2m[WebServer] [22mNormalized user roles: [ [32m'department employee'[39m ]
[2m[WebServer] [22mNormalized required roles: [
[2m[WebServer] [22m  [32m'department employee'[39m,
[2m[WebServer] [22m  [32m'hr employee'[39m,
[2m[WebServer] [22m  [32m'department head'[39m,
[2m[WebServer] [22m  [32m'hr manager'[39m,
[2m[WebServer] [22m  [32m'hr admin'[39m,
[2m[WebServer] [22m  [32m'system admin'[39m
[2m[WebServer] [22m]
[2m[WebServer] [22mHas required role? [33mtrue[39m
[2m[WebServer] [22mΓ£ö ACCESS GRANTED Γ£ö

[1A[2K[2m[WebServer] [22m≡ƒöì [TrackingController] getMyBalances: {
[2m[WebServer] [22m  query: [Object: null prototype] {},
[2m[WebServer] [22m  userId: [32m'6929e2de934d8e079e6f55b6'[39m
[2m[WebServer] [22m}

[1A[2KΓ£à Dashboard loaded successfully

[1A[2K[2/35] [chromium] ΓÇ║ leave-tests.spec.ts:237:7 ΓÇ║ ≡ƒºæ EMPLOYEE 1 (EMP-1026 - Engineering) - All Scenarios ΓÇ║ Γ£à B1-B7: View detailed leave balances
[1A[2K[chromium] ΓÇ║ leave-tests.spec.ts:237:7 ΓÇ║ ≡ƒºæ EMPLOYEE 1 (EMP-1026 - Engineering) - All Scenarios ΓÇ║ Γ£à B1-B7: View detailed leave balances
≡ƒöÉ Logging in as: engemp1.work@example.com

[1A[2K[2m[WebServer] [22m GET /login [32m200[39m in 65ms[2m (compile: 4ms, render: 61ms)[22m

[1A[2K[2m[WebServer] [22m≡ƒöÑ JwtAuthGuard: canActivate CALLED

[1A[2K[2m[WebServer] [22m≡ƒöì JWT Extractor - All cookies: [Object: null prototype] {}
[2m[WebServer] [22m≡ƒöì JWT Extractor - Headers: [90mundefined[39m

[1A[2K[2m[WebServer] [22m≡ƒöì JWT Extractor - accessToken: NOT FOUND

[1A[2K[2m[WebServer] [22m≡ƒöÑ JwtAuthGuard: handleRequest() {
[2m[WebServer] [22m  err: [1mnull[22m,
[2m[WebServer] [22m  user: [33mfalse[39m,
[2m[WebServer] [22m  info: Error: No auth token
[2m[WebServer] [22m      at JwtStrategy.authenticate [90m(C:\Users\Bedon\Desktop\semester-5-software-project\backend\[39mnode_modules\[4mpassport-jwt[24m\lib\strategy.js:96:26[90m)[39m
[2m[WebServer] [22m      at attempt [90m(C:\Users\Bedon\Desktop\semester-5-software-project\backend\[39mnode_modules\[4mpassport[24m\lib\middleware\authenticate.js:378:16[90m)[39m
[2m[WebServer] [22m      at authenticate [90m(C:\Users\Bedon\Desktop\semester-5-software-project\backend\[39mnode_modules\[4mpassport[24m\lib\middleware\authenticate.js:379:7[90m)[39m
[2m[WebServer] [22m      at [90mC:\Users\Bedon\Desktop\semester-5-software-project\backend\[39mnode_modules\[4m@nestjs[24m\passport\dist\auth.guard.js:88:3
[2m[WebServer] [22m      at new Promise (<anonymous>)
[2m[WebServer] [22m      at [90mC:\Users\Bedon\Desktop\semester-5-software-project\backend\[39mnode_modules\[4m@nestjs[24m\passport\dist\auth.guard.js:80:83
[2m[WebServer] [22m      at JwtAuthGuard.canActivate [90m(C:\Users\Bedon\Desktop\semester-5-software-project\backend\[39mnode_modules\[4m@nestjs[24m\passport\dist\auth.guard.js:44:32[90m)[39m
[2m[WebServer] [22m  [90m    at process.processTicksAndRejections (node:internal/process/task_queues:105:5)[39m
[2m[WebServer] [22m}

[1A[2K[2m[WebServer] [22mΓ¥î JwtAuthGuard INFO: Error: No auth token
[2m[WebServer] [22m    at JwtStrategy.authenticate 
[90m(C:\Users\Bedon\Desktop\semester-5-software-project\backend\[39mnode_modules\[4mpassport-jwt[24m\lib\strategy.js:96:26[90m)[39m
[2m[WebServer] [22m    at attempt 
[90m(C:\Users\Bedon\Desktop\semester-5-software-project\backend\[39mnode_modules\[4mpassport[24m\lib\middleware\authenticate.js:378:16[90m)[39m
[2m[WebServer] [22m    at authenticate 
[90m(C:\Users\Bedon\Desktop\semester-5-software-project\backend\[39mnode_modules\[4mpassport[24m\lib\middleware\authenticate.js:379:7[90m)[39m
[2m[WebServer] [22m    at [90mC:\Users\Bedon\Desktop\semester-5-software-project\backend\[39mnode_modules\[4m@nestjs[24m\passport\dist\auth.guard.js:88:3
[2m[WebServer] [22m    at new Promise (<anonymous>)
[2m[WebServer] [22m    at 
[90mC:\Users\Bedon\Desktop\semester-5-software-project\backend\[39mnode_modules\[4m@nestjs[24m\passport\dist\auth.guard.js:80:83
[2m[WebServer] [22m    at JwtAuthGuard.canActivate 
[90m(C:\Users\Bedon\Desktop\semester-5-software-project\backend\[39mnode_modules\[4m@nestjs[24m\passport\dist\auth.guard.js:44:32[90m)[39m
[2m[WebServer] [22m[90m    at process.processTicksAndRejections (node:internal/process/task_queues:105:5)[39m

[1A[2K[2m[WebServer] [22mΓ¥î JwtAuthGuard FAILING ΓåÆ No auth token

[1A[2K[2m[WebServer] [22mVALIDATE EMPLOYEE - systemRole = {
[2m[WebServer] [22m  _id: new ObjectId([32m'6929e2de934d8e079e6f55b8'[39m),
[2m[WebServer] [22m  employeeProfileId: new ObjectId([32m'6929e2de934d8e079e6f55b6'[39m),
[2m[WebServer] [22m  roles: [ [32m'department employee'[39m ],
[2m[WebServer] [22m  permissions: [],
[2m[WebServer] [22m  isActive: [33mtrue[39m,
[2m[WebServer] [22m  createdAt: [35m2025-11-28T17:58:54.894Z[39m,
[2m[WebServer] [22m  updatedAt: [35m2025-11-28T17:58:54.894Z[39m,
[2m[WebServer] [22m  __v: [33m0[39m
[2m[WebServer] [22m}

[1A[2K[2m[WebServer] [22mGenerated token: eyJhbGciOiJIUzI1NiIsInR5cCI6IkpXVCJ9.eyJzdWIiOiI2OTI5ZTJkZTkzNGQ4ZTA3OWU2ZjU1YjYiLCJ3b3JrRW1haWwiOiJlbmdlbXAxLndvcmtAZXhhbXBsZS5jb20iLCJyb2xlcyI6WyJkZXBhcnRtZW50IGVtcGxveWVlIl0sInBlcm1pc3Npb25zIjpbXSwicHJpbWFyeURlcGFydG1lbnRJZCI6IjY5Mjc1ZDhhZmMxMTg0YTNiM2U2YzU1ZiIsImVtcGxveWVlTnVtYmVyIjoiRU1QLTEwMjYiLCJpYXQiOjE3NjU5ODE4MDIsImV4cCI6MTc2NjA2ODIwMn0.SABX06J1fp0avtu1qJOxJA48V53I6umJskZCpz7xRBY

[1A[2K[2m[WebServer] [22m GET /leaves [32m200[39m in 24ms[2m (compile: 4ms, render: 19ms)[22m

[1A[2KΓ£à Login successful

[1A[2K≡ƒÆ░ Testing Leave Balances View

[1A[2K[2m[WebServer] [22m≡ƒöÑ JwtAuthGuard: canActivate CALLED

[1A[2K[2m[WebServer] [22m≡ƒöì JWT Extractor - All cookies: {
[2m[WebServer] [22m  accessToken: [32m'eyJhbGciOiJIUzI1NiIsInR5cCI6IkpXVCJ9.eyJzdWIiOiI2OTI5ZTJkZTkzNGQ4ZTA3OWU2ZjU1YjYiLCJ3b3JrRW1haWwiOiJlbmdlbXAxLndvcmtAZXhhbXBsZS5jb20iLCJyb2xlcyI6WyJkZXBhcnRtZW50IGVtcGxveWVlIl0sInBlcm1pc3Npb25zIjpbXSwicHJpbWFyeURlcGFydG1lbnRJZCI6IjY5Mjc1ZDhhZmMxMTg0YTNiM2U2YzU1ZiIsImVtcGxveWVlTnVtYmVyIjoiRU1QLTEwMjYiLCJpYXQiOjE3NjU5ODE4MDIsImV4cCI6MTc2NjA2ODIwMn0.SABX06J1fp0avtu1qJOxJA48V53I6umJskZCpz7xRBY'[39m
[2m[WebServer] [22m}

[1A[2K[2m[WebServer] [22m≡ƒöì JWT Extractor - Headers: accessToken=eyJhbGciOiJIUzI1NiIsInR5cCI6IkpXVCJ9.eyJzdWIiOiI2OTI5ZTJkZTkzNGQ4ZTA3OWU2ZjU1YjYiLCJ3b3JrRW1haWwiOiJlbmdlbXAxLndvcmtAZXhhbXBsZS5jb20iLCJyb2xlcyI6WyJkZXBhcnRtZW50IGVtcGxveWVlIl0sInBlcm1pc3Npb25zIjpbXSwicHJpbWFyeURlcGFydG1lbnRJZCI6IjY5Mjc1ZDhhZmMxMTg0YTNiM2U2YzU1ZiIsImVtcGxveWVlTnVtYmVyIjoiRU1QLTEwMjYiLCJpYXQiOjE3NjU5ODE4MDIsImV4cCI6MTc2NjA2ODIwMn0.SABX06J1fp0avtu1qJOxJA48V53I6umJskZCpz7xRBY
[2m[WebServer] [22m≡ƒöì JWT Extractor - accessToken: FOUND

[1A[2K[2m[WebServer] [22mJwtStrategy VALIDATE: {
[2m[WebServer] [22m  sub: [32m'6929e2de934d8e079e6f55b6'[39m,
[2m[WebServer] [22m  workEmail: [32m'engemp1.work@example.com'[39m,
[2m[WebServer] [22m  roles: [ [32m'department employee'[39m ],
[2m[WebServer] [22m  permissions: [],
[2m[WebServer] [22m  primaryDepartmentId: [32m'69275d8afc1184a3b3e6c55f'[39m,
[2m[WebServer] [22m  employeeNumber: [32m'EMP-1026'[39m,
[2m[WebServer] [22m  iat: [33m1765981802[39m,
[2m[WebServer] [22m  exp: [33m1766068202[39m
[2m[WebServer] [22m}

[1A[2K[2m[WebServer] [22m≡ƒöÑ JwtAuthGuard: handleRequest() {
[2m[WebServer] [22m  err: [1mnull[22m,
[2m[WebServer] [22m  user: {
[2m[WebServer] [22m    id: [32m'6929e2de934d8e079e6f55b6'[39m,
[2m[WebServer] [22m    workEmail: [32m'engemp1.work@example.com'[39m,
[2m[WebServer] [22m    roles: [ [32m'department employee'[39m ],
[2m[WebServer] [22m    permissions: [],
[2m[WebServer] [22m    primaryDepartmentId: [32m'69275d8afc1184a3b3e6c55f'[39m,
[2m[WebServer] [22m    employeeNumber: [32m'EMP-1026'[39m
[2m[WebServer] [22m  },
[2m[WebServer] [22m  info: [90mundefined[39m
[2m[WebServer] [22m}
[2m[WebServer] [22mΓ£à JwtAuthGuard SUCCESS ΓåÆ user authenticated: 6929e2de934d8e079e6f55b6
[2m[WebServer] [22m≡ƒöÑ RolesGuard running!
[2m[WebServer] [22m
[2m[WebServer] [22m===== ROLE GUARD =====
[2m[WebServer] [22mRequired roles: [
[2m[WebServer] [22m  [32m'department employee'[39m,
[2m[WebServer] [22m  [32m'HR Employee'[39m,
[2m[WebServer] [22m  [32m'department head'[39m,
[2m[WebServer] [22m  [32m'HR Manager'[39m,
[2m[WebServer] [22m  [32m'HR Admin'[39m,
[2m[WebServer] [22m  [32m'System Admin'[39m
[2m[WebServer] [22m]
[2m[WebServer] [22mUser object: {
[2m[WebServer] [22m  id: [32m'6929e2de934d8e079e6f55b6'[39m,
[2m[WebServer] [22m  workEmail: [32m'engemp1.work@example.com'[39m,
[2m[WebServer] [22m  roles: [ [32m'department employee'[39m ],
[2m[WebServer] [22m  permissions: [],
[2m[WebServer] [22m  primaryDepartmentId: [32m'69275d8afc1184a3b3e6c55f'[39m,
[2m[WebServer] [22m  employeeNumber: [32m'EMP-1026'[39m
[2m[WebServer] [22m}

[1A[2K[2m[WebServer] [22mNormalized user roles: [ [32m'department employee'[39m ]
[2m[WebServer] [22mNormalized required roles: [
[2m[WebServer] [22m  [32m'department employee'[39m,
[2m[WebServer] [22m  [32m'hr employee'[39m,
[2m[WebServer] [22m  [32m'department head'[39m,
[2m[WebServer] [22m  [32m'hr manager'[39m,
[2m[WebServer] [22m  [32m'hr admin'[39m,
[2m[WebServer] [22m  [32m'system admin'[39m
[2m[WebServer] [22m]
[2m[WebServer] [22mHas required role? [33mtrue[39m
[2m[WebServer] [22mΓ£ö ACCESS GRANTED Γ£ö

[1A[2K[2m[WebServer] [22m≡ƒöì [TrackingController] getMyBalances: {
[2m[WebServer] [22m  query: [Object: null prototype] {},
[2m[WebServer] [22m  userId: [32m'6929e2de934d8e079e6f55b6'[39m
[2m[WebServer] [22m}

[1A[2K[2m[WebServer] [22m≡ƒöÑ JwtAuthGuard: canActivate CALLED

[1A[2K[2m[WebServer] [22m≡ƒöì JWT Extractor - All cookies: {
[2m[WebServer] [22m  accessToken: [32m'eyJhbGciOiJIUzI1NiIsInR5cCI6IkpXVCJ9.eyJzdWIiOiI2OTI5ZTJkZTkzNGQ4ZTA3OWU2ZjU1YjYiLCJ3b3JrRW1haWwiOiJlbmdlbXAxLndvcmtAZXhhbXBsZS5jb20iLCJyb2xlcyI6WyJkZXBhcnRtZW50IGVtcGxveWVlIl0sInBlcm1pc3Npb25zIjpbXSwicHJpbWFyeURlcGFydG1lbnRJZCI6IjY5Mjc1ZDhhZmMxMTg0YTNiM2U2YzU1ZiIsImVtcGxveWVlTnVtYmVyIjoiRU1QLTEwMjYiLCJpYXQiOjE3NjU5ODE4MDIsImV4cCI6MTc2NjA2ODIwMn0.SABX06J1fp0avtu1qJOxJA48V53I6umJskZCpz7xRBY'[39m
[2m[WebServer] [22m}

[1A[2K[2m[WebServer] [22m≡ƒöì JWT Extractor - Headers: accessToken=eyJhbGciOiJIUzI1NiIsInR5cCI6IkpXVCJ9.eyJzdWIiOiI2OTI5ZTJkZTkzNGQ4ZTA3OWU2ZjU1YjYiLCJ3b3JrRW1haWwiOiJlbmdlbXAxLndvcmtAZXhhbXBsZS5jb20iLCJyb2xlcyI6WyJkZXBhcnRtZW50IGVtcGxveWVlIl0sInBlcm1pc3Npb25zIjpbXSwicHJpbWFyeURlcGFydG1lbnRJZCI6IjY5Mjc1ZDhhZmMxMTg0YTNiM2U2YzU1ZiIsImVtcGxveWVlTnVtYmVyIjoiRU1QLTEwMjYiLCJpYXQiOjE3NjU5ODE4MDIsImV4cCI6MTc2NjA2ODIwMn0.SABX06J1fp0avtu1qJOxJA48V53I6umJskZCpz7xRBY
[2m[WebServer] [22m≡ƒöì JWT Extractor - accessToken: FOUND

[1A[2K[2m[WebServer] [22mJwtStrategy VALIDATE: {
[2m[WebServer] [22m  sub: [32m'6929e2de934d8e079e6f55b6'[39m,
[2m[WebServer] [22m  workEmail: [32m'engemp1.work@example.com'[39m,
[2m[WebServer] [22m  roles: [ [32m'department employee'[39m ],
[2m[WebServer] [22m  permissions: [],
[2m[WebServer] [22m  primaryDepartmentId: [32m'69275d8afc1184a3b3e6c55f'[39m,
[2m[WebServer] [22m  employeeNumber: [32m'EMP-1026'[39m,
[2m[WebServer] [22m  iat: [33m1765981802[39m,
[2m[WebServer] [22m  exp: [33m1766068202[39m
[2m[WebServer] [22m}

[1A[2K[2m[WebServer] [22m≡ƒöÑ JwtAuthGuard: handleRequest() {
[2m[WebServer] [22m  err: [1mnull[22m,
[2m[WebServer] [22m  user: {
[2m[WebServer] [22m    id: [32m'6929e2de934d8e079e6f55b6'[39m,
[2m[WebServer] [22m    workEmail: [32m'engemp1.work@example.com'[39m,
[2m[WebServer] [22m    roles: [ [32m'department employee'[39m ],
[2m[WebServer] [22m    permissions: [],
[2m[WebServer] [22m    primaryDepartmentId: [32m'69275d8afc1184a3b3e6c55f'[39m,
[2m[WebServer] [22m    employeeNumber: [32m'EMP-1026'[39m
[2m[WebServer] [22m  },
[2m[WebServer] [22m  info: [90mundefined[39m
[2m[WebServer] [22m}
[2m[WebServer] [22mΓ£à JwtAuthGuard SUCCESS ΓåÆ user authenticated: 6929e2de934d8e079e6f55b6
[2m[WebServer] [22m≡ƒöÑ RolesGuard running!

[1A[2K[2m[WebServer] [22m
[2m[WebServer] [22m===== ROLE GUARD =====
[2m[WebServer] [22mRequired roles: [
[2m[WebServer] [22m  [32m'department employee'[39m,
[2m[WebServer] [22m  [32m'HR Employee'[39m,
[2m[WebServer] [22m  [32m'department head'[39m,
[2m[WebServer] [22m  [32m'HR Manager'[39m,
[2m[WebServer] [22m  [32m'HR Admin'[39m,
[2m[WebServer] [22m  [32m'System Admin'[39m
[2m[WebServer] [22m]
[2m[WebServer] [22mUser object: {
[2m[WebServer] [22m  id: [32m'6929e2de934d8e079e6f55b6'[39m,
[2m[WebServer] [22m  workEmail: [32m'engemp1.work@example.com'[39m,
[2m[WebServer] [22m  roles: [ [32m'department employee'[39m ],
[2m[WebServer] [22m  permissions: [],
[2m[WebServer] [22m  primaryDepartmentId: [32m'69275d8afc1184a3b3e6c55f'[39m,
[2m[WebServer] [22m  employeeNumber: [32m'EMP-1026'[39m
[2m[WebServer] [22m}

[1A[2K[2m[WebServer] [22mNormalized user roles: [ [32m'department employee'[39m ]
[2m[WebServer] [22mNormalized required roles: [
[2m[WebServer] [22m  [32m'department employee'[39m,
[2m[WebServer] [22m  [32m'hr employee'[39m,
[2m[WebServer] [22m  [32m'department head'[39m,
[2m[WebServer] [22m  [32m'hr manager'[39m,
[2m[WebServer] [22m  [32m'hr admin'[39m,
[2m[WebServer] [22m  [32m'system admin'[39m
[2m[WebServer] [22m]
[2m[WebServer] [22mHas required role? [33mtrue[39m
[2m[WebServer] [22mΓ£ö ACCESS GRANTED Γ£ö

[1A[2K[2m[WebServer] [22m≡ƒöì [TrackingController] getMyHistory: {
[2m[WebServer] [22m  filters: [Object: null prototype] {},
[2m[WebServer] [22m  userId: [32m'6929e2de934d8e079e6f55b6'[39m
[2m[WebServer] [22m}

[1A[2K[2m[WebServer] [22m GET /leaves/my-leaves [32m200[39m in 61ms[2m (compile: 4ms, render: 57ms)[22m

[1A[2K[2m[WebServer] [22m≡ƒöÑ JwtAuthGuard: canActivate CALLED

[1A[2K[2m[WebServer] [22m≡ƒöì JWT Extractor - All cookies: {
[2m[WebServer] [22m  accessToken: [32m'eyJhbGciOiJIUzI1NiIsInR5cCI6IkpXVCJ9.eyJzdWIiOiI2OTI5ZTJkZTkzNGQ4ZTA3OWU2ZjU1YjYiLCJ3b3JrRW1haWwiOiJlbmdlbXAxLndvcmtAZXhhbXBsZS5jb20iLCJyb2xlcyI6WyJkZXBhcnRtZW50IGVtcGxveWVlIl0sInBlcm1pc3Npb25zIjpbXSwicHJpbWFyeURlcGFydG1lbnRJZCI6IjY5Mjc1ZDhhZmMxMTg0YTNiM2U2YzU1ZiIsImVtcGxveWVlTnVtYmVyIjoiRU1QLTEwMjYiLCJpYXQiOjE3NjU5ODE4MDIsImV4cCI6MTc2NjA2ODIwMn0.SABX06J1fp0avtu1qJOxJA48V53I6umJskZCpz7xRBY'[39m
[2m[WebServer] [22m}
[2m[WebServer] [22m≡ƒöì JWT Extractor - Headers: accessToken=eyJhbGciOiJIUzI1NiIsInR5cCI6IkpXVCJ9.eyJzdWIiOiI2OTI5ZTJkZTkzNGQ4ZTA3OWU2ZjU1YjYiLCJ3b3JrRW1haWwiOiJlbmdlbXAxLndvcmtAZXhhbXBsZS5jb20iLCJyb2xlcyI6WyJkZXBhcnRtZW50IGVtcGxveWVlIl0sInBlcm1pc3Npb25zIjpbXSwicHJpbWFyeURlcGFydG1lbnRJZCI6IjY5Mjc1ZDhhZmMxMTg0YTNiM2U2YzU1ZiIsImVtcGxveWVlTnVtYmVyIjoiRU1QLTEwMjYiLCJpYXQiOjE3NjU5ODE4MDIsImV4cCI6MTc2NjA2ODIwMn0.SABX06J1fp0avtu1qJOxJA48V53I6umJskZCpz7xRBY
[2m[WebServer] [22m≡ƒöì JWT Extractor - accessToken: FOUND

[1A[2K[2m[WebServer] [22mJwtStrategy VALIDATE: {
[2m[WebServer] [22m  sub: [32m'6929e2de934d8e079e6f55b6'[39m,
[2m[WebServer] [22m  workEmail: [32m'engemp1.work@example.com'[39m,
[2m[WebServer] [22m  roles: [ [32m'department employee'[39m ],
[2m[WebServer] [22m  permissions: [],
[2m[WebServer] [22m  primaryDepartmentId: [32m'69275d8afc1184a3b3e6c55f'[39m,
[2m[WebServer] [22m  employeeNumber: [32m'EMP-1026'[39m,
[2m[WebServer] [22m  iat: [33m1765981802[39m,
[2m[WebServer] [22m  exp: [33m1766068202[39m
[2m[WebServer] [22m}

[1A[2K[2m[WebServer] [22m≡ƒöÑ JwtAuthGuard: handleRequest() {
[2m[WebServer] [22m  err: [1mnull[22m,
[2m[WebServer] [22m  user: {
[2m[WebServer] [22m    id: [32m'6929e2de934d8e079e6f55b6'[39m,
[2m[WebServer] [22m    workEmail: [32m'engemp1.work@example.com'[39m,
[2m[WebServer] [22m    roles: [ [32m'department employee'[39m ],
[2m[WebServer] [22m    permissions: [],
[2m[WebServer] [22m    primaryDepartmentId: [32m'69275d8afc1184a3b3e6c55f'[39m,
[2m[WebServer] [22m    employeeNumber: [32m'EMP-1026'[39m
[2m[WebServer] [22m  },
[2m[WebServer] [22m  info: [90mundefined[39m
[2m[WebServer] [22m}
[2m[WebServer] [22mΓ£à JwtAuthGuard SUCCESS ΓåÆ user authenticated: 6929e2de934d8e079e6f55b6

[1A[2K[2m[WebServer] [22m≡ƒöì [LeaveTypeController] findAll

[1A[2K[2m[WebServer] [22m≡ƒöÑ JwtAuthGuard: canActivate CALLED

[1A[2K[2m[WebServer] [22m≡ƒöì JWT Extractor - All cookies: {
[2m[WebServer] [22m  accessToken: [32m'eyJhbGciOiJIUzI1NiIsInR5cCI6IkpXVCJ9.eyJzdWIiOiI2OTI5ZTJkZTkzNGQ4ZTA3OWU2ZjU1YjYiLCJ3b3JrRW1haWwiOiJlbmdlbXAxLndvcmtAZXhhbXBsZS5jb20iLCJyb2xlcyI6WyJkZXBhcnRtZW50IGVtcGxveWVlIl0sInBlcm1pc3Npb25zIjpbXSwicHJpbWFyeURlcGFydG1lbnRJZCI6IjY5Mjc1ZDhhZmMxMTg0YTNiM2U2YzU1ZiIsImVtcGxveWVlTnVtYmVyIjoiRU1QLTEwMjYiLCJpYXQiOjE3NjU5ODE4MDIsImV4cCI6MTc2NjA2ODIwMn0.SABX06J1fp0avtu1qJOxJA48V53I6umJskZCpz7xRBY'[39m
[2m[WebServer] [22m}

[1A[2K[2m[WebServer] [22m≡ƒöì JWT Extractor - Headers: accessToken=eyJhbGciOiJIUzI1NiIsInR5cCI6IkpXVCJ9.eyJzdWIiOiI2OTI5ZTJkZTkzNGQ4ZTA3OWU2ZjU1YjYiLCJ3b3JrRW1haWwiOiJlbmdlbXAxLndvcmtAZXhhbXBsZS5jb20iLCJyb2xlcyI6WyJkZXBhcnRtZW50IGVtcGxveWVlIl0sInBlcm1pc3Npb25zIjpbXSwicHJpbWFyeURlcGFydG1lbnRJZCI6IjY5Mjc1ZDhhZmMxMTg0YTNiM2U2YzU1ZiIsImVtcGxveWVlTnVtYmVyIjoiRU1QLTEwMjYiLCJpYXQiOjE3NjU5ODE4MDIsImV4cCI6MTc2NjA2ODIwMn0.SABX06J1fp0avtu1qJOxJA48V53I6umJskZCpz7xRBY
[2m[WebServer] [22m≡ƒöì JWT Extractor - accessToken: FOUND

[1A[2K[2m[WebServer] [22mJwtStrategy VALIDATE: {
[2m[WebServer] [22m  sub: [32m'6929e2de934d8e079e6f55b6'[39m,
[2m[WebServer] [22m  workEmail: [32m'engemp1.work@example.com'[39m,
[2m[WebServer] [22m  roles: [ [32m'department employee'[39m ],
[2m[WebServer] [22m  permissions: [],
[2m[WebServer] [22m  primaryDepartmentId: [32m'69275d8afc1184a3b3e6c55f'[39m,
[2m[WebServer] [22m  employeeNumber: [32m'EMP-1026'[39m,
[2m[WebServer] [22m  iat: [33m1765981802[39m,
[2m[WebServer] [22m  exp: [33m1766068202[39m
[2m[WebServer] [22m}

[1A[2K[2m[WebServer] [22m≡ƒöÑ JwtAuthGuard: handleRequest() {
[2m[WebServer] [22m  err: [1mnull[22m,
[2m[WebServer] [22m  user: {
[2m[WebServer] [22m    id: [32m'6929e2de934d8e079e6f55b6'[39m,
[2m[WebServer] [22m    workEmail: [32m'engemp1.work@example.com'[39m,
[2m[WebServer] [22m    roles: [ [32m'department employee'[39m ],
[2m[WebServer] [22m    permissions: [],
[2m[WebServer] [22m    primaryDepartmentId: [32m'69275d8afc1184a3b3e6c55f'[39m,
[2m[WebServer] [22m    employeeNumber: [32m'EMP-1026'[39m
[2m[WebServer] [22m  },
[2m[WebServer] [22m  info: [90mundefined[39m
[2m[WebServer] [22m}

[1A[2K[2m[WebServer] [22mΓ£à JwtAuthGuard SUCCESS ΓåÆ user authenticated: 6929e2de934d8e079e6f55b6

[1A[2K[2m[WebServer] [22m≡ƒöÑ RolesGuard running!
[2m[WebServer] [22m
[2m[WebServer] [22m===== ROLE GUARD =====

[1A[2K[2m[WebServer] [22mRequired roles: [
[2m[WebServer] [22m  [32m'department employee'[39m,
[2m[WebServer] [22m  [32m'HR Employee'[39m,
[2m[WebServer] [22m  [32m'department head'[39m,
[2m[WebServer] [22m  [32m'HR Manager'[39m,
[2m[WebServer] [22m  [32m'HR Admin'[39m,
[2m[WebServer] [22m  [32m'System Admin'[39m
[2m[WebServer] [22m]
[2m[WebServer] [22mUser object: {
[2m[WebServer] [22m  id: [32m'6929e2de934d8e079e6f55b6'[39m,
[2m[WebServer] [22m  workEmail: [32m'engemp1.work@example.com'[39m,
[2m[WebServer] [22m  roles: [ [32m'department employee'[39m ],
[2m[WebServer] [22m  permissions: [],
[2m[WebServer] [22m  primaryDepartmentId: [32m'69275d8afc1184a3b3e6c55f'[39m,
[2m[WebServer] [22m  employeeNumber: [32m'EMP-1026'[39m
[2m[WebServer] [22m}
[2m[WebServer] [22mNormalized user roles: [ [32m'department employee'[39m ]

[1A[2K[2m[WebServer] [22mNormalized required roles: [
[2m[WebServer] [22m  [32m'department employee'[39m,
[2m[WebServer] [22m  [32m'hr employee'[39m,
[2m[WebServer] [22m  [32m'department head'[39m,
[2m[WebServer] [22m  [32m'hr manager'[39m,
[2m[WebServer] [22m  [32m'hr admin'[39m,
[2m[WebServer] [22m  [32m'system admin'[39m
[2m[WebServer] [22m]
[2m[WebServer] [22mHas required role? [33mtrue[39m
[2m[WebServer] [22mΓ£ö ACCESS GRANTED Γ£ö

[1A[2K[2m[WebServer] [22m≡ƒöì [TrackingController] getMyBalances: {
[2m[WebServer] [22m  query: [Object: null prototype] {},
[2m[WebServer] [22m  userId: [32m'6929e2de934d8e079e6f55b6'[39m
[2m[WebServer] [22m}

[1A[2K[2m[WebServer] [22m≡ƒöÑ JwtAuthGuard: canActivate CALLED

[1A[2K[2m[WebServer] [22m≡ƒöì JWT Extractor - All cookies: {
[2m[WebServer] [22m  accessToken: [32m'eyJhbGciOiJIUzI1NiIsInR5cCI6IkpXVCJ9.eyJzdWIiOiI2OTI5ZTJkZTkzNGQ4ZTA3OWU2ZjU1YjYiLCJ3b3JrRW1haWwiOiJlbmdlbXAxLndvcmtAZXhhbXBsZS5jb20iLCJyb2xlcyI6WyJkZXBhcnRtZW50IGVtcGxveWVlIl0sInBlcm1pc3Npb25zIjpbXSwicHJpbWFyeURlcGFydG1lbnRJZCI6IjY5Mjc1ZDhhZmMxMTg0YTNiM2U2YzU1ZiIsImVtcGxveWVlTnVtYmVyIjoiRU1QLTEwMjYiLCJpYXQiOjE3NjU5ODE4MDIsImV4cCI6MTc2NjA2ODIwMn0.SABX06J1fp0avtu1qJOxJA48V53I6umJskZCpz7xRBY'[39m
[2m[WebServer] [22m}

[1A[2K[2m[WebServer] [22m≡ƒöì JWT Extractor - Headers: accessToken=eyJhbGciOiJIUzI1NiIsInR5cCI6IkpXVCJ9.eyJzdWIiOiI2OTI5ZTJkZTkzNGQ4ZTA3OWU2ZjU1YjYiLCJ3b3JrRW1haWwiOiJlbmdlbXAxLndvcmtAZXhhbXBsZS5jb20iLCJyb2xlcyI6WyJkZXBhcnRtZW50IGVtcGxveWVlIl0sInBlcm1pc3Npb25zIjpbXSwicHJpbWFyeURlcGFydG1lbnRJZCI6IjY5Mjc1ZDhhZmMxMTg0YTNiM2U2YzU1ZiIsImVtcGxveWVlTnVtYmVyIjoiRU1QLTEwMjYiLCJpYXQiOjE3NjU5ODE4MDIsImV4cCI6MTc2NjA2ODIwMn0.SABX06J1fp0avtu1qJOxJA48V53I6umJskZCpz7xRBY
[2m[WebServer] [22m≡ƒöì JWT Extractor - accessToken: FOUND

[1A[2K[2m[WebServer] [22mJwtStrategy VALIDATE: {
[2m[WebServer] [22m  sub: [32m'6929e2de934d8e079e6f55b6'[39m,
[2m[WebServer] [22m  workEmail: [32m'engemp1.work@example.com'[39m,
[2m[WebServer] [22m  roles: [ [32m'department employee'[39m ],
[2m[WebServer] [22m  permissions: [],
[2m[WebServer] [22m  primaryDepartmentId: [32m'69275d8afc1184a3b3e6c55f'[39m,
[2m[WebServer] [22m  employeeNumber: [32m'EMP-1026'[39m,
[2m[WebServer] [22m  iat: [33m1765981802[39m,
[2m[WebServer] [22m  exp: [33m1766068202[39m
[2m[WebServer] [22m}

[1A[2K[2m[WebServer] [22m≡ƒöÑ JwtAuthGuard: handleRequest() {
[2m[WebServer] [22m  err: [1mnull[22m,
[2m[WebServer] [22m  user: {
[2m[WebServer] [22m    id: [32m'6929e2de934d8e079e6f55b6'[39m,
[2m[WebServer] [22m    workEmail: [32m'engemp1.work@example.com'[39m,
[2m[WebServer] [22m    roles: [ [32m'department employee'[39m ],
[2m[WebServer] [22m    permissions: [],
[2m[WebServer] [22m    primaryDepartmentId: [32m'69275d8afc1184a3b3e6c55f'[39m,
[2m[WebServer] [22m    employeeNumber: [32m'EMP-1026'[39m
[2m[WebServer] [22m  },
[2m[WebServer] [22m  info: [90mundefined[39m
[2m[WebServer] [22m}
[2m[WebServer] [22mΓ£à JwtAuthGuard SUCCESS ΓåÆ user authenticated: 6929e2de934d8e079e6f55b6
[2m[WebServer] [22m≡ƒöÑ RolesGuard running!
[2m[WebServer] [22m
[2m[WebServer] [22m===== ROLE GUARD =====

[1A[2K[2m[WebServer] [22mRequired roles: [
[2m[WebServer] [22m  [32m'department employee'[39m,
[2m[WebServer] [22m  [32m'HR Employee'[39m,
[2m[WebServer] [22m  [32m'department head'[39m,
[2m[WebServer] [22m  [32m'HR Manager'[39m,
[2m[WebServer] [22m  [32m'HR Admin'[39m,
[2m[WebServer] [22m  [32m'System Admin'[39m
[2m[WebServer] [22m]
[2m[WebServer] [22mUser object: {
[2m[WebServer] [22m  id: [32m'6929e2de934d8e079e6f55b6'[39m,
[2m[WebServer] [22m  workEmail: [32m'engemp1.work@example.com'[39m,
[2m[WebServer] [22m  roles: [ [32m'department employee'[39m ],
[2m[WebServer] [22m  permissions: [],
[2m[WebServer] [22m  primaryDepartmentId: [32m'69275d8afc1184a3b3e6c55f'[39m,
[2m[WebServer] [22m  employeeNumber: [32m'EMP-1026'[39m
[2m[WebServer] [22m}
[2m[WebServer] [22mNormalized user roles: [ [32m'department employee'[39m ]
[2m[WebServer] [22mNormalized required roles: [
[2m[WebServer] [22m  [32m'department employee'[39m,
[2m[WebServer] [22m  [32m'hr employee'[39m,
[2m[WebServer] [22m  [32m'department head'[39m,
[2m[WebServer] [22m  [32m'hr manager'[39m,
[2m[WebServer] [22m  [32m'hr admin'[39m,
[2m[WebServer] [22m  [32m'system admin'[39m
[2m[WebServer] [22m]

[1A[2K[2m[WebServer] [22mHas required role? [33mtrue[39m
[2m[WebServer] [22mΓ£ö ACCESS GRANTED Γ£ö
[2m[WebServer] [22m≡ƒöì [RequestsController] getMyRequests: { userId: [90mundefined[39m }

[1A[2KΓ£à Balance view loaded

[1A[2K[3/35] [chromium] ΓÇ║ leave-tests.spec.ts:251:7 ΓÇ║ ≡ƒºæ EMPLOYEE 1 (EMP-1026 - Engineering) - All Scenarios ΓÇ║ Γ£à C1: Submit basic annual leave request
[1A[2K[chromium] ΓÇ║ leave-tests.spec.ts:251:7 ΓÇ║ ≡ƒºæ EMPLOYEE 1 (EMP-1026 - Engineering) - All Scenarios ΓÇ║ Γ£à C1: Submit basic annual leave request
≡ƒöÉ Logging in as: engemp1.work@example.com

[1A[2K[2m[WebServer] [22m GET /login [32m200[39m in 34ms[2m (compile: 3ms, render: 31ms)[22m

[1A[2K[2m[WebServer] [22m≡ƒöÑ JwtAuthGuard: canActivate CALLED

[1A[2K[2m[WebServer] [22m≡ƒöì JWT Extractor - All cookies: [Object: null prototype] {}
[2m[WebServer] [22m≡ƒöì JWT Extractor - Headers: [90mundefined[39m
[2m[WebServer] [22m≡ƒöì JWT Extractor - accessToken: NOT FOUND

[1A[2K[2m[WebServer] [22m≡ƒöÑ JwtAuthGuard: handleRequest() {
[2m[WebServer] [22m  err: [1mnull[22m,
[2m[WebServer] [22m  user: [33mfalse[39m,
[2m[WebServer] [22m  info: Error: No auth token
[2m[WebServer] [22m      at JwtStrategy.authenticate [90m(C:\Users\Bedon\Desktop\semester-5-software-project\backend\[39mnode_modules\[4mpassport-jwt[24m\lib\strategy.js:96:26[90m)[39m
[2m[WebServer] [22m      at attempt [90m(C:\Users\Bedon\Desktop\semester-5-software-project\backend\[39mnode_modules\[4mpassport[24m\lib\middleware\authenticate.js:378:16[90m)[39m
[2m[WebServer] [22m      at authenticate [90m(C:\Users\Bedon\Desktop\semester-5-software-project\backend\[39mnode_modules\[4mpassport[24m\lib\middleware\authenticate.js:379:7[90m)[39m
[2m[WebServer] [22m      at [90mC:\Users\Bedon\Desktop\semester-5-software-project\backend\[39mnode_modules\[4m@nestjs[24m\passport\dist\auth.guard.js:88:3
[2m[WebServer] [22m      at new Promise (<anonymous>)
[2m[WebServer] [22m      at [90mC:\Users\Bedon\Desktop\semester-5-software-project\backend\[39mnode_modules\[4m@nestjs[24m\passport\dist\auth.guard.js:80:83
[2m[WebServer] [22m      at JwtAuthGuard.canActivate [90m(C:\Users\Bedon\Desktop\semester-5-software-project\backend\[39mnode_modules\[4m@nestjs[24m\passport\dist\auth.guard.js:44:32[90m)[39m
[2m[WebServer] [22m  [90m    at process.processTicksAndRejections (node:internal/process/task_queues:105:5)[39m
[2m[WebServer] [22m}


[1A[2K[2m[WebServer] [22mΓ¥î JwtAuthGuard INFO: Error: No auth token
[2m[WebServer] [22m    at JwtStrategy.authenticate 
[90m(C:\Users\Bedon\Desktop\semester-5-software-project\backend\[39mnode_modules\[4mpassport-jwt[24m\lib\strategy.js:96:26[90m)[39m
[2m[WebServer] [22m    at attempt 
[90m(C:\Users\Bedon\Desktop\semester-5-software-project\backend\[39mnode_modules\[4mpassport[24m\lib\middleware\authenticate.js:378:16[90m)[39m
[2m[WebServer] [22m    at authenticate 
[90m(C:\Users\Bedon\Desktop\semester-5-software-project\backend\[39mnode_modules\[4mpassport[24m\lib\middleware\authenticate.js:379:7[90m)[39m
[2m[WebServer] [22m    at [90mC:\Users\Bedon\Desktop\semester-5-software-project\backend\[39mnode_modules\[4m@nestjs[24m\passport\dist\auth.guard.js:88:3
[2m[WebServer] [22m    at new Promise (<anonymous>)
[2m[WebServer] [22m    at 
[90mC:\Users\Bedon\Desktop\semester-5-software-project\backend\[39mnode_modules\[4m@nestjs[24m\passport\dist\auth.guard.js:80:83
[2m[WebServer] [22m    at JwtAuthGuard.canActivate 
[90m(C:\Users\Bedon\Desktop\semester-5-software-project\backend\[39mnode_modules\[4m@nestjs[24m\passport\dist\auth.guard.js:44:32[90m)[39m
[2m[WebServer] [22m[90m    at process.processTicksAndRejections (node:internal/process/task_queues:105:5)[39m
[1A[2K[2m[WebServer] [22mΓ¥î JwtAuthGuard FAILING ΓåÆ No auth token

[1A[2K[2m[WebServer] [22mVALIDATE EMPLOYEE - systemRole = {
[2m[WebServer] [22m  _id: new ObjectId([32m'6929e2de934d8e079e6f55b8'[39m),
[2m[WebServer] [22m  employeeProfileId: new ObjectId([32m'6929e2de934d8e079e6f55b6'[39m),
[2m[WebServer] [22m  roles: [ [32m'department employee'[39m ],
[2m[WebServer] [22m  permissions: [],
[2m[WebServer] [22m  isActive: [33mtrue[39m,
[2m[WebServer] [22m  createdAt: [35m2025-11-28T17:58:54.894Z[39m,
[2m[WebServer] [22m  updatedAt: [35m2025-11-28T17:58:54.894Z[39m,
[2m[WebServer] [22m  __v: [33m0[39m
[2m[WebServer] [22m}

[1A[2K[2m[WebServer] [22mGenerated token: eyJhbGciOiJIUzI1NiIsInR5cCI6IkpXVCJ9.eyJzdWIiOiI2OTI5ZTJkZTkzNGQ4ZTA3OWU2ZjU1YjYiLCJ3b3JrRW1haWwiOiJlbmdlbXAxLndvcmtAZXhhbXBsZS5jb20iLCJyb2xlcyI6WyJkZXBhcnRtZW50IGVtcGxveWVlIl0sInBlcm1pc3Npb25zIjpbXSwicHJpbWFyeURlcGFydG1lbnRJZCI6IjY5Mjc1ZDhhZmMxMTg0YTNiM2U2YzU1ZiIsImVtcGxveWVlTnVtYmVyIjoiRU1QLTEwMjYiLCJpYXQiOjE3NjU5ODE4MDcsImV4cCI6MTc2NjA2ODIwN30.pGOMWhQwCaLv1pxIgfH94cJabQblyV1ywzk4gLSuAJw

[1A[2K[2m[WebServer] [22m GET /leaves [32m200[39m in 21ms[2m (compile: 5ms, render: 16ms)[22m

[1A[2KΓ£à Login successful

[1A[2K≡ƒô¥ Testing Basic Leave Request Submission

[1A[2K[2m[WebServer] [22m≡ƒöÑ JwtAuthGuard: canActivate CALLED

[1A[2K[2m[WebServer] [22m≡ƒöì JWT Extractor - All cookies: {
[2m[WebServer] [22m  accessToken: [32m'eyJhbGciOiJIUzI1NiIsInR5cCI6IkpXVCJ9.eyJzdWIiOiI2OTI5ZTJkZTkzNGQ4ZTA3OWU2ZjU1YjYiLCJ3b3JrRW1haWwiOiJlbmdlbXAxLndvcmtAZXhhbXBsZS5jb20iLCJyb2xlcyI6WyJkZXBhcnRtZW50IGVtcGxveWVlIl0sInBlcm1pc3Npb25zIjpbXSwicHJpbWFyeURlcGFydG1lbnRJZCI6IjY5Mjc1ZDhhZmMxMTg0YTNiM2U2YzU1ZiIsImVtcGxveWVlTnVtYmVyIjoiRU1QLTEwMjYiLCJpYXQiOjE3NjU5ODE4MDcsImV4cCI6MTc2NjA2ODIwN30.pGOMWhQwCaLv1pxIgfH94cJabQblyV1ywzk4gLSuAJw'[39m
[2m[WebServer] [22m}
[2m[WebServer] [22m≡ƒöì JWT Extractor - Headers: accessToken=eyJhbGciOiJIUzI1NiIsInR5cCI6IkpXVCJ9.eyJzdWIiOiI2OTI5ZTJkZTkzNGQ4ZTA3OWU2ZjU1YjYiLCJ3b3JrRW1haWwiOiJlbmdlbXAxLndvcmtAZXhhbXBsZS5jb20iLCJyb2xlcyI6WyJkZXBhcnRtZW50IGVtcGxveWVlIl0sInBlcm1pc3Npb25zIjpbXSwicHJpbWFyeURlcGFydG1lbnRJZCI6IjY5Mjc1ZDhhZmMxMTg0YTNiM2U2YzU1ZiIsImVtcGxveWVlTnVtYmVyIjoiRU1QLTEwMjYiLCJpYXQiOjE3NjU5ODE4MDcsImV4cCI6MTc2NjA2ODIwN30.pGOMWhQwCaLv1pxIgfH94cJabQblyV1ywzk4gLSuAJw

[1A[2K[2m[WebServer] [22m≡ƒöì JWT Extractor - accessToken: FOUND

[1A[2K[2m[WebServer] [22mJwtStrategy VALIDATE: {
[2m[WebServer] [22m  sub: [32m'6929e2de934d8e079e6f55b6'[39m,
[2m[WebServer] [22m  workEmail: [32m'engemp1.work@example.com'[39m,
[2m[WebServer] [22m  roles: [ [32m'department employee'[39m ],
[2m[WebServer] [22m  permissions: [],
[2m[WebServer] [22m  primaryDepartmentId: [32m'69275d8afc1184a3b3e6c55f'[39m,
[2m[WebServer] [22m  employeeNumber: [32m'EMP-1026'[39m,
[2m[WebServer] [22m  iat: [33m1765981807[39m,
[2m[WebServer] [22m  exp: [33m1766068207[39m
[2m[WebServer] [22m}

[1A[2K[2m[WebServer] [22m≡ƒöÑ JwtAuthGuard: handleRequest() {
[2m[WebServer] [22m  err: [1mnull[22m,
[2m[WebServer] [22m  user: {
[2m[WebServer] [22m    id: [32m'6929e2de934d8e079e6f55b6'[39m,
[2m[WebServer] [22m    workEmail: [32m'engemp1.work@example.com'[39m,
[2m[WebServer] [22m    roles: [ [32m'department employee'[39m ],
[2m[WebServer] [22m    permissions: [],
[2m[WebServer] [22m    primaryDepartmentId: [32m'69275d8afc1184a3b3e6c55f'[39m,
[2m[WebServer] [22m    employeeNumber: [32m'EMP-1026'[39m
[2m[WebServer] [22m  },
[2m[WebServer] [22m  info: [90mundefined[39m
[2m[WebServer] [22m}
[2m[WebServer] [22mΓ£à JwtAuthGuard SUCCESS ΓåÆ user authenticated: 6929e2de934d8e079e6f55b6
[2m[WebServer] [22m≡ƒöÑ RolesGuard running!
[2m[WebServer] [22m
[2m[WebServer] [22m===== ROLE GUARD =====

[1A[2K[2m[WebServer] [22mRequired roles: [
[2m[WebServer] [22m  [32m'department employee'[39m,
[2m[WebServer] [22m  [32m'HR Employee'[39m,
[2m[WebServer] [22m  [32m'department head'[39m,
[2m[WebServer] [22m  [32m'HR Manager'[39m,
[2m[WebServer] [22m  [32m'HR Admin'[39m,
[2m[WebServer] [22m  [32m'System Admin'[39m
[2m[WebServer] [22m]
[2m[WebServer] [22mUser object: {
[2m[WebServer] [22m  id: [32m'6929e2de934d8e079e6f55b6'[39m,
[2m[WebServer] [22m  workEmail: [32m'engemp1.work@example.com'[39m,
[2m[WebServer] [22m  roles: [ [32m'department employee'[39m ],
[2m[WebServer] [22m  permissions: [],
[2m[WebServer] [22m  primaryDepartmentId: [32m'69275d8afc1184a3b3e6c55f'[39m,
[2m[WebServer] [22m  employeeNumber: [32m'EMP-1026'[39m
[2m[WebServer] [22m}
[2m[WebServer] [22mNormalized user roles: [ [32m'department employee'[39m ]
[2m[WebServer] [22mNormalized required roles: [
[2m[WebServer] [22m  [32m'department employee'[39m,
[2m[WebServer] [22m  [32m'hr employee'[39m,
[2m[WebServer] [22m  [32m'department head'[39m,
[2m[WebServer] [22m  [32m'hr manager'[39m,
[2m[WebServer] [22m  [32m'hr admin'[39m,
[2m[WebServer] [22m  [32m'system admin'[39m
[2m[WebServer] [22m]
[2m[WebServer] [22mHas required role? [33mtrue[39m

[1A[2K[2m[WebServer] [22mΓ£ö ACCESS GRANTED Γ£ö

[1A[2K[2m[WebServer] [22m≡ƒöì [TrackingController] getMyBalances: {
[2m[WebServer] [22m  query: [Object: null prototype] {},
[2m[WebServer] [22m  userId: [32m'6929e2de934d8e079e6f55b6'[39m
[2m[WebServer] [22m}

[1A[2K[2m[WebServer] [22m≡ƒöÑ JwtAuthGuard: canActivate CALLED

[1A[2K[2m[WebServer] [22m≡ƒöì JWT Extractor - All cookies: {
[2m[WebServer] [22m  accessToken: [32m'eyJhbGciOiJIUzI1NiIsInR5cCI6IkpXVCJ9.eyJzdWIiOiI2OTI5ZTJkZTkzNGQ4ZTA3OWU2ZjU1YjYiLCJ3b3JrRW1haWwiOiJlbmdlbXAxLndvcmtAZXhhbXBsZS5jb20iLCJyb2xlcyI6WyJkZXBhcnRtZW50IGVtcGxveWVlIl0sInBlcm1pc3Npb25zIjpbXSwicHJpbWFyeURlcGFydG1lbnRJZCI6IjY5Mjc1ZDhhZmMxMTg0YTNiM2U2YzU1ZiIsImVtcGxveWVlTnVtYmVyIjoiRU1QLTEwMjYiLCJpYXQiOjE3NjU5ODE4MDcsImV4cCI6MTc2NjA2ODIwN30.pGOMWhQwCaLv1pxIgfH94cJabQblyV1ywzk4gLSuAJw'[39m
[2m[WebServer] [22m}
[2m[WebServer] [22m≡ƒöì JWT Extractor - Headers: accessToken=eyJhbGciOiJIUzI1NiIsInR5cCI6IkpXVCJ9.eyJzdWIiOiI2OTI5ZTJkZTkzNGQ4ZTA3OWU2ZjU1YjYiLCJ3b3JrRW1haWwiOiJlbmdlbXAxLndvcmtAZXhhbXBsZS5jb20iLCJyb2xlcyI6WyJkZXBhcnRtZW50IGVtcGxveWVlIl0sInBlcm1pc3Npb25zIjpbXSwicHJpbWFyeURlcGFydG1lbnRJZCI6IjY5Mjc1ZDhhZmMxMTg0YTNiM2U2YzU1ZiIsImVtcGxveWVlTnVtYmVyIjoiRU1QLTEwMjYiLCJpYXQiOjE3NjU5ODE4MDcsImV4cCI6MTc2NjA2ODIwN30.pGOMWhQwCaLv1pxIgfH94cJabQblyV1ywzk4gLSuAJw
[2m[WebServer] [22m≡ƒöì JWT Extractor - accessToken: FOUND

[1A[2K[2m[WebServer] [22mJwtStrategy VALIDATE: {
[2m[WebServer] [22m  sub: [32m'6929e2de934d8e079e6f55b6'[39m,
[2m[WebServer] [22m  workEmail: [32m'engemp1.work@example.com'[39m,
[2m[WebServer] [22m  roles: [ [32m'department employee'[39m ],
[2m[WebServer] [22m  permissions: [],
[2m[WebServer] [22m  primaryDepartmentId: [32m'69275d8afc1184a3b3e6c55f'[39m,
[2m[WebServer] [22m  employeeNumber: [32m'EMP-1026'[39m,
[2m[WebServer] [22m  iat: [33m1765981807[39m,
[2m[WebServer] [22m  exp: [33m1766068207[39m
[2m[WebServer] [22m}

[1A[2K[2m[WebServer] [22m≡ƒöÑ JwtAuthGuard: handleRequest() {
[2m[WebServer] [22m  err: [1mnull[22m,
[2m[WebServer] [22m  user: {
[2m[WebServer] [22m    id: [32m'6929e2de934d8e079e6f55b6'[39m,
[2m[WebServer] [22m    workEmail: [32m'engemp1.work@example.com'[39m,
[2m[WebServer] [22m    roles: [ [32m'department employee'[39m ],
[2m[WebServer] [22m    permissions: [],
[2m[WebServer] [22m    primaryDepartmentId: [32m'69275d8afc1184a3b3e6c55f'[39m,
[2m[WebServer] [22m    employeeNumber: [32m'EMP-1026'[39m
[2m[WebServer] [22m  },
[2m[WebServer] [22m  info: [90mundefined[39m
[2m[WebServer] [22m}
[2m[WebServer] [22mΓ£à JwtAuthGuard SUCCESS ΓåÆ user authenticated: 6929e2de934d8e079e6f55b6
[2m[WebServer] [22m≡ƒöÑ RolesGuard running!

[1A[2K[2m[WebServer] [22m
[2m[WebServer] [22m===== ROLE GUARD =====
[2m[WebServer] [22mRequired roles: [
[2m[WebServer] [22m  [32m'department employee'[39m,
[2m[WebServer] [22m  [32m'HR Employee'[39m,
[2m[WebServer] [22m  [32m'department head'[39m,
[2m[WebServer] [22m  [32m'HR Manager'[39m,
[2m[WebServer] [22m  [32m'HR Admin'[39m,
[2m[WebServer] [22m  [32m'System Admin'[39m
[2m[WebServer] [22m]

[1A[2K[2m[WebServer] [22mUser object: {
[2m[WebServer] [22m  id: [32m'6929e2de934d8e079e6f55b6'[39m,
[2m[WebServer] [22m  workEmail: [32m'engemp1.work@example.com'[39m,
[2m[WebServer] [22m  roles: [ [32m'department employee'[39m ],
[2m[WebServer] [22m  permissions: [],
[2m[WebServer] [22m  primaryDepartmentId: [32m'69275d8afc1184a3b3e6c55f'[39m,
[2m[WebServer] [22m  employeeNumber: [32m'EMP-1026'[39m
[2m[WebServer] [22m}
[2m[WebServer] [22mNormalized user roles: [ [32m'department employee'[39m ]

[1A[2K[2m[WebServer] [22mNormalized required roles: [
[2m[WebServer] [22m  [32m'department employee'[39m,
[2m[WebServer] [22m  [32m'hr employee'[39m,
[2m[WebServer] [22m  [32m'department head'[39m,
[2m[WebServer] [22m  [32m'hr manager'[39m,
[2m[WebServer] [22m  [32m'hr admin'[39m,
[2m[WebServer] [22m  [32m'system admin'[39m
[2m[WebServer] [22m]
[2m[WebServer] [22mHas required role? [33mtrue[39m
[2m[WebServer] [22mΓ£ö ACCESS GRANTED Γ£ö

[1A[2K[2m[WebServer] [22m≡ƒöì [TrackingController] getMyHistory: {
[2m[WebServer] [22m  filters: [Object: null prototype] {},
[2m[WebServer] [22m  userId: [32m'6929e2de934d8e079e6f55b6'[39m
[2m[WebServer] [22m}

[1A[2K[2m[WebServer] [22m GET /leaves/my-leaves [32m200[39m in 46ms[2m (compile: 4ms, render: 43ms)[22m

[1A[2K[2m[WebServer] [22m≡ƒöÑ JwtAuthGuard: canActivate CALLED

[1A[2K[2m[WebServer] [22m≡ƒöì JWT Extractor - All cookies: {
[2m[WebServer] [22m  accessToken: [32m'eyJhbGciOiJIUzI1NiIsInR5cCI6IkpXVCJ9.eyJzdWIiOiI2OTI5ZTJkZTkzNGQ4ZTA3OWU2ZjU1YjYiLCJ3b3JrRW1haWwiOiJlbmdlbXAxLndvcmtAZXhhbXBsZS5jb20iLCJyb2xlcyI6WyJkZXBhcnRtZW50IGVtcGxveWVlIl0sInBlcm1pc3Npb25zIjpbXSwicHJpbWFyeURlcGFydG1lbnRJZCI6IjY5Mjc1ZDhhZmMxMTg0YTNiM2U2YzU1ZiIsImVtcGxveWVlTnVtYmVyIjoiRU1QLTEwMjYiLCJpYXQiOjE3NjU5ODE4MDcsImV4cCI6MTc2NjA2ODIwN30.pGOMWhQwCaLv1pxIgfH94cJabQblyV1ywzk4gLSuAJw'[39m
[2m[WebServer] [22m}
[2m[WebServer] [22m≡ƒöì JWT Extractor - Headers: accessToken=eyJhbGciOiJIUzI1NiIsInR5cCI6IkpXVCJ9.eyJzdWIiOiI2OTI5ZTJkZTkzNGQ4ZTA3OWU2ZjU1YjYiLCJ3b3JrRW1haWwiOiJlbmdlbXAxLndvcmtAZXhhbXBsZS5jb20iLCJyb2xlcyI6WyJkZXBhcnRtZW50IGVtcGxveWVlIl0sInBlcm1pc3Npb25zIjpbXSwicHJpbWFyeURlcGFydG1lbnRJZCI6IjY5Mjc1ZDhhZmMxMTg0YTNiM2U2YzU1ZiIsImVtcGxveWVlTnVtYmVyIjoiRU1QLTEwMjYiLCJpYXQiOjE3NjU5ODE4MDcsImV4cCI6MTc2NjA2ODIwN30.pGOMWhQwCaLv1pxIgfH94cJabQblyV1ywzk4gLSuAJw
[2m[WebServer] [22m≡ƒöì JWT Extractor - accessToken: FOUND

[1A[2K[2m[WebServer] [22mJwtStrategy VALIDATE: {
[2m[WebServer] [22m  sub: [32m'6929e2de934d8e079e6f55b6'[39m,
[2m[WebServer] [22m  workEmail: [32m'engemp1.work@example.com'[39m,
[2m[WebServer] [22m  roles: [ [32m'department employee'[39m ],
[2m[WebServer] [22m  permissions: [],
[2m[WebServer] [22m  primaryDepartmentId: [32m'69275d8afc1184a3b3e6c55f'[39m,
[2m[WebServer] [22m  employeeNumber: [32m'EMP-1026'[39m,
[2m[WebServer] [22m  iat: [33m1765981807[39m,
[2m[WebServer] [22m  exp: [33m1766068207[39m
[2m[WebServer] [22m}

[1A[2K[2m[WebServer] [22m≡ƒöÑ JwtAuthGuard: handleRequest() {
[2m[WebServer] [22m  err: [1mnull[22m,
[2m[WebServer] [22m  user: {
[2m[WebServer] [22m    id: [32m'6929e2de934d8e079e6f55b6'[39m,
[2m[WebServer] [22m    workEmail: [32m'engemp1.work@example.com'[39m,
[2m[WebServer] [22m    roles: [ [32m'department employee'[39m ],
[2m[WebServer] [22m    permissions: [],
[2m[WebServer] [22m    primaryDepartmentId: [32m'69275d8afc1184a3b3e6c55f'[39m,
[2m[WebServer] [22m    employeeNumber: [32m'EMP-1026'[39m
[2m[WebServer] [22m  },
[2m[WebServer] [22m  info: [90mundefined[39m
[2m[WebServer] [22m}
[2m[WebServer] [22mΓ£à JwtAuthGuard SUCCESS ΓåÆ user authenticated: 6929e2de934d8e079e6f55b6

[1A[2K[2m[WebServer] [22m≡ƒöì [LeaveTypeController] findAll

[1A[2K[2m[WebServer] [22m≡ƒöÑ JwtAuthGuard: canActivate CALLED

[1A[2K[2m[WebServer] [22m≡ƒöì JWT Extractor - All cookies: {
[2m[WebServer] [22m  accessToken: [32m'eyJhbGciOiJIUzI1NiIsInR5cCI6IkpXVCJ9.eyJzdWIiOiI2OTI5ZTJkZTkzNGQ4ZTA3OWU2ZjU1YjYiLCJ3b3JrRW1haWwiOiJlbmdlbXAxLndvcmtAZXhhbXBsZS5jb20iLCJyb2xlcyI6WyJkZXBhcnRtZW50IGVtcGxveWVlIl0sInBlcm1pc3Npb25zIjpbXSwicHJpbWFyeURlcGFydG1lbnRJZCI6IjY5Mjc1ZDhhZmMxMTg0YTNiM2U2YzU1ZiIsImVtcGxveWVlTnVtYmVyIjoiRU1QLTEwMjYiLCJpYXQiOjE3NjU5ODE4MDcsImV4cCI6MTc2NjA2ODIwN30.pGOMWhQwCaLv1pxIgfH94cJabQblyV1ywzk4gLSuAJw'[39m
[2m[WebServer] [22m}

[1A[2K[2m[WebServer] [22m≡ƒöì JWT Extractor - Headers: accessToken=eyJhbGciOiJIUzI1NiIsInR5cCI6IkpXVCJ9.eyJzdWIiOiI2OTI5ZTJkZTkzNGQ4ZTA3OWU2ZjU1YjYiLCJ3b3JrRW1haWwiOiJlbmdlbXAxLndvcmtAZXhhbXBsZS5jb20iLCJyb2xlcyI6WyJkZXBhcnRtZW50IGVtcGxveWVlIl0sInBlcm1pc3Npb25zIjpbXSwicHJpbWFyeURlcGFydG1lbnRJZCI6IjY5Mjc1ZDhhZmMxMTg0YTNiM2U2YzU1ZiIsImVtcGxveWVlTnVtYmVyIjoiRU1QLTEwMjYiLCJpYXQiOjE3NjU5ODE4MDcsImV4cCI6MTc2NjA2ODIwN30.pGOMWhQwCaLv1pxIgfH94cJabQblyV1ywzk4gLSuAJw
[2m[WebServer] [22m≡ƒöì JWT Extractor - accessToken: FOUND

[1A[2K[2m[WebServer] [22mJwtStrategy VALIDATE: {
[2m[WebServer] [22m  sub: [32m'6929e2de934d8e079e6f55b6'[39m,
[2m[WebServer] [22m  workEmail: [32m'engemp1.work@example.com'[39m,
[2m[WebServer] [22m  roles: [ [32m'department employee'[39m ],
[2m[WebServer] [22m  permissions: [],
[2m[WebServer] [22m  primaryDepartmentId: [32m'69275d8afc1184a3b3e6c55f'[39m,
[2m[WebServer] [22m  employeeNumber: [32m'EMP-1026'[39m,
[2m[WebServer] [22m  iat: [33m1765981807[39m,
[2m[WebServer] [22m  exp: [33m1766068207[39m
[2m[WebServer] [22m}

[1A[2K[2m[WebServer] [22m≡ƒöÑ JwtAuthGuard: handleRequest() {
[2m[WebServer] [22m  err: [1mnull[22m,
[2m[WebServer] [22m  user: {
[2m[WebServer] [22m    id: [32m'6929e2de934d8e079e6f55b6'[39m,
[2m[WebServer] [22m    workEmail: [32m'engemp1.work@example.com'[39m,
[2m[WebServer] [22m    roles: [ [32m'department employee'[39m ],
[2m[WebServer] [22m    permissions: [],
[2m[WebServer] [22m    primaryDepartmentId: [32m'69275d8afc1184a3b3e6c55f'[39m,
[2m[WebServer] [22m    employeeNumber: [32m'EMP-1026'[39m
[2m[WebServer] [22m  },
[2m[WebServer] [22m  info: [90mundefined[39m
[2m[WebServer] [22m}
[2m[WebServer] [22mΓ£à JwtAuthGuard SUCCESS ΓåÆ user authenticated: 6929e2de934d8e079e6f55b6
[2m[WebServer] [22m≡ƒöÑ RolesGuard running!

[1A[2K[2m[WebServer] [22m
[2m[WebServer] [22m===== ROLE GUARD =====
[2m[WebServer] [22mRequired roles: [
[2m[WebServer] [22m  [32m'department employee'[39m,
[2m[WebServer] [22m  [32m'HR Employee'[39m,
[2m[WebServer] [22m  [32m'department head'[39m,
[2m[WebServer] [22m  [32m'HR Manager'[39m,
[2m[WebServer] [22m  [32m'HR Admin'[39m,
[2m[WebServer] [22m  [32m'System Admin'[39m
[2m[WebServer] [22m]
[2m[WebServer] [22mUser object: {
[2m[WebServer] [22m  id: [32m'6929e2de934d8e079e6f55b6'[39m,
[2m[WebServer] [22m  workEmail: [32m'engemp1.work@example.com'[39m,
[2m[WebServer] [22m  roles: [ [32m'department employee'[39m ],
[2m[WebServer] [22m  permissions: [],
[2m[WebServer] [22m  primaryDepartmentId: [32m'69275d8afc1184a3b3e6c55f'[39m,
[2m[WebServer] [22m  employeeNumber: [32m'EMP-1026'[39m
[2m[WebServer] [22m}

[1A[2K[2m[WebServer] [22mNormalized user roles: [ [32m'department employee'[39m ]
[2m[WebServer] [22mNormalized required roles: [
[2m[WebServer] [22m  [32m'department employee'[39m,
[2m[WebServer] [22m  [32m'hr employee'[39m,
[2m[WebServer] [22m  [32m'department head'[39m,
[2m[WebServer] [22m  [32m'hr manager'[39m,
[2m[WebServer] [22m  [32m'hr admin'[39m,
[2m[WebServer] [22m  [32m'system admin'[39m
[2m[WebServer] [22m]
[2m[WebServer] [22mHas required role? [33mtrue[39m
[2m[WebServer] [22mΓ£ö ACCESS GRANTED Γ£ö

[1A[2K[2m[WebServer] [22m≡ƒöì [TrackingController] getMyBalances: {
[2m[WebServer] [22m  query: [Object: null prototype] {},
[2m[WebServer] [22m  userId: [32m'6929e2de934d8e079e6f55b6'[39m
[2m[WebServer] [22m}

[1A[2K[2m[WebServer] [22m≡ƒöÑ JwtAuthGuard: canActivate CALLED

[1A[2K[2m[WebServer] [22m≡ƒöì JWT Extractor - All cookies: {
[2m[WebServer] [22m  accessToken: [32m'eyJhbGciOiJIUzI1NiIsInR5cCI6IkpXVCJ9.eyJzdWIiOiI2OTI5ZTJkZTkzNGQ4ZTA3OWU2ZjU1YjYiLCJ3b3JrRW1haWwiOiJlbmdlbXAxLndvcmtAZXhhbXBsZS5jb20iLCJyb2xlcyI6WyJkZXBhcnRtZW50IGVtcGxveWVlIl0sInBlcm1pc3Npb25zIjpbXSwicHJpbWFyeURlcGFydG1lbnRJZCI6IjY5Mjc1ZDhhZmMxMTg0YTNiM2U2YzU1ZiIsImVtcGxveWVlTnVtYmVyIjoiRU1QLTEwMjYiLCJpYXQiOjE3NjU5ODE4MDcsImV4cCI6MTc2NjA2ODIwN30.pGOMWhQwCaLv1pxIgfH94cJabQblyV1ywzk4gLSuAJw'[39m
[2m[WebServer] [22m}

[1A[2K[2m[WebServer] [22m≡ƒöì JWT Extractor - Headers: accessToken=eyJhbGciOiJIUzI1NiIsInR5cCI6IkpXVCJ9.eyJzdWIiOiI2OTI5ZTJkZTkzNGQ4ZTA3OWU2ZjU1YjYiLCJ3b3JrRW1haWwiOiJlbmdlbXAxLndvcmtAZXhhbXBsZS5jb20iLCJyb2xlcyI6WyJkZXBhcnRtZW50IGVtcGxveWVlIl0sInBlcm1pc3Npb25zIjpbXSwicHJpbWFyeURlcGFydG1lbnRJZCI6IjY5Mjc1ZDhhZmMxMTg0YTNiM2U2YzU1ZiIsImVtcGxveWVlTnVtYmVyIjoiRU1QLTEwMjYiLCJpYXQiOjE3NjU5ODE4MDcsImV4cCI6MTc2NjA2ODIwN30.pGOMWhQwCaLv1pxIgfH94cJabQblyV1ywzk4gLSuAJw
[2m[WebServer] [22m≡ƒöì JWT Extractor - accessToken: FOUND

[1A[2K[2m[WebServer] [22mJwtStrategy VALIDATE: {
[2m[WebServer] [22m  sub: [32m'6929e2de934d8e079e6f55b6'[39m,
[2m[WebServer] [22m  workEmail: [32m'engemp1.work@example.com'[39m,
[2m[WebServer] [22m  roles: [ [32m'department employee'[39m ],
[2m[WebServer] [22m  permissions: [],
[2m[WebServer] [22m  primaryDepartmentId: [32m'69275d8afc1184a3b3e6c55f'[39m,
[2m[WebServer] [22m  employeeNumber: [32m'EMP-1026'[39m,
[2m[WebServer] [22m  iat: [33m1765981807[39m,
[2m[WebServer] [22m  exp: [33m1766068207[39m
[2m[WebServer] [22m}

[1A[2K[2m[WebServer] [22m≡ƒöÑ JwtAuthGuard: handleRequest() {
[2m[WebServer] [22m  err: [1mnull[22m,
[2m[WebServer] [22m  user: {
[2m[WebServer] [22m    id: [32m'6929e2de934d8e079e6f55b6'[39m,
[2m[WebServer] [22m    workEmail: [32m'engemp1.work@example.com'[39m,
[2m[WebServer] [22m    roles: [ [32m'department employee'[39m ],
[2m[WebServer] [22m    permissions: [],
[2m[WebServer] [22m    primaryDepartmentId: [32m'69275d8afc1184a3b3e6c55f'[39m,
[2m[WebServer] [22m    employeeNumber: [32m'EMP-1026'[39m
[2m[WebServer] [22m  },
[2m[WebServer] [22m  info: [90mundefined[39m
[2m[WebServer] [22m}
[2m[WebServer] [22mΓ£à JwtAuthGuard SUCCESS ΓåÆ user authenticated: 6929e2de934d8e079e6f55b6
[2m[WebServer] [22m≡ƒöÑ RolesGuard running!
[2m[WebServer] [22m
[2m[WebServer] [22m===== ROLE GUARD =====

[1A[2K[2m[WebServer] [22mRequired roles: [
[2m[WebServer] [22m  [32m'department employee'[39m,
[2m[WebServer] [22m  [32m'HR Employee'[39m,
[2m[WebServer] [22m  [32m'department head'[39m,
[2m[WebServer] [22m  [32m'HR Manager'[39m,
[2m[WebServer] [22m  [32m'HR Admin'[39m,
[2m[WebServer] [22m  [32m'System Admin'[39m
[2m[WebServer] [22m]
[2m[WebServer] [22mUser object: {
[2m[WebServer] [22m  id: [32m'6929e2de934d8e079e6f55b6'[39m,
[2m[WebServer] [22m  workEmail: [32m'engemp1.work@example.com'[39m,
[2m[WebServer] [22m  roles: [ [32m'department employee'[39m ],
[2m[WebServer] [22m  permissions: [],
[2m[WebServer] [22m  primaryDepartmentId: [32m'69275d8afc1184a3b3e6c55f'[39m,
[2m[WebServer] [22m  employeeNumber: [32m'EMP-1026'[39m
[2m[WebServer] [22m}
[2m[WebServer] [22mNormalized user roles: [ [32m'department employee'[39m ]

[1A[2K[2m[WebServer] [22mNormalized required roles: [
[2m[WebServer] [22m  [32m'department employee'[39m,
[2m[WebServer] [22m  [32m'hr employee'[39m,
[2m[WebServer] [22m  [32m'department head'[39m,
[2m[WebServer] [22m  [32m'hr manager'[39m,
[2m[WebServer] [22m  [32m'hr admin'[39m,
[2m[WebServer] [22m  [32m'system admin'[39m
[2m[WebServer] [22m]
[2m[WebServer] [22mHas required role? [33mtrue[39m
[2m[WebServer] [22mΓ£ö ACCESS GRANTED Γ£ö

[1A[2K[2m[WebServer] [22m≡ƒöì [RequestsController] getMyRequests: { userId: [90mundefined[39m }

[1A[2K[2m[WebServer] [22m≡ƒöÑ JwtAuthGuard: canActivate CALLED

[1A[2K[2m[WebServer] [22m≡ƒöì JWT Extractor - All cookies: {
[2m[WebServer] [22m  accessToken: [32m'eyJhbGciOiJIUzI1NiIsInR5cCI6IkpXVCJ9.eyJzdWIiOiI2OTI5ZTJkZTkzNGQ4ZTA3OWU2ZjU1YjYiLCJ3b3JrRW1haWwiOiJlbmdlbXAxLndvcmtAZXhhbXBsZS5jb20iLCJyb2xlcyI6WyJkZXBhcnRtZW50IGVtcGxveWVlIl0sInBlcm1pc3Npb25zIjpbXSwicHJpbWFyeURlcGFydG1lbnRJZCI6IjY5Mjc1ZDhhZmMxMTg0YTNiM2U2YzU1ZiIsImVtcGxveWVlTnVtYmVyIjoiRU1QLTEwMjYiLCJpYXQiOjE3NjU5ODE4MDcsImV4cCI6MTc2NjA2ODIwN30.pGOMWhQwCaLv1pxIgfH94cJabQblyV1ywzk4gLSuAJw'[39m
[2m[WebServer] [22m}
[2m[WebServer] [22m≡ƒöì JWT Extractor - Headers: accessToken=eyJhbGciOiJIUzI1NiIsInR5cCI6IkpXVCJ9.eyJzdWIiOiI2OTI5ZTJkZTkzNGQ4ZTA3OWU2ZjU1YjYiLCJ3b3JrRW1haWwiOiJlbmdlbXAxLndvcmtAZXhhbXBsZS5jb20iLCJyb2xlcyI6WyJkZXBhcnRtZW50IGVtcGxveWVlIl0sInBlcm1pc3Npb25zIjpbXSwicHJpbWFyeURlcGFydG1lbnRJZCI6IjY5Mjc1ZDhhZmMxMTg0YTNiM2U2YzU1ZiIsImVtcGxveWVlTnVtYmVyIjoiRU1QLTEwMjYiLCJpYXQiOjE3NjU5ODE4MDcsImV4cCI6MTc2NjA2ODIwN30.pGOMWhQwCaLv1pxIgfH94cJabQblyV1ywzk4gLSuAJw
[2m[WebServer] [22m≡ƒöì JWT Extractor - accessToken: FOUND

[1A[2K[2m[WebServer] [22mJwtStrategy VALIDATE: {
[2m[WebServer] [22m  sub: [32m'6929e2de934d8e079e6f55b6'[39m,
[2m[WebServer] [22m  workEmail: [32m'engemp1.work@example.com'[39m,
[2m[WebServer] [22m  roles: [ [32m'department employee'[39m ],
[2m[WebServer] [22m  permissions: [],
[2m[WebServer] [22m  primaryDepartmentId: [32m'69275d8afc1184a3b3e6c55f'[39m,
[2m[WebServer] [22m  employeeNumber: [32m'EMP-1026'[39m,
[2m[WebServer] [22m  iat: [33m1765981807[39m,
[2m[WebServer] [22m  exp: [33m1766068207[39m
[2m[WebServer] [22m}

[1A[2K[2m[WebServer] [22m≡ƒöÑ JwtAuthGuard: handleRequest() {
[2m[WebServer] [22m  err: [1mnull[22m,
[2m[WebServer] [22m  user: {
[2m[WebServer] [22m    id: [32m'6929e2de934d8e079e6f55b6'[39m,
[2m[WebServer] [22m    workEmail: [32m'engemp1.work@example.com'[39m,
[2m[WebServer] [22m    roles: [ [32m'department employee'[39m ],
[2m[WebServer] [22m    permissions: [],
[2m[WebServer] [22m    primaryDepartmentId: [32m'69275d8afc1184a3b3e6c55f'[39m,
[2m[WebServer] [22m    employeeNumber: [32m'EMP-1026'[39m
[2m[WebServer] [22m  },
[2m[WebServer] [22m  info: [90mundefined[39m
[2m[WebServer] [22m}

[1A[2K[2m[WebServer] [22mΓ£à JwtAuthGuard SUCCESS ΓåÆ user authenticated: 6929e2de934d8e079e6f55b6

[1A[2K[2m[WebServer] [22m≡ƒöÑ RolesGuard running!

[1A[2K[2m[WebServer] [22m
[2m[WebServer] [22m===== ROLE GUARD =====

[1A[2K[2m[WebServer] [22mRequired roles: [
[2m[WebServer] [22m  [32m'department employee'[39m,
[2m[WebServer] [22m  [32m'HR Employee'[39m,
[2m[WebServer] [22m  [32m'department head'[39m,
[2m[WebServer] [22m  [32m'HR Manager'[39m,
[2m[WebServer] [22m  [32m'HR Admin'[39m,
[2m[WebServer] [22m  [32m'System Admin'[39m
[2m[WebServer] [22m]

[1A[2K[2m[WebServer] [22mUser object: {
[2m[WebServer] [22m  id: [32m'6929e2de934d8e079e6f55b6'[39m,
[2m[WebServer] [22m  workEmail: [32m'engemp1.work@example.com'[39m,
[2m[WebServer] [22m  roles: [ [32m'department employee'[39m ],
[2m[WebServer] [22m  permissions: [],
[2m[WebServer] [22m  primaryDepartmentId: [32m'69275d8afc1184a3b3e6c55f'[39m,
[2m[WebServer] [22m  employeeNumber: [32m'EMP-1026'[39m
[2m[WebServer] [22m}
[2m[WebServer] [22mNormalized user roles: [ [32m'department employee'[39m ]

[1A[2K[2m[WebServer] [22mNormalized required roles: [
[2m[WebServer] [22m  [32m'department employee'[39m,
[2m[WebServer] [22m  [32m'hr employee'[39m,
[2m[WebServer] [22m  [32m'department head'[39m,
[2m[WebServer] [22m  [32m'hr manager'[39m,
[2m[WebServer] [22m  [32m'hr admin'[39m,
[2m[WebServer] [22m  [32m'system admin'[39m
[2m[WebServer] [22m]

[1A[2K[2m[WebServer] [22mHas required role? [33mtrue[39m
[2m[WebServer] [22mΓ£ö ACCESS GRANTED Γ£ö

[1A[2K[2m[WebServer] [22m≡ƒöì [CalendarsController] calculateWorkingDays: { from: [32m'2026-01-16'[39m, to: [32m'2026-01-20'[39m }

[1A[2K[2m[WebServer] [22m≡ƒöÑ JwtAuthGuard: canActivate CALLED

[1A[2K[2m[WebServer] [22m≡ƒöì JWT Extractor - All cookies: {
[2m[WebServer] [22m  accessToken: [32m'eyJhbGciOiJIUzI1NiIsInR5cCI6IkpXVCJ9.eyJzdWIiOiI2OTI5ZTJkZTkzNGQ4ZTA3OWU2ZjU1YjYiLCJ3b3JrRW1haWwiOiJlbmdlbXAxLndvcmtAZXhhbXBsZS5jb20iLCJyb2xlcyI6WyJkZXBhcnRtZW50IGVtcGxveWVlIl0sInBlcm1pc3Npb25zIjpbXSwicHJpbWFyeURlcGFydG1lbnRJZCI6IjY5Mjc1ZDhhZmMxMTg0YTNiM2U2YzU1ZiIsImVtcGxveWVlTnVtYmVyIjoiRU1QLTEwMjYiLCJpYXQiOjE3NjU5ODE4MDcsImV4cCI6MTc2NjA2ODIwN30.pGOMWhQwCaLv1pxIgfH94cJabQblyV1ywzk4gLSuAJw'[39m
[2m[WebServer] [22m}
[2m[WebServer] [22m≡ƒöì JWT Extractor - Headers: accessToken=eyJhbGciOiJIUzI1NiIsInR5cCI6IkpXVCJ9.eyJzdWIiOiI2OTI5ZTJkZTkzNGQ4ZTA3OWU2ZjU1YjYiLCJ3b3JrRW1haWwiOiJlbmdlbXAxLndvcmtAZXhhbXBsZS5jb20iLCJyb2xlcyI6WyJkZXBhcnRtZW50IGVtcGxveWVlIl0sInBlcm1pc3Npb25zIjpbXSwicHJpbWFyeURlcGFydG1lbnRJZCI6IjY5Mjc1ZDhhZmMxMTg0YTNiM2U2YzU1ZiIsImVtcGxveWVlTnVtYmVyIjoiRU1QLTEwMjYiLCJpYXQiOjE3NjU5ODE4MDcsImV4cCI6MTc2NjA2ODIwN30.pGOMWhQwCaLv1pxIgfH94cJabQblyV1ywzk4gLSuAJw
[2m[WebServer] [22m≡ƒöì JWT Extractor - accessToken: FOUND

[1A[2K[2m[WebServer] [22mJwtStrategy VALIDATE: {
[2m[WebServer] [22m  sub: [32m'6929e2de934d8e079e6f55b6'[39m,
[2m[WebServer] [22m  workEmail: [32m'engemp1.work@example.com'[39m,
[2m[WebServer] [22m  roles: [ [32m'department employee'[39m ],
[2m[WebServer] [22m  permissions: [],
[2m[WebServer] [22m  primaryDepartmentId: [32m'69275d8afc1184a3b3e6c55f'[39m,
[2m[WebServer] [22m  employeeNumber: [32m'EMP-1026'[39m,
[2m[WebServer] [22m  iat: [33m1765981807[39m,
[2m[WebServer] [22m  exp: [33m1766068207[39m
[2m[WebServer] [22m}

[1A[2K[2m[WebServer] [22m≡ƒöÑ JwtAuthGuard: handleRequest() {
[2m[WebServer] [22m  err: [1mnull[22m,
[2m[WebServer] [22m  user: {
[2m[WebServer] [22m    id: [32m'6929e2de934d8e079e6f55b6'[39m,
[2m[WebServer] [22m    workEmail: [32m'engemp1.work@example.com'[39m,
[2m[WebServer] [22m    roles: [ [32m'department employee'[39m ],
[2m[WebServer] [22m    permissions: [],
[2m[WebServer] [22m    primaryDepartmentId: [32m'69275d8afc1184a3b3e6c55f'[39m,
[2m[WebServer] [22m    employeeNumber: [32m'EMP-1026'[39m
[2m[WebServer] [22m  },
[2m[WebServer] [22m  info: [90mundefined[39m
[2m[WebServer] [22m}
[2m[WebServer] [22mΓ£à JwtAuthGuard SUCCESS ΓåÆ user authenticated: 6929e2de934d8e079e6f55b6
[2m[WebServer] [22m≡ƒöÑ RolesGuard running!
[2m[WebServer] [22m
[2m[WebServer] [22m===== ROLE GUARD =====
[2m[WebServer] [22mRequired roles: [
[2m[WebServer] [22m  [32m'department employee'[39m,
[2m[WebServer] [22m  [32m'HR Employee'[39m,
[2m[WebServer] [22m  [32m'department head'[39m,
[2m[WebServer] [22m  [32m'HR Manager'[39m,
[2m[WebServer] [22m  [32m'HR Admin'[39m,
[2m[WebServer] [22m  [32m'System Admin'[39m
[2m[WebServer] [22m]

[1A[2K[2m[WebServer] [22mUser object: {
[2m[WebServer] [22m  id: [32m'6929e2de934d8e079e6f55b6'[39m,
[2m[WebServer] [22m  workEmail: [32m'engemp1.work@example.com'[39m,
[2m[WebServer] [22m  roles: [ [32m'department employee'[39m ],
[2m[WebServer] [22m  permissions: [],
[2m[WebServer] [22m  primaryDepartmentId: [32m'69275d8afc1184a3b3e6c55f'[39m,
[2m[WebServer] [22m  employeeNumber: [32m'EMP-1026'[39m
[2m[WebServer] [22m}

[1A[2K[2m[WebServer] [22mNormalized user roles: [ [32m'department employee'[39m ]
[2m[WebServer] [22mNormalized required roles: [
[2m[WebServer] [22m  [32m'department employee'[39m,
[2m[WebServer] [22m  [32m'hr employee'[39m,
[2m[WebServer] [22m  [32m'department head'[39m,
[2m[WebServer] [22m  [32m'hr manager'[39m,
[2m[WebServer] [22m  [32m'hr admin'[39m,
[2m[WebServer] [22m  [32m'system admin'[39m
[2m[WebServer] [22m]
[2m[WebServer] [22mHas required role? [33mtrue[39m
[2m[WebServer] [22mΓ£ö ACCESS GRANTED Γ£ö

[1A[2K[2m[WebServer] [22m≡ƒöì [CalendarsController] checkBlockedPeriods: { from: [32m'2026-01-16'[39m, to: [32m'2026-01-20'[39m }

[1A[2K[2m[WebServer] [22m≡ƒöÑ JwtAuthGuard: canActivate CALLED

[1A[2K[2m[WebServer] [22m≡ƒöì JWT Extractor - All cookies: {
[2m[WebServer] [22m  accessToken: [32m'eyJhbGciOiJIUzI1NiIsInR5cCI6IkpXVCJ9.eyJzdWIiOiI2OTI5ZTJkZTkzNGQ4ZTA3OWU2ZjU1YjYiLCJ3b3JrRW1haWwiOiJlbmdlbXAxLndvcmtAZXhhbXBsZS5jb20iLCJyb2xlcyI6WyJkZXBhcnRtZW50IGVtcGxveWVlIl0sInBlcm1pc3Npb25zIjpbXSwicHJpbWFyeURlcGFydG1lbnRJZCI6IjY5Mjc1ZDhhZmMxMTg0YTNiM2U2YzU1ZiIsImVtcGxveWVlTnVtYmVyIjoiRU1QLTEwMjYiLCJpYXQiOjE3NjU5ODE4MDcsImV4cCI6MTc2NjA2ODIwN30.pGOMWhQwCaLv1pxIgfH94cJabQblyV1ywzk4gLSuAJw'[39m
[2m[WebServer] [22m}
[2m[WebServer] [22m≡ƒöì JWT Extractor - Headers: accessToken=eyJhbGciOiJIUzI1NiIsInR5cCI6IkpXVCJ9.eyJzdWIiOiI2OTI5ZTJkZTkzNGQ4ZTA3OWU2ZjU1YjYiLCJ3b3JrRW1haWwiOiJlbmdlbXAxLndvcmtAZXhhbXBsZS5jb20iLCJyb2xlcyI6WyJkZXBhcnRtZW50IGVtcGxveWVlIl0sInBlcm1pc3Npb25zIjpbXSwicHJpbWFyeURlcGFydG1lbnRJZCI6IjY5Mjc1ZDhhZmMxMTg0YTNiM2U2YzU1ZiIsImVtcGxveWVlTnVtYmVyIjoiRU1QLTEwMjYiLCJpYXQiOjE3NjU5ODE4MDcsImV4cCI6MTc2NjA2ODIwN30.pGOMWhQwCaLv1pxIgfH94cJabQblyV1ywzk4gLSuAJw

[1A[2K[2m[WebServer] [22m≡ƒöì JWT Extractor - accessToken: FOUND

[1A[2K[2m[WebServer] [22mJwtStrategy VALIDATE: {
[2m[WebServer] [22m  sub: [32m'6929e2de934d8e079e6f55b6'[39m,
[2m[WebServer] [22m  workEmail: [32m'engemp1.work@example.com'[39m,
[2m[WebServer] [22m  roles: [ [32m'department employee'[39m ],
[2m[WebServer] [22m  permissions: [],
[2m[WebServer] [22m  primaryDepartmentId: [32m'69275d8afc1184a3b3e6c55f'[39m,
[2m[WebServer] [22m  employeeNumber: [32m'EMP-1026'[39m,
[2m[WebServer] [22m  iat: [33m1765981807[39m,
[2m[WebServer] [22m  exp: [33m1766068207[39m
[2m[WebServer] [22m}

[1A[2K[2m[WebServer] [22m≡ƒöÑ JwtAuthGuard: handleRequest() {
[2m[WebServer] [22m  err: [1mnull[22m,
[2m[WebServer] [22m  user: {
[2m[WebServer] [22m    id: [32m'6929e2de934d8e079e6f55b6'[39m,
[2m[WebServer] [22m    workEmail: [32m'engemp1.work@example.com'[39m,
[2m[WebServer] [22m    roles: [ [32m'department employee'[39m ],
[2m[WebServer] [22m    permissions: [],
[2m[WebServer] [22m    primaryDepartmentId: [32m'69275d8afc1184a3b3e6c55f'[39m,
[2m[WebServer] [22m    employeeNumber: [32m'EMP-1026'[39m
[2m[WebServer] [22m  },
[2m[WebServer] [22m  info: [90mundefined[39m
[2m[WebServer] [22m}

[1A[2K[2m[WebServer] [22mΓ£à JwtAuthGuard SUCCESS ΓåÆ user authenticated: 6929e2de934d8e079e6f55b6
[2m[WebServer] [22m≡ƒöÑ RolesGuard running!

[1A[2K[2m[WebServer] [22m
[2m[WebServer] [22m===== ROLE GUARD =====

[1A[2K[2m[WebServer] [22mRequired roles: [
[2m[WebServer] [22m  [32m'department employee'[39m,
[2m[WebServer] [22m  [32m'HR Employee'[39m,
[2m[WebServer] [22m  [32m'department head'[39m,
[2m[WebServer] [22m  [32m'HR Manager'[39m,
[2m[WebServer] [22m  [32m'HR Admin'[39m,
[2m[WebServer] [22m  [32m'System Admin'[39m
[2m[WebServer] [22m]

[1A[2K[2m[WebServer] [22mUser object: {
[2m[WebServer] [22m  id: [32m'6929e2de934d8e079e6f55b6'[39m,
[2m[WebServer] [22m  workEmail: [32m'engemp1.work@example.com'[39m,
[2m[WebServer] [22m  roles: [ [32m'department employee'[39m ],
[2m[WebServer] [22m  permissions: [],
[2m[WebServer] [22m  primaryDepartmentId: [32m'69275d8afc1184a3b3e6c55f'[39m,
[2m[WebServer] [22m  employeeNumber: [32m'EMP-1026'[39m
[2m[WebServer] [22m}
[2m[WebServer] [22mNormalized user roles: [ [32m'department employee'[39m ]
[2m[WebServer] [22mNormalized required roles: [
[2m[WebServer] [22m  [32m'department employee'[39m,
[2m[WebServer] [22m  [32m'hr employee'[39m,
[2m[WebServer] [22m  [32m'department head'[39m,
[2m[WebServer] [22m  [32m'hr manager'[39m,
[2m[WebServer] [22m  [32m'hr admin'[39m,
[2m[WebServer] [22m  [32m'system admin'[39m
[2m[WebServer] [22m]

[1A[2K[2m[WebServer] [22mHas required role? [33mtrue[39m
[2m[WebServer] [22mΓ£ö ACCESS GRANTED Γ£ö

[1A[2K[2m[WebServer] [22m≡ƒöì [RequestsController] checkOverlap: { from: [32m'2026-01-16'[39m, to: [32m'2026-01-20'[39m, excludeId: [90mundefined[39m }

[1A[2K
================================================================================

[1A[2K≡ƒÄë ALL LEAVE MANAGEMENT TESTS COMPLETED

[1A[2K================================================================================

[1A[2KΓ£à Employee 1 (EMP-1026): All scenarios tested

[1A[2KΓ£à Employee 2 (EMP-1027): Low balance scenarios tested

[1A[2KΓ£à Manager (EMP-1025): Approval workflows tested

[1A[2KΓ£à HR (EMP-1019): System-wide management tested

[1A[2K================================================================================


[1A[2K  1) [chromium] ΓÇ║ leave-tests.spec.ts:251:7 ΓÇ║ ≡ƒºæ EMPLOYEE 1 (EMP-1026 - Engineering) - All Scenarios ΓÇ║ Γ£à C1: Submit basic annual leave request 

    Error: [2mexpect([22m[31mlocator[39m[2m).[22mtoBeVisible[2m([22m[2m)[22m failed

    Locator: locator('text=/working days/i')
    Expected: visible
    Timeout: 10000ms
    Error: element(s) not found

    Call log:
    [2m  - Expect "toBeVisible" with timeout 10000ms[22m
    [2m  - waiting for locator('text=/working days/i')[22m


      265 |     
      266 |     // Wait for working days calculation
    > 267 |     await expect(page.locator('text=/working days/i')).toBeVisible({ timeout: 10000 });
          |                                                        ^
      268 |     
      269 |     // Submit and verify
      270 |     await submitAndVerifySuccess(page);
        at C:\Users\Bedon\Desktop\semester-5-software-project\leave-tests.spec.ts:267:56

    attachment #1: screenshot (image/png) ΓöÇΓöÇΓöÇΓöÇΓöÇΓöÇΓöÇΓöÇΓöÇΓöÇΓöÇΓöÇΓöÇΓöÇΓöÇΓöÇΓöÇΓöÇΓöÇΓöÇΓöÇΓöÇΓöÇΓöÇΓöÇΓöÇΓöÇΓöÇΓöÇΓöÇΓöÇΓöÇΓöÇΓöÇΓöÇΓöÇΓöÇΓöÇΓöÇΓöÇΓöÇΓöÇΓöÇΓöÇΓöÇΓöÇΓöÇΓöÇΓöÇΓöÇΓöÇΓöÇΓöÇΓöÇΓöÇΓöÇΓöÇΓöÇ
    test-results\leave-tests-≡ƒºæ-EMPLOYEE-1--a0c7b--basic-annual-leave-request-chromium\test-failed-1.png
    ΓöÇΓöÇΓöÇΓöÇΓöÇΓöÇΓöÇΓöÇΓöÇΓöÇΓöÇΓöÇΓöÇΓöÇΓöÇΓöÇΓöÇΓöÇΓöÇΓöÇΓöÇΓöÇΓöÇΓöÇΓöÇΓöÇΓöÇΓöÇΓöÇΓöÇΓöÇΓöÇΓöÇΓöÇΓöÇΓöÇΓöÇΓöÇΓöÇΓöÇΓöÇΓöÇΓöÇΓöÇΓöÇΓöÇΓöÇΓöÇΓöÇΓöÇΓöÇΓöÇΓöÇΓöÇΓöÇΓöÇΓöÇΓöÇΓöÇΓöÇΓöÇΓöÇΓöÇΓöÇΓöÇΓöÇΓöÇΓöÇΓöÇΓöÇΓöÇΓöÇΓöÇΓöÇΓöÇΓöÇΓöÇΓöÇΓöÇΓöÇΓöÇΓöÇΓöÇΓöÇΓöÇΓöÇΓöÇΓöÇΓöÇΓöÇΓöÇΓöÇΓöÇΓöÇΓöÇΓöÇ

    attachment #2: video (video/webm) ΓöÇΓöÇΓöÇΓöÇΓöÇΓöÇΓöÇΓöÇΓöÇΓöÇΓöÇΓöÇΓöÇΓöÇΓöÇΓöÇΓöÇΓöÇΓöÇΓöÇΓöÇΓöÇΓöÇΓöÇΓöÇΓöÇΓöÇΓöÇΓöÇΓöÇΓöÇΓöÇΓöÇΓöÇΓöÇΓöÇΓöÇΓöÇΓöÇΓöÇΓöÇΓöÇΓöÇΓöÇΓöÇΓöÇΓöÇΓöÇΓöÇΓöÇΓöÇΓöÇΓöÇΓöÇΓöÇΓöÇΓöÇΓöÇΓöÇΓöÇΓöÇΓöÇ
    test-results\leave-tests-≡ƒºæ-EMPLOYEE-1--a0c7b--basic-annual-leave-request-chromium\video.webm
    ΓöÇΓöÇΓöÇΓöÇΓöÇΓöÇΓöÇΓöÇΓöÇΓöÇΓöÇΓöÇΓöÇΓöÇΓöÇΓöÇΓöÇΓöÇΓöÇΓöÇΓöÇΓöÇΓöÇΓöÇΓöÇΓöÇΓöÇΓöÇΓöÇΓöÇΓöÇΓöÇΓöÇΓöÇΓöÇΓöÇΓöÇΓöÇΓöÇΓöÇΓöÇΓöÇΓöÇΓöÇΓöÇΓöÇΓöÇΓöÇΓöÇΓöÇΓöÇΓöÇΓöÇΓöÇΓöÇΓöÇΓöÇΓöÇΓöÇΓöÇΓöÇΓöÇΓöÇΓöÇΓöÇΓöÇΓöÇΓöÇΓöÇΓöÇΓöÇΓöÇΓöÇΓöÇΓöÇΓöÇΓöÇΓöÇΓöÇΓöÇΓöÇΓöÇΓöÇΓöÇΓöÇΓöÇΓöÇΓöÇΓöÇΓöÇΓöÇΓöÇΓöÇΓöÇΓöÇΓöÇ

    Error Context: test-results\leave-tests-≡ƒºæ-EMPLOYEE-1--a0c7b--basic-annual-leave-request-chromium\error-context.md


[1A[2K[4/35] [chromium] ΓÇ║ leave-tests.spec.ts:275:7 ΓÇ║ ≡ƒºæ EMPLOYEE 1 (EMP-1026 - Engineering) - All Scenarios ΓÇ║ Γ£à C2: Submit half-day leave request (REQ-019)
[1A[2K[chromium] ΓÇ║ leave-tests.spec.ts:275:7 ΓÇ║ ≡ƒºæ EMPLOYEE 1 (EMP-1026 - Engineering) - All Scenarios ΓÇ║ Γ£à C2: Submit half-day leave request (REQ-019)
≡ƒöÉ Logging in as: engemp1.work@example.com

[1A[2K[2m[WebServer] [22m GET /login [32m200[39m in 76ms[2m (compile: 4ms, render: 72ms)[22m

[1A[2K[2m[WebServer] [22m≡ƒöÑ JwtAuthGuard: canActivate CALLED

[1A[2K[2m[WebServer] [22m≡ƒöì JWT Extractor - All cookies: [Object: null prototype] {}
[2m[WebServer] [22m≡ƒöì JWT Extractor - Headers: [90mundefined[39m
[2m[WebServer] [22m≡ƒöì JWT Extractor - accessToken: NOT FOUND

[1A[2K[2m[WebServer] [22m≡ƒöÑ JwtAuthGuard: handleRequest() {
[2m[WebServer] [22m  err: [1mnull[22m,
[2m[WebServer] [22m  user: [33mfalse[39m,
[2m[WebServer] [22m  info: Error: No auth token
[2m[WebServer] [22m      at JwtStrategy.authenticate [90m(C:\Users\Bedon\Desktop\semester-5-software-project\backend\[39mnode_modules\[4mpassport-jwt[24m\lib\strategy.js:96:26[90m)[39m
[2m[WebServer] [22m      at attempt [90m(C:\Users\Bedon\Desktop\semester-5-software-project\backend\[39mnode_modules\[4mpassport[24m\lib\middleware\authenticate.js:378:16[90m)[39m
[2m[WebServer] [22m      at authenticate [90m(C:\Users\Bedon\Desktop\semester-5-software-project\backend\[39mnode_modules\[4mpassport[24m\lib\middleware\authenticate.js:379:7[90m)[39m
[2m[WebServer] [22m      at [90mC:\Users\Bedon\Desktop\semester-5-software-project\backend\[39mnode_modules\[4m@nestjs[24m\passport\dist\auth.guard.js:88:3
[2m[WebServer] [22m      at new Promise (<anonymous>)
[2m[WebServer] [22m      at [90mC:\Users\Bedon\Desktop\semester-5-software-project\backend\[39mnode_modules\[4m@nestjs[24m\passport\dist\auth.guard.js:80:83
[2m[WebServer] [22m      at JwtAuthGuard.canActivate [90m(C:\Users\Bedon\Desktop\semester-5-software-project\backend\[39mnode_modules\[4m@nestjs[24m\passport\dist\auth.guard.js:44:32[90m)[39m
[2m[WebServer] [22m  [90m    at process.processTicksAndRejections (node:internal/process/task_queues:105:5)[39m
[2m[WebServer] [22m}

[1A[2K[2m[WebServer] [22mΓ¥î JwtAuthGuard INFO: Error: No auth token
[2m[WebServer] [22m    at JwtStrategy.authenticate 
[90m(C:\Users\Bedon\Desktop\semester-5-software-project\backend\[39mnode_modules\[4mpassport-jwt[24m\lib\strategy.js:96:26[90m)[39m
[2m[WebServer] [22m    at attempt 
[90m(C:\Users\Bedon\Desktop\semester-5-software-project\backend\[39mnode_modules\[4mpassport[24m\lib\middleware\authenticate.js:378:16[90m)[39m
[2m[WebServer] [22m    at authenticate 
[90m(C:\Users\Bedon\Desktop\semester-5-software-project\backend\[39mnode_modules\[4mpassport[24m\lib\middleware\authenticate.js:379:7[90m)[39m
[2m[WebServer] [22m    at [90mC:\Users\Bedon\Desktop\semester-5-software-project\backend\[39mnode_modules\[4m@nestjs[24m\passport\dist\auth.guard.js:88:3
[2m[WebServer] [22m    at new Promise (<anonymous>)
[2m[WebServer] [22m    at 
[90mC:\Users\Bedon\Desktop\semester-5-software-project\backend\[39mnode_modules\[4m@nestjs[24m\passport\dist\auth.guard.js:80:83
[2m[WebServer] [22m    at JwtAuthGuard.canActivate 
[90m(C:\Users\Bedon\Desktop\semester-5-software-project\backend\[39mnode_modules\[4m@nestjs[24m\passport\dist\auth.guard.js:44:32[90m)[39m
[2m[WebServer] [22m[90m    at process.processTicksAndRejections (node:internal/process/task_queues:105:5)[39m

[1A[2K[2m[WebServer] [22mΓ¥î JwtAuthGuard FAILING ΓåÆ No auth token

[1A[2K[2m[WebServer] [22mVALIDATE EMPLOYEE - systemRole = {
[2m[WebServer] [22m  _id: new ObjectId([32m'6929e2de934d8e079e6f55b8'[39m),
[2m[WebServer] [22m  employeeProfileId: new ObjectId([32m'6929e2de934d8e079e6f55b6'[39m),
[2m[WebServer] [22m  roles: [ [32m'department employee'[39m ],
[2m[WebServer] [22m  permissions: [],
[2m[WebServer] [22m  isActive: [33mtrue[39m,
[2m[WebServer] [22m  createdAt: [35m2025-11-28T17:58:54.894Z[39m,
[2m[WebServer] [22m  updatedAt: [35m2025-11-28T17:58:54.894Z[39m,
[2m[WebServer] [22m  __v: [33m0[39m
[2m[WebServer] [22m}

[1A[2K[2m[WebServer] [22mGenerated token: eyJhbGciOiJIUzI1NiIsInR5cCI6IkpXVCJ9.eyJzdWIiOiI2OTI5ZTJkZTkzNGQ4ZTA3OWU2ZjU1YjYiLCJ3b3JrRW1haWwiOiJlbmdlbXAxLndvcmtAZXhhbXBsZS5jb20iLCJyb2xlcyI6WyJkZXBhcnRtZW50IGVtcGxveWVlIl0sInBlcm1pc3Npb25zIjpbXSwicHJpbWFyeURlcGFydG1lbnRJZCI6IjY5Mjc1ZDhhZmMxMTg0YTNiM2U2YzU1ZiIsImVtcGxveWVlTnVtYmVyIjoiRU1QLTEwMjYiLCJpYXQiOjE3NjU5ODE4MjEsImV4cCI6MTc2NjA2ODIyMX0.8CsQOUQ25gpIwn09pOe8ULHLJM4Q1X8Bradw1NzX3oY

[1A[2K[2m[WebServer] [22m GET /leaves [32m200[39m in 21ms[2m (compile: 4ms, render: 18ms)[22m

[1A[2KΓ£à Login successful

[1A[2K≡ƒô¥ Testing Half-Day Leave Request

[1A[2K[2m[WebServer] [22m≡ƒöÑ JwtAuthGuard: canActivate CALLED

[1A[2K[2m[WebServer] [22m≡ƒöì JWT Extractor - All cookies: {
[2m[WebServer] [22m  accessToken: [32m'eyJhbGciOiJIUzI1NiIsInR5cCI6IkpXVCJ9.eyJzdWIiOiI2OTI5ZTJkZTkzNGQ4ZTA3OWU2ZjU1YjYiLCJ3b3JrRW1haWwiOiJlbmdlbXAxLndvcmtAZXhhbXBsZS5jb20iLCJyb2xlcyI6WyJkZXBhcnRtZW50IGVtcGxveWVlIl0sInBlcm1pc3Npb25zIjpbXSwicHJpbWFyeURlcGFydG1lbnRJZCI6IjY5Mjc1ZDhhZmMxMTg0YTNiM2U2YzU1ZiIsImVtcGxveWVlTnVtYmVyIjoiRU1QLTEwMjYiLCJpYXQiOjE3NjU5ODE4MjEsImV4cCI6MTc2NjA2ODIyMX0.8CsQOUQ25gpIwn09pOe8ULHLJM4Q1X8Bradw1NzX3oY'[39m
[2m[WebServer] [22m}
[2m[WebServer] [22m≡ƒöì JWT Extractor - Headers: accessToken=eyJhbGciOiJIUzI1NiIsInR5cCI6IkpXVCJ9.eyJzdWIiOiI2OTI5ZTJkZTkzNGQ4ZTA3OWU2ZjU1YjYiLCJ3b3JrRW1haWwiOiJlbmdlbXAxLndvcmtAZXhhbXBsZS5jb20iLCJyb2xlcyI6WyJkZXBhcnRtZW50IGVtcGxveWVlIl0sInBlcm1pc3Npb25zIjpbXSwicHJpbWFyeURlcGFydG1lbnRJZCI6IjY5Mjc1ZDhhZmMxMTg0YTNiM2U2YzU1ZiIsImVtcGxveWVlTnVtYmVyIjoiRU1QLTEwMjYiLCJpYXQiOjE3NjU5ODE4MjEsImV4cCI6MTc2NjA2ODIyMX0.8CsQOUQ25gpIwn09pOe8ULHLJM4Q1X8Bradw1NzX3oY
[2m[WebServer] [22m≡ƒöì JWT Extractor - accessToken: FOUND

[1A[2K[2m[WebServer] [22mJwtStrategy VALIDATE: {
[2m[WebServer] [22m  sub: [32m'6929e2de934d8e079e6f55b6'[39m,
[2m[WebServer] [22m  workEmail: [32m'engemp1.work@example.com'[39m,
[2m[WebServer] [22m  roles: [ [32m'department employee'[39m ],
[2m[WebServer] [22m  permissions: [],
[2m[WebServer] [22m  primaryDepartmentId: [32m'69275d8afc1184a3b3e6c55f'[39m,
[2m[WebServer] [22m  employeeNumber: [32m'EMP-1026'[39m,
[2m[WebServer] [22m  iat: [33m1765981821[39m,
[2m[WebServer] [22m  exp: [33m1766068221[39m
[2m[WebServer] [22m}

[1A[2K[2m[WebServer] [22m≡ƒöÑ JwtAuthGuard: handleRequest() {
[2m[WebServer] [22m  err: [1mnull[22m,
[2m[WebServer] [22m  user: {
[2m[WebServer] [22m    id: [32m'6929e2de934d8e079e6f55b6'[39m,
[2m[WebServer] [22m    workEmail: [32m'engemp1.work@example.com'[39m,
[2m[WebServer] [22m    roles: [ [32m'department employee'[39m ],
[2m[WebServer] [22m    permissions: [],
[2m[WebServer] [22m    primaryDepartmentId: [32m'69275d8afc1184a3b3e6c55f'[39m,
[2m[WebServer] [22m    employeeNumber: [32m'EMP-1026'[39m
[2m[WebServer] [22m  },
[2m[WebServer] [22m  info: [90mundefined[39m
[2m[WebServer] [22m}
[2m[WebServer] [22mΓ£à JwtAuthGuard SUCCESS ΓåÆ user authenticated: 6929e2de934d8e079e6f55b6

[1A[2K[2m[WebServer] [22m≡ƒöÑ RolesGuard running!
[2m[WebServer] [22m
[2m[WebServer] [22m===== ROLE GUARD =====
[2m[WebServer] [22mRequired roles: [
[2m[WebServer] [22m  [32m'department employee'[39m,
[2m[WebServer] [22m  [32m'HR Employee'[39m,
[2m[WebServer] [22m  [32m'department head'[39m,
[2m[WebServer] [22m  [32m'HR Manager'[39m,
[2m[WebServer] [22m  [32m'HR Admin'[39m,
[2m[WebServer] [22m  [32m'System Admin'[39m
[2m[WebServer] [22m]

[1A[2K[2m[WebServer] [22mUser object: {
[2m[WebServer] [22m  id: [32m'6929e2de934d8e079e6f55b6'[39m,
[2m[WebServer] [22m  workEmail: [32m'engemp1.work@example.com'[39m,
[2m[WebServer] [22m  roles: [ [32m'department employee'[39m ],
[2m[WebServer] [22m  permissions: [],
[2m[WebServer] [22m  primaryDepartmentId: [32m'69275d8afc1184a3b3e6c55f'[39m,
[2m[WebServer] [22m  employeeNumber: [32m'EMP-1026'[39m
[2m[WebServer] [22m}
[2m[WebServer] [22mNormalized user roles: [ [32m'department employee'[39m ]

[1A[2K[2m[WebServer] [22mNormalized required roles: [
[2m[WebServer] [22m  [32m'department employee'[39m,
[2m[WebServer] [22m  [32m'hr employee'[39m,
[2m[WebServer] [22m  [32m'department head'[39m,
[2m[WebServer] [22m  [32m'hr manager'[39m,
[2m[WebServer] [22m  [32m'hr admin'[39m,
[2m[WebServer] [22m  [32m'system admin'[39m
[2m[WebServer] [22m]
[2m[WebServer] [22mHas required role? [33mtrue[39m
[2m[WebServer] [22mΓ£ö ACCESS GRANTED Γ£ö

[1A[2K[2m[WebServer] [22m≡ƒöì [TrackingController] getMyBalances: {
[2m[WebServer] [22m  query: [Object: null prototype] {},
[2m[WebServer] [22m  userId: [32m'6929e2de934d8e079e6f55b6'[39m
[2m[WebServer] [22m}

[1A[2K[2m[WebServer] [22m≡ƒöÑ JwtAuthGuard: canActivate CALLED

[1A[2K[2m[WebServer] [22m≡ƒöì JWT Extractor - All cookies: {
[2m[WebServer] [22m  accessToken: [32m'eyJhbGciOiJIUzI1NiIsInR5cCI6IkpXVCJ9.eyJzdWIiOiI2OTI5ZTJkZTkzNGQ4ZTA3OWU2ZjU1YjYiLCJ3b3JrRW1haWwiOiJlbmdlbXAxLndvcmtAZXhhbXBsZS5jb20iLCJyb2xlcyI6WyJkZXBhcnRtZW50IGVtcGxveWVlIl0sInBlcm1pc3Npb25zIjpbXSwicHJpbWFyeURlcGFydG1lbnRJZCI6IjY5Mjc1ZDhhZmMxMTg0YTNiM2U2YzU1ZiIsImVtcGxveWVlTnVtYmVyIjoiRU1QLTEwMjYiLCJpYXQiOjE3NjU5ODE4MjEsImV4cCI6MTc2NjA2ODIyMX0.8CsQOUQ25gpIwn09pOe8ULHLJM4Q1X8Bradw1NzX3oY'[39m
[2m[WebServer] [22m}
[2m[WebServer] [22m≡ƒöì JWT Extractor - Headers: accessToken=eyJhbGciOiJIUzI1NiIsInR5cCI6IkpXVCJ9.eyJzdWIiOiI2OTI5ZTJkZTkzNGQ4ZTA3OWU2ZjU1YjYiLCJ3b3JrRW1haWwiOiJlbmdlbXAxLndvcmtAZXhhbXBsZS5jb20iLCJyb2xlcyI6WyJkZXBhcnRtZW50IGVtcGxveWVlIl0sInBlcm1pc3Npb25zIjpbXSwicHJpbWFyeURlcGFydG1lbnRJZCI6IjY5Mjc1ZDhhZmMxMTg0YTNiM2U2YzU1ZiIsImVtcGxveWVlTnVtYmVyIjoiRU1QLTEwMjYiLCJpYXQiOjE3NjU5ODE4MjEsImV4cCI6MTc2NjA2ODIyMX0.8CsQOUQ25gpIwn09pOe8ULHLJM4Q1X8Bradw1NzX3oY
[2m[WebServer] [22m≡ƒöì JWT Extractor - accessToken: FOUND

[1A[2K[2m[WebServer] [22mJwtStrategy VALIDATE: {
[2m[WebServer] [22m  sub: [32m'6929e2de934d8e079e6f55b6'[39m,
[2m[WebServer] [22m  workEmail: [32m'engemp1.work@example.com'[39m,
[2m[WebServer] [22m  roles: [ [32m'department employee'[39m ],
[2m[WebServer] [22m  permissions: [],
[2m[WebServer] [22m  primaryDepartmentId: [32m'69275d8afc1184a3b3e6c55f'[39m,
[2m[WebServer] [22m  employeeNumber: [32m'EMP-1026'[39m,
[2m[WebServer] [22m  iat: [33m1765981821[39m,
[2m[WebServer] [22m  exp: [33m1766068221[39m
[2m[WebServer] [22m}

[1A[2K[2m[WebServer] [22m≡ƒöÑ JwtAuthGuard: handleRequest() {
[2m[WebServer] [22m  err: [1mnull[22m,
[2m[WebServer] [22m  user: {
[2m[WebServer] [22m    id: [32m'6929e2de934d8e079e6f55b6'[39m,
[2m[WebServer] [22m    workEmail: [32m'engemp1.work@example.com'[39m,
[2m[WebServer] [22m    roles: [ [32m'department employee'[39m ],
[2m[WebServer] [22m    permissions: [],
[2m[WebServer] [22m    primaryDepartmentId: [32m'69275d8afc1184a3b3e6c55f'[39m,
[2m[WebServer] [22m    employeeNumber: [32m'EMP-1026'[39m
[2m[WebServer] [22m  },
[2m[WebServer] [22m  info: [90mundefined[39m
[2m[WebServer] [22m}
[2m[WebServer] [22mΓ£à JwtAuthGuard SUCCESS ΓåÆ user authenticated: 6929e2de934d8e079e6f55b6
[2m[WebServer] [22m≡ƒöÑ RolesGuard running!
[2m[WebServer] [22m
[2m[WebServer] [22m===== ROLE GUARD =====

[1A[2K[2m[WebServer] [22mRequired roles: [
[2m[WebServer] [22m  [32m'department employee'[39m,
[2m[WebServer] [22m  [32m'HR Employee'[39m,
[2m[WebServer] [22m  [32m'department head'[39m,
[2m[WebServer] [22m  [32m'HR Manager'[39m,
[2m[WebServer] [22m  [32m'HR Admin'[39m,
[2m[WebServer] [22m  [32m'System Admin'[39m
[2m[WebServer] [22m]
[2m[WebServer] [22mUser object: {
[2m[WebServer] [22m  id: [32m'6929e2de934d8e079e6f55b6'[39m,
[2m[WebServer] [22m  workEmail: [32m'engemp1.work@example.com'[39m,
[2m[WebServer] [22m  roles: [ [32m'department employee'[39m ],
[2m[WebServer] [22m  permissions: [],
[2m[WebServer] [22m  primaryDepartmentId: [32m'69275d8afc1184a3b3e6c55f'[39m,
[2m[WebServer] [22m  employeeNumber: [32m'EMP-1026'[39m
[2m[WebServer] [22m}
[2m[WebServer] [22mNormalized user roles: [ [32m'department employee'[39m ]

[1A[2K[2m[WebServer] [22mNormalized required roles: [
[2m[WebServer] [22m  [32m'department employee'[39m,
[2m[WebServer] [22m  [32m'hr employee'[39m,
[2m[WebServer] [22m  [32m'department head'[39m,
[2m[WebServer] [22m  [32m'hr manager'[39m,
[2m[WebServer] [22m  [32m'hr admin'[39m,
[2m[WebServer] [22m  [32m'system admin'[39m
[2m[WebServer] [22m]
[2m[WebServer] [22mHas required role? [33mtrue[39m
[2m[WebServer] [22mΓ£ö ACCESS GRANTED Γ£ö

[1A[2K[2m[WebServer] [22m≡ƒöì [TrackingController] getMyHistory: {
[2m[WebServer] [22m  filters: [Object: null prototype] {},
[2m[WebServer] [22m  userId: [32m'6929e2de934d8e079e6f55b6'[39m
[2m[WebServer] [22m}

[1A[2K[2m[WebServer] [22m GET /leaves/my-leaves [32m200[39m in 72ms[2m (compile: 3ms, render: 69ms)[22m

[1A[2K[2m[WebServer] [22m≡ƒöÑ JwtAuthGuard: canActivate CALLED

[1A[2K[2m[WebServer] [22m≡ƒöì JWT Extractor - All cookies: {
[2m[WebServer] [22m  accessToken: [32m'eyJhbGciOiJIUzI1NiIsInR5cCI6IkpXVCJ9.eyJzdWIiOiI2OTI5ZTJkZTkzNGQ4ZTA3OWU2ZjU1YjYiLCJ3b3JrRW1haWwiOiJlbmdlbXAxLndvcmtAZXhhbXBsZS5jb20iLCJyb2xlcyI6WyJkZXBhcnRtZW50IGVtcGxveWVlIl0sInBlcm1pc3Npb25zIjpbXSwicHJpbWFyeURlcGFydG1lbnRJZCI6IjY5Mjc1ZDhhZmMxMTg0YTNiM2U2YzU1ZiIsImVtcGxveWVlTnVtYmVyIjoiRU1QLTEwMjYiLCJpYXQiOjE3NjU5ODE4MjEsImV4cCI6MTc2NjA2ODIyMX0.8CsQOUQ25gpIwn09pOe8ULHLJM4Q1X8Bradw1NzX3oY'[39m
[2m[WebServer] [22m}
[2m[WebServer] [22m≡ƒöì JWT Extractor - Headers: accessToken=eyJhbGciOiJIUzI1NiIsInR5cCI6IkpXVCJ9.eyJzdWIiOiI2OTI5ZTJkZTkzNGQ4ZTA3OWU2ZjU1YjYiLCJ3b3JrRW1haWwiOiJlbmdlbXAxLndvcmtAZXhhbXBsZS5jb20iLCJyb2xlcyI6WyJkZXBhcnRtZW50IGVtcGxveWVlIl0sInBlcm1pc3Npb25zIjpbXSwicHJpbWFyeURlcGFydG1lbnRJZCI6IjY5Mjc1ZDhhZmMxMTg0YTNiM2U2YzU1ZiIsImVtcGxveWVlTnVtYmVyIjoiRU1QLTEwMjYiLCJpYXQiOjE3NjU5ODE4MjEsImV4cCI6MTc2NjA2ODIyMX0.8CsQOUQ25gpIwn09pOe8ULHLJM4Q1X8Bradw1NzX3oY
[2m[WebServer] [22m≡ƒöì JWT Extractor - accessToken: FOUND

[1A[2K[2m[WebServer] [22mJwtStrategy VALIDATE: {
[2m[WebServer] [22m  sub: [32m'6929e2de934d8e079e6f55b6'[39m,
[2m[WebServer] [22m  workEmail: [32m'engemp1.work@example.com'[39m,
[2m[WebServer] [22m  roles: [ [32m'department employee'[39m ],
[2m[WebServer] [22m  permissions: [],
[2m[WebServer] [22m  primaryDepartmentId: [32m'69275d8afc1184a3b3e6c55f'[39m,
[2m[WebServer] [22m  employeeNumber: [32m'EMP-1026'[39m,
[2m[WebServer] [22m  iat: [33m1765981821[39m,
[2m[WebServer] [22m  exp: [33m1766068221[39m
[2m[WebServer] [22m}

[1A[2K[2m[WebServer] [22m≡ƒöÑ JwtAuthGuard: handleRequest() {
[2m[WebServer] [22m  err: [1mnull[22m,
[2m[WebServer] [22m  user: {
[2m[WebServer] [22m    id: [32m'6929e2de934d8e079e6f55b6'[39m,
[2m[WebServer] [22m    workEmail: [32m'engemp1.work@example.com'[39m,
[2m[WebServer] [22m    roles: [ [32m'department employee'[39m ],
[2m[WebServer] [22m    permissions: [],
[2m[WebServer] [22m    primaryDepartmentId: [32m'69275d8afc1184a3b3e6c55f'[39m,
[2m[WebServer] [22m    employeeNumber: [32m'EMP-1026'[39m
[2m[WebServer] [22m  },
[2m[WebServer] [22m  info: [90mundefined[39m
[2m[WebServer] [22m}
[2m[WebServer] [22mΓ£à JwtAuthGuard SUCCESS ΓåÆ user authenticated: 6929e2de934d8e079e6f55b6

[1A[2K[2m[WebServer] [22m≡ƒöì [LeaveTypeController] findAll

[1A[2K[2m[WebServer] [22m≡ƒöÑ JwtAuthGuard: canActivate CALLED

[1A[2K[2m[WebServer] [22m≡ƒöì JWT Extractor - All cookies: {
[2m[WebServer] [22m  accessToken: [32m'eyJhbGciOiJIUzI1NiIsInR5cCI6IkpXVCJ9.eyJzdWIiOiI2OTI5ZTJkZTkzNGQ4ZTA3OWU2ZjU1YjYiLCJ3b3JrRW1haWwiOiJlbmdlbXAxLndvcmtAZXhhbXBsZS5jb20iLCJyb2xlcyI6WyJkZXBhcnRtZW50IGVtcGxveWVlIl0sInBlcm1pc3Npb25zIjpbXSwicHJpbWFyeURlcGFydG1lbnRJZCI6IjY5Mjc1ZDhhZmMxMTg0YTNiM2U2YzU1ZiIsImVtcGxveWVlTnVtYmVyIjoiRU1QLTEwMjYiLCJpYXQiOjE3NjU5ODE4MjEsImV4cCI6MTc2NjA2ODIyMX0.8CsQOUQ25gpIwn09pOe8ULHLJM4Q1X8Bradw1NzX3oY'[39m
[2m[WebServer] [22m}
[2m[WebServer] [22m≡ƒöì JWT Extractor - Headers: accessToken=eyJhbGciOiJIUzI1NiIsInR5cCI6IkpXVCJ9.eyJzdWIiOiI2OTI5ZTJkZTkzNGQ4ZTA3OWU2ZjU1YjYiLCJ3b3JrRW1haWwiOiJlbmdlbXAxLndvcmtAZXhhbXBsZS5jb20iLCJyb2xlcyI6WyJkZXBhcnRtZW50IGVtcGxveWVlIl0sInBlcm1pc3Npb25zIjpbXSwicHJpbWFyeURlcGFydG1lbnRJZCI6IjY5Mjc1ZDhhZmMxMTg0YTNiM2U2YzU1ZiIsImVtcGxveWVlTnVtYmVyIjoiRU1QLTEwMjYiLCJpYXQiOjE3NjU5ODE4MjEsImV4cCI6MTc2NjA2ODIyMX0.8CsQOUQ25gpIwn09pOe8ULHLJM4Q1X8Bradw1NzX3oY

[1A[2K[2m[WebServer] [22m≡ƒöì JWT Extractor - accessToken: FOUND

[1A[2K[2m[WebServer] [22mJwtStrategy VALIDATE: {
[2m[WebServer] [22m  sub: [32m'6929e2de934d8e079e6f55b6'[39m,
[2m[WebServer] [22m  workEmail: [32m'engemp1.work@example.com'[39m,
[2m[WebServer] [22m  roles: [ [32m'department employee'[39m ],
[2m[WebServer] [22m  permissions: [],
[2m[WebServer] [22m  primaryDepartmentId: [32m'69275d8afc1184a3b3e6c55f'[39m,
[2m[WebServer] [22m  employeeNumber: [32m'EMP-1026'[39m,
[2m[WebServer] [22m  iat: [33m1765981821[39m,
[2m[WebServer] [22m  exp: [33m1766068221[39m
[2m[WebServer] [22m}

[1A[2K[2m[WebServer] [22m≡ƒöÑ JwtAuthGuard: handleRequest() {
[2m[WebServer] [22m  err: [1mnull[22m,
[2m[WebServer] [22m  user: {
[2m[WebServer] [22m    id: [32m'6929e2de934d8e079e6f55b6'[39m,
[2m[WebServer] [22m    workEmail: [32m'engemp1.work@example.com'[39m,
[2m[WebServer] [22m    roles: [ [32m'department employee'[39m ],
[2m[WebServer] [22m    permissions: [],
[2m[WebServer] [22m    primaryDepartmentId: [32m'69275d8afc1184a3b3e6c55f'[39m,
[2m[WebServer] [22m    employeeNumber: [32m'EMP-1026'[39m
[2m[WebServer] [22m  },
[2m[WebServer] [22m  info: [90mundefined[39m
[2m[WebServer] [22m}

[1A[2K[2m[WebServer] [22mΓ£à JwtAuthGuard SUCCESS ΓåÆ user authenticated: 6929e2de934d8e079e6f55b6

[1A[2K[2m[WebServer] [22m≡ƒöÑ RolesGuard running!

[1A[2K[2m[WebServer] [22m
[2m[WebServer] [22m===== ROLE GUARD =====
[2m[WebServer] [22mRequired roles: [
[2m[WebServer] [22m  [32m'department employee'[39m,
[2m[WebServer] [22m  [32m'HR Employee'[39m,
[2m[WebServer] [22m  [32m'department head'[39m,
[2m[WebServer] [22m  [32m'HR Manager'[39m,
[2m[WebServer] [22m  [32m'HR Admin'[39m,
[2m[WebServer] [22m  [32m'System Admin'[39m
[2m[WebServer] [22m]

[1A[2K[2m[WebServer] [22mUser object: {
[2m[WebServer] [22m  id: [32m'6929e2de934d8e079e6f55b6'[39m,
[2m[WebServer] [22m  workEmail: [32m'engemp1.work@example.com'[39m,
[2m[WebServer] [22m  roles: [ [32m'department employee'[39m ],
[2m[WebServer] [22m  permissions: [],
[2m[WebServer] [22m  primaryDepartmentId: [32m'69275d8afc1184a3b3e6c55f'[39m,
[2m[WebServer] [22m  employeeNumber: [32m'EMP-1026'[39m
[2m[WebServer] [22m}

[1A[2K[2m[WebServer] [22mNormalized user roles: [ [32m'department employee'[39m ]

[1A[2K[2m[WebServer] [22mNormalized required roles: [
[2m[WebServer] [22m  [32m'department employee'[39m,
[2m[WebServer] [22m  [32m'hr employee'[39m,
[2m[WebServer] [22m  [32m'department head'[39m,
[2m[WebServer] [22m  [32m'hr manager'[39m,
[2m[WebServer] [22m  [32m'hr admin'[39m,
[2m[WebServer] [22m  [32m'system admin'[39m
[2m[WebServer] [22m]
[2m[WebServer] [22mHas required role? [33mtrue[39m

[1A[2K[2m[WebServer] [22mΓ£ö ACCESS GRANTED Γ£ö

[1A[2K[2m[WebServer] [22m≡ƒöì [TrackingController] getMyBalances: {
[2m[WebServer] [22m  query: [Object: null prototype] {},
[2m[WebServer] [22m  userId: [32m'6929e2de934d8e079e6f55b6'[39m
[2m[WebServer] [22m}

[1A[2K[2m[WebServer] [22m≡ƒöÑ JwtAuthGuard: canActivate CALLED

[1A[2K[2m[WebServer] [22m≡ƒöì JWT Extractor - All cookies: {
[2m[WebServer] [22m  accessToken: [32m'eyJhbGciOiJIUzI1NiIsInR5cCI6IkpXVCJ9.eyJzdWIiOiI2OTI5ZTJkZTkzNGQ4ZTA3OWU2ZjU1YjYiLCJ3b3JrRW1haWwiOiJlbmdlbXAxLndvcmtAZXhhbXBsZS5jb20iLCJyb2xlcyI6WyJkZXBhcnRtZW50IGVtcGxveWVlIl0sInBlcm1pc3Npb25zIjpbXSwicHJpbWFyeURlcGFydG1lbnRJZCI6IjY5Mjc1ZDhhZmMxMTg0YTNiM2U2YzU1ZiIsImVtcGxveWVlTnVtYmVyIjoiRU1QLTEwMjYiLCJpYXQiOjE3NjU5ODE4MjEsImV4cCI6MTc2NjA2ODIyMX0.8CsQOUQ25gpIwn09pOe8ULHLJM4Q1X8Bradw1NzX3oY'[39m
[2m[WebServer] [22m}
[2m[WebServer] [22m≡ƒöì JWT Extractor - Headers: accessToken=eyJhbGciOiJIUzI1NiIsInR5cCI6IkpXVCJ9.eyJzdWIiOiI2OTI5ZTJkZTkzNGQ4ZTA3OWU2ZjU1YjYiLCJ3b3JrRW1haWwiOiJlbmdlbXAxLndvcmtAZXhhbXBsZS5jb20iLCJyb2xlcyI6WyJkZXBhcnRtZW50IGVtcGxveWVlIl0sInBlcm1pc3Npb25zIjpbXSwicHJpbWFyeURlcGFydG1lbnRJZCI6IjY5Mjc1ZDhhZmMxMTg0YTNiM2U2YzU1ZiIsImVtcGxveWVlTnVtYmVyIjoiRU1QLTEwMjYiLCJpYXQiOjE3NjU5ODE4MjEsImV4cCI6MTc2NjA2ODIyMX0.8CsQOUQ25gpIwn09pOe8ULHLJM4Q1X8Bradw1NzX3oY
[2m[WebServer] [22m≡ƒöì JWT Extractor - accessToken: FOUND

[1A[2K[2m[WebServer] [22mJwtStrategy VALIDATE: {
[2m[WebServer] [22m  sub: [32m'6929e2de934d8e079e6f55b6'[39m,
[2m[WebServer] [22m  workEmail: [32m'engemp1.work@example.com'[39m,
[2m[WebServer] [22m  roles: [ [32m'department employee'[39m ],
[2m[WebServer] [22m  permissions: [],
[2m[WebServer] [22m  primaryDepartmentId: [32m'69275d8afc1184a3b3e6c55f'[39m,
[2m[WebServer] [22m  employeeNumber: [32m'EMP-1026'[39m,
[2m[WebServer] [22m  iat: [33m1765981821[39m,
[2m[WebServer] [22m  exp: [33m1766068221[39m
[2m[WebServer] [22m}

[1A[2K[2m[WebServer] [22m≡ƒöÑ JwtAuthGuard: handleRequest() {
[2m[WebServer] [22m  err: [1mnull[22m,
[2m[WebServer] [22m  user: {
[2m[WebServer] [22m    id: [32m'6929e2de934d8e079e6f55b6'[39m,
[2m[WebServer] [22m    workEmail: [32m'engemp1.work@example.com'[39m,
[2m[WebServer] [22m    roles: [ [32m'department employee'[39m ],
[2m[WebServer] [22m    permissions: [],
[2m[WebServer] [22m    primaryDepartmentId: [32m'69275d8afc1184a3b3e6c55f'[39m,
[2m[WebServer] [22m    employeeNumber: [32m'EMP-1026'[39m
[2m[WebServer] [22m  },
[2m[WebServer] [22m  info: [90mundefined[39m
[2m[WebServer] [22m}

[1A[2K[2m[WebServer] [22mΓ£à JwtAuthGuard SUCCESS ΓåÆ user authenticated: 6929e2de934d8e079e6f55b6

[1A[2K[2m[WebServer] [22m≡ƒöÑ RolesGuard running!

[1A[2K[2m[WebServer] [22m
[2m[WebServer] [22m===== ROLE GUARD =====

[1A[2K[2m[WebServer] [22mRequired roles: [
[2m[WebServer] [22m  [32m'department employee'[39m,
[2m[WebServer] [22m  [32m'HR Employee'[39m,
[2m[WebServer] [22m  [32m'department head'[39m,
[2m[WebServer] [22m  [32m'HR Manager'[39m,
[2m[WebServer] [22m  [32m'HR Admin'[39m,
[2m[WebServer] [22m  [32m'System Admin'[39m
[2m[WebServer] [22m]

[1A[2K[2m[WebServer] [22mUser object: {
[2m[WebServer] [22m  id: [32m'6929e2de934d8e079e6f55b6'[39m,
[2m[WebServer] [22m  workEmail: [32m'engemp1.work@example.com'[39m,
[2m[WebServer] [22m  roles: [ [32m'department employee'[39m ],
[2m[WebServer] [22m  permissions: [],
[2m[WebServer] [22m  primaryDepartmentId: [32m'69275d8afc1184a3b3e6c55f'[39m,
[2m[WebServer] [22m  employeeNumber: [32m'EMP-1026'[39m
[2m[WebServer] [22m}
[2m[WebServer] [22mNormalized user roles: [ [32m'department employee'[39m ]

[1A[2K[2m[WebServer] [22mNormalized required roles: [
[2m[WebServer] [22m  [32m'department employee'[39m,
[2m[WebServer] [22m  [32m'hr employee'[39m,
[2m[WebServer] [22m  [32m'department head'[39m,
[2m[WebServer] [22m  [32m'hr manager'[39m,
[2m[WebServer] [22m  [32m'hr admin'[39m,
[2m[WebServer] [22m  [32m'system admin'[39m
[2m[WebServer] [22m]

[1A[2K[2m[WebServer] [22mHas required role? [33mtrue[39m
[2m[WebServer] [22mΓ£ö ACCESS GRANTED Γ£ö
[2m[WebServer] [22m≡ƒöì [RequestsController] getMyRequests: { userId: [90mundefined[39m }

[1A[2KΓÜá∩╕Å API response timeout

[1A[2K
================================================================================

[1A[2K≡ƒÄë ALL LEAVE MANAGEMENT TESTS COMPLETED

[1A[2K================================================================================

[1A[2KΓ£à Employee 1 (EMP-1026): All scenarios tested

[1A[2KΓ£à Employee 2 (EMP-1027): Low balance scenarios tested

[1A[2KΓ£à Manager (EMP-1025): Approval workflows tested

[1A[2KΓ£à HR (EMP-1019): System-wide management tested

[1A[2K================================================================================


[1A[2K  2) [chromium] ΓÇ║ leave-tests.spec.ts:275:7 ΓÇ║ ≡ƒºæ EMPLOYEE 1 (EMP-1026 - Engineering) - All Scenarios ΓÇ║ Γ£à C2: Submit half-day leave request (REQ-019) 

    Error: [2mexpect([22m[31mlocator[39m[2m).[22mtoBeVisible[2m([22m[2m)[22m failed

    Locator: locator('text=/success|submitted|created/i')
    Expected: visible
    Timeout: 10000ms
    Error: element(s) not found

    Call log:
    [2m  - Expect "toBeVisible" with timeout 10000ms[22m
    [2m  - waiting for locator('text=/success|submitted|created/i')[22m


      74 |   
      75 |   // Verify success message
    > 76 |   await expect(page.locator('text=/success|submitted|created/i')).toBeVisible({ timeout: 10000 });
         |                                                                   ^
      77 | }
      78 |
      79 | /**
        at submitAndVerifySuccess (C:\Users\Bedon\Desktop\semester-5-software-project\leave-tests.spec.ts:76:67)
        at C:\Users\Bedon\Desktop\semester-5-software-project\leave-tests.spec.ts:300:5

    attachment #1: screenshot (image/png) ΓöÇΓöÇΓöÇΓöÇΓöÇΓöÇΓöÇΓöÇΓöÇΓöÇΓöÇΓöÇΓöÇΓöÇΓöÇΓöÇΓöÇΓöÇΓöÇΓöÇΓöÇΓöÇΓöÇΓöÇΓöÇΓöÇΓöÇΓöÇΓöÇΓöÇΓöÇΓöÇΓöÇΓöÇΓöÇΓöÇΓöÇΓöÇΓöÇΓöÇΓöÇΓöÇΓöÇΓöÇΓöÇΓöÇΓöÇΓöÇΓöÇΓöÇΓöÇΓöÇΓöÇΓöÇΓöÇΓöÇΓöÇΓöÇ
    test-results\leave-tests-≡ƒºæ-EMPLOYEE-1--ea461--day-leave-request-REQ-019--chromium\test-failed-1.png
    ΓöÇΓöÇΓöÇΓöÇΓöÇΓöÇΓöÇΓöÇΓöÇΓöÇΓöÇΓöÇΓöÇΓöÇΓöÇΓöÇΓöÇΓöÇΓöÇΓöÇΓöÇΓöÇΓöÇΓöÇΓöÇΓöÇΓöÇΓöÇΓöÇΓöÇΓöÇΓöÇΓöÇΓöÇΓöÇΓöÇΓöÇΓöÇΓöÇΓöÇΓöÇΓöÇΓöÇΓöÇΓöÇΓöÇΓöÇΓöÇΓöÇΓöÇΓöÇΓöÇΓöÇΓöÇΓöÇΓöÇΓöÇΓöÇΓöÇΓöÇΓöÇΓöÇΓöÇΓöÇΓöÇΓöÇΓöÇΓöÇΓöÇΓöÇΓöÇΓöÇΓöÇΓöÇΓöÇΓöÇΓöÇΓöÇΓöÇΓöÇΓöÇΓöÇΓöÇΓöÇΓöÇΓöÇΓöÇΓöÇΓöÇΓöÇΓöÇΓöÇΓöÇΓöÇΓöÇΓöÇ

    attachment #2: video (video/webm) ΓöÇΓöÇΓöÇΓöÇΓöÇΓöÇΓöÇΓöÇΓöÇΓöÇΓöÇΓöÇΓöÇΓöÇΓöÇΓöÇΓöÇΓöÇΓöÇΓöÇΓöÇΓöÇΓöÇΓöÇΓöÇΓöÇΓöÇΓöÇΓöÇΓöÇΓöÇΓöÇΓöÇΓöÇΓöÇΓöÇΓöÇΓöÇΓöÇΓöÇΓöÇΓöÇΓöÇΓöÇΓöÇΓöÇΓöÇΓöÇΓöÇΓöÇΓöÇΓöÇΓöÇΓöÇΓöÇΓöÇΓöÇΓöÇΓöÇΓöÇΓöÇΓöÇ
    test-results\leave-tests-≡ƒºæ-EMPLOYEE-1--ea461--day-leave-request-REQ-019--chromium\video.webm
    ΓöÇΓöÇΓöÇΓöÇΓöÇΓöÇΓöÇΓöÇΓöÇΓöÇΓöÇΓöÇΓöÇΓöÇΓöÇΓöÇΓöÇΓöÇΓöÇΓöÇΓöÇΓöÇΓöÇΓöÇΓöÇΓöÇΓöÇΓöÇΓöÇΓöÇΓöÇΓöÇΓöÇΓöÇΓöÇΓöÇΓöÇΓöÇΓöÇΓöÇΓöÇΓöÇΓöÇΓöÇΓöÇΓöÇΓöÇΓöÇΓöÇΓöÇΓöÇΓöÇΓöÇΓöÇΓöÇΓöÇΓöÇΓöÇΓöÇΓöÇΓöÇΓöÇΓöÇΓöÇΓöÇΓöÇΓöÇΓöÇΓöÇΓöÇΓöÇΓöÇΓöÇΓöÇΓöÇΓöÇΓöÇΓöÇΓöÇΓöÇΓöÇΓöÇΓöÇΓöÇΓöÇΓöÇΓöÇΓöÇΓöÇΓöÇΓöÇΓöÇΓöÇΓöÇΓöÇΓöÇ

    Error Context: test-results\leave-tests-≡ƒºæ-EMPLOYEE-1--ea461--day-leave-request-REQ-019--chromium\error-context.md


[1A[2K[5/35] [chromium] ΓÇ║ leave-tests.spec.ts:305:7 ΓÇ║ ≡ƒºæ EMPLOYEE 1 (EMP-1026 - Engineering) - All Scenarios ΓÇ║ Γ£à C3: Submit sick leave with documentation (REQ-028, BR-54)
[1A[2K[chromium] ΓÇ║ leave-tests.spec.ts:305:7 ΓÇ║ ≡ƒºæ EMPLOYEE 1 (EMP-1026 - Engineering) - All Scenarios ΓÇ║ Γ£à C3: Submit sick leave with documentation (REQ-028, BR-54)
≡ƒöÉ Logging in as: engemp1.work@example.com

[1A[2K[2m[WebServer] [22m GET /login [32m200[39m in 39ms[2m (compile: 3ms, render: 36ms)[22m

[1A[2K[2m[WebServer] [22m≡ƒöÑ JwtAuthGuard: canActivate CALLED

[1A[2K[2m[WebServer] [22m≡ƒöì JWT Extractor - All cookies: [Object: null prototype] {}
[2m[WebServer] [22m≡ƒöì JWT Extractor - Headers: [90mundefined[39m
[2m[WebServer] [22m≡ƒöì JWT Extractor - accessToken: NOT FOUND

[1A[2K[2m[WebServer] [22m≡ƒöÑ JwtAuthGuard: handleRequest() {
[2m[WebServer] [22m  err: [1mnull[22m,
[2m[WebServer] [22m  user: [33mfalse[39m,
[2m[WebServer] [22m  info: Error: No auth token
[2m[WebServer] [22m      at JwtStrategy.authenticate [90m(C:\Users\Bedon\Desktop\semester-5-software-project\backend\[39mnode_modules\[4mpassport-jwt[24m\lib\strategy.js:96:26[90m)[39m
[2m[WebServer] [22m      at attempt [90m(C:\Users\Bedon\Desktop\semester-5-software-project\backend\[39mnode_modules\[4mpassport[24m\lib\middleware\authenticate.js:378:16[90m)[39m
[2m[WebServer] [22m      at authenticate [90m(C:\Users\Bedon\Desktop\semester-5-software-project\backend\[39mnode_modules\[4mpassport[24m\lib\middleware\authenticate.js:379:7[90m)[39m
[2m[WebServer] [22m      at [90mC:\Users\Bedon\Desktop\semester-5-software-project\backend\[39mnode_modules\[4m@nestjs[24m\passport\dist\auth.guard.js:88:3
[2m[WebServer] [22m      at new Promise (<anonymous>)
[2m[WebServer] [22m      at [90mC:\Users\Bedon\Desktop\semester-5-software-project\backend\[39mnode_modules\[4m@nestjs[24m\passport\dist\auth.guard.js:80:83
[2m[WebServer] [22m      at JwtAuthGuard.canActivate [90m(C:\Users\Bedon\Desktop\semester-5-software-project\backend\[39mnode_modules\[4m@nestjs[24m\passport\dist\auth.guard.js:44:32[90m)[39m
[2m[WebServer] [22m  [90m    at process.processTicksAndRejections (node:internal/process/task_queues:105:5)[39m
[2m[WebServer] [22m}

[1A[2K[2m[WebServer] [22mΓ¥î JwtAuthGuard INFO: Error: No auth token
[2m[WebServer] [22m    at JwtStrategy.authenticate 
[90m(C:\Users\Bedon\Desktop\semester-5-software-project\backend\[39mnode_modules\[4mpassport-jwt[24m\lib\strategy.js:96:26[90m)[39m
[2m[WebServer] [22m    at attempt 
[90m(C:\Users\Bedon\Desktop\semester-5-software-project\backend\[39mnode_modules\[4mpassport[24m\lib\middleware\authenticate.js:378:16[90m)[39m
[2m[WebServer] [22m    at authenticate 
[90m(C:\Users\Bedon\Desktop\semester-5-software-project\backend\[39mnode_modules\[4mpassport[24m\lib\middleware\authenticate.js:379:7[90m)[39m
[2m[WebServer] [22m    at [90mC:\Users\Bedon\Desktop\semester-5-software-project\backend\[39mnode_modules\[4m@nestjs[24m\passport\dist\auth.guard.js:88:3
[2m[WebServer] [22m    at new Promise (<anonymous>)
[2m[WebServer] [22m    at 
[90mC:\Users\Bedon\Desktop\semester-5-software-project\backend\[39mnode_modules\[4m@nestjs[24m\passport\dist\auth.guard.js:80:83
[2m[WebServer] [22m    at JwtAuthGuard.canActivate 
[90m(C:\Users\Bedon\Desktop\semester-5-software-project\backend\[39mnode_modules\[4m@nestjs[24m\passport\dist\auth.guard.js:44:32[90m)[39m
[2m[WebServer] [22m[90m    at process.processTicksAndRejections (node:internal/process/task_queues:105:5)[39m

[1A[2K[2m[WebServer] [22mΓ¥î JwtAuthGuard FAILING ΓåÆ No auth token

[1A[2K[2m[WebServer] [22mVALIDATE EMPLOYEE - systemRole = {
[2m[WebServer] [22m  _id: new ObjectId([32m'6929e2de934d8e079e6f55b8'[39m),
[2m[WebServer] [22m  employeeProfileId: new ObjectId([32m'6929e2de934d8e079e6f55b6'[39m),
[2m[WebServer] [22m  roles: [ [32m'department employee'[39m ],
[2m[WebServer] [22m  permissions: [],
[2m[WebServer] [22m  isActive: [33mtrue[39m,
[2m[WebServer] [22m  createdAt: [35m2025-11-28T17:58:54.894Z[39m,
[2m[WebServer] [22m  updatedAt: [35m2025-11-28T17:58:54.894Z[39m,
[2m[WebServer] [22m  __v: [33m0[39m
[2m[WebServer] [22m}

[1A[2K[2m[WebServer] [22mGenerated token: eyJhbGciOiJIUzI1NiIsInR5cCI6IkpXVCJ9.eyJzdWIiOiI2OTI5ZTJkZTkzNGQ4ZTA3OWU2ZjU1YjYiLCJ3b3JrRW1haWwiOiJlbmdlbXAxLndvcmtAZXhhbXBsZS5jb20iLCJyb2xlcyI6WyJkZXBhcnRtZW50IGVtcGxveWVlIl0sInBlcm1pc3Npb25zIjpbXSwicHJpbWFyeURlcGFydG1lbnRJZCI6IjY5Mjc1ZDhhZmMxMTg0YTNiM2U2YzU1ZiIsImVtcGxveWVlTnVtYmVyIjoiRU1QLTEwMjYiLCJpYXQiOjE3NjU5ODE4NDcsImV4cCI6MTc2NjA2ODI0N30.GGPzQ3cU8tMFFxDntwLJRZjqmzVTjIdf_jbTHA3qgpI

[1A[2K[2m[WebServer] [22m GET /leaves [32m200[39m in 18ms[2m (compile: 2ms, render: 16ms)[22m

[1A[2KΓ£à Login successful

[1A[2K≡ƒô¥ Testing Sick Leave with Documentation

[1A[2K[2m[WebServer] [22m≡ƒöÑ JwtAuthGuard: canActivate CALLED

[1A[2K[2m[WebServer] [22m≡ƒöì JWT Extractor - All cookies: {
[2m[WebServer] [22m  accessToken: [32m'eyJhbGciOiJIUzI1NiIsInR5cCI6IkpXVCJ9.eyJzdWIiOiI2OTI5ZTJkZTkzNGQ4ZTA3OWU2ZjU1YjYiLCJ3b3JrRW1haWwiOiJlbmdlbXAxLndvcmtAZXhhbXBsZS5jb20iLCJyb2xlcyI6WyJkZXBhcnRtZW50IGVtcGxveWVlIl0sInBlcm1pc3Npb25zIjpbXSwicHJpbWFyeURlcGFydG1lbnRJZCI6IjY5Mjc1ZDhhZmMxMTg0YTNiM2U2YzU1ZiIsImVtcGxveWVlTnVtYmVyIjoiRU1QLTEwMjYiLCJpYXQiOjE3NjU5ODE4NDcsImV4cCI6MTc2NjA2ODI0N30.GGPzQ3cU8tMFFxDntwLJRZjqmzVTjIdf_jbTHA3qgpI'[39m
[2m[WebServer] [22m}
[2m[WebServer] [22m≡ƒöì JWT Extractor - Headers: accessToken=eyJhbGciOiJIUzI1NiIsInR5cCI6IkpXVCJ9.eyJzdWIiOiI2OTI5ZTJkZTkzNGQ4ZTA3OWU2ZjU1YjYiLCJ3b3JrRW1haWwiOiJlbmdlbXAxLndvcmtAZXhhbXBsZS5jb20iLCJyb2xlcyI6WyJkZXBhcnRtZW50IGVtcGxveWVlIl0sInBlcm1pc3Npb25zIjpbXSwicHJpbWFyeURlcGFydG1lbnRJZCI6IjY5Mjc1ZDhhZmMxMTg0YTNiM2U2YzU1ZiIsImVtcGxveWVlTnVtYmVyIjoiRU1QLTEwMjYiLCJpYXQiOjE3NjU5ODE4NDcsImV4cCI6MTc2NjA2ODI0N30.GGPzQ3cU8tMFFxDntwLJRZjqmzVTjIdf_jbTHA3qgpI
[2m[WebServer] [22m≡ƒöì JWT Extractor - accessToken: FOUND

[1A[2K[2m[WebServer] [22mJwtStrategy VALIDATE: {
[2m[WebServer] [22m  sub: [32m'6929e2de934d8e079e6f55b6'[39m,
[2m[WebServer] [22m  workEmail: [32m'engemp1.work@example.com'[39m,
[2m[WebServer] [22m  roles: [ [32m'department employee'[39m ],
[2m[WebServer] [22m  permissions: [],
[2m[WebServer] [22m  primaryDepartmentId: [32m'69275d8afc1184a3b3e6c55f'[39m,
[2m[WebServer] [22m  employeeNumber: [32m'EMP-1026'[39m,
[2m[WebServer] [22m  iat: [33m1765981847[39m,
[2m[WebServer] [22m  exp: [33m1766068247[39m
[2m[WebServer] [22m}

[1A[2K[2m[WebServer] [22m≡ƒöÑ JwtAuthGuard: handleRequest() {
[2m[WebServer] [22m  err: [1mnull[22m,
[2m[WebServer] [22m  user: {
[2m[WebServer] [22m    id: [32m'6929e2de934d8e079e6f55b6'[39m,
[2m[WebServer] [22m    workEmail: [32m'engemp1.work@example.com'[39m,
[2m[WebServer] [22m    roles: [ [32m'department employee'[39m ],
[2m[WebServer] [22m    permissions: [],
[2m[WebServer] [22m    primaryDepartmentId: [32m'69275d8afc1184a3b3e6c55f'[39m,
[2m[WebServer] [22m    employeeNumber: [32m'EMP-1026'[39m
[2m[WebServer] [22m  },
[2m[WebServer] [22m  info: [90mundefined[39m
[2m[WebServer] [22m}
[2m[WebServer] [22mΓ£à JwtAuthGuard SUCCESS ΓåÆ user authenticated: 6929e2de934d8e079e6f55b6
[2m[WebServer] [22m≡ƒöÑ RolesGuard running!

[1A[2K[2m[WebServer] [22m
[2m[WebServer] [22m===== ROLE GUARD =====
[2m[WebServer] [22mRequired roles: [
[2m[WebServer] [22m  [32m'department employee'[39m,
[2m[WebServer] [22m  [32m'HR Employee'[39m,
[2m[WebServer] [22m  [32m'department head'[39m,
[2m[WebServer] [22m  [32m'HR Manager'[39m,
[2m[WebServer] [22m  [32m'HR Admin'[39m,
[2m[WebServer] [22m  [32m'System Admin'[39m
[2m[WebServer] [22m]
[2m[WebServer] [22mUser object: {
[2m[WebServer] [22m  id: [32m'6929e2de934d8e079e6f55b6'[39m,
[2m[WebServer] [22m  workEmail: [32m'engemp1.work@example.com'[39m,
[2m[WebServer] [22m  roles: [ [32m'department employee'[39m ],
[2m[WebServer] [22m  permissions: [],
[2m[WebServer] [22m  primaryDepartmentId: [32m'69275d8afc1184a3b3e6c55f'[39m,
[2m[WebServer] [22m  employeeNumber: [32m'EMP-1026'[39m
[2m[WebServer] [22m}

[1A[2K[2m[WebServer] [22mNormalized user roles: [ [32m'department employee'[39m ]
[2m[WebServer] [22mNormalized required roles: [
[2m[WebServer] [22m  [32m'department employee'[39m,
[2m[WebServer] [22m  [32m'hr employee'[39m,
[2m[WebServer] [22m  [32m'department head'[39m,
[2m[WebServer] [22m  [32m'hr manager'[39m,
[2m[WebServer] [22m  [32m'hr admin'[39m,
[2m[WebServer] [22m  [32m'system admin'[39m
[2m[WebServer] [22m]
[2m[WebServer] [22mHas required role? [33mtrue[39m
[2m[WebServer] [22mΓ£ö ACCESS GRANTED Γ£ö

[1A[2K[2m[WebServer] [22m≡ƒöì [TrackingController] getMyBalances: {
[2m[WebServer] [22m  query: [Object: null prototype] {},
[2m[WebServer] [22m  userId: [32m'6929e2de934d8e079e6f55b6'[39m
[2m[WebServer] [22m}

[1A[2K[2m[WebServer] [22m≡ƒöÑ JwtAuthGuard: canActivate CALLED

[1A[2K[2m[WebServer] [22m≡ƒöì JWT Extractor - All cookies: {
[2m[WebServer] [22m  accessToken: [32m'eyJhbGciOiJIUzI1NiIsInR5cCI6IkpXVCJ9.eyJzdWIiOiI2OTI5ZTJkZTkzNGQ4ZTA3OWU2ZjU1YjYiLCJ3b3JrRW1haWwiOiJlbmdlbXAxLndvcmtAZXhhbXBsZS5jb20iLCJyb2xlcyI6WyJkZXBhcnRtZW50IGVtcGxveWVlIl0sInBlcm1pc3Npb25zIjpbXSwicHJpbWFyeURlcGFydG1lbnRJZCI6IjY5Mjc1ZDhhZmMxMTg0YTNiM2U2YzU1ZiIsImVtcGxveWVlTnVtYmVyIjoiRU1QLTEwMjYiLCJpYXQiOjE3NjU5ODE4NDcsImV4cCI6MTc2NjA2ODI0N30.GGPzQ3cU8tMFFxDntwLJRZjqmzVTjIdf_jbTHA3qgpI'[39m
[2m[WebServer] [22m}

[1A[2K[2m[WebServer] [22m≡ƒöì JWT Extractor - Headers: accessToken=eyJhbGciOiJIUzI1NiIsInR5cCI6IkpXVCJ9.eyJzdWIiOiI2OTI5ZTJkZTkzNGQ4ZTA3OWU2ZjU1YjYiLCJ3b3JrRW1haWwiOiJlbmdlbXAxLndvcmtAZXhhbXBsZS5jb20iLCJyb2xlcyI6WyJkZXBhcnRtZW50IGVtcGxveWVlIl0sInBlcm1pc3Npb25zIjpbXSwicHJpbWFyeURlcGFydG1lbnRJZCI6IjY5Mjc1ZDhhZmMxMTg0YTNiM2U2YzU1ZiIsImVtcGxveWVlTnVtYmVyIjoiRU1QLTEwMjYiLCJpYXQiOjE3NjU5ODE4NDcsImV4cCI6MTc2NjA2ODI0N30.GGPzQ3cU8tMFFxDntwLJRZjqmzVTjIdf_jbTHA3qgpI
[2m[WebServer] [22m≡ƒöì JWT Extractor - accessToken: FOUND

[1A[2K[2m[WebServer] [22mJwtStrategy VALIDATE: {
[2m[WebServer] [22m  sub: [32m'6929e2de934d8e079e6f55b6'[39m,
[2m[WebServer] [22m  workEmail: [32m'engemp1.work@example.com'[39m,
[2m[WebServer] [22m  roles: [ [32m'department employee'[39m ],
[2m[WebServer] [22m  permissions: [],
[2m[WebServer] [22m  primaryDepartmentId: [32m'69275d8afc1184a3b3e6c55f'[39m,
[2m[WebServer] [22m  employeeNumber: [32m'EMP-1026'[39m,
[2m[WebServer] [22m  iat: [33m1765981847[39m,
[2m[WebServer] [22m  exp: [33m1766068247[39m
[2m[WebServer] [22m}

[1A[2K[2m[WebServer] [22m≡ƒöÑ JwtAuthGuard: handleRequest() {
[2m[WebServer] [22m  err: [1mnull[22m,
[2m[WebServer] [22m  user: {
[2m[WebServer] [22m    id: [32m'6929e2de934d8e079e6f55b6'[39m,
[2m[WebServer] [22m    workEmail: [32m'engemp1.work@example.com'[39m,
[2m[WebServer] [22m    roles: [ [32m'department employee'[39m ],
[2m[WebServer] [22m    permissions: [],
[2m[WebServer] [22m    primaryDepartmentId: [32m'69275d8afc1184a3b3e6c55f'[39m,
[2m[WebServer] [22m    employeeNumber: [32m'EMP-1026'[39m
[2m[WebServer] [22m  },
[2m[WebServer] [22m  info: [90mundefined[39m
[2m[WebServer] [22m}
[2m[WebServer] [22mΓ£à JwtAuthGuard SUCCESS ΓåÆ user authenticated: 6929e2de934d8e079e6f55b6

[1A[2K[2m[WebServer] [22m≡ƒöÑ RolesGuard running!
[2m[WebServer] [22m
[2m[WebServer] [22m===== ROLE GUARD =====
[2m[WebServer] [22mRequired roles: [
[2m[WebServer] [22m  [32m'department employee'[39m,
[2m[WebServer] [22m  [32m'HR Employee'[39m,
[2m[WebServer] [22m  [32m'department head'[39m,
[2m[WebServer] [22m  [32m'HR Manager'[39m,
[2m[WebServer] [22m  [32m'HR Admin'[39m,
[2m[WebServer] [22m  [32m'System Admin'[39m
[2m[WebServer] [22m]
[2m[WebServer] [22mUser object: {
[2m[WebServer] [22m  id: [32m'6929e2de934d8e079e6f55b6'[39m,
[2m[WebServer] [22m  workEmail: [32m'engemp1.work@example.com'[39m,
[2m[WebServer] [22m  roles: [ [32m'department employee'[39m ],
[2m[WebServer] [22m  permissions: [],
[2m[WebServer] [22m  primaryDepartmentId: [32m'69275d8afc1184a3b3e6c55f'[39m,
[2m[WebServer] [22m  employeeNumber: [32m'EMP-1026'[39m
[2m[WebServer] [22m}

[1A[2K[2m[WebServer] [22mNormalized user roles: [ [32m'department employee'[39m ]
[2m[WebServer] [22mNormalized required roles: [
[2m[WebServer] [22m  [32m'department employee'[39m,
[2m[WebServer] [22m  [32m'hr employee'[39m,
[2m[WebServer] [22m  [32m'department head'[39m,
[2m[WebServer] [22m  [32m'hr manager'[39m,
[2m[WebServer] [22m  [32m'hr admin'[39m,
[2m[WebServer] [22m  [32m'system admin'[39m
[2m[WebServer] [22m]
[2m[WebServer] [22mHas required role? [33mtrue[39m
[2m[WebServer] [22mΓ£ö ACCESS GRANTED Γ£ö

[1A[2K[2m[WebServer] [22m≡ƒöì [TrackingController] getMyHistory: {
[2m[WebServer] [22m  filters: [Object: null prototype] {},
[2m[WebServer] [22m  userId: [32m'6929e2de934d8e079e6f55b6'[39m
[2m[WebServer] [22m}

[1A[2K[2m[WebServer] [22m GET /leaves/my-leaves [32m200[39m in 44ms[2m (compile: 2ms, render: 42ms)[22m

[1A[2K[2m[WebServer] [22m≡ƒöÑ JwtAuthGuard: canActivate CALLED

[1A[2K[2m[WebServer] [22m≡ƒöì JWT Extractor - All cookies: {
[2m[WebServer] [22m  accessToken: [32m'eyJhbGciOiJIUzI1NiIsInR5cCI6IkpXVCJ9.eyJzdWIiOiI2OTI5ZTJkZTkzNGQ4ZTA3OWU2ZjU1YjYiLCJ3b3JrRW1haWwiOiJlbmdlbXAxLndvcmtAZXhhbXBsZS5jb20iLCJyb2xlcyI6WyJkZXBhcnRtZW50IGVtcGxveWVlIl0sInBlcm1pc3Npb25zIjpbXSwicHJpbWFyeURlcGFydG1lbnRJZCI6IjY5Mjc1ZDhhZmMxMTg0YTNiM2U2YzU1ZiIsImVtcGxveWVlTnVtYmVyIjoiRU1QLTEwMjYiLCJpYXQiOjE3NjU5ODE4NDcsImV4cCI6MTc2NjA2ODI0N30.GGPzQ3cU8tMFFxDntwLJRZjqmzVTjIdf_jbTHA3qgpI'[39m
[2m[WebServer] [22m}
[2m[WebServer] [22m≡ƒöì JWT Extractor - Headers: accessToken=eyJhbGciOiJIUzI1NiIsInR5cCI6IkpXVCJ9.eyJzdWIiOiI2OTI5ZTJkZTkzNGQ4ZTA3OWU2ZjU1YjYiLCJ3b3JrRW1haWwiOiJlbmdlbXAxLndvcmtAZXhhbXBsZS5jb20iLCJyb2xlcyI6WyJkZXBhcnRtZW50IGVtcGxveWVlIl0sInBlcm1pc3Npb25zIjpbXSwicHJpbWFyeURlcGFydG1lbnRJZCI6IjY5Mjc1ZDhhZmMxMTg0YTNiM2U2YzU1ZiIsImVtcGxveWVlTnVtYmVyIjoiRU1QLTEwMjYiLCJpYXQiOjE3NjU5ODE4NDcsImV4cCI6MTc2NjA2ODI0N30.GGPzQ3cU8tMFFxDntwLJRZjqmzVTjIdf_jbTHA3qgpI
[2m[WebServer] [22m≡ƒöì JWT Extractor - accessToken: FOUND

[1A[2K[2m[WebServer] [22mJwtStrategy VALIDATE: {
[2m[WebServer] [22m  sub: [32m'6929e2de934d8e079e6f55b6'[39m,
[2m[WebServer] [22m  workEmail: [32m'engemp1.work@example.com'[39m,
[2m[WebServer] [22m  roles: [ [32m'department employee'[39m ],
[2m[WebServer] [22m  permissions: [],
[2m[WebServer] [22m  primaryDepartmentId: [32m'69275d8afc1184a3b3e6c55f'[39m,
[2m[WebServer] [22m  employeeNumber: [32m'EMP-1026'[39m,
[2m[WebServer] [22m  iat: [33m1765981847[39m,
[2m[WebServer] [22m  exp: [33m1766068247[39m
[2m[WebServer] [22m}

[1A[2K[2m[WebServer] [22m≡ƒöÑ JwtAuthGuard: handleRequest() {
[2m[WebServer] [22m  err: [1mnull[22m,
[2m[WebServer] [22m  user: {
[2m[WebServer] [22m    id: [32m'6929e2de934d8e079e6f55b6'[39m,
[2m[WebServer] [22m    workEmail: [32m'engemp1.work@example.com'[39m,
[2m[WebServer] [22m    roles: [ [32m'department employee'[39m ],
[2m[WebServer] [22m    permissions: [],
[2m[WebServer] [22m    primaryDepartmentId: [32m'69275d8afc1184a3b3e6c55f'[39m,
[2m[WebServer] [22m    employeeNumber: [32m'EMP-1026'[39m
[2m[WebServer] [22m  },
[2m[WebServer] [22m  info: [90mundefined[39m
[2m[WebServer] [22m}
[2m[WebServer] [22mΓ£à JwtAuthGuard SUCCESS ΓåÆ user authenticated: 6929e2de934d8e079e6f55b6

[1A[2K[2m[WebServer] [22m≡ƒöì [LeaveTypeController] findAll

[1A[2K[2m[WebServer] [22m≡ƒöÑ JwtAuthGuard: canActivate CALLED

[1A[2K[2m[WebServer] [22m≡ƒöì JWT Extractor - All cookies: {
[2m[WebServer] [22m  accessToken: [32m'eyJhbGciOiJIUzI1NiIsInR5cCI6IkpXVCJ9.eyJzdWIiOiI2OTI5ZTJkZTkzNGQ4ZTA3OWU2ZjU1YjYiLCJ3b3JrRW1haWwiOiJlbmdlbXAxLndvcmtAZXhhbXBsZS5jb20iLCJyb2xlcyI6WyJkZXBhcnRtZW50IGVtcGxveWVlIl0sInBlcm1pc3Npb25zIjpbXSwicHJpbWFyeURlcGFydG1lbnRJZCI6IjY5Mjc1ZDhhZmMxMTg0YTNiM2U2YzU1ZiIsImVtcGxveWVlTnVtYmVyIjoiRU1QLTEwMjYiLCJpYXQiOjE3NjU5ODE4NDcsImV4cCI6MTc2NjA2ODI0N30.GGPzQ3cU8tMFFxDntwLJRZjqmzVTjIdf_jbTHA3qgpI'[39m
[2m[WebServer] [22m}

[1A[2K[2m[WebServer] [22m≡ƒöì JWT Extractor - Headers: accessToken=eyJhbGciOiJIUzI1NiIsInR5cCI6IkpXVCJ9.eyJzdWIiOiI2OTI5ZTJkZTkzNGQ4ZTA3OWU2ZjU1YjYiLCJ3b3JrRW1haWwiOiJlbmdlbXAxLndvcmtAZXhhbXBsZS5jb20iLCJyb2xlcyI6WyJkZXBhcnRtZW50IGVtcGxveWVlIl0sInBlcm1pc3Npb25zIjpbXSwicHJpbWFyeURlcGFydG1lbnRJZCI6IjY5Mjc1ZDhhZmMxMTg0YTNiM2U2YzU1ZiIsImVtcGxveWVlTnVtYmVyIjoiRU1QLTEwMjYiLCJpYXQiOjE3NjU5ODE4NDcsImV4cCI6MTc2NjA2ODI0N30.GGPzQ3cU8tMFFxDntwLJRZjqmzVTjIdf_jbTHA3qgpI
[2m[WebServer] [22m≡ƒöì JWT Extractor - accessToken: FOUND

[1A[2K[2m[WebServer] [22mJwtStrategy VALIDATE: {
[2m[WebServer] [22m  sub: [32m'6929e2de934d8e079e6f55b6'[39m,
[2m[WebServer] [22m  workEmail: [32m'engemp1.work@example.com'[39m,
[2m[WebServer] [22m  roles: [ [32m'department employee'[39m ],
[2m[WebServer] [22m  permissions: [],
[2m[WebServer] [22m  primaryDepartmentId: [32m'69275d8afc1184a3b3e6c55f'[39m,
[2m[WebServer] [22m  employeeNumber: [32m'EMP-1026'[39m,
[2m[WebServer] [22m  iat: [33m1765981847[39m,
[2m[WebServer] [22m  exp: [33m1766068247[39m
[2m[WebServer] [22m}

[1A[2K[2m[WebServer] [22m≡ƒöÑ JwtAuthGuard: handleRequest() {
[2m[WebServer] [22m  err: [1mnull[22m,
[2m[WebServer] [22m  user: {
[2m[WebServer] [22m    id: [32m'6929e2de934d8e079e6f55b6'[39m,
[2m[WebServer] [22m    workEmail: [32m'engemp1.work@example.com'[39m,
[2m[WebServer] [22m    roles: [ [32m'department employee'[39m ],
[2m[WebServer] [22m    permissions: [],
[2m[WebServer] [22m    primaryDepartmentId: [32m'69275d8afc1184a3b3e6c55f'[39m,
[2m[WebServer] [22m    employeeNumber: [32m'EMP-1026'[39m
[2m[WebServer] [22m  },
[2m[WebServer] [22m  info: [90mundefined[39m
[2m[WebServer] [22m}
[2m[WebServer] [22mΓ£à JwtAuthGuard SUCCESS ΓåÆ user authenticated: 6929e2de934d8e079e6f55b6
[2m[WebServer] [22m≡ƒöÑ RolesGuard running!

[1A[2K[2m[WebServer] [22m
[2m[WebServer] [22m===== ROLE GUARD =====
[2m[WebServer] [22mRequired roles: [
[2m[WebServer] [22m  [32m'department employee'[39m,
[2m[WebServer] [22m  [32m'HR Employee'[39m,
[2m[WebServer] [22m  [32m'department head'[39m,
[2m[WebServer] [22m  [32m'HR Manager'[39m,
[2m[WebServer] [22m  [32m'HR Admin'[39m,
[2m[WebServer] [22m  [32m'System Admin'[39m
[2m[WebServer] [22m]
[2m[WebServer] [22mUser object: {
[2m[WebServer] [22m  id: [32m'6929e2de934d8e079e6f55b6'[39m,
[2m[WebServer] [22m  workEmail: [32m'engemp1.work@example.com'[39m,
[2m[WebServer] [22m  roles: [ [32m'department employee'[39m ],
[2m[WebServer] [22m  permissions: [],
[2m[WebServer] [22m  primaryDepartmentId: [32m'69275d8afc1184a3b3e6c55f'[39m,
[2m[WebServer] [22m  employeeNumber: [32m'EMP-1026'[39m
[2m[WebServer] [22m}

[1A[2K[2m[WebServer] [22mNormalized user roles: [ [32m'department employee'[39m ]
[2m[WebServer] [22mNormalized required roles: [
[2m[WebServer] [22m  [32m'department employee'[39m,
[2m[WebServer] [22m  [32m'hr employee'[39m,
[2m[WebServer] [22m  [32m'department head'[39m,
[2m[WebServer] [22m  [32m'hr manager'[39m,
[2m[WebServer] [22m  [32m'hr admin'[39m,
[2m[WebServer] [22m  [32m'system admin'[39m
[2m[WebServer] [22m]
[2m[WebServer] [22mHas required role? [33mtrue[39m
[2m[WebServer] [22mΓ£ö ACCESS GRANTED Γ£ö

[1A[2K[2m[WebServer] [22m≡ƒöì [TrackingController] getMyBalances: {
[2m[WebServer] [22m  query: [Object: null prototype] {},
[2m[WebServer] [22m  userId: [32m'6929e2de934d8e079e6f55b6'[39m
[2m[WebServer] [22m}

[1A[2K[2m[WebServer] [22m≡ƒöÑ JwtAuthGuard: canActivate CALLED

[1A[2K[2m[WebServer] [22m≡ƒöì JWT Extractor - All cookies: {
[2m[WebServer] [22m  accessToken: [32m'eyJhbGciOiJIUzI1NiIsInR5cCI6IkpXVCJ9.eyJzdWIiOiI2OTI5ZTJkZTkzNGQ4ZTA3OWU2ZjU1YjYiLCJ3b3JrRW1haWwiOiJlbmdlbXAxLndvcmtAZXhhbXBsZS5jb20iLCJyb2xlcyI6WyJkZXBhcnRtZW50IGVtcGxveWVlIl0sInBlcm1pc3Npb25zIjpbXSwicHJpbWFyeURlcGFydG1lbnRJZCI6IjY5Mjc1ZDhhZmMxMTg0YTNiM2U2YzU1ZiIsImVtcGxveWVlTnVtYmVyIjoiRU1QLTEwMjYiLCJpYXQiOjE3NjU5ODE4NDcsImV4cCI6MTc2NjA2ODI0N30.GGPzQ3cU8tMFFxDntwLJRZjqmzVTjIdf_jbTHA3qgpI'[39m
[2m[WebServer] [22m}

[1A[2K[2m[WebServer] [22m≡ƒöì JWT Extractor - Headers: accessToken=eyJhbGciOiJIUzI1NiIsInR5cCI6IkpXVCJ9.eyJzdWIiOiI2OTI5ZTJkZTkzNGQ4ZTA3OWU2ZjU1YjYiLCJ3b3JrRW1haWwiOiJlbmdlbXAxLndvcmtAZXhhbXBsZS5jb20iLCJyb2xlcyI6WyJkZXBhcnRtZW50IGVtcGxveWVlIl0sInBlcm1pc3Npb25zIjpbXSwicHJpbWFyeURlcGFydG1lbnRJZCI6IjY5Mjc1ZDhhZmMxMTg0YTNiM2U2YzU1ZiIsImVtcGxveWVlTnVtYmVyIjoiRU1QLTEwMjYiLCJpYXQiOjE3NjU5ODE4NDcsImV4cCI6MTc2NjA2ODI0N30.GGPzQ3cU8tMFFxDntwLJRZjqmzVTjIdf_jbTHA3qgpI
[2m[WebServer] [22m≡ƒöì JWT Extractor - accessToken: FOUND

[1A[2K[2m[WebServer] [22mJwtStrategy VALIDATE: {
[2m[WebServer] [22m  sub: [32m'6929e2de934d8e079e6f55b6'[39m,
[2m[WebServer] [22m  workEmail: [32m'engemp1.work@example.com'[39m,
[2m[WebServer] [22m  roles: [ [32m'department employee'[39m ],
[2m[WebServer] [22m  permissions: [],
[2m[WebServer] [22m  primaryDepartmentId: [32m'69275d8afc1184a3b3e6c55f'[39m,
[2m[WebServer] [22m  employeeNumber: [32m'EMP-1026'[39m,
[2m[WebServer] [22m  iat: [33m1765981847[39m,
[2m[WebServer] [22m  exp: [33m1766068247[39m
[2m[WebServer] [22m}

[1A[2K[2m[WebServer] [22m≡ƒöÑ JwtAuthGuard: handleRequest() {
[2m[WebServer] [22m  err: [1mnull[22m,
[2m[WebServer] [22m  user: {
[2m[WebServer] [22m    id: [32m'6929e2de934d8e079e6f55b6'[39m,
[2m[WebServer] [22m    workEmail: [32m'engemp1.work@example.com'[39m,
[2m[WebServer] [22m    roles: [ [32m'department employee'[39m ],
[2m[WebServer] [22m    permissions: [],
[2m[WebServer] [22m    primaryDepartmentId: [32m'69275d8afc1184a3b3e6c55f'[39m,
[2m[WebServer] [22m    employeeNumber: [32m'EMP-1026'[39m
[2m[WebServer] [22m  },
[2m[WebServer] [22m  info: [90mundefined[39m
[2m[WebServer] [22m}
[2m[WebServer] [22mΓ£à JwtAuthGuard SUCCESS ΓåÆ user authenticated: 6929e2de934d8e079e6f55b6
[2m[WebServer] [22m≡ƒöÑ RolesGuard running!

[1A[2K[2m[WebServer] [22m
[2m[WebServer] [22m===== ROLE GUARD =====
[2m[WebServer] [22mRequired roles: [
[2m[WebServer] [22m  [32m'department employee'[39m,
[2m[WebServer] [22m  [32m'HR Employee'[39m,
[2m[WebServer] [22m  [32m'department head'[39m,
[2m[WebServer] [22m  [32m'HR Manager'[39m,
[2m[WebServer] [22m  [32m'HR Admin'[39m,
[2m[WebServer] [22m  [32m'System Admin'[39m
[2m[WebServer] [22m]
[2m[WebServer] [22mUser object: {
[2m[WebServer] [22m  id: [32m'6929e2de934d8e079e6f55b6'[39m,
[2m[WebServer] [22m  workEmail: [32m'engemp1.work@example.com'[39m,
[2m[WebServer] [22m  roles: [ [32m'department employee'[39m ],
[2m[WebServer] [22m  permissions: [],
[2m[WebServer] [22m  primaryDepartmentId: [32m'69275d8afc1184a3b3e6c55f'[39m,
[2m[WebServer] [22m  employeeNumber: [32m'EMP-1026'[39m
[2m[WebServer] [22m}

[1A[2K[2m[WebServer] [22mNormalized user roles: [ [32m'department employee'[39m ]
[2m[WebServer] [22mNormalized required roles: [
[2m[WebServer] [22m  [32m'department employee'[39m,
[2m[WebServer] [22m  [32m'hr employee'[39m,
[2m[WebServer] [22m  [32m'department head'[39m,
[2m[WebServer] [22m  [32m'hr manager'[39m,
[2m[WebServer] [22m  [32m'hr admin'[39m,
[2m[WebServer] [22m  [32m'system admin'[39m
[2m[WebServer] [22m]
[2m[WebServer] [22mHas required role? [33mtrue[39m
[2m[WebServer] [22mΓ£ö ACCESS GRANTED Γ£ö

[1A[2K[2m[WebServer] [22m≡ƒöì [RequestsController] getMyRequests: { userId: [90mundefined[39m }

[1A[2K[2m[WebServer] [22m≡ƒöÑ JwtAuthGuard: canActivate CALLED

[1A[2K[2m[WebServer] [22m≡ƒöì JWT Extractor - All cookies: {
[2m[WebServer] [22m  accessToken: [32m'eyJhbGciOiJIUzI1NiIsInR5cCI6IkpXVCJ9.eyJzdWIiOiI2OTI5ZTJkZTkzNGQ4ZTA3OWU2ZjU1YjYiLCJ3b3JrRW1haWwiOiJlbmdlbXAxLndvcmtAZXhhbXBsZS5jb20iLCJyb2xlcyI6WyJkZXBhcnRtZW50IGVtcGxveWVlIl0sInBlcm1pc3Npb25zIjpbXSwicHJpbWFyeURlcGFydG1lbnRJZCI6IjY5Mjc1ZDhhZmMxMTg0YTNiM2U2YzU1ZiIsImVtcGxveWVlTnVtYmVyIjoiRU1QLTEwMjYiLCJpYXQiOjE3NjU5ODE4NDcsImV4cCI6MTc2NjA2ODI0N30.GGPzQ3cU8tMFFxDntwLJRZjqmzVTjIdf_jbTHA3qgpI'[39m
[2m[WebServer] [22m}
[2m[WebServer] [22m≡ƒöì JWT Extractor - Headers: accessToken=eyJhbGciOiJIUzI1NiIsInR5cCI6IkpXVCJ9.eyJzdWIiOiI2OTI5ZTJkZTkzNGQ4ZTA3OWU2ZjU1YjYiLCJ3b3JrRW1haWwiOiJlbmdlbXAxLndvcmtAZXhhbXBsZS5jb20iLCJyb2xlcyI6WyJkZXBhcnRtZW50IGVtcGxveWVlIl0sInBlcm1pc3Npb25zIjpbXSwicHJpbWFyeURlcGFydG1lbnRJZCI6IjY5Mjc1ZDhhZmMxMTg0YTNiM2U2YzU1ZiIsImVtcGxveWVlTnVtYmVyIjoiRU1QLTEwMjYiLCJpYXQiOjE3NjU5ODE4NDcsImV4cCI6MTc2NjA2ODI0N30.GGPzQ3cU8tMFFxDntwLJRZjqmzVTjIdf_jbTHA3qgpI
[2m[WebServer] [22m≡ƒöì JWT Extractor - accessToken: FOUND

[1A[2K[2m[WebServer] [22mJwtStrategy VALIDATE: {
[2m[WebServer] [22m  sub: [32m'6929e2de934d8e079e6f55b6'[39m,
[2m[WebServer] [22m  workEmail: [32m'engemp1.work@example.com'[39m,
[2m[WebServer] [22m  roles: [ [32m'department employee'[39m ],
[2m[WebServer] [22m  permissions: [],
[2m[WebServer] [22m  primaryDepartmentId: [32m'69275d8afc1184a3b3e6c55f'[39m,
[2m[WebServer] [22m  employeeNumber: [32m'EMP-1026'[39m,
[2m[WebServer] [22m  iat: [33m1765981847[39m,
[2m[WebServer] [22m  exp: [33m1766068247[39m
[2m[WebServer] [22m}

[1A[2K[2m[WebServer] [22m≡ƒöÑ JwtAuthGuard: handleRequest() {
[2m[WebServer] [22m  err: [1mnull[22m,
[2m[WebServer] [22m  user: {
[2m[WebServer] [22m    id: [32m'6929e2de934d8e079e6f55b6'[39m,
[2m[WebServer] [22m    workEmail: [32m'engemp1.work@example.com'[39m,
[2m[WebServer] [22m    roles: [ [32m'department employee'[39m ],
[2m[WebServer] [22m    permissions: [],
[2m[WebServer] [22m    primaryDepartmentId: [32m'69275d8afc1184a3b3e6c55f'[39m,
[2m[WebServer] [22m    employeeNumber: [32m'EMP-1026'[39m
[2m[WebServer] [22m  },
[2m[WebServer] [22m  info: [90mundefined[39m
[2m[WebServer] [22m}
[2m[WebServer] [22mΓ£à JwtAuthGuard SUCCESS ΓåÆ user authenticated: 6929e2de934d8e079e6f55b6
[2m[WebServer] [22m≡ƒöÑ RolesGuard running!
[2m[WebServer] [22m
[2m[WebServer] [22m===== ROLE GUARD =====

[1A[2K[2m[WebServer] [22mRequired roles: [
[2m[WebServer] [22m  [32m'department employee'[39m,
[2m[WebServer] [22m  [32m'HR Employee'[39m,
[2m[WebServer] [22m  [32m'department head'[39m,
[2m[WebServer] [22m  [32m'HR Manager'[39m,
[2m[WebServer] [22m  [32m'HR Admin'[39m,
[2m[WebServer] [22m  [32m'System Admin'[39m
[2m[WebServer] [22m]
[2m[WebServer] [22mUser object: {
[2m[WebServer] [22m  id: [32m'6929e2de934d8e079e6f55b6'[39m,
[2m[WebServer] [22m  workEmail: [32m'engemp1.work@example.com'[39m,
[2m[WebServer] [22m  roles: [ [32m'department employee'[39m ],
[2m[WebServer] [22m  permissions: [],
[2m[WebServer] [22m  primaryDepartmentId: [32m'69275d8afc1184a3b3e6c55f'[39m,
[2m[WebServer] [22m  employeeNumber: [32m'EMP-1026'[39m
[2m[WebServer] [22m}
[2m[WebServer] [22mNormalized user roles: [ [32m'department employee'[39m ]

[1A[2K[2m[WebServer] [22mNormalized required roles: [
[2m[WebServer] [22m  [32m'department employee'[39m,
[2m[WebServer] [22m  [32m'hr employee'[39m,
[2m[WebServer] [22m  [32m'department head'[39m,
[2m[WebServer] [22m  [32m'hr manager'[39m,
[2m[WebServer] [22m  [32m'hr admin'[39m,
[2m[WebServer] [22m  [32m'system admin'[39m
[2m[WebServer] [22m]
[2m[WebServer] [22mHas required role? [33mtrue[39m
[2m[WebServer] [22mΓ£ö ACCESS GRANTED Γ£ö

[1A[2K[2m[WebServer] [22m≡ƒöì [CalendarsController] calculateWorkingDays: { from: [32m'2026-01-31'[39m, to: [32m'2026-02-03'[39m }

[1A[2K[2m[WebServer] [22m≡ƒöÑ JwtAuthGuard: canActivate CALLED

[1A[2K[2m[WebServer] [22m≡ƒöì JWT Extractor - All cookies: {
[2m[WebServer] [22m  accessToken: [32m'eyJhbGciOiJIUzI1NiIsInR5cCI6IkpXVCJ9.eyJzdWIiOiI2OTI5ZTJkZTkzNGQ4ZTA3OWU2ZjU1YjYiLCJ3b3JrRW1haWwiOiJlbmdlbXAxLndvcmtAZXhhbXBsZS5jb20iLCJyb2xlcyI6WyJkZXBhcnRtZW50IGVtcGxveWVlIl0sInBlcm1pc3Npb25zIjpbXSwicHJpbWFyeURlcGFydG1lbnRJZCI6IjY5Mjc1ZDhhZmMxMTg0YTNiM2U2YzU1ZiIsImVtcGxveWVlTnVtYmVyIjoiRU1QLTEwMjYiLCJpYXQiOjE3NjU5ODE4NDcsImV4cCI6MTc2NjA2ODI0N30.GGPzQ3cU8tMFFxDntwLJRZjqmzVTjIdf_jbTHA3qgpI'[39m
[2m[WebServer] [22m}

[1A[2K[2m[WebServer] [22m≡ƒöì JWT Extractor - Headers: accessToken=eyJhbGciOiJIUzI1NiIsInR5cCI6IkpXVCJ9.eyJzdWIiOiI2OTI5ZTJkZTkzNGQ4ZTA3OWU2ZjU1YjYiLCJ3b3JrRW1haWwiOiJlbmdlbXAxLndvcmtAZXhhbXBsZS5jb20iLCJyb2xlcyI6WyJkZXBhcnRtZW50IGVtcGxveWVlIl0sInBlcm1pc3Npb25zIjpbXSwicHJpbWFyeURlcGFydG1lbnRJZCI6IjY5Mjc1ZDhhZmMxMTg0YTNiM2U2YzU1ZiIsImVtcGxveWVlTnVtYmVyIjoiRU1QLTEwMjYiLCJpYXQiOjE3NjU5ODE4NDcsImV4cCI6MTc2NjA2ODI0N30.GGPzQ3cU8tMFFxDntwLJRZjqmzVTjIdf_jbTHA3qgpI
[2m[WebServer] [22m≡ƒöì JWT Extractor - accessToken: FOUND

[1A[2K[2m[WebServer] [22mJwtStrategy VALIDATE: {
[2m[WebServer] [22m  sub: [32m'6929e2de934d8e079e6f55b6'[39m,
[2m[WebServer] [22m  workEmail: [32m'engemp1.work@example.com'[39m,
[2m[WebServer] [22m  roles: [ [32m'department employee'[39m ],
[2m[WebServer] [22m  permissions: [],
[2m[WebServer] [22m  primaryDepartmentId: [32m'69275d8afc1184a3b3e6c55f'[39m,
[2m[WebServer] [22m  employeeNumber: [32m'EMP-1026'[39m,
[2m[WebServer] [22m  iat: [33m1765981847[39m,
[2m[WebServer] [22m  exp: [33m1766068247[39m
[2m[WebServer] [22m}

[1A[2K[2m[WebServer] [22m≡ƒöÑ JwtAuthGuard: handleRequest() {
[2m[WebServer] [22m  err: [1mnull[22m,
[2m[WebServer] [22m  user: {
[2m[WebServer] [22m    id: [32m'6929e2de934d8e079e6f55b6'[39m,
[2m[WebServer] [22m    workEmail: [32m'engemp1.work@example.com'[39m,
[2m[WebServer] [22m    roles: [ [32m'department employee'[39m ],
[2m[WebServer] [22m    permissions: [],
[2m[WebServer] [22m    primaryDepartmentId: [32m'69275d8afc1184a3b3e6c55f'[39m,
[2m[WebServer] [22m    employeeNumber: [32m'EMP-1026'[39m
[2m[WebServer] [22m  },
[2m[WebServer] [22m  info: [90mundefined[39m
[2m[WebServer] [22m}
[2m[WebServer] [22mΓ£à JwtAuthGuard SUCCESS ΓåÆ user authenticated: 6929e2de934d8e079e6f55b6
[2m[WebServer] [22m≡ƒöÑ RolesGuard running!
[2m[WebServer] [22m
[2m[WebServer] [22m===== ROLE GUARD =====
[2m[WebServer] [22mRequired roles: [
[2m[WebServer] [22m  [32m'department employee'[39m,
[2m[WebServer] [22m  [32m'HR Employee'[39m,
[2m[WebServer] [22m  [32m'department head'[39m,
[2m[WebServer] [22m  [32m'HR Manager'[39m,
[2m[WebServer] [22m  [32m'HR Admin'[39m,
[2m[WebServer] [22m  [32m'System Admin'[39m
[2m[WebServer] [22m]
[2m[WebServer] [22mUser object: {
[2m[WebServer] [22m  id: [32m'6929e2de934d8e079e6f55b6'[39m,
[2m[WebServer] [22m  workEmail: [32m'engemp1.work@example.com'[39m,
[2m[WebServer] [22m  roles: [ [32m'department employee'[39m ],
[2m[WebServer] [22m  permissions: [],
[2m[WebServer] [22m  primaryDepartmentId: [32m'69275d8afc1184a3b3e6c55f'[39m,
[2m[WebServer] [22m  employeeNumber: [32m'EMP-1026'[39m
[2m[WebServer] [22m}
[2m[WebServer] [22mNormalized user roles: [ [32m'department employee'[39m ]

[1A[2K[2m[WebServer] [22mNormalized required roles: [
[2m[WebServer] [22m  [32m'department employee'[39m,
[2m[WebServer] [22m  [32m'hr employee'[39m,
[2m[WebServer] [22m  [32m'department head'[39m,
[2m[WebServer] [22m  [32m'hr manager'[39m,
[2m[WebServer] [22m  [32m'hr admin'[39m,
[2m[WebServer] [22m  [32m'system admin'[39m
[2m[WebServer] [22m]
[2m[WebServer] [22mHas required role? [33mtrue[39m
[2m[WebServer] [22mΓ£ö ACCESS GRANTED Γ£ö

[1A[2K[2m[WebServer] [22m≡ƒöì [CalendarsController] checkBlockedPeriods: { from: [32m'2026-01-31'[39m, to: [32m'2026-02-03'[39m }

[1A[2K[2m[WebServer] [22m≡ƒöÑ JwtAuthGuard: canActivate CALLED

[1A[2K[2m[WebServer] [22m≡ƒöì JWT Extractor - All cookies: {
[2m[WebServer] [22m  accessToken: [32m'eyJhbGciOiJIUzI1NiIsInR5cCI6IkpXVCJ9.eyJzdWIiOiI2OTI5ZTJkZTkzNGQ4ZTA3OWU2ZjU1YjYiLCJ3b3JrRW1haWwiOiJlbmdlbXAxLndvcmtAZXhhbXBsZS5jb20iLCJyb2xlcyI6WyJkZXBhcnRtZW50IGVtcGxveWVlIl0sInBlcm1pc3Npb25zIjpbXSwicHJpbWFyeURlcGFydG1lbnRJZCI6IjY5Mjc1ZDhhZmMxMTg0YTNiM2U2YzU1ZiIsImVtcGxveWVlTnVtYmVyIjoiRU1QLTEwMjYiLCJpYXQiOjE3NjU5ODE4NDcsImV4cCI6MTc2NjA2ODI0N30.GGPzQ3cU8tMFFxDntwLJRZjqmzVTjIdf_jbTHA3qgpI'[39m
[2m[WebServer] [22m}
[2m[WebServer] [22m≡ƒöì JWT Extractor - Headers: accessToken=eyJhbGciOiJIUzI1NiIsInR5cCI6IkpXVCJ9.eyJzdWIiOiI2OTI5ZTJkZTkzNGQ4ZTA3OWU2ZjU1YjYiLCJ3b3JrRW1haWwiOiJlbmdlbXAxLndvcmtAZXhhbXBsZS5jb20iLCJyb2xlcyI6WyJkZXBhcnRtZW50IGVtcGxveWVlIl0sInBlcm1pc3Npb25zIjpbXSwicHJpbWFyeURlcGFydG1lbnRJZCI6IjY5Mjc1ZDhhZmMxMTg0YTNiM2U2YzU1ZiIsImVtcGxveWVlTnVtYmVyIjoiRU1QLTEwMjYiLCJpYXQiOjE3NjU5ODE4NDcsImV4cCI6MTc2NjA2ODI0N30.GGPzQ3cU8tMFFxDntwLJRZjqmzVTjIdf_jbTHA3qgpI
[2m[WebServer] [22m≡ƒöì JWT Extractor - accessToken: FOUND

[1A[2K[2m[WebServer] [22mJwtStrategy VALIDATE: {
[2m[WebServer] [22m  sub: [32m'6929e2de934d8e079e6f55b6'[39m,
[2m[WebServer] [22m  workEmail: [32m'engemp1.work@example.com'[39m,
[2m[WebServer] [22m  roles: [ [32m'department employee'[39m ],
[2m[WebServer] [22m  permissions: [],
[2m[WebServer] [22m  primaryDepartmentId: [32m'69275d8afc1184a3b3e6c55f'[39m,
[2m[WebServer] [22m  employeeNumber: [32m'EMP-1026'[39m,
[2m[WebServer] [22m  iat: [33m1765981847[39m,
[2m[WebServer] [22m  exp: [33m1766068247[39m
[2m[WebServer] [22m}

[1A[2K[2m[WebServer] [22m≡ƒöÑ JwtAuthGuard: handleRequest() {
[2m[WebServer] [22m  err: [1mnull[22m,
[2m[WebServer] [22m  user: {
[2m[WebServer] [22m    id: [32m'6929e2de934d8e079e6f55b6'[39m,
[2m[WebServer] [22m    workEmail: [32m'engemp1.work@example.com'[39m,
[2m[WebServer] [22m    roles: [ [32m'department employee'[39m ],
[2m[WebServer] [22m    permissions: [],
[2m[WebServer] [22m    primaryDepartmentId: [32m'69275d8afc1184a3b3e6c55f'[39m,
[2m[WebServer] [22m    employeeNumber: [32m'EMP-1026'[39m
[2m[WebServer] [22m  },
[2m[WebServer] [22m  info: [90mundefined[39m
[2m[WebServer] [22m}
[2m[WebServer] [22mΓ£à JwtAuthGuard SUCCESS ΓåÆ user authenticated: 6929e2de934d8e079e6f55b6

[1A[2K[2m[WebServer] [22m≡ƒöÑ RolesGuard running!
[2m[WebServer] [22m
[2m[WebServer] [22m===== ROLE GUARD =====
[2m[WebServer] [22mRequired roles: [
[2m[WebServer] [22m  [32m'department employee'[39m,
[2m[WebServer] [22m  [32m'HR Employee'[39m,
[2m[WebServer] [22m  [32m'department head'[39m,
[2m[WebServer] [22m  [32m'HR Manager'[39m,
[2m[WebServer] [22m  [32m'HR Admin'[39m,
[2m[WebServer] [22m  [32m'System Admin'[39m
[2m[WebServer] [22m]

[1A[2K[2m[WebServer] [22mUser object: {
[2m[WebServer] [22m  id: [32m'6929e2de934d8e079e6f55b6'[39m,
[2m[WebServer] [22m  workEmail: [32m'engemp1.work@example.com'[39m,
[2m[WebServer] [22m  roles: [ [32m'department employee'[39m ],
[2m[WebServer] [22m  permissions: [],
[2m[WebServer] [22m  primaryDepartmentId: [32m'69275d8afc1184a3b3e6c55f'[39m,
[2m[WebServer] [22m  employeeNumber: [32m'EMP-1026'[39m
[2m[WebServer] [22m}
[2m[WebServer] [22mNormalized user roles: [ [32m'department employee'[39m ]
[2m[WebServer] [22mNormalized required roles: [
[2m[WebServer] [22m  [32m'department employee'[39m,
[2m[WebServer] [22m  [32m'hr employee'[39m,
[2m[WebServer] [22m  [32m'department head'[39m,
[2m[WebServer] [22m  [32m'hr manager'[39m,
[2m[WebServer] [22m  [32m'hr admin'[39m,
[2m[WebServer] [22m  [32m'system admin'[39m
[2m[WebServer] [22m]

[1A[2K[2m[WebServer] [22mHas required role? [33mtrue[39m
[2m[WebServer] [22mΓ£ö ACCESS GRANTED Γ£ö

[1A[2K[2m[WebServer] [22m≡ƒöì [RequestsController] checkOverlap: { from: [32m'2026-01-31'[39m, to: [32m'2026-02-03'[39m, excludeId: [90mundefined[39m }

[1A[2K[2m[WebServer] [22m≡ƒöÑ JwtAuthGuard: canActivate CALLED

[1A[2K[2m[WebServer] [22m≡ƒöì JWT Extractor - All cookies: {
[2m[WebServer] [22m  accessToken: [32m'eyJhbGciOiJIUzI1NiIsInR5cCI6IkpXVCJ9.eyJzdWIiOiI2OTI5ZTJkZTkzNGQ4ZTA3OWU2ZjU1YjYiLCJ3b3JrRW1haWwiOiJlbmdlbXAxLndvcmtAZXhhbXBsZS5jb20iLCJyb2xlcyI6WyJkZXBhcnRtZW50IGVtcGxveWVlIl0sInBlcm1pc3Npb25zIjpbXSwicHJpbWFyeURlcGFydG1lbnRJZCI6IjY5Mjc1ZDhhZmMxMTg0YTNiM2U2YzU1ZiIsImVtcGxveWVlTnVtYmVyIjoiRU1QLTEwMjYiLCJpYXQiOjE3NjU5ODE4NDcsImV4cCI6MTc2NjA2ODI0N30.GGPzQ3cU8tMFFxDntwLJRZjqmzVTjIdf_jbTHA3qgpI'[39m
[2m[WebServer] [22m}
[2m[WebServer] [22m≡ƒöì JWT Extractor - Headers: accessToken=eyJhbGciOiJIUzI1NiIsInR5cCI6IkpXVCJ9.eyJzdWIiOiI2OTI5ZTJkZTkzNGQ4ZTA3OWU2ZjU1YjYiLCJ3b3JrRW1haWwiOiJlbmdlbXAxLndvcmtAZXhhbXBsZS5jb20iLCJyb2xlcyI6WyJkZXBhcnRtZW50IGVtcGxveWVlIl0sInBlcm1pc3Npb25zIjpbXSwicHJpbWFyeURlcGFydG1lbnRJZCI6IjY5Mjc1ZDhhZmMxMTg0YTNiM2U2YzU1ZiIsImVtcGxveWVlTnVtYmVyIjoiRU1QLTEwMjYiLCJpYXQiOjE3NjU5ODE4NDcsImV4cCI6MTc2NjA2ODI0N30.GGPzQ3cU8tMFFxDntwLJRZjqmzVTjIdf_jbTHA3qgpI
[2m[WebServer] [22m≡ƒöì JWT Extractor - accessToken: FOUND

[1A[2K[2m[WebServer] [22mJwtStrategy VALIDATE: {
[2m[WebServer] [22m  sub: [32m'6929e2de934d8e079e6f55b6'[39m,
[2m[WebServer] [22m  workEmail: [32m'engemp1.work@example.com'[39m,
[2m[WebServer] [22m  roles: [ [32m'department employee'[39m ],
[2m[WebServer] [22m  permissions: [],
[2m[WebServer] [22m  primaryDepartmentId: [32m'69275d8afc1184a3b3e6c55f'[39m,
[2m[WebServer] [22m  employeeNumber: [32m'EMP-1026'[39m,
[2m[WebServer] [22m  iat: [33m1765981847[39m,
[2m[WebServer] [22m  exp: [33m1766068247[39m
[2m[WebServer] [22m}

[1A[2K[2m[WebServer] [22m≡ƒöÑ JwtAuthGuard: handleRequest() {
[2m[WebServer] [22m  err: [1mnull[22m,
[2m[WebServer] [22m  user: {
[2m[WebServer] [22m    id: [32m'6929e2de934d8e079e6f55b6'[39m,
[2m[WebServer] [22m    workEmail: [32m'engemp1.work@example.com'[39m,
[2m[WebServer] [22m    roles: [ [32m'department employee'[39m ],
[2m[WebServer] [22m    permissions: [],
[2m[WebServer] [22m    primaryDepartmentId: [32m'69275d8afc1184a3b3e6c55f'[39m,
[2m[WebServer] [22m    employeeNumber: [32m'EMP-1026'[39m
[2m[WebServer] [22m  },
[2m[WebServer] [22m  info: [90mundefined[39m
[2m[WebServer] [22m}
[2m[WebServer] [22mΓ£à JwtAuthGuard SUCCESS ΓåÆ user authenticated: 6929e2de934d8e079e6f55b6

[1A[2K[2m[WebServer] [22m≡ƒöÑ RolesGuard running!
[2m[WebServer] [22m
[2m[WebServer] [22m===== ROLE GUARD =====
[2m[WebServer] [22mRequired roles: [
[2m[WebServer] [22m  [32m'department employee'[39m,
[2m[WebServer] [22m  [32m'HR Employee'[39m,
[2m[WebServer] [22m  [32m'department head'[39m,
[2m[WebServer] [22m  [32m'HR Manager'[39m,
[2m[WebServer] [22m  [32m'HR Admin'[39m,
[2m[WebServer] [22m  [32m'System Admin'[39m
[2m[WebServer] [22m]

[1A[2K[2m[WebServer] [22mUser object: {
[2m[WebServer] [22m  id: [32m'6929e2de934d8e079e6f55b6'[39m,
[2m[WebServer] [22m  workEmail: [32m'engemp1.work@example.com'[39m,
[2m[WebServer] [22m  roles: [ [32m'department employee'[39m ],
[2m[WebServer] [22m  permissions: [],
[2m[WebServer] [22m  primaryDepartmentId: [32m'69275d8afc1184a3b3e6c55f'[39m,
[2m[WebServer] [22m  employeeNumber: [32m'EMP-1026'[39m
[2m[WebServer] [22m}

[1A[2K[2m[WebServer] [22mNormalized user roles: [ [32m'department employee'[39m ]
[2m[WebServer] [22mNormalized required roles: [
[2m[WebServer] [22m  [32m'department employee'[39m,
[2m[WebServer] [22m  [32m'hr employee'[39m,
[2m[WebServer] [22m  [32m'department head'[39m,
[2m[WebServer] [22m  [32m'hr manager'[39m,
[2m[WebServer] [22m  [32m'hr admin'[39m,
[2m[WebServer] [22m  [32m'system admin'[39m
[2m[WebServer] [22m]

[1A[2K[2m[WebServer] [22mHas required role? [33mtrue[39m
[2m[WebServer] [22mΓ£ö ACCESS GRANTED Γ£ö

[1A[2K[2m[WebServer] [22m≡ƒöì [RequestsController] create: {
[2m[WebServer] [22m  dto: {
[2m[WebServer] [22m    leaveTypeId: [32m'676000000000000000000020'[39m,
[2m[WebServer] [22m    dates: { from: [32m'2026-01-31'[39m, to: [32m'2026-02-03'[39m },
[2m[WebServer] [22m    justification: [32m'Automated test: C3-sick-leave-with-docs - 2025-12-17T14:30:49.044Z'[39m,
[2m[WebServer] [22m    attachments: {}
[2m[WebServer] [22m  },
[2m[WebServer] [22m  userId: [90mundefined[39m
[2m[WebServer] [22m}

[1A[2KΓÜá∩╕Å API response timeout

[1A[2K
================================================================================

[1A[2K≡ƒÄë ALL LEAVE MANAGEMENT TESTS COMPLETED

[1A[2K================================================================================

[1A[2KΓ£à Employee 1 (EMP-1026): All scenarios tested

[1A[2KΓ£à Employee 2 (EMP-1027): Low balance scenarios tested

[1A[2KΓ£à Manager (EMP-1025): Approval workflows tested

[1A[2KΓ£à HR (EMP-1019): System-wide management tested

[1A[2K================================================================================


[1A[2K  3) [chromium] ΓÇ║ leave-tests.spec.ts:305:7 ΓÇ║ ≡ƒºæ EMPLOYEE 1 (EMP-1026 - Engineering) - All Scenarios ΓÇ║ Γ£à C3: Submit sick leave with documentation (REQ-028, BR-54) 

    Error: [2mexpect([22m[31mlocator[39m[2m).[22mtoBeVisible[2m([22m[2m)[22m failed

    Locator: locator('text=/success|submitted|created/i')
    Expected: visible
    Timeout: 10000ms
    Error: element(s) not found

    Call log:
    [2m  - Expect "toBeVisible" with timeout 10000ms[22m
    [2m  - waiting for locator('text=/success|submitted|created/i')[22m


      74 |   
      75 |   // Verify success message
    > 76 |   await expect(page.locator('text=/success|submitted|created/i')).toBeVisible({ timeout: 10000 });
         |                                                                   ^
      77 | }
      78 |
      79 | /**
        at submitAndVerifySuccess (C:\Users\Bedon\Desktop\semester-5-software-project\leave-tests.spec.ts:76:67)
        at C:\Users\Bedon\Desktop\semester-5-software-project\leave-tests.spec.ts:327:5

    attachment #1: screenshot (image/png) ΓöÇΓöÇΓöÇΓöÇΓöÇΓöÇΓöÇΓöÇΓöÇΓöÇΓöÇΓöÇΓöÇΓöÇΓöÇΓöÇΓöÇΓöÇΓöÇΓöÇΓöÇΓöÇΓöÇΓöÇΓöÇΓöÇΓöÇΓöÇΓöÇΓöÇΓöÇΓöÇΓöÇΓöÇΓöÇΓöÇΓöÇΓöÇΓöÇΓöÇΓöÇΓöÇΓöÇΓöÇΓöÇΓöÇΓöÇΓöÇΓöÇΓöÇΓöÇΓöÇΓöÇΓöÇΓöÇΓöÇΓöÇΓöÇ
    test-results\leave-tests-≡ƒºæ-EMPLOYEE-1--96455-ocumentation-REQ-028-BR-54--chromium\test-failed-1.png
    ΓöÇΓöÇΓöÇΓöÇΓöÇΓöÇΓöÇΓöÇΓöÇΓöÇΓöÇΓöÇΓöÇΓöÇΓöÇΓöÇΓöÇΓöÇΓöÇΓöÇΓöÇΓöÇΓöÇΓöÇΓöÇΓöÇΓöÇΓöÇΓöÇΓöÇΓöÇΓöÇΓöÇΓöÇΓöÇΓöÇΓöÇΓöÇΓöÇΓöÇΓöÇΓöÇΓöÇΓöÇΓöÇΓöÇΓöÇΓöÇΓöÇΓöÇΓöÇΓöÇΓöÇΓöÇΓöÇΓöÇΓöÇΓöÇΓöÇΓöÇΓöÇΓöÇΓöÇΓöÇΓöÇΓöÇΓöÇΓöÇΓöÇΓöÇΓöÇΓöÇΓöÇΓöÇΓöÇΓöÇΓöÇΓöÇΓöÇΓöÇΓöÇΓöÇΓöÇΓöÇΓöÇΓöÇΓöÇΓöÇΓöÇΓöÇΓöÇΓöÇΓöÇΓöÇΓöÇΓöÇ

    attachment #2: video (video/webm) ΓöÇΓöÇΓöÇΓöÇΓöÇΓöÇΓöÇΓöÇΓöÇΓöÇΓöÇΓöÇΓöÇΓöÇΓöÇΓöÇΓöÇΓöÇΓöÇΓöÇΓöÇΓöÇΓöÇΓöÇΓöÇΓöÇΓöÇΓöÇΓöÇΓöÇΓöÇΓöÇΓöÇΓöÇΓöÇΓöÇΓöÇΓöÇΓöÇΓöÇΓöÇΓöÇΓöÇΓöÇΓöÇΓöÇΓöÇΓöÇΓöÇΓöÇΓöÇΓöÇΓöÇΓöÇΓöÇΓöÇΓöÇΓöÇΓöÇΓöÇΓöÇΓöÇ
    test-results\leave-tests-≡ƒºæ-EMPLOYEE-1--96455-ocumentation-REQ-028-BR-54--chromium\video.webm
    ΓöÇΓöÇΓöÇΓöÇΓöÇΓöÇΓöÇΓöÇΓöÇΓöÇΓöÇΓöÇΓöÇΓöÇΓöÇΓöÇΓöÇΓöÇΓöÇΓöÇΓöÇΓöÇΓöÇΓöÇΓöÇΓöÇΓöÇΓöÇΓöÇΓöÇΓöÇΓöÇΓöÇΓöÇΓöÇΓöÇΓöÇΓöÇΓöÇΓöÇΓöÇΓöÇΓöÇΓöÇΓöÇΓöÇΓöÇΓöÇΓöÇΓöÇΓöÇΓöÇΓöÇΓöÇΓöÇΓöÇΓöÇΓöÇΓöÇΓöÇΓöÇΓöÇΓöÇΓöÇΓöÇΓöÇΓöÇΓöÇΓöÇΓöÇΓöÇΓöÇΓöÇΓöÇΓöÇΓöÇΓöÇΓöÇΓöÇΓöÇΓöÇΓöÇΓöÇΓöÇΓöÇΓöÇΓöÇΓöÇΓöÇΓöÇΓöÇΓöÇΓöÇΓöÇΓöÇΓöÇ

    Error Context: test-results\leave-tests-≡ƒºæ-EMPLOYEE-1--96455-ocumentation-REQ-028-BR-54--chromium\error-context.md


[1A[2K[6/35] [chromium] ΓÇ║ leave-tests.spec.ts:332:7 ΓÇ║ ≡ƒºæ EMPLOYEE 1 (EMP-1026 - Engineering) - All Scenarios ΓÇ║ Γ£à C4: Submit emergency leave (overlapping test - BR-31)
[1A[2K[chromium] ΓÇ║ leave-tests.spec.ts:332:7 ΓÇ║ ≡ƒºæ EMPLOYEE 1 (EMP-1026 - Engineering) - All Scenarios ΓÇ║ Γ£à C4: Submit emergency leave (overlapping test - BR-31)
≡ƒöÉ Logging in as: engemp1.work@example.com

[1A[2K[2m[WebServer] [22m GET /login [32m200[39m in 35ms[2m (compile: 2ms, render: 32ms)[22m

[1A[2K[2m[WebServer] [22m≡ƒöÑ JwtAuthGuard: canActivate CALLED

[1A[2K[2m[WebServer] [22m≡ƒöì JWT Extractor - All cookies: [Object: null prototype] {}
[2m[WebServer] [22m≡ƒöì JWT Extractor - Headers: [90mundefined[39m
[2m[WebServer] [22m≡ƒöì JWT Extractor - accessToken: NOT FOUND

[1A[2K[2m[WebServer] [22m≡ƒöÑ JwtAuthGuard: handleRequest() {
[2m[WebServer] [22m  err: [1mnull[22m,
[2m[WebServer] [22m  user: [33mfalse[39m,
[2m[WebServer] [22m  info: Error: No auth token
[2m[WebServer] [22m      at JwtStrategy.authenticate [90m(C:\Users\Bedon\Desktop\semester-5-software-project\backend\[39mnode_modules\[4mpassport-jwt[24m\lib\strategy.js:96:26[90m)[39m
[2m[WebServer] [22m      at attempt [90m(C:\Users\Bedon\Desktop\semester-5-software-project\backend\[39mnode_modules\[4mpassport[24m\lib\middleware\authenticate.js:378:16[90m)[39m
[2m[WebServer] [22m      at authenticate [90m(C:\Users\Bedon\Desktop\semester-5-software-project\backend\[39mnode_modules\[4mpassport[24m\lib\middleware\authenticate.js:379:7[90m)[39m
[2m[WebServer] [22m      at [90mC:\Users\Bedon\Desktop\semester-5-software-project\backend\[39mnode_modules\[4m@nestjs[24m\passport\dist\auth.guard.js:88:3
[2m[WebServer] [22m      at new Promise (<anonymous>)
[2m[WebServer] [22m      at [90mC:\Users\Bedon\Desktop\semester-5-software-project\backend\[39mnode_modules\[4m@nestjs[24m\passport\dist\auth.guard.js:80:83
[2m[WebServer] [22m      at JwtAuthGuard.canActivate [90m(C:\Users\Bedon\Desktop\semester-5-software-project\backend\[39mnode_modules\[4m@nestjs[24m\passport\dist\auth.guard.js:44:32[90m)[39m
[2m[WebServer] [22m  [90m    at process.processTicksAndRejections (node:internal/process/task_queues:105:5)[39m
[2m[WebServer] [22m}

[1A[2K[2m[WebServer] [22mΓ¥î JwtAuthGuard INFO: Error: No auth token
[2m[WebServer] [22m    at JwtStrategy.authenticate 
[90m(C:\Users\Bedon\Desktop\semester-5-software-project\backend\[39mnode_modules\[4mpassport-jwt[24m\lib\strategy.js:96:26[90m)[39m
[2m[WebServer] [22m    at attempt 
[90m(C:\Users\Bedon\Desktop\semester-5-software-project\backend\[39mnode_modules\[4mpassport[24m\lib\middleware\authenticate.js:378:16[90m)[39m
[2m[WebServer] [22m    at authenticate 
[90m(C:\Users\Bedon\Desktop\semester-5-software-project\backend\[39mnode_modules\[4mpassport[24m\lib\middleware\authenticate.js:379:7[90m)[39m
[2m[WebServer] [22m    at [90mC:\Users\Bedon\Desktop\semester-5-software-project\backend\[39mnode_modules\[4m@nestjs[24m\passport\dist\auth.guard.js:88:3
[2m[WebServer] [22m    at new Promise (<anonymous>)
[2m[WebServer] [22m    at 
[90mC:\Users\Bedon\Desktop\semester-5-software-project\backend\[39mnode_modules\[4m@nestjs[24m\passport\dist\auth.guard.js:80:83
[2m[WebServer] [22m    at JwtAuthGuard.canActivate 
[90m(C:\Users\Bedon\Desktop\semester-5-software-project\backend\[39mnode_modules\[4m@nestjs[24m\passport\dist\auth.guard.js:44:32[90m)[39m
[2m[WebServer] [22m[90m    at process.processTicksAndRejections (node:internal/process/task_queues:105:5)[39m

[1A[2K[2m[WebServer] [22mΓ¥î JwtAuthGuard FAILING ΓåÆ No auth token

[1A[2K[2m[WebServer] [22mVALIDATE EMPLOYEE - systemRole = {
[2m[WebServer] [22m  _id: new ObjectId([32m'6929e2de934d8e079e6f55b8'[39m),
[2m[WebServer] [22m  employeeProfileId: new ObjectId([32m'6929e2de934d8e079e6f55b6'[39m),
[2m[WebServer] [22m  roles: [ [32m'department employee'[39m ],
[2m[WebServer] [22m  permissions: [],
[2m[WebServer] [22m  isActive: [33mtrue[39m,
[2m[WebServer] [22m  createdAt: [35m2025-11-28T17:58:54.894Z[39m,
[2m[WebServer] [22m  updatedAt: [35m2025-11-28T17:58:54.894Z[39m,
[2m[WebServer] [22m  __v: [33m0[39m
[2m[WebServer] [22m}

[1A[2K[2m[WebServer] [22mGenerated token: eyJhbGciOiJIUzI1NiIsInR5cCI6IkpXVCJ9.eyJzdWIiOiI2OTI5ZTJkZTkzNGQ4ZTA3OWU2ZjU1YjYiLCJ3b3JrRW1haWwiOiJlbmdlbXAxLndvcmtAZXhhbXBsZS5jb20iLCJyb2xlcyI6WyJkZXBhcnRtZW50IGVtcGxveWVlIl0sInBlcm1pc3Npb25zIjpbXSwicHJpbWFyeURlcGFydG1lbnRJZCI6IjY5Mjc1ZDhhZmMxMTg0YTNiM2U2YzU1ZiIsImVtcGxveWVlTnVtYmVyIjoiRU1QLTEwMjYiLCJpYXQiOjE3NjU5ODE4NzIsImV4cCI6MTc2NjA2ODI3Mn0.D_xdMDA-Hs_i6mEVLK32uPVY4wShcn393SSOlcDXyTY

[1A[2K[2m[WebServer] [22m GET /leaves [32m200[39m in 18ms[2m (compile: 3ms, render: 15ms)[22m

[1A[2KΓ£à Login successful

[1A[2K≡ƒô¥ Testing Emergency Leave

[1A[2K[2m[WebServer] [22m≡ƒöÑ JwtAuthGuard: canActivate CALLED

[1A[2K[2m[WebServer] [22m≡ƒöì JWT Extractor - All cookies: {
[2m[WebServer] [22m  accessToken: [32m'eyJhbGciOiJIUzI1NiIsInR5cCI6IkpXVCJ9.eyJzdWIiOiI2OTI5ZTJkZTkzNGQ4ZTA3OWU2ZjU1YjYiLCJ3b3JrRW1haWwiOiJlbmdlbXAxLndvcmtAZXhhbXBsZS5jb20iLCJyb2xlcyI6WyJkZXBhcnRtZW50IGVtcGxveWVlIl0sInBlcm1pc3Npb25zIjpbXSwicHJpbWFyeURlcGFydG1lbnRJZCI6IjY5Mjc1ZDhhZmMxMTg0YTNiM2U2YzU1ZiIsImVtcGxveWVlTnVtYmVyIjoiRU1QLTEwMjYiLCJpYXQiOjE3NjU5ODE4NzIsImV4cCI6MTc2NjA2ODI3Mn0.D_xdMDA-Hs_i6mEVLK32uPVY4wShcn393SSOlcDXyTY'[39m
[2m[WebServer] [22m}
[2m[WebServer] [22m≡ƒöì JWT Extractor - Headers: accessToken=eyJhbGciOiJIUzI1NiIsInR5cCI6IkpXVCJ9.eyJzdWIiOiI2OTI5ZTJkZTkzNGQ4ZTA3OWU2ZjU1YjYiLCJ3b3JrRW1haWwiOiJlbmdlbXAxLndvcmtAZXhhbXBsZS5jb20iLCJyb2xlcyI6WyJkZXBhcnRtZW50IGVtcGxveWVlIl0sInBlcm1pc3Npb25zIjpbXSwicHJpbWFyeURlcGFydG1lbnRJZCI6IjY5Mjc1ZDhhZmMxMTg0YTNiM2U2YzU1ZiIsImVtcGxveWVlTnVtYmVyIjoiRU1QLTEwMjYiLCJpYXQiOjE3NjU5ODE4NzIsImV4cCI6MTc2NjA2ODI3Mn0.D_xdMDA-Hs_i6mEVLK32uPVY4wShcn393SSOlcDXyTY
[2m[WebServer] [22m≡ƒöì JWT Extractor - accessToken: FOUND

[1A[2K[2m[WebServer] [22mJwtStrategy VALIDATE: {
[2m[WebServer] [22m  sub: [32m'6929e2de934d8e079e6f55b6'[39m,
[2m[WebServer] [22m  workEmail: [32m'engemp1.work@example.com'[39m,
[2m[WebServer] [22m  roles: [ [32m'department employee'[39m ],
[2m[WebServer] [22m  permissions: [],
[2m[WebServer] [22m  primaryDepartmentId: [32m'69275d8afc1184a3b3e6c55f'[39m,
[2m[WebServer] [22m  employeeNumber: [32m'EMP-1026'[39m,
[2m[WebServer] [22m  iat: [33m1765981872[39m,
[2m[WebServer] [22m  exp: [33m1766068272[39m
[2m[WebServer] [22m}

[1A[2K[2m[WebServer] [22m≡ƒöÑ JwtAuthGuard: handleRequest() {
[2m[WebServer] [22m  err: [1mnull[22m,
[2m[WebServer] [22m  user: {
[2m[WebServer] [22m    id: [32m'6929e2de934d8e079e6f55b6'[39m,
[2m[WebServer] [22m    workEmail: [32m'engemp1.work@example.com'[39m,
[2m[WebServer] [22m    roles: [ [32m'department employee'[39m ],
[2m[WebServer] [22m    permissions: [],
[2m[WebServer] [22m    primaryDepartmentId: [32m'69275d8afc1184a3b3e6c55f'[39m,
[2m[WebServer] [22m    employeeNumber: [32m'EMP-1026'[39m
[2m[WebServer] [22m  },
[2m[WebServer] [22m  info: [90mundefined[39m
[2m[WebServer] [22m}
[2m[WebServer] [22mΓ£à JwtAuthGuard SUCCESS ΓåÆ user authenticated: 6929e2de934d8e079e6f55b6
[2m[WebServer] [22m≡ƒöÑ RolesGuard running!

[1A[2K[2m[WebServer] [22m
[2m[WebServer] [22m===== ROLE GUARD =====
[2m[WebServer] [22mRequired roles: [
[2m[WebServer] [22m  [32m'department employee'[39m,
[2m[WebServer] [22m  [32m'HR Employee'[39m,
[2m[WebServer] [22m  [32m'department head'[39m,
[2m[WebServer] [22m  [32m'HR Manager'[39m,
[2m[WebServer] [22m  [32m'HR Admin'[39m,
[2m[WebServer] [22m  [32m'System Admin'[39m
[2m[WebServer] [22m]
[2m[WebServer] [22mUser object: {
[2m[WebServer] [22m  id: [32m'6929e2de934d8e079e6f55b6'[39m,
[2m[WebServer] [22m  workEmail: [32m'engemp1.work@example.com'[39m,
[2m[WebServer] [22m  roles: [ [32m'department employee'[39m ],
[2m[WebServer] [22m  permissions: [],
[2m[WebServer] [22m  primaryDepartmentId: [32m'69275d8afc1184a3b3e6c55f'[39m,
[2m[WebServer] [22m  employeeNumber: [32m'EMP-1026'[39m
[2m[WebServer] [22m}

[1A[2K[2m[WebServer] [22mNormalized user roles: [ [32m'department employee'[39m ]
[2m[WebServer] [22mNormalized required roles: [
[2m[WebServer] [22m  [32m'department employee'[39m,
[2m[WebServer] [22m  [32m'hr employee'[39m,
[2m[WebServer] [22m  [32m'department head'[39m,
[2m[WebServer] [22m  [32m'hr manager'[39m,
[2m[WebServer] [22m  [32m'hr admin'[39m,
[2m[WebServer] [22m  [32m'system admin'[39m
[2m[WebServer] [22m]
[2m[WebServer] [22mHas required role? [33mtrue[39m

[1A[2K[2m[WebServer] [22mΓ£ö ACCESS GRANTED Γ£ö

[1A[2K[2m[WebServer] [22m≡ƒöì [TrackingController] getMyBalances: {
[2m[WebServer] [22m  query: [Object: null prototype] {},
[2m[WebServer] [22m  userId: [32m'6929e2de934d8e079e6f55b6'[39m
[2m[WebServer] [22m}

[1A[2K[2m[WebServer] [22m≡ƒöÑ JwtAuthGuard: canActivate CALLED

[1A[2K[2m[WebServer] [22m≡ƒöì JWT Extractor - All cookies: {
[2m[WebServer] [22m  accessToken: [32m'eyJhbGciOiJIUzI1NiIsInR5cCI6IkpXVCJ9.eyJzdWIiOiI2OTI5ZTJkZTkzNGQ4ZTA3OWU2ZjU1YjYiLCJ3b3JrRW1haWwiOiJlbmdlbXAxLndvcmtAZXhhbXBsZS5jb20iLCJyb2xlcyI6WyJkZXBhcnRtZW50IGVtcGxveWVlIl0sInBlcm1pc3Npb25zIjpbXSwicHJpbWFyeURlcGFydG1lbnRJZCI6IjY5Mjc1ZDhhZmMxMTg0YTNiM2U2YzU1ZiIsImVtcGxveWVlTnVtYmVyIjoiRU1QLTEwMjYiLCJpYXQiOjE3NjU5ODE4NzIsImV4cCI6MTc2NjA2ODI3Mn0.D_xdMDA-Hs_i6mEVLK32uPVY4wShcn393SSOlcDXyTY'[39m
[2m[WebServer] [22m}

[1A[2K[2m[WebServer] [22m≡ƒöì JWT Extractor - Headers: accessToken=eyJhbGciOiJIUzI1NiIsInR5cCI6IkpXVCJ9.eyJzdWIiOiI2OTI5ZTJkZTkzNGQ4ZTA3OWU2ZjU1YjYiLCJ3b3JrRW1haWwiOiJlbmdlbXAxLndvcmtAZXhhbXBsZS5jb20iLCJyb2xlcyI6WyJkZXBhcnRtZW50IGVtcGxveWVlIl0sInBlcm1pc3Npb25zIjpbXSwicHJpbWFyeURlcGFydG1lbnRJZCI6IjY5Mjc1ZDhhZmMxMTg0YTNiM2U2YzU1ZiIsImVtcGxveWVlTnVtYmVyIjoiRU1QLTEwMjYiLCJpYXQiOjE3NjU5ODE4NzIsImV4cCI6MTc2NjA2ODI3Mn0.D_xdMDA-Hs_i6mEVLK32uPVY4wShcn393SSOlcDXyTY
[2m[WebServer] [22m≡ƒöì JWT Extractor - accessToken: FOUND

[1A[2K[2m[WebServer] [22mJwtStrategy VALIDATE: {
[2m[WebServer] [22m  sub: [32m'6929e2de934d8e079e6f55b6'[39m,
[2m[WebServer] [22m  workEmail: [32m'engemp1.work@example.com'[39m,
[2m[WebServer] [22m  roles: [ [32m'department employee'[39m ],
[2m[WebServer] [22m  permissions: [],
[2m[WebServer] [22m  primaryDepartmentId: [32m'69275d8afc1184a3b3e6c55f'[39m,
[2m[WebServer] [22m  employeeNumber: [32m'EMP-1026'[39m,
[2m[WebServer] [22m  iat: [33m1765981872[39m,
[2m[WebServer] [22m  exp: [33m1766068272[39m
[2m[WebServer] [22m}

[1A[2K[2m[WebServer] [22m≡ƒöÑ JwtAuthGuard: handleRequest() {
[2m[WebServer] [22m  err: [1mnull[22m,
[2m[WebServer] [22m  user: {
[2m[WebServer] [22m    id: [32m'6929e2de934d8e079e6f55b6'[39m,
[2m[WebServer] [22m    workEmail: [32m'engemp1.work@example.com'[39m,
[2m[WebServer] [22m    roles: [ [32m'department employee'[39m ],
[2m[WebServer] [22m    permissions: [],
[2m[WebServer] [22m    primaryDepartmentId: [32m'69275d8afc1184a3b3e6c55f'[39m,
[2m[WebServer] [22m    employeeNumber: [32m'EMP-1026'[39m
[2m[WebServer] [22m  },
[2m[WebServer] [22m  info: [90mundefined[39m
[2m[WebServer] [22m}
[2m[WebServer] [22mΓ£à JwtAuthGuard SUCCESS ΓåÆ user authenticated: 6929e2de934d8e079e6f55b6
[2m[WebServer] [22m≡ƒöÑ RolesGuard running!
[2m[WebServer] [22m
[2m[WebServer] [22m===== ROLE GUARD =====
[2m[WebServer] [22mRequired roles: [
[2m[WebServer] [22m  [32m'department employee'[39m,
[2m[WebServer] [22m  [32m'HR Employee'[39m,
[2m[WebServer] [22m  [32m'department head'[39m,
[2m[WebServer] [22m  [32m'HR Manager'[39m,
[2m[WebServer] [22m  [32m'HR Admin'[39m,
[2m[WebServer] [22m  [32m'System Admin'[39m
[2m[WebServer] [22m]
[2m[WebServer] [22mUser object: {
[2m[WebServer] [22m  id: [32m'6929e2de934d8e079e6f55b6'[39m,
[2m[WebServer] [22m  workEmail: [32m'engemp1.work@example.com'[39m,
[2m[WebServer] [22m  roles: [ [32m'department employee'[39m ],
[2m[WebServer] [22m  permissions: [],
[2m[WebServer] [22m  primaryDepartmentId: [32m'69275d8afc1184a3b3e6c55f'[39m,
[2m[WebServer] [22m  employeeNumber: [32m'EMP-1026'[39m
[2m[WebServer] [22m}

[1A[2K[2m[WebServer] [22mNormalized user roles: [ [32m'department employee'[39m ]
[2m[WebServer] [22mNormalized required roles: [
[2m[WebServer] [22m  [32m'department employee'[39m,
[2m[WebServer] [22m  [32m'hr employee'[39m,
[2m[WebServer] [22m  [32m'department head'[39m,
[2m[WebServer] [22m  [32m'hr manager'[39m,
[2m[WebServer] [22m  [32m'hr admin'[39m,
[2m[WebServer] [22m  [32m'system admin'[39m
[2m[WebServer] [22m]
[2m[WebServer] [22mHas required role? [33mtrue[39m
[2m[WebServer] [22mΓ£ö ACCESS GRANTED Γ£ö

[1A[2K[2m[WebServer] [22m≡ƒöì [TrackingController] getMyHistory: {
[2m[WebServer] [22m  filters: [Object: null prototype] {},
[2m[WebServer] [22m  userId: [32m'6929e2de934d8e079e6f55b6'[39m
[2m[WebServer] [22m}

[1A[2K[2m[WebServer] [22m GET /leaves/my-leaves [32m200[39m in 70ms[2m (compile: 2ms, render: 68ms)[22m

[1A[2K[2m[WebServer] [22m≡ƒöÑ JwtAuthGuard: canActivate CALLED

[1A[2K[2m[WebServer] [22m≡ƒöì JWT Extractor - All cookies: {
[2m[WebServer] [22m  accessToken: [32m'eyJhbGciOiJIUzI1NiIsInR5cCI6IkpXVCJ9.eyJzdWIiOiI2OTI5ZTJkZTkzNGQ4ZTA3OWU2ZjU1YjYiLCJ3b3JrRW1haWwiOiJlbmdlbXAxLndvcmtAZXhhbXBsZS5jb20iLCJyb2xlcyI6WyJkZXBhcnRtZW50IGVtcGxveWVlIl0sInBlcm1pc3Npb25zIjpbXSwicHJpbWFyeURlcGFydG1lbnRJZCI6IjY5Mjc1ZDhhZmMxMTg0YTNiM2U2YzU1ZiIsImVtcGxveWVlTnVtYmVyIjoiRU1QLTEwMjYiLCJpYXQiOjE3NjU5ODE4NzIsImV4cCI6MTc2NjA2ODI3Mn0.D_xdMDA-Hs_i6mEVLK32uPVY4wShcn393SSOlcDXyTY'[39m
[2m[WebServer] [22m}
[2m[WebServer] [22m≡ƒöì JWT Extractor - Headers: accessToken=eyJhbGciOiJIUzI1NiIsInR5cCI6IkpXVCJ9.eyJzdWIiOiI2OTI5ZTJkZTkzNGQ4ZTA3OWU2ZjU1YjYiLCJ3b3JrRW1haWwiOiJlbmdlbXAxLndvcmtAZXhhbXBsZS5jb20iLCJyb2xlcyI6WyJkZXBhcnRtZW50IGVtcGxveWVlIl0sInBlcm1pc3Npb25zIjpbXSwicHJpbWFyeURlcGFydG1lbnRJZCI6IjY5Mjc1ZDhhZmMxMTg0YTNiM2U2YzU1ZiIsImVtcGxveWVlTnVtYmVyIjoiRU1QLTEwMjYiLCJpYXQiOjE3NjU5ODE4NzIsImV4cCI6MTc2NjA2ODI3Mn0.D_xdMDA-Hs_i6mEVLK32uPVY4wShcn393SSOlcDXyTY
[2m[WebServer] [22m≡ƒöì JWT Extractor - accessToken: FOUND

[1A[2K[2m[WebServer] [22mJwtStrategy VALIDATE: {
[2m[WebServer] [22m  sub: [32m'6929e2de934d8e079e6f55b6'[39m,
[2m[WebServer] [22m  workEmail: [32m'engemp1.work@example.com'[39m,
[2m[WebServer] [22m  roles: [ [32m'department employee'[39m ],
[2m[WebServer] [22m  permissions: [],
[2m[WebServer] [22m  primaryDepartmentId: [32m'69275d8afc1184a3b3e6c55f'[39m,
[2m[WebServer] [22m  employeeNumber: [32m'EMP-1026'[39m,
[2m[WebServer] [22m  iat: [33m1765981872[39m,
[2m[WebServer] [22m  exp: [33m1766068272[39m
[2m[WebServer] [22m}

[1A[2K[2m[WebServer] [22m≡ƒöÑ JwtAuthGuard: handleRequest() {
[2m[WebServer] [22m  err: [1mnull[22m,
[2m[WebServer] [22m  user: {
[2m[WebServer] [22m    id: [32m'6929e2de934d8e079e6f55b6'[39m,
[2m[WebServer] [22m    workEmail: [32m'engemp1.work@example.com'[39m,
[2m[WebServer] [22m    roles: [ [32m'department employee'[39m ],
[2m[WebServer] [22m    permissions: [],
[2m[WebServer] [22m    primaryDepartmentId: [32m'69275d8afc1184a3b3e6c55f'[39m,
[2m[WebServer] [22m    employeeNumber: [32m'EMP-1026'[39m
[2m[WebServer] [22m  },
[2m[WebServer] [22m  info: [90mundefined[39m
[2m[WebServer] [22m}
[2m[WebServer] [22mΓ£à JwtAuthGuard SUCCESS ΓåÆ user authenticated: 6929e2de934d8e079e6f55b6

[1A[2K[2m[WebServer] [22m≡ƒöì [LeaveTypeController] findAll

[1A[2K[2m[WebServer] [22m≡ƒöÑ JwtAuthGuard: canActivate CALLED

[1A[2K[2m[WebServer] [22m≡ƒöì JWT Extractor - All cookies: {
[2m[WebServer] [22m  accessToken: [32m'eyJhbGciOiJIUzI1NiIsInR5cCI6IkpXVCJ9.eyJzdWIiOiI2OTI5ZTJkZTkzNGQ4ZTA3OWU2ZjU1YjYiLCJ3b3JrRW1haWwiOiJlbmdlbXAxLndvcmtAZXhhbXBsZS5jb20iLCJyb2xlcyI6WyJkZXBhcnRtZW50IGVtcGxveWVlIl0sInBlcm1pc3Npb25zIjpbXSwicHJpbWFyeURlcGFydG1lbnRJZCI6IjY5Mjc1ZDhhZmMxMTg0YTNiM2U2YzU1ZiIsImVtcGxveWVlTnVtYmVyIjoiRU1QLTEwMjYiLCJpYXQiOjE3NjU5ODE4NzIsImV4cCI6MTc2NjA2ODI3Mn0.D_xdMDA-Hs_i6mEVLK32uPVY4wShcn393SSOlcDXyTY'[39m
[2m[WebServer] [22m}
[2m[WebServer] [22m≡ƒöì JWT Extractor - Headers: accessToken=eyJhbGciOiJIUzI1NiIsInR5cCI6IkpXVCJ9.eyJzdWIiOiI2OTI5ZTJkZTkzNGQ4ZTA3OWU2ZjU1YjYiLCJ3b3JrRW1haWwiOiJlbmdlbXAxLndvcmtAZXhhbXBsZS5jb20iLCJyb2xlcyI6WyJkZXBhcnRtZW50IGVtcGxveWVlIl0sInBlcm1pc3Npb25zIjpbXSwicHJpbWFyeURlcGFydG1lbnRJZCI6IjY5Mjc1ZDhhZmMxMTg0YTNiM2U2YzU1ZiIsImVtcGxveWVlTnVtYmVyIjoiRU1QLTEwMjYiLCJpYXQiOjE3NjU5ODE4NzIsImV4cCI6MTc2NjA2ODI3Mn0.D_xdMDA-Hs_i6mEVLK32uPVY4wShcn393SSOlcDXyTY
[2m[WebServer] [22m≡ƒöì JWT Extractor - accessToken: FOUND

[1A[2K[2m[WebServer] [22mJwtStrategy VALIDATE: {
[2m[WebServer] [22m  sub: [32m'6929e2de934d8e079e6f55b6'[39m,
[2m[WebServer] [22m  workEmail: [32m'engemp1.work@example.com'[39m,
[2m[WebServer] [22m  roles: [ [32m'department employee'[39m ],
[2m[WebServer] [22m  permissions: [],
[2m[WebServer] [22m  primaryDepartmentId: [32m'69275d8afc1184a3b3e6c55f'[39m,
[2m[WebServer] [22m  employeeNumber: [32m'EMP-1026'[39m,
[2m[WebServer] [22m  iat: [33m1765981872[39m,
[2m[WebServer] [22m  exp: [33m1766068272[39m
[2m[WebServer] [22m}

[1A[2K[2m[WebServer] [22m≡ƒöÑ JwtAuthGuard: handleRequest() {
[2m[WebServer] [22m  err: [1mnull[22m,
[2m[WebServer] [22m  user: {
[2m[WebServer] [22m    id: [32m'6929e2de934d8e079e6f55b6'[39m,
[2m[WebServer] [22m    workEmail: [32m'engemp1.work@example.com'[39m,
[2m[WebServer] [22m    roles: [ [32m'department employee'[39m ],
[2m[WebServer] [22m    permissions: [],
[2m[WebServer] [22m    primaryDepartmentId: [32m'69275d8afc1184a3b3e6c55f'[39m,
[2m[WebServer] [22m    employeeNumber: [32m'EMP-1026'[39m
[2m[WebServer] [22m  },
[2m[WebServer] [22m  info: [90mundefined[39m
[2m[WebServer] [22m}
[2m[WebServer] [22mΓ£à JwtAuthGuard SUCCESS ΓåÆ user authenticated: 6929e2de934d8e079e6f55b6
[2m[WebServer] [22m≡ƒöÑ RolesGuard running!
[2m[WebServer] [22m
[2m[WebServer] [22m===== ROLE GUARD =====

[1A[2K[2m[WebServer] [22mRequired roles: [
[2m[WebServer] [22m  [32m'department employee'[39m,
[2m[WebServer] [22m  [32m'HR Employee'[39m,
[2m[WebServer] [22m  [32m'department head'[39m,
[2m[WebServer] [22m  [32m'HR Manager'[39m,
[2m[WebServer] [22m  [32m'HR Admin'[39m,
[2m[WebServer] [22m  [32m'System Admin'[39m
[2m[WebServer] [22m]
[2m[WebServer] [22mUser object: {
[2m[WebServer] [22m  id: [32m'6929e2de934d8e079e6f55b6'[39m,
[2m[WebServer] [22m  workEmail: [32m'engemp1.work@example.com'[39m,
[2m[WebServer] [22m  roles: [ [32m'department employee'[39m ],
[2m[WebServer] [22m  permissions: [],
[2m[WebServer] [22m  primaryDepartmentId: [32m'69275d8afc1184a3b3e6c55f'[39m,
[2m[WebServer] [22m  employeeNumber: [32m'EMP-1026'[39m
[2m[WebServer] [22m}
[2m[WebServer] [22mNormalized user roles: [ [32m'department employee'[39m ]

[1A[2K[2m[WebServer] [22mNormalized required roles: [
[2m[WebServer] [22m  [32m'department employee'[39m,
[2m[WebServer] [22m  [32m'hr employee'[39m,
[2m[WebServer] [22m  [32m'department head'[39m,
[2m[WebServer] [22m  [32m'hr manager'[39m,
[2m[WebServer] [22m  [32m'hr admin'[39m,
[2m[WebServer] [22m  [32m'system admin'[39m
[2m[WebServer] [22m]
[2m[WebServer] [22mHas required role? [33mtrue[39m
[2m[WebServer] [22mΓ£ö ACCESS GRANTED Γ£ö

[1A[2K[2m[WebServer] [22m≡ƒöì [TrackingController] getMyBalances: {
[2m[WebServer] [22m  query: [Object: null prototype] {},
[2m[WebServer] [22m  userId: [32m'6929e2de934d8e079e6f55b6'[39m
[2m[WebServer] [22m}

[1A[2K[2m[WebServer] [22m≡ƒöÑ JwtAuthGuard: canActivate CALLED

[1A[2K[2m[WebServer] [22m≡ƒöì JWT Extractor - All cookies: {
[2m[WebServer] [22m  accessToken: [32m'eyJhbGciOiJIUzI1NiIsInR5cCI6IkpXVCJ9.eyJzdWIiOiI2OTI5ZTJkZTkzNGQ4ZTA3OWU2ZjU1YjYiLCJ3b3JrRW1haWwiOiJlbmdlbXAxLndvcmtAZXhhbXBsZS5jb20iLCJyb2xlcyI6WyJkZXBhcnRtZW50IGVtcGxveWVlIl0sInBlcm1pc3Npb25zIjpbXSwicHJpbWFyeURlcGFydG1lbnRJZCI6IjY5Mjc1ZDhhZmMxMTg0YTNiM2U2YzU1ZiIsImVtcGxveWVlTnVtYmVyIjoiRU1QLTEwMjYiLCJpYXQiOjE3NjU5ODE4NzIsImV4cCI6MTc2NjA2ODI3Mn0.D_xdMDA-Hs_i6mEVLK32uPVY4wShcn393SSOlcDXyTY'[39m
[2m[WebServer] [22m}

[1A[2K[2m[WebServer] [22m≡ƒöì JWT Extractor - Headers: accessToken=eyJhbGciOiJIUzI1NiIsInR5cCI6IkpXVCJ9.eyJzdWIiOiI2OTI5ZTJkZTkzNGQ4ZTA3OWU2ZjU1YjYiLCJ3b3JrRW1haWwiOiJlbmdlbXAxLndvcmtAZXhhbXBsZS5jb20iLCJyb2xlcyI6WyJkZXBhcnRtZW50IGVtcGxveWVlIl0sInBlcm1pc3Npb25zIjpbXSwicHJpbWFyeURlcGFydG1lbnRJZCI6IjY5Mjc1ZDhhZmMxMTg0YTNiM2U2YzU1ZiIsImVtcGxveWVlTnVtYmVyIjoiRU1QLTEwMjYiLCJpYXQiOjE3NjU5ODE4NzIsImV4cCI6MTc2NjA2ODI3Mn0.D_xdMDA-Hs_i6mEVLK32uPVY4wShcn393SSOlcDXyTY
[2m[WebServer] [22m≡ƒöì JWT Extractor - accessToken: FOUND

[1A[2K[2m[WebServer] [22mJwtStrategy VALIDATE: {
[2m[WebServer] [22m  sub: [32m'6929e2de934d8e079e6f55b6'[39m,
[2m[WebServer] [22m  workEmail: [32m'engemp1.work@example.com'[39m,
[2m[WebServer] [22m  roles: [ [32m'department employee'[39m ],
[2m[WebServer] [22m  permissions: [],
[2m[WebServer] [22m  primaryDepartmentId: [32m'69275d8afc1184a3b3e6c55f'[39m,
[2m[WebServer] [22m  employeeNumber: [32m'EMP-1026'[39m,
[2m[WebServer] [22m  iat: [33m1765981872[39m,
[2m[WebServer] [22m  exp: [33m1766068272[39m
[2m[WebServer] [22m}

[1A[2K[2m[WebServer] [22m≡ƒöÑ JwtAuthGuard: handleRequest() {
[2m[WebServer] [22m  err: [1mnull[22m,
[2m[WebServer] [22m  user: {
[2m[WebServer] [22m    id: [32m'6929e2de934d8e079e6f55b6'[39m,
[2m[WebServer] [22m    workEmail: [32m'engemp1.work@example.com'[39m,
[2m[WebServer] [22m    roles: [ [32m'department employee'[39m ],
[2m[WebServer] [22m    permissions: [],
[2m[WebServer] [22m    primaryDepartmentId: [32m'69275d8afc1184a3b3e6c55f'[39m,
[2m[WebServer] [22m    employeeNumber: [32m'EMP-1026'[39m
[2m[WebServer] [22m  },
[2m[WebServer] [22m  info: [90mundefined[39m
[2m[WebServer] [22m}
[2m[WebServer] [22mΓ£à JwtAuthGuard SUCCESS ΓåÆ user authenticated: 6929e2de934d8e079e6f55b6
[2m[WebServer] [22m≡ƒöÑ RolesGuard running!
[2m[WebServer] [22m
[2m[WebServer] [22m===== ROLE GUARD =====

[1A[2K[2m[WebServer] [22mRequired roles: [
[2m[WebServer] [22m  [32m'department employee'[39m,
[2m[WebServer] [22m  [32m'HR Employee'[39m,
[2m[WebServer] [22m  [32m'department head'[39m,
[2m[WebServer] [22m  [32m'HR Manager'[39m,
[2m[WebServer] [22m  [32m'HR Admin'[39m,
[2m[WebServer] [22m  [32m'System Admin'[39m
[2m[WebServer] [22m]
[2m[WebServer] [22mUser object: {
[2m[WebServer] [22m  id: [32m'6929e2de934d8e079e6f55b6'[39m,
[2m[WebServer] [22m  workEmail: [32m'engemp1.work@example.com'[39m,
[2m[WebServer] [22m  roles: [ [32m'department employee'[39m ],
[2m[WebServer] [22m  permissions: [],
[2m[WebServer] [22m  primaryDepartmentId: [32m'69275d8afc1184a3b3e6c55f'[39m,
[2m[WebServer] [22m  employeeNumber: [32m'EMP-1026'[39m
[2m[WebServer] [22m}
[2m[WebServer] [22mNormalized user roles: [ [32m'department employee'[39m ]

[1A[2K[2m[WebServer] [22mNormalized required roles: [
[2m[WebServer] [22m  [32m'department employee'[39m,
[2m[WebServer] [22m  [32m'hr employee'[39m,
[2m[WebServer] [22m  [32m'department head'[39m,
[2m[WebServer] [22m  [32m'hr manager'[39m,
[2m[WebServer] [22m  [32m'hr admin'[39m,
[2m[WebServer] [22m  [32m'system admin'[39m
[2m[WebServer] [22m]

[1A[2K[2m[WebServer] [22mHas required role? [33mtrue[39m
[2m[WebServer] [22mΓ£ö ACCESS GRANTED Γ£ö

[1A[2K[2m[WebServer] [22m≡ƒöì [RequestsController] getMyRequests: { userId: [90mundefined[39m }

[1A[2K[2m[WebServer] [22m≡ƒöÑ JwtAuthGuard: canActivate CALLED

[1A[2K[2m[WebServer] [22m≡ƒöì JWT Extractor - All cookies: {
[2m[WebServer] [22m  accessToken: [32m'eyJhbGciOiJIUzI1NiIsInR5cCI6IkpXVCJ9.eyJzdWIiOiI2OTI5ZTJkZTkzNGQ4ZTA3OWU2ZjU1YjYiLCJ3b3JrRW1haWwiOiJlbmdlbXAxLndvcmtAZXhhbXBsZS5jb20iLCJyb2xlcyI6WyJkZXBhcnRtZW50IGVtcGxveWVlIl0sInBlcm1pc3Npb25zIjpbXSwicHJpbWFyeURlcGFydG1lbnRJZCI6IjY5Mjc1ZDhhZmMxMTg0YTNiM2U2YzU1ZiIsImVtcGxveWVlTnVtYmVyIjoiRU1QLTEwMjYiLCJpYXQiOjE3NjU5ODE4NzIsImV4cCI6MTc2NjA2ODI3Mn0.D_xdMDA-Hs_i6mEVLK32uPVY4wShcn393SSOlcDXyTY'[39m
[2m[WebServer] [22m}
[2m[WebServer] [22m≡ƒöì JWT Extractor - Headers: accessToken=eyJhbGciOiJIUzI1NiIsInR5cCI6IkpXVCJ9.eyJzdWIiOiI2OTI5ZTJkZTkzNGQ4ZTA3OWU2ZjU1YjYiLCJ3b3JrRW1haWwiOiJlbmdlbXAxLndvcmtAZXhhbXBsZS5jb20iLCJyb2xlcyI6WyJkZXBhcnRtZW50IGVtcGxveWVlIl0sInBlcm1pc3Npb25zIjpbXSwicHJpbWFyeURlcGFydG1lbnRJZCI6IjY5Mjc1ZDhhZmMxMTg0YTNiM2U2YzU1ZiIsImVtcGxveWVlTnVtYmVyIjoiRU1QLTEwMjYiLCJpYXQiOjE3NjU5ODE4NzIsImV4cCI6MTc2NjA2ODI3Mn0.D_xdMDA-Hs_i6mEVLK32uPVY4wShcn393SSOlcDXyTY
[2m[WebServer] [22m≡ƒöì JWT Extractor - accessToken: FOUND

[1A[2K[2m[WebServer] [22mJwtStrategy VALIDATE: {
[2m[WebServer] [22m  sub: [32m'6929e2de934d8e079e6f55b6'[39m,
[2m[WebServer] [22m  workEmail: [32m'engemp1.work@example.com'[39m,
[2m[WebServer] [22m  roles: [ [32m'department employee'[39m ],
[2m[WebServer] [22m  permissions: [],
[2m[WebServer] [22m  primaryDepartmentId: [32m'69275d8afc1184a3b3e6c55f'[39m,
[2m[WebServer] [22m  employeeNumber: [32m'EMP-1026'[39m,
[2m[WebServer] [22m  iat: [33m1765981872[39m,
[2m[WebServer] [22m  exp: [33m1766068272[39m
[2m[WebServer] [22m}

[1A[2K[2m[WebServer] [22m≡ƒöÑ JwtAuthGuard: handleRequest() {
[2m[WebServer] [22m  err: [1mnull[22m,
[2m[WebServer] [22m  user: {
[2m[WebServer] [22m    id: [32m'6929e2de934d8e079e6f55b6'[39m,
[2m[WebServer] [22m    workEmail: [32m'engemp1.work@example.com'[39m,
[2m[WebServer] [22m    roles: [ [32m'department employee'[39m ],
[2m[WebServer] [22m    permissions: [],
[2m[WebServer] [22m    primaryDepartmentId: [32m'69275d8afc1184a3b3e6c55f'[39m,
[2m[WebServer] [22m    employeeNumber: [32m'EMP-1026'[39m
[2m[WebServer] [22m  },
[2m[WebServer] [22m  info: [90mundefined[39m
[2m[WebServer] [22m}
[2m[WebServer] [22mΓ£à JwtAuthGuard SUCCESS ΓåÆ user authenticated: 6929e2de934d8e079e6f55b6

[1A[2K[2m[WebServer] [22m≡ƒöÑ RolesGuard running!
[2m[WebServer] [22m
[2m[WebServer] [22m===== ROLE GUARD =====
[2m[WebServer] [22mRequired roles: [
[2m[WebServer] [22m  [32m'department employee'[39m,
[2m[WebServer] [22m  [32m'HR Employee'[39m,
[2m[WebServer] [22m  [32m'department head'[39m,
[2m[WebServer] [22m  [32m'HR Manager'[39m,
[2m[WebServer] [22m  [32m'HR Admin'[39m,
[2m[WebServer] [22m  [32m'System Admin'[39m
[2m[WebServer] [22m]

[1A[2K[2m[WebServer] [22mUser object: {
[2m[WebServer] [22m  id: [32m'6929e2de934d8e079e6f55b6'[39m,
[2m[WebServer] [22m  workEmail: [32m'engemp1.work@example.com'[39m,
[2m[WebServer] [22m  roles: [ [32m'department employee'[39m ],
[2m[WebServer] [22m  permissions: [],
[2m[WebServer] [22m  primaryDepartmentId: [32m'69275d8afc1184a3b3e6c55f'[39m,
[2m[WebServer] [22m  employeeNumber: [32m'EMP-1026'[39m
[2m[WebServer] [22m}
[2m[WebServer] [22mNormalized user roles: [ [32m'department employee'[39m ]
[2m[WebServer] [22mNormalized required roles: [
[2m[WebServer] [22m  [32m'department employee'[39m,
[2m[WebServer] [22m  [32m'hr employee'[39m,
[2m[WebServer] [22m  [32m'department head'[39m,
[2m[WebServer] [22m  [32m'hr manager'[39m,
[2m[WebServer] [22m  [32m'hr admin'[39m,
[2m[WebServer] [22m  [32m'system admin'[39m
[2m[WebServer] [22m]

[1A[2K[2m[WebServer] [22mHas required role? [33mtrue[39m
[2m[WebServer] [22mΓ£ö ACCESS GRANTED Γ£ö

[1A[2K[2m[WebServer] [22m≡ƒöì [CalendarsController] calculateWorkingDays: { from: [32m'2026-02-05'[39m, to: [32m'2026-02-06'[39m }

[1A[2K[2m[WebServer] [22m≡ƒöÑ JwtAuthGuard: canActivate CALLED

[1A[2K[2m[WebServer] [22m≡ƒöì JWT Extractor - All cookies: {
[2m[WebServer] [22m  accessToken: [32m'eyJhbGciOiJIUzI1NiIsInR5cCI6IkpXVCJ9.eyJzdWIiOiI2OTI5ZTJkZTkzNGQ4ZTA3OWU2ZjU1YjYiLCJ3b3JrRW1haWwiOiJlbmdlbXAxLndvcmtAZXhhbXBsZS5jb20iLCJyb2xlcyI6WyJkZXBhcnRtZW50IGVtcGxveWVlIl0sInBlcm1pc3Npb25zIjpbXSwicHJpbWFyeURlcGFydG1lbnRJZCI6IjY5Mjc1ZDhhZmMxMTg0YTNiM2U2YzU1ZiIsImVtcGxveWVlTnVtYmVyIjoiRU1QLTEwMjYiLCJpYXQiOjE3NjU5ODE4NzIsImV4cCI6MTc2NjA2ODI3Mn0.D_xdMDA-Hs_i6mEVLK32uPVY4wShcn393SSOlcDXyTY'[39m
[2m[WebServer] [22m}

[1A[2K[2m[WebServer] [22m≡ƒöì JWT Extractor - Headers: accessToken=eyJhbGciOiJIUzI1NiIsInR5cCI6IkpXVCJ9.eyJzdWIiOiI2OTI5ZTJkZTkzNGQ4ZTA3OWU2ZjU1YjYiLCJ3b3JrRW1haWwiOiJlbmdlbXAxLndvcmtAZXhhbXBsZS5jb20iLCJyb2xlcyI6WyJkZXBhcnRtZW50IGVtcGxveWVlIl0sInBlcm1pc3Npb25zIjpbXSwicHJpbWFyeURlcGFydG1lbnRJZCI6IjY5Mjc1ZDhhZmMxMTg0YTNiM2U2YzU1ZiIsImVtcGxveWVlTnVtYmVyIjoiRU1QLTEwMjYiLCJpYXQiOjE3NjU5ODE4NzIsImV4cCI6MTc2NjA2ODI3Mn0.D_xdMDA-Hs_i6mEVLK32uPVY4wShcn393SSOlcDXyTY
[2m[WebServer] [22m≡ƒöì JWT Extractor - accessToken: FOUND

[1A[2K[2m[WebServer] [22mJwtStrategy VALIDATE: {
[2m[WebServer] [22m  sub: [32m'6929e2de934d8e079e6f55b6'[39m,
[2m[WebServer] [22m  workEmail: [32m'engemp1.work@example.com'[39m,
[2m[WebServer] [22m  roles: [ [32m'department employee'[39m ],
[2m[WebServer] [22m  permissions: [],
[2m[WebServer] [22m  primaryDepartmentId: [32m'69275d8afc1184a3b3e6c55f'[39m,
[2m[WebServer] [22m  employeeNumber: [32m'EMP-1026'[39m,
[2m[WebServer] [22m  iat: [33m1765981872[39m,
[2m[WebServer] [22m  exp: [33m1766068272[39m
[2m[WebServer] [22m}

[1A[2K[2m[WebServer] [22m≡ƒöÑ JwtAuthGuard: handleRequest() {
[2m[WebServer] [22m  err: [1mnull[22m,
[2m[WebServer] [22m  user: {
[2m[WebServer] [22m    id: [32m'6929e2de934d8e079e6f55b6'[39m,
[2m[WebServer] [22m    workEmail: [32m'engemp1.work@example.com'[39m,
[2m[WebServer] [22m    roles: [ [32m'department employee'[39m ],
[2m[WebServer] [22m    permissions: [],
[2m[WebServer] [22m    primaryDepartmentId: [32m'69275d8afc1184a3b3e6c55f'[39m,
[2m[WebServer] [22m    employeeNumber: [32m'EMP-1026'[39m
[2m[WebServer] [22m  },
[2m[WebServer] [22m  info: [90mundefined[39m
[2m[WebServer] [22m}
[2m[WebServer] [22mΓ£à JwtAuthGuard SUCCESS ΓåÆ user authenticated: 6929e2de934d8e079e6f55b6
[2m[WebServer] [22m≡ƒöÑ RolesGuard running!

[1A[2K[2m[WebServer] [22m
[2m[WebServer] [22m===== ROLE GUARD =====
[2m[WebServer] [22mRequired roles: [
[2m[WebServer] [22m  [32m'department employee'[39m,
[2m[WebServer] [22m  [32m'HR Employee'[39m,
[2m[WebServer] [22m  [32m'department head'[39m,
[2m[WebServer] [22m  [32m'HR Manager'[39m,
[2m[WebServer] [22m  [32m'HR Admin'[39m,
[2m[WebServer] [22m  [32m'System Admin'[39m
[2m[WebServer] [22m]
[2m[WebServer] [22mUser object: {
[2m[WebServer] [22m  id: [32m'6929e2de934d8e079e6f55b6'[39m,
[2m[WebServer] [22m  workEmail: [32m'engemp1.work@example.com'[39m,
[2m[WebServer] [22m  roles: [ [32m'department employee'[39m ],
[2m[WebServer] [22m  permissions: [],
[2m[WebServer] [22m  primaryDepartmentId: [32m'69275d8afc1184a3b3e6c55f'[39m,
[2m[WebServer] [22m  employeeNumber: [32m'EMP-1026'[39m
[2m[WebServer] [22m}

[1A[2K[2m[WebServer] [22mNormalized user roles: [ [32m'department employee'[39m ]
[2m[WebServer] [22mNormalized required roles: [
[2m[WebServer] [22m  [32m'department employee'[39m,
[2m[WebServer] [22m  [32m'hr employee'[39m,
[2m[WebServer] [22m  [32m'department head'[39m,
[2m[WebServer] [22m  [32m'hr manager'[39m,
[2m[WebServer] [22m  [32m'hr admin'[39m,
[2m[WebServer] [22m  [32m'system admin'[39m
[2m[WebServer] [22m]
[2m[WebServer] [22mHas required role? [33mtrue[39m
[2m[WebServer] [22mΓ£ö ACCESS GRANTED Γ£ö

[1A[2K[2m[WebServer] [22m≡ƒöì [CalendarsController] checkBlockedPeriods: { from: [32m'2026-02-05'[39m, to: [32m'2026-02-06'[39m }

[1A[2K[2m[WebServer] [22m≡ƒöÑ JwtAuthGuard: canActivate CALLED

[1A[2K[2m[WebServer] [22m≡ƒöì JWT Extractor - All cookies: {
[2m[WebServer] [22m  accessToken: [32m'eyJhbGciOiJIUzI1NiIsInR5cCI6IkpXVCJ9.eyJzdWIiOiI2OTI5ZTJkZTkzNGQ4ZTA3OWU2ZjU1YjYiLCJ3b3JrRW1haWwiOiJlbmdlbXAxLndvcmtAZXhhbXBsZS5jb20iLCJyb2xlcyI6WyJkZXBhcnRtZW50IGVtcGxveWVlIl0sInBlcm1pc3Npb25zIjpbXSwicHJpbWFyeURlcGFydG1lbnRJZCI6IjY5Mjc1ZDhhZmMxMTg0YTNiM2U2YzU1ZiIsImVtcGxveWVlTnVtYmVyIjoiRU1QLTEwMjYiLCJpYXQiOjE3NjU5ODE4NzIsImV4cCI6MTc2NjA2ODI3Mn0.D_xdMDA-Hs_i6mEVLK32uPVY4wShcn393SSOlcDXyTY'[39m
[2m[WebServer] [22m}
[2m[WebServer] [22m≡ƒöì JWT Extractor - Headers: accessToken=eyJhbGciOiJIUzI1NiIsInR5cCI6IkpXVCJ9.eyJzdWIiOiI2OTI5ZTJkZTkzNGQ4ZTA3OWU2ZjU1YjYiLCJ3b3JrRW1haWwiOiJlbmdlbXAxLndvcmtAZXhhbXBsZS5jb20iLCJyb2xlcyI6WyJkZXBhcnRtZW50IGVtcGxveWVlIl0sInBlcm1pc3Npb25zIjpbXSwicHJpbWFyeURlcGFydG1lbnRJZCI6IjY5Mjc1ZDhhZmMxMTg0YTNiM2U2YzU1ZiIsImVtcGxveWVlTnVtYmVyIjoiRU1QLTEwMjYiLCJpYXQiOjE3NjU5ODE4NzIsImV4cCI6MTc2NjA2ODI3Mn0.D_xdMDA-Hs_i6mEVLK32uPVY4wShcn393SSOlcDXyTY
[2m[WebServer] [22m≡ƒöì JWT Extractor - accessToken: FOUND

[1A[2K[2m[WebServer] [22mJwtStrategy VALIDATE: {
[2m[WebServer] [22m  sub: [32m'6929e2de934d8e079e6f55b6'[39m,
[2m[WebServer] [22m  workEmail: [32m'engemp1.work@example.com'[39m,
[2m[WebServer] [22m  roles: [ [32m'department employee'[39m ],
[2m[WebServer] [22m  permissions: [],
[2m[WebServer] [22m  primaryDepartmentId: [32m'69275d8afc1184a3b3e6c55f'[39m,
[2m[WebServer] [22m  employeeNumber: [32m'EMP-1026'[39m,
[2m[WebServer] [22m  iat: [33m1765981872[39m,
[2m[WebServer] [22m  exp: [33m1766068272[39m
[2m[WebServer] [22m}

[1A[2K[2m[WebServer] [22m≡ƒöÑ JwtAuthGuard: handleRequest() {
[2m[WebServer] [22m  err: [1mnull[22m,
[2m[WebServer] [22m  user: {
[2m[WebServer] [22m    id: [32m'6929e2de934d8e079e6f55b6'[39m,
[2m[WebServer] [22m    workEmail: [32m'engemp1.work@example.com'[39m,
[2m[WebServer] [22m    roles: [ [32m'department employee'[39m ],
[2m[WebServer] [22m    permissions: [],
[2m[WebServer] [22m    primaryDepartmentId: [32m'69275d8afc1184a3b3e6c55f'[39m,
[2m[WebServer] [22m    employeeNumber: [32m'EMP-1026'[39m
[2m[WebServer] [22m  },
[2m[WebServer] [22m  info: [90mundefined[39m
[2m[WebServer] [22m}
[2m[WebServer] [22mΓ£à JwtAuthGuard SUCCESS ΓåÆ user authenticated: 6929e2de934d8e079e6f55b6
[2m[WebServer] [22m≡ƒöÑ RolesGuard running!

[1A[2K[2m[WebServer] [22m
[2m[WebServer] [22m===== ROLE GUARD =====
[2m[WebServer] [22mRequired roles: [
[2m[WebServer] [22m  [32m'department employee'[39m,
[2m[WebServer] [22m  [32m'HR Employee'[39m,
[2m[WebServer] [22m  [32m'department head'[39m,
[2m[WebServer] [22m  [32m'HR Manager'[39m,
[2m[WebServer] [22m  [32m'HR Admin'[39m,
[2m[WebServer] [22m  [32m'System Admin'[39m
[2m[WebServer] [22m]
[2m[WebServer] [22mUser object: {
[2m[WebServer] [22m  id: [32m'6929e2de934d8e079e6f55b6'[39m,
[2m[WebServer] [22m  workEmail: [32m'engemp1.work@example.com'[39m,
[2m[WebServer] [22m  roles: [ [32m'department employee'[39m ],
[2m[WebServer] [22m  permissions: [],
[2m[WebServer] [22m  primaryDepartmentId: [32m'69275d8afc1184a3b3e6c55f'[39m,
[2m[WebServer] [22m  employeeNumber: [32m'EMP-1026'[39m
[2m[WebServer] [22m}

[1A[2K[2m[WebServer] [22mNormalized user roles: [ [32m'department employee'[39m ]
[2m[WebServer] [22mNormalized required roles: [
[2m[WebServer] [22m  [32m'department employee'[39m,
[2m[WebServer] [22m  [32m'hr employee'[39m,
[2m[WebServer] [22m  [32m'department head'[39m,
[2m[WebServer] [22m  [32m'hr manager'[39m,
[2m[WebServer] [22m  [32m'hr admin'[39m,
[2m[WebServer] [22m  [32m'system admin'[39m
[2m[WebServer] [22m]
[2m[WebServer] [22mHas required role? [33mtrue[39m
[2m[WebServer] [22mΓ£ö ACCESS GRANTED Γ£ö

[1A[2K[2m[WebServer] [22m≡ƒöì [RequestsController] checkOverlap: { from: [32m'2026-02-05'[39m, to: [32m'2026-02-06'[39m, excludeId: [90mundefined[39m }

[1A[2K[2m[WebServer] [22m≡ƒöÑ JwtAuthGuard: canActivate CALLED

[1A[2K[2m[WebServer] [22m≡ƒöì JWT Extractor - All cookies: {
[2m[WebServer] [22m  accessToken: [32m'eyJhbGciOiJIUzI1NiIsInR5cCI6IkpXVCJ9.eyJzdWIiOiI2OTI5ZTJkZTkzNGQ4ZTA3OWU2ZjU1YjYiLCJ3b3JrRW1haWwiOiJlbmdlbXAxLndvcmtAZXhhbXBsZS5jb20iLCJyb2xlcyI6WyJkZXBhcnRtZW50IGVtcGxveWVlIl0sInBlcm1pc3Npb25zIjpbXSwicHJpbWFyeURlcGFydG1lbnRJZCI6IjY5Mjc1ZDhhZmMxMTg0YTNiM2U2YzU1ZiIsImVtcGxveWVlTnVtYmVyIjoiRU1QLTEwMjYiLCJpYXQiOjE3NjU5ODE4NzIsImV4cCI6MTc2NjA2ODI3Mn0.D_xdMDA-Hs_i6mEVLK32uPVY4wShcn393SSOlcDXyTY'[39m
[2m[WebServer] [22m}
[2m[WebServer] [22m≡ƒöì JWT Extractor - Headers: accessToken=eyJhbGciOiJIUzI1NiIsInR5cCI6IkpXVCJ9.eyJzdWIiOiI2OTI5ZTJkZTkzNGQ4ZTA3OWU2ZjU1YjYiLCJ3b3JrRW1haWwiOiJlbmdlbXAxLndvcmtAZXhhbXBsZS5jb20iLCJyb2xlcyI6WyJkZXBhcnRtZW50IGVtcGxveWVlIl0sInBlcm1pc3Npb25zIjpbXSwicHJpbWFyeURlcGFydG1lbnRJZCI6IjY5Mjc1ZDhhZmMxMTg0YTNiM2U2YzU1ZiIsImVtcGxveWVlTnVtYmVyIjoiRU1QLTEwMjYiLCJpYXQiOjE3NjU5ODE4NzIsImV4cCI6MTc2NjA2ODI3Mn0.D_xdMDA-Hs_i6mEVLK32uPVY4wShcn393SSOlcDXyTY
[2m[WebServer] [22m≡ƒöì JWT Extractor - accessToken: FOUND

[1A[2K[2m[WebServer] [22mJwtStrategy VALIDATE: {
[2m[WebServer] [22m  sub: [32m'6929e2de934d8e079e6f55b6'[39m,
[2m[WebServer] [22m  workEmail: [32m'engemp1.work@example.com'[39m,
[2m[WebServer] [22m  roles: [ [32m'department employee'[39m ],
[2m[WebServer] [22m  permissions: [],
[2m[WebServer] [22m  primaryDepartmentId: [32m'69275d8afc1184a3b3e6c55f'[39m,
[2m[WebServer] [22m  employeeNumber: [32m'EMP-1026'[39m,
[2m[WebServer] [22m  iat: [33m1765981872[39m,
[2m[WebServer] [22m  exp: [33m1766068272[39m
[2m[WebServer] [22m}

[1A[2K[2m[WebServer] [22m≡ƒöÑ JwtAuthGuard: handleRequest() {
[2m[WebServer] [22m  err: [1mnull[22m,
[2m[WebServer] [22m  user: {
[2m[WebServer] [22m    id: [32m'6929e2de934d8e079e6f55b6'[39m,
[2m[WebServer] [22m    workEmail: [32m'engemp1.work@example.com'[39m,
[2m[WebServer] [22m    roles: [ [32m'department employee'[39m ],
[2m[WebServer] [22m    permissions: [],
[2m[WebServer] [22m    primaryDepartmentId: [32m'69275d8afc1184a3b3e6c55f'[39m,
[2m[WebServer] [22m    employeeNumber: [32m'EMP-1026'[39m
[2m[WebServer] [22m  },
[2m[WebServer] [22m  info: [90mundefined[39m
[2m[WebServer] [22m}
[2m[WebServer] [22mΓ£à JwtAuthGuard SUCCESS ΓåÆ user authenticated: 6929e2de934d8e079e6f55b6
[2m[WebServer] [22m≡ƒöÑ RolesGuard running!
[2m[WebServer] [22m
[2m[WebServer] [22m===== ROLE GUARD =====
[2m[WebServer] [22mRequired roles: [
[2m[WebServer] [22m  [32m'department employee'[39m,
[2m[WebServer] [22m  [32m'HR Employee'[39m,
[2m[WebServer] [22m  [32m'department head'[39m,
[2m[WebServer] [22m  [32m'HR Manager'[39m,
[2m[WebServer] [22m  [32m'HR Admin'[39m,
[2m[WebServer] [22m  [32m'System Admin'[39m
[2m[WebServer] [22m]
[2m[WebServer] [22mUser object: {
[2m[WebServer] [22m  id: [32m'6929e2de934d8e079e6f55b6'[39m,
[2m[WebServer] [22m  workEmail: [32m'engemp1.work@example.com'[39m,
[2m[WebServer] [22m  roles: [ [32m'department employee'[39m ],
[2m[WebServer] [22m  permissions: [],
[2m[WebServer] [22m  primaryDepartmentId: [32m'69275d8afc1184a3b3e6c55f'[39m,
[2m[WebServer] [22m  employeeNumber: [32m'EMP-1026'[39m
[2m[WebServer] [22m}

[1A[2K[2m[WebServer] [22mNormalized user roles: [ [32m'department employee'[39m ]
[2m[WebServer] [22mNormalized required roles: [
[2m[WebServer] [22m  [32m'department employee'[39m,
[2m[WebServer] [22m  [32m'hr employee'[39m,
[2m[WebServer] [22m  [32m'department head'[39m,
[2m[WebServer] [22m  [32m'hr manager'[39m,
[2m[WebServer] [22m  [32m'hr admin'[39m,
[2m[WebServer] [22m  [32m'system admin'[39m
[2m[WebServer] [22m]
[2m[WebServer] [22mHas required role? [33mtrue[39m
[2m[WebServer] [22mΓ£ö ACCESS GRANTED Γ£ö
[2m[WebServer] [22m≡ƒöì [RequestsController] create: {
[2m[WebServer] [22m  dto: {
[2m[WebServer] [22m    leaveTypeId: [32m'676000000000000000000034'[39m,
[2m[WebServer] [22m    dates: { from: [32m'2026-02-05'[39m, to: [32m'2026-02-06'[39m },
[2m[WebServer] [22m    justification: [32m'Automated test: C4-emergency-leave - 2025-12-17T14:31:14.181Z'[39m
[2m[WebServer] [22m  },
[2m[WebServer] [22m  userId: [90mundefined[39m
[2m[WebServer] [22m}

[1A[2KΓÜá∩╕Å API response timeout

[1A[2K
================================================================================

[1A[2K≡ƒÄë ALL LEAVE MANAGEMENT TESTS COMPLETED

[1A[2K================================================================================

[1A[2KΓ£à Employee 1 (EMP-1026): All scenarios tested

[1A[2KΓ£à Employee 2 (EMP-1027): Low balance scenarios tested

[1A[2KΓ£à Manager (EMP-1025): Approval workflows tested

[1A[2KΓ£à HR (EMP-1019): System-wide management tested

[1A[2K================================================================================


[1A[2K  4) [chromium] ΓÇ║ leave-tests.spec.ts:332:7 ΓÇ║ ≡ƒºæ EMPLOYEE 1 (EMP-1026 - Engineering) - All Scenarios ΓÇ║ Γ£à C4: Submit emergency leave (overlapping test - BR-31) 

    Error: [2mexpect([22m[31mlocator[39m[2m).[22mtoBeVisible[2m([22m[2m)[22m failed

    Locator: locator('text=/success|submitted|created/i')
    Expected: visible
    Timeout: 10000ms
    Error: element(s) not found

    Call log:
    [2m  - Expect "toBeVisible" with timeout 10000ms[22m
    [2m  - waiting for locator('text=/success|submitted|created/i')[22m


      74 |   
      75 |   // Verify success message
    > 76 |   await expect(page.locator('text=/success|submitted|created/i')).toBeVisible({ timeout: 10000 });
         |                                                                   ^
      77 | }
      78 |
      79 | /**
        at submitAndVerifySuccess (C:\Users\Bedon\Desktop\semester-5-software-project\leave-tests.spec.ts:76:67)
        at C:\Users\Bedon\Desktop\semester-5-software-project\leave-tests.spec.ts:347:5

    attachment #1: screenshot (image/png) ΓöÇΓöÇΓöÇΓöÇΓöÇΓöÇΓöÇΓöÇΓöÇΓöÇΓöÇΓöÇΓöÇΓöÇΓöÇΓöÇΓöÇΓöÇΓöÇΓöÇΓöÇΓöÇΓöÇΓöÇΓöÇΓöÇΓöÇΓöÇΓöÇΓöÇΓöÇΓöÇΓöÇΓöÇΓöÇΓöÇΓöÇΓöÇΓöÇΓöÇΓöÇΓöÇΓöÇΓöÇΓöÇΓöÇΓöÇΓöÇΓöÇΓöÇΓöÇΓöÇΓöÇΓöÇΓöÇΓöÇΓöÇΓöÇ
    test-results\leave-tests-≡ƒºæ-EMPLOYEE-1--07d30-e-overlapping-test---BR-31--chromium\test-failed-1.png
    ΓöÇΓöÇΓöÇΓöÇΓöÇΓöÇΓöÇΓöÇΓöÇΓöÇΓöÇΓöÇΓöÇΓöÇΓöÇΓöÇΓöÇΓöÇΓöÇΓöÇΓöÇΓöÇΓöÇΓöÇΓöÇΓöÇΓöÇΓöÇΓöÇΓöÇΓöÇΓöÇΓöÇΓöÇΓöÇΓöÇΓöÇΓöÇΓöÇΓöÇΓöÇΓöÇΓöÇΓöÇΓöÇΓöÇΓöÇΓöÇΓöÇΓöÇΓöÇΓöÇΓöÇΓöÇΓöÇΓöÇΓöÇΓöÇΓöÇΓöÇΓöÇΓöÇΓöÇΓöÇΓöÇΓöÇΓöÇΓöÇΓöÇΓöÇΓöÇΓöÇΓöÇΓöÇΓöÇΓöÇΓöÇΓöÇΓöÇΓöÇΓöÇΓöÇΓöÇΓöÇΓöÇΓöÇΓöÇΓöÇΓöÇΓöÇΓöÇΓöÇΓöÇΓöÇΓöÇΓöÇ

    attachment #2: video (video/webm) ΓöÇΓöÇΓöÇΓöÇΓöÇΓöÇΓöÇΓöÇΓöÇΓöÇΓöÇΓöÇΓöÇΓöÇΓöÇΓöÇΓöÇΓöÇΓöÇΓöÇΓöÇΓöÇΓöÇΓöÇΓöÇΓöÇΓöÇΓöÇΓöÇΓöÇΓöÇΓöÇΓöÇΓöÇΓöÇΓöÇΓöÇΓöÇΓöÇΓöÇΓöÇΓöÇΓöÇΓöÇΓöÇΓöÇΓöÇΓöÇΓöÇΓöÇΓöÇΓöÇΓöÇΓöÇΓöÇΓöÇΓöÇΓöÇΓöÇΓöÇΓöÇΓöÇ
    test-results\leave-tests-≡ƒºæ-EMPLOYEE-1--07d30-e-overlapping-test---BR-31--chromium\video.webm
    ΓöÇΓöÇΓöÇΓöÇΓöÇΓöÇΓöÇΓöÇΓöÇΓöÇΓöÇΓöÇΓöÇΓöÇΓöÇΓöÇΓöÇΓöÇΓöÇΓöÇΓöÇΓöÇΓöÇΓöÇΓöÇΓöÇΓöÇΓöÇΓöÇΓöÇΓöÇΓöÇΓöÇΓöÇΓöÇΓöÇΓöÇΓöÇΓöÇΓöÇΓöÇΓöÇΓöÇΓöÇΓöÇΓöÇΓöÇΓöÇΓöÇΓöÇΓöÇΓöÇΓöÇΓöÇΓöÇΓöÇΓöÇΓöÇΓöÇΓöÇΓöÇΓöÇΓöÇΓöÇΓöÇΓöÇΓöÇΓöÇΓöÇΓöÇΓöÇΓöÇΓöÇΓöÇΓöÇΓöÇΓöÇΓöÇΓöÇΓöÇΓöÇΓöÇΓöÇΓöÇΓöÇΓöÇΓöÇΓöÇΓöÇΓöÇΓöÇΓöÇΓöÇΓöÇΓöÇΓöÇ

    Error Context: test-results\leave-tests-≡ƒºæ-EMPLOYEE-1--07d30-e-overlapping-test---BR-31--chromium\error-context.md


[1A[2K[7/35] [chromium] ΓÇ║ leave-tests.spec.ts:354:7 ΓÇ║ ≡ƒºæ EMPLOYEE 1 (EMP-1026 - Engineering) - All Scenarios ΓÇ║ Γ£à D1: Insufficient balance warning
[1A[2K[chromium] ΓÇ║ leave-tests.spec.ts:354:7 ΓÇ║ ≡ƒºæ EMPLOYEE 1 (EMP-1026 - Engineering) - All Scenarios ΓÇ║ Γ£à D1: Insufficient balance warning
≡ƒöÉ Logging in as: engemp1.work@example.com

[1A[2K[2m[WebServer] [22m GET /login [32m200[39m in 51ms[2m (compile: 3ms, render: 48ms)[22m

[1A[2K[2m[WebServer] [22m≡ƒöÑ JwtAuthGuard: canActivate CALLED

[1A[2K[2m[WebServer] [22m≡ƒöì JWT Extractor - All cookies: [Object: null prototype] {}
[2m[WebServer] [22m≡ƒöì JWT Extractor - Headers: [90mundefined[39m
[2m[WebServer] [22m≡ƒöì JWT Extractor - accessToken: NOT FOUND

[1A[2K[2m[WebServer] [22m≡ƒöÑ JwtAuthGuard: handleRequest() {
[2m[WebServer] [22m  err: [1mnull[22m,
[2m[WebServer] [22m  user: [33mfalse[39m,
[2m[WebServer] [22m  info: Error: No auth token
[2m[WebServer] [22m      at JwtStrategy.authenticate [90m(C:\Users\Bedon\Desktop\semester-5-software-project\backend\[39mnode_modules\[4mpassport-jwt[24m\lib\strategy.js:96:26[90m)[39m
[2m[WebServer] [22m      at attempt [90m(C:\Users\Bedon\Desktop\semester-5-software-project\backend\[39mnode_modules\[4mpassport[24m\lib\middleware\authenticate.js:378:16[90m)[39m
[2m[WebServer] [22m      at authenticate [90m(C:\Users\Bedon\Desktop\semester-5-software-project\backend\[39mnode_modules\[4mpassport[24m\lib\middleware\authenticate.js:379:7[90m)[39m
[2m[WebServer] [22m      at [90mC:\Users\Bedon\Desktop\semester-5-software-project\backend\[39mnode_modules\[4m@nestjs[24m\passport\dist\auth.guard.js:88:3
[2m[WebServer] [22m      at new Promise (<anonymous>)
[2m[WebServer] [22m      at [90mC:\Users\Bedon\Desktop\semester-5-software-project\backend\[39mnode_modules\[4m@nestjs[24m\passport\dist\auth.guard.js:80:83
[2m[WebServer] [22m      at JwtAuthGuard.canActivate [90m(C:\Users\Bedon\Desktop\semester-5-software-project\backend\[39mnode_modules\[4m@nestjs[24m\passport\dist\auth.guard.js:44:32[90m)[39m
[2m[WebServer] [22m  [90m    at process.processTicksAndRejections (node:internal/process/task_queues:105:5)[39m
[2m[WebServer] [22m}

[1A[2K[2m[WebServer] [22mΓ¥î JwtAuthGuard INFO: Error: No auth token

[2m[WebServer] [22m    at JwtStrategy.authenticate 
[90m(C:\Users\Bedon\Desktop\semester-5-software-project\backend\[39mnode_modules\[4mpassport-jwt[24m\lib\strategy.js:96:26[90m)[39m
[2m[WebServer] [22m    at attempt 
[90m(C:\Users\Bedon\Desktop\semester-5-software-project\backend\[39mnode_modules\[4mpassport[24m\lib\middleware\authenticate.js:378:16[90m)[39m
[2m[WebServer] [22m    at authenticate 
[90m(C:\Users\Bedon\Desktop\semester-5-software-project\backend\[39mnode_modules\[4mpassport[24m\lib\middleware\authenticate.js:379:7[90m)[39m
[2m[WebServer] [22m    at [90mC:\Users\Bedon\Desktop\semester-5-software-project\backend\[39mnode_modules\[4m@nestjs[24m\passport\dist\auth.guard.js:88:3
[2m[WebServer] [22m    at new Promise (<anonymous>)
[2m[WebServer] [22m    at 
[90mC:\Users\Bedon\Desktop\semester-5-software-project\backend\[39mnode_modules\[4m@nestjs[24m\passport\dist\auth.guard.js:80:83
[2m[WebServer] [22m    at JwtAuthGuard.canActivate 
[90m(C:\Users\Bedon\Desktop\semester-5-software-project\backend\[39mnode_modules\[4m@nestjs[24m\passport\dist\auth.guard.js:44:32[90m)[39m
[2m[WebServer] [22m[90m    at process.processTicksAndRejections (node:internal/process/task_queues:105:5)[39m
[1A[2K[2m[WebServer] [22mΓ¥î JwtAuthGuard FAILING ΓåÆ No auth token

[1A[2K[2m[WebServer] [22mVALIDATE EMPLOYEE - systemRole = {
[2m[WebServer] [22m  _id: new ObjectId([32m'6929e2de934d8e079e6f55b8'[39m),
[2m[WebServer] [22m  employeeProfileId: new ObjectId([32m'6929e2de934d8e079e6f55b6'[39m),
[2m[WebServer] [22m  roles: [ [32m'department employee'[39m ],
[2m[WebServer] [22m  permissions: [],
[2m[WebServer] [22m  isActive: [33mtrue[39m,
[2m[WebServer] [22m  createdAt: [35m2025-11-28T17:58:54.894Z[39m,
[2m[WebServer] [22m  updatedAt: [35m2025-11-28T17:58:54.894Z[39m,
[2m[WebServer] [22m  __v: [33m0[39m
[2m[WebServer] [22m}

[1A[2K[2m[WebServer] [22mGenerated token: eyJhbGciOiJIUzI1NiIsInR5cCI6IkpXVCJ9.eyJzdWIiOiI2OTI5ZTJkZTkzNGQ4ZTA3OWU2ZjU1YjYiLCJ3b3JrRW1haWwiOiJlbmdlbXAxLndvcmtAZXhhbXBsZS5jb20iLCJyb2xlcyI6WyJkZXBhcnRtZW50IGVtcGxveWVlIl0sInBlcm1pc3Npb25zIjpbXSwicHJpbWFyeURlcGFydG1lbnRJZCI6IjY5Mjc1ZDhhZmMxMTg0YTNiM2U2YzU1ZiIsImVtcGxveWVlTnVtYmVyIjoiRU1QLTEwMjYiLCJpYXQiOjE3NjU5ODE4OTcsImV4cCI6MTc2NjA2ODI5N30.yqN92IdipRewVdX63M5_rKnNY9SY89sg0o1LXbXXqOo

[1A[2K[2m[WebServer] [22m GET /leaves [32m200[39m in 20ms[2m (compile: 3ms, render: 17ms)[22m

[1A[2KΓ£à Login successful

[1A[2KΓÜá∩╕Å Testing Insufficient Balance Warning

[1A[2K[2m[WebServer] [22m≡ƒöÑ JwtAuthGuard: canActivate CALLED

[1A[2K[2m[WebServer] [22m≡ƒöì JWT Extractor - All cookies: {
[2m[WebServer] [22m  accessToken: [32m'eyJhbGciOiJIUzI1NiIsInR5cCI6IkpXVCJ9.eyJzdWIiOiI2OTI5ZTJkZTkzNGQ4ZTA3OWU2ZjU1YjYiLCJ3b3JrRW1haWwiOiJlbmdlbXAxLndvcmtAZXhhbXBsZS5jb20iLCJyb2xlcyI6WyJkZXBhcnRtZW50IGVtcGxveWVlIl0sInBlcm1pc3Npb25zIjpbXSwicHJpbWFyeURlcGFydG1lbnRJZCI6IjY5Mjc1ZDhhZmMxMTg0YTNiM2U2YzU1ZiIsImVtcGxveWVlTnVtYmVyIjoiRU1QLTEwMjYiLCJpYXQiOjE3NjU5ODE4OTcsImV4cCI6MTc2NjA2ODI5N30.yqN92IdipRewVdX63M5_rKnNY9SY89sg0o1LXbXXqOo'[39m
[2m[WebServer] [22m}

[1A[2K[2m[WebServer] [22m≡ƒöì JWT Extractor - Headers: accessToken=eyJhbGciOiJIUzI1NiIsInR5cCI6IkpXVCJ9.eyJzdWIiOiI2OTI5ZTJkZTkzNGQ4ZTA3OWU2ZjU1YjYiLCJ3b3JrRW1haWwiOiJlbmdlbXAxLndvcmtAZXhhbXBsZS5jb20iLCJyb2xlcyI6WyJkZXBhcnRtZW50IGVtcGxveWVlIl0sInBlcm1pc3Npb25zIjpbXSwicHJpbWFyeURlcGFydG1lbnRJZCI6IjY5Mjc1ZDhhZmMxMTg0YTNiM2U2YzU1ZiIsImVtcGxveWVlTnVtYmVyIjoiRU1QLTEwMjYiLCJpYXQiOjE3NjU5ODE4OTcsImV4cCI6MTc2NjA2ODI5N30.yqN92IdipRewVdX63M5_rKnNY9SY89sg0o1LXbXXqOo
[2m[WebServer] [22m≡ƒöì JWT Extractor - accessToken: FOUND

[1A[2K[2m[WebServer] [22mJwtStrategy VALIDATE: {
[2m[WebServer] [22m  sub: [32m'6929e2de934d8e079e6f55b6'[39m,
[2m[WebServer] [22m  workEmail: [32m'engemp1.work@example.com'[39m,
[2m[WebServer] [22m  roles: [ [32m'department employee'[39m ],
[2m[WebServer] [22m  permissions: [],
[2m[WebServer] [22m  primaryDepartmentId: [32m'69275d8afc1184a3b3e6c55f'[39m,
[2m[WebServer] [22m  employeeNumber: [32m'EMP-1026'[39m,
[2m[WebServer] [22m  iat: [33m1765981897[39m,
[2m[WebServer] [22m  exp: [33m1766068297[39m
[2m[WebServer] [22m}

[1A[2K[2m[WebServer] [22m≡ƒöÑ JwtAuthGuard: handleRequest() {
[2m[WebServer] [22m  err: [1mnull[22m,
[2m[WebServer] [22m  user: {
[2m[WebServer] [22m    id: [32m'6929e2de934d8e079e6f55b6'[39m,
[2m[WebServer] [22m    workEmail: [32m'engemp1.work@example.com'[39m,
[2m[WebServer] [22m    roles: [ [32m'department employee'[39m ],
[2m[WebServer] [22m    permissions: [],
[2m[WebServer] [22m    primaryDepartmentId: [32m'69275d8afc1184a3b3e6c55f'[39m,
[2m[WebServer] [22m    employeeNumber: [32m'EMP-1026'[39m
[2m[WebServer] [22m  },
[2m[WebServer] [22m  info: [90mundefined[39m
[2m[WebServer] [22m}
[2m[WebServer] [22mΓ£à JwtAuthGuard SUCCESS ΓåÆ user authenticated: 6929e2de934d8e079e6f55b6
[2m[WebServer] [22m≡ƒöÑ RolesGuard running!
[2m[WebServer] [22m
[2m[WebServer] [22m===== ROLE GUARD =====
[2m[WebServer] [22mRequired roles: [
[2m[WebServer] [22m  [32m'department employee'[39m,
[2m[WebServer] [22m  [32m'HR Employee'[39m,
[2m[WebServer] [22m  [32m'department head'[39m,
[2m[WebServer] [22m  [32m'HR Manager'[39m,
[2m[WebServer] [22m  [32m'HR Admin'[39m,
[2m[WebServer] [22m  [32m'System Admin'[39m
[2m[WebServer] [22m]

[1A[2K[2m[WebServer] [22mUser object: {
[2m[WebServer] [22m  id: [32m'6929e2de934d8e079e6f55b6'[39m,
[2m[WebServer] [22m  workEmail: [32m'engemp1.work@example.com'[39m,
[2m[WebServer] [22m  roles: [ [32m'department employee'[39m ],
[2m[WebServer] [22m  permissions: [],
[2m[WebServer] [22m  primaryDepartmentId: [32m'69275d8afc1184a3b3e6c55f'[39m,
[2m[WebServer] [22m  employeeNumber: [32m'EMP-1026'[39m
[2m[WebServer] [22m}
[2m[WebServer] [22mNormalized user roles: [ [32m'department employee'[39m ]
[2m[WebServer] [22mNormalized required roles: [
[2m[WebServer] [22m  [32m'department employee'[39m,
[2m[WebServer] [22m  [32m'hr employee'[39m,
[2m[WebServer] [22m  [32m'department head'[39m,
[2m[WebServer] [22m  [32m'hr manager'[39m,
[2m[WebServer] [22m  [32m'hr admin'[39m,
[2m[WebServer] [22m  [32m'system admin'[39m
[2m[WebServer] [22m]
[2m[WebServer] [22mHas required role? [33mtrue[39m
[2m[WebServer] [22mΓ£ö ACCESS GRANTED Γ£ö

[1A[2K[2m[WebServer] [22m≡ƒöì [TrackingController] getMyBalances: {
[2m[WebServer] [22m  query: [Object: null prototype] {},
[2m[WebServer] [22m  userId: [32m'6929e2de934d8e079e6f55b6'[39m
[2m[WebServer] [22m}

[1A[2K[2m[WebServer] [22m≡ƒöÑ JwtAuthGuard: canActivate CALLED

[1A[2K[2m[WebServer] [22m≡ƒöì JWT Extractor - All cookies: {
[2m[WebServer] [22m  accessToken: [32m'eyJhbGciOiJIUzI1NiIsInR5cCI6IkpXVCJ9.eyJzdWIiOiI2OTI5ZTJkZTkzNGQ4ZTA3OWU2ZjU1YjYiLCJ3b3JrRW1haWwiOiJlbmdlbXAxLndvcmtAZXhhbXBsZS5jb20iLCJyb2xlcyI6WyJkZXBhcnRtZW50IGVtcGxveWVlIl0sInBlcm1pc3Npb25zIjpbXSwicHJpbWFyeURlcGFydG1lbnRJZCI6IjY5Mjc1ZDhhZmMxMTg0YTNiM2U2YzU1ZiIsImVtcGxveWVlTnVtYmVyIjoiRU1QLTEwMjYiLCJpYXQiOjE3NjU5ODE4OTcsImV4cCI6MTc2NjA2ODI5N30.yqN92IdipRewVdX63M5_rKnNY9SY89sg0o1LXbXXqOo'[39m
[2m[WebServer] [22m}
[2m[WebServer] [22m≡ƒöì JWT Extractor - Headers: accessToken=eyJhbGciOiJIUzI1NiIsInR5cCI6IkpXVCJ9.eyJzdWIiOiI2OTI5ZTJkZTkzNGQ4ZTA3OWU2ZjU1YjYiLCJ3b3JrRW1haWwiOiJlbmdlbXAxLndvcmtAZXhhbXBsZS5jb20iLCJyb2xlcyI6WyJkZXBhcnRtZW50IGVtcGxveWVlIl0sInBlcm1pc3Npb25zIjpbXSwicHJpbWFyeURlcGFydG1lbnRJZCI6IjY5Mjc1ZDhhZmMxMTg0YTNiM2U2YzU1ZiIsImVtcGxveWVlTnVtYmVyIjoiRU1QLTEwMjYiLCJpYXQiOjE3NjU5ODE4OTcsImV4cCI6MTc2NjA2ODI5N30.yqN92IdipRewVdX63M5_rKnNY9SY89sg0o1LXbXXqOo
[2m[WebServer] [22m≡ƒöì JWT Extractor - accessToken: FOUND

[1A[2K[2m[WebServer] [22mJwtStrategy VALIDATE: {
[2m[WebServer] [22m  sub: [32m'6929e2de934d8e079e6f55b6'[39m,
[2m[WebServer] [22m  workEmail: [32m'engemp1.work@example.com'[39m,
[2m[WebServer] [22m  roles: [ [32m'department employee'[39m ],
[2m[WebServer] [22m  permissions: [],
[2m[WebServer] [22m  primaryDepartmentId: [32m'69275d8afc1184a3b3e6c55f'[39m,
[2m[WebServer] [22m  employeeNumber: [32m'EMP-1026'[39m,
[2m[WebServer] [22m  iat: [33m1765981897[39m,
[2m[WebServer] [22m  exp: [33m1766068297[39m
[2m[WebServer] [22m}

[1A[2K[2m[WebServer] [22m≡ƒöÑ JwtAuthGuard: handleRequest() {
[2m[WebServer] [22m  err: [1mnull[22m,
[2m[WebServer] [22m  user: {
[2m[WebServer] [22m    id: [32m'6929e2de934d8e079e6f55b6'[39m,
[2m[WebServer] [22m    workEmail: [32m'engemp1.work@example.com'[39m,
[2m[WebServer] [22m    roles: [ [32m'department employee'[39m ],
[2m[WebServer] [22m    permissions: [],
[2m[WebServer] [22m    primaryDepartmentId: [32m'69275d8afc1184a3b3e6c55f'[39m,
[2m[WebServer] [22m    employeeNumber: [32m'EMP-1026'[39m
[2m[WebServer] [22m  },
[2m[WebServer] [22m  info: [90mundefined[39m
[2m[WebServer] [22m}
[2m[WebServer] [22mΓ£à JwtAuthGuard SUCCESS ΓåÆ user authenticated: 6929e2de934d8e079e6f55b6
[2m[WebServer] [22m≡ƒöÑ RolesGuard running!
[2m[WebServer] [22m
[2m[WebServer] [22m===== ROLE GUARD =====
[2m[WebServer] [22mRequired roles: [
[2m[WebServer] [22m  [32m'department employee'[39m,
[2m[WebServer] [22m  [32m'HR Employee'[39m,
[2m[WebServer] [22m  [32m'department head'[39m,
[2m[WebServer] [22m  [32m'HR Manager'[39m,
[2m[WebServer] [22m  [32m'HR Admin'[39m,
[2m[WebServer] [22m  [32m'System Admin'[39m
[2m[WebServer] [22m]
[2m[WebServer] [22mUser object: {
[2m[WebServer] [22m  id: [32m'6929e2de934d8e079e6f55b6'[39m,
[2m[WebServer] [22m  workEmail: [32m'engemp1.work@example.com'[39m,
[2m[WebServer] [22m  roles: [ [32m'department employee'[39m ],
[2m[WebServer] [22m  permissions: [],
[2m[WebServer] [22m  primaryDepartmentId: [32m'69275d8afc1184a3b3e6c55f'[39m,
[2m[WebServer] [22m  employeeNumber: [32m'EMP-1026'[39m
[2m[WebServer] [22m}

[1A[2K[2m[WebServer] [22mNormalized user roles: [ [32m'department employee'[39m ]
[2m[WebServer] [22mNormalized required roles: [
[2m[WebServer] [22m  [32m'department employee'[39m,
[2m[WebServer] [22m  [32m'hr employee'[39m,
[2m[WebServer] [22m  [32m'department head'[39m,
[2m[WebServer] [22m  [32m'hr manager'[39m,
[2m[WebServer] [22m  [32m'hr admin'[39m,
[2m[WebServer] [22m  [32m'system admin'[39m
[2m[WebServer] [22m]
[2m[WebServer] [22mHas required role? [33mtrue[39m
[2m[WebServer] [22mΓ£ö ACCESS GRANTED Γ£ö

[1A[2K[2m[WebServer] [22m≡ƒöì [TrackingController] getMyHistory: {
[2m[WebServer] [22m  filters: [Object: null prototype] {},
[2m[WebServer] [22m  userId: [32m'6929e2de934d8e079e6f55b6'[39m
[2m[WebServer] [22m}

[1A[2K[2m[WebServer] [22m GET /leaves/my-leaves [32m200[39m in 57ms[2m (compile: 2ms, render: 55ms)[22m

[1A[2K[2m[WebServer] [22m≡ƒöÑ JwtAuthGuard: canActivate CALLED

[1A[2K[2m[WebServer] [22m≡ƒöì JWT Extractor - All cookies: {
[2m[WebServer] [22m  accessToken: [32m'eyJhbGciOiJIUzI1NiIsInR5cCI6IkpXVCJ9.eyJzdWIiOiI2OTI5ZTJkZTkzNGQ4ZTA3OWU2ZjU1YjYiLCJ3b3JrRW1haWwiOiJlbmdlbXAxLndvcmtAZXhhbXBsZS5jb20iLCJyb2xlcyI6WyJkZXBhcnRtZW50IGVtcGxveWVlIl0sInBlcm1pc3Npb25zIjpbXSwicHJpbWFyeURlcGFydG1lbnRJZCI6IjY5Mjc1ZDhhZmMxMTg0YTNiM2U2YzU1ZiIsImVtcGxveWVlTnVtYmVyIjoiRU1QLTEwMjYiLCJpYXQiOjE3NjU5ODE4OTcsImV4cCI6MTc2NjA2ODI5N30.yqN92IdipRewVdX63M5_rKnNY9SY89sg0o1LXbXXqOo'[39m
[2m[WebServer] [22m}
[2m[WebServer] [22m≡ƒöì JWT Extractor - Headers: accessToken=eyJhbGciOiJIUzI1NiIsInR5cCI6IkpXVCJ9.eyJzdWIiOiI2OTI5ZTJkZTkzNGQ4ZTA3OWU2ZjU1YjYiLCJ3b3JrRW1haWwiOiJlbmdlbXAxLndvcmtAZXhhbXBsZS5jb20iLCJyb2xlcyI6WyJkZXBhcnRtZW50IGVtcGxveWVlIl0sInBlcm1pc3Npb25zIjpbXSwicHJpbWFyeURlcGFydG1lbnRJZCI6IjY5Mjc1ZDhhZmMxMTg0YTNiM2U2YzU1ZiIsImVtcGxveWVlTnVtYmVyIjoiRU1QLTEwMjYiLCJpYXQiOjE3NjU5ODE4OTcsImV4cCI6MTc2NjA2ODI5N30.yqN92IdipRewVdX63M5_rKnNY9SY89sg0o1LXbXXqOo
[2m[WebServer] [22m≡ƒöì JWT Extractor - accessToken: FOUND

[1A[2K[2m[WebServer] [22mJwtStrategy VALIDATE: {
[2m[WebServer] [22m  sub: [32m'6929e2de934d8e079e6f55b6'[39m,
[2m[WebServer] [22m  workEmail: [32m'engemp1.work@example.com'[39m,
[2m[WebServer] [22m  roles: [ [32m'department employee'[39m ],
[2m[WebServer] [22m  permissions: [],
[2m[WebServer] [22m  primaryDepartmentId: [32m'69275d8afc1184a3b3e6c55f'[39m,
[2m[WebServer] [22m  employeeNumber: [32m'EMP-1026'[39m,
[2m[WebServer] [22m  iat: [33m1765981897[39m,
[2m[WebServer] [22m  exp: [33m1766068297[39m
[2m[WebServer] [22m}

[1A[2K[2m[WebServer] [22m≡ƒöÑ JwtAuthGuard: handleRequest() {
[2m[WebServer] [22m  err: [1mnull[22m,
[2m[WebServer] [22m  user: {
[2m[WebServer] [22m    id: [32m'6929e2de934d8e079e6f55b6'[39m,
[2m[WebServer] [22m    workEmail: [32m'engemp1.work@example.com'[39m,
[2m[WebServer] [22m    roles: [ [32m'department employee'[39m ],
[2m[WebServer] [22m    permissions: [],
[2m[WebServer] [22m    primaryDepartmentId: [32m'69275d8afc1184a3b3e6c55f'[39m,
[2m[WebServer] [22m    employeeNumber: [32m'EMP-1026'[39m
[2m[WebServer] [22m  },
[2m[WebServer] [22m  info: [90mundefined[39m
[2m[WebServer] [22m}
[2m[WebServer] [22mΓ£à JwtAuthGuard SUCCESS ΓåÆ user authenticated: 6929e2de934d8e079e6f55b6

[1A[2K[2m[WebServer] [22m≡ƒöì [LeaveTypeController] findAll

[1A[2K[2m[WebServer] [22m≡ƒöÑ JwtAuthGuard: canActivate CALLED

[1A[2K[2m[WebServer] [22m≡ƒöì JWT Extractor - All cookies: {
[2m[WebServer] [22m  accessToken: [32m'eyJhbGciOiJIUzI1NiIsInR5cCI6IkpXVCJ9.eyJzdWIiOiI2OTI5ZTJkZTkzNGQ4ZTA3OWU2ZjU1YjYiLCJ3b3JrRW1haWwiOiJlbmdlbXAxLndvcmtAZXhhbXBsZS5jb20iLCJyb2xlcyI6WyJkZXBhcnRtZW50IGVtcGxveWVlIl0sInBlcm1pc3Npb25zIjpbXSwicHJpbWFyeURlcGFydG1lbnRJZCI6IjY5Mjc1ZDhhZmMxMTg0YTNiM2U2YzU1ZiIsImVtcGxveWVlTnVtYmVyIjoiRU1QLTEwMjYiLCJpYXQiOjE3NjU5ODE4OTcsImV4cCI6MTc2NjA2ODI5N30.yqN92IdipRewVdX63M5_rKnNY9SY89sg0o1LXbXXqOo'[39m
[2m[WebServer] [22m}
[2m[WebServer] [22m≡ƒöì JWT Extractor - Headers: accessToken=eyJhbGciOiJIUzI1NiIsInR5cCI6IkpXVCJ9.eyJzdWIiOiI2OTI5ZTJkZTkzNGQ4ZTA3OWU2ZjU1YjYiLCJ3b3JrRW1haWwiOiJlbmdlbXAxLndvcmtAZXhhbXBsZS5jb20iLCJyb2xlcyI6WyJkZXBhcnRtZW50IGVtcGxveWVlIl0sInBlcm1pc3Npb25zIjpbXSwicHJpbWFyeURlcGFydG1lbnRJZCI6IjY5Mjc1ZDhhZmMxMTg0YTNiM2U2YzU1ZiIsImVtcGxveWVlTnVtYmVyIjoiRU1QLTEwMjYiLCJpYXQiOjE3NjU5ODE4OTcsImV4cCI6MTc2NjA2ODI5N30.yqN92IdipRewVdX63M5_rKnNY9SY89sg0o1LXbXXqOo
[2m[WebServer] [22m≡ƒöì JWT Extractor - accessToken: FOUND

[1A[2K[2m[WebServer] [22mJwtStrategy VALIDATE: {
[2m[WebServer] [22m  sub: [32m'6929e2de934d8e079e6f55b6'[39m,
[2m[WebServer] [22m  workEmail: [32m'engemp1.work@example.com'[39m,
[2m[WebServer] [22m  roles: [ [32m'department employee'[39m ],
[2m[WebServer] [22m  permissions: [],
[2m[WebServer] [22m  primaryDepartmentId: [32m'69275d8afc1184a3b3e6c55f'[39m,
[2m[WebServer] [22m  employeeNumber: [32m'EMP-1026'[39m,
[2m[WebServer] [22m  iat: [33m1765981897[39m,
[2m[WebServer] [22m  exp: [33m1766068297[39m
[2m[WebServer] [22m}

[1A[2K[2m[WebServer] [22m≡ƒöÑ JwtAuthGuard: handleRequest() {
[2m[WebServer] [22m  err: [1mnull[22m,
[2m[WebServer] [22m  user: {
[2m[WebServer] [22m    id: [32m'6929e2de934d8e079e6f55b6'[39m,
[2m[WebServer] [22m    workEmail: [32m'engemp1.work@example.com'[39m,
[2m[WebServer] [22m    roles: [ [32m'department employee'[39m ],
[2m[WebServer] [22m    permissions: [],
[2m[WebServer] [22m    primaryDepartmentId: [32m'69275d8afc1184a3b3e6c55f'[39m,
[2m[WebServer] [22m    employeeNumber: [32m'EMP-1026'[39m
[2m[WebServer] [22m  },
[2m[WebServer] [22m  info: [90mundefined[39m
[2m[WebServer] [22m}
[2m[WebServer] [22mΓ£à JwtAuthGuard SUCCESS ΓåÆ user authenticated: 6929e2de934d8e079e6f55b6

[1A[2K[2m[WebServer] [22m≡ƒöÑ RolesGuard running!
[2m[WebServer] [22m
[2m[WebServer] [22m===== ROLE GUARD =====
[2m[WebServer] [22mRequired roles: [
[2m[WebServer] [22m  [32m'department employee'[39m,
[2m[WebServer] [22m  [32m'HR Employee'[39m,
[2m[WebServer] [22m  [32m'department head'[39m,
[2m[WebServer] [22m  [32m'HR Manager'[39m,
[2m[WebServer] [22m  [32m'HR Admin'[39m,
[2m[WebServer] [22m  [32m'System Admin'[39m
[2m[WebServer] [22m]

[1A[2K[2m[WebServer] [22mUser object: {
[2m[WebServer] [22m  id: [32m'6929e2de934d8e079e6f55b6'[39m,
[2m[WebServer] [22m  workEmail: [32m'engemp1.work@example.com'[39m,
[2m[WebServer] [22m  roles: [ [32m'department employee'[39m ],
[2m[WebServer] [22m  permissions: [],
[2m[WebServer] [22m  primaryDepartmentId: [32m'69275d8afc1184a3b3e6c55f'[39m,
[2m[WebServer] [22m  employeeNumber: [32m'EMP-1026'[39m
[2m[WebServer] [22m}
[2m[WebServer] [22mNormalized user roles: [ [32m'department employee'[39m ]

[1A[2K[2m[WebServer] [22mNormalized required roles: [
[2m[WebServer] [22m  [32m'department employee'[39m,
[2m[WebServer] [22m  [32m'hr employee'[39m,
[2m[WebServer] [22m  [32m'department head'[39m,
[2m[WebServer] [22m  [32m'hr manager'[39m,
[2m[WebServer] [22m  [32m'hr admin'[39m,
[2m[WebServer] [22m  [32m'system admin'[39m
[2m[WebServer] [22m]
[2m[WebServer] [22mHas required role? [33mtrue[39m
[2m[WebServer] [22mΓ£ö ACCESS GRANTED Γ£ö

[1A[2K[2m[WebServer] [22m≡ƒöì [TrackingController] getMyBalances: {
[2m[WebServer] [22m  query: [Object: null prototype] {},
[2m[WebServer] [22m  userId: [32m'6929e2de934d8e079e6f55b6'[39m
[2m[WebServer] [22m}

[1A[2K[2m[WebServer] [22m≡ƒöÑ JwtAuthGuard: canActivate CALLED

[1A[2K[2m[WebServer] [22m≡ƒöì JWT Extractor - All cookies: {
[2m[WebServer] [22m  accessToken: [32m'eyJhbGciOiJIUzI1NiIsInR5cCI6IkpXVCJ9.eyJzdWIiOiI2OTI5ZTJkZTkzNGQ4ZTA3OWU2ZjU1YjYiLCJ3b3JrRW1haWwiOiJlbmdlbXAxLndvcmtAZXhhbXBsZS5jb20iLCJyb2xlcyI6WyJkZXBhcnRtZW50IGVtcGxveWVlIl0sInBlcm1pc3Npb25zIjpbXSwicHJpbWFyeURlcGFydG1lbnRJZCI6IjY5Mjc1ZDhhZmMxMTg0YTNiM2U2YzU1ZiIsImVtcGxveWVlTnVtYmVyIjoiRU1QLTEwMjYiLCJpYXQiOjE3NjU5ODE4OTcsImV4cCI6MTc2NjA2ODI5N30.yqN92IdipRewVdX63M5_rKnNY9SY89sg0o1LXbXXqOo'[39m
[2m[WebServer] [22m}
[2m[WebServer] [22m≡ƒöì JWT Extractor - Headers: accessToken=eyJhbGciOiJIUzI1NiIsInR5cCI6IkpXVCJ9.eyJzdWIiOiI2OTI5ZTJkZTkzNGQ4ZTA3OWU2ZjU1YjYiLCJ3b3JrRW1haWwiOiJlbmdlbXAxLndvcmtAZXhhbXBsZS5jb20iLCJyb2xlcyI6WyJkZXBhcnRtZW50IGVtcGxveWVlIl0sInBlcm1pc3Npb25zIjpbXSwicHJpbWFyeURlcGFydG1lbnRJZCI6IjY5Mjc1ZDhhZmMxMTg0YTNiM2U2YzU1ZiIsImVtcGxveWVlTnVtYmVyIjoiRU1QLTEwMjYiLCJpYXQiOjE3NjU5ODE4OTcsImV4cCI6MTc2NjA2ODI5N30.yqN92IdipRewVdX63M5_rKnNY9SY89sg0o1LXbXXqOo
[2m[WebServer] [22m≡ƒöì JWT Extractor - accessToken: FOUND

[1A[2K[2m[WebServer] [22mJwtStrategy VALIDATE: {
[2m[WebServer] [22m  sub: [32m'6929e2de934d8e079e6f55b6'[39m,
[2m[WebServer] [22m  workEmail: [32m'engemp1.work@example.com'[39m,
[2m[WebServer] [22m  roles: [ [32m'department employee'[39m ],
[2m[WebServer] [22m  permissions: [],
[2m[WebServer] [22m  primaryDepartmentId: [32m'69275d8afc1184a3b3e6c55f'[39m,
[2m[WebServer] [22m  employeeNumber: [32m'EMP-1026'[39m,
[2m[WebServer] [22m  iat: [33m1765981897[39m,
[2m[WebServer] [22m  exp: [33m1766068297[39m
[2m[WebServer] [22m}

[1A[2K[2m[WebServer] [22m≡ƒöÑ JwtAuthGuard: handleRequest() {
[2m[WebServer] [22m  err: [1mnull[22m,
[2m[WebServer] [22m  user: {
[2m[WebServer] [22m    id: [32m'6929e2de934d8e079e6f55b6'[39m,
[2m[WebServer] [22m    workEmail: [32m'engemp1.work@example.com'[39m,
[2m[WebServer] [22m    roles: [ [32m'department employee'[39m ],
[2m[WebServer] [22m    permissions: [],
[2m[WebServer] [22m    primaryDepartmentId: [32m'69275d8afc1184a3b3e6c55f'[39m,
[2m[WebServer] [22m    employeeNumber: [32m'EMP-1026'[39m
[2m[WebServer] [22m  },
[2m[WebServer] [22m  info: [90mundefined[39m
[2m[WebServer] [22m}
[2m[WebServer] [22mΓ£à JwtAuthGuard SUCCESS ΓåÆ user authenticated: 6929e2de934d8e079e6f55b6
[2m[WebServer] [22m≡ƒöÑ RolesGuard running!

[1A[2K[2m[WebServer] [22m
[2m[WebServer] [22m===== ROLE GUARD =====
[2m[WebServer] [22mRequired roles: [
[2m[WebServer] [22m  [32m'department employee'[39m,
[2m[WebServer] [22m  [32m'HR Employee'[39m,
[2m[WebServer] [22m  [32m'department head'[39m,
[2m[WebServer] [22m  [32m'HR Manager'[39m,
[2m[WebServer] [22m  [32m'HR Admin'[39m,
[2m[WebServer] [22m  [32m'System Admin'[39m
[2m[WebServer] [22m]

[1A[2K[2m[WebServer] [22mUser object: {
[2m[WebServer] [22m  id: [32m'6929e2de934d8e079e6f55b6'[39m,
[2m[WebServer] [22m  workEmail: [32m'engemp1.work@example.com'[39m,
[2m[WebServer] [22m  roles: [ [32m'department employee'[39m ],
[2m[WebServer] [22m  permissions: [],
[2m[WebServer] [22m  primaryDepartmentId: [32m'69275d8afc1184a3b3e6c55f'[39m,
[2m[WebServer] [22m  employeeNumber: [32m'EMP-1026'[39m
[2m[WebServer] [22m}
[2m[WebServer] [22mNormalized user roles: [ [32m'department employee'[39m ]

[1A[2K[2m[WebServer] [22mNormalized required roles: [
[2m[WebServer] [22m  [32m'department employee'[39m,
[2m[WebServer] [22m  [32m'hr employee'[39m,
[2m[WebServer] [22m  [32m'department head'[39m,
[2m[WebServer] [22m  [32m'hr manager'[39m,
[2m[WebServer] [22m  [32m'hr admin'[39m,
[2m[WebServer] [22m  [32m'system admin'[39m
[2m[WebServer] [22m]

[1A[2K[2m[WebServer] [22mHas required role? [33mtrue[39m

[1A[2K[2m[WebServer] [22mΓ£ö ACCESS GRANTED Γ£ö

[1A[2K[2m[WebServer] [22m≡ƒöì [RequestsController] getMyRequests: { userId: [90mundefined[39m }

[1A[2K[2m[WebServer] [22m≡ƒöÑ JwtAuthGuard: canActivate CALLED

[1A[2K[2m[WebServer] [22m≡ƒöì JWT Extractor - All cookies: {
[2m[WebServer] [22m  accessToken: [32m'eyJhbGciOiJIUzI1NiIsInR5cCI6IkpXVCJ9.eyJzdWIiOiI2OTI5ZTJkZTkzNGQ4ZTA3OWU2ZjU1YjYiLCJ3b3JrRW1haWwiOiJlbmdlbXAxLndvcmtAZXhhbXBsZS5jb20iLCJyb2xlcyI6WyJkZXBhcnRtZW50IGVtcGxveWVlIl0sInBlcm1pc3Npb25zIjpbXSwicHJpbWFyeURlcGFydG1lbnRJZCI6IjY5Mjc1ZDhhZmMxMTg0YTNiM2U2YzU1ZiIsImVtcGxveWVlTnVtYmVyIjoiRU1QLTEwMjYiLCJpYXQiOjE3NjU5ODE4OTcsImV4cCI6MTc2NjA2ODI5N30.yqN92IdipRewVdX63M5_rKnNY9SY89sg0o1LXbXXqOo'[39m
[2m[WebServer] [22m}
[2m[WebServer] [22m≡ƒöì JWT Extractor - Headers: accessToken=eyJhbGciOiJIUzI1NiIsInR5cCI6IkpXVCJ9.eyJzdWIiOiI2OTI5ZTJkZTkzNGQ4ZTA3OWU2ZjU1YjYiLCJ3b3JrRW1haWwiOiJlbmdlbXAxLndvcmtAZXhhbXBsZS5jb20iLCJyb2xlcyI6WyJkZXBhcnRtZW50IGVtcGxveWVlIl0sInBlcm1pc3Npb25zIjpbXSwicHJpbWFyeURlcGFydG1lbnRJZCI6IjY5Mjc1ZDhhZmMxMTg0YTNiM2U2YzU1ZiIsImVtcGxveWVlTnVtYmVyIjoiRU1QLTEwMjYiLCJpYXQiOjE3NjU5ODE4OTcsImV4cCI6MTc2NjA2ODI5N30.yqN92IdipRewVdX63M5_rKnNY9SY89sg0o1LXbXXqOo
[2m[WebServer] [22m≡ƒöì JWT Extractor - accessToken: FOUND

[1A[2K[2m[WebServer] [22mJwtStrategy VALIDATE: {
[2m[WebServer] [22m  sub: [32m'6929e2de934d8e079e6f55b6'[39m,
[2m[WebServer] [22m  workEmail: [32m'engemp1.work@example.com'[39m,
[2m[WebServer] [22m  roles: [ [32m'department employee'[39m ],
[2m[WebServer] [22m  permissions: [],
[2m[WebServer] [22m  primaryDepartmentId: [32m'69275d8afc1184a3b3e6c55f'[39m,
[2m[WebServer] [22m  employeeNumber: [32m'EMP-1026'[39m,
[2m[WebServer] [22m  iat: [33m1765981897[39m,
[2m[WebServer] [22m  exp: [33m1766068297[39m
[2m[WebServer] [22m}

[1A[2K[2m[WebServer] [22m≡ƒöÑ JwtAuthGuard: handleRequest() {
[2m[WebServer] [22m  err: [1mnull[22m,
[2m[WebServer] [22m  user: {
[2m[WebServer] [22m    id: [32m'6929e2de934d8e079e6f55b6'[39m,
[2m[WebServer] [22m    workEmail: [32m'engemp1.work@example.com'[39m,
[2m[WebServer] [22m    roles: [ [32m'department employee'[39m ],
[2m[WebServer] [22m    permissions: [],
[2m[WebServer] [22m    primaryDepartmentId: [32m'69275d8afc1184a3b3e6c55f'[39m,
[2m[WebServer] [22m    employeeNumber: [32m'EMP-1026'[39m
[2m[WebServer] [22m  },
[2m[WebServer] [22m  info: [90mundefined[39m
[2m[WebServer] [22m}
[2m[WebServer] [22mΓ£à JwtAuthGuard SUCCESS ΓåÆ user authenticated: 6929e2de934d8e079e6f55b6

[1A[2K[2m[WebServer] [22m≡ƒöÑ RolesGuard running!
[2m[WebServer] [22m
[2m[WebServer] [22m===== ROLE GUARD =====
[2m[WebServer] [22mRequired roles: [
[2m[WebServer] [22m  [32m'department employee'[39m,
[2m[WebServer] [22m  [32m'HR Employee'[39m,
[2m[WebServer] [22m  [32m'department head'[39m,
[2m[WebServer] [22m  [32m'HR Manager'[39m,
[2m[WebServer] [22m  [32m'HR Admin'[39m,
[2m[WebServer] [22m  [32m'System Admin'[39m
[2m[WebServer] [22m]

[1A[2K[2m[WebServer] [22mUser object: {
[2m[WebServer] [22m  id: [32m'6929e2de934d8e079e6f55b6'[39m,
[2m[WebServer] [22m  workEmail: [32m'engemp1.work@example.com'[39m,
[2m[WebServer] [22m  roles: [ [32m'department employee'[39m ],
[2m[WebServer] [22m  permissions: [],
[2m[WebServer] [22m  primaryDepartmentId: [32m'69275d8afc1184a3b3e6c55f'[39m,
[2m[WebServer] [22m  employeeNumber: [32m'EMP-1026'[39m
[2m[WebServer] [22m}
[2m[WebServer] [22mNormalized user roles: [ [32m'department employee'[39m ]

[1A[2K[2m[WebServer] [22mNormalized required roles: [
[2m[WebServer] [22m  [32m'department employee'[39m,
[2m[WebServer] [22m  [32m'hr employee'[39m,
[2m[WebServer] [22m  [32m'department head'[39m,
[2m[WebServer] [22m  [32m'hr manager'[39m,
[2m[WebServer] [22m  [32m'hr admin'[39m,
[2m[WebServer] [22m  [32m'system admin'[39m
[2m[WebServer] [22m]
[2m[WebServer] [22mHas required role? [33mtrue[39m
[2m[WebServer] [22mΓ£ö ACCESS GRANTED Γ£ö

[1A[2K[2m[WebServer] [22m≡ƒöì [CalendarsController] calculateWorkingDays: { from: [32m'2026-02-15'[39m, to: [32m'2026-03-01'[39m }

[1A[2K[2m[WebServer] [22m≡ƒöÑ JwtAuthGuard: canActivate CALLED

[1A[2K[2m[WebServer] [22m≡ƒöì JWT Extractor - All cookies: {
[2m[WebServer] [22m  accessToken: [32m'eyJhbGciOiJIUzI1NiIsInR5cCI6IkpXVCJ9.eyJzdWIiOiI2OTI5ZTJkZTkzNGQ4ZTA3OWU2ZjU1YjYiLCJ3b3JrRW1haWwiOiJlbmdlbXAxLndvcmtAZXhhbXBsZS5jb20iLCJyb2xlcyI6WyJkZXBhcnRtZW50IGVtcGxveWVlIl0sInBlcm1pc3Npb25zIjpbXSwicHJpbWFyeURlcGFydG1lbnRJZCI6IjY5Mjc1ZDhhZmMxMTg0YTNiM2U2YzU1ZiIsImVtcGxveWVlTnVtYmVyIjoiRU1QLTEwMjYiLCJpYXQiOjE3NjU5ODE4OTcsImV4cCI6MTc2NjA2ODI5N30.yqN92IdipRewVdX63M5_rKnNY9SY89sg0o1LXbXXqOo'[39m
[2m[WebServer] [22m}

[1A[2K[2m[WebServer] [22m≡ƒöì JWT Extractor - Headers: accessToken=eyJhbGciOiJIUzI1NiIsInR5cCI6IkpXVCJ9.eyJzdWIiOiI2OTI5ZTJkZTkzNGQ4ZTA3OWU2ZjU1YjYiLCJ3b3JrRW1haWwiOiJlbmdlbXAxLndvcmtAZXhhbXBsZS5jb20iLCJyb2xlcyI6WyJkZXBhcnRtZW50IGVtcGxveWVlIl0sInBlcm1pc3Npb25zIjpbXSwicHJpbWFyeURlcGFydG1lbnRJZCI6IjY5Mjc1ZDhhZmMxMTg0YTNiM2U2YzU1ZiIsImVtcGxveWVlTnVtYmVyIjoiRU1QLTEwMjYiLCJpYXQiOjE3NjU5ODE4OTcsImV4cCI6MTc2NjA2ODI5N30.yqN92IdipRewVdX63M5_rKnNY9SY89sg0o1LXbXXqOo
[2m[WebServer] [22m≡ƒöì JWT Extractor - accessToken: FOUND

[1A[2K[2m[WebServer] [22mJwtStrategy VALIDATE: {
[2m[WebServer] [22m  sub: [32m'6929e2de934d8e079e6f55b6'[39m,
[2m[WebServer] [22m  workEmail: [32m'engemp1.work@example.com'[39m,
[2m[WebServer] [22m  roles: [ [32m'department employee'[39m ],
[2m[WebServer] [22m  permissions: [],
[2m[WebServer] [22m  primaryDepartmentId: [32m'69275d8afc1184a3b3e6c55f'[39m,
[2m[WebServer] [22m  employeeNumber: [32m'EMP-1026'[39m,
[2m[WebServer] [22m  iat: [33m1765981897[39m,
[2m[WebServer] [22m  exp: [33m1766068297[39m
[2m[WebServer] [22m}

[1A[2K[2m[WebServer] [22m≡ƒöÑ JwtAuthGuard: handleRequest() {
[2m[WebServer] [22m  err: [1mnull[22m,
[2m[WebServer] [22m  user: {
[2m[WebServer] [22m    id: [32m'6929e2de934d8e079e6f55b6'[39m,
[2m[WebServer] [22m    workEmail: [32m'engemp1.work@example.com'[39m,
[2m[WebServer] [22m    roles: [ [32m'department employee'[39m ],
[2m[WebServer] [22m    permissions: [],
[2m[WebServer] [22m    primaryDepartmentId: [32m'69275d8afc1184a3b3e6c55f'[39m,
[2m[WebServer] [22m    employeeNumber: [32m'EMP-1026'[39m
[2m[WebServer] [22m  },
[2m[WebServer] [22m  info: [90mundefined[39m
[2m[WebServer] [22m}
[2m[WebServer] [22mΓ£à JwtAuthGuard SUCCESS ΓåÆ user authenticated: 6929e2de934d8e079e6f55b6
[2m[WebServer] [22m≡ƒöÑ RolesGuard running!

[1A[2K[2m[WebServer] [22m
[2m[WebServer] [22m===== ROLE GUARD =====
[2m[WebServer] [22mRequired roles: [
[2m[WebServer] [22m  [32m'department employee'[39m,
[2m[WebServer] [22m  [32m'HR Employee'[39m,
[2m[WebServer] [22m  [32m'department head'[39m,
[2m[WebServer] [22m  [32m'HR Manager'[39m,
[2m[WebServer] [22m  [32m'HR Admin'[39m,
[2m[WebServer] [22m  [32m'System Admin'[39m
[2m[WebServer] [22m]
[2m[WebServer] [22mUser object: {
[2m[WebServer] [22m  id: [32m'6929e2de934d8e079e6f55b6'[39m,
[2m[WebServer] [22m  workEmail: [32m'engemp1.work@example.com'[39m,
[2m[WebServer] [22m  roles: [ [32m'department employee'[39m ],
[2m[WebServer] [22m  permissions: [],
[2m[WebServer] [22m  primaryDepartmentId: [32m'69275d8afc1184a3b3e6c55f'[39m,
[2m[WebServer] [22m  employeeNumber: [32m'EMP-1026'[39m
[2m[WebServer] [22m}
[2m[WebServer] [22mNormalized user roles: [ [32m'department employee'[39m ]
[2m[WebServer] [22mNormalized required roles: [
[2m[WebServer] [22m  [32m'department employee'[39m,
[2m[WebServer] [22m  [32m'hr employee'[39m,
[2m[WebServer] [22m  [32m'department head'[39m,
[2m[WebServer] [22m  [32m'hr manager'[39m,
[2m[WebServer] [22m  [32m'hr admin'[39m,
[2m[WebServer] [22m  [32m'system admin'[39m
[2m[WebServer] [22m]
[2m[WebServer] [22mHas required role? [33mtrue[39m
[2m[WebServer] [22mΓ£ö ACCESS GRANTED Γ£ö
[2m[WebServer] [22m≡ƒöì [CalendarsController] checkBlockedPeriods: { from: [32m'2026-02-15'[39m, to: [32m'2026-03-01'[39m }

[1A[2K[2m[WebServer] [22m≡ƒöÑ JwtAuthGuard: canActivate CALLED

[1A[2K[2m[WebServer] [22m≡ƒöì JWT Extractor - All cookies: {
[2m[WebServer] [22m  accessToken: [32m'eyJhbGciOiJIUzI1NiIsInR5cCI6IkpXVCJ9.eyJzdWIiOiI2OTI5ZTJkZTkzNGQ4ZTA3OWU2ZjU1YjYiLCJ3b3JrRW1haWwiOiJlbmdlbXAxLndvcmtAZXhhbXBsZS5jb20iLCJyb2xlcyI6WyJkZXBhcnRtZW50IGVtcGxveWVlIl0sInBlcm1pc3Npb25zIjpbXSwicHJpbWFyeURlcGFydG1lbnRJZCI6IjY5Mjc1ZDhhZmMxMTg0YTNiM2U2YzU1ZiIsImVtcGxveWVlTnVtYmVyIjoiRU1QLTEwMjYiLCJpYXQiOjE3NjU5ODE4OTcsImV4cCI6MTc2NjA2ODI5N30.yqN92IdipRewVdX63M5_rKnNY9SY89sg0o1LXbXXqOo'[39m
[2m[WebServer] [22m}
[2m[WebServer] [22m≡ƒöì JWT Extractor - Headers: accessToken=eyJhbGciOiJIUzI1NiIsInR5cCI6IkpXVCJ9.eyJzdWIiOiI2OTI5ZTJkZTkzNGQ4ZTA3OWU2ZjU1YjYiLCJ3b3JrRW1haWwiOiJlbmdlbXAxLndvcmtAZXhhbXBsZS5jb20iLCJyb2xlcyI6WyJkZXBhcnRtZW50IGVtcGxveWVlIl0sInBlcm1pc3Npb25zIjpbXSwicHJpbWFyeURlcGFydG1lbnRJZCI6IjY5Mjc1ZDhhZmMxMTg0YTNiM2U2YzU1ZiIsImVtcGxveWVlTnVtYmVyIjoiRU1QLTEwMjYiLCJpYXQiOjE3NjU5ODE4OTcsImV4cCI6MTc2NjA2ODI5N30.yqN92IdipRewVdX63M5_rKnNY9SY89sg0o1LXbXXqOo
[2m[WebServer] [22m≡ƒöì JWT Extractor - accessToken: FOUND

[1A[2K[2m[WebServer] [22mJwtStrategy VALIDATE: {
[2m[WebServer] [22m  sub: [32m'6929e2de934d8e079e6f55b6'[39m,
[2m[WebServer] [22m  workEmail: [32m'engemp1.work@example.com'[39m,
[2m[WebServer] [22m  roles: [ [32m'department employee'[39m ],
[2m[WebServer] [22m  permissions: [],
[2m[WebServer] [22m  primaryDepartmentId: [32m'69275d8afc1184a3b3e6c55f'[39m,
[2m[WebServer] [22m  employeeNumber: [32m'EMP-1026'[39m,
[2m[WebServer] [22m  iat: [33m1765981897[39m,
[2m[WebServer] [22m  exp: [33m1766068297[39m
[2m[WebServer] [22m}

[1A[2K[2m[WebServer] [22m≡ƒöÑ JwtAuthGuard: handleRequest() {
[2m[WebServer] [22m  err: [1mnull[22m,
[2m[WebServer] [22m  user: {
[2m[WebServer] [22m    id: [32m'6929e2de934d8e079e6f55b6'[39m,
[2m[WebServer] [22m    workEmail: [32m'engemp1.work@example.com'[39m,
[2m[WebServer] [22m    roles: [ [32m'department employee'[39m ],
[2m[WebServer] [22m    permissions: [],
[2m[WebServer] [22m    primaryDepartmentId: [32m'69275d8afc1184a3b3e6c55f'[39m,
[2m[WebServer] [22m    employeeNumber: [32m'EMP-1026'[39m
[2m[WebServer] [22m  },
[2m[WebServer] [22m  info: [90mundefined[39m
[2m[WebServer] [22m}
[2m[WebServer] [22mΓ£à JwtAuthGuard SUCCESS ΓåÆ user authenticated: 6929e2de934d8e079e6f55b6
[2m[WebServer] [22m≡ƒöÑ RolesGuard running!
[2m[WebServer] [22m
[2m[WebServer] [22m===== ROLE GUARD =====
[2m[WebServer] [22mRequired roles: [
[2m[WebServer] [22m  [32m'department employee'[39m,
[2m[WebServer] [22m  [32m'HR Employee'[39m,
[2m[WebServer] [22m  [32m'department head'[39m,
[2m[WebServer] [22m  [32m'HR Manager'[39m,
[2m[WebServer] [22m  [32m'HR Admin'[39m,
[2m[WebServer] [22m  [32m'System Admin'[39m
[2m[WebServer] [22m]
[2m[WebServer] [22mUser object: {
[2m[WebServer] [22m  id: [32m'6929e2de934d8e079e6f55b6'[39m,
[2m[WebServer] [22m  workEmail: [32m'engemp1.work@example.com'[39m,
[2m[WebServer] [22m  roles: [ [32m'department employee'[39m ],
[2m[WebServer] [22m  permissions: [],
[2m[WebServer] [22m  primaryDepartmentId: [32m'69275d8afc1184a3b3e6c55f'[39m,
[2m[WebServer] [22m  employeeNumber: [32m'EMP-1026'[39m
[2m[WebServer] [22m}
[2m[WebServer] [22mNormalized user roles: [ [32m'department employee'[39m ]

[1A[2K[2m[WebServer] [22mNormalized required roles: [
[2m[WebServer] [22m  [32m'department employee'[39m,
[2m[WebServer] [22m  [32m'hr employee'[39m,
[2m[WebServer] [22m  [32m'department head'[39m,
[2m[WebServer] [22m  [32m'hr manager'[39m,
[2m[WebServer] [22m  [32m'hr admin'[39m,
[2m[WebServer] [22m  [32m'system admin'[39m
[2m[WebServer] [22m]
[2m[WebServer] [22mHas required role? [33mtrue[39m
[2m[WebServer] [22mΓ£ö ACCESS GRANTED Γ£ö

[1A[2K[2m[WebServer] [22m≡ƒöì [RequestsController] checkOverlap: { from: [32m'2026-02-15'[39m, to: [32m'2026-03-01'[39m, excludeId: [90mundefined[39m }

[1A[2K
================================================================================

[1A[2K≡ƒÄë ALL LEAVE MANAGEMENT TESTS COMPLETED

[1A[2K================================================================================

[1A[2KΓ£à Employee 1 (EMP-1026): All scenarios tested

[1A[2KΓ£à Employee 2 (EMP-1027): Low balance scenarios tested

[1A[2KΓ£à Manager (EMP-1025): Approval workflows tested

[1A[2KΓ£à HR (EMP-1019): System-wide management tested

[1A[2K================================================================================


[1A[2K  5) [chromium] ΓÇ║ leave-tests.spec.ts:354:7 ΓÇ║ ≡ƒºæ EMPLOYEE 1 (EMP-1026 - Engineering) - All Scenarios ΓÇ║ Γ£à D1: Insufficient balance warning 

    Error: [2mexpect([22m[31mlocator[39m[2m).[22mtoBeVisible[2m([22m[2m)[22m failed

    Locator: locator('text=/insufficient/i, text=/not enough/i, text=/only.*available/i, text=/exceed/i')
    Expected: visible
    Timeout: 10000ms
    Error: element(s) not found

    Call log:
    [2m  - Expect "toBeVisible" with timeout 10000ms[22m
    [2m  - waiting for locator('text=/insufficient/i, text=/not enough/i, text=/only.*available/i, text=/exceed/i')[22m


      372 |     // Should show warning
      373 |     const warning = page.locator('text=/insufficient/i, text=/not enough/i, text=/only.*available/i, text=/exceed/i');
    > 374 |     await expect(warning).toBeVisible({ timeout: 10000 });
          |                           ^
      375 |     
      376 |     console.log('Γ£à Insufficient balance warning displayed');
      377 |   });
        at C:\Users\Bedon\Desktop\semester-5-software-project\leave-tests.spec.ts:374:27

    attachment #1: screenshot (image/png) ΓöÇΓöÇΓöÇΓöÇΓöÇΓöÇΓöÇΓöÇΓöÇΓöÇΓöÇΓöÇΓöÇΓöÇΓöÇΓöÇΓöÇΓöÇΓöÇΓöÇΓöÇΓöÇΓöÇΓöÇΓöÇΓöÇΓöÇΓöÇΓöÇΓöÇΓöÇΓöÇΓöÇΓöÇΓöÇΓöÇΓöÇΓöÇΓöÇΓöÇΓöÇΓöÇΓöÇΓöÇΓöÇΓöÇΓöÇΓöÇΓöÇΓöÇΓöÇΓöÇΓöÇΓöÇΓöÇΓöÇΓöÇΓöÇ
    test-results\leave-tests-≡ƒºæ-EMPLOYEE-1--7d33f-nsufficient-balance-warning-chromium\test-failed-1.png
    ΓöÇΓöÇΓöÇΓöÇΓöÇΓöÇΓöÇΓöÇΓöÇΓöÇΓöÇΓöÇΓöÇΓöÇΓöÇΓöÇΓöÇΓöÇΓöÇΓöÇΓöÇΓöÇΓöÇΓöÇΓöÇΓöÇΓöÇΓöÇΓöÇΓöÇΓöÇΓöÇΓöÇΓöÇΓöÇΓöÇΓöÇΓöÇΓöÇΓöÇΓöÇΓöÇΓöÇΓöÇΓöÇΓöÇΓöÇΓöÇΓöÇΓöÇΓöÇΓöÇΓöÇΓöÇΓöÇΓöÇΓöÇΓöÇΓöÇΓöÇΓöÇΓöÇΓöÇΓöÇΓöÇΓöÇΓöÇΓöÇΓöÇΓöÇΓöÇΓöÇΓöÇΓöÇΓöÇΓöÇΓöÇΓöÇΓöÇΓöÇΓöÇΓöÇΓöÇΓöÇΓöÇΓöÇΓöÇΓöÇΓöÇΓöÇΓöÇΓöÇΓöÇΓöÇΓöÇΓöÇ

    attachment #2: video (video/webm) ΓöÇΓöÇΓöÇΓöÇΓöÇΓöÇΓöÇΓöÇΓöÇΓöÇΓöÇΓöÇΓöÇΓöÇΓöÇΓöÇΓöÇΓöÇΓöÇΓöÇΓöÇΓöÇΓöÇΓöÇΓöÇΓöÇΓöÇΓöÇΓöÇΓöÇΓöÇΓöÇΓöÇΓöÇΓöÇΓöÇΓöÇΓöÇΓöÇΓöÇΓöÇΓöÇΓöÇΓöÇΓöÇΓöÇΓöÇΓöÇΓöÇΓöÇΓöÇΓöÇΓöÇΓöÇΓöÇΓöÇΓöÇΓöÇΓöÇΓöÇΓöÇΓöÇ
    test-results\leave-tests-≡ƒºæ-EMPLOYEE-1--7d33f-nsufficient-balance-warning-chromium\video.webm
    ΓöÇΓöÇΓöÇΓöÇΓöÇΓöÇΓöÇΓöÇΓöÇΓöÇΓöÇΓöÇΓöÇΓöÇΓöÇΓöÇΓöÇΓöÇΓöÇΓöÇΓöÇΓöÇΓöÇΓöÇΓöÇΓöÇΓöÇΓöÇΓöÇΓöÇΓöÇΓöÇΓöÇΓöÇΓöÇΓöÇΓöÇΓöÇΓöÇΓöÇΓöÇΓöÇΓöÇΓöÇΓöÇΓöÇΓöÇΓöÇΓöÇΓöÇΓöÇΓöÇΓöÇΓöÇΓöÇΓöÇΓöÇΓöÇΓöÇΓöÇΓöÇΓöÇΓöÇΓöÇΓöÇΓöÇΓöÇΓöÇΓöÇΓöÇΓöÇΓöÇΓöÇΓöÇΓöÇΓöÇΓöÇΓöÇΓöÇΓöÇΓöÇΓöÇΓöÇΓöÇΓöÇΓöÇΓöÇΓöÇΓöÇΓöÇΓöÇΓöÇΓöÇΓöÇΓöÇΓöÇ

    Error Context: test-results\leave-tests-≡ƒºæ-EMPLOYEE-1--7d33f-nsufficient-balance-warning-chromium\error-context.md


[1A[2K[8/35] [chromium] ΓÇ║ leave-tests.spec.ts:379:7 ΓÇ║ ≡ƒºæ EMPLOYEE 1 (EMP-1026 - Engineering) - All Scenarios ΓÇ║ Γ£à D2: Maximum duration check (BR-37)
[1A[2K[chromium] ΓÇ║ leave-tests.spec.ts:379:7 ΓÇ║ ≡ƒºæ EMPLOYEE 1 (EMP-1026 - Engineering) - All Scenarios ΓÇ║ Γ£à D2: Maximum duration check (BR-37)
≡ƒöÉ Logging in as: engemp1.work@example.com

[1A[2K[2m[WebServer] [22m GET /login [32m200[39m in 51ms[2m (compile: 3ms, render: 48ms)[22m

[1A[2K[2m[WebServer] [22m≡ƒöÑ JwtAuthGuard: canActivate CALLED

[1A[2K[2m[WebServer] [22m≡ƒöì JWT Extractor - All cookies: [Object: null prototype] {}
[2m[WebServer] [22m≡ƒöì JWT Extractor - Headers: [90mundefined[39m
[2m[WebServer] [22m≡ƒöì JWT Extractor - accessToken: NOT FOUND

[1A[2K[2m[WebServer] [22m≡ƒöÑ JwtAuthGuard: handleRequest() {
[2m[WebServer] [22m  err: [1mnull[22m,
[2m[WebServer] [22m  user: [33mfalse[39m,
[2m[WebServer] [22m  info: Error: No auth token
[2m[WebServer] [22m      at JwtStrategy.authenticate [90m(C:\Users\Bedon\Desktop\semester-5-software-project\backend\[39mnode_modules\[4mpassport-jwt[24m\lib\strategy.js:96:26[90m)[39m
[2m[WebServer] [22m      at attempt [90m(C:\Users\Bedon\Desktop\semester-5-software-project\backend\[39mnode_modules\[4mpassport[24m\lib\middleware\authenticate.js:378:16[90m)[39m
[2m[WebServer] [22m      at authenticate [90m(C:\Users\Bedon\Desktop\semester-5-software-project\backend\[39mnode_modules\[4mpassport[24m\lib\middleware\authenticate.js:379:7[90m)[39m
[2m[WebServer] [22m      at [90mC:\Users\Bedon\Desktop\semester-5-software-project\backend\[39mnode_modules\[4m@nestjs[24m\passport\dist\auth.guard.js:88:3
[2m[WebServer] [22m      at new Promise (<anonymous>)
[2m[WebServer] [22m      at [90mC:\Users\Bedon\Desktop\semester-5-software-project\backend\[39mnode_modules\[4m@nestjs[24m\passport\dist\auth.guard.js:80:83
[2m[WebServer] [22m      at JwtAuthGuard.canActivate [90m(C:\Users\Bedon\Desktop\semester-5-software-project\backend\[39mnode_modules\[4m@nestjs[24m\passport\dist\auth.guard.js:44:32[90m)[39m
[2m[WebServer] [22m  [90m    at process.processTicksAndRejections (node:internal/process/task_queues:105:5)[39m
[2m[WebServer] [22m}

[1A[2K[2m[WebServer] [22mΓ¥î JwtAuthGuard INFO: Error: No auth token
[2m[WebServer] [22m    at JwtStrategy.authenticate 
[90m(C:\Users\Bedon\Desktop\semester-5-software-project\backend\[39mnode_modules\[4mpassport-jwt[24m\lib\strategy.js:96:26[90m)[39m
[2m[WebServer] [22m    at attempt 
[90m(C:\Users\Bedon\Desktop\semester-5-software-project\backend\[39mnode_modules\[4mpassport[24m\lib\middleware\authenticate.js:378:16[90m)[39m
[2m[WebServer] [22m    at authenticate 
[90m(C:\Users\Bedon\Desktop\semester-5-software-project\backend\[39mnode_modules\[4mpassport[24m\lib\middleware\authenticate.js:379:7[90m)[39m
[2m[WebServer] [22m    at [90mC:\Users\Bedon\Desktop\semester-5-software-project\backend\[39mnode_modules\[4m@nestjs[24m\passport\dist\auth.guard.js:88:3
[2m[WebServer] [22m    at new Promise (<anonymous>)
[2m[WebServer] [22m    at 
[90mC:\Users\Bedon\Desktop\semester-5-software-project\backend\[39mnode_modules\[4m@nestjs[24m\passport\dist\auth.guard.js:80:83
[2m[WebServer] [22m    at JwtAuthGuard.canActivate 
[90m(C:\Users\Bedon\Desktop\semester-5-software-project\backend\[39mnode_modules\[4m@nestjs[24m\passport\dist\auth.guard.js:44:32[90m)[39m
[2m[WebServer] [22m[90m    at process.processTicksAndRejections (node:internal/process/task_queues:105:5)[39m

[1A[2K[2m[WebServer] [22mΓ¥î JwtAuthGuard FAILING ΓåÆ No auth token

[1A[2K[2m[WebServer] [22mVALIDATE EMPLOYEE - systemRole = {
[2m[WebServer] [22m  _id: new ObjectId([32m'6929e2de934d8e079e6f55b8'[39m),
[2m[WebServer] [22m  employeeProfileId: new ObjectId([32m'6929e2de934d8e079e6f55b6'[39m),
[2m[WebServer] [22m  roles: [ [32m'department employee'[39m ],
[2m[WebServer] [22m  permissions: [],
[2m[WebServer] [22m  isActive: [33mtrue[39m,
[2m[WebServer] [22m  createdAt: [35m2025-11-28T17:58:54.894Z[39m,
[2m[WebServer] [22m  updatedAt: [35m2025-11-28T17:58:54.894Z[39m,
[2m[WebServer] [22m  __v: [33m0[39m
[2m[WebServer] [22m}

[1A[2K[2m[WebServer] [22mGenerated token: eyJhbGciOiJIUzI1NiIsInR5cCI6IkpXVCJ9.eyJzdWIiOiI2OTI5ZTJkZTkzNGQ4ZTA3OWU2ZjU1YjYiLCJ3b3JrRW1haWwiOiJlbmdlbXAxLndvcmtAZXhhbXBsZS5jb20iLCJyb2xlcyI6WyJkZXBhcnRtZW50IGVtcGxveWVlIl0sInBlcm1pc3Npb25zIjpbXSwicHJpbWFyeURlcGFydG1lbnRJZCI6IjY5Mjc1ZDhhZmMxMTg0YTNiM2U2YzU1ZiIsImVtcGxveWVlTnVtYmVyIjoiRU1QLTEwMjYiLCJpYXQiOjE3NjU5ODE5MTQsImV4cCI6MTc2NjA2ODMxNH0.c0ji4K28WyAz87GWpon91qDEIBzb_ZKUihpFYdwyQ-w

[1A[2K[2m[WebServer] [22m GET /leaves [32m200[39m in 17ms[2m (compile: 3ms, render: 15ms)[22m

[1A[2KΓ£à Login successful

[1A[2KΓÜá∩╕Å Testing Maximum Duration Check

[1A[2K[2m[WebServer] [22m≡ƒöÑ JwtAuthGuard: canActivate CALLED

[1A[2K[2m[WebServer] [22m≡ƒöì JWT Extractor - All cookies: {
[2m[WebServer] [22m  accessToken: [32m'eyJhbGciOiJIUzI1NiIsInR5cCI6IkpXVCJ9.eyJzdWIiOiI2OTI5ZTJkZTkzNGQ4ZTA3OWU2ZjU1YjYiLCJ3b3JrRW1haWwiOiJlbmdlbXAxLndvcmtAZXhhbXBsZS5jb20iLCJyb2xlcyI6WyJkZXBhcnRtZW50IGVtcGxveWVlIl0sInBlcm1pc3Npb25zIjpbXSwicHJpbWFyeURlcGFydG1lbnRJZCI6IjY5Mjc1ZDhhZmMxMTg0YTNiM2U2YzU1ZiIsImVtcGxveWVlTnVtYmVyIjoiRU1QLTEwMjYiLCJpYXQiOjE3NjU5ODE5MTQsImV4cCI6MTc2NjA2ODMxNH0.c0ji4K28WyAz87GWpon91qDEIBzb_ZKUihpFYdwyQ-w'[39m
[2m[WebServer] [22m}
[2m[WebServer] [22m≡ƒöì JWT Extractor - Headers: accessToken=eyJhbGciOiJIUzI1NiIsInR5cCI6IkpXVCJ9.eyJzdWIiOiI2OTI5ZTJkZTkzNGQ4ZTA3OWU2ZjU1YjYiLCJ3b3JrRW1haWwiOiJlbmdlbXAxLndvcmtAZXhhbXBsZS5jb20iLCJyb2xlcyI6WyJkZXBhcnRtZW50IGVtcGxveWVlIl0sInBlcm1pc3Npb25zIjpbXSwicHJpbWFyeURlcGFydG1lbnRJZCI6IjY5Mjc1ZDhhZmMxMTg0YTNiM2U2YzU1ZiIsImVtcGxveWVlTnVtYmVyIjoiRU1QLTEwMjYiLCJpYXQiOjE3NjU5ODE5MTQsImV4cCI6MTc2NjA2ODMxNH0.c0ji4K28WyAz87GWpon91qDEIBzb_ZKUihpFYdwyQ-w
[2m[WebServer] [22m≡ƒöì JWT Extractor - accessToken: FOUND

[1A[2K[2m[WebServer] [22mJwtStrategy VALIDATE: {
[2m[WebServer] [22m  sub: [32m'6929e2de934d8e079e6f55b6'[39m,
[2m[WebServer] [22m  workEmail: [32m'engemp1.work@example.com'[39m,
[2m[WebServer] [22m  roles: [ [32m'department employee'[39m ],
[2m[WebServer] [22m  permissions: [],
[2m[WebServer] [22m  primaryDepartmentId: [32m'69275d8afc1184a3b3e6c55f'[39m,
[2m[WebServer] [22m  employeeNumber: [32m'EMP-1026'[39m,
[2m[WebServer] [22m  iat: [33m1765981914[39m,
[2m[WebServer] [22m  exp: [33m1766068314[39m
[2m[WebServer] [22m}

[1A[2K[2m[WebServer] [22m≡ƒöÑ JwtAuthGuard: handleRequest() {
[2m[WebServer] [22m  err: [1mnull[22m,
[2m[WebServer] [22m  user: {
[2m[WebServer] [22m    id: [32m'6929e2de934d8e079e6f55b6'[39m,
[2m[WebServer] [22m    workEmail: [32m'engemp1.work@example.com'[39m,
[2m[WebServer] [22m    roles: [ [32m'department employee'[39m ],
[2m[WebServer] [22m    permissions: [],
[2m[WebServer] [22m    primaryDepartmentId: [32m'69275d8afc1184a3b3e6c55f'[39m,
[2m[WebServer] [22m    employeeNumber: [32m'EMP-1026'[39m
[2m[WebServer] [22m  },
[2m[WebServer] [22m  info: [90mundefined[39m
[2m[WebServer] [22m}
[2m[WebServer] [22mΓ£à JwtAuthGuard SUCCESS ΓåÆ user authenticated: 6929e2de934d8e079e6f55b6

[1A[2K[2m[WebServer] [22m≡ƒöÑ RolesGuard running!
[2m[WebServer] [22m
[2m[WebServer] [22m===== ROLE GUARD =====
[2m[WebServer] [22mRequired roles: [
[2m[WebServer] [22m  [32m'department employee'[39m,
[2m[WebServer] [22m  [32m'HR Employee'[39m,
[2m[WebServer] [22m  [32m'department head'[39m,
[2m[WebServer] [22m  [32m'HR Manager'[39m,
[2m[WebServer] [22m  [32m'HR Admin'[39m,
[2m[WebServer] [22m  [32m'System Admin'[39m
[2m[WebServer] [22m]
[2m[WebServer] [22mUser object: {
[2m[WebServer] [22m  id: [32m'6929e2de934d8e079e6f55b6'[39m,
[2m[WebServer] [22m  workEmail: [32m'engemp1.work@example.com'[39m,
[2m[WebServer] [22m  roles: [ [32m'department employee'[39m ],
[2m[WebServer] [22m  permissions: [],
[2m[WebServer] [22m  primaryDepartmentId: [32m'69275d8afc1184a3b3e6c55f'[39m,
[2m[WebServer] [22m  employeeNumber: [32m'EMP-1026'[39m
[2m[WebServer] [22m}
[2m[WebServer] [22mNormalized user roles: [ [32m'department employee'[39m ]
[2m[WebServer] [22mNormalized required roles: [
[2m[WebServer] [22m  [32m'department employee'[39m,
[2m[WebServer] [22m  [32m'hr employee'[39m,
[2m[WebServer] [22m  [32m'department head'[39m,
[2m[WebServer] [22m  [32m'hr manager'[39m,
[2m[WebServer] [22m  [32m'hr admin'[39m,
[2m[WebServer] [22m  [32m'system admin'[39m
[2m[WebServer] [22m]
[2m[WebServer] [22mHas required role? [33mtrue[39m
[2m[WebServer] [22mΓ£ö ACCESS GRANTED Γ£ö
[2m[WebServer] [22m≡ƒöì [TrackingController] getMyBalances: {
[2m[WebServer] [22m  query: [Object: null prototype] {},
[2m[WebServer] [22m  userId: [32m'6929e2de934d8e079e6f55b6'[39m
[2m[WebServer] [22m}

[1A[2K[2m[WebServer] [22m≡ƒöÑ JwtAuthGuard: canActivate CALLED

[1A[2K[2m[WebServer] [22m≡ƒöì JWT Extractor - All cookies: {
[2m[WebServer] [22m  accessToken: [32m'eyJhbGciOiJIUzI1NiIsInR5cCI6IkpXVCJ9.eyJzdWIiOiI2OTI5ZTJkZTkzNGQ4ZTA3OWU2ZjU1YjYiLCJ3b3JrRW1haWwiOiJlbmdlbXAxLndvcmtAZXhhbXBsZS5jb20iLCJyb2xlcyI6WyJkZXBhcnRtZW50IGVtcGxveWVlIl0sInBlcm1pc3Npb25zIjpbXSwicHJpbWFyeURlcGFydG1lbnRJZCI6IjY5Mjc1ZDhhZmMxMTg0YTNiM2U2YzU1ZiIsImVtcGxveWVlTnVtYmVyIjoiRU1QLTEwMjYiLCJpYXQiOjE3NjU5ODE5MTQsImV4cCI6MTc2NjA2ODMxNH0.c0ji4K28WyAz87GWpon91qDEIBzb_ZKUihpFYdwyQ-w'[39m
[2m[WebServer] [22m}

[1A[2K[2m[WebServer] [22m≡ƒöì JWT Extractor - Headers: accessToken=eyJhbGciOiJIUzI1NiIsInR5cCI6IkpXVCJ9.eyJzdWIiOiI2OTI5ZTJkZTkzNGQ4ZTA3OWU2ZjU1YjYiLCJ3b3JrRW1haWwiOiJlbmdlbXAxLndvcmtAZXhhbXBsZS5jb20iLCJyb2xlcyI6WyJkZXBhcnRtZW50IGVtcGxveWVlIl0sInBlcm1pc3Npb25zIjpbXSwicHJpbWFyeURlcGFydG1lbnRJZCI6IjY5Mjc1ZDhhZmMxMTg0YTNiM2U2YzU1ZiIsImVtcGxveWVlTnVtYmVyIjoiRU1QLTEwMjYiLCJpYXQiOjE3NjU5ODE5MTQsImV4cCI6MTc2NjA2ODMxNH0.c0ji4K28WyAz87GWpon91qDEIBzb_ZKUihpFYdwyQ-w
[2m[WebServer] [22m≡ƒöì JWT Extractor - accessToken: FOUND

[1A[2K[2m[WebServer] [22mJwtStrategy VALIDATE: {
[2m[WebServer] [22m  sub: [32m'6929e2de934d8e079e6f55b6'[39m,
[2m[WebServer] [22m  workEmail: [32m'engemp1.work@example.com'[39m,
[2m[WebServer] [22m  roles: [ [32m'department employee'[39m ],
[2m[WebServer] [22m  permissions: [],
[2m[WebServer] [22m  primaryDepartmentId: [32m'69275d8afc1184a3b3e6c55f'[39m,
[2m[WebServer] [22m  employeeNumber: [32m'EMP-1026'[39m,
[2m[WebServer] [22m  iat: [33m1765981914[39m,
[2m[WebServer] [22m  exp: [33m1766068314[39m
[2m[WebServer] [22m}

[1A[2K[2m[WebServer] [22m≡ƒöÑ JwtAuthGuard: handleRequest() {
[2m[WebServer] [22m  err: [1mnull[22m,
[2m[WebServer] [22m  user: {
[2m[WebServer] [22m    id: [32m'6929e2de934d8e079e6f55b6'[39m,
[2m[WebServer] [22m    workEmail: [32m'engemp1.work@example.com'[39m,
[2m[WebServer] [22m    roles: [ [32m'department employee'[39m ],
[2m[WebServer] [22m    permissions: [],
[2m[WebServer] [22m    primaryDepartmentId: [32m'69275d8afc1184a3b3e6c55f'[39m,
[2m[WebServer] [22m    employeeNumber: [32m'EMP-1026'[39m
[2m[WebServer] [22m  },
[2m[WebServer] [22m  info: [90mundefined[39m
[2m[WebServer] [22m}
[2m[WebServer] [22mΓ£à JwtAuthGuard SUCCESS ΓåÆ user authenticated: 6929e2de934d8e079e6f55b6

[1A[2K[2m[WebServer] [22m≡ƒöÑ RolesGuard running!
[2m[WebServer] [22m
[2m[WebServer] [22m===== ROLE GUARD =====
[2m[WebServer] [22mRequired roles: [
[2m[WebServer] [22m  [32m'department employee'[39m,
[2m[WebServer] [22m  [32m'HR Employee'[39m,
[2m[WebServer] [22m  [32m'department head'[39m,
[2m[WebServer] [22m  [32m'HR Manager'[39m,
[2m[WebServer] [22m  [32m'HR Admin'[39m,
[2m[WebServer] [22m  [32m'System Admin'[39m
[2m[WebServer] [22m]

[1A[2K[2m[WebServer] [22mUser object: {
[2m[WebServer] [22m  id: [32m'6929e2de934d8e079e6f55b6'[39m,
[2m[WebServer] [22m  workEmail: [32m'engemp1.work@example.com'[39m,
[2m[WebServer] [22m  roles: [ [32m'department employee'[39m ],
[2m[WebServer] [22m  permissions: [],
[2m[WebServer] [22m  primaryDepartmentId: [32m'69275d8afc1184a3b3e6c55f'[39m,
[2m[WebServer] [22m  employeeNumber: [32m'EMP-1026'[39m
[2m[WebServer] [22m}
[2m[WebServer] [22mNormalized user roles: [ [32m'department employee'[39m ]

[1A[2K[2m[WebServer] [22mNormalized required roles: [
[2m[WebServer] [22m  [32m'department employee'[39m,
[2m[WebServer] [22m  [32m'hr employee'[39m,
[2m[WebServer] [22m  [32m'department head'[39m,
[2m[WebServer] [22m  [32m'hr manager'[39m,
[2m[WebServer] [22m  [32m'hr admin'[39m,
[2m[WebServer] [22m  [32m'system admin'[39m
[2m[WebServer] [22m]
[2m[WebServer] [22mHas required role? [33mtrue[39m
[2m[WebServer] [22mΓ£ö ACCESS GRANTED Γ£ö

[1A[2K[2m[WebServer] [22m≡ƒöì [TrackingController] getMyHistory: {
[2m[WebServer] [22m  filters: [Object: null prototype] {},
[2m[WebServer] [22m  userId: [32m'6929e2de934d8e079e6f55b6'[39m
[2m[WebServer] [22m}

[1A[2K[2m[WebServer] [22m GET /leaves/my-leaves [32m200[39m in 42ms[2m (compile: 3ms, render: 39ms)[22m

[1A[2K[2m[WebServer] [22m≡ƒöÑ JwtAuthGuard: canActivate CALLED

[1A[2K[2m[WebServer] [22m≡ƒöì JWT Extractor - All cookies: {
[2m[WebServer] [22m  accessToken: [32m'eyJhbGciOiJIUzI1NiIsInR5cCI6IkpXVCJ9.eyJzdWIiOiI2OTI5ZTJkZTkzNGQ4ZTA3OWU2ZjU1YjYiLCJ3b3JrRW1haWwiOiJlbmdlbXAxLndvcmtAZXhhbXBsZS5jb20iLCJyb2xlcyI6WyJkZXBhcnRtZW50IGVtcGxveWVlIl0sInBlcm1pc3Npb25zIjpbXSwicHJpbWFyeURlcGFydG1lbnRJZCI6IjY5Mjc1ZDhhZmMxMTg0YTNiM2U2YzU1ZiIsImVtcGxveWVlTnVtYmVyIjoiRU1QLTEwMjYiLCJpYXQiOjE3NjU5ODE5MTQsImV4cCI6MTc2NjA2ODMxNH0.c0ji4K28WyAz87GWpon91qDEIBzb_ZKUihpFYdwyQ-w'[39m
[2m[WebServer] [22m}
[2m[WebServer] [22m≡ƒöì JWT Extractor - Headers: accessToken=eyJhbGciOiJIUzI1NiIsInR5cCI6IkpXVCJ9.eyJzdWIiOiI2OTI5ZTJkZTkzNGQ4ZTA3OWU2ZjU1YjYiLCJ3b3JrRW1haWwiOiJlbmdlbXAxLndvcmtAZXhhbXBsZS5jb20iLCJyb2xlcyI6WyJkZXBhcnRtZW50IGVtcGxveWVlIl0sInBlcm1pc3Npb25zIjpbXSwicHJpbWFyeURlcGFydG1lbnRJZCI6IjY5Mjc1ZDhhZmMxMTg0YTNiM2U2YzU1ZiIsImVtcGxveWVlTnVtYmVyIjoiRU1QLTEwMjYiLCJpYXQiOjE3NjU5ODE5MTQsImV4cCI6MTc2NjA2ODMxNH0.c0ji4K28WyAz87GWpon91qDEIBzb_ZKUihpFYdwyQ-w

[1A[2K[2m[WebServer] [22m≡ƒöì JWT Extractor - accessToken: FOUND

[1A[2K[2m[WebServer] [22mJwtStrategy VALIDATE: {
[2m[WebServer] [22m  sub: [32m'6929e2de934d8e079e6f55b6'[39m,
[2m[WebServer] [22m  workEmail: [32m'engemp1.work@example.com'[39m,
[2m[WebServer] [22m  roles: [ [32m'department employee'[39m ],
[2m[WebServer] [22m  permissions: [],
[2m[WebServer] [22m  primaryDepartmentId: [32m'69275d8afc1184a3b3e6c55f'[39m,
[2m[WebServer] [22m  employeeNumber: [32m'EMP-1026'[39m,
[2m[WebServer] [22m  iat: [33m1765981914[39m,
[2m[WebServer] [22m  exp: [33m1766068314[39m
[2m[WebServer] [22m}

[1A[2K[2m[WebServer] [22m≡ƒöÑ JwtAuthGuard: handleRequest() {
[2m[WebServer] [22m  err: [1mnull[22m,
[2m[WebServer] [22m  user: {
[2m[WebServer] [22m    id: [32m'6929e2de934d8e079e6f55b6'[39m,
[2m[WebServer] [22m    workEmail: [32m'engemp1.work@example.com'[39m,
[2m[WebServer] [22m    roles: [ [32m'department employee'[39m ],
[2m[WebServer] [22m    permissions: [],
[2m[WebServer] [22m    primaryDepartmentId: [32m'69275d8afc1184a3b3e6c55f'[39m,
[2m[WebServer] [22m    employeeNumber: [32m'EMP-1026'[39m
[2m[WebServer] [22m  },
[2m[WebServer] [22m  info: [90mundefined[39m
[2m[WebServer] [22m}
[2m[WebServer] [22mΓ£à JwtAuthGuard SUCCESS ΓåÆ user authenticated: 6929e2de934d8e079e6f55b6

[1A[2K[2m[WebServer] [22m≡ƒöì [LeaveTypeController] findAll

[1A[2K[2m[WebServer] [22m≡ƒöÑ JwtAuthGuard: canActivate CALLED

[1A[2K[2m[WebServer] [22m≡ƒöì JWT Extractor - All cookies: {
[2m[WebServer] [22m  accessToken: [32m'eyJhbGciOiJIUzI1NiIsInR5cCI6IkpXVCJ9.eyJzdWIiOiI2OTI5ZTJkZTkzNGQ4ZTA3OWU2ZjU1YjYiLCJ3b3JrRW1haWwiOiJlbmdlbXAxLndvcmtAZXhhbXBsZS5jb20iLCJyb2xlcyI6WyJkZXBhcnRtZW50IGVtcGxveWVlIl0sInBlcm1pc3Npb25zIjpbXSwicHJpbWFyeURlcGFydG1lbnRJZCI6IjY5Mjc1ZDhhZmMxMTg0YTNiM2U2YzU1ZiIsImVtcGxveWVlTnVtYmVyIjoiRU1QLTEwMjYiLCJpYXQiOjE3NjU5ODE5MTQsImV4cCI6MTc2NjA2ODMxNH0.c0ji4K28WyAz87GWpon91qDEIBzb_ZKUihpFYdwyQ-w'[39m
[2m[WebServer] [22m}

[1A[2K[2m[WebServer] [22m≡ƒöì JWT Extractor - Headers: accessToken=eyJhbGciOiJIUzI1NiIsInR5cCI6IkpXVCJ9.eyJzdWIiOiI2OTI5ZTJkZTkzNGQ4ZTA3OWU2ZjU1YjYiLCJ3b3JrRW1haWwiOiJlbmdlbXAxLndvcmtAZXhhbXBsZS5jb20iLCJyb2xlcyI6WyJkZXBhcnRtZW50IGVtcGxveWVlIl0sInBlcm1pc3Npb25zIjpbXSwicHJpbWFyeURlcGFydG1lbnRJZCI6IjY5Mjc1ZDhhZmMxMTg0YTNiM2U2YzU1ZiIsImVtcGxveWVlTnVtYmVyIjoiRU1QLTEwMjYiLCJpYXQiOjE3NjU5ODE5MTQsImV4cCI6MTc2NjA2ODMxNH0.c0ji4K28WyAz87GWpon91qDEIBzb_ZKUihpFYdwyQ-w
[2m[WebServer] [22m≡ƒöì JWT Extractor - accessToken: FOUND

[1A[2K[2m[WebServer] [22mJwtStrategy VALIDATE: {
[2m[WebServer] [22m  sub: [32m'6929e2de934d8e079e6f55b6'[39m,
[2m[WebServer] [22m  workEmail: [32m'engemp1.work@example.com'[39m,
[2m[WebServer] [22m  roles: [ [32m'department employee'[39m ],
[2m[WebServer] [22m  permissions: [],
[2m[WebServer] [22m  primaryDepartmentId: [32m'69275d8afc1184a3b3e6c55f'[39m,
[2m[WebServer] [22m  employeeNumber: [32m'EMP-1026'[39m,
[2m[WebServer] [22m  iat: [33m1765981914[39m,
[2m[WebServer] [22m  exp: [33m1766068314[39m
[2m[WebServer] [22m}

[1A[2K[2m[WebServer] [22m≡ƒöÑ JwtAuthGuard: handleRequest() {
[2m[WebServer] [22m  err: [1mnull[22m,
[2m[WebServer] [22m  user: {
[2m[WebServer] [22m    id: [32m'6929e2de934d8e079e6f55b6'[39m,
[2m[WebServer] [22m    workEmail: [32m'engemp1.work@example.com'[39m,
[2m[WebServer] [22m    roles: [ [32m'department employee'[39m ],
[2m[WebServer] [22m    permissions: [],
[2m[WebServer] [22m    primaryDepartmentId: [32m'69275d8afc1184a3b3e6c55f'[39m,
[2m[WebServer] [22m    employeeNumber: [32m'EMP-1026'[39m
[2m[WebServer] [22m  },
[2m[WebServer] [22m  info: [90mundefined[39m
[2m[WebServer] [22m}
[2m[WebServer] [22mΓ£à JwtAuthGuard SUCCESS ΓåÆ user authenticated: 6929e2de934d8e079e6f55b6

[1A[2K[2m[WebServer] [22m≡ƒöÑ RolesGuard running!
[2m[WebServer] [22m
[2m[WebServer] [22m===== ROLE GUARD =====
[2m[WebServer] [22mRequired roles: [
[2m[WebServer] [22m  [32m'department employee'[39m,
[2m[WebServer] [22m  [32m'HR Employee'[39m,
[2m[WebServer] [22m  [32m'department head'[39m,
[2m[WebServer] [22m  [32m'HR Manager'[39m,
[2m[WebServer] [22m  [32m'HR Admin'[39m,
[2m[WebServer] [22m  [32m'System Admin'[39m
[2m[WebServer] [22m]

[1A[2K[2m[WebServer] [22mUser object: {
[2m[WebServer] [22m  id: [32m'6929e2de934d8e079e6f55b6'[39m,
[2m[WebServer] [22m  workEmail: [32m'engemp1.work@example.com'[39m,
[2m[WebServer] [22m  roles: [ [32m'department employee'[39m ],
[2m[WebServer] [22m  permissions: [],
[2m[WebServer] [22m  primaryDepartmentId: [32m'69275d8afc1184a3b3e6c55f'[39m,
[2m[WebServer] [22m  employeeNumber: [32m'EMP-1026'[39m
[2m[WebServer] [22m}
[2m[WebServer] [22mNormalized user roles: [ [32m'department employee'[39m ]

[1A[2K[2m[WebServer] [22mNormalized required roles: [
[2m[WebServer] [22m  [32m'department employee'[39m,
[2m[WebServer] [22m  [32m'hr employee'[39m,
[2m[WebServer] [22m  [32m'department head'[39m,
[2m[WebServer] [22m  [32m'hr manager'[39m,
[2m[WebServer] [22m  [32m'hr admin'[39m,
[2m[WebServer] [22m  [32m'system admin'[39m
[2m[WebServer] [22m]
[2m[WebServer] [22mHas required role? [33mtrue[39m
[2m[WebServer] [22mΓ£ö ACCESS GRANTED Γ£ö

[1A[2K[2m[WebServer] [22m≡ƒöì [TrackingController] getMyBalances: {
[2m[WebServer] [22m  query: [Object: null prototype] {},
[2m[WebServer] [22m  userId: [32m'6929e2de934d8e079e6f55b6'[39m
[2m[WebServer] [22m}

[1A[2K[2m[WebServer] [22m≡ƒöÑ JwtAuthGuard: canActivate CALLED

[1A[2K[2m[WebServer] [22m≡ƒöì JWT Extractor - All cookies: {
[2m[WebServer] [22m  accessToken: [32m'eyJhbGciOiJIUzI1NiIsInR5cCI6IkpXVCJ9.eyJzdWIiOiI2OTI5ZTJkZTkzNGQ4ZTA3OWU2ZjU1YjYiLCJ3b3JrRW1haWwiOiJlbmdlbXAxLndvcmtAZXhhbXBsZS5jb20iLCJyb2xlcyI6WyJkZXBhcnRtZW50IGVtcGxveWVlIl0sInBlcm1pc3Npb25zIjpbXSwicHJpbWFyeURlcGFydG1lbnRJZCI6IjY5Mjc1ZDhhZmMxMTg0YTNiM2U2YzU1ZiIsImVtcGxveWVlTnVtYmVyIjoiRU1QLTEwMjYiLCJpYXQiOjE3NjU5ODE5MTQsImV4cCI6MTc2NjA2ODMxNH0.c0ji4K28WyAz87GWpon91qDEIBzb_ZKUihpFYdwyQ-w'[39m
[2m[WebServer] [22m}

[1A[2K[2m[WebServer] [22m≡ƒöì JWT Extractor - Headers: accessToken=eyJhbGciOiJIUzI1NiIsInR5cCI6IkpXVCJ9.eyJzdWIiOiI2OTI5ZTJkZTkzNGQ4ZTA3OWU2ZjU1YjYiLCJ3b3JrRW1haWwiOiJlbmdlbXAxLndvcmtAZXhhbXBsZS5jb20iLCJyb2xlcyI6WyJkZXBhcnRtZW50IGVtcGxveWVlIl0sInBlcm1pc3Npb25zIjpbXSwicHJpbWFyeURlcGFydG1lbnRJZCI6IjY5Mjc1ZDhhZmMxMTg0YTNiM2U2YzU1ZiIsImVtcGxveWVlTnVtYmVyIjoiRU1QLTEwMjYiLCJpYXQiOjE3NjU5ODE5MTQsImV4cCI6MTc2NjA2ODMxNH0.c0ji4K28WyAz87GWpon91qDEIBzb_ZKUihpFYdwyQ-w
[2m[WebServer] [22m≡ƒöì JWT Extractor - accessToken: FOUND

[1A[2K[2m[WebServer] [22mJwtStrategy VALIDATE: {
[2m[WebServer] [22m  sub: [32m'6929e2de934d8e079e6f55b6'[39m,
[2m[WebServer] [22m  workEmail: [32m'engemp1.work@example.com'[39m,
[2m[WebServer] [22m  roles: [ [32m'department employee'[39m ],
[2m[WebServer] [22m  permissions: [],
[2m[WebServer] [22m  primaryDepartmentId: [32m'69275d8afc1184a3b3e6c55f'[39m,
[2m[WebServer] [22m  employeeNumber: [32m'EMP-1026'[39m,
[2m[WebServer] [22m  iat: [33m1765981914[39m,
[2m[WebServer] [22m  exp: [33m1766068314[39m
[2m[WebServer] [22m}

[1A[2K[2m[WebServer] [22m≡ƒöÑ JwtAuthGuard: handleRequest() {
[2m[WebServer] [22m  err: [1mnull[22m,
[2m[WebServer] [22m  user: {
[2m[WebServer] [22m    id: [32m'6929e2de934d8e079e6f55b6'[39m,
[2m[WebServer] [22m    workEmail: [32m'engemp1.work@example.com'[39m,
[2m[WebServer] [22m    roles: [ [32m'department employee'[39m ],
[2m[WebServer] [22m    permissions: [],
[2m[WebServer] [22m    primaryDepartmentId: [32m'69275d8afc1184a3b3e6c55f'[39m,
[2m[WebServer] [22m    employeeNumber: [32m'EMP-1026'[39m
[2m[WebServer] [22m  },
[2m[WebServer] [22m  info: [90mundefined[39m
[2m[WebServer] [22m}

[1A[2K[2m[WebServer] [22mΓ£à JwtAuthGuard SUCCESS ΓåÆ user authenticated: 6929e2de934d8e079e6f55b6
[2m[WebServer] [22m≡ƒöÑ RolesGuard running!
[2m[WebServer] [22m
[2m[WebServer] [22m===== ROLE GUARD =====

[1A[2K[2m[WebServer] [22mRequired roles: [
[2m[WebServer] [22m  [32m'department employee'[39m,
[2m[WebServer] [22m  [32m'HR Employee'[39m,
[2m[WebServer] [22m  [32m'department head'[39m,
[2m[WebServer] [22m  [32m'HR Manager'[39m,
[2m[WebServer] [22m  [32m'HR Admin'[39m,
[2m[WebServer] [22m  [32m'System Admin'[39m
[2m[WebServer] [22m]

[1A[2K[2m[WebServer] [22mUser object: {
[2m[WebServer] [22m  id: [32m'6929e2de934d8e079e6f55b6'[39m,
[2m[WebServer] [22m  workEmail: [32m'engemp1.work@example.com'[39m,
[2m[WebServer] [22m  roles: [ [32m'department employee'[39m ],
[2m[WebServer] [22m  permissions: [],
[2m[WebServer] [22m  primaryDepartmentId: [32m'69275d8afc1184a3b3e6c55f'[39m,
[2m[WebServer] [22m  employeeNumber: [32m'EMP-1026'[39m
[2m[WebServer] [22m}
[2m[WebServer] [22mNormalized user roles: [ [32m'department employee'[39m ]

[1A[2K[2m[WebServer] [22mNormalized required roles: [
[2m[WebServer] [22m  [32m'department employee'[39m,
[2m[WebServer] [22m  [32m'hr employee'[39m,
[2m[WebServer] [22m  [32m'department head'[39m,
[2m[WebServer] [22m  [32m'hr manager'[39m,
[2m[WebServer] [22m  [32m'hr admin'[39m,
[2m[WebServer] [22m  [32m'system admin'[39m
[2m[WebServer] [22m]
[2m[WebServer] [22mHas required role? [33mtrue[39m
[2m[WebServer] [22mΓ£ö ACCESS GRANTED Γ£ö

[1A[2K[2m[WebServer] [22m≡ƒöì [RequestsController] getMyRequests: { userId: [90mundefined[39m }

[1A[2K[2m[WebServer] [22m≡ƒöÑ JwtAuthGuard: canActivate CALLED

[1A[2K[2m[WebServer] [22m≡ƒöì JWT Extractor - All cookies: {
[2m[WebServer] [22m  accessToken: [32m'eyJhbGciOiJIUzI1NiIsInR5cCI6IkpXVCJ9.eyJzdWIiOiI2OTI5ZTJkZTkzNGQ4ZTA3OWU2ZjU1YjYiLCJ3b3JrRW1haWwiOiJlbmdlbXAxLndvcmtAZXhhbXBsZS5jb20iLCJyb2xlcyI6WyJkZXBhcnRtZW50IGVtcGxveWVlIl0sInBlcm1pc3Npb25zIjpbXSwicHJpbWFyeURlcGFydG1lbnRJZCI6IjY5Mjc1ZDhhZmMxMTg0YTNiM2U2YzU1ZiIsImVtcGxveWVlTnVtYmVyIjoiRU1QLTEwMjYiLCJpYXQiOjE3NjU5ODE5MTQsImV4cCI6MTc2NjA2ODMxNH0.c0ji4K28WyAz87GWpon91qDEIBzb_ZKUihpFYdwyQ-w'[39m
[2m[WebServer] [22m}
[2m[WebServer] [22m≡ƒöì JWT Extractor - Headers: accessToken=eyJhbGciOiJIUzI1NiIsInR5cCI6IkpXVCJ9.eyJzdWIiOiI2OTI5ZTJkZTkzNGQ4ZTA3OWU2ZjU1YjYiLCJ3b3JrRW1haWwiOiJlbmdlbXAxLndvcmtAZXhhbXBsZS5jb20iLCJyb2xlcyI6WyJkZXBhcnRtZW50IGVtcGxveWVlIl0sInBlcm1pc3Npb25zIjpbXSwicHJpbWFyeURlcGFydG1lbnRJZCI6IjY5Mjc1ZDhhZmMxMTg0YTNiM2U2YzU1ZiIsImVtcGxveWVlTnVtYmVyIjoiRU1QLTEwMjYiLCJpYXQiOjE3NjU5ODE5MTQsImV4cCI6MTc2NjA2ODMxNH0.c0ji4K28WyAz87GWpon91qDEIBzb_ZKUihpFYdwyQ-w

[1A[2K[2m[WebServer] [22m≡ƒöì JWT Extractor - accessToken: FOUND

[1A[2K[2m[WebServer] [22mJwtStrategy VALIDATE: {
[2m[WebServer] [22m  sub: [32m'6929e2de934d8e079e6f55b6'[39m,
[2m[WebServer] [22m  workEmail: [32m'engemp1.work@example.com'[39m,
[2m[WebServer] [22m  roles: [ [32m'department employee'[39m ],
[2m[WebServer] [22m  permissions: [],
[2m[WebServer] [22m  primaryDepartmentId: [32m'69275d8afc1184a3b3e6c55f'[39m,
[2m[WebServer] [22m  employeeNumber: [32m'EMP-1026'[39m,
[2m[WebServer] [22m  iat: [33m1765981914[39m,
[2m[WebServer] [22m  exp: [33m1766068314[39m
[2m[WebServer] [22m}

[1A[2K[2m[WebServer] [22m≡ƒöÑ JwtAuthGuard: handleRequest() {
[2m[WebServer] [22m  err: [1mnull[22m,
[2m[WebServer] [22m  user: {
[2m[WebServer] [22m    id: [32m'6929e2de934d8e079e6f55b6'[39m,
[2m[WebServer] [22m    workEmail: [32m'engemp1.work@example.com'[39m,
[2m[WebServer] [22m    roles: [ [32m'department employee'[39m ],
[2m[WebServer] [22m    permissions: [],
[2m[WebServer] [22m    primaryDepartmentId: [32m'69275d8afc1184a3b3e6c55f'[39m,
[2m[WebServer] [22m    employeeNumber: [32m'EMP-1026'[39m
[2m[WebServer] [22m  },
[2m[WebServer] [22m  info: [90mundefined[39m
[2m[WebServer] [22m}

[1A[2K[2m[WebServer] [22mΓ£à JwtAuthGuard SUCCESS ΓåÆ user authenticated: 6929e2de934d8e079e6f55b6
[2m[WebServer] [22m≡ƒöÑ RolesGuard running!
[2m[WebServer] [22m
[2m[WebServer] [22m===== ROLE GUARD =====
[2m[WebServer] [22mRequired roles: [
[2m[WebServer] [22m  [32m'department employee'[39m,
[2m[WebServer] [22m  [32m'HR Employee'[39m,
[2m[WebServer] [22m  [32m'department head'[39m,
[2m[WebServer] [22m  [32m'HR Manager'[39m,
[2m[WebServer] [22m  [32m'HR Admin'[39m,
[2m[WebServer] [22m  [32m'System Admin'[39m
[2m[WebServer] [22m]

[1A[2K[2m[WebServer] [22mUser object: {
[2m[WebServer] [22m  id: [32m'6929e2de934d8e079e6f55b6'[39m,
[2m[WebServer] [22m  workEmail: [32m'engemp1.work@example.com'[39m,
[2m[WebServer] [22m  roles: [ [32m'department employee'[39m ],
[2m[WebServer] [22m  permissions: [],
[2m[WebServer] [22m  primaryDepartmentId: [32m'69275d8afc1184a3b3e6c55f'[39m,
[2m[WebServer] [22m  employeeNumber: [32m'EMP-1026'[39m
[2m[WebServer] [22m}
[2m[WebServer] [22mNormalized user roles: [ [32m'department employee'[39m ]
[2m[WebServer] [22mNormalized required roles: [
[2m[WebServer] [22m  [32m'department employee'[39m,
[2m[WebServer] [22m  [32m'hr employee'[39m,
[2m[WebServer] [22m  [32m'department head'[39m,
[2m[WebServer] [22m  [32m'hr manager'[39m,
[2m[WebServer] [22m  [32m'hr admin'[39m,
[2m[WebServer] [22m  [32m'system admin'[39m
[2m[WebServer] [22m]

[1A[2K[2m[WebServer] [22mHas required role? [33mtrue[39m
[2m[WebServer] [22mΓ£ö ACCESS GRANTED Γ£ö

[1A[2K[2m[WebServer] [22m≡ƒöì [CalendarsController] calculateWorkingDays: { from: [32m'2026-03-07'[39m, to: [32m'2026-04-05'[39m }

[1A[2K[2m[WebServer] [22m≡ƒöÑ JwtAuthGuard: canActivate CALLED

[1A[2K[2m[WebServer] [22m≡ƒöì JWT Extractor - All cookies: {
[2m[WebServer] [22m  accessToken: [32m'eyJhbGciOiJIUzI1NiIsInR5cCI6IkpXVCJ9.eyJzdWIiOiI2OTI5ZTJkZTkzNGQ4ZTA3OWU2ZjU1YjYiLCJ3b3JrRW1haWwiOiJlbmdlbXAxLndvcmtAZXhhbXBsZS5jb20iLCJyb2xlcyI6WyJkZXBhcnRtZW50IGVtcGxveWVlIl0sInBlcm1pc3Npb25zIjpbXSwicHJpbWFyeURlcGFydG1lbnRJZCI6IjY5Mjc1ZDhhZmMxMTg0YTNiM2U2YzU1ZiIsImVtcGxveWVlTnVtYmVyIjoiRU1QLTEwMjYiLCJpYXQiOjE3NjU5ODE5MTQsImV4cCI6MTc2NjA2ODMxNH0.c0ji4K28WyAz87GWpon91qDEIBzb_ZKUihpFYdwyQ-w'[39m
[2m[WebServer] [22m}

[1A[2K[2m[WebServer] [22m≡ƒöì JWT Extractor - Headers: accessToken=eyJhbGciOiJIUzI1NiIsInR5cCI6IkpXVCJ9.eyJzdWIiOiI2OTI5ZTJkZTkzNGQ4ZTA3OWU2ZjU1YjYiLCJ3b3JrRW1haWwiOiJlbmdlbXAxLndvcmtAZXhhbXBsZS5jb20iLCJyb2xlcyI6WyJkZXBhcnRtZW50IGVtcGxveWVlIl0sInBlcm1pc3Npb25zIjpbXSwicHJpbWFyeURlcGFydG1lbnRJZCI6IjY5Mjc1ZDhhZmMxMTg0YTNiM2U2YzU1ZiIsImVtcGxveWVlTnVtYmVyIjoiRU1QLTEwMjYiLCJpYXQiOjE3NjU5ODE5MTQsImV4cCI6MTc2NjA2ODMxNH0.c0ji4K28WyAz87GWpon91qDEIBzb_ZKUihpFYdwyQ-w
[2m[WebServer] [22m≡ƒöì JWT Extractor - accessToken: FOUND

[1A[2K[2m[WebServer] [22mJwtStrategy VALIDATE: {
[2m[WebServer] [22m  sub: [32m'6929e2de934d8e079e6f55b6'[39m,
[2m[WebServer] [22m  workEmail: [32m'engemp1.work@example.com'[39m,
[2m[WebServer] [22m  roles: [ [32m'department employee'[39m ],
[2m[WebServer] [22m  permissions: [],
[2m[WebServer] [22m  primaryDepartmentId: [32m'69275d8afc1184a3b3e6c55f'[39m,
[2m[WebServer] [22m  employeeNumber: [32m'EMP-1026'[39m,
[2m[WebServer] [22m  iat: [33m1765981914[39m,
[2m[WebServer] [22m  exp: [33m1766068314[39m
[2m[WebServer] [22m}

[1A[2K[2m[WebServer] [22m≡ƒöÑ JwtAuthGuard: handleRequest() {
[2m[WebServer] [22m  err: [1mnull[22m,
[2m[WebServer] [22m  user: {
[2m[WebServer] [22m    id: [32m'6929e2de934d8e079e6f55b6'[39m,
[2m[WebServer] [22m    workEmail: [32m'engemp1.work@example.com'[39m,
[2m[WebServer] [22m    roles: [ [32m'department employee'[39m ],
[2m[WebServer] [22m    permissions: [],
[2m[WebServer] [22m    primaryDepartmentId: [32m'69275d8afc1184a3b3e6c55f'[39m,
[2m[WebServer] [22m    employeeNumber: [32m'EMP-1026'[39m
[2m[WebServer] [22m  },
[2m[WebServer] [22m  info: [90mundefined[39m
[2m[WebServer] [22m}
[2m[WebServer] [22mΓ£à JwtAuthGuard SUCCESS ΓåÆ user authenticated: 6929e2de934d8e079e6f55b6
[2m[WebServer] [22m≡ƒöÑ RolesGuard running!
[2m[WebServer] [22m
[2m[WebServer] [22m===== ROLE GUARD =====

[1A[2K[2m[WebServer] [22mRequired roles: [
[2m[WebServer] [22m  [32m'department employee'[39m,
[2m[WebServer] [22m  [32m'HR Employee'[39m,
[2m[WebServer] [22m  [32m'department head'[39m,
[2m[WebServer] [22m  [32m'HR Manager'[39m,
[2m[WebServer] [22m  [32m'HR Admin'[39m,
[2m[WebServer] [22m  [32m'System Admin'[39m
[2m[WebServer] [22m]
[2m[WebServer] [22mUser object: {
[2m[WebServer] [22m  id: [32m'6929e2de934d8e079e6f55b6'[39m,
[2m[WebServer] [22m  workEmail: [32m'engemp1.work@example.com'[39m,
[2m[WebServer] [22m  roles: [ [32m'department employee'[39m ],
[2m[WebServer] [22m  permissions: [],
[2m[WebServer] [22m  primaryDepartmentId: [32m'69275d8afc1184a3b3e6c55f'[39m,
[2m[WebServer] [22m  employeeNumber: [32m'EMP-1026'[39m
[2m[WebServer] [22m}
[2m[WebServer] [22mNormalized user roles: [ [32m'department employee'[39m ]

[1A[2K[2m[WebServer] [22mNormalized required roles: [
[2m[WebServer] [22m  [32m'department employee'[39m,
[2m[WebServer] [22m  [32m'hr employee'[39m,
[2m[WebServer] [22m  [32m'department head'[39m,
[2m[WebServer] [22m  [32m'hr manager'[39m,
[2m[WebServer] [22m  [32m'hr admin'[39m,
[2m[WebServer] [22m  [32m'system admin'[39m
[2m[WebServer] [22m]
[2m[WebServer] [22mHas required role? [33mtrue[39m
[2m[WebServer] [22mΓ£ö ACCESS GRANTED Γ£ö

[1A[2K[2m[WebServer] [22m≡ƒöì [CalendarsController] checkBlockedPeriods: { from: [32m'2026-03-07'[39m, to: [32m'2026-04-05'[39m }

[1A[2K[2m[WebServer] [22m≡ƒöÑ JwtAuthGuard: canActivate CALLED

[1A[2K[2m[WebServer] [22m≡ƒöì JWT Extractor - All cookies: {
[2m[WebServer] [22m  accessToken: [32m'eyJhbGciOiJIUzI1NiIsInR5cCI6IkpXVCJ9.eyJzdWIiOiI2OTI5ZTJkZTkzNGQ4ZTA3OWU2ZjU1YjYiLCJ3b3JrRW1haWwiOiJlbmdlbXAxLndvcmtAZXhhbXBsZS5jb20iLCJyb2xlcyI6WyJkZXBhcnRtZW50IGVtcGxveWVlIl0sInBlcm1pc3Npb25zIjpbXSwicHJpbWFyeURlcGFydG1lbnRJZCI6IjY5Mjc1ZDhhZmMxMTg0YTNiM2U2YzU1ZiIsImVtcGxveWVlTnVtYmVyIjoiRU1QLTEwMjYiLCJpYXQiOjE3NjU5ODE5MTQsImV4cCI6MTc2NjA2ODMxNH0.c0ji4K28WyAz87GWpon91qDEIBzb_ZKUihpFYdwyQ-w'[39m
[2m[WebServer] [22m}
[2m[WebServer] [22m≡ƒöì JWT Extractor - Headers: accessToken=eyJhbGciOiJIUzI1NiIsInR5cCI6IkpXVCJ9.eyJzdWIiOiI2OTI5ZTJkZTkzNGQ4ZTA3OWU2ZjU1YjYiLCJ3b3JrRW1haWwiOiJlbmdlbXAxLndvcmtAZXhhbXBsZS5jb20iLCJyb2xlcyI6WyJkZXBhcnRtZW50IGVtcGxveWVlIl0sInBlcm1pc3Npb25zIjpbXSwicHJpbWFyeURlcGFydG1lbnRJZCI6IjY5Mjc1ZDhhZmMxMTg0YTNiM2U2YzU1ZiIsImVtcGxveWVlTnVtYmVyIjoiRU1QLTEwMjYiLCJpYXQiOjE3NjU5ODE5MTQsImV4cCI6MTc2NjA2ODMxNH0.c0ji4K28WyAz87GWpon91qDEIBzb_ZKUihpFYdwyQ-w
[2m[WebServer] [22m≡ƒöì JWT Extractor - accessToken: FOUND

[1A[2K[2m[WebServer] [22mJwtStrategy VALIDATE: {
[2m[WebServer] [22m  sub: [32m'6929e2de934d8e079e6f55b6'[39m,
[2m[WebServer] [22m  workEmail: [32m'engemp1.work@example.com'[39m,
[2m[WebServer] [22m  roles: [ [32m'department employee'[39m ],
[2m[WebServer] [22m  permissions: [],
[2m[WebServer] [22m  primaryDepartmentId: [32m'69275d8afc1184a3b3e6c55f'[39m,
[2m[WebServer] [22m  employeeNumber: [32m'EMP-1026'[39m,
[2m[WebServer] [22m  iat: [33m1765981914[39m,
[2m[WebServer] [22m  exp: [33m1766068314[39m
[2m[WebServer] [22m}

[1A[2K[2m[WebServer] [22m≡ƒöÑ JwtAuthGuard: handleRequest() {
[2m[WebServer] [22m  err: [1mnull[22m,
[2m[WebServer] [22m  user: {
[2m[WebServer] [22m    id: [32m'6929e2de934d8e079e6f55b6'[39m,
[2m[WebServer] [22m    workEmail: [32m'engemp1.work@example.com'[39m,
[2m[WebServer] [22m    roles: [ [32m'department employee'[39m ],
[2m[WebServer] [22m    permissions: [],
[2m[WebServer] [22m    primaryDepartmentId: [32m'69275d8afc1184a3b3e6c55f'[39m,
[2m[WebServer] [22m    employeeNumber: [32m'EMP-1026'[39m
[2m[WebServer] [22m  },
[2m[WebServer] [22m  info: [90mundefined[39m
[2m[WebServer] [22m}
[2m[WebServer] [22mΓ£à JwtAuthGuard SUCCESS ΓåÆ user authenticated: 6929e2de934d8e079e6f55b6
[2m[WebServer] [22m≡ƒöÑ RolesGuard running!
[2m[WebServer] [22m
[2m[WebServer] [22m===== ROLE GUARD =====
[2m[WebServer] [22mRequired roles: [
[2m[WebServer] [22m  [32m'department employee'[39m,
[2m[WebServer] [22m  [32m'HR Employee'[39m,
[2m[WebServer] [22m  [32m'department head'[39m,
[2m[WebServer] [22m  [32m'HR Manager'[39m,
[2m[WebServer] [22m  [32m'HR Admin'[39m,
[2m[WebServer] [22m  [32m'System Admin'[39m
[2m[WebServer] [22m]

[1A[2K[2m[WebServer] [22mUser object: {
[2m[WebServer] [22m  id: [32m'6929e2de934d8e079e6f55b6'[39m,
[2m[WebServer] [22m  workEmail: [32m'engemp1.work@example.com'[39m,
[2m[WebServer] [22m  roles: [ [32m'department employee'[39m ],
[2m[WebServer] [22m  permissions: [],
[2m[WebServer] [22m  primaryDepartmentId: [32m'69275d8afc1184a3b3e6c55f'[39m,
[2m[WebServer] [22m  employeeNumber: [32m'EMP-1026'[39m
[2m[WebServer] [22m}
[2m[WebServer] [22mNormalized user roles: [ [32m'department employee'[39m ]
[2m[WebServer] [22mNormalized required roles: [
[2m[WebServer] [22m  [32m'department employee'[39m,
[2m[WebServer] [22m  [32m'hr employee'[39m,
[2m[WebServer] [22m  [32m'department head'[39m,
[2m[WebServer] [22m  [32m'hr manager'[39m,
[2m[WebServer] [22m  [32m'hr admin'[39m,
[2m[WebServer] [22m  [32m'system admin'[39m
[2m[WebServer] [22m]
[2m[WebServer] [22mHas required role? [33mtrue[39m
[2m[WebServer] [22mΓ£ö ACCESS GRANTED Γ£ö

[1A[2K[2m[WebServer] [22m≡ƒöì [RequestsController] checkOverlap: { from: [32m'2026-03-07'[39m, to: [32m'2026-04-05'[39m, excludeId: [90mundefined[39m }

[1A[2KΓ£à Maximum duration check passed

[1A[2K[9/35] [chromium] ΓÇ║ leave-tests.spec.ts:405:7 ΓÇ║ ≡ƒºæ EMPLOYEE 1 (EMP-1026 - Engineering) - All Scenarios ΓÇ║ Γ£à D3: Minimum notice check (BR-38)
[1A[2K[chromium] ΓÇ║ leave-tests.spec.ts:405:7 ΓÇ║ ≡ƒºæ EMPLOYEE 1 (EMP-1026 - Engineering) - All Scenarios ΓÇ║ Γ£à D3: Minimum notice check (BR-38)
≡ƒöÉ Logging in as: engemp1.work@example.com

[1A[2K[2m[WebServer] [22m GET /login [32m200[39m in 34ms[2m (compile: 2ms, render: 32ms)[22m

[1A[2K[2m[WebServer] [22m≡ƒöÑ JwtAuthGuard: canActivate CALLED

[1A[2K[2m[WebServer] [22m≡ƒöì JWT Extractor - All cookies: [Object: null prototype] {}
[2m[WebServer] [22m≡ƒöì JWT Extractor - Headers: [90mundefined[39m
[2m[WebServer] [22m≡ƒöì JWT Extractor - accessToken: NOT FOUND

[1A[2K[2m[WebServer] [22m≡ƒöÑ JwtAuthGuard: handleRequest() {
[2m[WebServer] [22m  err: [1mnull[22m,
[2m[WebServer] [22m  user: [33mfalse[39m,
[2m[WebServer] [22m  info: Error: No auth token
[2m[WebServer] [22m      at JwtStrategy.authenticate [90m(C:\Users\Bedon\Desktop\semester-5-software-project\backend\[39mnode_modules\[4mpassport-jwt[24m\lib\strategy.js:96:26[90m)[39m
[2m[WebServer] [22m      at attempt [90m(C:\Users\Bedon\Desktop\semester-5-software-project\backend\[39mnode_modules\[4mpassport[24m\lib\middleware\authenticate.js:378:16[90m)[39m
[2m[WebServer] [22m      at authenticate [90m(C:\Users\Bedon\Desktop\semester-5-software-project\backend\[39mnode_modules\[4mpassport[24m\lib\middleware\authenticate.js:379:7[90m)[39m
[2m[WebServer] [22m      at [90mC:\Users\Bedon\Desktop\semester-5-software-project\backend\[39mnode_modules\[4m@nestjs[24m\passport\dist\auth.guard.js:88:3
[2m[WebServer] [22m      at new Promise (<anonymous>)
[2m[WebServer] [22m      at [90mC:\Users\Bedon\Desktop\semester-5-software-project\backend\[39mnode_modules\[4m@nestjs[24m\passport\dist\auth.guard.js:80:83
[2m[WebServer] [22m      at JwtAuthGuard.canActivate [90m(C:\Users\Bedon\Desktop\semester-5-software-project\backend\[39mnode_modules\[4m@nestjs[24m\passport\dist\auth.guard.js:44:32[90m)[39m
[2m[WebServer] [22m  [90m    at process.processTicksAndRejections (node:internal/process/task_queues:105:5)[39m
[2m[WebServer] [22m}

[1A[2K[2m[WebServer] [22mΓ¥î JwtAuthGuard INFO: Error: No auth token

[2m[WebServer] [22m    at JwtStrategy.authenticate 
[90m(C:\Users\Bedon\Desktop\semester-5-software-project\backend\[39mnode_modules\[4mpassport-jwt[24m\lib\strategy.js:96:26[90m)[39m
[2m[WebServer] [22m    at attempt 
[90m(C:\Users\Bedon\Desktop\semester-5-software-project\backend\[39mnode_modules\[4mpassport[24m\lib\middleware\authenticate.js:378:16[90m)[39m
[2m[WebServer] [22m    at authenticate 
[90m(C:\Users\Bedon\Desktop\semester-5-software-project\backend\[39mnode_modules\[4mpassport[24m\lib\middleware\authenticate.js:379:7[90m)[39m
[2m[WebServer] [22m    at [90mC:\Users\Bedon\Desktop\semester-5-software-project\backend\[39mnode_modules\[4m@nestjs[24m\passport\dist\auth.guard.js:88:3
[2m[WebServer] [22m    at new Promise (<anonymous>)
[2m[WebServer] [22m    at 
[90mC:\Users\Bedon\Desktop\semester-5-software-project\backend\[39mnode_modules\[4m@nestjs[24m\passport\dist\auth.guard.js:80:83
[2m[WebServer] [22m    at JwtAuthGuard.canActivate 
[90m(C:\Users\Bedon\Desktop\semester-5-software-project\backend\[39mnode_modules\[4m@nestjs[24m\passport\dist\auth.guard.js:44:32[90m)[39m
[2m[WebServer] [22m[90m    at process.processTicksAndRejections (node:internal/process/task_queues:105:5)[39m
[1A[2K[2m[WebServer] [22mΓ¥î JwtAuthGuard FAILING ΓåÆ No auth token

[1A[2K[2m[WebServer] [22mVALIDATE EMPLOYEE - systemRole = {
[2m[WebServer] [22m  _id: new ObjectId([32m'6929e2de934d8e079e6f55b8'[39m),
[2m[WebServer] [22m  employeeProfileId: new ObjectId([32m'6929e2de934d8e079e6f55b6'[39m),
[2m[WebServer] [22m  roles: [ [32m'department employee'[39m ],
[2m[WebServer] [22m  permissions: [],
[2m[WebServer] [22m  isActive: [33mtrue[39m,
[2m[WebServer] [22m  createdAt: [35m2025-11-28T17:58:54.894Z[39m,
[2m[WebServer] [22m  updatedAt: [35m2025-11-28T17:58:54.894Z[39m,
[2m[WebServer] [22m  __v: [33m0[39m
[2m[WebServer] [22m}

[1A[2K[2m[WebServer] [22mGenerated token: eyJhbGciOiJIUzI1NiIsInR5cCI6IkpXVCJ9.eyJzdWIiOiI2OTI5ZTJkZTkzNGQ4ZTA3OWU2ZjU1YjYiLCJ3b3JrRW1haWwiOiJlbmdlbXAxLndvcmtAZXhhbXBsZS5jb20iLCJyb2xlcyI6WyJkZXBhcnRtZW50IGVtcGxveWVlIl0sInBlcm1pc3Npb25zIjpbXSwicHJpbWFyeURlcGFydG1lbnRJZCI6IjY5Mjc1ZDhhZmMxMTg0YTNiM2U2YzU1ZiIsImVtcGxveWVlTnVtYmVyIjoiRU1QLTEwMjYiLCJpYXQiOjE3NjU5ODE5MjAsImV4cCI6MTc2NjA2ODMyMH0.SluoK5ScOcO6xqXAH6HcJ0mLfSbvw-_QNberHFN-gsY

[1A[2K[2m[WebServer] [22m GET /leaves [32m200[39m in 18ms[2m (compile: 3ms, render: 15ms)[22m

[1A[2KΓ£à Login successful

[1A[2KΓÜá∩╕Å Testing Minimum Notice Check

[1A[2K[2m[WebServer] [22m≡ƒöÑ JwtAuthGuard: canActivate CALLED

[1A[2K[2m[WebServer] [22m≡ƒöì JWT Extractor - All cookies: {
[2m[WebServer] [22m  accessToken: [32m'eyJhbGciOiJIUzI1NiIsInR5cCI6IkpXVCJ9.eyJzdWIiOiI2OTI5ZTJkZTkzNGQ4ZTA3OWU2ZjU1YjYiLCJ3b3JrRW1haWwiOiJlbmdlbXAxLndvcmtAZXhhbXBsZS5jb20iLCJyb2xlcyI6WyJkZXBhcnRtZW50IGVtcGxveWVlIl0sInBlcm1pc3Npb25zIjpbXSwicHJpbWFyeURlcGFydG1lbnRJZCI6IjY5Mjc1ZDhhZmMxMTg0YTNiM2U2YzU1ZiIsImVtcGxveWVlTnVtYmVyIjoiRU1QLTEwMjYiLCJpYXQiOjE3NjU5ODE5MjAsImV4cCI6MTc2NjA2ODMyMH0.SluoK5ScOcO6xqXAH6HcJ0mLfSbvw-_QNberHFN-gsY'[39m
[2m[WebServer] [22m}
[2m[WebServer] [22m≡ƒöì JWT Extractor - Headers: accessToken=eyJhbGciOiJIUzI1NiIsInR5cCI6IkpXVCJ9.eyJzdWIiOiI2OTI5ZTJkZTkzNGQ4ZTA3OWU2ZjU1YjYiLCJ3b3JrRW1haWwiOiJlbmdlbXAxLndvcmtAZXhhbXBsZS5jb20iLCJyb2xlcyI6WyJkZXBhcnRtZW50IGVtcGxveWVlIl0sInBlcm1pc3Npb25zIjpbXSwicHJpbWFyeURlcGFydG1lbnRJZCI6IjY5Mjc1ZDhhZmMxMTg0YTNiM2U2YzU1ZiIsImVtcGxveWVlTnVtYmVyIjoiRU1QLTEwMjYiLCJpYXQiOjE3NjU5ODE5MjAsImV4cCI6MTc2NjA2ODMyMH0.SluoK5ScOcO6xqXAH6HcJ0mLfSbvw-_QNberHFN-gsY

[1A[2K[2m[WebServer] [22m≡ƒöì JWT Extractor - accessToken: FOUND

[1A[2K[2m[WebServer] [22mJwtStrategy VALIDATE: {
[2m[WebServer] [22m  sub: [32m'6929e2de934d8e079e6f55b6'[39m,
[2m[WebServer] [22m  workEmail: [32m'engemp1.work@example.com'[39m,
[2m[WebServer] [22m  roles: [ [32m'department employee'[39m ],
[2m[WebServer] [22m  permissions: [],
[2m[WebServer] [22m  primaryDepartmentId: [32m'69275d8afc1184a3b3e6c55f'[39m,
[2m[WebServer] [22m  employeeNumber: [32m'EMP-1026'[39m,
[2m[WebServer] [22m  iat: [33m1765981920[39m,
[2m[WebServer] [22m  exp: [33m1766068320[39m
[2m[WebServer] [22m}

[1A[2K[2m[WebServer] [22m≡ƒöÑ JwtAuthGuard: handleRequest() {
[2m[WebServer] [22m  err: [1mnull[22m,
[2m[WebServer] [22m  user: {
[2m[WebServer] [22m    id: [32m'6929e2de934d8e079e6f55b6'[39m,
[2m[WebServer] [22m    workEmail: [32m'engemp1.work@example.com'[39m,
[2m[WebServer] [22m    roles: [ [32m'department employee'[39m ],
[2m[WebServer] [22m    permissions: [],
[2m[WebServer] [22m    primaryDepartmentId: [32m'69275d8afc1184a3b3e6c55f'[39m,
[2m[WebServer] [22m    employeeNumber: [32m'EMP-1026'[39m
[2m[WebServer] [22m  },
[2m[WebServer] [22m  info: [90mundefined[39m
[2m[WebServer] [22m}
[2m[WebServer] [22mΓ£à JwtAuthGuard SUCCESS ΓåÆ user authenticated: 6929e2de934d8e079e6f55b6

[1A[2K[2m[WebServer] [22m≡ƒöÑ RolesGuard running!
[2m[WebServer] [22m
[2m[WebServer] [22m===== ROLE GUARD =====
[2m[WebServer] [22mRequired roles: [
[2m[WebServer] [22m  [32m'department employee'[39m,
[2m[WebServer] [22m  [32m'HR Employee'[39m,
[2m[WebServer] [22m  [32m'department head'[39m,
[2m[WebServer] [22m  [32m'HR Manager'[39m,
[2m[WebServer] [22m  [32m'HR Admin'[39m,
[2m[WebServer] [22m  [32m'System Admin'[39m
[2m[WebServer] [22m]

[1A[2K[2m[WebServer] [22mUser object: {
[2m[WebServer] [22m  id: [32m'6929e2de934d8e079e6f55b6'[39m,
[2m[WebServer] [22m  workEmail: [32m'engemp1.work@example.com'[39m,
[2m[WebServer] [22m  roles: [ [32m'department employee'[39m ],
[2m[WebServer] [22m  permissions: [],
[2m[WebServer] [22m  primaryDepartmentId: [32m'69275d8afc1184a3b3e6c55f'[39m,
[2m[WebServer] [22m  employeeNumber: [32m'EMP-1026'[39m
[2m[WebServer] [22m}
[2m[WebServer] [22mNormalized user roles: [ [32m'department employee'[39m ]

[1A[2K[2m[WebServer] [22mNormalized required roles: [
[2m[WebServer] [22m  [32m'department employee'[39m,
[2m[WebServer] [22m  [32m'hr employee'[39m,
[2m[WebServer] [22m  [32m'department head'[39m,
[2m[WebServer] [22m  [32m'hr manager'[39m,
[2m[WebServer] [22m  [32m'hr admin'[39m,
[2m[WebServer] [22m  [32m'system admin'[39m
[2m[WebServer] [22m]
[2m[WebServer] [22mHas required role? [33mtrue[39m
[2m[WebServer] [22mΓ£ö ACCESS GRANTED Γ£ö

[1A[2K[2m[WebServer] [22m≡ƒöì [TrackingController] getMyBalances: {
[2m[WebServer] [22m  query: [Object: null prototype] {},
[2m[WebServer] [22m  userId: [32m'6929e2de934d8e079e6f55b6'[39m
[2m[WebServer] [22m}

[1A[2K[2m[WebServer] [22m≡ƒöÑ JwtAuthGuard: canActivate CALLED

[1A[2K[2m[WebServer] [22m≡ƒöì JWT Extractor - All cookies: {
[2m[WebServer] [22m  accessToken: [32m'eyJhbGciOiJIUzI1NiIsInR5cCI6IkpXVCJ9.eyJzdWIiOiI2OTI5ZTJkZTkzNGQ4ZTA3OWU2ZjU1YjYiLCJ3b3JrRW1haWwiOiJlbmdlbXAxLndvcmtAZXhhbXBsZS5jb20iLCJyb2xlcyI6WyJkZXBhcnRtZW50IGVtcGxveWVlIl0sInBlcm1pc3Npb25zIjpbXSwicHJpbWFyeURlcGFydG1lbnRJZCI6IjY5Mjc1ZDhhZmMxMTg0YTNiM2U2YzU1ZiIsImVtcGxveWVlTnVtYmVyIjoiRU1QLTEwMjYiLCJpYXQiOjE3NjU5ODE5MjAsImV4cCI6MTc2NjA2ODMyMH0.SluoK5ScOcO6xqXAH6HcJ0mLfSbvw-_QNberHFN-gsY'[39m
[2m[WebServer] [22m}
[2m[WebServer] [22m≡ƒöì JWT Extractor - Headers: accessToken=eyJhbGciOiJIUzI1NiIsInR5cCI6IkpXVCJ9.eyJzdWIiOiI2OTI5ZTJkZTkzNGQ4ZTA3OWU2ZjU1YjYiLCJ3b3JrRW1haWwiOiJlbmdlbXAxLndvcmtAZXhhbXBsZS5jb20iLCJyb2xlcyI6WyJkZXBhcnRtZW50IGVtcGxveWVlIl0sInBlcm1pc3Npb25zIjpbXSwicHJpbWFyeURlcGFydG1lbnRJZCI6IjY5Mjc1ZDhhZmMxMTg0YTNiM2U2YzU1ZiIsImVtcGxveWVlTnVtYmVyIjoiRU1QLTEwMjYiLCJpYXQiOjE3NjU5ODE5MjAsImV4cCI6MTc2NjA2ODMyMH0.SluoK5ScOcO6xqXAH6HcJ0mLfSbvw-_QNberHFN-gsY
[2m[WebServer] [22m≡ƒöì JWT Extractor - accessToken: FOUND

[1A[2K[2m[WebServer] [22mJwtStrategy VALIDATE: {
[2m[WebServer] [22m  sub: [32m'6929e2de934d8e079e6f55b6'[39m,
[2m[WebServer] [22m  workEmail: [32m'engemp1.work@example.com'[39m,
[2m[WebServer] [22m  roles: [ [32m'department employee'[39m ],
[2m[WebServer] [22m  permissions: [],
[2m[WebServer] [22m  primaryDepartmentId: [32m'69275d8afc1184a3b3e6c55f'[39m,
[2m[WebServer] [22m  employeeNumber: [32m'EMP-1026'[39m,
[2m[WebServer] [22m  iat: [33m1765981920[39m,
[2m[WebServer] [22m  exp: [33m1766068320[39m
[2m[WebServer] [22m}

[1A[2K[2m[WebServer] [22m≡ƒöÑ JwtAuthGuard: handleRequest() {
[2m[WebServer] [22m  err: [1mnull[22m,
[2m[WebServer] [22m  user: {
[2m[WebServer] [22m    id: [32m'6929e2de934d8e079e6f55b6'[39m,
[2m[WebServer] [22m    workEmail: [32m'engemp1.work@example.com'[39m,
[2m[WebServer] [22m    roles: [ [32m'department employee'[39m ],
[2m[WebServer] [22m    permissions: [],
[2m[WebServer] [22m    primaryDepartmentId: [32m'69275d8afc1184a3b3e6c55f'[39m,
[2m[WebServer] [22m    employeeNumber: [32m'EMP-1026'[39m
[2m[WebServer] [22m  },
[2m[WebServer] [22m  info: [90mundefined[39m
[2m[WebServer] [22m}
[2m[WebServer] [22mΓ£à JwtAuthGuard SUCCESS ΓåÆ user authenticated: 6929e2de934d8e079e6f55b6
[2m[WebServer] [22m≡ƒöÑ RolesGuard running!
[2m[WebServer] [22m
[2m[WebServer] [22m===== ROLE GUARD =====
[2m[WebServer] [22mRequired roles: [
[2m[WebServer] [22m  [32m'department employee'[39m,
[2m[WebServer] [22m  [32m'HR Employee'[39m,
[2m[WebServer] [22m  [32m'department head'[39m,
[2m[WebServer] [22m  [32m'HR Manager'[39m,
[2m[WebServer] [22m  [32m'HR Admin'[39m,
[2m[WebServer] [22m  [32m'System Admin'[39m
[2m[WebServer] [22m]
[2m[WebServer] [22mUser object: {
[2m[WebServer] [22m  id: [32m'6929e2de934d8e079e6f55b6'[39m,
[2m[WebServer] [22m  workEmail: [32m'engemp1.work@example.com'[39m,
[2m[WebServer] [22m  roles: [ [32m'department employee'[39m ],
[2m[WebServer] [22m  permissions: [],
[2m[WebServer] [22m  primaryDepartmentId: [32m'69275d8afc1184a3b3e6c55f'[39m,
[2m[WebServer] [22m  employeeNumber: [32m'EMP-1026'[39m
[2m[WebServer] [22m}

[1A[2K[2m[WebServer] [22mNormalized user roles: [ [32m'department employee'[39m ]
[2m[WebServer] [22mNormalized required roles: [
[2m[WebServer] [22m  [32m'department employee'[39m,
[2m[WebServer] [22m  [32m'hr employee'[39m,
[2m[WebServer] [22m  [32m'department head'[39m,
[2m[WebServer] [22m  [32m'hr manager'[39m,
[2m[WebServer] [22m  [32m'hr admin'[39m,
[2m[WebServer] [22m  [32m'system admin'[39m
[2m[WebServer] [22m]
[2m[WebServer] [22mHas required role? [33mtrue[39m
[2m[WebServer] [22mΓ£ö ACCESS GRANTED Γ£ö

[1A[2K[2m[WebServer] [22m≡ƒöì [TrackingController] getMyHistory: {
[2m[WebServer] [22m  filters: [Object: null prototype] {},
[2m[WebServer] [22m  userId: [32m'6929e2de934d8e079e6f55b6'[39m
[2m[WebServer] [22m}

[1A[2K[2m[WebServer] [22m GET /leaves/my-leaves [32m200[39m in 49ms[2m (compile: 3ms, render: 46ms)[22m

[1A[2K[2m[WebServer] [22m≡ƒöÑ JwtAuthGuard: canActivate CALLED

[1A[2K[2m[WebServer] [22m≡ƒöì JWT Extractor - All cookies: {
[2m[WebServer] [22m  accessToken: [32m'eyJhbGciOiJIUzI1NiIsInR5cCI6IkpXVCJ9.eyJzdWIiOiI2OTI5ZTJkZTkzNGQ4ZTA3OWU2ZjU1YjYiLCJ3b3JrRW1haWwiOiJlbmdlbXAxLndvcmtAZXhhbXBsZS5jb20iLCJyb2xlcyI6WyJkZXBhcnRtZW50IGVtcGxveWVlIl0sInBlcm1pc3Npb25zIjpbXSwicHJpbWFyeURlcGFydG1lbnRJZCI6IjY5Mjc1ZDhhZmMxMTg0YTNiM2U2YzU1ZiIsImVtcGxveWVlTnVtYmVyIjoiRU1QLTEwMjYiLCJpYXQiOjE3NjU5ODE5MjAsImV4cCI6MTc2NjA2ODMyMH0.SluoK5ScOcO6xqXAH6HcJ0mLfSbvw-_QNberHFN-gsY'[39m
[2m[WebServer] [22m}
[2m[WebServer] [22m≡ƒöì JWT Extractor - Headers: accessToken=eyJhbGciOiJIUzI1NiIsInR5cCI6IkpXVCJ9.eyJzdWIiOiI2OTI5ZTJkZTkzNGQ4ZTA3OWU2ZjU1YjYiLCJ3b3JrRW1haWwiOiJlbmdlbXAxLndvcmtAZXhhbXBsZS5jb20iLCJyb2xlcyI6WyJkZXBhcnRtZW50IGVtcGxveWVlIl0sInBlcm1pc3Npb25zIjpbXSwicHJpbWFyeURlcGFydG1lbnRJZCI6IjY5Mjc1ZDhhZmMxMTg0YTNiM2U2YzU1ZiIsImVtcGxveWVlTnVtYmVyIjoiRU1QLTEwMjYiLCJpYXQiOjE3NjU5ODE5MjAsImV4cCI6MTc2NjA2ODMyMH0.SluoK5ScOcO6xqXAH6HcJ0mLfSbvw-_QNberHFN-gsY
[2m[WebServer] [22m≡ƒöì JWT Extractor - accessToken: FOUND

[1A[2K[2m[WebServer] [22mJwtStrategy VALIDATE: {
[2m[WebServer] [22m  sub: [32m'6929e2de934d8e079e6f55b6'[39m,
[2m[WebServer] [22m  workEmail: [32m'engemp1.work@example.com'[39m,
[2m[WebServer] [22m  roles: [ [32m'department employee'[39m ],
[2m[WebServer] [22m  permissions: [],
[2m[WebServer] [22m  primaryDepartmentId: [32m'69275d8afc1184a3b3e6c55f'[39m,
[2m[WebServer] [22m  employeeNumber: [32m'EMP-1026'[39m,
[2m[WebServer] [22m  iat: [33m1765981920[39m,
[2m[WebServer] [22m  exp: [33m1766068320[39m
[2m[WebServer] [22m}

[1A[2K[2m[WebServer] [22m≡ƒöÑ JwtAuthGuard: handleRequest() {
[2m[WebServer] [22m  err: [1mnull[22m,
[2m[WebServer] [22m  user: {
[2m[WebServer] [22m    id: [32m'6929e2de934d8e079e6f55b6'[39m,
[2m[WebServer] [22m    workEmail: [32m'engemp1.work@example.com'[39m,
[2m[WebServer] [22m    roles: [ [32m'department employee'[39m ],
[2m[WebServer] [22m    permissions: [],
[2m[WebServer] [22m    primaryDepartmentId: [32m'69275d8afc1184a3b3e6c55f'[39m,
[2m[WebServer] [22m    employeeNumber: [32m'EMP-1026'[39m
[2m[WebServer] [22m  },
[2m[WebServer] [22m  info: [90mundefined[39m
[2m[WebServer] [22m}
[2m[WebServer] [22mΓ£à JwtAuthGuard SUCCESS ΓåÆ user authenticated: 6929e2de934d8e079e6f55b6

[1A[2K[2m[WebServer] [22m≡ƒöì [LeaveTypeController] findAll

[1A[2K[2m[WebServer] [22m≡ƒöÑ JwtAuthGuard: canActivate CALLED

[1A[2K[2m[WebServer] [22m≡ƒöì JWT Extractor - All cookies: {
[2m[WebServer] [22m  accessToken: [32m'eyJhbGciOiJIUzI1NiIsInR5cCI6IkpXVCJ9.eyJzdWIiOiI2OTI5ZTJkZTkzNGQ4ZTA3OWU2ZjU1YjYiLCJ3b3JrRW1haWwiOiJlbmdlbXAxLndvcmtAZXhhbXBsZS5jb20iLCJyb2xlcyI6WyJkZXBhcnRtZW50IGVtcGxveWVlIl0sInBlcm1pc3Npb25zIjpbXSwicHJpbWFyeURlcGFydG1lbnRJZCI6IjY5Mjc1ZDhhZmMxMTg0YTNiM2U2YzU1ZiIsImVtcGxveWVlTnVtYmVyIjoiRU1QLTEwMjYiLCJpYXQiOjE3NjU5ODE5MjAsImV4cCI6MTc2NjA2ODMyMH0.SluoK5ScOcO6xqXAH6HcJ0mLfSbvw-_QNberHFN-gsY'[39m
[2m[WebServer] [22m}
[2m[WebServer] [22m≡ƒöì JWT Extractor - Headers: accessToken=eyJhbGciOiJIUzI1NiIsInR5cCI6IkpXVCJ9.eyJzdWIiOiI2OTI5ZTJkZTkzNGQ4ZTA3OWU2ZjU1YjYiLCJ3b3JrRW1haWwiOiJlbmdlbXAxLndvcmtAZXhhbXBsZS5jb20iLCJyb2xlcyI6WyJkZXBhcnRtZW50IGVtcGxveWVlIl0sInBlcm1pc3Npb25zIjpbXSwicHJpbWFyeURlcGFydG1lbnRJZCI6IjY5Mjc1ZDhhZmMxMTg0YTNiM2U2YzU1ZiIsImVtcGxveWVlTnVtYmVyIjoiRU1QLTEwMjYiLCJpYXQiOjE3NjU5ODE5MjAsImV4cCI6MTc2NjA2ODMyMH0.SluoK5ScOcO6xqXAH6HcJ0mLfSbvw-_QNberHFN-gsY
[2m[WebServer] [22m≡ƒöì JWT Extractor - accessToken: FOUND

[1A[2K[2m[WebServer] [22mJwtStrategy VALIDATE: {
[2m[WebServer] [22m  sub: [32m'6929e2de934d8e079e6f55b6'[39m,
[2m[WebServer] [22m  workEmail: [32m'engemp1.work@example.com'[39m,
[2m[WebServer] [22m  roles: [ [32m'department employee'[39m ],
[2m[WebServer] [22m  permissions: [],
[2m[WebServer] [22m  primaryDepartmentId: [32m'69275d8afc1184a3b3e6c55f'[39m,
[2m[WebServer] [22m  employeeNumber: [32m'EMP-1026'[39m,
[2m[WebServer] [22m  iat: [33m1765981920[39m,
[2m[WebServer] [22m  exp: [33m1766068320[39m
[2m[WebServer] [22m}

[1A[2K[2m[WebServer] [22m≡ƒöÑ JwtAuthGuard: handleRequest() {
[2m[WebServer] [22m  err: [1mnull[22m,
[2m[WebServer] [22m  user: {
[2m[WebServer] [22m    id: [32m'6929e2de934d8e079e6f55b6'[39m,
[2m[WebServer] [22m    workEmail: [32m'engemp1.work@example.com'[39m,
[2m[WebServer] [22m    roles: [ [32m'department employee'[39m ],
[2m[WebServer] [22m    permissions: [],
[2m[WebServer] [22m    primaryDepartmentId: [32m'69275d8afc1184a3b3e6c55f'[39m,
[2m[WebServer] [22m    employeeNumber: [32m'EMP-1026'[39m
[2m[WebServer] [22m  },
[2m[WebServer] [22m  info: [90mundefined[39m
[2m[WebServer] [22m}
[2m[WebServer] [22mΓ£à JwtAuthGuard SUCCESS ΓåÆ user authenticated: 6929e2de934d8e079e6f55b6

[1A[2K[2m[WebServer] [22m≡ƒöÑ RolesGuard running!
[2m[WebServer] [22m
[2m[WebServer] [22m===== ROLE GUARD =====
[2m[WebServer] [22mRequired roles: [
[2m[WebServer] [22m  [32m'department employee'[39m,
[2m[WebServer] [22m  [32m'HR Employee'[39m,
[2m[WebServer] [22m  [32m'department head'[39m,
[2m[WebServer] [22m  [32m'HR Manager'[39m,
[2m[WebServer] [22m  [32m'HR Admin'[39m,
[2m[WebServer] [22m  [32m'System Admin'[39m
[2m[WebServer] [22m]

[1A[2K[2m[WebServer] [22mUser object: {
[2m[WebServer] [22m  id: [32m'6929e2de934d8e079e6f55b6'[39m,
[2m[WebServer] [22m  workEmail: [32m'engemp1.work@example.com'[39m,
[2m[WebServer] [22m  roles: [ [32m'department employee'[39m ],
[2m[WebServer] [22m  permissions: [],
[2m[WebServer] [22m  primaryDepartmentId: [32m'69275d8afc1184a3b3e6c55f'[39m,
[2m[WebServer] [22m  employeeNumber: [32m'EMP-1026'[39m
[2m[WebServer] [22m}
[2m[WebServer] [22mNormalized user roles: [ [32m'department employee'[39m ]
[2m[WebServer] [22mNormalized required roles: [
[2m[WebServer] [22m  [32m'department employee'[39m,
[2m[WebServer] [22m  [32m'hr employee'[39m,
[2m[WebServer] [22m  [32m'department head'[39m,
[2m[WebServer] [22m  [32m'hr manager'[39m,
[2m[WebServer] [22m  [32m'hr admin'[39m,
[2m[WebServer] [22m  [32m'system admin'[39m
[2m[WebServer] [22m]

[1A[2K[2m[WebServer] [22mHas required role? [33mtrue[39m
[2m[WebServer] [22mΓ£ö ACCESS GRANTED Γ£ö
[2m[WebServer] [22m≡ƒöì [TrackingController] getMyBalances: {
[2m[WebServer] [22m  query: [Object: null prototype] {},
[2m[WebServer] [22m  userId: [32m'6929e2de934d8e079e6f55b6'[39m
[2m[WebServer] [22m}

[1A[2K[2m[WebServer] [22m≡ƒöÑ JwtAuthGuard: canActivate CALLED

[1A[2K[2m[WebServer] [22m≡ƒöì JWT Extractor - All cookies: {
[2m[WebServer] [22m  accessToken: [32m'eyJhbGciOiJIUzI1NiIsInR5cCI6IkpXVCJ9.eyJzdWIiOiI2OTI5ZTJkZTkzNGQ4ZTA3OWU2ZjU1YjYiLCJ3b3JrRW1haWwiOiJlbmdlbXAxLndvcmtAZXhhbXBsZS5jb20iLCJyb2xlcyI6WyJkZXBhcnRtZW50IGVtcGxveWVlIl0sInBlcm1pc3Npb25zIjpbXSwicHJpbWFyeURlcGFydG1lbnRJZCI6IjY5Mjc1ZDhhZmMxMTg0YTNiM2U2YzU1ZiIsImVtcGxveWVlTnVtYmVyIjoiRU1QLTEwMjYiLCJpYXQiOjE3NjU5ODE5MjAsImV4cCI6MTc2NjA2ODMyMH0.SluoK5ScOcO6xqXAH6HcJ0mLfSbvw-_QNberHFN-gsY'[39m
[2m[WebServer] [22m}

[1A[2K[2m[WebServer] [22m≡ƒöì JWT Extractor - Headers: accessToken=eyJhbGciOiJIUzI1NiIsInR5cCI6IkpXVCJ9.eyJzdWIiOiI2OTI5ZTJkZTkzNGQ4ZTA3OWU2ZjU1YjYiLCJ3b3JrRW1haWwiOiJlbmdlbXAxLndvcmtAZXhhbXBsZS5jb20iLCJyb2xlcyI6WyJkZXBhcnRtZW50IGVtcGxveWVlIl0sInBlcm1pc3Npb25zIjpbXSwicHJpbWFyeURlcGFydG1lbnRJZCI6IjY5Mjc1ZDhhZmMxMTg0YTNiM2U2YzU1ZiIsImVtcGxveWVlTnVtYmVyIjoiRU1QLTEwMjYiLCJpYXQiOjE3NjU5ODE5MjAsImV4cCI6MTc2NjA2ODMyMH0.SluoK5ScOcO6xqXAH6HcJ0mLfSbvw-_QNberHFN-gsY
[2m[WebServer] [22m≡ƒöì JWT Extractor - accessToken: FOUND

[1A[2K[2m[WebServer] [22mJwtStrategy VALIDATE: {
[2m[WebServer] [22m  sub: [32m'6929e2de934d8e079e6f55b6'[39m,
[2m[WebServer] [22m  workEmail: [32m'engemp1.work@example.com'[39m,
[2m[WebServer] [22m  roles: [ [32m'department employee'[39m ],
[2m[WebServer] [22m  permissions: [],
[2m[WebServer] [22m  primaryDepartmentId: [32m'69275d8afc1184a3b3e6c55f'[39m,
[2m[WebServer] [22m  employeeNumber: [32m'EMP-1026'[39m,
[2m[WebServer] [22m  iat: [33m1765981920[39m,
[2m[WebServer] [22m  exp: [33m1766068320[39m
[2m[WebServer] [22m}

[1A[2K[2m[WebServer] [22m≡ƒöÑ JwtAuthGuard: handleRequest() {
[2m[WebServer] [22m  err: [1mnull[22m,
[2m[WebServer] [22m  user: {
[2m[WebServer] [22m    id: [32m'6929e2de934d8e079e6f55b6'[39m,
[2m[WebServer] [22m    workEmail: [32m'engemp1.work@example.com'[39m,
[2m[WebServer] [22m    roles: [ [32m'department employee'[39m ],
[2m[WebServer] [22m    permissions: [],
[2m[WebServer] [22m    primaryDepartmentId: [32m'69275d8afc1184a3b3e6c55f'[39m,
[2m[WebServer] [22m    employeeNumber: [32m'EMP-1026'[39m
[2m[WebServer] [22m  },
[2m[WebServer] [22m  info: [90mundefined[39m
[2m[WebServer] [22m}
[2m[WebServer] [22mΓ£à JwtAuthGuard SUCCESS ΓåÆ user authenticated: 6929e2de934d8e079e6f55b6

[1A[2K[2m[WebServer] [22m≡ƒöÑ RolesGuard running!
[2m[WebServer] [22m
[2m[WebServer] [22m===== ROLE GUARD =====
[2m[WebServer] [22mRequired roles: [
[2m[WebServer] [22m  [32m'department employee'[39m,
[2m[WebServer] [22m  [32m'HR Employee'[39m,
[2m[WebServer] [22m  [32m'department head'[39m,
[2m[WebServer] [22m  [32m'HR Manager'[39m,
[2m[WebServer] [22m  [32m'HR Admin'[39m,
[2m[WebServer] [22m  [32m'System Admin'[39m
[2m[WebServer] [22m]

[1A[2K[2m[WebServer] [22mUser object: {
[2m[WebServer] [22m  id: [32m'6929e2de934d8e079e6f55b6'[39m,
[2m[WebServer] [22m  workEmail: [32m'engemp1.work@example.com'[39m,
[2m[WebServer] [22m  roles: [ [32m'department employee'[39m ],
[2m[WebServer] [22m  permissions: [],
[2m[WebServer] [22m  primaryDepartmentId: [32m'69275d8afc1184a3b3e6c55f'[39m,
[2m[WebServer] [22m  employeeNumber: [32m'EMP-1026'[39m
[2m[WebServer] [22m}
[2m[WebServer] [22mNormalized user roles: [ [32m'department employee'[39m ]

[1A[2K[2m[WebServer] [22mNormalized required roles: [
[2m[WebServer] [22m  [32m'department employee'[39m,
[2m[WebServer] [22m  [32m'hr employee'[39m,
[2m[WebServer] [22m  [32m'department head'[39m,
[2m[WebServer] [22m  [32m'hr manager'[39m,
[2m[WebServer] [22m  [32m'hr admin'[39m,
[2m[WebServer] [22m  [32m'system admin'[39m
[2m[WebServer] [22m]
[2m[WebServer] [22mHas required role? [33mtrue[39m
[2m[WebServer] [22mΓ£ö ACCESS GRANTED Γ£ö

[1A[2K[2m[WebServer] [22m≡ƒöì [RequestsController] getMyRequests: { userId: [90mundefined[39m }

[1A[2K[2m[WebServer] [22m≡ƒöÑ JwtAuthGuard: canActivate CALLED

[1A[2K[2m[WebServer] [22m≡ƒöì JWT Extractor - All cookies: {
[2m[WebServer] [22m  accessToken: [32m'eyJhbGciOiJIUzI1NiIsInR5cCI6IkpXVCJ9.eyJzdWIiOiI2OTI5ZTJkZTkzNGQ4ZTA3OWU2ZjU1YjYiLCJ3b3JrRW1haWwiOiJlbmdlbXAxLndvcmtAZXhhbXBsZS5jb20iLCJyb2xlcyI6WyJkZXBhcnRtZW50IGVtcGxveWVlIl0sInBlcm1pc3Npb25zIjpbXSwicHJpbWFyeURlcGFydG1lbnRJZCI6IjY5Mjc1ZDhhZmMxMTg0YTNiM2U2YzU1ZiIsImVtcGxveWVlTnVtYmVyIjoiRU1QLTEwMjYiLCJpYXQiOjE3NjU5ODE5MjAsImV4cCI6MTc2NjA2ODMyMH0.SluoK5ScOcO6xqXAH6HcJ0mLfSbvw-_QNberHFN-gsY'[39m
[2m[WebServer] [22m}
[2m[WebServer] [22m≡ƒöì JWT Extractor - Headers: accessToken=eyJhbGciOiJIUzI1NiIsInR5cCI6IkpXVCJ9.eyJzdWIiOiI2OTI5ZTJkZTkzNGQ4ZTA3OWU2ZjU1YjYiLCJ3b3JrRW1haWwiOiJlbmdlbXAxLndvcmtAZXhhbXBsZS5jb20iLCJyb2xlcyI6WyJkZXBhcnRtZW50IGVtcGxveWVlIl0sInBlcm1pc3Npb25zIjpbXSwicHJpbWFyeURlcGFydG1lbnRJZCI6IjY5Mjc1ZDhhZmMxMTg0YTNiM2U2YzU1ZiIsImVtcGxveWVlTnVtYmVyIjoiRU1QLTEwMjYiLCJpYXQiOjE3NjU5ODE5MjAsImV4cCI6MTc2NjA2ODMyMH0.SluoK5ScOcO6xqXAH6HcJ0mLfSbvw-_QNberHFN-gsY
[2m[WebServer] [22m≡ƒöì JWT Extractor - accessToken: FOUND

[1A[2K[2m[WebServer] [22mJwtStrategy VALIDATE: {
[2m[WebServer] [22m  sub: [32m'6929e2de934d8e079e6f55b6'[39m,
[2m[WebServer] [22m  workEmail: [32m'engemp1.work@example.com'[39m,
[2m[WebServer] [22m  roles: [ [32m'department employee'[39m ],
[2m[WebServer] [22m  permissions: [],
[2m[WebServer] [22m  primaryDepartmentId: [32m'69275d8afc1184a3b3e6c55f'[39m,
[2m[WebServer] [22m  employeeNumber: [32m'EMP-1026'[39m,
[2m[WebServer] [22m  iat: [33m1765981920[39m,
[2m[WebServer] [22m  exp: [33m1766068320[39m
[2m[WebServer] [22m}

[1A[2K[2m[WebServer] [22m≡ƒöÑ JwtAuthGuard: handleRequest() {
[2m[WebServer] [22m  err: [1mnull[22m,
[2m[WebServer] [22m  user: {
[2m[WebServer] [22m    id: [32m'6929e2de934d8e079e6f55b6'[39m,
[2m[WebServer] [22m    workEmail: [32m'engemp1.work@example.com'[39m,
[2m[WebServer] [22m    roles: [ [32m'department employee'[39m ],
[2m[WebServer] [22m    permissions: [],
[2m[WebServer] [22m    primaryDepartmentId: [32m'69275d8afc1184a3b3e6c55f'[39m,
[2m[WebServer] [22m    employeeNumber: [32m'EMP-1026'[39m
[2m[WebServer] [22m  },
[2m[WebServer] [22m  info: [90mundefined[39m
[2m[WebServer] [22m}
[2m[WebServer] [22mΓ£à JwtAuthGuard SUCCESS ΓåÆ user authenticated: 6929e2de934d8e079e6f55b6

[1A[2K[2m[WebServer] [22m≡ƒöÑ RolesGuard running!
[2m[WebServer] [22m
[2m[WebServer] [22m===== ROLE GUARD =====

[1A[2K[2m[WebServer] [22mRequired roles: [
[2m[WebServer] [22m  [32m'department employee'[39m,
[2m[WebServer] [22m  [32m'HR Employee'[39m,
[2m[WebServer] [22m  [32m'department head'[39m,
[2m[WebServer] [22m  [32m'HR Manager'[39m,
[2m[WebServer] [22m  [32m'HR Admin'[39m,
[2m[WebServer] [22m  [32m'System Admin'[39m
[2m[WebServer] [22m]

[1A[2K[2m[WebServer] [22mUser object: {
[2m[WebServer] [22m  id: [32m'6929e2de934d8e079e6f55b6'[39m,
[2m[WebServer] [22m  workEmail: [32m'engemp1.work@example.com'[39m,
[2m[WebServer] [22m  roles: [ [32m'department employee'[39m ],
[2m[WebServer] [22m  permissions: [],
[2m[WebServer] [22m  primaryDepartmentId: [32m'69275d8afc1184a3b3e6c55f'[39m,
[2m[WebServer] [22m  employeeNumber: [32m'EMP-1026'[39m
[2m[WebServer] [22m}
[2m[WebServer] [22mNormalized user roles: [ [32m'department employee'[39m ]

[1A[2K[2m[WebServer] [22mNormalized required roles: [
[2m[WebServer] [22m  [32m'department employee'[39m,
[2m[WebServer] [22m  [32m'hr employee'[39m,
[2m[WebServer] [22m  [32m'department head'[39m,
[2m[WebServer] [22m  [32m'hr manager'[39m,
[2m[WebServer] [22m  [32m'hr admin'[39m,
[2m[WebServer] [22m  [32m'system admin'[39m
[2m[WebServer] [22m]

[1A[2K[2m[WebServer] [22mHas required role? [33mtrue[39m
[2m[WebServer] [22mΓ£ö ACCESS GRANTED Γ£ö

[1A[2K[2m[WebServer] [22m≡ƒöì [CalendarsController] calculateWorkingDays: { from: [32m'2025-12-18'[39m, to: [32m'2025-12-18'[39m }

[1A[2K[2m[WebServer] [22m≡ƒöÑ JwtAuthGuard: canActivate CALLED

[1A[2K[2m[WebServer] [22m≡ƒöì JWT Extractor - All cookies: {
[2m[WebServer] [22m  accessToken: [32m'eyJhbGciOiJIUzI1NiIsInR5cCI6IkpXVCJ9.eyJzdWIiOiI2OTI5ZTJkZTkzNGQ4ZTA3OWU2ZjU1YjYiLCJ3b3JrRW1haWwiOiJlbmdlbXAxLndvcmtAZXhhbXBsZS5jb20iLCJyb2xlcyI6WyJkZXBhcnRtZW50IGVtcGxveWVlIl0sInBlcm1pc3Npb25zIjpbXSwicHJpbWFyeURlcGFydG1lbnRJZCI6IjY5Mjc1ZDhhZmMxMTg0YTNiM2U2YzU1ZiIsImVtcGxveWVlTnVtYmVyIjoiRU1QLTEwMjYiLCJpYXQiOjE3NjU5ODE5MjAsImV4cCI6MTc2NjA2ODMyMH0.SluoK5ScOcO6xqXAH6HcJ0mLfSbvw-_QNberHFN-gsY'[39m
[2m[WebServer] [22m}
[2m[WebServer] [22m≡ƒöì JWT Extractor - Headers: accessToken=eyJhbGciOiJIUzI1NiIsInR5cCI6IkpXVCJ9.eyJzdWIiOiI2OTI5ZTJkZTkzNGQ4ZTA3OWU2ZjU1YjYiLCJ3b3JrRW1haWwiOiJlbmdlbXAxLndvcmtAZXhhbXBsZS5jb20iLCJyb2xlcyI6WyJkZXBhcnRtZW50IGVtcGxveWVlIl0sInBlcm1pc3Npb25zIjpbXSwicHJpbWFyeURlcGFydG1lbnRJZCI6IjY5Mjc1ZDhhZmMxMTg0YTNiM2U2YzU1ZiIsImVtcGxveWVlTnVtYmVyIjoiRU1QLTEwMjYiLCJpYXQiOjE3NjU5ODE5MjAsImV4cCI6MTc2NjA2ODMyMH0.SluoK5ScOcO6xqXAH6HcJ0mLfSbvw-_QNberHFN-gsY

[1A[2K[2m[WebServer] [22m≡ƒöì JWT Extractor - accessToken: FOUND

[1A[2K[2m[WebServer] [22mJwtStrategy VALIDATE: {
[2m[WebServer] [22m  sub: [32m'6929e2de934d8e079e6f55b6'[39m,
[2m[WebServer] [22m  workEmail: [32m'engemp1.work@example.com'[39m,
[2m[WebServer] [22m  roles: [ [32m'department employee'[39m ],
[2m[WebServer] [22m  permissions: [],
[2m[WebServer] [22m  primaryDepartmentId: [32m'69275d8afc1184a3b3e6c55f'[39m,
[2m[WebServer] [22m  employeeNumber: [32m'EMP-1026'[39m,
[2m[WebServer] [22m  iat: [33m1765981920[39m,
[2m[WebServer] [22m  exp: [33m1766068320[39m
[2m[WebServer] [22m}

[1A[2K[2m[WebServer] [22m≡ƒöÑ JwtAuthGuard: handleRequest() {
[2m[WebServer] [22m  err: [1mnull[22m,
[2m[WebServer] [22m  user: {
[2m[WebServer] [22m    id: [32m'6929e2de934d8e079e6f55b6'[39m,
[2m[WebServer] [22m    workEmail: [32m'engemp1.work@example.com'[39m,
[2m[WebServer] [22m    roles: [ [32m'department employee'[39m ],
[2m[WebServer] [22m    permissions: [],
[2m[WebServer] [22m    primaryDepartmentId: [32m'69275d8afc1184a3b3e6c55f'[39m,
[2m[WebServer] [22m    employeeNumber: [32m'EMP-1026'[39m
[2m[WebServer] [22m  },
[2m[WebServer] [22m  info: [90mundefined[39m
[2m[WebServer] [22m}
[2m[WebServer] [22mΓ£à JwtAuthGuard SUCCESS ΓåÆ user authenticated: 6929e2de934d8e079e6f55b6
[2m[WebServer] [22m≡ƒöÑ RolesGuard running!
[2m[WebServer] [22m
[2m[WebServer] [22m===== ROLE GUARD =====

[1A[2K[2m[WebServer] [22mRequired roles: [
[2m[WebServer] [22m  [32m'department employee'[39m,
[2m[WebServer] [22m  [32m'HR Employee'[39m,
[2m[WebServer] [22m  [32m'department head'[39m,
[2m[WebServer] [22m  [32m'HR Manager'[39m,
[2m[WebServer] [22m  [32m'HR Admin'[39m,
[2m[WebServer] [22m  [32m'System Admin'[39m
[2m[WebServer] [22m]
[2m[WebServer] [22mUser object: {
[2m[WebServer] [22m  id: [32m'6929e2de934d8e079e6f55b6'[39m,
[2m[WebServer] [22m  workEmail: [32m'engemp1.work@example.com'[39m,
[2m[WebServer] [22m  roles: [ [32m'department employee'[39m ],
[2m[WebServer] [22m  permissions: [],
[2m[WebServer] [22m  primaryDepartmentId: [32m'69275d8afc1184a3b3e6c55f'[39m,
[2m[WebServer] [22m  employeeNumber: [32m'EMP-1026'[39m
[2m[WebServer] [22m}

[1A[2K[2m[WebServer] [22mNormalized user roles: [ [32m'department employee'[39m ]
[2m[WebServer] [22mNormalized required roles: [
[2m[WebServer] [22m  [32m'department employee'[39m,
[2m[WebServer] [22m  [32m'hr employee'[39m,
[2m[WebServer] [22m  [32m'department head'[39m,
[2m[WebServer] [22m  [32m'hr manager'[39m,
[2m[WebServer] [22m  [32m'hr admin'[39m,
[2m[WebServer] [22m  [32m'system admin'[39m
[2m[WebServer] [22m]
[2m[WebServer] [22mHas required role? [33mtrue[39m
[2m[WebServer] [22mΓ£ö ACCESS GRANTED Γ£ö

[1A[2K[2m[WebServer] [22m≡ƒöì [CalendarsController] checkBlockedPeriods: { from: [32m'2025-12-18'[39m, to: [32m'2025-12-18'[39m }

[1A[2K[2m[WebServer] [22m≡ƒöÑ JwtAuthGuard: canActivate CALLED

[1A[2K[2m[WebServer] [22m≡ƒöì JWT Extractor - All cookies: {
[2m[WebServer] [22m  accessToken: [32m'eyJhbGciOiJIUzI1NiIsInR5cCI6IkpXVCJ9.eyJzdWIiOiI2OTI5ZTJkZTkzNGQ4ZTA3OWU2ZjU1YjYiLCJ3b3JrRW1haWwiOiJlbmdlbXAxLndvcmtAZXhhbXBsZS5jb20iLCJyb2xlcyI6WyJkZXBhcnRtZW50IGVtcGxveWVlIl0sInBlcm1pc3Npb25zIjpbXSwicHJpbWFyeURlcGFydG1lbnRJZCI6IjY5Mjc1ZDhhZmMxMTg0YTNiM2U2YzU1ZiIsImVtcGxveWVlTnVtYmVyIjoiRU1QLTEwMjYiLCJpYXQiOjE3NjU5ODE5MjAsImV4cCI6MTc2NjA2ODMyMH0.SluoK5ScOcO6xqXAH6HcJ0mLfSbvw-_QNberHFN-gsY'[39m
[2m[WebServer] [22m}
[2m[WebServer] [22m≡ƒöì JWT Extractor - Headers: accessToken=eyJhbGciOiJIUzI1NiIsInR5cCI6IkpXVCJ9.eyJzdWIiOiI2OTI5ZTJkZTkzNGQ4ZTA3OWU2ZjU1YjYiLCJ3b3JrRW1haWwiOiJlbmdlbXAxLndvcmtAZXhhbXBsZS5jb20iLCJyb2xlcyI6WyJkZXBhcnRtZW50IGVtcGxveWVlIl0sInBlcm1pc3Npb25zIjpbXSwicHJpbWFyeURlcGFydG1lbnRJZCI6IjY5Mjc1ZDhhZmMxMTg0YTNiM2U2YzU1ZiIsImVtcGxveWVlTnVtYmVyIjoiRU1QLTEwMjYiLCJpYXQiOjE3NjU5ODE5MjAsImV4cCI6MTc2NjA2ODMyMH0.SluoK5ScOcO6xqXAH6HcJ0mLfSbvw-_QNberHFN-gsY
[2m[WebServer] [22m≡ƒöì JWT Extractor - accessToken: FOUND

[1A[2K[2m[WebServer] [22mJwtStrategy VALIDATE: {
[2m[WebServer] [22m  sub: [32m'6929e2de934d8e079e6f55b6'[39m,
[2m[WebServer] [22m  workEmail: [32m'engemp1.work@example.com'[39m,
[2m[WebServer] [22m  roles: [ [32m'department employee'[39m ],
[2m[WebServer] [22m  permissions: [],
[2m[WebServer] [22m  primaryDepartmentId: [32m'69275d8afc1184a3b3e6c55f'[39m,
[2m[WebServer] [22m  employeeNumber: [32m'EMP-1026'[39m,
[2m[WebServer] [22m  iat: [33m1765981920[39m,
[2m[WebServer] [22m  exp: [33m1766068320[39m
[2m[WebServer] [22m}

[1A[2K[2m[WebServer] [22m≡ƒöÑ JwtAuthGuard: handleRequest() {
[2m[WebServer] [22m  err: [1mnull[22m,
[2m[WebServer] [22m  user: {
[2m[WebServer] [22m    id: [32m'6929e2de934d8e079e6f55b6'[39m,
[2m[WebServer] [22m    workEmail: [32m'engemp1.work@example.com'[39m,
[2m[WebServer] [22m    roles: [ [32m'department employee'[39m ],
[2m[WebServer] [22m    permissions: [],
[2m[WebServer] [22m    primaryDepartmentId: [32m'69275d8afc1184a3b3e6c55f'[39m,
[2m[WebServer] [22m    employeeNumber: [32m'EMP-1026'[39m
[2m[WebServer] [22m  },
[2m[WebServer] [22m  info: [90mundefined[39m
[2m[WebServer] [22m}
[2m[WebServer] [22mΓ£à JwtAuthGuard SUCCESS ΓåÆ user authenticated: 6929e2de934d8e079e6f55b6
[2m[WebServer] [22m≡ƒöÑ RolesGuard running!
[2m[WebServer] [22m
[2m[WebServer] [22m===== ROLE GUARD =====
[2m[WebServer] [22mRequired roles: [
[2m[WebServer] [22m  [32m'department employee'[39m,
[2m[WebServer] [22m  [32m'HR Employee'[39m,
[2m[WebServer] [22m  [32m'department head'[39m,
[2m[WebServer] [22m  [32m'HR Manager'[39m,
[2m[WebServer] [22m  [32m'HR Admin'[39m,
[2m[WebServer] [22m  [32m'System Admin'[39m
[2m[WebServer] [22m]
[2m[WebServer] [22mUser object: {
[2m[WebServer] [22m  id: [32m'6929e2de934d8e079e6f55b6'[39m,
[2m[WebServer] [22m  workEmail: [32m'engemp1.work@example.com'[39m,
[2m[WebServer] [22m  roles: [ [32m'department employee'[39m ],
[2m[WebServer] [22m  permissions: [],
[2m[WebServer] [22m  primaryDepartmentId: [32m'69275d8afc1184a3b3e6c55f'[39m,
[2m[WebServer] [22m  employeeNumber: [32m'EMP-1026'[39m
[2m[WebServer] [22m}
[2m[WebServer] [22mNormalized user roles: [ [32m'department employee'[39m ]
[2m[WebServer] [22mNormalized required roles: [
[2m[WebServer] [22m  [32m'department employee'[39m,
[2m[WebServer] [22m  [32m'hr employee'[39m,
[2m[WebServer] [22m  [32m'department head'[39m,
[2m[WebServer] [22m  [32m'hr manager'[39m,
[2m[WebServer] [22m  [32m'hr admin'[39m,
[2m[WebServer] [22m  [32m'system admin'[39m
[2m[WebServer] [22m]
[2m[WebServer] [22mHas required role? [33mtrue[39m
[2m[WebServer] [22mΓ£ö ACCESS GRANTED Γ£ö
[2m[WebServer] [22m≡ƒöì [RequestsController] checkOverlap: { from: [32m'2025-12-18'[39m, to: [32m'2025-12-18'[39m, excludeId: [90mundefined[39m }

[1A[2KΓ£à Minimum notice check passed

[1A[2K[10/35] [chromium] ΓÇ║ leave-tests.spec.ts:433:7 ΓÇ║ ≡ƒºæ EMPLOYEE 1 (EMP-1026 - Engineering) - All Scenarios ΓÇ║ Γ£à E1-E3: View request details
[1A[2K[chromium] ΓÇ║ leave-tests.spec.ts:433:7 ΓÇ║ ≡ƒºæ EMPLOYEE 1 (EMP-1026 - Engineering) - All Scenarios ΓÇ║ Γ£à E1-E3: View request details
≡ƒöÉ Logging in as: engemp1.work@example.com

[1A[2K[2m[WebServer] [22m GET /login [32m200[39m in 42ms[2m (compile: 2ms, render: 39ms)[22m

[1A[2K[2m[WebServer] [22m≡ƒöÑ JwtAuthGuard: canActivate CALLED

[1A[2K[2m[WebServer] [22m≡ƒöì JWT Extractor - All cookies: [Object: null prototype] {}
[2m[WebServer] [22m≡ƒöì JWT Extractor - Headers: [90mundefined[39m
[2m[WebServer] [22m≡ƒöì JWT Extractor - accessToken: NOT FOUND

[1A[2K[2m[WebServer] [22m≡ƒöÑ JwtAuthGuard: handleRequest() {
[2m[WebServer] [22m  err: [1mnull[22m,
[2m[WebServer] [22m  user: [33mfalse[39m,
[2m[WebServer] [22m  info: Error: No auth token
[2m[WebServer] [22m      at JwtStrategy.authenticate [90m(C:\Users\Bedon\Desktop\semester-5-software-project\backend\[39mnode_modules\[4mpassport-jwt[24m\lib\strategy.js:96:26[90m)[39m
[2m[WebServer] [22m      at attempt [90m(C:\Users\Bedon\Desktop\semester-5-software-project\backend\[39mnode_modules\[4mpassport[24m\lib\middleware\authenticate.js:378:16[90m)[39m
[2m[WebServer] [22m      at authenticate [90m(C:\Users\Bedon\Desktop\semester-5-software-project\backend\[39mnode_modules\[4mpassport[24m\lib\middleware\authenticate.js:379:7[90m)[39m
[2m[WebServer] [22m      at [90mC:\Users\Bedon\Desktop\semester-5-software-project\backend\[39mnode_modules\[4m@nestjs[24m\passport\dist\auth.guard.js:88:3
[2m[WebServer] [22m      at new Promise (<anonymous>)
[2m[WebServer] [22m      at [90mC:\Users\Bedon\Desktop\semester-5-software-project\backend\[39mnode_modules\[4m@nestjs[24m\passport\dist\auth.guard.js:80:83
[2m[WebServer] [22m      at JwtAuthGuard.canActivate [90m(C:\Users\Bedon\Desktop\semester-5-software-project\backend\[39mnode_modules\[4m@nestjs[24m\passport\dist\auth.guard.js:44:32[90m)[39m
[2m[WebServer] [22m  [90m    at process.processTicksAndRejections (node:internal/process/task_queues:105:5)[39m
[2m[WebServer] [22m}

[1A[2K[2m[WebServer] [22mΓ¥î JwtAuthGuard INFO: Error: No auth token
[2m[WebServer] [22m    at JwtStrategy.authenticate 
[90m(C:\Users\Bedon\Desktop\semester-5-software-project\backend\[39mnode_modules\[4mpassport-jwt[24m\lib\strategy.js:96:26[90m)[39m
[2m[WebServer] [22m    at attempt 
[90m(C:\Users\Bedon\Desktop\semester-5-software-project\backend\[39mnode_modules\[4mpassport[24m\lib\middleware\authenticate.js:378:16[90m)[39m
[2m[WebServer] [22m    at authenticate 
[90m(C:\Users\Bedon\Desktop\semester-5-software-project\backend\[39mnode_modules\[4mpassport[24m\lib\middleware\authenticate.js:379:7[90m)[39m

[2m[WebServer] [22m    at [90mC:\Users\Bedon\Desktop\semester-5-software-project\backend\[39mnode_modules\[4m@nestjs[24m\passport\dist\auth.guard.js:88:3
[2m[WebServer] [22m    at new Promise (<anonymous>)
[2m[WebServer] [22m    at 
[90mC:\Users\Bedon\Desktop\semester-5-software-project\backend\[39mnode_modules\[4m@nestjs[24m\passport\dist\auth.guard.js:80:83
[1A[2K[2m[WebServer] [22mΓ¥î JwtAuthGuard FAILING ΓåÆ No auth token
[2m[WebServer] [22m    at JwtAuthGuard.canActivate 
[90m(C:\Users\Bedon\Desktop\semester-5-software-project\backend\[39mnode_modules\[4m@nestjs[24m\passport\dist\auth.guard.js:44:32[90m)[39m
[2m[WebServer] [22m[90m    at process.processTicksAndRejections (node:internal/process/task_queues:105:5)[39m

[1A[2K[2m[WebServer] [22mVALIDATE EMPLOYEE - systemRole = {
[2m[WebServer] [22m  _id: new ObjectId([32m'6929e2de934d8e079e6f55b8'[39m),
[2m[WebServer] [22m  employeeProfileId: new ObjectId([32m'6929e2de934d8e079e6f55b6'[39m),
[2m[WebServer] [22m  roles: [ [32m'department employee'[39m ],
[2m[WebServer] [22m  permissions: [],
[2m[WebServer] [22m  isActive: [33mtrue[39m,
[2m[WebServer] [22m  createdAt: [35m2025-11-28T17:58:54.894Z[39m,
[2m[WebServer] [22m  updatedAt: [35m2025-11-28T17:58:54.894Z[39m,
[2m[WebServer] [22m  __v: [33m0[39m
[2m[WebServer] [22m}

[1A[2K[2m[WebServer] [22mGenerated token: eyJhbGciOiJIUzI1NiIsInR5cCI6IkpXVCJ9.eyJzdWIiOiI2OTI5ZTJkZTkzNGQ4ZTA3OWU2ZjU1YjYiLCJ3b3JrRW1haWwiOiJlbmdlbXAxLndvcmtAZXhhbXBsZS5jb20iLCJyb2xlcyI6WyJkZXBhcnRtZW50IGVtcGxveWVlIl0sInBlcm1pc3Npb25zIjpbXSwicHJpbWFyeURlcGFydG1lbnRJZCI6IjY5Mjc1ZDhhZmMxMTg0YTNiM2U2YzU1ZiIsImVtcGxveWVlTnVtYmVyIjoiRU1QLTEwMjYiLCJpYXQiOjE3NjU5ODE5MjUsImV4cCI6MTc2NjA2ODMyNX0.iqOZ-BRXEpov4rQE30ZDa-KspzHG3o8mhInNcqrKvOU

[1A[2K[2m[WebServer] [22m GET /leaves [32m200[39m in 19ms[2m (compile: 3ms, render: 16ms)[22m

[1A[2KΓ£à Login successful

[1A[2K≡ƒæÇ Testing View Request Details

[1A[2K[2m[WebServer] [22m≡ƒöÑ JwtAuthGuard: canActivate CALLED

[1A[2K[2m[WebServer] [22m≡ƒöì JWT Extractor - All cookies: {
[2m[WebServer] [22m  accessToken: [32m'eyJhbGciOiJIUzI1NiIsInR5cCI6IkpXVCJ9.eyJzdWIiOiI2OTI5ZTJkZTkzNGQ4ZTA3OWU2ZjU1YjYiLCJ3b3JrRW1haWwiOiJlbmdlbXAxLndvcmtAZXhhbXBsZS5jb20iLCJyb2xlcyI6WyJkZXBhcnRtZW50IGVtcGxveWVlIl0sInBlcm1pc3Npb25zIjpbXSwicHJpbWFyeURlcGFydG1lbnRJZCI6IjY5Mjc1ZDhhZmMxMTg0YTNiM2U2YzU1ZiIsImVtcGxveWVlTnVtYmVyIjoiRU1QLTEwMjYiLCJpYXQiOjE3NjU5ODE5MjUsImV4cCI6MTc2NjA2ODMyNX0.iqOZ-BRXEpov4rQE30ZDa-KspzHG3o8mhInNcqrKvOU'[39m
[2m[WebServer] [22m}
[2m[WebServer] [22m≡ƒöì JWT Extractor - Headers: accessToken=eyJhbGciOiJIUzI1NiIsInR5cCI6IkpXVCJ9.eyJzdWIiOiI2OTI5ZTJkZTkzNGQ4ZTA3OWU2ZjU1YjYiLCJ3b3JrRW1haWwiOiJlbmdlbXAxLndvcmtAZXhhbXBsZS5jb20iLCJyb2xlcyI6WyJkZXBhcnRtZW50IGVtcGxveWVlIl0sInBlcm1pc3Npb25zIjpbXSwicHJpbWFyeURlcGFydG1lbnRJZCI6IjY5Mjc1ZDhhZmMxMTg0YTNiM2U2YzU1ZiIsImVtcGxveWVlTnVtYmVyIjoiRU1QLTEwMjYiLCJpYXQiOjE3NjU5ODE5MjUsImV4cCI6MTc2NjA2ODMyNX0.iqOZ-BRXEpov4rQE30ZDa-KspzHG3o8mhInNcqrKvOU

[1A[2K[2m[WebServer] [22m≡ƒöì JWT Extractor - accessToken: FOUND

[1A[2K[2m[WebServer] [22mJwtStrategy VALIDATE: {
[2m[WebServer] [22m  sub: [32m'6929e2de934d8e079e6f55b6'[39m,
[2m[WebServer] [22m  workEmail: [32m'engemp1.work@example.com'[39m,
[2m[WebServer] [22m  roles: [ [32m'department employee'[39m ],
[2m[WebServer] [22m  permissions: [],
[2m[WebServer] [22m  primaryDepartmentId: [32m'69275d8afc1184a3b3e6c55f'[39m,
[2m[WebServer] [22m  employeeNumber: [32m'EMP-1026'[39m,
[2m[WebServer] [22m  iat: [33m1765981925[39m,
[2m[WebServer] [22m  exp: [33m1766068325[39m
[2m[WebServer] [22m}

[1A[2K[2m[WebServer] [22m≡ƒöÑ JwtAuthGuard: handleRequest() {
[2m[WebServer] [22m  err: [1mnull[22m,
[2m[WebServer] [22m  user: {
[2m[WebServer] [22m    id: [32m'6929e2de934d8e079e6f55b6'[39m,
[2m[WebServer] [22m    workEmail: [32m'engemp1.work@example.com'[39m,
[2m[WebServer] [22m    roles: [ [32m'department employee'[39m ],
[2m[WebServer] [22m    permissions: [],
[2m[WebServer] [22m    primaryDepartmentId: [32m'69275d8afc1184a3b3e6c55f'[39m,
[2m[WebServer] [22m    employeeNumber: [32m'EMP-1026'[39m
[2m[WebServer] [22m  },
[2m[WebServer] [22m  info: [90mundefined[39m
[2m[WebServer] [22m}
[2m[WebServer] [22mΓ£à JwtAuthGuard SUCCESS ΓåÆ user authenticated: 6929e2de934d8e079e6f55b6

[1A[2K[2m[WebServer] [22m≡ƒöÑ RolesGuard running!
[2m[WebServer] [22m
[2m[WebServer] [22m===== ROLE GUARD =====

[1A[2K[2m[WebServer] [22mRequired roles: [
[2m[WebServer] [22m  [32m'department employee'[39m,
[2m[WebServer] [22m  [32m'HR Employee'[39m,
[2m[WebServer] [22m  [32m'department head'[39m,
[2m[WebServer] [22m  [32m'HR Manager'[39m,
[2m[WebServer] [22m  [32m'HR Admin'[39m,
[2m[WebServer] [22m  [32m'System Admin'[39m
[2m[WebServer] [22m]
[2m[WebServer] [22mUser object: {
[2m[WebServer] [22m  id: [32m'6929e2de934d8e079e6f55b6'[39m,
[2m[WebServer] [22m  workEmail: [32m'engemp1.work@example.com'[39m,
[2m[WebServer] [22m  roles: [ [32m'department employee'[39m ],
[2m[WebServer] [22m  permissions: [],
[2m[WebServer] [22m  primaryDepartmentId: [32m'69275d8afc1184a3b3e6c55f'[39m,
[2m[WebServer] [22m  employeeNumber: [32m'EMP-1026'[39m
[2m[WebServer] [22m}

[1A[2K[2m[WebServer] [22mNormalized user roles: [ [32m'department employee'[39m ]
[2m[WebServer] [22mNormalized required roles: [
[2m[WebServer] [22m  [32m'department employee'[39m,
[2m[WebServer] [22m  [32m'hr employee'[39m,
[2m[WebServer] [22m  [32m'department head'[39m,
[2m[WebServer] [22m  [32m'hr manager'[39m,
[2m[WebServer] [22m  [32m'hr admin'[39m,
[2m[WebServer] [22m  [32m'system admin'[39m
[2m[WebServer] [22m]

[1A[2K[2m[WebServer] [22mHas required role? [33mtrue[39m
[2m[WebServer] [22mΓ£ö ACCESS GRANTED Γ£ö

[1A[2K[2m[WebServer] [22m≡ƒöì [TrackingController] getMyBalances: {
[2m[WebServer] [22m  query: [Object: null prototype] {},
[2m[WebServer] [22m  userId: [32m'6929e2de934d8e079e6f55b6'[39m
[2m[WebServer] [22m}

[1A[2K[2m[WebServer] [22m≡ƒöÑ JwtAuthGuard: canActivate CALLED

[1A[2K[2m[WebServer] [22m≡ƒöì JWT Extractor - All cookies: {
[2m[WebServer] [22m  accessToken: [32m'eyJhbGciOiJIUzI1NiIsInR5cCI6IkpXVCJ9.eyJzdWIiOiI2OTI5ZTJkZTkzNGQ4ZTA3OWU2ZjU1YjYiLCJ3b3JrRW1haWwiOiJlbmdlbXAxLndvcmtAZXhhbXBsZS5jb20iLCJyb2xlcyI6WyJkZXBhcnRtZW50IGVtcGxveWVlIl0sInBlcm1pc3Npb25zIjpbXSwicHJpbWFyeURlcGFydG1lbnRJZCI6IjY5Mjc1ZDhhZmMxMTg0YTNiM2U2YzU1ZiIsImVtcGxveWVlTnVtYmVyIjoiRU1QLTEwMjYiLCJpYXQiOjE3NjU5ODE5MjUsImV4cCI6MTc2NjA2ODMyNX0.iqOZ-BRXEpov4rQE30ZDa-KspzHG3o8mhInNcqrKvOU'[39m
[2m[WebServer] [22m}

[1A[2K[2m[WebServer] [22m≡ƒöì JWT Extractor - Headers: accessToken=eyJhbGciOiJIUzI1NiIsInR5cCI6IkpXVCJ9.eyJzdWIiOiI2OTI5ZTJkZTkzNGQ4ZTA3OWU2ZjU1YjYiLCJ3b3JrRW1haWwiOiJlbmdlbXAxLndvcmtAZXhhbXBsZS5jb20iLCJyb2xlcyI6WyJkZXBhcnRtZW50IGVtcGxveWVlIl0sInBlcm1pc3Npb25zIjpbXSwicHJpbWFyeURlcGFydG1lbnRJZCI6IjY5Mjc1ZDhhZmMxMTg0YTNiM2U2YzU1ZiIsImVtcGxveWVlTnVtYmVyIjoiRU1QLTEwMjYiLCJpYXQiOjE3NjU5ODE5MjUsImV4cCI6MTc2NjA2ODMyNX0.iqOZ-BRXEpov4rQE30ZDa-KspzHG3o8mhInNcqrKvOU
[2m[WebServer] [22m≡ƒöì JWT Extractor - accessToken: FOUND

[1A[2K[2m[WebServer] [22mJwtStrategy VALIDATE: {
[2m[WebServer] [22m  sub: [32m'6929e2de934d8e079e6f55b6'[39m,
[2m[WebServer] [22m  workEmail: [32m'engemp1.work@example.com'[39m,
[2m[WebServer] [22m  roles: [ [32m'department employee'[39m ],
[2m[WebServer] [22m  permissions: [],
[2m[WebServer] [22m  primaryDepartmentId: [32m'69275d8afc1184a3b3e6c55f'[39m,
[2m[WebServer] [22m  employeeNumber: [32m'EMP-1026'[39m,
[2m[WebServer] [22m  iat: [33m1765981925[39m,
[2m[WebServer] [22m  exp: [33m1766068325[39m
[2m[WebServer] [22m}

[1A[2K[2m[WebServer] [22m≡ƒöÑ JwtAuthGuard: handleRequest() {
[2m[WebServer] [22m  err: [1mnull[22m,
[2m[WebServer] [22m  user: {
[2m[WebServer] [22m    id: [32m'6929e2de934d8e079e6f55b6'[39m,
[2m[WebServer] [22m    workEmail: [32m'engemp1.work@example.com'[39m,
[2m[WebServer] [22m    roles: [ [32m'department employee'[39m ],
[2m[WebServer] [22m    permissions: [],
[2m[WebServer] [22m    primaryDepartmentId: [32m'69275d8afc1184a3b3e6c55f'[39m,
[2m[WebServer] [22m    employeeNumber: [32m'EMP-1026'[39m
[2m[WebServer] [22m  },
[2m[WebServer] [22m  info: [90mundefined[39m
[2m[WebServer] [22m}
[2m[WebServer] [22mΓ£à JwtAuthGuard SUCCESS ΓåÆ user authenticated: 6929e2de934d8e079e6f55b6

[1A[2K[2m[WebServer] [22m≡ƒöÑ RolesGuard running!
[2m[WebServer] [22m
[2m[WebServer] [22m===== ROLE GUARD =====
[2m[WebServer] [22mRequired roles: [
[2m[WebServer] [22m  [32m'department employee'[39m,
[2m[WebServer] [22m  [32m'HR Employee'[39m,
[2m[WebServer] [22m  [32m'department head'[39m,
[2m[WebServer] [22m  [32m'HR Manager'[39m,
[2m[WebServer] [22m  [32m'HR Admin'[39m,
[2m[WebServer] [22m  [32m'System Admin'[39m
[2m[WebServer] [22m]

[1A[2K[2m[WebServer] [22mUser object: {
[2m[WebServer] [22m  id: [32m'6929e2de934d8e079e6f55b6'[39m,
[2m[WebServer] [22m  workEmail: [32m'engemp1.work@example.com'[39m,
[2m[WebServer] [22m  roles: [ [32m'department employee'[39m ],
[2m[WebServer] [22m  permissions: [],
[2m[WebServer] [22m  primaryDepartmentId: [32m'69275d8afc1184a3b3e6c55f'[39m,
[2m[WebServer] [22m  employeeNumber: [32m'EMP-1026'[39m
[2m[WebServer] [22m}
[2m[WebServer] [22mNormalized user roles: [ [32m'department employee'[39m ]

[1A[2K[2m[WebServer] [22mNormalized required roles: [
[2m[WebServer] [22m  [32m'department employee'[39m,
[2m[WebServer] [22m  [32m'hr employee'[39m,
[2m[WebServer] [22m  [32m'department head'[39m,
[2m[WebServer] [22m  [32m'hr manager'[39m,
[2m[WebServer] [22m  [32m'hr admin'[39m,
[2m[WebServer] [22m  [32m'system admin'[39m
[2m[WebServer] [22m]
[2m[WebServer] [22mHas required role? [33mtrue[39m
[2m[WebServer] [22mΓ£ö ACCESS GRANTED Γ£ö

[1A[2K[2m[WebServer] [22m≡ƒöì [TrackingController] getMyHistory: {
[2m[WebServer] [22m  filters: [Object: null prototype] {},
[2m[WebServer] [22m  userId: [32m'6929e2de934d8e079e6f55b6'[39m
[2m[WebServer] [22m}

[1A[2K[2m[WebServer] [22m GET /leaves/my-leaves [32m200[39m in 54ms[2m (compile: 2ms, render: 52ms)[22m

[1A[2K[2m[WebServer] [22m≡ƒöÑ JwtAuthGuard: canActivate CALLED

[1A[2K[2m[WebServer] [22m≡ƒöì JWT Extractor - All cookies: {
[2m[WebServer] [22m  accessToken: [32m'eyJhbGciOiJIUzI1NiIsInR5cCI6IkpXVCJ9.eyJzdWIiOiI2OTI5ZTJkZTkzNGQ4ZTA3OWU2ZjU1YjYiLCJ3b3JrRW1haWwiOiJlbmdlbXAxLndvcmtAZXhhbXBsZS5jb20iLCJyb2xlcyI6WyJkZXBhcnRtZW50IGVtcGxveWVlIl0sInBlcm1pc3Npb25zIjpbXSwicHJpbWFyeURlcGFydG1lbnRJZCI6IjY5Mjc1ZDhhZmMxMTg0YTNiM2U2YzU1ZiIsImVtcGxveWVlTnVtYmVyIjoiRU1QLTEwMjYiLCJpYXQiOjE3NjU5ODE5MjUsImV4cCI6MTc2NjA2ODMyNX0.iqOZ-BRXEpov4rQE30ZDa-KspzHG3o8mhInNcqrKvOU'[39m
[2m[WebServer] [22m}
[2m[WebServer] [22m≡ƒöì JWT Extractor - Headers: accessToken=eyJhbGciOiJIUzI1NiIsInR5cCI6IkpXVCJ9.eyJzdWIiOiI2OTI5ZTJkZTkzNGQ4ZTA3OWU2ZjU1YjYiLCJ3b3JrRW1haWwiOiJlbmdlbXAxLndvcmtAZXhhbXBsZS5jb20iLCJyb2xlcyI6WyJkZXBhcnRtZW50IGVtcGxveWVlIl0sInBlcm1pc3Npb25zIjpbXSwicHJpbWFyeURlcGFydG1lbnRJZCI6IjY5Mjc1ZDhhZmMxMTg0YTNiM2U2YzU1ZiIsImVtcGxveWVlTnVtYmVyIjoiRU1QLTEwMjYiLCJpYXQiOjE3NjU5ODE5MjUsImV4cCI6MTc2NjA2ODMyNX0.iqOZ-BRXEpov4rQE30ZDa-KspzHG3o8mhInNcqrKvOU
[2m[WebServer] [22m≡ƒöì JWT Extractor - accessToken: FOUND

[1A[2K[2m[WebServer] [22mJwtStrategy VALIDATE: {
[2m[WebServer] [22m  sub: [32m'6929e2de934d8e079e6f55b6'[39m,
[2m[WebServer] [22m  workEmail: [32m'engemp1.work@example.com'[39m,
[2m[WebServer] [22m  roles: [ [32m'department employee'[39m ],
[2m[WebServer] [22m  permissions: [],
[2m[WebServer] [22m  primaryDepartmentId: [32m'69275d8afc1184a3b3e6c55f'[39m,
[2m[WebServer] [22m  employeeNumber: [32m'EMP-1026'[39m,
[2m[WebServer] [22m  iat: [33m1765981925[39m,
[2m[WebServer] [22m  exp: [33m1766068325[39m
[2m[WebServer] [22m}

[1A[2K[2m[WebServer] [22m≡ƒöÑ JwtAuthGuard: handleRequest() {
[2m[WebServer] [22m  err: [1mnull[22m,
[2m[WebServer] [22m  user: {
[2m[WebServer] [22m    id: [32m'6929e2de934d8e079e6f55b6'[39m,
[2m[WebServer] [22m    workEmail: [32m'engemp1.work@example.com'[39m,
[2m[WebServer] [22m    roles: [ [32m'department employee'[39m ],
[2m[WebServer] [22m    permissions: [],
[2m[WebServer] [22m    primaryDepartmentId: [32m'69275d8afc1184a3b3e6c55f'[39m,
[2m[WebServer] [22m    employeeNumber: [32m'EMP-1026'[39m
[2m[WebServer] [22m  },
[2m[WebServer] [22m  info: [90mundefined[39m
[2m[WebServer] [22m}
[2m[WebServer] [22mΓ£à JwtAuthGuard SUCCESS ΓåÆ user authenticated: 6929e2de934d8e079e6f55b6

[1A[2K[2m[WebServer] [22m≡ƒöì [LeaveTypeController] findAll

[1A[2K[2m[WebServer] [22m≡ƒöÑ JwtAuthGuard: canActivate CALLED

[1A[2K[2m[WebServer] [22m≡ƒöì JWT Extractor - All cookies: {
[2m[WebServer] [22m  accessToken: [32m'eyJhbGciOiJIUzI1NiIsInR5cCI6IkpXVCJ9.eyJzdWIiOiI2OTI5ZTJkZTkzNGQ4ZTA3OWU2ZjU1YjYiLCJ3b3JrRW1haWwiOiJlbmdlbXAxLndvcmtAZXhhbXBsZS5jb20iLCJyb2xlcyI6WyJkZXBhcnRtZW50IGVtcGxveWVlIl0sInBlcm1pc3Npb25zIjpbXSwicHJpbWFyeURlcGFydG1lbnRJZCI6IjY5Mjc1ZDhhZmMxMTg0YTNiM2U2YzU1ZiIsImVtcGxveWVlTnVtYmVyIjoiRU1QLTEwMjYiLCJpYXQiOjE3NjU5ODE5MjUsImV4cCI6MTc2NjA2ODMyNX0.iqOZ-BRXEpov4rQE30ZDa-KspzHG3o8mhInNcqrKvOU'[39m
[2m[WebServer] [22m}

[1A[2K[2m[WebServer] [22m≡ƒöì JWT Extractor - Headers: accessToken=eyJhbGciOiJIUzI1NiIsInR5cCI6IkpXVCJ9.eyJzdWIiOiI2OTI5ZTJkZTkzNGQ4ZTA3OWU2ZjU1YjYiLCJ3b3JrRW1haWwiOiJlbmdlbXAxLndvcmtAZXhhbXBsZS5jb20iLCJyb2xlcyI6WyJkZXBhcnRtZW50IGVtcGxveWVlIl0sInBlcm1pc3Npb25zIjpbXSwicHJpbWFyeURlcGFydG1lbnRJZCI6IjY5Mjc1ZDhhZmMxMTg0YTNiM2U2YzU1ZiIsImVtcGxveWVlTnVtYmVyIjoiRU1QLTEwMjYiLCJpYXQiOjE3NjU5ODE5MjUsImV4cCI6MTc2NjA2ODMyNX0.iqOZ-BRXEpov4rQE30ZDa-KspzHG3o8mhInNcqrKvOU
[2m[WebServer] [22m≡ƒöì JWT Extractor - accessToken: FOUND

[1A[2K[2m[WebServer] [22mJwtStrategy VALIDATE: {
[2m[WebServer] [22m  sub: [32m'6929e2de934d8e079e6f55b6'[39m,
[2m[WebServer] [22m  workEmail: [32m'engemp1.work@example.com'[39m,
[2m[WebServer] [22m  roles: [ [32m'department employee'[39m ],
[2m[WebServer] [22m  permissions: [],
[2m[WebServer] [22m  primaryDepartmentId: [32m'69275d8afc1184a3b3e6c55f'[39m,
[2m[WebServer] [22m  employeeNumber: [32m'EMP-1026'[39m,
[2m[WebServer] [22m  iat: [33m1765981925[39m,
[2m[WebServer] [22m  exp: [33m1766068325[39m
[2m[WebServer] [22m}

[1A[2K[2m[WebServer] [22m≡ƒöÑ JwtAuthGuard: handleRequest() {
[2m[WebServer] [22m  err: [1mnull[22m,
[2m[WebServer] [22m  user: {
[2m[WebServer] [22m    id: [32m'6929e2de934d8e079e6f55b6'[39m,
[2m[WebServer] [22m    workEmail: [32m'engemp1.work@example.com'[39m,
[2m[WebServer] [22m    roles: [ [32m'department employee'[39m ],
[2m[WebServer] [22m    permissions: [],
[2m[WebServer] [22m    primaryDepartmentId: [32m'69275d8afc1184a3b3e6c55f'[39m,
[2m[WebServer] [22m    employeeNumber: [32m'EMP-1026'[39m
[2m[WebServer] [22m  },
[2m[WebServer] [22m  info: [90mundefined[39m
[2m[WebServer] [22m}
[2m[WebServer] [22mΓ£à JwtAuthGuard SUCCESS ΓåÆ user authenticated: 6929e2de934d8e079e6f55b6

[1A[2K[2m[WebServer] [22m≡ƒöÑ RolesGuard running!
[2m[WebServer] [22m
[2m[WebServer] [22m===== ROLE GUARD =====

[1A[2K[2m[WebServer] [22mRequired roles: [
[2m[WebServer] [22m  [32m'department employee'[39m,
[2m[WebServer] [22m  [32m'HR Employee'[39m,
[2m[WebServer] [22m  [32m'department head'[39m,
[2m[WebServer] [22m  [32m'HR Manager'[39m,
[2m[WebServer] [22m  [32m'HR Admin'[39m,
[2m[WebServer] [22m  [32m'System Admin'[39m
[2m[WebServer] [22m]
[2m[WebServer] [22mUser object: {
[2m[WebServer] [22m  id: [32m'6929e2de934d8e079e6f55b6'[39m,
[2m[WebServer] [22m  workEmail: [32m'engemp1.work@example.com'[39m,
[2m[WebServer] [22m  roles: [ [32m'department employee'[39m ],
[2m[WebServer] [22m  permissions: [],
[2m[WebServer] [22m  primaryDepartmentId: [32m'69275d8afc1184a3b3e6c55f'[39m,
[2m[WebServer] [22m  employeeNumber: [32m'EMP-1026'[39m
[2m[WebServer] [22m}

[1A[2K[2m[WebServer] [22mNormalized user roles: [ [32m'department employee'[39m ]
[2m[WebServer] [22mNormalized required roles: [
[2m[WebServer] [22m  [32m'department employee'[39m,
[2m[WebServer] [22m  [32m'hr employee'[39m,
[2m[WebServer] [22m  [32m'department head'[39m,
[2m[WebServer] [22m  [32m'hr manager'[39m,
[2m[WebServer] [22m  [32m'hr admin'[39m,
[2m[WebServer] [22m  [32m'system admin'[39m
[2m[WebServer] [22m]
[2m[WebServer] [22mHas required role? [33mtrue[39m

[1A[2K[2m[WebServer] [22mΓ£ö ACCESS GRANTED Γ£ö

[1A[2K[2m[WebServer] [22m≡ƒöì [TrackingController] getMyBalances: {
[2m[WebServer] [22m  query: [Object: null prototype] {},
[2m[WebServer] [22m  userId: [32m'6929e2de934d8e079e6f55b6'[39m
[2m[WebServer] [22m}

[1A[2K[2m[WebServer] [22m≡ƒöÑ JwtAuthGuard: canActivate CALLED

[1A[2K[2m[WebServer] [22m≡ƒöì JWT Extractor - All cookies: {
[2m[WebServer] [22m  accessToken: [32m'eyJhbGciOiJIUzI1NiIsInR5cCI6IkpXVCJ9.eyJzdWIiOiI2OTI5ZTJkZTkzNGQ4ZTA3OWU2ZjU1YjYiLCJ3b3JrRW1haWwiOiJlbmdlbXAxLndvcmtAZXhhbXBsZS5jb20iLCJyb2xlcyI6WyJkZXBhcnRtZW50IGVtcGxveWVlIl0sInBlcm1pc3Npb25zIjpbXSwicHJpbWFyeURlcGFydG1lbnRJZCI6IjY5Mjc1ZDhhZmMxMTg0YTNiM2U2YzU1ZiIsImVtcGxveWVlTnVtYmVyIjoiRU1QLTEwMjYiLCJpYXQiOjE3NjU5ODE5MjUsImV4cCI6MTc2NjA2ODMyNX0.iqOZ-BRXEpov4rQE30ZDa-KspzHG3o8mhInNcqrKvOU'[39m
[2m[WebServer] [22m}

[1A[2K[2m[WebServer] [22m≡ƒöì JWT Extractor - Headers: accessToken=eyJhbGciOiJIUzI1NiIsInR5cCI6IkpXVCJ9.eyJzdWIiOiI2OTI5ZTJkZTkzNGQ4ZTA3OWU2ZjU1YjYiLCJ3b3JrRW1haWwiOiJlbmdlbXAxLndvcmtAZXhhbXBsZS5jb20iLCJyb2xlcyI6WyJkZXBhcnRtZW50IGVtcGxveWVlIl0sInBlcm1pc3Npb25zIjpbXSwicHJpbWFyeURlcGFydG1lbnRJZCI6IjY5Mjc1ZDhhZmMxMTg0YTNiM2U2YzU1ZiIsImVtcGxveWVlTnVtYmVyIjoiRU1QLTEwMjYiLCJpYXQiOjE3NjU5ODE5MjUsImV4cCI6MTc2NjA2ODMyNX0.iqOZ-BRXEpov4rQE30ZDa-KspzHG3o8mhInNcqrKvOU
[2m[WebServer] [22m≡ƒöì JWT Extractor - accessToken: FOUND

[1A[2K[2m[WebServer] [22mJwtStrategy VALIDATE: {
[2m[WebServer] [22m  sub: [32m'6929e2de934d8e079e6f55b6'[39m,
[2m[WebServer] [22m  workEmail: [32m'engemp1.work@example.com'[39m,
[2m[WebServer] [22m  roles: [ [32m'department employee'[39m ],
[2m[WebServer] [22m  permissions: [],
[2m[WebServer] [22m  primaryDepartmentId: [32m'69275d8afc1184a3b3e6c55f'[39m,
[2m[WebServer] [22m  employeeNumber: [32m'EMP-1026'[39m,
[2m[WebServer] [22m  iat: [33m1765981925[39m,
[2m[WebServer] [22m  exp: [33m1766068325[39m
[2m[WebServer] [22m}

[1A[2K[2m[WebServer] [22m≡ƒöÑ JwtAuthGuard: handleRequest() {
[2m[WebServer] [22m  err: [1mnull[22m,
[2m[WebServer] [22m  user: {
[2m[WebServer] [22m    id: [32m'6929e2de934d8e079e6f55b6'[39m,
[2m[WebServer] [22m    workEmail: [32m'engemp1.work@example.com'[39m,
[2m[WebServer] [22m    roles: [ [32m'department employee'[39m ],
[2m[WebServer] [22m    permissions: [],
[2m[WebServer] [22m    primaryDepartmentId: [32m'69275d8afc1184a3b3e6c55f'[39m,
[2m[WebServer] [22m    employeeNumber: [32m'EMP-1026'[39m
[2m[WebServer] [22m  },
[2m[WebServer] [22m  info: [90mundefined[39m
[2m[WebServer] [22m}
[2m[WebServer] [22mΓ£à JwtAuthGuard SUCCESS ΓåÆ user authenticated: 6929e2de934d8e079e6f55b6

[1A[2K[2m[WebServer] [22m≡ƒöÑ RolesGuard running!
[2m[WebServer] [22m
[2m[WebServer] [22m===== ROLE GUARD =====
[2m[WebServer] [22mRequired roles: [
[2m[WebServer] [22m  [32m'department employee'[39m,
[2m[WebServer] [22m  [32m'HR Employee'[39m,
[2m[WebServer] [22m  [32m'department head'[39m,
[2m[WebServer] [22m  [32m'HR Manager'[39m,
[2m[WebServer] [22m  [32m'HR Admin'[39m,
[2m[WebServer] [22m  [32m'System Admin'[39m
[2m[WebServer] [22m]

[1A[2K[2m[WebServer] [22mUser object: {
[2m[WebServer] [22m  id: [32m'6929e2de934d8e079e6f55b6'[39m,
[2m[WebServer] [22m  workEmail: [32m'engemp1.work@example.com'[39m,
[2m[WebServer] [22m  roles: [ [32m'department employee'[39m ],
[2m[WebServer] [22m  permissions: [],
[2m[WebServer] [22m  primaryDepartmentId: [32m'69275d8afc1184a3b3e6c55f'[39m,
[2m[WebServer] [22m  employeeNumber: [32m'EMP-1026'[39m
[2m[WebServer] [22m}
[2m[WebServer] [22mNormalized user roles: [ [32m'department employee'[39m ]

[1A[2K[2m[WebServer] [22mNormalized required roles: [
[2m[WebServer] [22m  [32m'department employee'[39m,
[2m[WebServer] [22m  [32m'hr employee'[39m,
[2m[WebServer] [22m  [32m'department head'[39m,
[2m[WebServer] [22m  [32m'hr manager'[39m,
[2m[WebServer] [22m  [32m'hr admin'[39m,
[2m[WebServer] [22m  [32m'system admin'[39m
[2m[WebServer] [22m]
[2m[WebServer] [22mHas required role? [33mtrue[39m
[2m[WebServer] [22mΓ£ö ACCESS GRANTED Γ£ö

[1A[2K[2m[WebServer] [22m≡ƒöì [RequestsController] getMyRequests: { userId: [90mundefined[39m }

[1A[2K
================================================================================

[1A[2K≡ƒÄë ALL LEAVE MANAGEMENT TESTS COMPLETED

[1A[2K================================================================================

[1A[2KΓ£à Employee 1 (EMP-1026): All scenarios tested

[1A[2KΓ£à Employee 2 (EMP-1027): Low balance scenarios tested

[1A[2KΓ£à Manager (EMP-1025): Approval workflows tested

[1A[2KΓ£à HR (EMP-1019): System-wide management tested

[1A[2K================================================================================


[1A[2K  6) [chromium] ΓÇ║ leave-tests.spec.ts:433:7 ΓÇ║ ≡ƒºæ EMPLOYEE 1 (EMP-1026 - Engineering) - All Scenarios ΓÇ║ Γ£à E1-E3: View request details 

    Error: [2mexpect([22m[31mlocator[39m[2m).[22mtoBeVisible[2m([22m[2m)[22m failed

    Locator: locator('text=/my requests/i, text=/leave requests/i')
    Expected: visible
    Timeout: 5000ms
    Error: element(s) not found

    Call log:
    [2m  - Expect "toBeVisible" with timeout 5000ms[22m
    [2m  - waiting for locator('text=/my requests/i, text=/leave requests/i')[22m


      437 |     
      438 |     // Should see request list
    > 439 |     await expect(page.locator('text=/my requests/i, text=/leave requests/i')).toBeVisible({ timeout: 5000 });
          |                                                                               ^
      440 |     
      441 |     // Click on first request
      442 |     const firstRequest = page.locator('[data-testid="request-row"], .request-item, .request-card, tr[data-request-id]').first();
        at C:\Users\Bedon\Desktop\semester-5-software-project\leave-tests.spec.ts:439:79

    attachment #1: screenshot (image/png) ΓöÇΓöÇΓöÇΓöÇΓöÇΓöÇΓöÇΓöÇΓöÇΓöÇΓöÇΓöÇΓöÇΓöÇΓöÇΓöÇΓöÇΓöÇΓöÇΓöÇΓöÇΓöÇΓöÇΓöÇΓöÇΓöÇΓöÇΓöÇΓöÇΓöÇΓöÇΓöÇΓöÇΓöÇΓöÇΓöÇΓöÇΓöÇΓöÇΓöÇΓöÇΓöÇΓöÇΓöÇΓöÇΓöÇΓöÇΓöÇΓöÇΓöÇΓöÇΓöÇΓöÇΓöÇΓöÇΓöÇΓöÇΓöÇ
    test-results\leave-tests-≡ƒºæ-EMPLOYEE-1--8d5a3--E1-E3-View-request-details-chromium\test-failed-1.png
    ΓöÇΓöÇΓöÇΓöÇΓöÇΓöÇΓöÇΓöÇΓöÇΓöÇΓöÇΓöÇΓöÇΓöÇΓöÇΓöÇΓöÇΓöÇΓöÇΓöÇΓöÇΓöÇΓöÇΓöÇΓöÇΓöÇΓöÇΓöÇΓöÇΓöÇΓöÇΓöÇΓöÇΓöÇΓöÇΓöÇΓöÇΓöÇΓöÇΓöÇΓöÇΓöÇΓöÇΓöÇΓöÇΓöÇΓöÇΓöÇΓöÇΓöÇΓöÇΓöÇΓöÇΓöÇΓöÇΓöÇΓöÇΓöÇΓöÇΓöÇΓöÇΓöÇΓöÇΓöÇΓöÇΓöÇΓöÇΓöÇΓöÇΓöÇΓöÇΓöÇΓöÇΓöÇΓöÇΓöÇΓöÇΓöÇΓöÇΓöÇΓöÇΓöÇΓöÇΓöÇΓöÇΓöÇΓöÇΓöÇΓöÇΓöÇΓöÇΓöÇΓöÇΓöÇΓöÇΓöÇ

    attachment #2: video (video/webm) ΓöÇΓöÇΓöÇΓöÇΓöÇΓöÇΓöÇΓöÇΓöÇΓöÇΓöÇΓöÇΓöÇΓöÇΓöÇΓöÇΓöÇΓöÇΓöÇΓöÇΓöÇΓöÇΓöÇΓöÇΓöÇΓöÇΓöÇΓöÇΓöÇΓöÇΓöÇΓöÇΓöÇΓöÇΓöÇΓöÇΓöÇΓöÇΓöÇΓöÇΓöÇΓöÇΓöÇΓöÇΓöÇΓöÇΓöÇΓöÇΓöÇΓöÇΓöÇΓöÇΓöÇΓöÇΓöÇΓöÇΓöÇΓöÇΓöÇΓöÇΓöÇΓöÇ
    test-results\leave-tests-≡ƒºæ-EMPLOYEE-1--8d5a3--E1-E3-View-request-details-chromium\video.webm
    ΓöÇΓöÇΓöÇΓöÇΓöÇΓöÇΓöÇΓöÇΓöÇΓöÇΓöÇΓöÇΓöÇΓöÇΓöÇΓöÇΓöÇΓöÇΓöÇΓöÇΓöÇΓöÇΓöÇΓöÇΓöÇΓöÇΓöÇΓöÇΓöÇΓöÇΓöÇΓöÇΓöÇΓöÇΓöÇΓöÇΓöÇΓöÇΓöÇΓöÇΓöÇΓöÇΓöÇΓöÇΓöÇΓöÇΓöÇΓöÇΓöÇΓöÇΓöÇΓöÇΓöÇΓöÇΓöÇΓöÇΓöÇΓöÇΓöÇΓöÇΓöÇΓöÇΓöÇΓöÇΓöÇΓöÇΓöÇΓöÇΓöÇΓöÇΓöÇΓöÇΓöÇΓöÇΓöÇΓöÇΓöÇΓöÇΓöÇΓöÇΓöÇΓöÇΓöÇΓöÇΓöÇΓöÇΓöÇΓöÇΓöÇΓöÇΓöÇΓöÇΓöÇΓöÇΓöÇΓöÇ

    Error Context: test-results\leave-tests-≡ƒºæ-EMPLOYEE-1--8d5a3--E1-E3-View-request-details-chromium\error-context.md


[1A[2K[11/35] [chromium] ΓÇ║ leave-tests.spec.ts:453:7 ΓÇ║ ≡ƒºæ EMPLOYEE 1 (EMP-1026 - Engineering) - All Scenarios ΓÇ║ Γ£à E2: Modify draft request
[1A[2K[chromium] ΓÇ║ leave-tests.spec.ts:453:7 ΓÇ║ ≡ƒºæ EMPLOYEE 1 (EMP-1026 - Engineering) - All Scenarios ΓÇ║ Γ£à E2: Modify draft request
≡ƒöÉ Logging in as: engemp1.work@example.com

[1A[2K[2m[WebServer] [22m GET /login [32m200[39m in 40ms[2m (compile: 3ms, render: 37ms)[22m

[1A[2K[2m[WebServer] [22m≡ƒöÑ JwtAuthGuard: canActivate CALLED

[1A[2K[2m[WebServer] [22m≡ƒöì JWT Extractor - All cookies: [Object: null prototype] {}
[2m[WebServer] [22m≡ƒöì JWT Extractor - Headers: [90mundefined[39m
[2m[WebServer] [22m≡ƒöì JWT Extractor - accessToken: NOT FOUND

[1A[2K[2m[WebServer] [22m≡ƒöÑ JwtAuthGuard: handleRequest() {
[2m[WebServer] [22m  err: [1mnull[22m,
[2m[WebServer] [22m  user: [33mfalse[39m,
[2m[WebServer] [22m  info: Error: No auth token
[2m[WebServer] [22m      at JwtStrategy.authenticate [90m(C:\Users\Bedon\Desktop\semester-5-software-project\backend\[39mnode_modules\[4mpassport-jwt[24m\lib\strategy.js:96:26[90m)[39m
[2m[WebServer] [22m      at attempt [90m(C:\Users\Bedon\Desktop\semester-5-software-project\backend\[39mnode_modules\[4mpassport[24m\lib\middleware\authenticate.js:378:16[90m)[39m
[2m[WebServer] [22m      at authenticate [90m(C:\Users\Bedon\Desktop\semester-5-software-project\backend\[39mnode_modules\[4mpassport[24m\lib\middleware\authenticate.js:379:7[90m)[39m
[2m[WebServer] [22m      at [90mC:\Users\Bedon\Desktop\semester-5-software-project\backend\[39mnode_modules\[4m@nestjs[24m\passport\dist\auth.guard.js:88:3
[2m[WebServer] [22m      at new Promise (<anonymous>)
[2m[WebServer] [22m      at [90mC:\Users\Bedon\Desktop\semester-5-software-project\backend\[39mnode_modules\[4m@nestjs[24m\passport\dist\auth.guard.js:80:83
[2m[WebServer] [22m      at JwtAuthGuard.canActivate [90m(C:\Users\Bedon\Desktop\semester-5-software-project\backend\[39mnode_modules\[4m@nestjs[24m\passport\dist\auth.guard.js:44:32[90m)[39m
[2m[WebServer] [22m  [90m    at process.processTicksAndRejections (node:internal/process/task_queues:105:5)[39m
[2m[WebServer] [22m}

[1A[2K[2m[WebServer] [22mΓ¥î JwtAuthGuard INFO: Error: No auth token
[2m[WebServer] [22m    at JwtStrategy.authenticate 
[90m(C:\Users\Bedon\Desktop\semester-5-software-project\backend\[39mnode_modules\[4mpassport-jwt[24m\lib\strategy.js:96:26[90m)[39m

[2m[WebServer] [22m    at attempt 
[90m(C:\Users\Bedon\Desktop\semester-5-software-project\backend\[39mnode_modules\[4mpassport[24m\lib\middleware\authenticate.js:378:16[90m)[39m
[2m[WebServer] [22m    at authenticate 
[90m(C:\Users\Bedon\Desktop\semester-5-software-project\backend\[39mnode_modules\[4mpassport[24m\lib\middleware\authenticate.js:379:7[90m)[39m
[2m[WebServer] [22m    at [90mC:\Users\Bedon\Desktop\semester-5-software-project\backend\[39mnode_modules\[4m@nestjs[24m\passport\dist\auth.guard.js:88:3
[2m[WebServer] [22m    at new Promise (<anonymous>)
[2m[WebServer] [22m    at 
[90mC:\Users\Bedon\Desktop\semester-5-software-project\backend\[39mnode_modules\[4m@nestjs[24m\passport\dist\auth.guard.js:80:83
[2m[WebServer] [22m    at JwtAuthGuard.canActivate 
[90m(C:\Users\Bedon\Desktop\semester-5-software-project\backend\[39mnode_modules\[4m@nestjs[24m\passport\dist\auth.guard.js:44:32[90m)[39m
[2m[WebServer] [22m[90m    at process.processTicksAndRejections (node:internal/process/task_queues:105:5)[39m
[1A[2K[2m[WebServer] [22mΓ¥î JwtAuthGuard FAILING ΓåÆ No auth token

[1A[2K[2m[WebServer] [22mVALIDATE EMPLOYEE - systemRole = {
[2m[WebServer] [22m  _id: new ObjectId([32m'6929e2de934d8e079e6f55b8'[39m),
[2m[WebServer] [22m  employeeProfileId: new ObjectId([32m'6929e2de934d8e079e6f55b6'[39m),
[2m[WebServer] [22m  roles: [ [32m'department employee'[39m ],
[2m[WebServer] [22m  permissions: [],
[2m[WebServer] [22m  isActive: [33mtrue[39m,
[2m[WebServer] [22m  createdAt: [35m2025-11-28T17:58:54.894Z[39m,
[2m[WebServer] [22m  updatedAt: [35m2025-11-28T17:58:54.894Z[39m,
[2m[WebServer] [22m  __v: [33m0[39m
[2m[WebServer] [22m}

[1A[2K[2m[WebServer] [22mGenerated token: eyJhbGciOiJIUzI1NiIsInR5cCI6IkpXVCJ9.eyJzdWIiOiI2OTI5ZTJkZTkzNGQ4ZTA3OWU2ZjU1YjYiLCJ3b3JrRW1haWwiOiJlbmdlbXAxLndvcmtAZXhhbXBsZS5jb20iLCJyb2xlcyI6WyJkZXBhcnRtZW50IGVtcGxveWVlIl0sInBlcm1pc3Npb25zIjpbXSwicHJpbWFyeURlcGFydG1lbnRJZCI6IjY5Mjc1ZDhhZmMxMTg0YTNiM2U2YzU1ZiIsImVtcGxveWVlTnVtYmVyIjoiRU1QLTEwMjYiLCJpYXQiOjE3NjU5ODE5MzIsImV4cCI6MTc2NjA2ODMzMn0.gSDLuwmEU-zJgKEAdOla__6Ks5SzGWqB9cay7xsb3DI

[1A[2K[2m[WebServer] [22m GET /leaves [32m200[39m in 17ms[2m (compile: 3ms, render: 14ms)[22m

[1A[2KΓ£à Login successful

[1A[2KΓ£Å∩╕Å Testing Modify Draft Request

[1A[2K[2m[WebServer] [22m≡ƒöÑ JwtAuthGuard: canActivate CALLED

[1A[2K[2m[WebServer] [22m≡ƒöì JWT Extractor - All cookies: {
[2m[WebServer] [22m  accessToken: [32m'eyJhbGciOiJIUzI1NiIsInR5cCI6IkpXVCJ9.eyJzdWIiOiI2OTI5ZTJkZTkzNGQ4ZTA3OWU2ZjU1YjYiLCJ3b3JrRW1haWwiOiJlbmdlbXAxLndvcmtAZXhhbXBsZS5jb20iLCJyb2xlcyI6WyJkZXBhcnRtZW50IGVtcGxveWVlIl0sInBlcm1pc3Npb25zIjpbXSwicHJpbWFyeURlcGFydG1lbnRJZCI6IjY5Mjc1ZDhhZmMxMTg0YTNiM2U2YzU1ZiIsImVtcGxveWVlTnVtYmVyIjoiRU1QLTEwMjYiLCJpYXQiOjE3NjU5ODE5MzIsImV4cCI6MTc2NjA2ODMzMn0.gSDLuwmEU-zJgKEAdOla__6Ks5SzGWqB9cay7xsb3DI'[39m
[2m[WebServer] [22m}
[2m[WebServer] [22m≡ƒöì JWT Extractor - Headers: accessToken=eyJhbGciOiJIUzI1NiIsInR5cCI6IkpXVCJ9.eyJzdWIiOiI2OTI5ZTJkZTkzNGQ4ZTA3OWU2ZjU1YjYiLCJ3b3JrRW1haWwiOiJlbmdlbXAxLndvcmtAZXhhbXBsZS5jb20iLCJyb2xlcyI6WyJkZXBhcnRtZW50IGVtcGxveWVlIl0sInBlcm1pc3Npb25zIjpbXSwicHJpbWFyeURlcGFydG1lbnRJZCI6IjY5Mjc1ZDhhZmMxMTg0YTNiM2U2YzU1ZiIsImVtcGxveWVlTnVtYmVyIjoiRU1QLTEwMjYiLCJpYXQiOjE3NjU5ODE5MzIsImV4cCI6MTc2NjA2ODMzMn0.gSDLuwmEU-zJgKEAdOla__6Ks5SzGWqB9cay7xsb3DI
[2m[WebServer] [22m≡ƒöì JWT Extractor - accessToken: FOUND

[1A[2K[2m[WebServer] [22mJwtStrategy VALIDATE: {
[2m[WebServer] [22m  sub: [32m'6929e2de934d8e079e6f55b6'[39m,
[2m[WebServer] [22m  workEmail: [32m'engemp1.work@example.com'[39m,
[2m[WebServer] [22m  roles: [ [32m'department employee'[39m ],
[2m[WebServer] [22m  permissions: [],
[2m[WebServer] [22m  primaryDepartmentId: [32m'69275d8afc1184a3b3e6c55f'[39m,
[2m[WebServer] [22m  employeeNumber: [32m'EMP-1026'[39m,
[2m[WebServer] [22m  iat: [33m1765981932[39m,
[2m[WebServer] [22m  exp: [33m1766068332[39m
[2m[WebServer] [22m}

[1A[2K[2m[WebServer] [22m≡ƒöÑ JwtAuthGuard: handleRequest() {
[2m[WebServer] [22m  err: [1mnull[22m,
[2m[WebServer] [22m  user: {
[2m[WebServer] [22m    id: [32m'6929e2de934d8e079e6f55b6'[39m,
[2m[WebServer] [22m    workEmail: [32m'engemp1.work@example.com'[39m,
[2m[WebServer] [22m    roles: [ [32m'department employee'[39m ],
[2m[WebServer] [22m    permissions: [],
[2m[WebServer] [22m    primaryDepartmentId: [32m'69275d8afc1184a3b3e6c55f'[39m,
[2m[WebServer] [22m    employeeNumber: [32m'EMP-1026'[39m
[2m[WebServer] [22m  },
[2m[WebServer] [22m  info: [90mundefined[39m
[2m[WebServer] [22m}
[2m[WebServer] [22mΓ£à JwtAuthGuard SUCCESS ΓåÆ user authenticated: 6929e2de934d8e079e6f55b6

[1A[2K[2m[WebServer] [22m≡ƒöÑ RolesGuard running!
[2m[WebServer] [22m
[2m[WebServer] [22m===== ROLE GUARD =====
[2m[WebServer] [22mRequired roles: [
[2m[WebServer] [22m  [32m'department employee'[39m,
[2m[WebServer] [22m  [32m'HR Employee'[39m,
[2m[WebServer] [22m  [32m'department head'[39m,
[2m[WebServer] [22m  [32m'HR Manager'[39m,
[2m[WebServer] [22m  [32m'HR Admin'[39m,
[2m[WebServer] [22m  [32m'System Admin'[39m
[2m[WebServer] [22m]

[1A[2K[2m[WebServer] [22mUser object: {
[2m[WebServer] [22m  id: [32m'6929e2de934d8e079e6f55b6'[39m,
[2m[WebServer] [22m  workEmail: [32m'engemp1.work@example.com'[39m,
[2m[WebServer] [22m  roles: [ [32m'department employee'[39m ],
[2m[WebServer] [22m  permissions: [],
[2m[WebServer] [22m  primaryDepartmentId: [32m'69275d8afc1184a3b3e6c55f'[39m,
[2m[WebServer] [22m  employeeNumber: [32m'EMP-1026'[39m
[2m[WebServer] [22m}
[2m[WebServer] [22mNormalized user roles: [ [32m'department employee'[39m ]

[1A[2K[2m[WebServer] [22mNormalized required roles: [
[2m[WebServer] [22m  [32m'department employee'[39m,
[2m[WebServer] [22m  [32m'hr employee'[39m,
[2m[WebServer] [22m  [32m'department head'[39m,
[2m[WebServer] [22m  [32m'hr manager'[39m,
[2m[WebServer] [22m  [32m'hr admin'[39m,
[2m[WebServer] [22m  [32m'system admin'[39m
[2m[WebServer] [22m]
[2m[WebServer] [22mHas required role? [33mtrue[39m
[2m[WebServer] [22mΓ£ö ACCESS GRANTED Γ£ö

[1A[2K[2m[WebServer] [22m≡ƒöì [TrackingController] getMyBalances: {
[2m[WebServer] [22m  query: [Object: null prototype] {},
[2m[WebServer] [22m  userId: [32m'6929e2de934d8e079e6f55b6'[39m
[2m[WebServer] [22m}

[1A[2K[2m[WebServer] [22m≡ƒöÑ JwtAuthGuard: canActivate CALLED

[1A[2K[2m[WebServer] [22m≡ƒöì JWT Extractor - All cookies: {
[2m[WebServer] [22m  accessToken: [32m'eyJhbGciOiJIUzI1NiIsInR5cCI6IkpXVCJ9.eyJzdWIiOiI2OTI5ZTJkZTkzNGQ4ZTA3OWU2ZjU1YjYiLCJ3b3JrRW1haWwiOiJlbmdlbXAxLndvcmtAZXhhbXBsZS5jb20iLCJyb2xlcyI6WyJkZXBhcnRtZW50IGVtcGxveWVlIl0sInBlcm1pc3Npb25zIjpbXSwicHJpbWFyeURlcGFydG1lbnRJZCI6IjY5Mjc1ZDhhZmMxMTg0YTNiM2U2YzU1ZiIsImVtcGxveWVlTnVtYmVyIjoiRU1QLTEwMjYiLCJpYXQiOjE3NjU5ODE5MzIsImV4cCI6MTc2NjA2ODMzMn0.gSDLuwmEU-zJgKEAdOla__6Ks5SzGWqB9cay7xsb3DI'[39m
[2m[WebServer] [22m}

[1A[2K[2m[WebServer] [22m≡ƒöì JWT Extractor - Headers: accessToken=eyJhbGciOiJIUzI1NiIsInR5cCI6IkpXVCJ9.eyJzdWIiOiI2OTI5ZTJkZTkzNGQ4ZTA3OWU2ZjU1YjYiLCJ3b3JrRW1haWwiOiJlbmdlbXAxLndvcmtAZXhhbXBsZS5jb20iLCJyb2xlcyI6WyJkZXBhcnRtZW50IGVtcGxveWVlIl0sInBlcm1pc3Npb25zIjpbXSwicHJpbWFyeURlcGFydG1lbnRJZCI6IjY5Mjc1ZDhhZmMxMTg0YTNiM2U2YzU1ZiIsImVtcGxveWVlTnVtYmVyIjoiRU1QLTEwMjYiLCJpYXQiOjE3NjU5ODE5MzIsImV4cCI6MTc2NjA2ODMzMn0.gSDLuwmEU-zJgKEAdOla__6Ks5SzGWqB9cay7xsb3DI
[2m[WebServer] [22m≡ƒöì JWT Extractor - accessToken: FOUND

[1A[2K[2m[WebServer] [22mJwtStrategy VALIDATE: {
[2m[WebServer] [22m  sub: [32m'6929e2de934d8e079e6f55b6'[39m,
[2m[WebServer] [22m  workEmail: [32m'engemp1.work@example.com'[39m,
[2m[WebServer] [22m  roles: [ [32m'department employee'[39m ],
[2m[WebServer] [22m  permissions: [],
[2m[WebServer] [22m  primaryDepartmentId: [32m'69275d8afc1184a3b3e6c55f'[39m,
[2m[WebServer] [22m  employeeNumber: [32m'EMP-1026'[39m,
[2m[WebServer] [22m  iat: [33m1765981932[39m,
[2m[WebServer] [22m  exp: [33m1766068332[39m
[2m[WebServer] [22m}

[1A[2K[2m[WebServer] [22m≡ƒöÑ JwtAuthGuard: handleRequest() {
[2m[WebServer] [22m  err: [1mnull[22m,
[2m[WebServer] [22m  user: {
[2m[WebServer] [22m    id: [32m'6929e2de934d8e079e6f55b6'[39m,
[2m[WebServer] [22m    workEmail: [32m'engemp1.work@example.com'[39m,
[2m[WebServer] [22m    roles: [ [32m'department employee'[39m ],
[2m[WebServer] [22m    permissions: [],
[2m[WebServer] [22m    primaryDepartmentId: [32m'69275d8afc1184a3b3e6c55f'[39m,
[2m[WebServer] [22m    employeeNumber: [32m'EMP-1026'[39m
[2m[WebServer] [22m  },
[2m[WebServer] [22m  info: [90mundefined[39m
[2m[WebServer] [22m}
[2m[WebServer] [22mΓ£à JwtAuthGuard SUCCESS ΓåÆ user authenticated: 6929e2de934d8e079e6f55b6
[2m[WebServer] [22m≡ƒöÑ RolesGuard running!

[1A[2K[2m[WebServer] [22m
[2m[WebServer] [22m===== ROLE GUARD =====
[2m[WebServer] [22mRequired roles: [
[2m[WebServer] [22m  [32m'department employee'[39m,
[2m[WebServer] [22m  [32m'HR Employee'[39m,
[2m[WebServer] [22m  [32m'department head'[39m,
[2m[WebServer] [22m  [32m'HR Manager'[39m,
[2m[WebServer] [22m  [32m'HR Admin'[39m,
[2m[WebServer] [22m  [32m'System Admin'[39m
[2m[WebServer] [22m]
[2m[WebServer] [22mUser object: {
[2m[WebServer] [22m  id: [32m'6929e2de934d8e079e6f55b6'[39m,
[2m[WebServer] [22m  workEmail: [32m'engemp1.work@example.com'[39m,
[2m[WebServer] [22m  roles: [ [32m'department employee'[39m ],
[2m[WebServer] [22m  permissions: [],
[2m[WebServer] [22m  primaryDepartmentId: [32m'69275d8afc1184a3b3e6c55f'[39m,
[2m[WebServer] [22m  employeeNumber: [32m'EMP-1026'[39m
[2m[WebServer] [22m}
[2m[WebServer] [22mNormalized user roles: [ [32m'department employee'[39m ]

[1A[2K[2m[WebServer] [22mNormalized required roles: [
[2m[WebServer] [22m  [32m'department employee'[39m,
[2m[WebServer] [22m  [32m'hr employee'[39m,
[2m[WebServer] [22m  [32m'department head'[39m,
[2m[WebServer] [22m  [32m'hr manager'[39m,
[2m[WebServer] [22m  [32m'hr admin'[39m,
[2m[WebServer] [22m  [32m'system admin'[39m
[2m[WebServer] [22m]
[2m[WebServer] [22mHas required role? [33mtrue[39m
[2m[WebServer] [22mΓ£ö ACCESS GRANTED Γ£ö

[1A[2K[2m[WebServer] [22m≡ƒöì [TrackingController] getMyHistory: {
[2m[WebServer] [22m  filters: [Object: null prototype] {},
[2m[WebServer] [22m  userId: [32m'6929e2de934d8e079e6f55b6'[39m
[2m[WebServer] [22m}

[1A[2K[2m[WebServer] [22m GET /leaves/my-leaves [32m200[39m in 105ms[2m (compile: 3ms, render: 102ms)[22m

[1A[2K[2m[WebServer] [22m≡ƒöÑ JwtAuthGuard: canActivate CALLED
[2m[WebServer] [22m≡ƒöì JWT Extractor - All cookies: {
[2m[WebServer] [22m  accessToken: [32m'eyJhbGciOiJIUzI1NiIsInR5cCI6IkpXVCJ9.eyJzdWIiOiI2OTI5ZTJkZTkzNGQ4ZTA3OWU2ZjU1YjYiLCJ3b3JrRW1haWwiOiJlbmdlbXAxLndvcmtAZXhhbXBsZS5jb20iLCJyb2xlcyI6WyJkZXBhcnRtZW50IGVtcGxveWVlIl0sInBlcm1pc3Npb25zIjpbXSwicHJpbWFyeURlcGFydG1lbnRJZCI6IjY5Mjc1ZDhhZmMxMTg0YTNiM2U2YzU1ZiIsImVtcGxveWVlTnVtYmVyIjoiRU1QLTEwMjYiLCJpYXQiOjE3NjU5ODE5MzIsImV4cCI6MTc2NjA2ODMzMn0.gSDLuwmEU-zJgKEAdOla__6Ks5SzGWqB9cay7xsb3DI'[39m
[2m[WebServer] [22m}
[2m[WebServer] [22m≡ƒöì JWT Extractor - Headers: accessToken=eyJhbGciOiJIUzI1NiIsInR5cCI6IkpXVCJ9.eyJzdWIiOiI2OTI5ZTJkZTkzNGQ4ZTA3OWU2ZjU1YjYiLCJ3b3JrRW1haWwiOiJlbmdlbXAxLndvcmtAZXhhbXBsZS5jb20iLCJyb2xlcyI6WyJkZXBhcnRtZW50IGVtcGxveWVlIl0sInBlcm1pc3Npb25zIjpbXSwicHJpbWFyeURlcGFydG1lbnRJZCI6IjY5Mjc1ZDhhZmMxMTg0YTNiM2U2YzU1ZiIsImVtcGxveWVlTnVtYmVyIjoiRU1QLTEwMjYiLCJpYXQiOjE3NjU5ODE5MzIsImV4cCI6MTc2NjA2ODMzMn0.gSDLuwmEU-zJgKEAdOla__6Ks5SzGWqB9cay7xsb3DI
[2m[WebServer] [22m≡ƒöì JWT Extractor - accessToken: FOUND
[2m[WebServer] [22mJwtStrategy VALIDATE: {
[2m[WebServer] [22m  sub: [32m'6929e2de934d8e079e6f55b6'[39m,
[2m[WebServer] [22m  workEmail: [32m'engemp1.work@example.com'[39m,
[2m[WebServer] [22m  roles: [ [32m'department employee'[39m ],
[2m[WebServer] [22m  permissions: [],
[2m[WebServer] [22m  primaryDepartmentId: [32m'69275d8afc1184a3b3e6c55f'[39m,
[2m[WebServer] [22m  employeeNumber: [32m'EMP-1026'[39m,
[2m[WebServer] [22m  iat: [33m1765981932[39m,
[2m[WebServer] [22m  exp: [33m1766068332[39m
[2m[WebServer] [22m}
[2m[WebServer] [22m≡ƒöÑ JwtAuthGuard: handleRequest() {
[2m[WebServer] [22m  err: [1mnull[22m,
[2m[WebServer] [22m  user: {
[2m[WebServer] [22m    id: [32m'6929e2de934d8e079e6f55b6'[39m,
[2m[WebServer] [22m    workEmail: [32m'engemp1.work@example.com'[39m,
[2m[WebServer] [22m    roles: [ [32m'department employee'[39m ],
[2m[WebServer] [22m    permissions: [],
[2m[WebServer] [22m    primaryDepartmentId: [32m'69275d8afc1184a3b3e6c55f'[39m,
[2m[WebServer] [22m    employeeNumber: [32m'EMP-1026'[39m
[2m[WebServer] [22m  },
[2m[WebServer] [22m  info: [90mundefined[39m
[2m[WebServer] [22m}
[2m[WebServer] [22mΓ£à JwtAuthGuard SUCCESS ΓåÆ user authenticated: 6929e2de934d8e079e6f55b6

[1A[2K[2m[WebServer] [22m≡ƒöì [LeaveTypeController] findAll

[1A[2K[2m[WebServer] [22m≡ƒöÑ JwtAuthGuard: canActivate CALLED

[1A[2K[2m[WebServer] [22m≡ƒöì JWT Extractor - All cookies: {
[2m[WebServer] [22m  accessToken: [32m'eyJhbGciOiJIUzI1NiIsInR5cCI6IkpXVCJ9.eyJzdWIiOiI2OTI5ZTJkZTkzNGQ4ZTA3OWU2ZjU1YjYiLCJ3b3JrRW1haWwiOiJlbmdlbXAxLndvcmtAZXhhbXBsZS5jb20iLCJyb2xlcyI6WyJkZXBhcnRtZW50IGVtcGxveWVlIl0sInBlcm1pc3Npb25zIjpbXSwicHJpbWFyeURlcGFydG1lbnRJZCI6IjY5Mjc1ZDhhZmMxMTg0YTNiM2U2YzU1ZiIsImVtcGxveWVlTnVtYmVyIjoiRU1QLTEwMjYiLCJpYXQiOjE3NjU5ODE5MzIsImV4cCI6MTc2NjA2ODMzMn0.gSDLuwmEU-zJgKEAdOla__6Ks5SzGWqB9cay7xsb3DI'[39m
[2m[WebServer] [22m}

[1A[2K[2m[WebServer] [22m≡ƒöì JWT Extractor - Headers: accessToken=eyJhbGciOiJIUzI1NiIsInR5cCI6IkpXVCJ9.eyJzdWIiOiI2OTI5ZTJkZTkzNGQ4ZTA3OWU2ZjU1YjYiLCJ3b3JrRW1haWwiOiJlbmdlbXAxLndvcmtAZXhhbXBsZS5jb20iLCJyb2xlcyI6WyJkZXBhcnRtZW50IGVtcGxveWVlIl0sInBlcm1pc3Npb25zIjpbXSwicHJpbWFyeURlcGFydG1lbnRJZCI6IjY5Mjc1ZDhhZmMxMTg0YTNiM2U2YzU1ZiIsImVtcGxveWVlTnVtYmVyIjoiRU1QLTEwMjYiLCJpYXQiOjE3NjU5ODE5MzIsImV4cCI6MTc2NjA2ODMzMn0.gSDLuwmEU-zJgKEAdOla__6Ks5SzGWqB9cay7xsb3DI
[2m[WebServer] [22m≡ƒöì JWT Extractor - accessToken: FOUND

[1A[2K[2m[WebServer] [22mJwtStrategy VALIDATE: {
[2m[WebServer] [22m  sub: [32m'6929e2de934d8e079e6f55b6'[39m,
[2m[WebServer] [22m  workEmail: [32m'engemp1.work@example.com'[39m,
[2m[WebServer] [22m  roles: [ [32m'department employee'[39m ],
[2m[WebServer] [22m  permissions: [],
[2m[WebServer] [22m  primaryDepartmentId: [32m'69275d8afc1184a3b3e6c55f'[39m,
[2m[WebServer] [22m  employeeNumber: [32m'EMP-1026'[39m,
[2m[WebServer] [22m  iat: [33m1765981932[39m,
[2m[WebServer] [22m  exp: [33m1766068332[39m
[2m[WebServer] [22m}

[1A[2K[2m[WebServer] [22m≡ƒöÑ JwtAuthGuard: handleRequest() {
[2m[WebServer] [22m  err: [1mnull[22m,
[2m[WebServer] [22m  user: {
[2m[WebServer] [22m    id: [32m'6929e2de934d8e079e6f55b6'[39m,
[2m[WebServer] [22m    workEmail: [32m'engemp1.work@example.com'[39m,
[2m[WebServer] [22m    roles: [ [32m'department employee'[39m ],
[2m[WebServer] [22m    permissions: [],
[2m[WebServer] [22m    primaryDepartmentId: [32m'69275d8afc1184a3b3e6c55f'[39m,
[2m[WebServer] [22m    employeeNumber: [32m'EMP-1026'[39m
[2m[WebServer] [22m  },
[2m[WebServer] [22m  info: [90mundefined[39m
[2m[WebServer] [22m}
[2m[WebServer] [22mΓ£à JwtAuthGuard SUCCESS ΓåÆ user authenticated: 6929e2de934d8e079e6f55b6
[2m[WebServer] [22m≡ƒöÑ RolesGuard running!
[2m[WebServer] [22m
[2m[WebServer] [22m===== ROLE GUARD =====

[1A[2K[2m[WebServer] [22mRequired roles: [
[2m[WebServer] [22m  [32m'department employee'[39m,
[2m[WebServer] [22m  [32m'HR Employee'[39m,
[2m[WebServer] [22m  [32m'department head'[39m,
[2m[WebServer] [22m  [32m'HR Manager'[39m,
[2m[WebServer] [22m  [32m'HR Admin'[39m,
[2m[WebServer] [22m  [32m'System Admin'[39m
[2m[WebServer] [22m]
[2m[WebServer] [22mUser object: {
[2m[WebServer] [22m  id: [32m'6929e2de934d8e079e6f55b6'[39m,
[2m[WebServer] [22m  workEmail: [32m'engemp1.work@example.com'[39m,
[2m[WebServer] [22m  roles: [ [32m'department employee'[39m ],
[2m[WebServer] [22m  permissions: [],
[2m[WebServer] [22m  primaryDepartmentId: [32m'69275d8afc1184a3b3e6c55f'[39m,
[2m[WebServer] [22m  employeeNumber: [32m'EMP-1026'[39m
[2m[WebServer] [22m}
[2m[WebServer] [22mNormalized user roles: [ [32m'department employee'[39m ]

[1A[2K[2m[WebServer] [22mNormalized required roles: [
[2m[WebServer] [22m  [32m'department employee'[39m,
[2m[WebServer] [22m  [32m'hr employee'[39m,
[2m[WebServer] [22m  [32m'department head'[39m,
[2m[WebServer] [22m  [32m'hr manager'[39m,
[2m[WebServer] [22m  [32m'hr admin'[39m,
[2m[WebServer] [22m  [32m'system admin'[39m
[2m[WebServer] [22m]
[2m[WebServer] [22mHas required role? [33mtrue[39m
[2m[WebServer] [22mΓ£ö ACCESS GRANTED Γ£ö

[1A[2K[2m[WebServer] [22m≡ƒöì [TrackingController] getMyBalances: {
[2m[WebServer] [22m  query: [Object: null prototype] {},
[2m[WebServer] [22m  userId: [32m'6929e2de934d8e079e6f55b6'[39m
[2m[WebServer] [22m}

[1A[2K[2m[WebServer] [22m≡ƒöÑ JwtAuthGuard: canActivate CALLED

[1A[2K[2m[WebServer] [22m≡ƒöì JWT Extractor - All cookies: {
[2m[WebServer] [22m  accessToken: [32m'eyJhbGciOiJIUzI1NiIsInR5cCI6IkpXVCJ9.eyJzdWIiOiI2OTI5ZTJkZTkzNGQ4ZTA3OWU2ZjU1YjYiLCJ3b3JrRW1haWwiOiJlbmdlbXAxLndvcmtAZXhhbXBsZS5jb20iLCJyb2xlcyI6WyJkZXBhcnRtZW50IGVtcGxveWVlIl0sInBlcm1pc3Npb25zIjpbXSwicHJpbWFyeURlcGFydG1lbnRJZCI6IjY5Mjc1ZDhhZmMxMTg0YTNiM2U2YzU1ZiIsImVtcGxveWVlTnVtYmVyIjoiRU1QLTEwMjYiLCJpYXQiOjE3NjU5ODE5MzIsImV4cCI6MTc2NjA2ODMzMn0.gSDLuwmEU-zJgKEAdOla__6Ks5SzGWqB9cay7xsb3DI'[39m
[2m[WebServer] [22m}

[1A[2K[2m[WebServer] [22m≡ƒöì JWT Extractor - Headers: accessToken=eyJhbGciOiJIUzI1NiIsInR5cCI6IkpXVCJ9.eyJzdWIiOiI2OTI5ZTJkZTkzNGQ4ZTA3OWU2ZjU1YjYiLCJ3b3JrRW1haWwiOiJlbmdlbXAxLndvcmtAZXhhbXBsZS5jb20iLCJyb2xlcyI6WyJkZXBhcnRtZW50IGVtcGxveWVlIl0sInBlcm1pc3Npb25zIjpbXSwicHJpbWFyeURlcGFydG1lbnRJZCI6IjY5Mjc1ZDhhZmMxMTg0YTNiM2U2YzU1ZiIsImVtcGxveWVlTnVtYmVyIjoiRU1QLTEwMjYiLCJpYXQiOjE3NjU5ODE5MzIsImV4cCI6MTc2NjA2ODMzMn0.gSDLuwmEU-zJgKEAdOla__6Ks5SzGWqB9cay7xsb3DI
[2m[WebServer] [22m≡ƒöì JWT Extractor - accessToken: FOUND

[1A[2K[2m[WebServer] [22mJwtStrategy VALIDATE: {
[2m[WebServer] [22m  sub: [32m'6929e2de934d8e079e6f55b6'[39m,
[2m[WebServer] [22m  workEmail: [32m'engemp1.work@example.com'[39m,
[2m[WebServer] [22m  roles: [ [32m'department employee'[39m ],
[2m[WebServer] [22m  permissions: [],
[2m[WebServer] [22m  primaryDepartmentId: [32m'69275d8afc1184a3b3e6c55f'[39m,
[2m[WebServer] [22m  employeeNumber: [32m'EMP-1026'[39m,
[2m[WebServer] [22m  iat: [33m1765981932[39m,
[2m[WebServer] [22m  exp: [33m1766068332[39m
[2m[WebServer] [22m}

[1A[2K[2m[WebServer] [22m≡ƒöÑ JwtAuthGuard: handleRequest() {
[2m[WebServer] [22m  err: [1mnull[22m,
[2m[WebServer] [22m  user: {
[2m[WebServer] [22m    id: [32m'6929e2de934d8e079e6f55b6'[39m,
[2m[WebServer] [22m    workEmail: [32m'engemp1.work@example.com'[39m,
[2m[WebServer] [22m    roles: [ [32m'department employee'[39m ],
[2m[WebServer] [22m    permissions: [],
[2m[WebServer] [22m    primaryDepartmentId: [32m'69275d8afc1184a3b3e6c55f'[39m,
[2m[WebServer] [22m    employeeNumber: [32m'EMP-1026'[39m
[2m[WebServer] [22m  },
[2m[WebServer] [22m  info: [90mundefined[39m
[2m[WebServer] [22m}
[2m[WebServer] [22mΓ£à JwtAuthGuard SUCCESS ΓåÆ user authenticated: 6929e2de934d8e079e6f55b6
[2m[WebServer] [22m≡ƒöÑ RolesGuard running!
[2m[WebServer] [22m
[2m[WebServer] [22m===== ROLE GUARD =====
[2m[WebServer] [22mRequired roles: [
[2m[WebServer] [22m  [32m'department employee'[39m,
[2m[WebServer] [22m  [32m'HR Employee'[39m,
[2m[WebServer] [22m  [32m'department head'[39m,
[2m[WebServer] [22m  [32m'HR Manager'[39m,
[2m[WebServer] [22m  [32m'HR Admin'[39m,
[2m[WebServer] [22m  [32m'System Admin'[39m
[2m[WebServer] [22m]

[1A[2K[2m[WebServer] [22mUser object: {
[2m[WebServer] [22m  id: [32m'6929e2de934d8e079e6f55b6'[39m,
[2m[WebServer] [22m  workEmail: [32m'engemp1.work@example.com'[39m,
[2m[WebServer] [22m  roles: [ [32m'department employee'[39m ],
[2m[WebServer] [22m  permissions: [],
[2m[WebServer] [22m  primaryDepartmentId: [32m'69275d8afc1184a3b3e6c55f'[39m,
[2m[WebServer] [22m  employeeNumber: [32m'EMP-1026'[39m
[2m[WebServer] [22m}
[2m[WebServer] [22mNormalized user roles: [ [32m'department employee'[39m ]
[2m[WebServer] [22mNormalized required roles: [
[2m[WebServer] [22m  [32m'department employee'[39m,
[2m[WebServer] [22m  [32m'hr employee'[39m,
[2m[WebServer] [22m  [32m'department head'[39m,
[2m[WebServer] [22m  [32m'hr manager'[39m,
[2m[WebServer] [22m  [32m'hr admin'[39m,
[2m[WebServer] [22m  [32m'system admin'[39m
[2m[WebServer] [22m]
[2m[WebServer] [22mHas required role? [33mtrue[39m
[2m[WebServer] [22mΓ£ö ACCESS GRANTED Γ£ö

[1A[2K[2m[WebServer] [22m≡ƒöì [RequestsController] getMyRequests: { userId: [90mundefined[39m }

[1A[2K
================================================================================

[1A[2K≡ƒÄë ALL LEAVE MANAGEMENT TESTS COMPLETED

[1A[2K================================================================================

[1A[2KΓ£à Employee 1 (EMP-1026): All scenarios tested

[1A[2KΓ£à Employee 2 (EMP-1027): Low balance scenarios tested

[1A[2KΓ£à Manager (EMP-1025): Approval workflows tested

[1A[2KΓ£à HR (EMP-1019): System-wide management tested

[1A[2K================================================================================


[1A[2K  7) [chromium] ΓÇ║ leave-tests.spec.ts:453:7 ΓÇ║ ≡ƒºæ EMPLOYEE 1 (EMP-1026 - Engineering) - All Scenarios ΓÇ║ Γ£à E2: Modify draft request 

    Error: locator.count: Unexpected token "=" while parsing css selector "[data-status="draft"], .status-draft, text=/draft/i". Did you mean to CSS.escape it?

      459 |     const draftRequest = page.locator('[data-status="draft"], .status-draft, text=/draft/i').first();
      460 |     
    > 461 |     if (await draftRequest.count() > 0) {
          |                            ^
      462 |       await draftRequest.click();
      463 |       
      464 |       // Click edit button
        at C:\Users\Bedon\Desktop\semester-5-software-project\leave-tests.spec.ts:461:28

    attachment #1: screenshot (image/png) ΓöÇΓöÇΓöÇΓöÇΓöÇΓöÇΓöÇΓöÇΓöÇΓöÇΓöÇΓöÇΓöÇΓöÇΓöÇΓöÇΓöÇΓöÇΓöÇΓöÇΓöÇΓöÇΓöÇΓöÇΓöÇΓöÇΓöÇΓöÇΓöÇΓöÇΓöÇΓöÇΓöÇΓöÇΓöÇΓöÇΓöÇΓöÇΓöÇΓöÇΓöÇΓöÇΓöÇΓöÇΓöÇΓöÇΓöÇΓöÇΓöÇΓöÇΓöÇΓöÇΓöÇΓöÇΓöÇΓöÇΓöÇΓöÇ
    test-results\leave-tests-≡ƒºæ-EMPLOYEE-1--dd20e-s-Γ£à-E2-Modify-draft-request-chromium\test-failed-1.png
    ΓöÇΓöÇΓöÇΓöÇΓöÇΓöÇΓöÇΓöÇΓöÇΓöÇΓöÇΓöÇΓöÇΓöÇΓöÇΓöÇΓöÇΓöÇΓöÇΓöÇΓöÇΓöÇΓöÇΓöÇΓöÇΓöÇΓöÇΓöÇΓöÇΓöÇΓöÇΓöÇΓöÇΓöÇΓöÇΓöÇΓöÇΓöÇΓöÇΓöÇΓöÇΓöÇΓöÇΓöÇΓöÇΓöÇΓöÇΓöÇΓöÇΓöÇΓöÇΓöÇΓöÇΓöÇΓöÇΓöÇΓöÇΓöÇΓöÇΓöÇΓöÇΓöÇΓöÇΓöÇΓöÇΓöÇΓöÇΓöÇΓöÇΓöÇΓöÇΓöÇΓöÇΓöÇΓöÇΓöÇΓöÇΓöÇΓöÇΓöÇΓöÇΓöÇΓöÇΓöÇΓöÇΓöÇΓöÇΓöÇΓöÇΓöÇΓöÇΓöÇΓöÇΓöÇΓöÇΓöÇ

    attachment #2: video (video/webm) ΓöÇΓöÇΓöÇΓöÇΓöÇΓöÇΓöÇΓöÇΓöÇΓöÇΓöÇΓöÇΓöÇΓöÇΓöÇΓöÇΓöÇΓöÇΓöÇΓöÇΓöÇΓöÇΓöÇΓöÇΓöÇΓöÇΓöÇΓöÇΓöÇΓöÇΓöÇΓöÇΓöÇΓöÇΓöÇΓöÇΓöÇΓöÇΓöÇΓöÇΓöÇΓöÇΓöÇΓöÇΓöÇΓöÇΓöÇΓöÇΓöÇΓöÇΓöÇΓöÇΓöÇΓöÇΓöÇΓöÇΓöÇΓöÇΓöÇΓöÇΓöÇΓöÇ
    test-results\leave-tests-≡ƒºæ-EMPLOYEE-1--dd20e-s-Γ£à-E2-Modify-draft-request-chromium\video.webm
    ΓöÇΓöÇΓöÇΓöÇΓöÇΓöÇΓöÇΓöÇΓöÇΓöÇΓöÇΓöÇΓöÇΓöÇΓöÇΓöÇΓöÇΓöÇΓöÇΓöÇΓöÇΓöÇΓöÇΓöÇΓöÇΓöÇΓöÇΓöÇΓöÇΓöÇΓöÇΓöÇΓöÇΓöÇΓöÇΓöÇΓöÇΓöÇΓöÇΓöÇΓöÇΓöÇΓöÇΓöÇΓöÇΓöÇΓöÇΓöÇΓöÇΓöÇΓöÇΓöÇΓöÇΓöÇΓöÇΓöÇΓöÇΓöÇΓöÇΓöÇΓöÇΓöÇΓöÇΓöÇΓöÇΓöÇΓöÇΓöÇΓöÇΓöÇΓöÇΓöÇΓöÇΓöÇΓöÇΓöÇΓöÇΓöÇΓöÇΓöÇΓöÇΓöÇΓöÇΓöÇΓöÇΓöÇΓöÇΓöÇΓöÇΓöÇΓöÇΓöÇΓöÇΓöÇΓöÇΓöÇ

    Error Context: test-results\leave-tests-≡ƒºæ-EMPLOYEE-1--dd20e-s-Γ£à-E2-Modify-draft-request-chromium\error-context.md


[1A[2K[12/35] [chromium] ΓÇ║ leave-tests.spec.ts:482:7 ΓÇ║ ≡ƒºæ EMPLOYEE 1 (EMP-1026 - Engineering) - All Scenarios ΓÇ║ Γ£à E3: Cancel pending request (REQ-025)
[1A[2K[chromium] ΓÇ║ leave-tests.spec.ts:482:7 ΓÇ║ ≡ƒºæ EMPLOYEE 1 (EMP-1026 - Engineering) - All Scenarios ΓÇ║ Γ£à E3: Cancel pending request (REQ-025)
≡ƒöÉ Logging in as: engemp1.work@example.com

[1A[2K[2m[WebServer] [22m GET /login [32m200[39m in 71ms[2m (compile: 3ms, render: 68ms)[22m

[1A[2K[2m[WebServer] [22m≡ƒöÑ JwtAuthGuard: canActivate CALLED

[1A[2K[2m[WebServer] [22m≡ƒöì JWT Extractor - All cookies: [Object: null prototype] {}
[2m[WebServer] [22m≡ƒöì JWT Extractor - Headers: [90mundefined[39m
[2m[WebServer] [22m≡ƒöì JWT Extractor - accessToken: NOT FOUND

[1A[2K[2m[WebServer] [22m≡ƒöÑ JwtAuthGuard: handleRequest() {
[2m[WebServer] [22m  err: [1mnull[22m,
[2m[WebServer] [22m  user: [33mfalse[39m,
[2m[WebServer] [22m  info: Error: No auth token
[2m[WebServer] [22m      at JwtStrategy.authenticate [90m(C:\Users\Bedon\Desktop\semester-5-software-project\backend\[39mnode_modules\[4mpassport-jwt[24m\lib\strategy.js:96:26[90m)[39m
[2m[WebServer] [22m      at attempt [90m(C:\Users\Bedon\Desktop\semester-5-software-project\backend\[39mnode_modules\[4mpassport[24m\lib\middleware\authenticate.js:378:16[90m)[39m
[2m[WebServer] [22m      at authenticate [90m(C:\Users\Bedon\Desktop\semester-5-software-project\backend\[39mnode_modules\[4mpassport[24m\lib\middleware\authenticate.js:379:7[90m)[39m
[2m[WebServer] [22m      at [90mC:\Users\Bedon\Desktop\semester-5-software-project\backend\[39mnode_modules\[4m@nestjs[24m\passport\dist\auth.guard.js:88:3
[2m[WebServer] [22m      at new Promise (<anonymous>)
[2m[WebServer] [22m      at [90mC:\Users\Bedon\Desktop\semester-5-software-project\backend\[39mnode_modules\[4m@nestjs[24m\passport\dist\auth.guard.js:80:83
[2m[WebServer] [22m      at JwtAuthGuard.canActivate [90m(C:\Users\Bedon\Desktop\semester-5-software-project\backend\[39mnode_modules\[4m@nestjs[24m\passport\dist\auth.guard.js:44:32[90m)[39m
[2m[WebServer] [22m  [90m    at process.processTicksAndRejections (node:internal/process/task_queues:105:5)[39m
[2m[WebServer] [22m}

[1A[2K[2m[WebServer] [22mΓ¥î JwtAuthGuard INFO: Error: No auth token

[2m[WebServer] [22m    at JwtStrategy.authenticate 
[90m(C:\Users\Bedon\Desktop\semester-5-software-project\backend\[39mnode_modules\[4mpassport-jwt[24m\lib\strategy.js:96:26[90m)[39m
[2m[WebServer] [22m    at attempt 
[90m(C:\Users\Bedon\Desktop\semester-5-software-project\backend\[39mnode_modules\[4mpassport[24m\lib\middleware\authenticate.js:378:16[90m)[39m
[2m[WebServer] [22m    at authenticate 
[90m(C:\Users\Bedon\Desktop\semester-5-software-project\backend\[39mnode_modules\[4mpassport[24m\lib\middleware\authenticate.js:379:7[90m)[39m
[2m[WebServer] [22m    at [90mC:\Users\Bedon\Desktop\semester-5-software-project\backend\[39mnode_modules\[4m@nestjs[24m\passport\dist\auth.guard.js:88:3
[2m[WebServer] [22m    at new Promise (<anonymous>)
[2m[WebServer] [22m    at 
[90mC:\Users\Bedon\Desktop\semester-5-software-project\backend\[39mnode_modules\[4m@nestjs[24m\passport\dist\auth.guard.js:80:83
[2m[WebServer] [22m    at JwtAuthGuard.canActivate 
[90m(C:\Users\Bedon\Desktop\semester-5-software-project\backend\[39mnode_modules\[4m@nestjs[24m\passport\dist\auth.guard.js:44:32[90m)[39m
[2m[WebServer] [22m[90m    at process.processTicksAndRejections (node:internal/process/task_queues:105:5)[39m
[1A[2K[2m[WebServer] [22mΓ¥î JwtAuthGuard FAILING ΓåÆ No auth token

[1A[2K[2m[WebServer] [22mVALIDATE EMPLOYEE - systemRole = {
[2m[WebServer] [22m  _id: new ObjectId([32m'6929e2de934d8e079e6f55b8'[39m),
[2m[WebServer] [22m  employeeProfileId: new ObjectId([32m'6929e2de934d8e079e6f55b6'[39m),
[2m[WebServer] [22m  roles: [ [32m'department employee'[39m ],
[2m[WebServer] [22m  permissions: [],
[2m[WebServer] [22m  isActive: [33mtrue[39m,
[2m[WebServer] [22m  createdAt: [35m2025-11-28T17:58:54.894Z[39m,
[2m[WebServer] [22m  updatedAt: [35m2025-11-28T17:58:54.894Z[39m,
[2m[WebServer] [22m  __v: [33m0[39m
[2m[WebServer] [22m}

[1A[2K[2m[WebServer] [22mGenerated token: eyJhbGciOiJIUzI1NiIsInR5cCI6IkpXVCJ9.eyJzdWIiOiI2OTI5ZTJkZTkzNGQ4ZTA3OWU2ZjU1YjYiLCJ3b3JrRW1haWwiOiJlbmdlbXAxLndvcmtAZXhhbXBsZS5jb20iLCJyb2xlcyI6WyJkZXBhcnRtZW50IGVtcGxveWVlIl0sInBlcm1pc3Npb25zIjpbXSwicHJpbWFyeURlcGFydG1lbnRJZCI6IjY5Mjc1ZDhhZmMxMTg0YTNiM2U2YzU1ZiIsImVtcGxveWVlTnVtYmVyIjoiRU1QLTEwMjYiLCJpYXQiOjE3NjU5ODE5MzUsImV4cCI6MTc2NjA2ODMzNX0.ZJ7wexP6Nt8fX7qgpWcqdEpX6QSyfqmpUx6I7sthCic

[1A[2K[2m[WebServer] [22m GET /leaves [32m200[39m in 19ms[2m (compile: 4ms, render: 16ms)[22m

[1A[2KΓ£à Login successful

[1A[2KΓ¥î Testing Cancel Pending Request

[1A[2K[2m[WebServer] [22m≡ƒöÑ JwtAuthGuard: canActivate CALLED

[1A[2K[2m[WebServer] [22m≡ƒöì JWT Extractor - All cookies: {
[2m[WebServer] [22m  accessToken: [32m'eyJhbGciOiJIUzI1NiIsInR5cCI6IkpXVCJ9.eyJzdWIiOiI2OTI5ZTJkZTkzNGQ4ZTA3OWU2ZjU1YjYiLCJ3b3JrRW1haWwiOiJlbmdlbXAxLndvcmtAZXhhbXBsZS5jb20iLCJyb2xlcyI6WyJkZXBhcnRtZW50IGVtcGxveWVlIl0sInBlcm1pc3Npb25zIjpbXSwicHJpbWFyeURlcGFydG1lbnRJZCI6IjY5Mjc1ZDhhZmMxMTg0YTNiM2U2YzU1ZiIsImVtcGxveWVlTnVtYmVyIjoiRU1QLTEwMjYiLCJpYXQiOjE3NjU5ODE5MzUsImV4cCI6MTc2NjA2ODMzNX0.ZJ7wexP6Nt8fX7qgpWcqdEpX6QSyfqmpUx6I7sthCic'[39m
[2m[WebServer] [22m}
[2m[WebServer] [22m≡ƒöì JWT Extractor - Headers: accessToken=eyJhbGciOiJIUzI1NiIsInR5cCI6IkpXVCJ9.eyJzdWIiOiI2OTI5ZTJkZTkzNGQ4ZTA3OWU2ZjU1YjYiLCJ3b3JrRW1haWwiOiJlbmdlbXAxLndvcmtAZXhhbXBsZS5jb20iLCJyb2xlcyI6WyJkZXBhcnRtZW50IGVtcGxveWVlIl0sInBlcm1pc3Npb25zIjpbXSwicHJpbWFyeURlcGFydG1lbnRJZCI6IjY5Mjc1ZDhhZmMxMTg0YTNiM2U2YzU1ZiIsImVtcGxveWVlTnVtYmVyIjoiRU1QLTEwMjYiLCJpYXQiOjE3NjU5ODE5MzUsImV4cCI6MTc2NjA2ODMzNX0.ZJ7wexP6Nt8fX7qgpWcqdEpX6QSyfqmpUx6I7sthCic
[2m[WebServer] [22m≡ƒöì JWT Extractor - accessToken: FOUND

[1A[2K[2m[WebServer] [22mJwtStrategy VALIDATE: {
[2m[WebServer] [22m  sub: [32m'6929e2de934d8e079e6f55b6'[39m,
[2m[WebServer] [22m  workEmail: [32m'engemp1.work@example.com'[39m,
[2m[WebServer] [22m  roles: [ [32m'department employee'[39m ],
[2m[WebServer] [22m  permissions: [],
[2m[WebServer] [22m  primaryDepartmentId: [32m'69275d8afc1184a3b3e6c55f'[39m,
[2m[WebServer] [22m  employeeNumber: [32m'EMP-1026'[39m,
[2m[WebServer] [22m  iat: [33m1765981935[39m,
[2m[WebServer] [22m  exp: [33m1766068335[39m
[2m[WebServer] [22m}

[1A[2K[2m[WebServer] [22m≡ƒöÑ JwtAuthGuard: handleRequest() {
[2m[WebServer] [22m  err: [1mnull[22m,
[2m[WebServer] [22m  user: {
[2m[WebServer] [22m    id: [32m'6929e2de934d8e079e6f55b6'[39m,
[2m[WebServer] [22m    workEmail: [32m'engemp1.work@example.com'[39m,
[2m[WebServer] [22m    roles: [ [32m'department employee'[39m ],
[2m[WebServer] [22m    permissions: [],
[2m[WebServer] [22m    primaryDepartmentId: [32m'69275d8afc1184a3b3e6c55f'[39m,
[2m[WebServer] [22m    employeeNumber: [32m'EMP-1026'[39m
[2m[WebServer] [22m  },
[2m[WebServer] [22m  info: [90mundefined[39m
[2m[WebServer] [22m}
[2m[WebServer] [22mΓ£à JwtAuthGuard SUCCESS ΓåÆ user authenticated: 6929e2de934d8e079e6f55b6

[1A[2K[2m[WebServer] [22m≡ƒöÑ RolesGuard running!
[2m[WebServer] [22m
[2m[WebServer] [22m===== ROLE GUARD =====

[1A[2K[2m[WebServer] [22mRequired roles: [
[2m[WebServer] [22m  [32m'department employee'[39m,
[2m[WebServer] [22m  [32m'HR Employee'[39m,
[2m[WebServer] [22m  [32m'department head'[39m,
[2m[WebServer] [22m  [32m'HR Manager'[39m,
[2m[WebServer] [22m  [32m'HR Admin'[39m,
[2m[WebServer] [22m  [32m'System Admin'[39m
[2m[WebServer] [22m]

[1A[2K[2m[WebServer] [22mUser object: {
[2m[WebServer] [22m  id: [32m'6929e2de934d8e079e6f55b6'[39m,
[2m[WebServer] [22m  workEmail: [32m'engemp1.work@example.com'[39m,
[2m[WebServer] [22m  roles: [ [32m'department employee'[39m ],
[2m[WebServer] [22m  permissions: [],
[2m[WebServer] [22m  primaryDepartmentId: [32m'69275d8afc1184a3b3e6c55f'[39m,
[2m[WebServer] [22m  employeeNumber: [32m'EMP-1026'[39m
[2m[WebServer] [22m}
[2m[WebServer] [22mNormalized user roles: [ [32m'department employee'[39m ]

[1A[2K[2m[WebServer] [22mNormalized required roles: [
[2m[WebServer] [22m  [32m'department employee'[39m,
[2m[WebServer] [22m  [32m'hr employee'[39m,
[2m[WebServer] [22m  [32m'department head'[39m,
[2m[WebServer] [22m  [32m'hr manager'[39m,
[2m[WebServer] [22m  [32m'hr admin'[39m,
[2m[WebServer] [22m  [32m'system admin'[39m
[2m[WebServer] [22m]
[2m[WebServer] [22mHas required role? [33mtrue[39m
[2m[WebServer] [22mΓ£ö ACCESS GRANTED Γ£ö

[1A[2K[2m[WebServer] [22m≡ƒöì [TrackingController] getMyBalances: {
[2m[WebServer] [22m  query: [Object: null prototype] {},
[2m[WebServer] [22m  userId: [32m'6929e2de934d8e079e6f55b6'[39m
[2m[WebServer] [22m}

[1A[2K[2m[WebServer] [22m≡ƒöÑ JwtAuthGuard: canActivate CALLED

[1A[2K[2m[WebServer] [22m≡ƒöì JWT Extractor - All cookies: {
[2m[WebServer] [22m  accessToken: [32m'eyJhbGciOiJIUzI1NiIsInR5cCI6IkpXVCJ9.eyJzdWIiOiI2OTI5ZTJkZTkzNGQ4ZTA3OWU2ZjU1YjYiLCJ3b3JrRW1haWwiOiJlbmdlbXAxLndvcmtAZXhhbXBsZS5jb20iLCJyb2xlcyI6WyJkZXBhcnRtZW50IGVtcGxveWVlIl0sInBlcm1pc3Npb25zIjpbXSwicHJpbWFyeURlcGFydG1lbnRJZCI6IjY5Mjc1ZDhhZmMxMTg0YTNiM2U2YzU1ZiIsImVtcGxveWVlTnVtYmVyIjoiRU1QLTEwMjYiLCJpYXQiOjE3NjU5ODE5MzUsImV4cCI6MTc2NjA2ODMzNX0.ZJ7wexP6Nt8fX7qgpWcqdEpX6QSyfqmpUx6I7sthCic'[39m
[2m[WebServer] [22m}

[1A[2K[2m[WebServer] [22m≡ƒöì JWT Extractor - Headers: accessToken=eyJhbGciOiJIUzI1NiIsInR5cCI6IkpXVCJ9.eyJzdWIiOiI2OTI5ZTJkZTkzNGQ4ZTA3OWU2ZjU1YjYiLCJ3b3JrRW1haWwiOiJlbmdlbXAxLndvcmtAZXhhbXBsZS5jb20iLCJyb2xlcyI6WyJkZXBhcnRtZW50IGVtcGxveWVlIl0sInBlcm1pc3Npb25zIjpbXSwicHJpbWFyeURlcGFydG1lbnRJZCI6IjY5Mjc1ZDhhZmMxMTg0YTNiM2U2YzU1ZiIsImVtcGxveWVlTnVtYmVyIjoiRU1QLTEwMjYiLCJpYXQiOjE3NjU5ODE5MzUsImV4cCI6MTc2NjA2ODMzNX0.ZJ7wexP6Nt8fX7qgpWcqdEpX6QSyfqmpUx6I7sthCic
[2m[WebServer] [22m≡ƒöì JWT Extractor - accessToken: FOUND

[1A[2K[2m[WebServer] [22mJwtStrategy VALIDATE: {
[2m[WebServer] [22m  sub: [32m'6929e2de934d8e079e6f55b6'[39m,
[2m[WebServer] [22m  workEmail: [32m'engemp1.work@example.com'[39m,
[2m[WebServer] [22m  roles: [ [32m'department employee'[39m ],
[2m[WebServer] [22m  permissions: [],
[2m[WebServer] [22m  primaryDepartmentId: [32m'69275d8afc1184a3b3e6c55f'[39m,
[2m[WebServer] [22m  employeeNumber: [32m'EMP-1026'[39m,
[2m[WebServer] [22m  iat: [33m1765981935[39m,
[2m[WebServer] [22m  exp: [33m1766068335[39m
[2m[WebServer] [22m}

[1A[2K[2m[WebServer] [22m≡ƒöÑ JwtAuthGuard: handleRequest() {
[2m[WebServer] [22m  err: [1mnull[22m,
[2m[WebServer] [22m  user: {
[2m[WebServer] [22m    id: [32m'6929e2de934d8e079e6f55b6'[39m,
[2m[WebServer] [22m    workEmail: [32m'engemp1.work@example.com'[39m,
[2m[WebServer] [22m    roles: [ [32m'department employee'[39m ],
[2m[WebServer] [22m    permissions: [],
[2m[WebServer] [22m    primaryDepartmentId: [32m'69275d8afc1184a3b3e6c55f'[39m,
[2m[WebServer] [22m    employeeNumber: [32m'EMP-1026'[39m
[2m[WebServer] [22m  },
[2m[WebServer] [22m  info: [90mundefined[39m
[2m[WebServer] [22m}
[2m[WebServer] [22mΓ£à JwtAuthGuard SUCCESS ΓåÆ user authenticated: 6929e2de934d8e079e6f55b6

[1A[2K[2m[WebServer] [22m≡ƒöÑ RolesGuard running!
[2m[WebServer] [22m
[2m[WebServer] [22m===== ROLE GUARD =====
[2m[WebServer] [22mRequired roles: [
[2m[WebServer] [22m  [32m'department employee'[39m,
[2m[WebServer] [22m  [32m'HR Employee'[39m,
[2m[WebServer] [22m  [32m'department head'[39m,
[2m[WebServer] [22m  [32m'HR Manager'[39m,
[2m[WebServer] [22m  [32m'HR Admin'[39m,
[2m[WebServer] [22m  [32m'System Admin'[39m
[2m[WebServer] [22m]
[2m[WebServer] [22mUser object: {
[2m[WebServer] [22m  id: [32m'6929e2de934d8e079e6f55b6'[39m,
[2m[WebServer] [22m  workEmail: [32m'engemp1.work@example.com'[39m,
[2m[WebServer] [22m  roles: [ [32m'department employee'[39m ],
[2m[WebServer] [22m  permissions: [],
[2m[WebServer] [22m  primaryDepartmentId: [32m'69275d8afc1184a3b3e6c55f'[39m,
[2m[WebServer] [22m  employeeNumber: [32m'EMP-1026'[39m
[2m[WebServer] [22m}

[1A[2K[2m[WebServer] [22mNormalized user roles: [ [32m'department employee'[39m ]
[2m[WebServer] [22mNormalized required roles: [
[2m[WebServer] [22m  [32m'department employee'[39m,
[2m[WebServer] [22m  [32m'hr employee'[39m,
[2m[WebServer] [22m  [32m'department head'[39m,
[2m[WebServer] [22m  [32m'hr manager'[39m,
[2m[WebServer] [22m  [32m'hr admin'[39m,
[2m[WebServer] [22m  [32m'system admin'[39m
[2m[WebServer] [22m]
[2m[WebServer] [22mHas required role? [33mtrue[39m
[2m[WebServer] [22mΓ£ö ACCESS GRANTED Γ£ö

[1A[2K[2m[WebServer] [22m≡ƒöì [TrackingController] getMyHistory: {
[2m[WebServer] [22m  filters: [Object: null prototype] {},
[2m[WebServer] [22m  userId: [32m'6929e2de934d8e079e6f55b6'[39m
[2m[WebServer] [22m}

[1A[2K[2m[WebServer] [22m GET /leaves/my-leaves [32m200[39m in 48ms[2m (compile: 4ms, render: 44ms)[22m

[1A[2K[2m[WebServer] [22m≡ƒöÑ JwtAuthGuard: canActivate CALLED

[1A[2K[2m[WebServer] [22m≡ƒöì JWT Extractor - All cookies: {
[2m[WebServer] [22m  accessToken: [32m'eyJhbGciOiJIUzI1NiIsInR5cCI6IkpXVCJ9.eyJzdWIiOiI2OTI5ZTJkZTkzNGQ4ZTA3OWU2ZjU1YjYiLCJ3b3JrRW1haWwiOiJlbmdlbXAxLndvcmtAZXhhbXBsZS5jb20iLCJyb2xlcyI6WyJkZXBhcnRtZW50IGVtcGxveWVlIl0sInBlcm1pc3Npb25zIjpbXSwicHJpbWFyeURlcGFydG1lbnRJZCI6IjY5Mjc1ZDhhZmMxMTg0YTNiM2U2YzU1ZiIsImVtcGxveWVlTnVtYmVyIjoiRU1QLTEwMjYiLCJpYXQiOjE3NjU5ODE5MzUsImV4cCI6MTc2NjA2ODMzNX0.ZJ7wexP6Nt8fX7qgpWcqdEpX6QSyfqmpUx6I7sthCic'[39m
[2m[WebServer] [22m}
[2m[WebServer] [22m≡ƒöì JWT Extractor - Headers: accessToken=eyJhbGciOiJIUzI1NiIsInR5cCI6IkpXVCJ9.eyJzdWIiOiI2OTI5ZTJkZTkzNGQ4ZTA3OWU2ZjU1YjYiLCJ3b3JrRW1haWwiOiJlbmdlbXAxLndvcmtAZXhhbXBsZS5jb20iLCJyb2xlcyI6WyJkZXBhcnRtZW50IGVtcGxveWVlIl0sInBlcm1pc3Npb25zIjpbXSwicHJpbWFyeURlcGFydG1lbnRJZCI6IjY5Mjc1ZDhhZmMxMTg0YTNiM2U2YzU1ZiIsImVtcGxveWVlTnVtYmVyIjoiRU1QLTEwMjYiLCJpYXQiOjE3NjU5ODE5MzUsImV4cCI6MTc2NjA2ODMzNX0.ZJ7wexP6Nt8fX7qgpWcqdEpX6QSyfqmpUx6I7sthCic

[1A[2K[2m[WebServer] [22m≡ƒöì JWT Extractor - accessToken: FOUND

[1A[2K[2m[WebServer] [22mJwtStrategy VALIDATE: {
[2m[WebServer] [22m  sub: [32m'6929e2de934d8e079e6f55b6'[39m,
[2m[WebServer] [22m  workEmail: [32m'engemp1.work@example.com'[39m,
[2m[WebServer] [22m  roles: [ [32m'department employee'[39m ],
[2m[WebServer] [22m  permissions: [],
[2m[WebServer] [22m  primaryDepartmentId: [32m'69275d8afc1184a3b3e6c55f'[39m,
[2m[WebServer] [22m  employeeNumber: [32m'EMP-1026'[39m,
[2m[WebServer] [22m  iat: [33m1765981935[39m,
[2m[WebServer] [22m  exp: [33m1766068335[39m
[2m[WebServer] [22m}

[1A[2K[2m[WebServer] [22m≡ƒöÑ JwtAuthGuard: handleRequest() {
[2m[WebServer] [22m  err: [1mnull[22m,
[2m[WebServer] [22m  user: {
[2m[WebServer] [22m    id: [32m'6929e2de934d8e079e6f55b6'[39m,
[2m[WebServer] [22m    workEmail: [32m'engemp1.work@example.com'[39m,
[2m[WebServer] [22m    roles: [ [32m'department employee'[39m ],
[2m[WebServer] [22m    permissions: [],
[2m[WebServer] [22m    primaryDepartmentId: [32m'69275d8afc1184a3b3e6c55f'[39m,
[2m[WebServer] [22m    employeeNumber: [32m'EMP-1026'[39m
[2m[WebServer] [22m  },
[2m[WebServer] [22m  info: [90mundefined[39m
[2m[WebServer] [22m}
[2m[WebServer] [22mΓ£à JwtAuthGuard SUCCESS ΓåÆ user authenticated: 6929e2de934d8e079e6f55b6

[1A[2K[2m[WebServer] [22m≡ƒöì [LeaveTypeController] findAll

[1A[2K[2m[WebServer] [22m≡ƒöÑ JwtAuthGuard: canActivate CALLED

[1A[2K[2m[WebServer] [22m≡ƒöì JWT Extractor - All cookies: {
[2m[WebServer] [22m  accessToken: [32m'eyJhbGciOiJIUzI1NiIsInR5cCI6IkpXVCJ9.eyJzdWIiOiI2OTI5ZTJkZTkzNGQ4ZTA3OWU2ZjU1YjYiLCJ3b3JrRW1haWwiOiJlbmdlbXAxLndvcmtAZXhhbXBsZS5jb20iLCJyb2xlcyI6WyJkZXBhcnRtZW50IGVtcGxveWVlIl0sInBlcm1pc3Npb25zIjpbXSwicHJpbWFyeURlcGFydG1lbnRJZCI6IjY5Mjc1ZDhhZmMxMTg0YTNiM2U2YzU1ZiIsImVtcGxveWVlTnVtYmVyIjoiRU1QLTEwMjYiLCJpYXQiOjE3NjU5ODE5MzUsImV4cCI6MTc2NjA2ODMzNX0.ZJ7wexP6Nt8fX7qgpWcqdEpX6QSyfqmpUx6I7sthCic'[39m
[2m[WebServer] [22m}

[1A[2K[2m[WebServer] [22m≡ƒöì JWT Extractor - Headers: accessToken=eyJhbGciOiJIUzI1NiIsInR5cCI6IkpXVCJ9.eyJzdWIiOiI2OTI5ZTJkZTkzNGQ4ZTA3OWU2ZjU1YjYiLCJ3b3JrRW1haWwiOiJlbmdlbXAxLndvcmtAZXhhbXBsZS5jb20iLCJyb2xlcyI6WyJkZXBhcnRtZW50IGVtcGxveWVlIl0sInBlcm1pc3Npb25zIjpbXSwicHJpbWFyeURlcGFydG1lbnRJZCI6IjY5Mjc1ZDhhZmMxMTg0YTNiM2U2YzU1ZiIsImVtcGxveWVlTnVtYmVyIjoiRU1QLTEwMjYiLCJpYXQiOjE3NjU5ODE5MzUsImV4cCI6MTc2NjA2ODMzNX0.ZJ7wexP6Nt8fX7qgpWcqdEpX6QSyfqmpUx6I7sthCic

[1A[2K[2m[WebServer] [22m≡ƒöì JWT Extractor - accessToken: FOUND

[1A[2K[2m[WebServer] [22mJwtStrategy VALIDATE: {
[2m[WebServer] [22m  sub: [32m'6929e2de934d8e079e6f55b6'[39m,
[2m[WebServer] [22m  workEmail: [32m'engemp1.work@example.com'[39m,
[2m[WebServer] [22m  roles: [ [32m'department employee'[39m ],
[2m[WebServer] [22m  permissions: [],
[2m[WebServer] [22m  primaryDepartmentId: [32m'69275d8afc1184a3b3e6c55f'[39m,
[2m[WebServer] [22m  employeeNumber: [32m'EMP-1026'[39m,
[2m[WebServer] [22m  iat: [33m1765981935[39m,
[2m[WebServer] [22m  exp: [33m1766068335[39m
[2m[WebServer] [22m}

[1A[2K[2m[WebServer] [22m≡ƒöÑ JwtAuthGuard: handleRequest() {
[2m[WebServer] [22m  err: [1mnull[22m,
[2m[WebServer] [22m  user: {
[2m[WebServer] [22m    id: [32m'6929e2de934d8e079e6f55b6'[39m,
[2m[WebServer] [22m    workEmail: [32m'engemp1.work@example.com'[39m,
[2m[WebServer] [22m    roles: [ [32m'department employee'[39m ],
[2m[WebServer] [22m    permissions: [],
[2m[WebServer] [22m    primaryDepartmentId: [32m'69275d8afc1184a3b3e6c55f'[39m,
[2m[WebServer] [22m    employeeNumber: [32m'EMP-1026'[39m
[2m[WebServer] [22m  },
[2m[WebServer] [22m  info: [90mundefined[39m
[2m[WebServer] [22m}

[1A[2K[2m[WebServer] [22mΓ£à JwtAuthGuard SUCCESS ΓåÆ user authenticated: 6929e2de934d8e079e6f55b6

[1A[2K[2m[WebServer] [22m≡ƒöÑ RolesGuard running!

[1A[2K[2m[WebServer] [22m
[2m[WebServer] [22m===== ROLE GUARD =====

[1A[2K[2m[WebServer] [22mRequired roles: [
[2m[WebServer] [22m  [32m'department employee'[39m,
[2m[WebServer] [22m  [32m'HR Employee'[39m,
[2m[WebServer] [22m  [32m'department head'[39m,
[2m[WebServer] [22m  [32m'HR Manager'[39m,
[2m[WebServer] [22m  [32m'HR Admin'[39m,
[2m[WebServer] [22m  [32m'System Admin'[39m
[2m[WebServer] [22m]

[1A[2K[2m[WebServer] [22mUser object: {
[2m[WebServer] [22m  id: [32m'6929e2de934d8e079e6f55b6'[39m,
[2m[WebServer] [22m  workEmail: [32m'engemp1.work@example.com'[39m,
[2m[WebServer] [22m  roles: [ [32m'department employee'[39m ],
[2m[WebServer] [22m  permissions: [],
[2m[WebServer] [22m  primaryDepartmentId: [32m'69275d8afc1184a3b3e6c55f'[39m,
[2m[WebServer] [22m  employeeNumber: [32m'EMP-1026'[39m
[2m[WebServer] [22m}

[1A[2K[2m[WebServer] [22mNormalized user roles: [ [32m'department employee'[39m ]

[1A[2K[2m[WebServer] [22mNormalized required roles: [
[2m[WebServer] [22m  [32m'department employee'[39m,
[2m[WebServer] [22m  [32m'hr employee'[39m,
[2m[WebServer] [22m  [32m'department head'[39m,
[2m[WebServer] [22m  [32m'hr manager'[39m,
[2m[WebServer] [22m  [32m'hr admin'[39m,
[2m[WebServer] [22m  [32m'system admin'[39m
[2m[WebServer] [22m]

[1A[2K[2m[WebServer] [22mHas required role? [33mtrue[39m
[2m[WebServer] [22mΓ£ö ACCESS GRANTED Γ£ö

[1A[2K[2m[WebServer] [22m≡ƒöì [TrackingController] getMyBalances: {
[2m[WebServer] [22m  query: [Object: null prototype] {},
[2m[WebServer] [22m  userId: [32m'6929e2de934d8e079e6f55b6'[39m
[2m[WebServer] [22m}

[1A[2KΓ£à Cancel request passed

[1A[2K[2m[WebServer] [22m≡ƒöÑ JwtAuthGuard: canActivate CALLED

[1A[2K[2m[WebServer] [22m≡ƒöì JWT Extractor - All cookies: {
[2m[WebServer] [22m  accessToken: [32m'eyJhbGciOiJIUzI1NiIsInR5cCI6IkpXVCJ9.eyJzdWIiOiI2OTI5ZTJkZTkzNGQ4ZTA3OWU2ZjU1YjYiLCJ3b3JrRW1haWwiOiJlbmdlbXAxLndvcmtAZXhhbXBsZS5jb20iLCJyb2xlcyI6WyJkZXBhcnRtZW50IGVtcGxveWVlIl0sInBlcm1pc3Npb25zIjpbXSwicHJpbWFyeURlcGFydG1lbnRJZCI6IjY5Mjc1ZDhhZmMxMTg0YTNiM2U2YzU1ZiIsImVtcGxveWVlTnVtYmVyIjoiRU1QLTEwMjYiLCJpYXQiOjE3NjU5ODE5MzUsImV4cCI6MTc2NjA2ODMzNX0.ZJ7wexP6Nt8fX7qgpWcqdEpX6QSyfqmpUx6I7sthCic'[39m
[2m[WebServer] [22m}

[1A[2K[2m[WebServer] [22m≡ƒöì JWT Extractor - Headers: accessToken=eyJhbGciOiJIUzI1NiIsInR5cCI6IkpXVCJ9.eyJzdWIiOiI2OTI5ZTJkZTkzNGQ4ZTA3OWU2ZjU1YjYiLCJ3b3JrRW1haWwiOiJlbmdlbXAxLndvcmtAZXhhbXBsZS5jb20iLCJyb2xlcyI6WyJkZXBhcnRtZW50IGVtcGxveWVlIl0sInBlcm1pc3Npb25zIjpbXSwicHJpbWFyeURlcGFydG1lbnRJZCI6IjY5Mjc1ZDhhZmMxMTg0YTNiM2U2YzU1ZiIsImVtcGxveWVlTnVtYmVyIjoiRU1QLTEwMjYiLCJpYXQiOjE3NjU5ODE5MzUsImV4cCI6MTc2NjA2ODMzNX0.ZJ7wexP6Nt8fX7qgpWcqdEpX6QSyfqmpUx6I7sthCic
[2m[WebServer] [22m≡ƒöì JWT Extractor - accessToken: FOUND

[1A[2K[2m[WebServer] [22mJwtStrategy VALIDATE: {
[2m[WebServer] [22m  sub: [32m'6929e2de934d8e079e6f55b6'[39m,
[2m[WebServer] [22m  workEmail: [32m'engemp1.work@example.com'[39m,
[2m[WebServer] [22m  roles: [ [32m'department employee'[39m ],
[2m[WebServer] [22m  permissions: [],
[2m[WebServer] [22m  primaryDepartmentId: [32m'69275d8afc1184a3b3e6c55f'[39m,
[2m[WebServer] [22m  employeeNumber: [32m'EMP-1026'[39m,
[2m[WebServer] [22m  iat: [33m1765981935[39m,
[2m[WebServer] [22m  exp: [33m1766068335[39m
[2m[WebServer] [22m}

[1A[2K[2m[WebServer] [22m≡ƒöÑ JwtAuthGuard: handleRequest() {
[2m[WebServer] [22m  err: [1mnull[22m,
[2m[WebServer] [22m  user: {
[2m[WebServer] [22m    id: [32m'6929e2de934d8e079e6f55b6'[39m,
[2m[WebServer] [22m    workEmail: [32m'engemp1.work@example.com'[39m,
[2m[WebServer] [22m    roles: [ [32m'department employee'[39m ],
[2m[WebServer] [22m    permissions: [],
[2m[WebServer] [22m    primaryDepartmentId: [32m'69275d8afc1184a3b3e6c55f'[39m,
[2m[WebServer] [22m    employeeNumber: [32m'EMP-1026'[39m
[2m[WebServer] [22m  },
[2m[WebServer] [22m  info: [90mundefined[39m
[2m[WebServer] [22m}

[1A[2K[2m[WebServer] [22mΓ£à JwtAuthGuard SUCCESS ΓåÆ user authenticated: 6929e2de934d8e079e6f55b6

[1A[2K[2m[WebServer] [22m≡ƒöÑ RolesGuard running!
[2m[WebServer] [22m
[2m[WebServer] [22m===== ROLE GUARD =====

[1A[2K[2m[WebServer] [22mRequired roles: [
[2m[WebServer] [22m  [32m'department employee'[39m,
[2m[WebServer] [22m  [32m'HR Employee'[39m,
[2m[WebServer] [22m  [32m'department head'[39m,
[2m[WebServer] [22m  [32m'HR Manager'[39m,
[2m[WebServer] [22m  [32m'HR Admin'[39m,
[2m[WebServer] [22m  [32m'System Admin'[39m
[2m[WebServer] [22m]
[2m[WebServer] [22mUser object: {
[2m[WebServer] [22m  id: [32m'6929e2de934d8e079e6f55b6'[39m,
[2m[WebServer] [22m  workEmail: [32m'engemp1.work@example.com'[39m,
[2m[WebServer] [22m  roles: [ [32m'department employee'[39m ],
[2m[WebServer] [22m  permissions: [],
[2m[WebServer] [22m  primaryDepartmentId: [32m'69275d8afc1184a3b3e6c55f'[39m,
[2m[WebServer] [22m  employeeNumber: [32m'EMP-1026'[39m
[2m[WebServer] [22m}
[2m[WebServer] [22mNormalized user roles: [ [32m'department employee'[39m ]
[2m[WebServer] [22mNormalized required roles: [
[2m[WebServer] [22m  [32m'department employee'[39m,
[2m[WebServer] [22m  [32m'hr employee'[39m,
[2m[WebServer] [22m  [32m'department head'[39m,
[2m[WebServer] [22m  [32m'hr manager'[39m,
[2m[WebServer] [22m  [32m'hr admin'[39m,
[2m[WebServer] [22m  [32m'system admin'[39m
[2m[WebServer] [22m]

[1A[2K[2m[WebServer] [22mHas required role? [33mtrue[39m
[2m[WebServer] [22mΓ£ö ACCESS GRANTED Γ£ö
[2m[WebServer] [22m≡ƒöì [RequestsController] getMyRequests: { userId: [90mundefined[39m }

[1A[2K[13/35] [chromium] ΓÇ║ leave-tests.spec.ts:512:7 ΓÇ║ ≡ƒºæ EMPLOYEE 1 (EMP-1026 - Engineering) - All Scenarios ΓÇ║ Γ£à F1-F5: Blocked period validation
[1A[2K[chromium] ΓÇ║ leave-tests.spec.ts:512:7 ΓÇ║ ≡ƒºæ EMPLOYEE 1 (EMP-1026 - Engineering) - All Scenarios ΓÇ║ Γ£à F1-F5: Blocked period validation
≡ƒöÉ Logging in as: engemp1.work@example.com

[1A[2K[2m[WebServer] [22m GET /login [32m200[39m in 33ms[2m (compile: 3ms, render: 30ms)[22m

[1A[2K[2m[WebServer] [22m≡ƒöÑ JwtAuthGuard: canActivate CALLED

[1A[2K[2m[WebServer] [22m≡ƒöì JWT Extractor - All cookies: [Object: null prototype] {}
[2m[WebServer] [22m≡ƒöì JWT Extractor - Headers: [90mundefined[39m
[2m[WebServer] [22m≡ƒöì JWT Extractor - accessToken: NOT FOUND

[1A[2K[2m[WebServer] [22m≡ƒöÑ JwtAuthGuard: handleRequest() {
[2m[WebServer] [22m  err: [1mnull[22m,
[2m[WebServer] [22m  user: [33mfalse[39m,
[2m[WebServer] [22m  info: Error: No auth token
[2m[WebServer] [22m      at JwtStrategy.authenticate [90m(C:\Users\Bedon\Desktop\semester-5-software-project\backend\[39mnode_modules\[4mpassport-jwt[24m\lib\strategy.js:96:26[90m)[39m
[2m[WebServer] [22m      at attempt [90m(C:\Users\Bedon\Desktop\semester-5-software-project\backend\[39mnode_modules\[4mpassport[24m\lib\middleware\authenticate.js:378:16[90m)[39m
[2m[WebServer] [22m      at authenticate [90m(C:\Users\Bedon\Desktop\semester-5-software-project\backend\[39mnode_modules\[4mpassport[24m\lib\middleware\authenticate.js:379:7[90m)[39m
[2m[WebServer] [22m      at [90mC:\Users\Bedon\Desktop\semester-5-software-project\backend\[39mnode_modules\[4m@nestjs[24m\passport\dist\auth.guard.js:88:3
[2m[WebServer] [22m      at new Promise (<anonymous>)
[2m[WebServer] [22m      at [90mC:\Users\Bedon\Desktop\semester-5-software-project\backend\[39mnode_modules\[4m@nestjs[24m\passport\dist\auth.guard.js:80:83
[2m[WebServer] [22m      at JwtAuthGuard.canActivate [90m(C:\Users\Bedon\Desktop\semester-5-software-project\backend\[39mnode_modules\[4m@nestjs[24m\passport\dist\auth.guard.js:44:32[90m)[39m
[2m[WebServer] [22m  [90m    at process.processTicksAndRejections (node:internal/process/task_queues:105:5)[39m
[2m[WebServer] [22m}

[1A[2K[2m[WebServer] [22mΓ¥î JwtAuthGuard INFO: Error: No auth token
[2m[WebServer] [22m    at JwtStrategy.authenticate 
[90m(C:\Users\Bedon\Desktop\semester-5-software-project\backend\[39mnode_modules\[4mpassport-jwt[24m\lib\strategy.js:96:26[90m)[39m

[2m[WebServer] [22m    at attempt 
[90m(C:\Users\Bedon\Desktop\semester-5-software-project\backend\[39mnode_modules\[4mpassport[24m\lib\middleware\authenticate.js:378:16[90m)[39m
[2m[WebServer] [22m    at authenticate 
[90m(C:\Users\Bedon\Desktop\semester-5-software-project\backend\[39mnode_modules\[4mpassport[24m\lib\middleware\authenticate.js:379:7[90m)[39m
[2m[WebServer] [22m    at [90mC:\Users\Bedon\Desktop\semester-5-software-project\backend\[39mnode_modules\[4m@nestjs[24m\passport\dist\auth.guard.js:88:3
[2m[WebServer] [22m    at new Promise (<anonymous>)
[2m[WebServer] [22m    at 
[90mC:\Users\Bedon\Desktop\semester-5-software-project\backend\[39mnode_modules\[4m@nestjs[24m\passport\dist\auth.guard.js:80:83
[2m[WebServer] [22m    at JwtAuthGuard.canActivate 
[90m(C:\Users\Bedon\Desktop\semester-5-software-project\backend\[39mnode_modules\[4m@nestjs[24m\passport\dist\auth.guard.js:44:32[90m)[39m
[2m[WebServer] [22m[90m    at process.processTicksAndRejections (node:internal/process/task_queues:105:5)[39m
[1A[2K[2m[WebServer] [22mΓ¥î JwtAuthGuard FAILING ΓåÆ No auth token

[1A[2K[2m[WebServer] [22mVALIDATE EMPLOYEE - systemRole = {
[2m[WebServer] [22m  _id: new ObjectId([32m'6929e2de934d8e079e6f55b8'[39m),
[2m[WebServer] [22m  employeeProfileId: new ObjectId([32m'6929e2de934d8e079e6f55b6'[39m),
[2m[WebServer] [22m  roles: [ [32m'department employee'[39m ],
[2m[WebServer] [22m  permissions: [],
[2m[WebServer] [22m  isActive: [33mtrue[39m,
[2m[WebServer] [22m  createdAt: [35m2025-11-28T17:58:54.894Z[39m,
[2m[WebServer] [22m  updatedAt: [35m2025-11-28T17:58:54.894Z[39m,
[2m[WebServer] [22m  __v: [33m0[39m
[2m[WebServer] [22m}

[1A[2K[2m[WebServer] [22mGenerated token: eyJhbGciOiJIUzI1NiIsInR5cCI6IkpXVCJ9.eyJzdWIiOiI2OTI5ZTJkZTkzNGQ4ZTA3OWU2ZjU1YjYiLCJ3b3JrRW1haWwiOiJlbmdlbXAxLndvcmtAZXhhbXBsZS5jb20iLCJyb2xlcyI6WyJkZXBhcnRtZW50IGVtcGxveWVlIl0sInBlcm1pc3Npb25zIjpbXSwicHJpbWFyeURlcGFydG1lbnRJZCI6IjY5Mjc1ZDhhZmMxMTg0YTNiM2U2YzU1ZiIsImVtcGxveWVlTnVtYmVyIjoiRU1QLTEwMjYiLCJpYXQiOjE3NjU5ODE5MzYsImV4cCI6MTc2NjA2ODMzNn0.0VrA3gcCNAnwpLPv-TsR9esoVEXT58t0zugHUg49iqo

[1A[2K[2m[WebServer] [22m GET /leaves [32m200[39m in 15ms[2m (compile: 3ms, render: 13ms)[22m

[1A[2KΓ£à Login successful

[1A[2K≡ƒÜ½ Testing Blocked Period Validation

[1A[2K[2m[WebServer] [22m≡ƒöÑ JwtAuthGuard: canActivate CALLED

[1A[2K[2m[WebServer] [22m≡ƒöì JWT Extractor - All cookies: {
[2m[WebServer] [22m  accessToken: [32m'eyJhbGciOiJIUzI1NiIsInR5cCI6IkpXVCJ9.eyJzdWIiOiI2OTI5ZTJkZTkzNGQ4ZTA3OWU2ZjU1YjYiLCJ3b3JrRW1haWwiOiJlbmdlbXAxLndvcmtAZXhhbXBsZS5jb20iLCJyb2xlcyI6WyJkZXBhcnRtZW50IGVtcGxveWVlIl0sInBlcm1pc3Npb25zIjpbXSwicHJpbWFyeURlcGFydG1lbnRJZCI6IjY5Mjc1ZDhhZmMxMTg0YTNiM2U2YzU1ZiIsImVtcGxveWVlTnVtYmVyIjoiRU1QLTEwMjYiLCJpYXQiOjE3NjU5ODE5MzYsImV4cCI6MTc2NjA2ODMzNn0.0VrA3gcCNAnwpLPv-TsR9esoVEXT58t0zugHUg49iqo'[39m
[2m[WebServer] [22m}
[2m[WebServer] [22m≡ƒöì JWT Extractor - Headers: accessToken=eyJhbGciOiJIUzI1NiIsInR5cCI6IkpXVCJ9.eyJzdWIiOiI2OTI5ZTJkZTkzNGQ4ZTA3OWU2ZjU1YjYiLCJ3b3JrRW1haWwiOiJlbmdlbXAxLndvcmtAZXhhbXBsZS5jb20iLCJyb2xlcyI6WyJkZXBhcnRtZW50IGVtcGxveWVlIl0sInBlcm1pc3Npb25zIjpbXSwicHJpbWFyeURlcGFydG1lbnRJZCI6IjY5Mjc1ZDhhZmMxMTg0YTNiM2U2YzU1ZiIsImVtcGxveWVlTnVtYmVyIjoiRU1QLTEwMjYiLCJpYXQiOjE3NjU5ODE5MzYsImV4cCI6MTc2NjA2ODMzNn0.0VrA3gcCNAnwpLPv-TsR9esoVEXT58t0zugHUg49iqo
[2m[WebServer] [22m≡ƒöì JWT Extractor - accessToken: FOUND

[1A[2K[2m[WebServer] [22mJwtStrategy VALIDATE: {
[2m[WebServer] [22m  sub: [32m'6929e2de934d8e079e6f55b6'[39m,
[2m[WebServer] [22m  workEmail: [32m'engemp1.work@example.com'[39m,
[2m[WebServer] [22m  roles: [ [32m'department employee'[39m ],
[2m[WebServer] [22m  permissions: [],
[2m[WebServer] [22m  primaryDepartmentId: [32m'69275d8afc1184a3b3e6c55f'[39m,
[2m[WebServer] [22m  employeeNumber: [32m'EMP-1026'[39m,
[2m[WebServer] [22m  iat: [33m1765981936[39m,
[2m[WebServer] [22m  exp: [33m1766068336[39m
[2m[WebServer] [22m}

[1A[2K[2m[WebServer] [22m≡ƒöÑ JwtAuthGuard: handleRequest() {
[2m[WebServer] [22m  err: [1mnull[22m,
[2m[WebServer] [22m  user: {
[2m[WebServer] [22m    id: [32m'6929e2de934d8e079e6f55b6'[39m,
[2m[WebServer] [22m    workEmail: [32m'engemp1.work@example.com'[39m,
[2m[WebServer] [22m    roles: [ [32m'department employee'[39m ],
[2m[WebServer] [22m    permissions: [],
[2m[WebServer] [22m    primaryDepartmentId: [32m'69275d8afc1184a3b3e6c55f'[39m,
[2m[WebServer] [22m    employeeNumber: [32m'EMP-1026'[39m
[2m[WebServer] [22m  },
[2m[WebServer] [22m  info: [90mundefined[39m
[2m[WebServer] [22m}
[2m[WebServer] [22mΓ£à JwtAuthGuard SUCCESS ΓåÆ user authenticated: 6929e2de934d8e079e6f55b6
[2m[WebServer] [22m≡ƒöÑ RolesGuard running!

[1A[2K[2m[WebServer] [22m
[2m[WebServer] [22m===== ROLE GUARD =====
[2m[WebServer] [22mRequired roles: [
[2m[WebServer] [22m  [32m'department employee'[39m,
[2m[WebServer] [22m  [32m'HR Employee'[39m,
[2m[WebServer] [22m  [32m'department head'[39m,
[2m[WebServer] [22m  [32m'HR Manager'[39m,
[2m[WebServer] [22m  [32m'HR Admin'[39m,
[2m[WebServer] [22m  [32m'System Admin'[39m
[2m[WebServer] [22m]
[2m[WebServer] [22mUser object: {
[2m[WebServer] [22m  id: [32m'6929e2de934d8e079e6f55b6'[39m,
[2m[WebServer] [22m  workEmail: [32m'engemp1.work@example.com'[39m,
[2m[WebServer] [22m  roles: [ [32m'department employee'[39m ],
[2m[WebServer] [22m  permissions: [],
[2m[WebServer] [22m  primaryDepartmentId: [32m'69275d8afc1184a3b3e6c55f'[39m,
[2m[WebServer] [22m  employeeNumber: [32m'EMP-1026'[39m
[2m[WebServer] [22m}
[2m[WebServer] [22mNormalized user roles: [ [32m'department employee'[39m ]
[2m[WebServer] [22mNormalized required roles: [
[2m[WebServer] [22m  [32m'department employee'[39m,
[2m[WebServer] [22m  [32m'hr employee'[39m,
[2m[WebServer] [22m  [32m'department head'[39m,
[2m[WebServer] [22m  [32m'hr manager'[39m,
[2m[WebServer] [22m  [32m'hr admin'[39m,
[2m[WebServer] [22m  [32m'system admin'[39m
[2m[WebServer] [22m]
[2m[WebServer] [22mHas required role? [33mtrue[39m
[2m[WebServer] [22mΓ£ö ACCESS GRANTED Γ£ö

[1A[2K[2m[WebServer] [22m≡ƒöì [TrackingController] getMyBalances: {
[2m[WebServer] [22m  query: [Object: null prototype] {},
[2m[WebServer] [22m  userId: [32m'6929e2de934d8e079e6f55b6'[39m
[2m[WebServer] [22m}

[1A[2K[2m[WebServer] [22m≡ƒöÑ JwtAuthGuard: canActivate CALLED

[1A[2K[2m[WebServer] [22m≡ƒöì JWT Extractor - All cookies: {
[2m[WebServer] [22m  accessToken: [32m'eyJhbGciOiJIUzI1NiIsInR5cCI6IkpXVCJ9.eyJzdWIiOiI2OTI5ZTJkZTkzNGQ4ZTA3OWU2ZjU1YjYiLCJ3b3JrRW1haWwiOiJlbmdlbXAxLndvcmtAZXhhbXBsZS5jb20iLCJyb2xlcyI6WyJkZXBhcnRtZW50IGVtcGxveWVlIl0sInBlcm1pc3Npb25zIjpbXSwicHJpbWFyeURlcGFydG1lbnRJZCI6IjY5Mjc1ZDhhZmMxMTg0YTNiM2U2YzU1ZiIsImVtcGxveWVlTnVtYmVyIjoiRU1QLTEwMjYiLCJpYXQiOjE3NjU5ODE5MzYsImV4cCI6MTc2NjA2ODMzNn0.0VrA3gcCNAnwpLPv-TsR9esoVEXT58t0zugHUg49iqo'[39m
[2m[WebServer] [22m}
[2m[WebServer] [22m≡ƒöì JWT Extractor - Headers: accessToken=eyJhbGciOiJIUzI1NiIsInR5cCI6IkpXVCJ9.eyJzdWIiOiI2OTI5ZTJkZTkzNGQ4ZTA3OWU2ZjU1YjYiLCJ3b3JrRW1haWwiOiJlbmdlbXAxLndvcmtAZXhhbXBsZS5jb20iLCJyb2xlcyI6WyJkZXBhcnRtZW50IGVtcGxveWVlIl0sInBlcm1pc3Npb25zIjpbXSwicHJpbWFyeURlcGFydG1lbnRJZCI6IjY5Mjc1ZDhhZmMxMTg0YTNiM2U2YzU1ZiIsImVtcGxveWVlTnVtYmVyIjoiRU1QLTEwMjYiLCJpYXQiOjE3NjU5ODE5MzYsImV4cCI6MTc2NjA2ODMzNn0.0VrA3gcCNAnwpLPv-TsR9esoVEXT58t0zugHUg49iqo
[2m[WebServer] [22m≡ƒöì JWT Extractor - accessToken: FOUND

[1A[2K[2m[WebServer] [22mJwtStrategy VALIDATE: {
[2m[WebServer] [22m  sub: [32m'6929e2de934d8e079e6f55b6'[39m,
[2m[WebServer] [22m  workEmail: [32m'engemp1.work@example.com'[39m,
[2m[WebServer] [22m  roles: [ [32m'department employee'[39m ],
[2m[WebServer] [22m  permissions: [],
[2m[WebServer] [22m  primaryDepartmentId: [32m'69275d8afc1184a3b3e6c55f'[39m,
[2m[WebServer] [22m  employeeNumber: [32m'EMP-1026'[39m,
[2m[WebServer] [22m  iat: [33m1765981936[39m,
[2m[WebServer] [22m  exp: [33m1766068336[39m
[2m[WebServer] [22m}

[1A[2K[2m[WebServer] [22m≡ƒöÑ JwtAuthGuard: handleRequest() {
[2m[WebServer] [22m  err: [1mnull[22m,
[2m[WebServer] [22m  user: {
[2m[WebServer] [22m    id: [32m'6929e2de934d8e079e6f55b6'[39m,
[2m[WebServer] [22m    workEmail: [32m'engemp1.work@example.com'[39m,
[2m[WebServer] [22m    roles: [ [32m'department employee'[39m ],
[2m[WebServer] [22m    permissions: [],
[2m[WebServer] [22m    primaryDepartmentId: [32m'69275d8afc1184a3b3e6c55f'[39m,
[2m[WebServer] [22m    employeeNumber: [32m'EMP-1026'[39m
[2m[WebServer] [22m  },
[2m[WebServer] [22m  info: [90mundefined[39m
[2m[WebServer] [22m}
[2m[WebServer] [22mΓ£à JwtAuthGuard SUCCESS ΓåÆ user authenticated: 6929e2de934d8e079e6f55b6
[2m[WebServer] [22m≡ƒöÑ RolesGuard running!
[2m[WebServer] [22m
[2m[WebServer] [22m===== ROLE GUARD =====

[1A[2K[2m[WebServer] [22mRequired roles: [
[2m[WebServer] [22m  [32m'department employee'[39m,
[2m[WebServer] [22m  [32m'HR Employee'[39m,
[2m[WebServer] [22m  [32m'department head'[39m,
[2m[WebServer] [22m  [32m'HR Manager'[39m,
[2m[WebServer] [22m  [32m'HR Admin'[39m,
[2m[WebServer] [22m  [32m'System Admin'[39m
[2m[WebServer] [22m]

[1A[2K[2m[WebServer] [22mUser object: {
[2m[WebServer] [22m  id: [32m'6929e2de934d8e079e6f55b6'[39m,
[2m[WebServer] [22m  workEmail: [32m'engemp1.work@example.com'[39m,
[2m[WebServer] [22m  roles: [ [32m'department employee'[39m ],
[2m[WebServer] [22m  permissions: [],
[2m[WebServer] [22m  primaryDepartmentId: [32m'69275d8afc1184a3b3e6c55f'[39m,
[2m[WebServer] [22m  employeeNumber: [32m'EMP-1026'[39m
[2m[WebServer] [22m}
[2m[WebServer] [22mNormalized user roles: [ [32m'department employee'[39m ]

[1A[2K[2m[WebServer] [22mNormalized required roles: [
[2m[WebServer] [22m  [32m'department employee'[39m,
[2m[WebServer] [22m  [32m'hr employee'[39m,
[2m[WebServer] [22m  [32m'department head'[39m,
[2m[WebServer] [22m  [32m'hr manager'[39m,
[2m[WebServer] [22m  [32m'hr admin'[39m,
[2m[WebServer] [22m  [32m'system admin'[39m
[2m[WebServer] [22m]
[2m[WebServer] [22mHas required role? [33mtrue[39m

[1A[2K[2m[WebServer] [22mΓ£ö ACCESS GRANTED Γ£ö

[1A[2K[2m[WebServer] [22m≡ƒöì [TrackingController] getMyHistory: {
[2m[WebServer] [22m  filters: [Object: null prototype] {},
[2m[WebServer] [22m  userId: [32m'6929e2de934d8e079e6f55b6'[39m
[2m[WebServer] [22m}

[1A[2K[2m[WebServer] [22m GET /leaves/my-leaves [32m200[39m in 69ms[2m (compile: 3ms, render: 66ms)[22m

[1A[2K[2m[WebServer] [22m≡ƒöÑ JwtAuthGuard: canActivate CALLED

[1A[2K[2m[WebServer] [22m≡ƒöì JWT Extractor - All cookies: {
[2m[WebServer] [22m  accessToken: [32m'eyJhbGciOiJIUzI1NiIsInR5cCI6IkpXVCJ9.eyJzdWIiOiI2OTI5ZTJkZTkzNGQ4ZTA3OWU2ZjU1YjYiLCJ3b3JrRW1haWwiOiJlbmdlbXAxLndvcmtAZXhhbXBsZS5jb20iLCJyb2xlcyI6WyJkZXBhcnRtZW50IGVtcGxveWVlIl0sInBlcm1pc3Npb25zIjpbXSwicHJpbWFyeURlcGFydG1lbnRJZCI6IjY5Mjc1ZDhhZmMxMTg0YTNiM2U2YzU1ZiIsImVtcGxveWVlTnVtYmVyIjoiRU1QLTEwMjYiLCJpYXQiOjE3NjU5ODE5MzYsImV4cCI6MTc2NjA2ODMzNn0.0VrA3gcCNAnwpLPv-TsR9esoVEXT58t0zugHUg49iqo'[39m
[2m[WebServer] [22m}
[2m[WebServer] [22m≡ƒöì JWT Extractor - Headers: accessToken=eyJhbGciOiJIUzI1NiIsInR5cCI6IkpXVCJ9.eyJzdWIiOiI2OTI5ZTJkZTkzNGQ4ZTA3OWU2ZjU1YjYiLCJ3b3JrRW1haWwiOiJlbmdlbXAxLndvcmtAZXhhbXBsZS5jb20iLCJyb2xlcyI6WyJkZXBhcnRtZW50IGVtcGxveWVlIl0sInBlcm1pc3Npb25zIjpbXSwicHJpbWFyeURlcGFydG1lbnRJZCI6IjY5Mjc1ZDhhZmMxMTg0YTNiM2U2YzU1ZiIsImVtcGxveWVlTnVtYmVyIjoiRU1QLTEwMjYiLCJpYXQiOjE3NjU5ODE5MzYsImV4cCI6MTc2NjA2ODMzNn0.0VrA3gcCNAnwpLPv-TsR9esoVEXT58t0zugHUg49iqo
[2m[WebServer] [22m≡ƒöì JWT Extractor - accessToken: FOUND

[1A[2K[2m[WebServer] [22mJwtStrategy VALIDATE: {
[2m[WebServer] [22m  sub: [32m'6929e2de934d8e079e6f55b6'[39m,
[2m[WebServer] [22m  workEmail: [32m'engemp1.work@example.com'[39m,
[2m[WebServer] [22m  roles: [ [32m'department employee'[39m ],
[2m[WebServer] [22m  permissions: [],
[2m[WebServer] [22m  primaryDepartmentId: [32m'69275d8afc1184a3b3e6c55f'[39m,
[2m[WebServer] [22m  employeeNumber: [32m'EMP-1026'[39m,
[2m[WebServer] [22m  iat: [33m1765981936[39m,
[2m[WebServer] [22m  exp: [33m1766068336[39m
[2m[WebServer] [22m}

[1A[2K[2m[WebServer] [22m≡ƒöÑ JwtAuthGuard: handleRequest() {
[2m[WebServer] [22m  err: [1mnull[22m,
[2m[WebServer] [22m  user: {
[2m[WebServer] [22m    id: [32m'6929e2de934d8e079e6f55b6'[39m,
[2m[WebServer] [22m    workEmail: [32m'engemp1.work@example.com'[39m,
[2m[WebServer] [22m    roles: [ [32m'department employee'[39m ],
[2m[WebServer] [22m    permissions: [],
[2m[WebServer] [22m    primaryDepartmentId: [32m'69275d8afc1184a3b3e6c55f'[39m,
[2m[WebServer] [22m    employeeNumber: [32m'EMP-1026'[39m
[2m[WebServer] [22m  },
[2m[WebServer] [22m  info: [90mundefined[39m
[2m[WebServer] [22m}
[2m[WebServer] [22mΓ£à JwtAuthGuard SUCCESS ΓåÆ user authenticated: 6929e2de934d8e079e6f55b6

[1A[2K[2m[WebServer] [22m≡ƒöì [LeaveTypeController] findAll

[1A[2K[2m[WebServer] [22m≡ƒöÑ JwtAuthGuard: canActivate CALLED

[1A[2K[2m[WebServer] [22m≡ƒöì JWT Extractor - All cookies: {
[2m[WebServer] [22m  accessToken: [32m'eyJhbGciOiJIUzI1NiIsInR5cCI6IkpXVCJ9.eyJzdWIiOiI2OTI5ZTJkZTkzNGQ4ZTA3OWU2ZjU1YjYiLCJ3b3JrRW1haWwiOiJlbmdlbXAxLndvcmtAZXhhbXBsZS5jb20iLCJyb2xlcyI6WyJkZXBhcnRtZW50IGVtcGxveWVlIl0sInBlcm1pc3Npb25zIjpbXSwicHJpbWFyeURlcGFydG1lbnRJZCI6IjY5Mjc1ZDhhZmMxMTg0YTNiM2U2YzU1ZiIsImVtcGxveWVlTnVtYmVyIjoiRU1QLTEwMjYiLCJpYXQiOjE3NjU5ODE5MzYsImV4cCI6MTc2NjA2ODMzNn0.0VrA3gcCNAnwpLPv-TsR9esoVEXT58t0zugHUg49iqo'[39m
[2m[WebServer] [22m}
[2m[WebServer] [22m≡ƒöì JWT Extractor - Headers: accessToken=eyJhbGciOiJIUzI1NiIsInR5cCI6IkpXVCJ9.eyJzdWIiOiI2OTI5ZTJkZTkzNGQ4ZTA3OWU2ZjU1YjYiLCJ3b3JrRW1haWwiOiJlbmdlbXAxLndvcmtAZXhhbXBsZS5jb20iLCJyb2xlcyI6WyJkZXBhcnRtZW50IGVtcGxveWVlIl0sInBlcm1pc3Npb25zIjpbXSwicHJpbWFyeURlcGFydG1lbnRJZCI6IjY5Mjc1ZDhhZmMxMTg0YTNiM2U2YzU1ZiIsImVtcGxveWVlTnVtYmVyIjoiRU1QLTEwMjYiLCJpYXQiOjE3NjU5ODE5MzYsImV4cCI6MTc2NjA2ODMzNn0.0VrA3gcCNAnwpLPv-TsR9esoVEXT58t0zugHUg49iqo
[2m[WebServer] [22m≡ƒöì JWT Extractor - accessToken: FOUND

[1A[2K[2m[WebServer] [22mJwtStrategy VALIDATE: {
[2m[WebServer] [22m  sub: [32m'6929e2de934d8e079e6f55b6'[39m,
[2m[WebServer] [22m  workEmail: [32m'engemp1.work@example.com'[39m,
[2m[WebServer] [22m  roles: [ [32m'department employee'[39m ],
[2m[WebServer] [22m  permissions: [],
[2m[WebServer] [22m  primaryDepartmentId: [32m'69275d8afc1184a3b3e6c55f'[39m,
[2m[WebServer] [22m  employeeNumber: [32m'EMP-1026'[39m,
[2m[WebServer] [22m  iat: [33m1765981936[39m,
[2m[WebServer] [22m  exp: [33m1766068336[39m
[2m[WebServer] [22m}

[1A[2K[2m[WebServer] [22m≡ƒöÑ JwtAuthGuard: handleRequest() {
[2m[WebServer] [22m  err: [1mnull[22m,
[2m[WebServer] [22m  user: {
[2m[WebServer] [22m    id: [32m'6929e2de934d8e079e6f55b6'[39m,
[2m[WebServer] [22m    workEmail: [32m'engemp1.work@example.com'[39m,
[2m[WebServer] [22m    roles: [ [32m'department employee'[39m ],
[2m[WebServer] [22m    permissions: [],
[2m[WebServer] [22m    primaryDepartmentId: [32m'69275d8afc1184a3b3e6c55f'[39m,
[2m[WebServer] [22m    employeeNumber: [32m'EMP-1026'[39m
[2m[WebServer] [22m  },
[2m[WebServer] [22m  info: [90mundefined[39m
[2m[WebServer] [22m}
[2m[WebServer] [22mΓ£à JwtAuthGuard SUCCESS ΓåÆ user authenticated: 6929e2de934d8e079e6f55b6
[2m[WebServer] [22m≡ƒöÑ RolesGuard running!
[2m[WebServer] [22m
[2m[WebServer] [22m===== ROLE GUARD =====
[2m[WebServer] [22mRequired roles: [
[2m[WebServer] [22m  [32m'department employee'[39m,
[2m[WebServer] [22m  [32m'HR Employee'[39m,
[2m[WebServer] [22m  [32m'department head'[39m,
[2m[WebServer] [22m  [32m'HR Manager'[39m,
[2m[WebServer] [22m  [32m'HR Admin'[39m,
[2m[WebServer] [22m  [32m'System Admin'[39m
[2m[WebServer] [22m]

[1A[2K[2m[WebServer] [22mUser object: {
[2m[WebServer] [22m  id: [32m'6929e2de934d8e079e6f55b6'[39m,
[2m[WebServer] [22m  workEmail: [32m'engemp1.work@example.com'[39m,
[2m[WebServer] [22m  roles: [ [32m'department employee'[39m ],
[2m[WebServer] [22m  permissions: [],
[2m[WebServer] [22m  primaryDepartmentId: [32m'69275d8afc1184a3b3e6c55f'[39m,
[2m[WebServer] [22m  employeeNumber: [32m'EMP-1026'[39m
[2m[WebServer] [22m}
[2m[WebServer] [22mNormalized user roles: [ [32m'department employee'[39m ]
[2m[WebServer] [22mNormalized required roles: [
[2m[WebServer] [22m  [32m'department employee'[39m,
[2m[WebServer] [22m  [32m'hr employee'[39m,
[2m[WebServer] [22m  [32m'department head'[39m,
[2m[WebServer] [22m  [32m'hr manager'[39m,
[2m[WebServer] [22m  [32m'hr admin'[39m,
[2m[WebServer] [22m  [32m'system admin'[39m
[2m[WebServer] [22m]
[2m[WebServer] [22mHas required role? [33mtrue[39m
[2m[WebServer] [22mΓ£ö ACCESS GRANTED Γ£ö

[1A[2K[2m[WebServer] [22m≡ƒöì [TrackingController] getMyBalances: {
[2m[WebServer] [22m  query: [Object: null prototype] {},
[2m[WebServer] [22m  userId: [32m'6929e2de934d8e079e6f55b6'[39m
[2m[WebServer] [22m}

[1A[2K[2m[WebServer] [22m≡ƒöÑ JwtAuthGuard: canActivate CALLED

[1A[2K[2m[WebServer] [22m≡ƒöì JWT Extractor - All cookies: {
[2m[WebServer] [22m  accessToken: [32m'eyJhbGciOiJIUzI1NiIsInR5cCI6IkpXVCJ9.eyJzdWIiOiI2OTI5ZTJkZTkzNGQ4ZTA3OWU2ZjU1YjYiLCJ3b3JrRW1haWwiOiJlbmdlbXAxLndvcmtAZXhhbXBsZS5jb20iLCJyb2xlcyI6WyJkZXBhcnRtZW50IGVtcGxveWVlIl0sInBlcm1pc3Npb25zIjpbXSwicHJpbWFyeURlcGFydG1lbnRJZCI6IjY5Mjc1ZDhhZmMxMTg0YTNiM2U2YzU1ZiIsImVtcGxveWVlTnVtYmVyIjoiRU1QLTEwMjYiLCJpYXQiOjE3NjU5ODE5MzYsImV4cCI6MTc2NjA2ODMzNn0.0VrA3gcCNAnwpLPv-TsR9esoVEXT58t0zugHUg49iqo'[39m
[2m[WebServer] [22m}
[2m[WebServer] [22m≡ƒöì JWT Extractor - Headers: accessToken=eyJhbGciOiJIUzI1NiIsInR5cCI6IkpXVCJ9.eyJzdWIiOiI2OTI5ZTJkZTkzNGQ4ZTA3OWU2ZjU1YjYiLCJ3b3JrRW1haWwiOiJlbmdlbXAxLndvcmtAZXhhbXBsZS5jb20iLCJyb2xlcyI6WyJkZXBhcnRtZW50IGVtcGxveWVlIl0sInBlcm1pc3Npb25zIjpbXSwicHJpbWFyeURlcGFydG1lbnRJZCI6IjY5Mjc1ZDhhZmMxMTg0YTNiM2U2YzU1ZiIsImVtcGxveWVlTnVtYmVyIjoiRU1QLTEwMjYiLCJpYXQiOjE3NjU5ODE5MzYsImV4cCI6MTc2NjA2ODMzNn0.0VrA3gcCNAnwpLPv-TsR9esoVEXT58t0zugHUg49iqo
[2m[WebServer] [22m≡ƒöì JWT Extractor - accessToken: FOUND

[1A[2K[2m[WebServer] [22mJwtStrategy VALIDATE: {
[2m[WebServer] [22m  sub: [32m'6929e2de934d8e079e6f55b6'[39m,
[2m[WebServer] [22m  workEmail: [32m'engemp1.work@example.com'[39m,
[2m[WebServer] [22m  roles: [ [32m'department employee'[39m ],
[2m[WebServer] [22m  permissions: [],
[2m[WebServer] [22m  primaryDepartmentId: [32m'69275d8afc1184a3b3e6c55f'[39m,
[2m[WebServer] [22m  employeeNumber: [32m'EMP-1026'[39m,
[2m[WebServer] [22m  iat: [33m1765981936[39m,
[2m[WebServer] [22m  exp: [33m1766068336[39m
[2m[WebServer] [22m}

[1A[2K[2m[WebServer] [22m≡ƒöÑ JwtAuthGuard: handleRequest() {
[2m[WebServer] [22m  err: [1mnull[22m,
[2m[WebServer] [22m  user: {
[2m[WebServer] [22m    id: [32m'6929e2de934d8e079e6f55b6'[39m,
[2m[WebServer] [22m    workEmail: [32m'engemp1.work@example.com'[39m,
[2m[WebServer] [22m    roles: [ [32m'department employee'[39m ],
[2m[WebServer] [22m    permissions: [],
[2m[WebServer] [22m    primaryDepartmentId: [32m'69275d8afc1184a3b3e6c55f'[39m,
[2m[WebServer] [22m    employeeNumber: [32m'EMP-1026'[39m
[2m[WebServer] [22m  },
[2m[WebServer] [22m  info: [90mundefined[39m
[2m[WebServer] [22m}
[2m[WebServer] [22mΓ£à JwtAuthGuard SUCCESS ΓåÆ user authenticated: 6929e2de934d8e079e6f55b6
[2m[WebServer] [22m≡ƒöÑ RolesGuard running!
[2m[WebServer] [22m
[2m[WebServer] [22m===== ROLE GUARD =====
[2m[WebServer] [22mRequired roles: [
[2m[WebServer] [22m  [32m'department employee'[39m,
[2m[WebServer] [22m  [32m'HR Employee'[39m,
[2m[WebServer] [22m  [32m'department head'[39m,
[2m[WebServer] [22m  [32m'HR Manager'[39m,
[2m[WebServer] [22m  [32m'HR Admin'[39m,
[2m[WebServer] [22m  [32m'System Admin'[39m
[2m[WebServer] [22m]

[1A[2K[2m[WebServer] [22mUser object: {
[2m[WebServer] [22m  id: [32m'6929e2de934d8e079e6f55b6'[39m,
[2m[WebServer] [22m  workEmail: [32m'engemp1.work@example.com'[39m,
[2m[WebServer] [22m  roles: [ [32m'department employee'[39m ],
[2m[WebServer] [22m  permissions: [],
[2m[WebServer] [22m  primaryDepartmentId: [32m'69275d8afc1184a3b3e6c55f'[39m,
[2m[WebServer] [22m  employeeNumber: [32m'EMP-1026'[39m
[2m[WebServer] [22m}
[2m[WebServer] [22mNormalized user roles: [ [32m'department employee'[39m ]
[2m[WebServer] [22mNormalized required roles: [
[2m[WebServer] [22m  [32m'department employee'[39m,
[2m[WebServer] [22m  [32m'hr employee'[39m,
[2m[WebServer] [22m  [32m'department head'[39m,
[2m[WebServer] [22m  [32m'hr manager'[39m,
[2m[WebServer] [22m  [32m'hr admin'[39m,
[2m[WebServer] [22m  [32m'system admin'[39m
[2m[WebServer] [22m]

[1A[2K[2m[WebServer] [22mHas required role? [33mtrue[39m
[2m[WebServer] [22mΓ£ö ACCESS GRANTED Γ£ö
[2m[WebServer] [22m≡ƒöì [RequestsController] getMyRequests: { userId: [90mundefined[39m }

[1A[2K[2m[WebServer] [22m≡ƒöÑ JwtAuthGuard: canActivate CALLED

[1A[2K[2m[WebServer] [22m≡ƒöì JWT Extractor - All cookies: {
[2m[WebServer] [22m  accessToken: [32m'eyJhbGciOiJIUzI1NiIsInR5cCI6IkpXVCJ9.eyJzdWIiOiI2OTI5ZTJkZTkzNGQ4ZTA3OWU2ZjU1YjYiLCJ3b3JrRW1haWwiOiJlbmdlbXAxLndvcmtAZXhhbXBsZS5jb20iLCJyb2xlcyI6WyJkZXBhcnRtZW50IGVtcGxveWVlIl0sInBlcm1pc3Npb25zIjpbXSwicHJpbWFyeURlcGFydG1lbnRJZCI6IjY5Mjc1ZDhhZmMxMTg0YTNiM2U2YzU1ZiIsImVtcGxveWVlTnVtYmVyIjoiRU1QLTEwMjYiLCJpYXQiOjE3NjU5ODE5MzYsImV4cCI6MTc2NjA2ODMzNn0.0VrA3gcCNAnwpLPv-TsR9esoVEXT58t0zugHUg49iqo'[39m
[2m[WebServer] [22m}
[2m[WebServer] [22m≡ƒöì JWT Extractor - Headers: accessToken=eyJhbGciOiJIUzI1NiIsInR5cCI6IkpXVCJ9.eyJzdWIiOiI2OTI5ZTJkZTkzNGQ4ZTA3OWU2ZjU1YjYiLCJ3b3JrRW1haWwiOiJlbmdlbXAxLndvcmtAZXhhbXBsZS5jb20iLCJyb2xlcyI6WyJkZXBhcnRtZW50IGVtcGxveWVlIl0sInBlcm1pc3Npb25zIjpbXSwicHJpbWFyeURlcGFydG1lbnRJZCI6IjY5Mjc1ZDhhZmMxMTg0YTNiM2U2YzU1ZiIsImVtcGxveWVlTnVtYmVyIjoiRU1QLTEwMjYiLCJpYXQiOjE3NjU5ODE5MzYsImV4cCI6MTc2NjA2ODMzNn0.0VrA3gcCNAnwpLPv-TsR9esoVEXT58t0zugHUg49iqo
[2m[WebServer] [22m≡ƒöì JWT Extractor - accessToken: FOUND

[1A[2K[2m[WebServer] [22mJwtStrategy VALIDATE: {
[2m[WebServer] [22m  sub: [32m'6929e2de934d8e079e6f55b6'[39m,
[2m[WebServer] [22m  workEmail: [32m'engemp1.work@example.com'[39m,
[2m[WebServer] [22m  roles: [ [32m'department employee'[39m ],
[2m[WebServer] [22m  permissions: [],
[2m[WebServer] [22m  primaryDepartmentId: [32m'69275d8afc1184a3b3e6c55f'[39m,
[2m[WebServer] [22m  employeeNumber: [32m'EMP-1026'[39m,
[2m[WebServer] [22m  iat: [33m1765981936[39m,
[2m[WebServer] [22m  exp: [33m1766068336[39m
[2m[WebServer] [22m}

[1A[2K[2m[WebServer] [22m≡ƒöÑ JwtAuthGuard: handleRequest() {
[2m[WebServer] [22m  err: [1mnull[22m,
[2m[WebServer] [22m  user: {
[2m[WebServer] [22m    id: [32m'6929e2de934d8e079e6f55b6'[39m,
[2m[WebServer] [22m    workEmail: [32m'engemp1.work@example.com'[39m,
[2m[WebServer] [22m    roles: [ [32m'department employee'[39m ],
[2m[WebServer] [22m    permissions: [],
[2m[WebServer] [22m    primaryDepartmentId: [32m'69275d8afc1184a3b3e6c55f'[39m,
[2m[WebServer] [22m    employeeNumber: [32m'EMP-1026'[39m
[2m[WebServer] [22m  },
[2m[WebServer] [22m  info: [90mundefined[39m
[2m[WebServer] [22m}
[2m[WebServer] [22mΓ£à JwtAuthGuard SUCCESS ΓåÆ user authenticated: 6929e2de934d8e079e6f55b6
[2m[WebServer] [22m≡ƒöÑ RolesGuard running!
[2m[WebServer] [22m
[2m[WebServer] [22m===== ROLE GUARD =====
[2m[WebServer] [22mRequired roles: [
[2m[WebServer] [22m  [32m'department employee'[39m,
[2m[WebServer] [22m  [32m'HR Employee'[39m,
[2m[WebServer] [22m  [32m'department head'[39m,
[2m[WebServer] [22m  [32m'HR Manager'[39m,
[2m[WebServer] [22m  [32m'HR Admin'[39m,
[2m[WebServer] [22m  [32m'System Admin'[39m
[2m[WebServer] [22m]
[2m[WebServer] [22mUser object: {
[2m[WebServer] [22m  id: [32m'6929e2de934d8e079e6f55b6'[39m,
[2m[WebServer] [22m  workEmail: [32m'engemp1.work@example.com'[39m,
[2m[WebServer] [22m  roles: [ [32m'department employee'[39m ],
[2m[WebServer] [22m  permissions: [],
[2m[WebServer] [22m  primaryDepartmentId: [32m'69275d8afc1184a3b3e6c55f'[39m,
[2m[WebServer] [22m  employeeNumber: [32m'EMP-1026'[39m
[2m[WebServer] [22m}

[1A[2K[2m[WebServer] [22mNormalized user roles: [ [32m'department employee'[39m ]
[2m[WebServer] [22mNormalized required roles: [
[2m[WebServer] [22m  [32m'department employee'[39m,
[2m[WebServer] [22m  [32m'hr employee'[39m,
[2m[WebServer] [22m  [32m'department head'[39m,
[2m[WebServer] [22m  [32m'hr manager'[39m,
[2m[WebServer] [22m  [32m'hr admin'[39m,
[2m[WebServer] [22m  [32m'system admin'[39m
[2m[WebServer] [22m]
[2m[WebServer] [22mHas required role? [33mtrue[39m
[2m[WebServer] [22mΓ£ö ACCESS GRANTED Γ£ö

[1A[2K[2m[WebServer] [22m≡ƒöì [CalendarsController] calculateWorkingDays: { from: [32m'2025-12-26'[39m, to: [32m'2025-12-30'[39m }

[1A[2K[2m[WebServer] [22m≡ƒöÑ JwtAuthGuard: canActivate CALLED

[1A[2K[2m[WebServer] [22m≡ƒöì JWT Extractor - All cookies: {
[2m[WebServer] [22m  accessToken: [32m'eyJhbGciOiJIUzI1NiIsInR5cCI6IkpXVCJ9.eyJzdWIiOiI2OTI5ZTJkZTkzNGQ4ZTA3OWU2ZjU1YjYiLCJ3b3JrRW1haWwiOiJlbmdlbXAxLndvcmtAZXhhbXBsZS5jb20iLCJyb2xlcyI6WyJkZXBhcnRtZW50IGVtcGxveWVlIl0sInBlcm1pc3Npb25zIjpbXSwicHJpbWFyeURlcGFydG1lbnRJZCI6IjY5Mjc1ZDhhZmMxMTg0YTNiM2U2YzU1ZiIsImVtcGxveWVlTnVtYmVyIjoiRU1QLTEwMjYiLCJpYXQiOjE3NjU5ODE5MzYsImV4cCI6MTc2NjA2ODMzNn0.0VrA3gcCNAnwpLPv-TsR9esoVEXT58t0zugHUg49iqo'[39m
[2m[WebServer] [22m}

[1A[2K[2m[WebServer] [22m≡ƒöì JWT Extractor - Headers: accessToken=eyJhbGciOiJIUzI1NiIsInR5cCI6IkpXVCJ9.eyJzdWIiOiI2OTI5ZTJkZTkzNGQ4ZTA3OWU2ZjU1YjYiLCJ3b3JrRW1haWwiOiJlbmdlbXAxLndvcmtAZXhhbXBsZS5jb20iLCJyb2xlcyI6WyJkZXBhcnRtZW50IGVtcGxveWVlIl0sInBlcm1pc3Npb25zIjpbXSwicHJpbWFyeURlcGFydG1lbnRJZCI6IjY5Mjc1ZDhhZmMxMTg0YTNiM2U2YzU1ZiIsImVtcGxveWVlTnVtYmVyIjoiRU1QLTEwMjYiLCJpYXQiOjE3NjU5ODE5MzYsImV4cCI6MTc2NjA2ODMzNn0.0VrA3gcCNAnwpLPv-TsR9esoVEXT58t0zugHUg49iqo
[2m[WebServer] [22m≡ƒöì JWT Extractor - accessToken: FOUND

[1A[2K[2m[WebServer] [22mJwtStrategy VALIDATE: {
[2m[WebServer] [22m  sub: [32m'6929e2de934d8e079e6f55b6'[39m,
[2m[WebServer] [22m  workEmail: [32m'engemp1.work@example.com'[39m,
[2m[WebServer] [22m  roles: [ [32m'department employee'[39m ],
[2m[WebServer] [22m  permissions: [],
[2m[WebServer] [22m  primaryDepartmentId: [32m'69275d8afc1184a3b3e6c55f'[39m,
[2m[WebServer] [22m  employeeNumber: [32m'EMP-1026'[39m,
[2m[WebServer] [22m  iat: [33m1765981936[39m,
[2m[WebServer] [22m  exp: [33m1766068336[39m
[2m[WebServer] [22m}

[1A[2K[2m[WebServer] [22m≡ƒöÑ JwtAuthGuard: handleRequest() {
[2m[WebServer] [22m  err: [1mnull[22m,
[2m[WebServer] [22m  user: {
[2m[WebServer] [22m    id: [32m'6929e2de934d8e079e6f55b6'[39m,
[2m[WebServer] [22m    workEmail: [32m'engemp1.work@example.com'[39m,
[2m[WebServer] [22m    roles: [ [32m'department employee'[39m ],
[2m[WebServer] [22m    permissions: [],
[2m[WebServer] [22m    primaryDepartmentId: [32m'69275d8afc1184a3b3e6c55f'[39m,
[2m[WebServer] [22m    employeeNumber: [32m'EMP-1026'[39m
[2m[WebServer] [22m  },
[2m[WebServer] [22m  info: [90mundefined[39m
[2m[WebServer] [22m}
[2m[WebServer] [22mΓ£à JwtAuthGuard SUCCESS ΓåÆ user authenticated: 6929e2de934d8e079e6f55b6
[2m[WebServer] [22m≡ƒöÑ RolesGuard running!
[2m[WebServer] [22m
[2m[WebServer] [22m===== ROLE GUARD =====
[2m[WebServer] [22mRequired roles: [
[2m[WebServer] [22m  [32m'department employee'[39m,
[2m[WebServer] [22m  [32m'HR Employee'[39m,
[2m[WebServer] [22m  [32m'department head'[39m,
[2m[WebServer] [22m  [32m'HR Manager'[39m,
[2m[WebServer] [22m  [32m'HR Admin'[39m,
[2m[WebServer] [22m  [32m'System Admin'[39m
[2m[WebServer] [22m]

[1A[2K[2m[WebServer] [22mUser object: {
[2m[WebServer] [22m  id: [32m'6929e2de934d8e079e6f55b6'[39m,
[2m[WebServer] [22m  workEmail: [32m'engemp1.work@example.com'[39m,
[2m[WebServer] [22m  roles: [ [32m'department employee'[39m ],
[2m[WebServer] [22m  permissions: [],
[2m[WebServer] [22m  primaryDepartmentId: [32m'69275d8afc1184a3b3e6c55f'[39m,
[2m[WebServer] [22m  employeeNumber: [32m'EMP-1026'[39m
[2m[WebServer] [22m}
[2m[WebServer] [22mNormalized user roles: [ [32m'department employee'[39m ]
[2m[WebServer] [22mNormalized required roles: [
[2m[WebServer] [22m  [32m'department employee'[39m,
[2m[WebServer] [22m  [32m'hr employee'[39m,
[2m[WebServer] [22m  [32m'department head'[39m,
[2m[WebServer] [22m  [32m'hr manager'[39m,
[2m[WebServer] [22m  [32m'hr admin'[39m,
[2m[WebServer] [22m  [32m'system admin'[39m
[2m[WebServer] [22m]
[2m[WebServer] [22mHas required role? [33mtrue[39m
[2m[WebServer] [22mΓ£ö ACCESS GRANTED Γ£ö

[1A[2K[2m[WebServer] [22m≡ƒöì [CalendarsController] checkBlockedPeriods: { from: [32m'2025-12-26'[39m, to: [32m'2025-12-30'[39m }

[1A[2K[2m[WebServer] [22m≡ƒöÑ JwtAuthGuard: canActivate CALLED

[1A[2K[2m[WebServer] [22m≡ƒöì JWT Extractor - All cookies: {
[2m[WebServer] [22m  accessToken: [32m'eyJhbGciOiJIUzI1NiIsInR5cCI6IkpXVCJ9.eyJzdWIiOiI2OTI5ZTJkZTkzNGQ4ZTA3OWU2ZjU1YjYiLCJ3b3JrRW1haWwiOiJlbmdlbXAxLndvcmtAZXhhbXBsZS5jb20iLCJyb2xlcyI6WyJkZXBhcnRtZW50IGVtcGxveWVlIl0sInBlcm1pc3Npb25zIjpbXSwicHJpbWFyeURlcGFydG1lbnRJZCI6IjY5Mjc1ZDhhZmMxMTg0YTNiM2U2YzU1ZiIsImVtcGxveWVlTnVtYmVyIjoiRU1QLTEwMjYiLCJpYXQiOjE3NjU5ODE5MzYsImV4cCI6MTc2NjA2ODMzNn0.0VrA3gcCNAnwpLPv-TsR9esoVEXT58t0zugHUg49iqo'[39m
[2m[WebServer] [22m}

[1A[2K[2m[WebServer] [22m≡ƒöì JWT Extractor - Headers: accessToken=eyJhbGciOiJIUzI1NiIsInR5cCI6IkpXVCJ9.eyJzdWIiOiI2OTI5ZTJkZTkzNGQ4ZTA3OWU2ZjU1YjYiLCJ3b3JrRW1haWwiOiJlbmdlbXAxLndvcmtAZXhhbXBsZS5jb20iLCJyb2xlcyI6WyJkZXBhcnRtZW50IGVtcGxveWVlIl0sInBlcm1pc3Npb25zIjpbXSwicHJpbWFyeURlcGFydG1lbnRJZCI6IjY5Mjc1ZDhhZmMxMTg0YTNiM2U2YzU1ZiIsImVtcGxveWVlTnVtYmVyIjoiRU1QLTEwMjYiLCJpYXQiOjE3NjU5ODE5MzYsImV4cCI6MTc2NjA2ODMzNn0.0VrA3gcCNAnwpLPv-TsR9esoVEXT58t0zugHUg49iqo
[2m[WebServer] [22m≡ƒöì JWT Extractor - accessToken: FOUND

[1A[2K[2m[WebServer] [22mJwtStrategy VALIDATE: {
[2m[WebServer] [22m  sub: [32m'6929e2de934d8e079e6f55b6'[39m,
[2m[WebServer] [22m  workEmail: [32m'engemp1.work@example.com'[39m,
[2m[WebServer] [22m  roles: [ [32m'department employee'[39m ],
[2m[WebServer] [22m  permissions: [],
[2m[WebServer] [22m  primaryDepartmentId: [32m'69275d8afc1184a3b3e6c55f'[39m,
[2m[WebServer] [22m  employeeNumber: [32m'EMP-1026'[39m,
[2m[WebServer] [22m  iat: [33m1765981936[39m,
[2m[WebServer] [22m  exp: [33m1766068336[39m
[2m[WebServer] [22m}

[1A[2K[2m[WebServer] [22m≡ƒöÑ JwtAuthGuard: handleRequest() {
[2m[WebServer] [22m  err: [1mnull[22m,
[2m[WebServer] [22m  user: {
[2m[WebServer] [22m    id: [32m'6929e2de934d8e079e6f55b6'[39m,
[2m[WebServer] [22m    workEmail: [32m'engemp1.work@example.com'[39m,
[2m[WebServer] [22m    roles: [ [32m'department employee'[39m ],
[2m[WebServer] [22m    permissions: [],
[2m[WebServer] [22m    primaryDepartmentId: [32m'69275d8afc1184a3b3e6c55f'[39m,
[2m[WebServer] [22m    employeeNumber: [32m'EMP-1026'[39m
[2m[WebServer] [22m  },
[2m[WebServer] [22m  info: [90mundefined[39m
[2m[WebServer] [22m}
[2m[WebServer] [22mΓ£à JwtAuthGuard SUCCESS ΓåÆ user authenticated: 6929e2de934d8e079e6f55b6
[2m[WebServer] [22m≡ƒöÑ RolesGuard running!

[1A[2K[2m[WebServer] [22m
[2m[WebServer] [22m===== ROLE GUARD =====
[2m[WebServer] [22mRequired roles: [
[2m[WebServer] [22m  [32m'department employee'[39m,
[2m[WebServer] [22m  [32m'HR Employee'[39m,
[2m[WebServer] [22m  [32m'department head'[39m,
[2m[WebServer] [22m  [32m'HR Manager'[39m,
[2m[WebServer] [22m  [32m'HR Admin'[39m,
[2m[WebServer] [22m  [32m'System Admin'[39m
[2m[WebServer] [22m]

[1A[2K[2m[WebServer] [22mUser object: {
[2m[WebServer] [22m  id: [32m'6929e2de934d8e079e6f55b6'[39m,
[2m[WebServer] [22m  workEmail: [32m'engemp1.work@example.com'[39m,
[2m[WebServer] [22m  roles: [ [32m'department employee'[39m ],
[2m[WebServer] [22m  permissions: [],
[2m[WebServer] [22m  primaryDepartmentId: [32m'69275d8afc1184a3b3e6c55f'[39m,
[2m[WebServer] [22m  employeeNumber: [32m'EMP-1026'[39m
[2m[WebServer] [22m}
[2m[WebServer] [22mNormalized user roles: [ [32m'department employee'[39m ]
[2m[WebServer] [22mNormalized required roles: [
[2m[WebServer] [22m  [32m'department employee'[39m,
[2m[WebServer] [22m  [32m'hr employee'[39m,
[2m[WebServer] [22m  [32m'department head'[39m,
[2m[WebServer] [22m  [32m'hr manager'[39m,
[2m[WebServer] [22m  [32m'hr admin'[39m,
[2m[WebServer] [22m  [32m'system admin'[39m
[2m[WebServer] [22m]
[2m[WebServer] [22mHas required role? [33mtrue[39m
[2m[WebServer] [22mΓ£ö ACCESS GRANTED Γ£ö
[2m[WebServer] [22m≡ƒöì [RequestsController] checkOverlap: { from: [32m'2025-12-26'[39m, to: [32m'2025-12-30'[39m, excludeId: [90mundefined[39m }

[1A[2K
================================================================================

[1A[2K≡ƒÄë ALL LEAVE MANAGEMENT TESTS COMPLETED

[1A[2K================================================================================

[1A[2KΓ£à Employee 1 (EMP-1026): All scenarios tested

[1A[2KΓ£à Employee 2 (EMP-1027): Low balance scenarios tested

[1A[2KΓ£à Manager (EMP-1025): Approval workflows tested

[1A[2KΓ£à HR (EMP-1019): System-wide management tested

[1A[2K================================================================================


[1A[2K  8) [chromium] ΓÇ║ leave-tests.spec.ts:512:7 ΓÇ║ ≡ƒºæ EMPLOYEE 1 (EMP-1026 - Engineering) - All Scenarios ΓÇ║ Γ£à F1-F5: Blocked period validation 

    Error: [2mexpect([22m[31mlocator[39m[2m).[22mtoBeVisible[2m([22m[2m)[22m failed

    Locator: locator('text=/not allowed/i, text=/blocked/i, text=/restricted period/i, text=/Year-End Closing/i')
    Expected: visible
    Timeout: 10000ms
    Error: element(s) not found

    Call log:
    [2m  - Expect "toBeVisible" with timeout 10000ms[22m
    [2m  - waiting for locator('text=/not allowed/i, text=/blocked/i, text=/restricted period/i, text=/Year-End Closing/i')[22m


      525 |     // Should show blocked period error
      526 |     const blockedError = page.locator('text=/not allowed/i, text=/blocked/i, text=/restricted period/i, text=/Year-End Closing/i');
    > 527 |     await expect(blockedError).toBeVisible({ timeout: 10000 });
          |                                ^
      528 |     
      529 |     console.log('Γ£à Blocked period validation passed');
      530 |   });
        at C:\Users\Bedon\Desktop\semester-5-software-project\leave-tests.spec.ts:527:32

    attachment #1: screenshot (image/png) ΓöÇΓöÇΓöÇΓöÇΓöÇΓöÇΓöÇΓöÇΓöÇΓöÇΓöÇΓöÇΓöÇΓöÇΓöÇΓöÇΓöÇΓöÇΓöÇΓöÇΓöÇΓöÇΓöÇΓöÇΓöÇΓöÇΓöÇΓöÇΓöÇΓöÇΓöÇΓöÇΓöÇΓöÇΓöÇΓöÇΓöÇΓöÇΓöÇΓöÇΓöÇΓöÇΓöÇΓöÇΓöÇΓöÇΓöÇΓöÇΓöÇΓöÇΓöÇΓöÇΓöÇΓöÇΓöÇΓöÇΓöÇΓöÇ
    test-results\leave-tests-≡ƒºæ-EMPLOYEE-1--e632b-5-Blocked-period-validation-chromium\test-failed-1.png
    ΓöÇΓöÇΓöÇΓöÇΓöÇΓöÇΓöÇΓöÇΓöÇΓöÇΓöÇΓöÇΓöÇΓöÇΓöÇΓöÇΓöÇΓöÇΓöÇΓöÇΓöÇΓöÇΓöÇΓöÇΓöÇΓöÇΓöÇΓöÇΓöÇΓöÇΓöÇΓöÇΓöÇΓöÇΓöÇΓöÇΓöÇΓöÇΓöÇΓöÇΓöÇΓöÇΓöÇΓöÇΓöÇΓöÇΓöÇΓöÇΓöÇΓöÇΓöÇΓöÇΓöÇΓöÇΓöÇΓöÇΓöÇΓöÇΓöÇΓöÇΓöÇΓöÇΓöÇΓöÇΓöÇΓöÇΓöÇΓöÇΓöÇΓöÇΓöÇΓöÇΓöÇΓöÇΓöÇΓöÇΓöÇΓöÇΓöÇΓöÇΓöÇΓöÇΓöÇΓöÇΓöÇΓöÇΓöÇΓöÇΓöÇΓöÇΓöÇΓöÇΓöÇΓöÇΓöÇΓöÇ

    attachment #2: video (video/webm) ΓöÇΓöÇΓöÇΓöÇΓöÇΓöÇΓöÇΓöÇΓöÇΓöÇΓöÇΓöÇΓöÇΓöÇΓöÇΓöÇΓöÇΓöÇΓöÇΓöÇΓöÇΓöÇΓöÇΓöÇΓöÇΓöÇΓöÇΓöÇΓöÇΓöÇΓöÇΓöÇΓöÇΓöÇΓöÇΓöÇΓöÇΓöÇΓöÇΓöÇΓöÇΓöÇΓöÇΓöÇΓöÇΓöÇΓöÇΓöÇΓöÇΓöÇΓöÇΓöÇΓöÇΓöÇΓöÇΓöÇΓöÇΓöÇΓöÇΓöÇΓöÇΓöÇ
    test-results\leave-tests-≡ƒºæ-EMPLOYEE-1--e632b-5-Blocked-period-validation-chromium\video.webm
    ΓöÇΓöÇΓöÇΓöÇΓöÇΓöÇΓöÇΓöÇΓöÇΓöÇΓöÇΓöÇΓöÇΓöÇΓöÇΓöÇΓöÇΓöÇΓöÇΓöÇΓöÇΓöÇΓöÇΓöÇΓöÇΓöÇΓöÇΓöÇΓöÇΓöÇΓöÇΓöÇΓöÇΓöÇΓöÇΓöÇΓöÇΓöÇΓöÇΓöÇΓöÇΓöÇΓöÇΓöÇΓöÇΓöÇΓöÇΓöÇΓöÇΓöÇΓöÇΓöÇΓöÇΓöÇΓöÇΓöÇΓöÇΓöÇΓöÇΓöÇΓöÇΓöÇΓöÇΓöÇΓöÇΓöÇΓöÇΓöÇΓöÇΓöÇΓöÇΓöÇΓöÇΓöÇΓöÇΓöÇΓöÇΓöÇΓöÇΓöÇΓöÇΓöÇΓöÇΓöÇΓöÇΓöÇΓöÇΓöÇΓöÇΓöÇΓöÇΓöÇΓöÇΓöÇΓöÇΓöÇ

    Error Context: test-results\leave-tests-≡ƒºæ-EMPLOYEE-1--e632b-5-Blocked-period-validation-chromium\error-context.md


[1A[2K[14/35] [chromium] ΓÇ║ leave-tests.spec.ts:534:7 ΓÇ║ ≡ƒºæ EMPLOYEE 1 (EMP-1026 - Engineering) - All Scenarios ΓÇ║ Γ£à G1-G9: View and filter leave requests
[1A[2K[chromium] ΓÇ║ leave-tests.spec.ts:534:7 ΓÇ║ ≡ƒºæ EMPLOYEE 1 (EMP-1026 - Engineering) - All Scenarios ΓÇ║ Γ£à G1-G9: View and filter leave requests
≡ƒöÉ Logging in as: engemp1.work@example.com

[1A[2K[2m[WebServer] [22m GET /login [32m200[39m in 52ms[2m (compile: 3ms, render: 49ms)[22m

[1A[2K[2m[WebServer] [22m≡ƒöÑ JwtAuthGuard: canActivate CALLED

[1A[2K[2m[WebServer] [22m≡ƒöì JWT Extractor - All cookies: [Object: null prototype] {}
[2m[WebServer] [22m≡ƒöì JWT Extractor - Headers: [90mundefined[39m
[2m[WebServer] [22m≡ƒöì JWT Extractor - accessToken: NOT FOUND

[1A[2K[2m[WebServer] [22m≡ƒöÑ JwtAuthGuard: handleRequest() {
[2m[WebServer] [22m  err: [1mnull[22m,
[2m[WebServer] [22m  user: [33mfalse[39m,
[2m[WebServer] [22m  info: Error: No auth token
[2m[WebServer] [22m      at JwtStrategy.authenticate [90m(C:\Users\Bedon\Desktop\semester-5-software-project\backend\[39mnode_modules\[4mpassport-jwt[24m\lib\strategy.js:96:26[90m)[39m
[2m[WebServer] [22m      at attempt [90m(C:\Users\Bedon\Desktop\semester-5-software-project\backend\[39mnode_modules\[4mpassport[24m\lib\middleware\authenticate.js:378:16[90m)[39m
[2m[WebServer] [22m      at authenticate [90m(C:\Users\Bedon\Desktop\semester-5-software-project\backend\[39mnode_modules\[4mpassport[24m\lib\middleware\authenticate.js:379:7[90m)[39m
[2m[WebServer] [22m      at [90mC:\Users\Bedon\Desktop\semester-5-software-project\backend\[39mnode_modules\[4m@nestjs[24m\passport\dist\auth.guard.js:88:3
[2m[WebServer] [22m      at new Promise (<anonymous>)
[2m[WebServer] [22m      at [90mC:\Users\Bedon\Desktop\semester-5-software-project\backend\[39mnode_modules\[4m@nestjs[24m\passport\dist\auth.guard.js:80:83
[2m[WebServer] [22m      at JwtAuthGuard.canActivate [90m(C:\Users\Bedon\Desktop\semester-5-software-project\backend\[39mnode_modules\[4m@nestjs[24m\passport\dist\auth.guard.js:44:32[90m)[39m
[2m[WebServer] [22m  [90m    at process.processTicksAndRejections (node:internal/process/task_queues:105:5)[39m
[2m[WebServer] [22m}

[1A[2K[2m[WebServer] [22mΓ¥î JwtAuthGuard INFO: Error: No auth token
[2m[WebServer] [22m    at JwtStrategy.authenticate 
[90m(C:\Users\Bedon\Desktop\semester-5-software-project\backend\[39mnode_modules\[4mpassport-jwt[24m\lib\strategy.js:96:26[90m)[39m
[2m[WebServer] [22m    at attempt 
[90m(C:\Users\Bedon\Desktop\semester-5-software-project\backend\[39mnode_modules\[4mpassport[24m\lib\middleware\authenticate.js:378:16[90m)[39m
[2m[WebServer] [22m    at authenticate 
[90m(C:\Users\Bedon\Desktop\semester-5-software-project\backend\[39mnode_modules\[4mpassport[24m\lib\middleware\authenticate.js:379:7[90m)[39m
[2m[WebServer] [22m    at [90mC:\Users\Bedon\Desktop\semester-5-software-project\backend\[39mnode_modules\[4m@nestjs[24m\passport\dist\auth.guard.js:88:3
[2m[WebServer] [22m    at new Promise (<anonymous>)
[2m[WebServer] [22m    at 
[90mC:\Users\Bedon\Desktop\semester-5-software-project\backend\[39mnode_modules\[4m@nestjs[24m\passport\dist\auth.guard.js:80:83
[2m[WebServer] [22m    at JwtAuthGuard.canActivate 
[90m(C:\Users\Bedon\Desktop\semester-5-software-project\backend\[39mnode_modules\[4m@nestjs[24m\passport\dist\auth.guard.js:44:32[90m)[39m

[2m[WebServer] [22m[90m    at process.processTicksAndRejections (node:internal/process/task_queues:105:5)[39m
[1A[2K[2m[WebServer] [22mΓ¥î JwtAuthGuard FAILING ΓåÆ No auth token

[1A[2K[2m[WebServer] [22mVALIDATE EMPLOYEE - systemRole = {
[2m[WebServer] [22m  _id: new ObjectId([32m'6929e2de934d8e079e6f55b8'[39m),
[2m[WebServer] [22m  employeeProfileId: new ObjectId([32m'6929e2de934d8e079e6f55b6'[39m),
[2m[WebServer] [22m  roles: [ [32m'department employee'[39m ],
[2m[WebServer] [22m  permissions: [],
[2m[WebServer] [22m  isActive: [33mtrue[39m,
[2m[WebServer] [22m  createdAt: [35m2025-11-28T17:58:54.894Z[39m,
[2m[WebServer] [22m  updatedAt: [35m2025-11-28T17:58:54.894Z[39m,
[2m[WebServer] [22m  __v: [33m0[39m
[2m[WebServer] [22m}

[1A[2K[2m[WebServer] [22mGenerated token: eyJhbGciOiJIUzI1NiIsInR5cCI6IkpXVCJ9.eyJzdWIiOiI2OTI5ZTJkZTkzNGQ4ZTA3OWU2ZjU1YjYiLCJ3b3JrRW1haWwiOiJlbmdlbXAxLndvcmtAZXhhbXBsZS5jb20iLCJyb2xlcyI6WyJkZXBhcnRtZW50IGVtcGxveWVlIl0sInBlcm1pc3Npb25zIjpbXSwicHJpbWFyeURlcGFydG1lbnRJZCI6IjY5Mjc1ZDhhZmMxMTg0YTNiM2U2YzU1ZiIsImVtcGxveWVlTnVtYmVyIjoiRU1QLTEwMjYiLCJpYXQiOjE3NjU5ODE5NTIsImV4cCI6MTc2NjA2ODM1Mn0.ZjwnhxYS4_SnwXwVFxYRp7HQR7Pyjs_3rDk-fQzPSys

[1A[2K[2m[WebServer] [22m GET /leaves [32m200[39m in 21ms[2m (compile: 4ms, render: 18ms)[22m

[1A[2KΓ£à Login successful

[1A[2K≡ƒöì Testing Request History and Filters

[1A[2K[2m[WebServer] [22m≡ƒöÑ JwtAuthGuard: canActivate CALLED

[1A[2K[2m[WebServer] [22m≡ƒöì JWT Extractor - All cookies: {
[2m[WebServer] [22m  accessToken: [32m'eyJhbGciOiJIUzI1NiIsInR5cCI6IkpXVCJ9.eyJzdWIiOiI2OTI5ZTJkZTkzNGQ4ZTA3OWU2ZjU1YjYiLCJ3b3JrRW1haWwiOiJlbmdlbXAxLndvcmtAZXhhbXBsZS5jb20iLCJyb2xlcyI6WyJkZXBhcnRtZW50IGVtcGxveWVlIl0sInBlcm1pc3Npb25zIjpbXSwicHJpbWFyeURlcGFydG1lbnRJZCI6IjY5Mjc1ZDhhZmMxMTg0YTNiM2U2YzU1ZiIsImVtcGxveWVlTnVtYmVyIjoiRU1QLTEwMjYiLCJpYXQiOjE3NjU5ODE5NTIsImV4cCI6MTc2NjA2ODM1Mn0.ZjwnhxYS4_SnwXwVFxYRp7HQR7Pyjs_3rDk-fQzPSys'[39m
[2m[WebServer] [22m}

[1A[2K[2m[WebServer] [22m≡ƒöì JWT Extractor - Headers: accessToken=eyJhbGciOiJIUzI1NiIsInR5cCI6IkpXVCJ9.eyJzdWIiOiI2OTI5ZTJkZTkzNGQ4ZTA3OWU2ZjU1YjYiLCJ3b3JrRW1haWwiOiJlbmdlbXAxLndvcmtAZXhhbXBsZS5jb20iLCJyb2xlcyI6WyJkZXBhcnRtZW50IGVtcGxveWVlIl0sInBlcm1pc3Npb25zIjpbXSwicHJpbWFyeURlcGFydG1lbnRJZCI6IjY5Mjc1ZDhhZmMxMTg0YTNiM2U2YzU1ZiIsImVtcGxveWVlTnVtYmVyIjoiRU1QLTEwMjYiLCJpYXQiOjE3NjU5ODE5NTIsImV4cCI6MTc2NjA2ODM1Mn0.ZjwnhxYS4_SnwXwVFxYRp7HQR7Pyjs_3rDk-fQzPSys
[2m[WebServer] [22m≡ƒöì JWT Extractor - accessToken: FOUND

[1A[2K[2m[WebServer] [22mJwtStrategy VALIDATE: {
[2m[WebServer] [22m  sub: [32m'6929e2de934d8e079e6f55b6'[39m,
[2m[WebServer] [22m  workEmail: [32m'engemp1.work@example.com'[39m,
[2m[WebServer] [22m  roles: [ [32m'department employee'[39m ],
[2m[WebServer] [22m  permissions: [],
[2m[WebServer] [22m  primaryDepartmentId: [32m'69275d8afc1184a3b3e6c55f'[39m,
[2m[WebServer] [22m  employeeNumber: [32m'EMP-1026'[39m,
[2m[WebServer] [22m  iat: [33m1765981952[39m,
[2m[WebServer] [22m  exp: [33m1766068352[39m
[2m[WebServer] [22m}

[1A[2K[2m[WebServer] [22m≡ƒöÑ JwtAuthGuard: handleRequest() {
[2m[WebServer] [22m  err: [1mnull[22m,
[2m[WebServer] [22m  user: {
[2m[WebServer] [22m    id: [32m'6929e2de934d8e079e6f55b6'[39m,
[2m[WebServer] [22m    workEmail: [32m'engemp1.work@example.com'[39m,
[2m[WebServer] [22m    roles: [ [32m'department employee'[39m ],
[2m[WebServer] [22m    permissions: [],
[2m[WebServer] [22m    primaryDepartmentId: [32m'69275d8afc1184a3b3e6c55f'[39m,
[2m[WebServer] [22m    employeeNumber: [32m'EMP-1026'[39m
[2m[WebServer] [22m  },
[2m[WebServer] [22m  info: [90mundefined[39m
[2m[WebServer] [22m}

[1A[2K[2m[WebServer] [22mΓ£à JwtAuthGuard SUCCESS ΓåÆ user authenticated: 6929e2de934d8e079e6f55b6
[2m[WebServer] [22m≡ƒöÑ RolesGuard running!
[2m[WebServer] [22m
[2m[WebServer] [22m===== ROLE GUARD =====

[1A[2K[2m[WebServer] [22mRequired roles: [
[2m[WebServer] [22m  [32m'department employee'[39m,
[2m[WebServer] [22m  [32m'HR Employee'[39m,
[2m[WebServer] [22m  [32m'department head'[39m,
[2m[WebServer] [22m  [32m'HR Manager'[39m,
[2m[WebServer] [22m  [32m'HR Admin'[39m,
[2m[WebServer] [22m  [32m'System Admin'[39m
[2m[WebServer] [22m]

[1A[2K[2m[WebServer] [22mUser object: {
[2m[WebServer] [22m  id: [32m'6929e2de934d8e079e6f55b6'[39m,
[2m[WebServer] [22m  workEmail: [32m'engemp1.work@example.com'[39m,
[2m[WebServer] [22m  roles: [ [32m'department employee'[39m ],
[2m[WebServer] [22m  permissions: [],
[2m[WebServer] [22m  primaryDepartmentId: [32m'69275d8afc1184a3b3e6c55f'[39m,
[2m[WebServer] [22m  employeeNumber: [32m'EMP-1026'[39m
[2m[WebServer] [22m}
[2m[WebServer] [22mNormalized user roles: [ [32m'department employee'[39m ]

[1A[2K[2m[WebServer] [22mNormalized required roles: [
[2m[WebServer] [22m  [32m'department employee'[39m,
[2m[WebServer] [22m  [32m'hr employee'[39m,
[2m[WebServer] [22m  [32m'department head'[39m,
[2m[WebServer] [22m  [32m'hr manager'[39m,
[2m[WebServer] [22m  [32m'hr admin'[39m,
[2m[WebServer] [22m  [32m'system admin'[39m
[2m[WebServer] [22m]

[1A[2K[2m[WebServer] [22mHas required role? [33mtrue[39m
[2m[WebServer] [22mΓ£ö ACCESS GRANTED Γ£ö

[1A[2K[2m[WebServer] [22m≡ƒöì [TrackingController] getMyBalances: {
[2m[WebServer] [22m  query: [Object: null prototype] {},
[2m[WebServer] [22m  userId: [32m'6929e2de934d8e079e6f55b6'[39m
[2m[WebServer] [22m}

[1A[2K[2m[WebServer] [22m≡ƒöÑ JwtAuthGuard: canActivate CALLED

[1A[2K[2m[WebServer] [22m≡ƒöì JWT Extractor - All cookies: {
[2m[WebServer] [22m  accessToken: [32m'eyJhbGciOiJIUzI1NiIsInR5cCI6IkpXVCJ9.eyJzdWIiOiI2OTI5ZTJkZTkzNGQ4ZTA3OWU2ZjU1YjYiLCJ3b3JrRW1haWwiOiJlbmdlbXAxLndvcmtAZXhhbXBsZS5jb20iLCJyb2xlcyI6WyJkZXBhcnRtZW50IGVtcGxveWVlIl0sInBlcm1pc3Npb25zIjpbXSwicHJpbWFyeURlcGFydG1lbnRJZCI6IjY5Mjc1ZDhhZmMxMTg0YTNiM2U2YzU1ZiIsImVtcGxveWVlTnVtYmVyIjoiRU1QLTEwMjYiLCJpYXQiOjE3NjU5ODE5NTIsImV4cCI6MTc2NjA2ODM1Mn0.ZjwnhxYS4_SnwXwVFxYRp7HQR7Pyjs_3rDk-fQzPSys'[39m
[2m[WebServer] [22m}

[1A[2K[2m[WebServer] [22m≡ƒöì JWT Extractor - Headers: accessToken=eyJhbGciOiJIUzI1NiIsInR5cCI6IkpXVCJ9.eyJzdWIiOiI2OTI5ZTJkZTkzNGQ4ZTA3OWU2ZjU1YjYiLCJ3b3JrRW1haWwiOiJlbmdlbXAxLndvcmtAZXhhbXBsZS5jb20iLCJyb2xlcyI6WyJkZXBhcnRtZW50IGVtcGxveWVlIl0sInBlcm1pc3Npb25zIjpbXSwicHJpbWFyeURlcGFydG1lbnRJZCI6IjY5Mjc1ZDhhZmMxMTg0YTNiM2U2YzU1ZiIsImVtcGxveWVlTnVtYmVyIjoiRU1QLTEwMjYiLCJpYXQiOjE3NjU5ODE5NTIsImV4cCI6MTc2NjA2ODM1Mn0.ZjwnhxYS4_SnwXwVFxYRp7HQR7Pyjs_3rDk-fQzPSys
[2m[WebServer] [22m≡ƒöì JWT Extractor - accessToken: FOUND

[1A[2K[2m[WebServer] [22mJwtStrategy VALIDATE: {
[2m[WebServer] [22m  sub: [32m'6929e2de934d8e079e6f55b6'[39m,
[2m[WebServer] [22m  workEmail: [32m'engemp1.work@example.com'[39m,
[2m[WebServer] [22m  roles: [ [32m'department employee'[39m ],
[2m[WebServer] [22m  permissions: [],
[2m[WebServer] [22m  primaryDepartmentId: [32m'69275d8afc1184a3b3e6c55f'[39m,
[2m[WebServer] [22m  employeeNumber: [32m'EMP-1026'[39m,
[2m[WebServer] [22m  iat: [33m1765981952[39m,
[2m[WebServer] [22m  exp: [33m1766068352[39m
[2m[WebServer] [22m}

[1A[2K[2m[WebServer] [22m≡ƒöÑ JwtAuthGuard: handleRequest() {
[2m[WebServer] [22m  err: [1mnull[22m,
[2m[WebServer] [22m  user: {
[2m[WebServer] [22m    id: [32m'6929e2de934d8e079e6f55b6'[39m,
[2m[WebServer] [22m    workEmail: [32m'engemp1.work@example.com'[39m,
[2m[WebServer] [22m    roles: [ [32m'department employee'[39m ],
[2m[WebServer] [22m    permissions: [],
[2m[WebServer] [22m    primaryDepartmentId: [32m'69275d8afc1184a3b3e6c55f'[39m,
[2m[WebServer] [22m    employeeNumber: [32m'EMP-1026'[39m
[2m[WebServer] [22m  },
[2m[WebServer] [22m  info: [90mundefined[39m
[2m[WebServer] [22m}
[2m[WebServer] [22mΓ£à JwtAuthGuard SUCCESS ΓåÆ user authenticated: 6929e2de934d8e079e6f55b6

[1A[2K[2m[WebServer] [22m≡ƒöÑ RolesGuard running!
[2m[WebServer] [22m
[2m[WebServer] [22m===== ROLE GUARD =====
[2m[WebServer] [22mRequired roles: [
[2m[WebServer] [22m  [32m'department employee'[39m,
[2m[WebServer] [22m  [32m'HR Employee'[39m,
[2m[WebServer] [22m  [32m'department head'[39m,
[2m[WebServer] [22m  [32m'HR Manager'[39m,
[2m[WebServer] [22m  [32m'HR Admin'[39m,
[2m[WebServer] [22m  [32m'System Admin'[39m
[2m[WebServer] [22m]

[1A[2K[2m[WebServer] [22mUser object: {
[2m[WebServer] [22m  id: [32m'6929e2de934d8e079e6f55b6'[39m,
[2m[WebServer] [22m  workEmail: [32m'engemp1.work@example.com'[39m,
[2m[WebServer] [22m  roles: [ [32m'department employee'[39m ],
[2m[WebServer] [22m  permissions: [],
[2m[WebServer] [22m  primaryDepartmentId: [32m'69275d8afc1184a3b3e6c55f'[39m,
[2m[WebServer] [22m  employeeNumber: [32m'EMP-1026'[39m
[2m[WebServer] [22m}
[2m[WebServer] [22mNormalized user roles: [ [32m'department employee'[39m ]

[1A[2K[2m[WebServer] [22mNormalized required roles: [
[2m[WebServer] [22m  [32m'department employee'[39m,
[2m[WebServer] [22m  [32m'hr employee'[39m,
[2m[WebServer] [22m  [32m'department head'[39m,
[2m[WebServer] [22m  [32m'hr manager'[39m,
[2m[WebServer] [22m  [32m'hr admin'[39m,
[2m[WebServer] [22m  [32m'system admin'[39m
[2m[WebServer] [22m]
[2m[WebServer] [22mHas required role? [33mtrue[39m

[1A[2K[2m[WebServer] [22mΓ£ö ACCESS GRANTED Γ£ö

[1A[2K[2m[WebServer] [22m≡ƒöì [TrackingController] getMyHistory: {
[2m[WebServer] [22m  filters: [Object: null prototype] {},
[2m[WebServer] [22m  userId: [32m'6929e2de934d8e079e6f55b6'[39m
[2m[WebServer] [22m}

[1A[2K[2m[WebServer] [22m GET /leaves/my-leaves [32m200[39m in 56ms[2m (compile: 3ms, render: 54ms)[22m

[1A[2K[2m[WebServer] [22m≡ƒöÑ JwtAuthGuard: canActivate CALLED

[1A[2K[2m[WebServer] [22m≡ƒöì JWT Extractor - All cookies: {
[2m[WebServer] [22m  accessToken: [32m'eyJhbGciOiJIUzI1NiIsInR5cCI6IkpXVCJ9.eyJzdWIiOiI2OTI5ZTJkZTkzNGQ4ZTA3OWU2ZjU1YjYiLCJ3b3JrRW1haWwiOiJlbmdlbXAxLndvcmtAZXhhbXBsZS5jb20iLCJyb2xlcyI6WyJkZXBhcnRtZW50IGVtcGxveWVlIl0sInBlcm1pc3Npb25zIjpbXSwicHJpbWFyeURlcGFydG1lbnRJZCI6IjY5Mjc1ZDhhZmMxMTg0YTNiM2U2YzU1ZiIsImVtcGxveWVlTnVtYmVyIjoiRU1QLTEwMjYiLCJpYXQiOjE3NjU5ODE5NTIsImV4cCI6MTc2NjA2ODM1Mn0.ZjwnhxYS4_SnwXwVFxYRp7HQR7Pyjs_3rDk-fQzPSys'[39m
[2m[WebServer] [22m}
[2m[WebServer] [22m≡ƒöì JWT Extractor - Headers: accessToken=eyJhbGciOiJIUzI1NiIsInR5cCI6IkpXVCJ9.eyJzdWIiOiI2OTI5ZTJkZTkzNGQ4ZTA3OWU2ZjU1YjYiLCJ3b3JrRW1haWwiOiJlbmdlbXAxLndvcmtAZXhhbXBsZS5jb20iLCJyb2xlcyI6WyJkZXBhcnRtZW50IGVtcGxveWVlIl0sInBlcm1pc3Npb25zIjpbXSwicHJpbWFyeURlcGFydG1lbnRJZCI6IjY5Mjc1ZDhhZmMxMTg0YTNiM2U2YzU1ZiIsImVtcGxveWVlTnVtYmVyIjoiRU1QLTEwMjYiLCJpYXQiOjE3NjU5ODE5NTIsImV4cCI6MTc2NjA2ODM1Mn0.ZjwnhxYS4_SnwXwVFxYRp7HQR7Pyjs_3rDk-fQzPSys

[1A[2K[2m[WebServer] [22m≡ƒöì JWT Extractor - accessToken: FOUND

[1A[2K[2m[WebServer] [22mJwtStrategy VALIDATE: {
[2m[WebServer] [22m  sub: [32m'6929e2de934d8e079e6f55b6'[39m,
[2m[WebServer] [22m  workEmail: [32m'engemp1.work@example.com'[39m,
[2m[WebServer] [22m  roles: [ [32m'department employee'[39m ],
[2m[WebServer] [22m  permissions: [],
[2m[WebServer] [22m  primaryDepartmentId: [32m'69275d8afc1184a3b3e6c55f'[39m,
[2m[WebServer] [22m  employeeNumber: [32m'EMP-1026'[39m,
[2m[WebServer] [22m  iat: [33m1765981952[39m,
[2m[WebServer] [22m  exp: [33m1766068352[39m
[2m[WebServer] [22m}

[1A[2K[2m[WebServer] [22m≡ƒöÑ JwtAuthGuard: handleRequest() {
[2m[WebServer] [22m  err: [1mnull[22m,
[2m[WebServer] [22m  user: {
[2m[WebServer] [22m    id: [32m'6929e2de934d8e079e6f55b6'[39m,
[2m[WebServer] [22m    workEmail: [32m'engemp1.work@example.com'[39m,
[2m[WebServer] [22m    roles: [ [32m'department employee'[39m ],
[2m[WebServer] [22m    permissions: [],
[2m[WebServer] [22m    primaryDepartmentId: [32m'69275d8afc1184a3b3e6c55f'[39m,
[2m[WebServer] [22m    employeeNumber: [32m'EMP-1026'[39m
[2m[WebServer] [22m  },
[2m[WebServer] [22m  info: [90mundefined[39m
[2m[WebServer] [22m}
[2m[WebServer] [22mΓ£à JwtAuthGuard SUCCESS ΓåÆ user authenticated: 6929e2de934d8e079e6f55b6

[1A[2K[2m[WebServer] [22m≡ƒöì [LeaveTypeController] findAll

[1A[2K[2m[WebServer] [22m≡ƒöÑ JwtAuthGuard: canActivate CALLED

[1A[2K[2m[WebServer] [22m≡ƒöì JWT Extractor - All cookies: {
[2m[WebServer] [22m  accessToken: [32m'eyJhbGciOiJIUzI1NiIsInR5cCI6IkpXVCJ9.eyJzdWIiOiI2OTI5ZTJkZTkzNGQ4ZTA3OWU2ZjU1YjYiLCJ3b3JrRW1haWwiOiJlbmdlbXAxLndvcmtAZXhhbXBsZS5jb20iLCJyb2xlcyI6WyJkZXBhcnRtZW50IGVtcGxveWVlIl0sInBlcm1pc3Npb25zIjpbXSwicHJpbWFyeURlcGFydG1lbnRJZCI6IjY5Mjc1ZDhhZmMxMTg0YTNiM2U2YzU1ZiIsImVtcGxveWVlTnVtYmVyIjoiRU1QLTEwMjYiLCJpYXQiOjE3NjU5ODE5NTIsImV4cCI6MTc2NjA2ODM1Mn0.ZjwnhxYS4_SnwXwVFxYRp7HQR7Pyjs_3rDk-fQzPSys'[39m
[2m[WebServer] [22m}

[1A[2K[2m[WebServer] [22m≡ƒöì JWT Extractor - Headers: accessToken=eyJhbGciOiJIUzI1NiIsInR5cCI6IkpXVCJ9.eyJzdWIiOiI2OTI5ZTJkZTkzNGQ4ZTA3OWU2ZjU1YjYiLCJ3b3JrRW1haWwiOiJlbmdlbXAxLndvcmtAZXhhbXBsZS5jb20iLCJyb2xlcyI6WyJkZXBhcnRtZW50IGVtcGxveWVlIl0sInBlcm1pc3Npb25zIjpbXSwicHJpbWFyeURlcGFydG1lbnRJZCI6IjY5Mjc1ZDhhZmMxMTg0YTNiM2U2YzU1ZiIsImVtcGxveWVlTnVtYmVyIjoiRU1QLTEwMjYiLCJpYXQiOjE3NjU5ODE5NTIsImV4cCI6MTc2NjA2ODM1Mn0.ZjwnhxYS4_SnwXwVFxYRp7HQR7Pyjs_3rDk-fQzPSys
[2m[WebServer] [22m≡ƒöì JWT Extractor - accessToken: FOUND

[1A[2K[2m[WebServer] [22mJwtStrategy VALIDATE: {
[2m[WebServer] [22m  sub: [32m'6929e2de934d8e079e6f55b6'[39m,
[2m[WebServer] [22m  workEmail: [32m'engemp1.work@example.com'[39m,
[2m[WebServer] [22m  roles: [ [32m'department employee'[39m ],
[2m[WebServer] [22m  permissions: [],
[2m[WebServer] [22m  primaryDepartmentId: [32m'69275d8afc1184a3b3e6c55f'[39m,
[2m[WebServer] [22m  employeeNumber: [32m'EMP-1026'[39m,
[2m[WebServer] [22m  iat: [33m1765981952[39m,
[2m[WebServer] [22m  exp: [33m1766068352[39m
[2m[WebServer] [22m}

[1A[2K[2m[WebServer] [22m≡ƒöÑ JwtAuthGuard: handleRequest() {
[2m[WebServer] [22m  err: [1mnull[22m,
[2m[WebServer] [22m  user: {
[2m[WebServer] [22m    id: [32m'6929e2de934d8e079e6f55b6'[39m,
[2m[WebServer] [22m    workEmail: [32m'engemp1.work@example.com'[39m,
[2m[WebServer] [22m    roles: [ [32m'department employee'[39m ],
[2m[WebServer] [22m    permissions: [],
[2m[WebServer] [22m    primaryDepartmentId: [32m'69275d8afc1184a3b3e6c55f'[39m,
[2m[WebServer] [22m    employeeNumber: [32m'EMP-1026'[39m
[2m[WebServer] [22m  },
[2m[WebServer] [22m  info: [90mundefined[39m
[2m[WebServer] [22m}
[2m[WebServer] [22mΓ£à JwtAuthGuard SUCCESS ΓåÆ user authenticated: 6929e2de934d8e079e6f55b6

[1A[2K[2m[WebServer] [22m≡ƒöÑ RolesGuard running!
[2m[WebServer] [22m
[2m[WebServer] [22m===== ROLE GUARD =====
[2m[WebServer] [22mRequired roles: [
[2m[WebServer] [22m  [32m'department employee'[39m,
[2m[WebServer] [22m  [32m'HR Employee'[39m,
[2m[WebServer] [22m  [32m'department head'[39m,
[2m[WebServer] [22m  [32m'HR Manager'[39m,
[2m[WebServer] [22m  [32m'HR Admin'[39m,
[2m[WebServer] [22m  [32m'System Admin'[39m
[2m[WebServer] [22m]

[1A[2K[2m[WebServer] [22mUser object: {
[2m[WebServer] [22m  id: [32m'6929e2de934d8e079e6f55b6'[39m,
[2m[WebServer] [22m  workEmail: [32m'engemp1.work@example.com'[39m,
[2m[WebServer] [22m  roles: [ [32m'department employee'[39m ],
[2m[WebServer] [22m  permissions: [],
[2m[WebServer] [22m  primaryDepartmentId: [32m'69275d8afc1184a3b3e6c55f'[39m,
[2m[WebServer] [22m  employeeNumber: [32m'EMP-1026'[39m
[2m[WebServer] [22m}
[2m[WebServer] [22mNormalized user roles: [ [32m'department employee'[39m ]

[1A[2K[2m[WebServer] [22mNormalized required roles: [
[2m[WebServer] [22m  [32m'department employee'[39m,
[2m[WebServer] [22m  [32m'hr employee'[39m,
[2m[WebServer] [22m  [32m'department head'[39m,
[2m[WebServer] [22m  [32m'hr manager'[39m,
[2m[WebServer] [22m  [32m'hr admin'[39m,
[2m[WebServer] [22m  [32m'system admin'[39m
[2m[WebServer] [22m]
[2m[WebServer] [22mHas required role? [33mtrue[39m
[2m[WebServer] [22mΓ£ö ACCESS GRANTED Γ£ö

[1A[2K[2m[WebServer] [22m≡ƒöì [TrackingController] getMyBalances: {
[2m[WebServer] [22m  query: [Object: null prototype] {},
[2m[WebServer] [22m  userId: [32m'6929e2de934d8e079e6f55b6'[39m
[2m[WebServer] [22m}

[1A[2K[2m[WebServer] [22m≡ƒöÑ JwtAuthGuard: canActivate CALLED

[1A[2K[2m[WebServer] [22m≡ƒöì JWT Extractor - All cookies: {
[2m[WebServer] [22m  accessToken: [32m'eyJhbGciOiJIUzI1NiIsInR5cCI6IkpXVCJ9.eyJzdWIiOiI2OTI5ZTJkZTkzNGQ4ZTA3OWU2ZjU1YjYiLCJ3b3JrRW1haWwiOiJlbmdlbXAxLndvcmtAZXhhbXBsZS5jb20iLCJyb2xlcyI6WyJkZXBhcnRtZW50IGVtcGxveWVlIl0sInBlcm1pc3Npb25zIjpbXSwicHJpbWFyeURlcGFydG1lbnRJZCI6IjY5Mjc1ZDhhZmMxMTg0YTNiM2U2YzU1ZiIsImVtcGxveWVlTnVtYmVyIjoiRU1QLTEwMjYiLCJpYXQiOjE3NjU5ODE5NTIsImV4cCI6MTc2NjA2ODM1Mn0.ZjwnhxYS4_SnwXwVFxYRp7HQR7Pyjs_3rDk-fQzPSys'[39m
[2m[WebServer] [22m}

[1A[2K[2m[WebServer] [22m≡ƒöì JWT Extractor - Headers: accessToken=eyJhbGciOiJIUzI1NiIsInR5cCI6IkpXVCJ9.eyJzdWIiOiI2OTI5ZTJkZTkzNGQ4ZTA3OWU2ZjU1YjYiLCJ3b3JrRW1haWwiOiJlbmdlbXAxLndvcmtAZXhhbXBsZS5jb20iLCJyb2xlcyI6WyJkZXBhcnRtZW50IGVtcGxveWVlIl0sInBlcm1pc3Npb25zIjpbXSwicHJpbWFyeURlcGFydG1lbnRJZCI6IjY5Mjc1ZDhhZmMxMTg0YTNiM2U2YzU1ZiIsImVtcGxveWVlTnVtYmVyIjoiRU1QLTEwMjYiLCJpYXQiOjE3NjU5ODE5NTIsImV4cCI6MTc2NjA2ODM1Mn0.ZjwnhxYS4_SnwXwVFxYRp7HQR7Pyjs_3rDk-fQzPSys
[2m[WebServer] [22m≡ƒöì JWT Extractor - accessToken: FOUND

[1A[2K[2m[WebServer] [22mJwtStrategy VALIDATE: {
[2m[WebServer] [22m  sub: [32m'6929e2de934d8e079e6f55b6'[39m,
[2m[WebServer] [22m  workEmail: [32m'engemp1.work@example.com'[39m,
[2m[WebServer] [22m  roles: [ [32m'department employee'[39m ],
[2m[WebServer] [22m  permissions: [],
[2m[WebServer] [22m  primaryDepartmentId: [32m'69275d8afc1184a3b3e6c55f'[39m,
[2m[WebServer] [22m  employeeNumber: [32m'EMP-1026'[39m,
[2m[WebServer] [22m  iat: [33m1765981952[39m,
[2m[WebServer] [22m  exp: [33m1766068352[39m
[2m[WebServer] [22m}

[1A[2K[2m[WebServer] [22m≡ƒöÑ JwtAuthGuard: handleRequest() {
[2m[WebServer] [22m  err: [1mnull[22m,
[2m[WebServer] [22m  user: {
[2m[WebServer] [22m    id: [32m'6929e2de934d8e079e6f55b6'[39m,
[2m[WebServer] [22m    workEmail: [32m'engemp1.work@example.com'[39m,
[2m[WebServer] [22m    roles: [ [32m'department employee'[39m ],
[2m[WebServer] [22m    permissions: [],
[2m[WebServer] [22m    primaryDepartmentId: [32m'69275d8afc1184a3b3e6c55f'[39m,
[2m[WebServer] [22m    employeeNumber: [32m'EMP-1026'[39m
[2m[WebServer] [22m  },
[2m[WebServer] [22m  info: [90mundefined[39m
[2m[WebServer] [22m}
[2m[WebServer] [22mΓ£à JwtAuthGuard SUCCESS ΓåÆ user authenticated: 6929e2de934d8e079e6f55b6
[2m[WebServer] [22m≡ƒöÑ RolesGuard running!
[2m[WebServer] [22m
[2m[WebServer] [22m===== ROLE GUARD =====
[2m[WebServer] [22mRequired roles: [
[2m[WebServer] [22m  [32m'department employee'[39m,
[2m[WebServer] [22m  [32m'HR Employee'[39m,
[2m[WebServer] [22m  [32m'department head'[39m,
[2m[WebServer] [22m  [32m'HR Manager'[39m,
[2m[WebServer] [22m  [32m'HR Admin'[39m,
[2m[WebServer] [22m  [32m'System Admin'[39m
[2m[WebServer] [22m]

[1A[2K[2m[WebServer] [22mUser object: {
[2m[WebServer] [22m  id: [32m'6929e2de934d8e079e6f55b6'[39m,
[2m[WebServer] [22m  workEmail: [32m'engemp1.work@example.com'[39m,
[2m[WebServer] [22m  roles: [ [32m'department employee'[39m ],
[2m[WebServer] [22m  permissions: [],
[2m[WebServer] [22m  primaryDepartmentId: [32m'69275d8afc1184a3b3e6c55f'[39m,
[2m[WebServer] [22m  employeeNumber: [32m'EMP-1026'[39m
[2m[WebServer] [22m}
[2m[WebServer] [22mNormalized user roles: [ [32m'department employee'[39m ]
[2m[WebServer] [22mNormalized required roles: [
[2m[WebServer] [22m  [32m'department employee'[39m,
[2m[WebServer] [22m  [32m'hr employee'[39m,
[2m[WebServer] [22m  [32m'department head'[39m,
[2m[WebServer] [22m  [32m'hr manager'[39m,
[2m[WebServer] [22m  [32m'hr admin'[39m,
[2m[WebServer] [22m  [32m'system admin'[39m
[2m[WebServer] [22m]
[2m[WebServer] [22mHas required role? [33mtrue[39m

[1A[2K[2m[WebServer] [22mΓ£ö ACCESS GRANTED Γ£ö
[2m[WebServer] [22m≡ƒöì [RequestsController] getMyRequests: { userId: [90mundefined[39m }

[1A[2K
================================================================================

[1A[2K≡ƒÄë ALL LEAVE MANAGEMENT TESTS COMPLETED

[1A[2K================================================================================

[1A[2KΓ£à Employee 1 (EMP-1026): All scenarios tested

[1A[2KΓ£à Employee 2 (EMP-1027): Low balance scenarios tested

[1A[2KΓ£à Manager (EMP-1025): Approval workflows tested

[1A[2KΓ£à HR (EMP-1019): System-wide management tested

[1A[2K================================================================================


[1A[2K  9) [chromium] ΓÇ║ leave-tests.spec.ts:534:7 ΓÇ║ ≡ƒºæ EMPLOYEE 1 (EMP-1026 - Engineering) - All Scenarios ΓÇ║ Γ£à G1-G9: View and filter leave requests 

    Error: [2mexpect([22m[31mlocator[39m[2m).[22mtoBeVisible[2m([22m[2m)[22m failed

    Locator: locator('text=/my requests/i, text=/leave requests/i')
    Expected: visible
    Timeout: 5000ms
    Error: element(s) not found

    Call log:
    [2m  - Expect "toBeVisible" with timeout 5000ms[22m
    [2m  - waiting for locator('text=/my requests/i, text=/leave requests/i')[22m


      538 |     
      539 |     // G1: View all requests
    > 540 |     await expect(page.locator('text=/my requests/i, text=/leave requests/i')).toBeVisible();
          |                                                                               ^
      541 |     
      542 |     // G2: Filter by status - Approved
      543 |     const statusFilter = page.locator('select[name="status"], [data-testid="status-filter"]').first();
        at C:\Users\Bedon\Desktop\semester-5-software-project\leave-tests.spec.ts:540:79

    attachment #1: screenshot (image/png) ΓöÇΓöÇΓöÇΓöÇΓöÇΓöÇΓöÇΓöÇΓöÇΓöÇΓöÇΓöÇΓöÇΓöÇΓöÇΓöÇΓöÇΓöÇΓöÇΓöÇΓöÇΓöÇΓöÇΓöÇΓöÇΓöÇΓöÇΓöÇΓöÇΓöÇΓöÇΓöÇΓöÇΓöÇΓöÇΓöÇΓöÇΓöÇΓöÇΓöÇΓöÇΓöÇΓöÇΓöÇΓöÇΓöÇΓöÇΓöÇΓöÇΓöÇΓöÇΓöÇΓöÇΓöÇΓöÇΓöÇΓöÇΓöÇ
    test-results\leave-tests-≡ƒºæ-EMPLOYEE-1--38b6e-w-and-filter-leave-requests-chromium\test-failed-1.png
    ΓöÇΓöÇΓöÇΓöÇΓöÇΓöÇΓöÇΓöÇΓöÇΓöÇΓöÇΓöÇΓöÇΓöÇΓöÇΓöÇΓöÇΓöÇΓöÇΓöÇΓöÇΓöÇΓöÇΓöÇΓöÇΓöÇΓöÇΓöÇΓöÇΓöÇΓöÇΓöÇΓöÇΓöÇΓöÇΓöÇΓöÇΓöÇΓöÇΓöÇΓöÇΓöÇΓöÇΓöÇΓöÇΓöÇΓöÇΓöÇΓöÇΓöÇΓöÇΓöÇΓöÇΓöÇΓöÇΓöÇΓöÇΓöÇΓöÇΓöÇΓöÇΓöÇΓöÇΓöÇΓöÇΓöÇΓöÇΓöÇΓöÇΓöÇΓöÇΓöÇΓöÇΓöÇΓöÇΓöÇΓöÇΓöÇΓöÇΓöÇΓöÇΓöÇΓöÇΓöÇΓöÇΓöÇΓöÇΓöÇΓöÇΓöÇΓöÇΓöÇΓöÇΓöÇΓöÇΓöÇ

    attachment #2: video (video/webm) ΓöÇΓöÇΓöÇΓöÇΓöÇΓöÇΓöÇΓöÇΓöÇΓöÇΓöÇΓöÇΓöÇΓöÇΓöÇΓöÇΓöÇΓöÇΓöÇΓöÇΓöÇΓöÇΓöÇΓöÇΓöÇΓöÇΓöÇΓöÇΓöÇΓöÇΓöÇΓöÇΓöÇΓöÇΓöÇΓöÇΓöÇΓöÇΓöÇΓöÇΓöÇΓöÇΓöÇΓöÇΓöÇΓöÇΓöÇΓöÇΓöÇΓöÇΓöÇΓöÇΓöÇΓöÇΓöÇΓöÇΓöÇΓöÇΓöÇΓöÇΓöÇΓöÇ
    test-results\leave-tests-≡ƒºæ-EMPLOYEE-1--38b6e-w-and-filter-leave-requests-chromium\video.webm
    ΓöÇΓöÇΓöÇΓöÇΓöÇΓöÇΓöÇΓöÇΓöÇΓöÇΓöÇΓöÇΓöÇΓöÇΓöÇΓöÇΓöÇΓöÇΓöÇΓöÇΓöÇΓöÇΓöÇΓöÇΓöÇΓöÇΓöÇΓöÇΓöÇΓöÇΓöÇΓöÇΓöÇΓöÇΓöÇΓöÇΓöÇΓöÇΓöÇΓöÇΓöÇΓöÇΓöÇΓöÇΓöÇΓöÇΓöÇΓöÇΓöÇΓöÇΓöÇΓöÇΓöÇΓöÇΓöÇΓöÇΓöÇΓöÇΓöÇΓöÇΓöÇΓöÇΓöÇΓöÇΓöÇΓöÇΓöÇΓöÇΓöÇΓöÇΓöÇΓöÇΓöÇΓöÇΓöÇΓöÇΓöÇΓöÇΓöÇΓöÇΓöÇΓöÇΓöÇΓöÇΓöÇΓöÇΓöÇΓöÇΓöÇΓöÇΓöÇΓöÇΓöÇΓöÇΓöÇΓöÇ

    Error Context: test-results\leave-tests-≡ƒºæ-EMPLOYEE-1--38b6e-w-and-filter-leave-requests-chromium\error-context.md


[1A[2K[15/35] [chromium] ΓÇ║ leave-tests.spec.ts:587:7 ΓÇ║ ≡ƒºæ EMPLOYEE 1 (EMP-1026 - Engineering) - All Scenarios ΓÇ║ Γ£à H1-H5: Check for notifications
[1A[2K[chromium] ΓÇ║ leave-tests.spec.ts:587:7 ΓÇ║ ≡ƒºæ EMPLOYEE 1 (EMP-1026 - Engineering) - All Scenarios ΓÇ║ Γ£à H1-H5: Check for notifications
≡ƒöÉ Logging in as: engemp1.work@example.com

[1A[2K[2m[WebServer] [22m GET /login [32m200[39m in 42ms[2m (compile: 2ms, render: 40ms)[22m

[1A[2K[2m[WebServer] [22m≡ƒöÑ JwtAuthGuard: canActivate CALLED

[1A[2K[2m[WebServer] [22m≡ƒöì JWT Extractor - All cookies: [Object: null prototype] {}
[2m[WebServer] [22m≡ƒöì JWT Extractor - Headers: [90mundefined[39m
[2m[WebServer] [22m≡ƒöì JWT Extractor - accessToken: NOT FOUND

[1A[2K[2m[WebServer] [22m≡ƒöÑ JwtAuthGuard: handleRequest() {
[2m[WebServer] [22m  err: [1mnull[22m,
[2m[WebServer] [22m  user: [33mfalse[39m,
[2m[WebServer] [22m  info: Error: No auth token
[2m[WebServer] [22m      at JwtStrategy.authenticate [90m(C:\Users\Bedon\Desktop\semester-5-software-project\backend\[39mnode_modules\[4mpassport-jwt[24m\lib\strategy.js:96:26[90m)[39m
[2m[WebServer] [22m      at attempt [90m(C:\Users\Bedon\Desktop\semester-5-software-project\backend\[39mnode_modules\[4mpassport[24m\lib\middleware\authenticate.js:378:16[90m)[39m
[2m[WebServer] [22m      at authenticate [90m(C:\Users\Bedon\Desktop\semester-5-software-project\backend\[39mnode_modules\[4mpassport[24m\lib\middleware\authenticate.js:379:7[90m)[39m
[2m[WebServer] [22m      at [90mC:\Users\Bedon\Desktop\semester-5-software-project\backend\[39mnode_modules\[4m@nestjs[24m\passport\dist\auth.guard.js:88:3
[2m[WebServer] [22m      at new Promise (<anonymous>)
[2m[WebServer] [22m      at [90mC:\Users\Bedon\Desktop\semester-5-software-project\backend\[39mnode_modules\[4m@nestjs[24m\passport\dist\auth.guard.js:80:83
[2m[WebServer] [22m      at JwtAuthGuard.canActivate [90m(C:\Users\Bedon\Desktop\semester-5-software-project\backend\[39mnode_modules\[4m@nestjs[24m\passport\dist\auth.guard.js:44:32[90m)[39m
[2m[WebServer] [22m  [90m    at process.processTicksAndRejections (node:internal/process/task_queues:105:5)[39m
[2m[WebServer] [22m}

[1A[2K[2m[WebServer] [22mΓ¥î JwtAuthGuard INFO: Error: No auth token

[2m[WebServer] [22m    at JwtStrategy.authenticate 
[90m(C:\Users\Bedon\Desktop\semester-5-software-project\backend\[39mnode_modules\[4mpassport-jwt[24m\lib\strategy.js:96:26[90m)[39m
[2m[WebServer] [22m    at attempt 
[90m(C:\Users\Bedon\Desktop\semester-5-software-project\backend\[39mnode_modules\[4mpassport[24m\lib\middleware\authenticate.js:378:16[90m)[39m
[2m[WebServer] [22m    at authenticate 
[90m(C:\Users\Bedon\Desktop\semester-5-software-project\backend\[39mnode_modules\[4mpassport[24m\lib\middleware\authenticate.js:379:7[90m)[39m
[2m[WebServer] [22m    at [90mC:\Users\Bedon\Desktop\semester-5-software-project\backend\[39mnode_modules\[4m@nestjs[24m\passport\dist\auth.guard.js:88:3
[2m[WebServer] [22m    at new Promise (<anonymous>)
[2m[WebServer] [22m    at 
[90mC:\Users\Bedon\Desktop\semester-5-software-project\backend\[39mnode_modules\[4m@nestjs[24m\passport\dist\auth.guard.js:80:83
[2m[WebServer] [22m    at JwtAuthGuard.canActivate 
[90m(C:\Users\Bedon\Desktop\semester-5-software-project\backend\[39mnode_modules\[4m@nestjs[24m\passport\dist\auth.guard.js:44:32[90m)[39m
[2m[WebServer] [22m[90m    at process.processTicksAndRejections (node:internal/process/task_queues:105:5)[39m
[1A[2K[2m[WebServer] [22mΓ¥î JwtAuthGuard FAILING ΓåÆ No auth token

[1A[2K[2m[WebServer] [22mVALIDATE EMPLOYEE - systemRole = {
[2m[WebServer] [22m  _id: new ObjectId([32m'6929e2de934d8e079e6f55b8'[39m),
[2m[WebServer] [22m  employeeProfileId: new ObjectId([32m'6929e2de934d8e079e6f55b6'[39m),
[2m[WebServer] [22m  roles: [ [32m'department employee'[39m ],
[2m[WebServer] [22m  permissions: [],
[2m[WebServer] [22m  isActive: [33mtrue[39m,
[2m[WebServer] [22m  createdAt: [35m2025-11-28T17:58:54.894Z[39m,
[2m[WebServer] [22m  updatedAt: [35m2025-11-28T17:58:54.894Z[39m,
[2m[WebServer] [22m  __v: [33m0[39m
[2m[WebServer] [22m}

[1A[2K[2m[WebServer] [22mGenerated token: eyJhbGciOiJIUzI1NiIsInR5cCI6IkpXVCJ9.eyJzdWIiOiI2OTI5ZTJkZTkzNGQ4ZTA3OWU2ZjU1YjYiLCJ3b3JrRW1haWwiOiJlbmdlbXAxLndvcmtAZXhhbXBsZS5jb20iLCJyb2xlcyI6WyJkZXBhcnRtZW50IGVtcGxveWVlIl0sInBlcm1pc3Npb25zIjpbXSwicHJpbWFyeURlcGFydG1lbnRJZCI6IjY5Mjc1ZDhhZmMxMTg0YTNiM2U2YzU1ZiIsImVtcGxveWVlTnVtYmVyIjoiRU1QLTEwMjYiLCJpYXQiOjE3NjU5ODE5NTksImV4cCI6MTc2NjA2ODM1OX0.WegdfKAntwDFbcU4IqpIOjmJmVecTee8J7_OZDTKYuA

[1A[2K[2m[WebServer] [22m GET /leaves [32m200[39m in 21ms[2m (compile: 3ms, render: 18ms)[22m

[1A[2KΓ£à Login successful

[1A[2K≡ƒöö Testing Notifications

[1A[2K[2m[WebServer] [22m≡ƒöÑ JwtAuthGuard: canActivate CALLED

[1A[2K[2m[WebServer] [22m≡ƒöì JWT Extractor - All cookies: {
[2m[WebServer] [22m  accessToken: [32m'eyJhbGciOiJIUzI1NiIsInR5cCI6IkpXVCJ9.eyJzdWIiOiI2OTI5ZTJkZTkzNGQ4ZTA3OWU2ZjU1YjYiLCJ3b3JrRW1haWwiOiJlbmdlbXAxLndvcmtAZXhhbXBsZS5jb20iLCJyb2xlcyI6WyJkZXBhcnRtZW50IGVtcGxveWVlIl0sInBlcm1pc3Npb25zIjpbXSwicHJpbWFyeURlcGFydG1lbnRJZCI6IjY5Mjc1ZDhhZmMxMTg0YTNiM2U2YzU1ZiIsImVtcGxveWVlTnVtYmVyIjoiRU1QLTEwMjYiLCJpYXQiOjE3NjU5ODE5NTksImV4cCI6MTc2NjA2ODM1OX0.WegdfKAntwDFbcU4IqpIOjmJmVecTee8J7_OZDTKYuA'[39m
[2m[WebServer] [22m}

[1A[2K[2m[WebServer] [22m≡ƒöì JWT Extractor - Headers: accessToken=eyJhbGciOiJIUzI1NiIsInR5cCI6IkpXVCJ9.eyJzdWIiOiI2OTI5ZTJkZTkzNGQ4ZTA3OWU2ZjU1YjYiLCJ3b3JrRW1haWwiOiJlbmdlbXAxLndvcmtAZXhhbXBsZS5jb20iLCJyb2xlcyI6WyJkZXBhcnRtZW50IGVtcGxveWVlIl0sInBlcm1pc3Npb25zIjpbXSwicHJpbWFyeURlcGFydG1lbnRJZCI6IjY5Mjc1ZDhhZmMxMTg0YTNiM2U2YzU1ZiIsImVtcGxveWVlTnVtYmVyIjoiRU1QLTEwMjYiLCJpYXQiOjE3NjU5ODE5NTksImV4cCI6MTc2NjA2ODM1OX0.WegdfKAntwDFbcU4IqpIOjmJmVecTee8J7_OZDTKYuA
[2m[WebServer] [22m≡ƒöì JWT Extractor - accessToken: FOUND

[1A[2K[2m[WebServer] [22mJwtStrategy VALIDATE: {
[2m[WebServer] [22m  sub: [32m'6929e2de934d8e079e6f55b6'[39m,
[2m[WebServer] [22m  workEmail: [32m'engemp1.work@example.com'[39m,
[2m[WebServer] [22m  roles: [ [32m'department employee'[39m ],
[2m[WebServer] [22m  permissions: [],
[2m[WebServer] [22m  primaryDepartmentId: [32m'69275d8afc1184a3b3e6c55f'[39m,
[2m[WebServer] [22m  employeeNumber: [32m'EMP-1026'[39m,
[2m[WebServer] [22m  iat: [33m1765981959[39m,
[2m[WebServer] [22m  exp: [33m1766068359[39m
[2m[WebServer] [22m}

[1A[2K[2m[WebServer] [22m≡ƒöÑ JwtAuthGuard: handleRequest() {
[2m[WebServer] [22m  err: [1mnull[22m,
[2m[WebServer] [22m  user: {
[2m[WebServer] [22m    id: [32m'6929e2de934d8e079e6f55b6'[39m,
[2m[WebServer] [22m    workEmail: [32m'engemp1.work@example.com'[39m,
[2m[WebServer] [22m    roles: [ [32m'department employee'[39m ],
[2m[WebServer] [22m    permissions: [],
[2m[WebServer] [22m    primaryDepartmentId: [32m'69275d8afc1184a3b3e6c55f'[39m,
[2m[WebServer] [22m    employeeNumber: [32m'EMP-1026'[39m
[2m[WebServer] [22m  },
[2m[WebServer] [22m  info: [90mundefined[39m
[2m[WebServer] [22m}
[2m[WebServer] [22mΓ£à JwtAuthGuard SUCCESS ΓåÆ user authenticated: 6929e2de934d8e079e6f55b6

[1A[2K[2m[WebServer] [22m≡ƒöÑ RolesGuard running!
[2m[WebServer] [22m
[2m[WebServer] [22m===== ROLE GUARD =====

[1A[2K[2m[WebServer] [22mRequired roles: [
[2m[WebServer] [22m  [32m'department employee'[39m,
[2m[WebServer] [22m  [32m'HR Employee'[39m,
[2m[WebServer] [22m  [32m'department head'[39m,
[2m[WebServer] [22m  [32m'HR Manager'[39m,
[2m[WebServer] [22m  [32m'HR Admin'[39m,
[2m[WebServer] [22m  [32m'System Admin'[39m
[2m[WebServer] [22m]

[1A[2K[2m[WebServer] [22mUser object: {
[2m[WebServer] [22m  id: [32m'6929e2de934d8e079e6f55b6'[39m,
[2m[WebServer] [22m  workEmail: [32m'engemp1.work@example.com'[39m,
[2m[WebServer] [22m  roles: [ [32m'department employee'[39m ],
[2m[WebServer] [22m  permissions: [],
[2m[WebServer] [22m  primaryDepartmentId: [32m'69275d8afc1184a3b3e6c55f'[39m,
[2m[WebServer] [22m  employeeNumber: [32m'EMP-1026'[39m
[2m[WebServer] [22m}
[2m[WebServer] [22mNormalized user roles: [ [32m'department employee'[39m ]

[1A[2K[2m[WebServer] [22mNormalized required roles: [
[2m[WebServer] [22m  [32m'department employee'[39m,
[2m[WebServer] [22m  [32m'hr employee'[39m,
[2m[WebServer] [22m  [32m'department head'[39m,
[2m[WebServer] [22m  [32m'hr manager'[39m,
[2m[WebServer] [22m  [32m'hr admin'[39m,
[2m[WebServer] [22m  [32m'system admin'[39m
[2m[WebServer] [22m]
[2m[WebServer] [22mHas required role? [33mtrue[39m
[2m[WebServer] [22mΓ£ö ACCESS GRANTED Γ£ö

[1A[2K[2m[WebServer] [22m≡ƒöì [TrackingController] getMyBalances: {
[2m[WebServer] [22m  query: [Object: null prototype] {},
[2m[WebServer] [22m  userId: [32m'6929e2de934d8e079e6f55b6'[39m
[2m[WebServer] [22m}

[1A[2K[2m[WebServer] [22m≡ƒöÑ JwtAuthGuard: canActivate CALLED

[1A[2K[2m[WebServer] [22m≡ƒöì JWT Extractor - All cookies: {
[2m[WebServer] [22m  accessToken: [32m'eyJhbGciOiJIUzI1NiIsInR5cCI6IkpXVCJ9.eyJzdWIiOiI2OTI5ZTJkZTkzNGQ4ZTA3OWU2ZjU1YjYiLCJ3b3JrRW1haWwiOiJlbmdlbXAxLndvcmtAZXhhbXBsZS5jb20iLCJyb2xlcyI6WyJkZXBhcnRtZW50IGVtcGxveWVlIl0sInBlcm1pc3Npb25zIjpbXSwicHJpbWFyeURlcGFydG1lbnRJZCI6IjY5Mjc1ZDhhZmMxMTg0YTNiM2U2YzU1ZiIsImVtcGxveWVlTnVtYmVyIjoiRU1QLTEwMjYiLCJpYXQiOjE3NjU5ODE5NTksImV4cCI6MTc2NjA2ODM1OX0.WegdfKAntwDFbcU4IqpIOjmJmVecTee8J7_OZDTKYuA'[39m
[2m[WebServer] [22m}

[1A[2K[2m[WebServer] [22m≡ƒöì JWT Extractor - Headers: accessToken=eyJhbGciOiJIUzI1NiIsInR5cCI6IkpXVCJ9.eyJzdWIiOiI2OTI5ZTJkZTkzNGQ4ZTA3OWU2ZjU1YjYiLCJ3b3JrRW1haWwiOiJlbmdlbXAxLndvcmtAZXhhbXBsZS5jb20iLCJyb2xlcyI6WyJkZXBhcnRtZW50IGVtcGxveWVlIl0sInBlcm1pc3Npb25zIjpbXSwicHJpbWFyeURlcGFydG1lbnRJZCI6IjY5Mjc1ZDhhZmMxMTg0YTNiM2U2YzU1ZiIsImVtcGxveWVlTnVtYmVyIjoiRU1QLTEwMjYiLCJpYXQiOjE3NjU5ODE5NTksImV4cCI6MTc2NjA2ODM1OX0.WegdfKAntwDFbcU4IqpIOjmJmVecTee8J7_OZDTKYuA
[2m[WebServer] [22m≡ƒöì JWT Extractor - accessToken: FOUND

[1A[2K[2m[WebServer] [22mJwtStrategy VALIDATE: {
[2m[WebServer] [22m  sub: [32m'6929e2de934d8e079e6f55b6'[39m,
[2m[WebServer] [22m  workEmail: [32m'engemp1.work@example.com'[39m,
[2m[WebServer] [22m  roles: [ [32m'department employee'[39m ],
[2m[WebServer] [22m  permissions: [],
[2m[WebServer] [22m  primaryDepartmentId: [32m'69275d8afc1184a3b3e6c55f'[39m,
[2m[WebServer] [22m  employeeNumber: [32m'EMP-1026'[39m,
[2m[WebServer] [22m  iat: [33m1765981959[39m,
[2m[WebServer] [22m  exp: [33m1766068359[39m
[2m[WebServer] [22m}

[1A[2K[2m[WebServer] [22m≡ƒöÑ JwtAuthGuard: handleRequest() {
[2m[WebServer] [22m  err: [1mnull[22m,
[2m[WebServer] [22m  user: {
[2m[WebServer] [22m    id: [32m'6929e2de934d8e079e6f55b6'[39m,
[2m[WebServer] [22m    workEmail: [32m'engemp1.work@example.com'[39m,
[2m[WebServer] [22m    roles: [ [32m'department employee'[39m ],
[2m[WebServer] [22m    permissions: [],
[2m[WebServer] [22m    primaryDepartmentId: [32m'69275d8afc1184a3b3e6c55f'[39m,
[2m[WebServer] [22m    employeeNumber: [32m'EMP-1026'[39m
[2m[WebServer] [22m  },
[2m[WebServer] [22m  info: [90mundefined[39m
[2m[WebServer] [22m}
[2m[WebServer] [22mΓ£à JwtAuthGuard SUCCESS ΓåÆ user authenticated: 6929e2de934d8e079e6f55b6

[1A[2K[2m[WebServer] [22m≡ƒöÑ RolesGuard running!
[2m[WebServer] [22m
[2m[WebServer] [22m===== ROLE GUARD =====
[2m[WebServer] [22mRequired roles: [
[2m[WebServer] [22m  [32m'department employee'[39m,
[2m[WebServer] [22m  [32m'HR Employee'[39m,
[2m[WebServer] [22m  [32m'department head'[39m,
[2m[WebServer] [22m  [32m'HR Manager'[39m,
[2m[WebServer] [22m  [32m'HR Admin'[39m,
[2m[WebServer] [22m  [32m'System Admin'[39m
[2m[WebServer] [22m]

[1A[2K[2m[WebServer] [22mUser object: {
[2m[WebServer] [22m  id: [32m'6929e2de934d8e079e6f55b6'[39m,
[2m[WebServer] [22m  workEmail: [32m'engemp1.work@example.com'[39m,
[2m[WebServer] [22m  roles: [ [32m'department employee'[39m ],
[2m[WebServer] [22m  permissions: [],
[2m[WebServer] [22m  primaryDepartmentId: [32m'69275d8afc1184a3b3e6c55f'[39m,
[2m[WebServer] [22m  employeeNumber: [32m'EMP-1026'[39m
[2m[WebServer] [22m}
[2m[WebServer] [22mNormalized user roles: [ [32m'department employee'[39m ]

[1A[2K[2m[WebServer] [22mNormalized required roles: [
[2m[WebServer] [22m  [32m'department employee'[39m,
[2m[WebServer] [22m  [32m'hr employee'[39m,
[2m[WebServer] [22m  [32m'department head'[39m,
[2m[WebServer] [22m  [32m'hr manager'[39m,
[2m[WebServer] [22m  [32m'hr admin'[39m,
[2m[WebServer] [22m  [32m'system admin'[39m
[2m[WebServer] [22m]
[2m[WebServer] [22mHas required role? [33mtrue[39m
[2m[WebServer] [22mΓ£ö ACCESS GRANTED Γ£ö

[1A[2K[2m[WebServer] [22m≡ƒöì [TrackingController] getMyHistory: {
[2m[WebServer] [22m  filters: [Object: null prototype] {},
[2m[WebServer] [22m  userId: [32m'6929e2de934d8e079e6f55b6'[39m
[2m[WebServer] [22m}

[1A[2K[2m[WebServer] [22m GET /leaves/my-leaves [32m200[39m in 62ms[2m (compile: 3ms, render: 59ms)[22m

[1A[2K[2m[WebServer] [22m≡ƒöÑ JwtAuthGuard: canActivate CALLED

[1A[2K[2m[WebServer] [22m≡ƒöì JWT Extractor - All cookies: {
[2m[WebServer] [22m  accessToken: [32m'eyJhbGciOiJIUzI1NiIsInR5cCI6IkpXVCJ9.eyJzdWIiOiI2OTI5ZTJkZTkzNGQ4ZTA3OWU2ZjU1YjYiLCJ3b3JrRW1haWwiOiJlbmdlbXAxLndvcmtAZXhhbXBsZS5jb20iLCJyb2xlcyI6WyJkZXBhcnRtZW50IGVtcGxveWVlIl0sInBlcm1pc3Npb25zIjpbXSwicHJpbWFyeURlcGFydG1lbnRJZCI6IjY5Mjc1ZDhhZmMxMTg0YTNiM2U2YzU1ZiIsImVtcGxveWVlTnVtYmVyIjoiRU1QLTEwMjYiLCJpYXQiOjE3NjU5ODE5NTksImV4cCI6MTc2NjA2ODM1OX0.WegdfKAntwDFbcU4IqpIOjmJmVecTee8J7_OZDTKYuA'[39m
[2m[WebServer] [22m}
[2m[WebServer] [22m≡ƒöì JWT Extractor - Headers: accessToken=eyJhbGciOiJIUzI1NiIsInR5cCI6IkpXVCJ9.eyJzdWIiOiI2OTI5ZTJkZTkzNGQ4ZTA3OWU2ZjU1YjYiLCJ3b3JrRW1haWwiOiJlbmdlbXAxLndvcmtAZXhhbXBsZS5jb20iLCJyb2xlcyI6WyJkZXBhcnRtZW50IGVtcGxveWVlIl0sInBlcm1pc3Npb25zIjpbXSwicHJpbWFyeURlcGFydG1lbnRJZCI6IjY5Mjc1ZDhhZmMxMTg0YTNiM2U2YzU1ZiIsImVtcGxveWVlTnVtYmVyIjoiRU1QLTEwMjYiLCJpYXQiOjE3NjU5ODE5NTksImV4cCI6MTc2NjA2ODM1OX0.WegdfKAntwDFbcU4IqpIOjmJmVecTee8J7_OZDTKYuA
[2m[WebServer] [22m≡ƒöì JWT Extractor - accessToken: FOUND

[1A[2K[2m[WebServer] [22mJwtStrategy VALIDATE: {
[2m[WebServer] [22m  sub: [32m'6929e2de934d8e079e6f55b6'[39m,
[2m[WebServer] [22m  workEmail: [32m'engemp1.work@example.com'[39m,
[2m[WebServer] [22m  roles: [ [32m'department employee'[39m ],
[2m[WebServer] [22m  permissions: [],
[2m[WebServer] [22m  primaryDepartmentId: [32m'69275d8afc1184a3b3e6c55f'[39m,
[2m[WebServer] [22m  employeeNumber: [32m'EMP-1026'[39m,
[2m[WebServer] [22m  iat: [33m1765981959[39m,
[2m[WebServer] [22m  exp: [33m1766068359[39m
[2m[WebServer] [22m}

[1A[2K[2m[WebServer] [22m≡ƒöÑ JwtAuthGuard: handleRequest() {
[2m[WebServer] [22m  err: [1mnull[22m,
[2m[WebServer] [22m  user: {
[2m[WebServer] [22m    id: [32m'6929e2de934d8e079e6f55b6'[39m,
[2m[WebServer] [22m    workEmail: [32m'engemp1.work@example.com'[39m,
[2m[WebServer] [22m    roles: [ [32m'department employee'[39m ],
[2m[WebServer] [22m    permissions: [],
[2m[WebServer] [22m    primaryDepartmentId: [32m'69275d8afc1184a3b3e6c55f'[39m,
[2m[WebServer] [22m    employeeNumber: [32m'EMP-1026'[39m
[2m[WebServer] [22m  },
[2m[WebServer] [22m  info: [90mundefined[39m
[2m[WebServer] [22m}
[2m[WebServer] [22mΓ£à JwtAuthGuard SUCCESS ΓåÆ user authenticated: 6929e2de934d8e079e6f55b6

[1A[2K[2m[WebServer] [22m≡ƒöì [LeaveTypeController] findAll

[1A[2K[2m[WebServer] [22m≡ƒöÑ JwtAuthGuard: canActivate CALLED

[1A[2K[2m[WebServer] [22m≡ƒöì JWT Extractor - All cookies: {
[2m[WebServer] [22m  accessToken: [32m'eyJhbGciOiJIUzI1NiIsInR5cCI6IkpXVCJ9.eyJzdWIiOiI2OTI5ZTJkZTkzNGQ4ZTA3OWU2ZjU1YjYiLCJ3b3JrRW1haWwiOiJlbmdlbXAxLndvcmtAZXhhbXBsZS5jb20iLCJyb2xlcyI6WyJkZXBhcnRtZW50IGVtcGxveWVlIl0sInBlcm1pc3Npb25zIjpbXSwicHJpbWFyeURlcGFydG1lbnRJZCI6IjY5Mjc1ZDhhZmMxMTg0YTNiM2U2YzU1ZiIsImVtcGxveWVlTnVtYmVyIjoiRU1QLTEwMjYiLCJpYXQiOjE3NjU5ODE5NTksImV4cCI6MTc2NjA2ODM1OX0.WegdfKAntwDFbcU4IqpIOjmJmVecTee8J7_OZDTKYuA'[39m
[2m[WebServer] [22m}
[2m[WebServer] [22m≡ƒöì JWT Extractor - Headers: accessToken=eyJhbGciOiJIUzI1NiIsInR5cCI6IkpXVCJ9.eyJzdWIiOiI2OTI5ZTJkZTkzNGQ4ZTA3OWU2ZjU1YjYiLCJ3b3JrRW1haWwiOiJlbmdlbXAxLndvcmtAZXhhbXBsZS5jb20iLCJyb2xlcyI6WyJkZXBhcnRtZW50IGVtcGxveWVlIl0sInBlcm1pc3Npb25zIjpbXSwicHJpbWFyeURlcGFydG1lbnRJZCI6IjY5Mjc1ZDhhZmMxMTg0YTNiM2U2YzU1ZiIsImVtcGxveWVlTnVtYmVyIjoiRU1QLTEwMjYiLCJpYXQiOjE3NjU5ODE5NTksImV4cCI6MTc2NjA2ODM1OX0.WegdfKAntwDFbcU4IqpIOjmJmVecTee8J7_OZDTKYuA
[2m[WebServer] [22m≡ƒöì JWT Extractor - accessToken: FOUND

[1A[2K[2m[WebServer] [22mJwtStrategy VALIDATE: {
[2m[WebServer] [22m  sub: [32m'6929e2de934d8e079e6f55b6'[39m,
[2m[WebServer] [22m  workEmail: [32m'engemp1.work@example.com'[39m,
[2m[WebServer] [22m  roles: [ [32m'department employee'[39m ],
[2m[WebServer] [22m  permissions: [],
[2m[WebServer] [22m  primaryDepartmentId: [32m'69275d8afc1184a3b3e6c55f'[39m,
[2m[WebServer] [22m  employeeNumber: [32m'EMP-1026'[39m,
[2m[WebServer] [22m  iat: [33m1765981959[39m,
[2m[WebServer] [22m  exp: [33m1766068359[39m
[2m[WebServer] [22m}

[1A[2K[2m[WebServer] [22m≡ƒöÑ JwtAuthGuard: handleRequest() {
[2m[WebServer] [22m  err: [1mnull[22m,
[2m[WebServer] [22m  user: {
[2m[WebServer] [22m    id: [32m'6929e2de934d8e079e6f55b6'[39m,
[2m[WebServer] [22m    workEmail: [32m'engemp1.work@example.com'[39m,
[2m[WebServer] [22m    roles: [ [32m'department employee'[39m ],
[2m[WebServer] [22m    permissions: [],
[2m[WebServer] [22m    primaryDepartmentId: [32m'69275d8afc1184a3b3e6c55f'[39m,
[2m[WebServer] [22m    employeeNumber: [32m'EMP-1026'[39m
[2m[WebServer] [22m  },
[2m[WebServer] [22m  info: [90mundefined[39m
[2m[WebServer] [22m}
[2m[WebServer] [22mΓ£à JwtAuthGuard SUCCESS ΓåÆ user authenticated: 6929e2de934d8e079e6f55b6
[2m[WebServer] [22m≡ƒöÑ RolesGuard running!
[2m[WebServer] [22m
[2m[WebServer] [22m===== ROLE GUARD =====
[2m[WebServer] [22mRequired roles: [
[2m[WebServer] [22m  [32m'department employee'[39m,
[2m[WebServer] [22m  [32m'HR Employee'[39m,
[2m[WebServer] [22m  [32m'department head'[39m,
[2m[WebServer] [22m  [32m'HR Manager'[39m,
[2m[WebServer] [22m  [32m'HR Admin'[39m,
[2m[WebServer] [22m  [32m'System Admin'[39m
[2m[WebServer] [22m]
[2m[WebServer] [22mUser object: {
[2m[WebServer] [22m  id: [32m'6929e2de934d8e079e6f55b6'[39m,
[2m[WebServer] [22m  workEmail: [32m'engemp1.work@example.com'[39m,
[2m[WebServer] [22m  roles: [ [32m'department employee'[39m ],
[2m[WebServer] [22m  permissions: [],
[2m[WebServer] [22m  primaryDepartmentId: [32m'69275d8afc1184a3b3e6c55f'[39m,
[2m[WebServer] [22m  employeeNumber: [32m'EMP-1026'[39m
[2m[WebServer] [22m}
[2m[WebServer] [22mNormalized user roles: [ [32m'department employee'[39m ]

[1A[2K[2m[WebServer] [22mNormalized required roles: [
[2m[WebServer] [22m  [32m'department employee'[39m,
[2m[WebServer] [22m  [32m'hr employee'[39m,
[2m[WebServer] [22m  [32m'department head'[39m,
[2m[WebServer] [22m  [32m'hr manager'[39m,
[2m[WebServer] [22m  [32m'hr admin'[39m,
[2m[WebServer] [22m  [32m'system admin'[39m
[2m[WebServer] [22m]
[2m[WebServer] [22mHas required role? [33mtrue[39m
[2m[WebServer] [22mΓ£ö ACCESS GRANTED Γ£ö

[1A[2K[2m[WebServer] [22m≡ƒöì [TrackingController] getMyBalances: {
[2m[WebServer] [22m  query: [Object: null prototype] {},
[2m[WebServer] [22m  userId: [32m'6929e2de934d8e079e6f55b6'[39m
[2m[WebServer] [22m}

[1A[2K[2m[WebServer] [22m≡ƒöÑ JwtAuthGuard: canActivate CALLED

[1A[2K[2m[WebServer] [22m≡ƒöì JWT Extractor - All cookies: {
[2m[WebServer] [22m  accessToken: [32m'eyJhbGciOiJIUzI1NiIsInR5cCI6IkpXVCJ9.eyJzdWIiOiI2OTI5ZTJkZTkzNGQ4ZTA3OWU2ZjU1YjYiLCJ3b3JrRW1haWwiOiJlbmdlbXAxLndvcmtAZXhhbXBsZS5jb20iLCJyb2xlcyI6WyJkZXBhcnRtZW50IGVtcGxveWVlIl0sInBlcm1pc3Npb25zIjpbXSwicHJpbWFyeURlcGFydG1lbnRJZCI6IjY5Mjc1ZDhhZmMxMTg0YTNiM2U2YzU1ZiIsImVtcGxveWVlTnVtYmVyIjoiRU1QLTEwMjYiLCJpYXQiOjE3NjU5ODE5NTksImV4cCI6MTc2NjA2ODM1OX0.WegdfKAntwDFbcU4IqpIOjmJmVecTee8J7_OZDTKYuA'[39m
[2m[WebServer] [22m}

[1A[2K[2m[WebServer] [22m≡ƒöì JWT Extractor - Headers: accessToken=eyJhbGciOiJIUzI1NiIsInR5cCI6IkpXVCJ9.eyJzdWIiOiI2OTI5ZTJkZTkzNGQ4ZTA3OWU2ZjU1YjYiLCJ3b3JrRW1haWwiOiJlbmdlbXAxLndvcmtAZXhhbXBsZS5jb20iLCJyb2xlcyI6WyJkZXBhcnRtZW50IGVtcGxveWVlIl0sInBlcm1pc3Npb25zIjpbXSwicHJpbWFyeURlcGFydG1lbnRJZCI6IjY5Mjc1ZDhhZmMxMTg0YTNiM2U2YzU1ZiIsImVtcGxveWVlTnVtYmVyIjoiRU1QLTEwMjYiLCJpYXQiOjE3NjU5ODE5NTksImV4cCI6MTc2NjA2ODM1OX0.WegdfKAntwDFbcU4IqpIOjmJmVecTee8J7_OZDTKYuA
[2m[WebServer] [22m≡ƒöì JWT Extractor - accessToken: FOUND

[1A[2K[2m[WebServer] [22mJwtStrategy VALIDATE: {
[2m[WebServer] [22m  sub: [32m'6929e2de934d8e079e6f55b6'[39m,
[2m[WebServer] [22m  workEmail: [32m'engemp1.work@example.com'[39m,
[2m[WebServer] [22m  roles: [ [32m'department employee'[39m ],
[2m[WebServer] [22m  permissions: [],
[2m[WebServer] [22m  primaryDepartmentId: [32m'69275d8afc1184a3b3e6c55f'[39m,
[2m[WebServer] [22m  employeeNumber: [32m'EMP-1026'[39m,
[2m[WebServer] [22m  iat: [33m1765981959[39m,
[2m[WebServer] [22m  exp: [33m1766068359[39m
[2m[WebServer] [22m}

[1A[2K[2m[WebServer] [22m≡ƒöÑ JwtAuthGuard: handleRequest() {
[2m[WebServer] [22m  err: [1mnull[22m,
[2m[WebServer] [22m  user: {
[2m[WebServer] [22m    id: [32m'6929e2de934d8e079e6f55b6'[39m,
[2m[WebServer] [22m    workEmail: [32m'engemp1.work@example.com'[39m,
[2m[WebServer] [22m    roles: [ [32m'department employee'[39m ],
[2m[WebServer] [22m    permissions: [],
[2m[WebServer] [22m    primaryDepartmentId: [32m'69275d8afc1184a3b3e6c55f'[39m,
[2m[WebServer] [22m    employeeNumber: [32m'EMP-1026'[39m
[2m[WebServer] [22m  },
[2m[WebServer] [22m  info: [90mundefined[39m
[2m[WebServer] [22m}
[2m[WebServer] [22mΓ£à JwtAuthGuard SUCCESS ΓåÆ user authenticated: 6929e2de934d8e079e6f55b6
[2m[WebServer] [22m≡ƒöÑ RolesGuard running!
[2m[WebServer] [22m
[2m[WebServer] [22m===== ROLE GUARD =====
[2m[WebServer] [22mRequired roles: [
[2m[WebServer] [22m  [32m'department employee'[39m,
[2m[WebServer] [22m  [32m'HR Employee'[39m,
[2m[WebServer] [22m  [32m'department head'[39m,
[2m[WebServer] [22m  [32m'HR Manager'[39m,
[2m[WebServer] [22m  [32m'HR Admin'[39m,
[2m[WebServer] [22m  [32m'System Admin'[39m
[2m[WebServer] [22m]
[2m[WebServer] [22mUser object: {
[2m[WebServer] [22m  id: [32m'6929e2de934d8e079e6f55b6'[39m,
[2m[WebServer] [22m  workEmail: [32m'engemp1.work@example.com'[39m,
[2m[WebServer] [22m  roles: [ [32m'department employee'[39m ],
[2m[WebServer] [22m  permissions: [],
[2m[WebServer] [22m  primaryDepartmentId: [32m'69275d8afc1184a3b3e6c55f'[39m,
[2m[WebServer] [22m  employeeNumber: [32m'EMP-1026'[39m
[2m[WebServer] [22m}

[1A[2K[2m[WebServer] [22mNormalized user roles: [ [32m'department employee'[39m ]
[2m[WebServer] [22mNormalized required roles: [
[2m[WebServer] [22m  [32m'department employee'[39m,
[2m[WebServer] [22m  [32m'hr employee'[39m,
[2m[WebServer] [22m  [32m'department head'[39m,
[2m[WebServer] [22m  [32m'hr manager'[39m,
[2m[WebServer] [22m  [32m'hr admin'[39m,
[2m[WebServer] [22m  [32m'system admin'[39m
[2m[WebServer] [22m]
[2m[WebServer] [22mHas required role? [33mtrue[39m
[2m[WebServer] [22mΓ£ö ACCESS GRANTED Γ£ö
[2m[WebServer] [22m≡ƒöì [RequestsController] getMyRequests: { userId: [90mundefined[39m }

[1A[2KΓ£à Notifications check passed

[1A[2K[16/35] [chromium] ΓÇ║ leave-tests.spec.ts:610:7 ΓÇ║ ≡ƒºæ EMPLOYEE 1 (EMP-1026 - Engineering) - All Scenarios ΓÇ║ Γ£à I1-I6: Handle returned request
[1A[2K[chromium] ΓÇ║ leave-tests.spec.ts:610:7 ΓÇ║ ≡ƒºæ EMPLOYEE 1 (EMP-1026 - Engineering) - All Scenarios ΓÇ║ Γ£à I1-I6: Handle returned request
≡ƒöÉ Logging in as: engemp1.work@example.com

[1A[2K[2m[WebServer] [22m GET /login [32m200[39m in 33ms[2m (compile: 3ms, render: 31ms)[22m

[1A[2K[2m[WebServer] [22m≡ƒöÑ JwtAuthGuard: canActivate CALLED

[1A[2K[2m[WebServer] [22m≡ƒöì JWT Extractor - All cookies: [Object: null prototype] {}
[2m[WebServer] [22m≡ƒöì JWT Extractor - Headers: [90mundefined[39m
[2m[WebServer] [22m≡ƒöì JWT Extractor - accessToken: NOT FOUND

[1A[2K[2m[WebServer] [22m≡ƒöÑ JwtAuthGuard: handleRequest() {
[2m[WebServer] [22m  err: [1mnull[22m,
[2m[WebServer] [22m  user: [33mfalse[39m,
[2m[WebServer] [22m  info: Error: No auth token
[2m[WebServer] [22m      at JwtStrategy.authenticate [90m(C:\Users\Bedon\Desktop\semester-5-software-project\backend\[39mnode_modules\[4mpassport-jwt[24m\lib\strategy.js:96:26[90m)[39m
[2m[WebServer] [22m      at attempt [90m(C:\Users\Bedon\Desktop\semester-5-software-project\backend\[39mnode_modules\[4mpassport[24m\lib\middleware\authenticate.js:378:16[90m)[39m
[2m[WebServer] [22m      at authenticate [90m(C:\Users\Bedon\Desktop\semester-5-software-project\backend\[39mnode_modules\[4mpassport[24m\lib\middleware\authenticate.js:379:7[90m)[39m
[2m[WebServer] [22m      at [90mC:\Users\Bedon\Desktop\semester-5-software-project\backend\[39mnode_modules\[4m@nestjs[24m\passport\dist\auth.guard.js:88:3
[2m[WebServer] [22m      at new Promise (<anonymous>)
[2m[WebServer] [22m      at [90mC:\Users\Bedon\Desktop\semester-5-software-project\backend\[39mnode_modules\[4m@nestjs[24m\passport\dist\auth.guard.js:80:83
[2m[WebServer] [22m      at JwtAuthGuard.canActivate [90m(C:\Users\Bedon\Desktop\semester-5-software-project\backend\[39mnode_modules\[4m@nestjs[24m\passport\dist\auth.guard.js:44:32[90m)[39m
[2m[WebServer] [22m  [90m    at process.processTicksAndRejections (node:internal/process/task_queues:105:5)[39m
[2m[WebServer] [22m}

[1A[2K[2m[WebServer] [22mΓ¥î JwtAuthGuard INFO: Error: No auth token
[2m[WebServer] [22m    at JwtStrategy.authenticate 
[90m(C:\Users\Bedon\Desktop\semester-5-software-project\backend\[39mnode_modules\[4mpassport-jwt[24m\lib\strategy.js:96:26[90m)[39m
[2m[WebServer] [22m    at attempt 
[90m(C:\Users\Bedon\Desktop\semester-5-software-project\backend\[39mnode_modules\[4mpassport[24m\lib\middleware\authenticate.js:378:16[90m)[39m
[2m[WebServer] [22m    at authenticate 
[90m(C:\Users\Bedon\Desktop\semester-5-software-project\backend\[39mnode_modules\[4mpassport[24m\lib\middleware\authenticate.js:379:7[90m)[39m
[2m[WebServer] [22m    at [90mC:\Users\Bedon\Desktop\semester-5-software-project\backend\[39mnode_modules\[4m@nestjs[24m\passport\dist\auth.guard.js:88:3

[2m[WebServer] [22m    at new Promise (<anonymous>)
[2m[WebServer] [22m    at 
[90mC:\Users\Bedon\Desktop\semester-5-software-project\backend\[39mnode_modules\[4m@nestjs[24m\passport\dist\auth.guard.js:80:83
[2m[WebServer] [22m    at JwtAuthGuard.canActivate 
[90m(C:\Users\Bedon\Desktop\semester-5-software-project\backend\[39mnode_modules\[4m@nestjs[24m\passport\dist\auth.guard.js:44:32[90m)[39m
[2m[WebServer] [22m[90m    at process.processTicksAndRejections (node:internal/process/task_queues:105:5)[39m
[1A[2K[2m[WebServer] [22mΓ¥î JwtAuthGuard FAILING ΓåÆ No auth token

[1A[2K[2m[WebServer] [22mVALIDATE EMPLOYEE - systemRole = {
[2m[WebServer] [22m  _id: new ObjectId([32m'6929e2de934d8e079e6f55b8'[39m),
[2m[WebServer] [22m  employeeProfileId: new ObjectId([32m'6929e2de934d8e079e6f55b6'[39m),
[2m[WebServer] [22m  roles: [ [32m'department employee'[39m ],
[2m[WebServer] [22m  permissions: [],
[2m[WebServer] [22m  isActive: [33mtrue[39m,
[2m[WebServer] [22m  createdAt: [35m2025-11-28T17:58:54.894Z[39m,
[2m[WebServer] [22m  updatedAt: [35m2025-11-28T17:58:54.894Z[39m,
[2m[WebServer] [22m  __v: [33m0[39m
[2m[WebServer] [22m}

[1A[2K[2m[WebServer] [22mGenerated token: eyJhbGciOiJIUzI1NiIsInR5cCI6IkpXVCJ9.eyJzdWIiOiI2OTI5ZTJkZTkzNGQ4ZTA3OWU2ZjU1YjYiLCJ3b3JrRW1haWwiOiJlbmdlbXAxLndvcmtAZXhhbXBsZS5jb20iLCJyb2xlcyI6WyJkZXBhcnRtZW50IGVtcGxveWVlIl0sInBlcm1pc3Npb25zIjpbXSwicHJpbWFyeURlcGFydG1lbnRJZCI6IjY5Mjc1ZDhhZmMxMTg0YTNiM2U2YzU1ZiIsImVtcGxveWVlTnVtYmVyIjoiRU1QLTEwMjYiLCJpYXQiOjE3NjU5ODE5NjAsImV4cCI6MTc2NjA2ODM2MH0.8137rxPaAHF7mgxSBb_LvbPfQSUpUpXx_fSEQLTLx98

[1A[2K[2m[WebServer] [22m GET /leaves [32m200[39m in 19ms[2m (compile: 3ms, render: 16ms)[22m

[1A[2KΓ£à Login successful

[1A[2K≡ƒöä Testing Returned Request Handling

[1A[2K[2m[WebServer] [22m≡ƒöÑ JwtAuthGuard: canActivate CALLED

[1A[2K[2m[WebServer] [22m≡ƒöì JWT Extractor - All cookies: {
[2m[WebServer] [22m  accessToken: [32m'eyJhbGciOiJIUzI1NiIsInR5cCI6IkpXVCJ9.eyJzdWIiOiI2OTI5ZTJkZTkzNGQ4ZTA3OWU2ZjU1YjYiLCJ3b3JrRW1haWwiOiJlbmdlbXAxLndvcmtAZXhhbXBsZS5jb20iLCJyb2xlcyI6WyJkZXBhcnRtZW50IGVtcGxveWVlIl0sInBlcm1pc3Npb25zIjpbXSwicHJpbWFyeURlcGFydG1lbnRJZCI6IjY5Mjc1ZDhhZmMxMTg0YTNiM2U2YzU1ZiIsImVtcGxveWVlTnVtYmVyIjoiRU1QLTEwMjYiLCJpYXQiOjE3NjU5ODE5NjAsImV4cCI6MTc2NjA2ODM2MH0.8137rxPaAHF7mgxSBb_LvbPfQSUpUpXx_fSEQLTLx98'[39m
[2m[WebServer] [22m}
[2m[WebServer] [22m≡ƒöì JWT Extractor - Headers: accessToken=eyJhbGciOiJIUzI1NiIsInR5cCI6IkpXVCJ9.eyJzdWIiOiI2OTI5ZTJkZTkzNGQ4ZTA3OWU2ZjU1YjYiLCJ3b3JrRW1haWwiOiJlbmdlbXAxLndvcmtAZXhhbXBsZS5jb20iLCJyb2xlcyI6WyJkZXBhcnRtZW50IGVtcGxveWVlIl0sInBlcm1pc3Npb25zIjpbXSwicHJpbWFyeURlcGFydG1lbnRJZCI6IjY5Mjc1ZDhhZmMxMTg0YTNiM2U2YzU1ZiIsImVtcGxveWVlTnVtYmVyIjoiRU1QLTEwMjYiLCJpYXQiOjE3NjU5ODE5NjAsImV4cCI6MTc2NjA2ODM2MH0.8137rxPaAHF7mgxSBb_LvbPfQSUpUpXx_fSEQLTLx98
[2m[WebServer] [22m≡ƒöì JWT Extractor - accessToken: FOUND

[1A[2K[2m[WebServer] [22mJwtStrategy VALIDATE: {
[2m[WebServer] [22m  sub: [32m'6929e2de934d8e079e6f55b6'[39m,
[2m[WebServer] [22m  workEmail: [32m'engemp1.work@example.com'[39m,
[2m[WebServer] [22m  roles: [ [32m'department employee'[39m ],
[2m[WebServer] [22m  permissions: [],
[2m[WebServer] [22m  primaryDepartmentId: [32m'69275d8afc1184a3b3e6c55f'[39m,
[2m[WebServer] [22m  employeeNumber: [32m'EMP-1026'[39m,
[2m[WebServer] [22m  iat: [33m1765981960[39m,
[2m[WebServer] [22m  exp: [33m1766068360[39m
[2m[WebServer] [22m}

[1A[2K[2m[WebServer] [22m≡ƒöÑ JwtAuthGuard: handleRequest() {
[2m[WebServer] [22m  err: [1mnull[22m,
[2m[WebServer] [22m  user: {
[2m[WebServer] [22m    id: [32m'6929e2de934d8e079e6f55b6'[39m,
[2m[WebServer] [22m    workEmail: [32m'engemp1.work@example.com'[39m,
[2m[WebServer] [22m    roles: [ [32m'department employee'[39m ],
[2m[WebServer] [22m    permissions: [],
[2m[WebServer] [22m    primaryDepartmentId: [32m'69275d8afc1184a3b3e6c55f'[39m,
[2m[WebServer] [22m    employeeNumber: [32m'EMP-1026'[39m
[2m[WebServer] [22m  },
[2m[WebServer] [22m  info: [90mundefined[39m
[2m[WebServer] [22m}
[2m[WebServer] [22mΓ£à JwtAuthGuard SUCCESS ΓåÆ user authenticated: 6929e2de934d8e079e6f55b6
[2m[WebServer] [22m≡ƒöÑ RolesGuard running!
[2m[WebServer] [22m
[2m[WebServer] [22m===== ROLE GUARD =====
[2m[WebServer] [22mRequired roles: [
[2m[WebServer] [22m  [32m'department employee'[39m,
[2m[WebServer] [22m  [32m'HR Employee'[39m,
[2m[WebServer] [22m  [32m'department head'[39m,
[2m[WebServer] [22m  [32m'HR Manager'[39m,
[2m[WebServer] [22m  [32m'HR Admin'[39m,
[2m[WebServer] [22m  [32m'System Admin'[39m
[2m[WebServer] [22m]

[1A[2K[2m[WebServer] [22mUser object: {
[2m[WebServer] [22m  id: [32m'6929e2de934d8e079e6f55b6'[39m,
[2m[WebServer] [22m  workEmail: [32m'engemp1.work@example.com'[39m,
[2m[WebServer] [22m  roles: [ [32m'department employee'[39m ],
[2m[WebServer] [22m  permissions: [],
[2m[WebServer] [22m  primaryDepartmentId: [32m'69275d8afc1184a3b3e6c55f'[39m,
[2m[WebServer] [22m  employeeNumber: [32m'EMP-1026'[39m
[2m[WebServer] [22m}
[2m[WebServer] [22mNormalized user roles: [ [32m'department employee'[39m ]
[2m[WebServer] [22mNormalized required roles: [
[2m[WebServer] [22m  [32m'department employee'[39m,
[2m[WebServer] [22m  [32m'hr employee'[39m,
[2m[WebServer] [22m  [32m'department head'[39m,
[2m[WebServer] [22m  [32m'hr manager'[39m,
[2m[WebServer] [22m  [32m'hr admin'[39m,
[2m[WebServer] [22m  [32m'system admin'[39m
[2m[WebServer] [22m]
[2m[WebServer] [22mHas required role? [33mtrue[39m
[2m[WebServer] [22mΓ£ö ACCESS GRANTED Γ£ö

[1A[2K[2m[WebServer] [22m≡ƒöì [TrackingController] getMyBalances: {
[2m[WebServer] [22m  query: [Object: null prototype] {},
[2m[WebServer] [22m  userId: [32m'6929e2de934d8e079e6f55b6'[39m
[2m[WebServer] [22m}

[1A[2K[2m[WebServer] [22m≡ƒöÑ JwtAuthGuard: canActivate CALLED

[1A[2K[2m[WebServer] [22m≡ƒöì JWT Extractor - All cookies: {
[2m[WebServer] [22m  accessToken: [32m'eyJhbGciOiJIUzI1NiIsInR5cCI6IkpXVCJ9.eyJzdWIiOiI2OTI5ZTJkZTkzNGQ4ZTA3OWU2ZjU1YjYiLCJ3b3JrRW1haWwiOiJlbmdlbXAxLndvcmtAZXhhbXBsZS5jb20iLCJyb2xlcyI6WyJkZXBhcnRtZW50IGVtcGxveWVlIl0sInBlcm1pc3Npb25zIjpbXSwicHJpbWFyeURlcGFydG1lbnRJZCI6IjY5Mjc1ZDhhZmMxMTg0YTNiM2U2YzU1ZiIsImVtcGxveWVlTnVtYmVyIjoiRU1QLTEwMjYiLCJpYXQiOjE3NjU5ODE5NjAsImV4cCI6MTc2NjA2ODM2MH0.8137rxPaAHF7mgxSBb_LvbPfQSUpUpXx_fSEQLTLx98'[39m
[2m[WebServer] [22m}
[2m[WebServer] [22m≡ƒöì JWT Extractor - Headers: accessToken=eyJhbGciOiJIUzI1NiIsInR5cCI6IkpXVCJ9.eyJzdWIiOiI2OTI5ZTJkZTkzNGQ4ZTA3OWU2ZjU1YjYiLCJ3b3JrRW1haWwiOiJlbmdlbXAxLndvcmtAZXhhbXBsZS5jb20iLCJyb2xlcyI6WyJkZXBhcnRtZW50IGVtcGxveWVlIl0sInBlcm1pc3Npb25zIjpbXSwicHJpbWFyeURlcGFydG1lbnRJZCI6IjY5Mjc1ZDhhZmMxMTg0YTNiM2U2YzU1ZiIsImVtcGxveWVlTnVtYmVyIjoiRU1QLTEwMjYiLCJpYXQiOjE3NjU5ODE5NjAsImV4cCI6MTc2NjA2ODM2MH0.8137rxPaAHF7mgxSBb_LvbPfQSUpUpXx_fSEQLTLx98
[2m[WebServer] [22m≡ƒöì JWT Extractor - accessToken: FOUND

[1A[2K[2m[WebServer] [22mJwtStrategy VALIDATE: {
[2m[WebServer] [22m  sub: [32m'6929e2de934d8e079e6f55b6'[39m,
[2m[WebServer] [22m  workEmail: [32m'engemp1.work@example.com'[39m,
[2m[WebServer] [22m  roles: [ [32m'department employee'[39m ],
[2m[WebServer] [22m  permissions: [],
[2m[WebServer] [22m  primaryDepartmentId: [32m'69275d8afc1184a3b3e6c55f'[39m,
[2m[WebServer] [22m  employeeNumber: [32m'EMP-1026'[39m,
[2m[WebServer] [22m  iat: [33m1765981960[39m,
[2m[WebServer] [22m  exp: [33m1766068360[39m
[2m[WebServer] [22m}

[1A[2K[2m[WebServer] [22m≡ƒöÑ JwtAuthGuard: handleRequest() {
[2m[WebServer] [22m  err: [1mnull[22m,
[2m[WebServer] [22m  user: {
[2m[WebServer] [22m    id: [32m'6929e2de934d8e079e6f55b6'[39m,
[2m[WebServer] [22m    workEmail: [32m'engemp1.work@example.com'[39m,
[2m[WebServer] [22m    roles: [ [32m'department employee'[39m ],
[2m[WebServer] [22m    permissions: [],
[2m[WebServer] [22m    primaryDepartmentId: [32m'69275d8afc1184a3b3e6c55f'[39m,
[2m[WebServer] [22m    employeeNumber: [32m'EMP-1026'[39m
[2m[WebServer] [22m  },
[2m[WebServer] [22m  info: [90mundefined[39m
[2m[WebServer] [22m}
[2m[WebServer] [22mΓ£à JwtAuthGuard SUCCESS ΓåÆ user authenticated: 6929e2de934d8e079e6f55b6
[2m[WebServer] [22m≡ƒöÑ RolesGuard running!
[2m[WebServer] [22m
[2m[WebServer] [22m===== ROLE GUARD =====

[1A[2K[2m[WebServer] [22mRequired roles: [
[2m[WebServer] [22m  [32m'department employee'[39m,
[2m[WebServer] [22m  [32m'HR Employee'[39m,
[2m[WebServer] [22m  [32m'department head'[39m,
[2m[WebServer] [22m  [32m'HR Manager'[39m,
[2m[WebServer] [22m  [32m'HR Admin'[39m,
[2m[WebServer] [22m  [32m'System Admin'[39m
[2m[WebServer] [22m]
[2m[WebServer] [22mUser object: {
[2m[WebServer] [22m  id: [32m'6929e2de934d8e079e6f55b6'[39m,
[2m[WebServer] [22m  workEmail: [32m'engemp1.work@example.com'[39m,
[2m[WebServer] [22m  roles: [ [32m'department employee'[39m ],
[2m[WebServer] [22m  permissions: [],
[2m[WebServer] [22m  primaryDepartmentId: [32m'69275d8afc1184a3b3e6c55f'[39m,
[2m[WebServer] [22m  employeeNumber: [32m'EMP-1026'[39m
[2m[WebServer] [22m}
[2m[WebServer] [22mNormalized user roles: [ [32m'department employee'[39m ]
[2m[WebServer] [22mNormalized required roles: [
[2m[WebServer] [22m  [32m'department employee'[39m,
[2m[WebServer] [22m  [32m'hr employee'[39m,
[2m[WebServer] [22m  [32m'department head'[39m,
[2m[WebServer] [22m  [32m'hr manager'[39m,
[2m[WebServer] [22m  [32m'hr admin'[39m,
[2m[WebServer] [22m  [32m'system admin'[39m
[2m[WebServer] [22m]

[1A[2K[2m[WebServer] [22mHas required role? [33mtrue[39m
[2m[WebServer] [22mΓ£ö ACCESS GRANTED Γ£ö
[2m[WebServer] [22m≡ƒöì [TrackingController] getMyHistory: {
[2m[WebServer] [22m  filters: [Object: null prototype] {},
[2m[WebServer] [22m  userId: [32m'6929e2de934d8e079e6f55b6'[39m
[2m[WebServer] [22m}

[1A[2K[2m[WebServer] [22m GET /leaves/my-leaves [32m200[39m in 46ms[2m (compile: 5ms, render: 41ms)[22m

[1A[2K[2m[WebServer] [22m≡ƒöÑ JwtAuthGuard: canActivate CALLED

[1A[2K[2m[WebServer] [22m≡ƒöì JWT Extractor - All cookies: {
[2m[WebServer] [22m  accessToken: [32m'eyJhbGciOiJIUzI1NiIsInR5cCI6IkpXVCJ9.eyJzdWIiOiI2OTI5ZTJkZTkzNGQ4ZTA3OWU2ZjU1YjYiLCJ3b3JrRW1haWwiOiJlbmdlbXAxLndvcmtAZXhhbXBsZS5jb20iLCJyb2xlcyI6WyJkZXBhcnRtZW50IGVtcGxveWVlIl0sInBlcm1pc3Npb25zIjpbXSwicHJpbWFyeURlcGFydG1lbnRJZCI6IjY5Mjc1ZDhhZmMxMTg0YTNiM2U2YzU1ZiIsImVtcGxveWVlTnVtYmVyIjoiRU1QLTEwMjYiLCJpYXQiOjE3NjU5ODE5NjAsImV4cCI6MTc2NjA2ODM2MH0.8137rxPaAHF7mgxSBb_LvbPfQSUpUpXx_fSEQLTLx98'[39m
[2m[WebServer] [22m}
[2m[WebServer] [22m≡ƒöì JWT Extractor - Headers: accessToken=eyJhbGciOiJIUzI1NiIsInR5cCI6IkpXVCJ9.eyJzdWIiOiI2OTI5ZTJkZTkzNGQ4ZTA3OWU2ZjU1YjYiLCJ3b3JrRW1haWwiOiJlbmdlbXAxLndvcmtAZXhhbXBsZS5jb20iLCJyb2xlcyI6WyJkZXBhcnRtZW50IGVtcGxveWVlIl0sInBlcm1pc3Npb25zIjpbXSwicHJpbWFyeURlcGFydG1lbnRJZCI6IjY5Mjc1ZDhhZmMxMTg0YTNiM2U2YzU1ZiIsImVtcGxveWVlTnVtYmVyIjoiRU1QLTEwMjYiLCJpYXQiOjE3NjU5ODE5NjAsImV4cCI6MTc2NjA2ODM2MH0.8137rxPaAHF7mgxSBb_LvbPfQSUpUpXx_fSEQLTLx98

[1A[2K[2m[WebServer] [22m≡ƒöì JWT Extractor - accessToken: FOUND

[1A[2K[2m[WebServer] [22mJwtStrategy VALIDATE: {
[2m[WebServer] [22m  sub: [32m'6929e2de934d8e079e6f55b6'[39m,
[2m[WebServer] [22m  workEmail: [32m'engemp1.work@example.com'[39m,
[2m[WebServer] [22m  roles: [ [32m'department employee'[39m ],
[2m[WebServer] [22m  permissions: [],
[2m[WebServer] [22m  primaryDepartmentId: [32m'69275d8afc1184a3b3e6c55f'[39m,
[2m[WebServer] [22m  employeeNumber: [32m'EMP-1026'[39m,
[2m[WebServer] [22m  iat: [33m1765981960[39m,
[2m[WebServer] [22m  exp: [33m1766068360[39m
[2m[WebServer] [22m}

[1A[2K[2m[WebServer] [22m≡ƒöÑ JwtAuthGuard: handleRequest() {
[2m[WebServer] [22m  err: [1mnull[22m,
[2m[WebServer] [22m  user: {
[2m[WebServer] [22m    id: [32m'6929e2de934d8e079e6f55b6'[39m,
[2m[WebServer] [22m    workEmail: [32m'engemp1.work@example.com'[39m,
[2m[WebServer] [22m    roles: [ [32m'department employee'[39m ],
[2m[WebServer] [22m    permissions: [],
[2m[WebServer] [22m    primaryDepartmentId: [32m'69275d8afc1184a3b3e6c55f'[39m,
[2m[WebServer] [22m    employeeNumber: [32m'EMP-1026'[39m
[2m[WebServer] [22m  },
[2m[WebServer] [22m  info: [90mundefined[39m
[2m[WebServer] [22m}
[2m[WebServer] [22mΓ£à JwtAuthGuard SUCCESS ΓåÆ user authenticated: 6929e2de934d8e079e6f55b6

[1A[2K[2m[WebServer] [22m≡ƒöì [LeaveTypeController] findAll

[1A[2K[2m[WebServer] [22m≡ƒöÑ JwtAuthGuard: canActivate CALLED

[1A[2K[2m[WebServer] [22m≡ƒöì JWT Extractor - All cookies: {
[2m[WebServer] [22m  accessToken: [32m'eyJhbGciOiJIUzI1NiIsInR5cCI6IkpXVCJ9.eyJzdWIiOiI2OTI5ZTJkZTkzNGQ4ZTA3OWU2ZjU1YjYiLCJ3b3JrRW1haWwiOiJlbmdlbXAxLndvcmtAZXhhbXBsZS5jb20iLCJyb2xlcyI6WyJkZXBhcnRtZW50IGVtcGxveWVlIl0sInBlcm1pc3Npb25zIjpbXSwicHJpbWFyeURlcGFydG1lbnRJZCI6IjY5Mjc1ZDhhZmMxMTg0YTNiM2U2YzU1ZiIsImVtcGxveWVlTnVtYmVyIjoiRU1QLTEwMjYiLCJpYXQiOjE3NjU5ODE5NjAsImV4cCI6MTc2NjA2ODM2MH0.8137rxPaAHF7mgxSBb_LvbPfQSUpUpXx_fSEQLTLx98'[39m
[2m[WebServer] [22m}

[1A[2K[2m[WebServer] [22m≡ƒöì JWT Extractor - Headers: accessToken=eyJhbGciOiJIUzI1NiIsInR5cCI6IkpXVCJ9.eyJzdWIiOiI2OTI5ZTJkZTkzNGQ4ZTA3OWU2ZjU1YjYiLCJ3b3JrRW1haWwiOiJlbmdlbXAxLndvcmtAZXhhbXBsZS5jb20iLCJyb2xlcyI6WyJkZXBhcnRtZW50IGVtcGxveWVlIl0sInBlcm1pc3Npb25zIjpbXSwicHJpbWFyeURlcGFydG1lbnRJZCI6IjY5Mjc1ZDhhZmMxMTg0YTNiM2U2YzU1ZiIsImVtcGxveWVlTnVtYmVyIjoiRU1QLTEwMjYiLCJpYXQiOjE3NjU5ODE5NjAsImV4cCI6MTc2NjA2ODM2MH0.8137rxPaAHF7mgxSBb_LvbPfQSUpUpXx_fSEQLTLx98
[2m[WebServer] [22m≡ƒöì JWT Extractor - accessToken: FOUND

[1A[2K[2m[WebServer] [22mJwtStrategy VALIDATE: {
[2m[WebServer] [22m  sub: [32m'6929e2de934d8e079e6f55b6'[39m,
[2m[WebServer] [22m  workEmail: [32m'engemp1.work@example.com'[39m,
[2m[WebServer] [22m  roles: [ [32m'department employee'[39m ],
[2m[WebServer] [22m  permissions: [],
[2m[WebServer] [22m  primaryDepartmentId: [32m'69275d8afc1184a3b3e6c55f'[39m,
[2m[WebServer] [22m  employeeNumber: [32m'EMP-1026'[39m,
[2m[WebServer] [22m  iat: [33m1765981960[39m,
[2m[WebServer] [22m  exp: [33m1766068360[39m
[2m[WebServer] [22m}

[1A[2K[2m[WebServer] [22m≡ƒöÑ JwtAuthGuard: handleRequest() {
[2m[WebServer] [22m  err: [1mnull[22m,
[2m[WebServer] [22m  user: {
[2m[WebServer] [22m    id: [32m'6929e2de934d8e079e6f55b6'[39m,
[2m[WebServer] [22m    workEmail: [32m'engemp1.work@example.com'[39m,
[2m[WebServer] [22m    roles: [ [32m'department employee'[39m ],
[2m[WebServer] [22m    permissions: [],
[2m[WebServer] [22m    primaryDepartmentId: [32m'69275d8afc1184a3b3e6c55f'[39m,
[2m[WebServer] [22m    employeeNumber: [32m'EMP-1026'[39m
[2m[WebServer] [22m  },
[2m[WebServer] [22m  info: [90mundefined[39m
[2m[WebServer] [22m}
[2m[WebServer] [22mΓ£à JwtAuthGuard SUCCESS ΓåÆ user authenticated: 6929e2de934d8e079e6f55b6

[1A[2K[2m[WebServer] [22m≡ƒöÑ RolesGuard running!
[2m[WebServer] [22m
[2m[WebServer] [22m===== ROLE GUARD =====

[1A[2K[2m[WebServer] [22mRequired roles: [
[2m[WebServer] [22m  [32m'department employee'[39m,
[2m[WebServer] [22m  [32m'HR Employee'[39m,
[2m[WebServer] [22m  [32m'department head'[39m,
[2m[WebServer] [22m  [32m'HR Manager'[39m,
[2m[WebServer] [22m  [32m'HR Admin'[39m,
[2m[WebServer] [22m  [32m'System Admin'[39m
[2m[WebServer] [22m]

[1A[2K[2m[WebServer] [22mUser object: {
[2m[WebServer] [22m  id: [32m'6929e2de934d8e079e6f55b6'[39m,
[2m[WebServer] [22m  workEmail: [32m'engemp1.work@example.com'[39m,
[2m[WebServer] [22m  roles: [ [32m'department employee'[39m ],
[2m[WebServer] [22m  permissions: [],
[2m[WebServer] [22m  primaryDepartmentId: [32m'69275d8afc1184a3b3e6c55f'[39m,
[2m[WebServer] [22m  employeeNumber: [32m'EMP-1026'[39m
[2m[WebServer] [22m}

[1A[2K[2m[WebServer] [22mNormalized user roles: [ [32m'department employee'[39m ]
[2m[WebServer] [22mNormalized required roles: [
[2m[WebServer] [22m  [32m'department employee'[39m,
[2m[WebServer] [22m  [32m'hr employee'[39m,
[2m[WebServer] [22m  [32m'department head'[39m,
[2m[WebServer] [22m  [32m'hr manager'[39m,
[2m[WebServer] [22m  [32m'hr admin'[39m,
[2m[WebServer] [22m  [32m'system admin'[39m
[2m[WebServer] [22m]

[1A[2K[2m[WebServer] [22mHas required role? [33mtrue[39m
[2m[WebServer] [22mΓ£ö ACCESS GRANTED Γ£ö

[1A[2K[2m[WebServer] [22m≡ƒöì [TrackingController] getMyBalances: {
[2m[WebServer] [22m  query: [Object: null prototype] {},
[2m[WebServer] [22m  userId: [32m'6929e2de934d8e079e6f55b6'[39m
[2m[WebServer] [22m}

[1A[2K[2m[WebServer] [22m≡ƒöÑ JwtAuthGuard: canActivate CALLED

[1A[2K[2m[WebServer] [22m≡ƒöì JWT Extractor - All cookies: {
[2m[WebServer] [22m  accessToken: [32m'eyJhbGciOiJIUzI1NiIsInR5cCI6IkpXVCJ9.eyJzdWIiOiI2OTI5ZTJkZTkzNGQ4ZTA3OWU2ZjU1YjYiLCJ3b3JrRW1haWwiOiJlbmdlbXAxLndvcmtAZXhhbXBsZS5jb20iLCJyb2xlcyI6WyJkZXBhcnRtZW50IGVtcGxveWVlIl0sInBlcm1pc3Npb25zIjpbXSwicHJpbWFyeURlcGFydG1lbnRJZCI6IjY5Mjc1ZDhhZmMxMTg0YTNiM2U2YzU1ZiIsImVtcGxveWVlTnVtYmVyIjoiRU1QLTEwMjYiLCJpYXQiOjE3NjU5ODE5NjAsImV4cCI6MTc2NjA2ODM2MH0.8137rxPaAHF7mgxSBb_LvbPfQSUpUpXx_fSEQLTLx98'[39m
[2m[WebServer] [22m}
[2m[WebServer] [22m≡ƒöì JWT Extractor - Headers: accessToken=eyJhbGciOiJIUzI1NiIsInR5cCI6IkpXVCJ9.eyJzdWIiOiI2OTI5ZTJkZTkzNGQ4ZTA3OWU2ZjU1YjYiLCJ3b3JrRW1haWwiOiJlbmdlbXAxLndvcmtAZXhhbXBsZS5jb20iLCJyb2xlcyI6WyJkZXBhcnRtZW50IGVtcGxveWVlIl0sInBlcm1pc3Npb25zIjpbXSwicHJpbWFyeURlcGFydG1lbnRJZCI6IjY5Mjc1ZDhhZmMxMTg0YTNiM2U2YzU1ZiIsImVtcGxveWVlTnVtYmVyIjoiRU1QLTEwMjYiLCJpYXQiOjE3NjU5ODE5NjAsImV4cCI6MTc2NjA2ODM2MH0.8137rxPaAHF7mgxSBb_LvbPfQSUpUpXx_fSEQLTLx98

[1A[2K[2m[WebServer] [22m≡ƒöì JWT Extractor - accessToken: FOUND

[1A[2K[2m[WebServer] [22mJwtStrategy VALIDATE: {
[2m[WebServer] [22m  sub: [32m'6929e2de934d8e079e6f55b6'[39m,
[2m[WebServer] [22m  workEmail: [32m'engemp1.work@example.com'[39m,
[2m[WebServer] [22m  roles: [ [32m'department employee'[39m ],
[2m[WebServer] [22m  permissions: [],
[2m[WebServer] [22m  primaryDepartmentId: [32m'69275d8afc1184a3b3e6c55f'[39m,
[2m[WebServer] [22m  employeeNumber: [32m'EMP-1026'[39m,
[2m[WebServer] [22m  iat: [33m1765981960[39m,
[2m[WebServer] [22m  exp: [33m1766068360[39m
[2m[WebServer] [22m}

[1A[2K[2m[WebServer] [22m≡ƒöÑ JwtAuthGuard: handleRequest() {
[2m[WebServer] [22m  err: [1mnull[22m,
[2m[WebServer] [22m  user: {
[2m[WebServer] [22m    id: [32m'6929e2de934d8e079e6f55b6'[39m,
[2m[WebServer] [22m    workEmail: [32m'engemp1.work@example.com'[39m,
[2m[WebServer] [22m    roles: [ [32m'department employee'[39m ],
[2m[WebServer] [22m    permissions: [],
[2m[WebServer] [22m    primaryDepartmentId: [32m'69275d8afc1184a3b3e6c55f'[39m,
[2m[WebServer] [22m    employeeNumber: [32m'EMP-1026'[39m
[2m[WebServer] [22m  },
[2m[WebServer] [22m  info: [90mundefined[39m
[2m[WebServer] [22m}

[1A[2K[2m[WebServer] [22mΓ£à JwtAuthGuard SUCCESS ΓåÆ user authenticated: 6929e2de934d8e079e6f55b6
[2m[WebServer] [22m≡ƒöÑ RolesGuard running!
[2m[WebServer] [22m
[2m[WebServer] [22m===== ROLE GUARD =====

[1A[2K[2m[WebServer] [22mRequired roles: [
[2m[WebServer] [22m  [32m'department employee'[39m,
[2m[WebServer] [22m  [32m'HR Employee'[39m,
[2m[WebServer] [22m  [32m'department head'[39m,
[2m[WebServer] [22m  [32m'HR Manager'[39m,
[2m[WebServer] [22m  [32m'HR Admin'[39m,
[2m[WebServer] [22m  [32m'System Admin'[39m
[2m[WebServer] [22m]
[2m[WebServer] [22mUser object: {
[2m[WebServer] [22m  id: [32m'6929e2de934d8e079e6f55b6'[39m,
[2m[WebServer] [22m  workEmail: [32m'engemp1.work@example.com'[39m,
[2m[WebServer] [22m  roles: [ [32m'department employee'[39m ],
[2m[WebServer] [22m  permissions: [],
[2m[WebServer] [22m  primaryDepartmentId: [32m'69275d8afc1184a3b3e6c55f'[39m,
[2m[WebServer] [22m  employeeNumber: [32m'EMP-1026'[39m
[2m[WebServer] [22m}
[2m[WebServer] [22mNormalized user roles: [ [32m'department employee'[39m ]
[2m[WebServer] [22mNormalized required roles: [
[2m[WebServer] [22m  [32m'department employee'[39m,
[2m[WebServer] [22m  [32m'hr employee'[39m,
[2m[WebServer] [22m  [32m'department head'[39m,
[2m[WebServer] [22m  [32m'hr manager'[39m,
[2m[WebServer] [22m  [32m'hr admin'[39m,
[2m[WebServer] [22m  [32m'system admin'[39m
[2m[WebServer] [22m]
[2m[WebServer] [22mHas required role? [33mtrue[39m

[1A[2K[2m[WebServer] [22mΓ£ö ACCESS GRANTED Γ£ö

[1A[2K[2m[WebServer] [22m≡ƒöì [RequestsController] getMyRequests: { userId: [90mundefined[39m }

[1A[2K
================================================================================

[1A[2K≡ƒÄë ALL LEAVE MANAGEMENT TESTS COMPLETED

[1A[2K================================================================================

[1A[2KΓ£à Employee 1 (EMP-1026): All scenarios tested

[1A[2KΓ£à Employee 2 (EMP-1027): Low balance scenarios tested

[1A[2KΓ£à Manager (EMP-1025): Approval workflows tested

[1A[2KΓ£à HR (EMP-1019): System-wide management tested

[1A[2K================================================================================


[1A[2K  10) [chromium] ΓÇ║ leave-tests.spec.ts:610:7 ΓÇ║ ≡ƒºæ EMPLOYEE 1 (EMP-1026 - Engineering) - All Scenarios ΓÇ║ Γ£à I1-I6: Handle returned request 

    Error: locator.count: Unexpected token "=" while parsing css selector "[data-status="returned"], .status-returned, text=/returned/i". Did you mean to CSS.escape it?

      616 |     const returnedRequest = page.locator('[data-status="returned"], .status-returned, text=/returned/i').first();
      617 |     
    > 618 |     if (await returnedRequest.count() > 0) {
          |                               ^
      619 |       await returnedRequest.click();
      620 |       
      621 |       // View return reason
        at C:\Users\Bedon\Desktop\semester-5-software-project\leave-tests.spec.ts:618:31

    attachment #1: screenshot (image/png) ΓöÇΓöÇΓöÇΓöÇΓöÇΓöÇΓöÇΓöÇΓöÇΓöÇΓöÇΓöÇΓöÇΓöÇΓöÇΓöÇΓöÇΓöÇΓöÇΓöÇΓöÇΓöÇΓöÇΓöÇΓöÇΓöÇΓöÇΓöÇΓöÇΓöÇΓöÇΓöÇΓöÇΓöÇΓöÇΓöÇΓöÇΓöÇΓöÇΓöÇΓöÇΓöÇΓöÇΓöÇΓöÇΓöÇΓöÇΓöÇΓöÇΓöÇΓöÇΓöÇΓöÇΓöÇΓöÇΓöÇΓöÇΓöÇ
    test-results\leave-tests-≡ƒºæ-EMPLOYEE-1--285cd--I6-Handle-returned-request-chromium\test-failed-1.png
    ΓöÇΓöÇΓöÇΓöÇΓöÇΓöÇΓöÇΓöÇΓöÇΓöÇΓöÇΓöÇΓöÇΓöÇΓöÇΓöÇΓöÇΓöÇΓöÇΓöÇΓöÇΓöÇΓöÇΓöÇΓöÇΓöÇΓöÇΓöÇΓöÇΓöÇΓöÇΓöÇΓöÇΓöÇΓöÇΓöÇΓöÇΓöÇΓöÇΓöÇΓöÇΓöÇΓöÇΓöÇΓöÇΓöÇΓöÇΓöÇΓöÇΓöÇΓöÇΓöÇΓöÇΓöÇΓöÇΓöÇΓöÇΓöÇΓöÇΓöÇΓöÇΓöÇΓöÇΓöÇΓöÇΓöÇΓöÇΓöÇΓöÇΓöÇΓöÇΓöÇΓöÇΓöÇΓöÇΓöÇΓöÇΓöÇΓöÇΓöÇΓöÇΓöÇΓöÇΓöÇΓöÇΓöÇΓöÇΓöÇΓöÇΓöÇΓöÇΓöÇΓöÇΓöÇΓöÇΓöÇ

    attachment #2: video (video/webm) ΓöÇΓöÇΓöÇΓöÇΓöÇΓöÇΓöÇΓöÇΓöÇΓöÇΓöÇΓöÇΓöÇΓöÇΓöÇΓöÇΓöÇΓöÇΓöÇΓöÇΓöÇΓöÇΓöÇΓöÇΓöÇΓöÇΓöÇΓöÇΓöÇΓöÇΓöÇΓöÇΓöÇΓöÇΓöÇΓöÇΓöÇΓöÇΓöÇΓöÇΓöÇΓöÇΓöÇΓöÇΓöÇΓöÇΓöÇΓöÇΓöÇΓöÇΓöÇΓöÇΓöÇΓöÇΓöÇΓöÇΓöÇΓöÇΓöÇΓöÇΓöÇΓöÇ
    test-results\leave-tests-≡ƒºæ-EMPLOYEE-1--285cd--I6-Handle-returned-request-chromium\video.webm
    ΓöÇΓöÇΓöÇΓöÇΓöÇΓöÇΓöÇΓöÇΓöÇΓöÇΓöÇΓöÇΓöÇΓöÇΓöÇΓöÇΓöÇΓöÇΓöÇΓöÇΓöÇΓöÇΓöÇΓöÇΓöÇΓöÇΓöÇΓöÇΓöÇΓöÇΓöÇΓöÇΓöÇΓöÇΓöÇΓöÇΓöÇΓöÇΓöÇΓöÇΓöÇΓöÇΓöÇΓöÇΓöÇΓöÇΓöÇΓöÇΓöÇΓöÇΓöÇΓöÇΓöÇΓöÇΓöÇΓöÇΓöÇΓöÇΓöÇΓöÇΓöÇΓöÇΓöÇΓöÇΓöÇΓöÇΓöÇΓöÇΓöÇΓöÇΓöÇΓöÇΓöÇΓöÇΓöÇΓöÇΓöÇΓöÇΓöÇΓöÇΓöÇΓöÇΓöÇΓöÇΓöÇΓöÇΓöÇΓöÇΓöÇΓöÇΓöÇΓöÇΓöÇΓöÇΓöÇΓöÇ

    Error Context: test-results\leave-tests-≡ƒºæ-EMPLOYEE-1--285cd--I6-Handle-returned-request-chromium\error-context.md


[1A[2K[17/35] [chromium] ΓÇ║ leave-tests.spec.ts:659:7 ΓÇ║ ≡ƒæ⌐ EMPLOYEE 2 (EMP-1027 - Finance) - Low Balance Scenarios ΓÇ║ Γ£à J1-J3: View low balance (only 5 days available)
[1A[2K[chromium] ΓÇ║ leave-tests.spec.ts:659:7 ΓÇ║ ≡ƒæ⌐ EMPLOYEE 2 (EMP-1027 - Finance) - Low Balance Scenarios ΓÇ║ Γ£à J1-J3: View low balance (only 5 days available)
≡ƒöÉ Logging in as: financeemp1.work@example.com

[1A[2K[2m[WebServer] [22m GET /login [32m200[39m in 47ms[2m (compile: 3ms, render: 44ms)[22m

[1A[2K[2m[WebServer] [22m≡ƒöÑ JwtAuthGuard: canActivate CALLED

[1A[2K[2m[WebServer] [22m≡ƒöì JWT Extractor - All cookies: [Object: null prototype] {}
[2m[WebServer] [22m≡ƒöì JWT Extractor - Headers: [90mundefined[39m
[2m[WebServer] [22m≡ƒöì JWT Extractor - accessToken: NOT FOUND

[1A[2K[2m[WebServer] [22m≡ƒöÑ JwtAuthGuard: handleRequest() {
[2m[WebServer] [22m  err: [1mnull[22m,
[2m[WebServer] [22m  user: [33mfalse[39m,
[2m[WebServer] [22m  info: Error: No auth token
[2m[WebServer] [22m      at JwtStrategy.authenticate [90m(C:\Users\Bedon\Desktop\semester-5-software-project\backend\[39mnode_modules\[4mpassport-jwt[24m\lib\strategy.js:96:26[90m)[39m
[2m[WebServer] [22m      at attempt [90m(C:\Users\Bedon\Desktop\semester-5-software-project\backend\[39mnode_modules\[4mpassport[24m\lib\middleware\authenticate.js:378:16[90m)[39m
[2m[WebServer] [22m      at authenticate [90m(C:\Users\Bedon\Desktop\semester-5-software-project\backend\[39mnode_modules\[4mpassport[24m\lib\middleware\authenticate.js:379:7[90m)[39m
[2m[WebServer] [22m      at [90mC:\Users\Bedon\Desktop\semester-5-software-project\backend\[39mnode_modules\[4m@nestjs[24m\passport\dist\auth.guard.js:88:3
[2m[WebServer] [22m      at new Promise (<anonymous>)
[2m[WebServer] [22m      at [90mC:\Users\Bedon\Desktop\semester-5-software-project\backend\[39mnode_modules\[4m@nestjs[24m\passport\dist\auth.guard.js:80:83
[2m[WebServer] [22m      at JwtAuthGuard.canActivate [90m(C:\Users\Bedon\Desktop\semester-5-software-project\backend\[39mnode_modules\[4m@nestjs[24m\passport\dist\auth.guard.js:44:32[90m)[39m
[2m[WebServer] [22m  [90m    at process.processTicksAndRejections (node:internal/process/task_queues:105:5)[39m
[2m[WebServer] [22m}

[1A[2K[2m[WebServer] [22mΓ¥î JwtAuthGuard INFO: Error: No auth token
[2m[WebServer] [22m    at JwtStrategy.authenticate 
[90m(C:\Users\Bedon\Desktop\semester-5-software-project\backend\[39mnode_modules\[4mpassport-jwt[24m\lib\strategy.js:96:26[90m)[39m
[2m[WebServer] [22m    at attempt 
[90m(C:\Users\Bedon\Desktop\semester-5-software-project\backend\[39mnode_modules\[4mpassport[24m\lib\middleware\authenticate.js:378:16[90m)[39m
[2m[WebServer] [22m    at authenticate 
[90m(C:\Users\Bedon\Desktop\semester-5-software-project\backend\[39mnode_modules\[4mpassport[24m\lib\middleware\authenticate.js:379:7[90m)[39m
[2m[WebServer] [22m    at [90mC:\Users\Bedon\Desktop\semester-5-software-project\backend\[39mnode_modules\[4m@nestjs[24m\passport\dist\auth.guard.js:88:3
[2m[WebServer] [22m    at new Promise (<anonymous>)
[2m[WebServer] [22m    at 
[90mC:\Users\Bedon\Desktop\semester-5-software-project\backend\[39mnode_modules\[4m@nestjs[24m\passport\dist\auth.guard.js:80:83
[2m[WebServer] [22m    at JwtAuthGuard.canActivate 
[90m(C:\Users\Bedon\Desktop\semester-5-software-project\backend\[39mnode_modules\[4m@nestjs[24m\passport\dist\auth.guard.js:44:32[90m)[39m
[2m[WebServer] [22m[90m    at process.processTicksAndRejections (node:internal/process/task_queues:105:5)[39m

[1A[2K[2m[WebServer] [22mΓ¥î JwtAuthGuard FAILING ΓåÆ No auth token

[1A[2K[2m[WebServer] [22mVALIDATE EMPLOYEE - systemRole = {
[2m[WebServer] [22m  _id: new ObjectId([32m'6929e329934d8e079e6f55bd'[39m),
[2m[WebServer] [22m  employeeProfileId: new ObjectId([32m'6929e329934d8e079e6f55bb'[39m),
[2m[WebServer] [22m  roles: [ [32m'department employee'[39m ],
[2m[WebServer] [22m  permissions: [],
[2m[WebServer] [22m  isActive: [33mtrue[39m,
[2m[WebServer] [22m  createdAt: [35m2025-11-28T18:00:09.867Z[39m,
[2m[WebServer] [22m  updatedAt: [35m2025-11-28T18:00:09.867Z[39m,
[2m[WebServer] [22m  __v: [33m0[39m
[2m[WebServer] [22m}

[1A[2K[2m[WebServer] [22mGenerated token: eyJhbGciOiJIUzI1NiIsInR5cCI6IkpXVCJ9.eyJzdWIiOiI2OTI5ZTMyOTkzNGQ4ZTA3OWU2ZjU1YmIiLCJ3b3JrRW1haWwiOiJmaW5hbmNlZW1wMS53b3JrQGV4YW1wbGUuY29tIiwicm9sZXMiOlsiZGVwYXJ0bWVudCBlbXBsb3llZSJdLCJwZXJtaXNzaW9ucyI6W10sInByaW1hcnlEZXBhcnRtZW50SWQiOiI2OTI5ZTEwNzk5YmUxYTc5MzlhMmUwNGUiLCJlbXBsb3llZU51bWJlciI6IkVNUC0xMDI3IiwiaWF0IjoxNzY1OTgxOTYzLCJleHAiOjE3NjYwNjgzNjN9.-67E8y16lTgeDv1XcyhJs_NykKXQnsW5rXIWw5sFY94

[1A[2K[2m[WebServer] [22m GET /leaves [32m200[39m in 21ms[2m (compile: 3ms, render: 18ms)[22m

[1A[2KΓ£à Login successful

[1A[2K≡ƒÆ░ Testing Low Balance Display

[1A[2K[2m[WebServer] [22m≡ƒöÑ JwtAuthGuard: canActivate CALLED

[1A[2K[2m[WebServer] [22m≡ƒöì JWT Extractor - All cookies: {
[2m[WebServer] [22m  accessToken: [32m'eyJhbGciOiJIUzI1NiIsInR5cCI6IkpXVCJ9.eyJzdWIiOiI2OTI5ZTMyOTkzNGQ4ZTA3OWU2ZjU1YmIiLCJ3b3JrRW1haWwiOiJmaW5hbmNlZW1wMS53b3JrQGV4YW1wbGUuY29tIiwicm9sZXMiOlsiZGVwYXJ0bWVudCBlbXBsb3llZSJdLCJwZXJtaXNzaW9ucyI6W10sInByaW1hcnlEZXBhcnRtZW50SWQiOiI2OTI5ZTEwNzk5YmUxYTc5MzlhMmUwNGUiLCJlbXBsb3llZU51bWJlciI6IkVNUC0xMDI3IiwiaWF0IjoxNzY1OTgxOTYzLCJleHAiOjE3NjYwNjgzNjN9.-67E8y16lTgeDv1XcyhJs_NykKXQnsW5rXIWw5sFY94'[39m
[2m[WebServer] [22m}

[1A[2K[2m[WebServer] [22m≡ƒöì JWT Extractor - Headers: accessToken=eyJhbGciOiJIUzI1NiIsInR5cCI6IkpXVCJ9.eyJzdWIiOiI2OTI5ZTMyOTkzNGQ4ZTA3OWU2ZjU1YmIiLCJ3b3JrRW1haWwiOiJmaW5hbmNlZW1wMS53b3JrQGV4YW1wbGUuY29tIiwicm9sZXMiOlsiZGVwYXJ0bWVudCBlbXBsb3llZSJdLCJwZXJtaXNzaW9ucyI6W10sInByaW1hcnlEZXBhcnRtZW50SWQiOiI2OTI5ZTEwNzk5YmUxYTc5MzlhMmUwNGUiLCJlbXBsb3llZU51bWJlciI6IkVNUC0xMDI3IiwiaWF0IjoxNzY1OTgxOTYzLCJleHAiOjE3NjYwNjgzNjN9.-67E8y16lTgeDv1XcyhJs_NykKXQnsW5rXIWw5sFY94
[2m[WebServer] [22m≡ƒöì JWT Extractor - accessToken: FOUND

[1A[2K[2m[WebServer] [22mJwtStrategy VALIDATE: {
[2m[WebServer] [22m  sub: [32m'6929e329934d8e079e6f55bb'[39m,
[2m[WebServer] [22m  workEmail: [32m'financeemp1.work@example.com'[39m,
[2m[WebServer] [22m  roles: [ [32m'department employee'[39m ],
[2m[WebServer] [22m  permissions: [],
[2m[WebServer] [22m  primaryDepartmentId: [32m'6929e10799be1a7939a2e04e'[39m,
[2m[WebServer] [22m  employeeNumber: [32m'EMP-1027'[39m,
[2m[WebServer] [22m  iat: [33m1765981963[39m,
[2m[WebServer] [22m  exp: [33m1766068363[39m
[2m[WebServer] [22m}

[1A[2K[2m[WebServer] [22m≡ƒöÑ JwtAuthGuard: handleRequest() {
[2m[WebServer] [22m  err: [1mnull[22m,
[2m[WebServer] [22m  user: {
[2m[WebServer] [22m    id: [32m'6929e329934d8e079e6f55bb'[39m,
[2m[WebServer] [22m    workEmail: [32m'financeemp1.work@example.com'[39m,
[2m[WebServer] [22m    roles: [ [32m'department employee'[39m ],
[2m[WebServer] [22m    permissions: [],
[2m[WebServer] [22m    primaryDepartmentId: [32m'6929e10799be1a7939a2e04e'[39m,
[2m[WebServer] [22m    employeeNumber: [32m'EMP-1027'[39m
[2m[WebServer] [22m  },
[2m[WebServer] [22m  info: [90mundefined[39m
[2m[WebServer] [22m}
[2m[WebServer] [22mΓ£à JwtAuthGuard SUCCESS ΓåÆ user authenticated: 6929e329934d8e079e6f55bb
[2m[WebServer] [22m≡ƒöÑ RolesGuard running!

[1A[2K[2m[WebServer] [22m
[2m[WebServer] [22m===== ROLE GUARD =====
[2m[WebServer] [22mRequired roles: [
[2m[WebServer] [22m  [32m'department employee'[39m,
[2m[WebServer] [22m  [32m'HR Employee'[39m,
[2m[WebServer] [22m  [32m'department head'[39m,
[2m[WebServer] [22m  [32m'HR Manager'[39m,
[2m[WebServer] [22m  [32m'HR Admin'[39m,
[2m[WebServer] [22m  [32m'System Admin'[39m
[2m[WebServer] [22m]

[1A[2K[2m[WebServer] [22mUser object: {
[2m[WebServer] [22m  id: [32m'6929e329934d8e079e6f55bb'[39m,
[2m[WebServer] [22m  workEmail: [32m'financeemp1.work@example.com'[39m,
[2m[WebServer] [22m  roles: [ [32m'department employee'[39m ],
[2m[WebServer] [22m  permissions: [],
[2m[WebServer] [22m  primaryDepartmentId: [32m'6929e10799be1a7939a2e04e'[39m,
[2m[WebServer] [22m  employeeNumber: [32m'EMP-1027'[39m
[2m[WebServer] [22m}
[2m[WebServer] [22mNormalized user roles: [ [32m'department employee'[39m ]

[1A[2K[2m[WebServer] [22mNormalized required roles: [
[2m[WebServer] [22m  [32m'department employee'[39m,
[2m[WebServer] [22m  [32m'hr employee'[39m,
[2m[WebServer] [22m  [32m'department head'[39m,
[2m[WebServer] [22m  [32m'hr manager'[39m,
[2m[WebServer] [22m  [32m'hr admin'[39m,
[2m[WebServer] [22m  [32m'system admin'[39m
[2m[WebServer] [22m]
[2m[WebServer] [22mHas required role? [33mtrue[39m
[2m[WebServer] [22mΓ£ö ACCESS GRANTED Γ£ö

[1A[2K[2m[WebServer] [22m≡ƒöì [TrackingController] getMyBalances: {
[2m[WebServer] [22m  query: [Object: null prototype] {},
[2m[WebServer] [22m  userId: [32m'6929e329934d8e079e6f55bb'[39m
[2m[WebServer] [22m}

[1A[2K[2m[WebServer] [22m≡ƒöÑ JwtAuthGuard: canActivate CALLED

[1A[2K[2m[WebServer] [22m≡ƒöì JWT Extractor - All cookies: {
[2m[WebServer] [22m  accessToken: [32m'eyJhbGciOiJIUzI1NiIsInR5cCI6IkpXVCJ9.eyJzdWIiOiI2OTI5ZTMyOTkzNGQ4ZTA3OWU2ZjU1YmIiLCJ3b3JrRW1haWwiOiJmaW5hbmNlZW1wMS53b3JrQGV4YW1wbGUuY29tIiwicm9sZXMiOlsiZGVwYXJ0bWVudCBlbXBsb3llZSJdLCJwZXJtaXNzaW9ucyI6W10sInByaW1hcnlEZXBhcnRtZW50SWQiOiI2OTI5ZTEwNzk5YmUxYTc5MzlhMmUwNGUiLCJlbXBsb3llZU51bWJlciI6IkVNUC0xMDI3IiwiaWF0IjoxNzY1OTgxOTYzLCJleHAiOjE3NjYwNjgzNjN9.-67E8y16lTgeDv1XcyhJs_NykKXQnsW5rXIWw5sFY94'[39m
[2m[WebServer] [22m}
[2m[WebServer] [22m≡ƒöì JWT Extractor - Headers: accessToken=eyJhbGciOiJIUzI1NiIsInR5cCI6IkpXVCJ9.eyJzdWIiOiI2OTI5ZTMyOTkzNGQ4ZTA3OWU2ZjU1YmIiLCJ3b3JrRW1haWwiOiJmaW5hbmNlZW1wMS53b3JrQGV4YW1wbGUuY29tIiwicm9sZXMiOlsiZGVwYXJ0bWVudCBlbXBsb3llZSJdLCJwZXJtaXNzaW9ucyI6W10sInByaW1hcnlEZXBhcnRtZW50SWQiOiI2OTI5ZTEwNzk5YmUxYTc5MzlhMmUwNGUiLCJlbXBsb3llZU51bWJlciI6IkVNUC0xMDI3IiwiaWF0IjoxNzY1OTgxOTYzLCJleHAiOjE3NjYwNjgzNjN9.-67E8y16lTgeDv1XcyhJs_NykKXQnsW5rXIWw5sFY94
[2m[WebServer] [22m≡ƒöì JWT Extractor - accessToken: FOUND

[1A[2K[2m[WebServer] [22mJwtStrategy VALIDATE: {
[2m[WebServer] [22m  sub: [32m'6929e329934d8e079e6f55bb'[39m,
[2m[WebServer] [22m  workEmail: [32m'financeemp1.work@example.com'[39m,
[2m[WebServer] [22m  roles: [ [32m'department employee'[39m ],
[2m[WebServer] [22m  permissions: [],
[2m[WebServer] [22m  primaryDepartmentId: [32m'6929e10799be1a7939a2e04e'[39m,
[2m[WebServer] [22m  employeeNumber: [32m'EMP-1027'[39m,
[2m[WebServer] [22m  iat: [33m1765981963[39m,
[2m[WebServer] [22m  exp: [33m1766068363[39m
[2m[WebServer] [22m}

[1A[2K[2m[WebServer] [22m≡ƒöÑ JwtAuthGuard: handleRequest() {
[2m[WebServer] [22m  err: [1mnull[22m,
[2m[WebServer] [22m  user: {
[2m[WebServer] [22m    id: [32m'6929e329934d8e079e6f55bb'[39m,
[2m[WebServer] [22m    workEmail: [32m'financeemp1.work@example.com'[39m,
[2m[WebServer] [22m    roles: [ [32m'department employee'[39m ],
[2m[WebServer] [22m    permissions: [],
[2m[WebServer] [22m    primaryDepartmentId: [32m'6929e10799be1a7939a2e04e'[39m,
[2m[WebServer] [22m    employeeNumber: [32m'EMP-1027'[39m
[2m[WebServer] [22m  },
[2m[WebServer] [22m  info: [90mundefined[39m
[2m[WebServer] [22m}
[2m[WebServer] [22mΓ£à JwtAuthGuard SUCCESS ΓåÆ user authenticated: 6929e329934d8e079e6f55bb
[2m[WebServer] [22m≡ƒöÑ RolesGuard running!
[2m[WebServer] [22m
[2m[WebServer] [22m===== ROLE GUARD =====
[2m[WebServer] [22mRequired roles: [
[2m[WebServer] [22m  [32m'department employee'[39m,
[2m[WebServer] [22m  [32m'HR Employee'[39m,
[2m[WebServer] [22m  [32m'department head'[39m,
[2m[WebServer] [22m  [32m'HR Manager'[39m,
[2m[WebServer] [22m  [32m'HR Admin'[39m,
[2m[WebServer] [22m  [32m'System Admin'[39m
[2m[WebServer] [22m]
[2m[WebServer] [22mUser object: {
[2m[WebServer] [22m  id: [32m'6929e329934d8e079e6f55bb'[39m,
[2m[WebServer] [22m  workEmail: [32m'financeemp1.work@example.com'[39m,
[2m[WebServer] [22m  roles: [ [32m'department employee'[39m ],
[2m[WebServer] [22m  permissions: [],
[2m[WebServer] [22m  primaryDepartmentId: [32m'6929e10799be1a7939a2e04e'[39m,
[2m[WebServer] [22m  employeeNumber: [32m'EMP-1027'[39m
[2m[WebServer] [22m}
[2m[WebServer] [22mNormalized user roles: [ [32m'department employee'[39m ]
[2m[WebServer] [22mNormalized required roles: [
[2m[WebServer] [22m  [32m'department employee'[39m,
[2m[WebServer] [22m  [32m'hr employee'[39m,
[2m[WebServer] [22m  [32m'department head'[39m,
[2m[WebServer] [22m  [32m'hr manager'[39m,
[2m[WebServer] [22m  [32m'hr admin'[39m,
[2m[WebServer] [22m  [32m'system admin'[39m
[2m[WebServer] [22m]
[2m[WebServer] [22mHas required role? [33mtrue[39m
[2m[WebServer] [22mΓ£ö ACCESS GRANTED Γ£ö

[1A[2K[2m[WebServer] [22m≡ƒöì [TrackingController] getMyHistory: {
[2m[WebServer] [22m  filters: [Object: null prototype] {},
[2m[WebServer] [22m  userId: [32m'6929e329934d8e079e6f55bb'[39m
[2m[WebServer] [22m}

[1A[2K[2m[WebServer] [22m GET /leaves/my-leaves [32m200[39m in 63ms[2m (compile: 3ms, render: 60ms)[22m

[1A[2K[2m[WebServer] [22m≡ƒöÑ JwtAuthGuard: canActivate CALLED

[1A[2K[2m[WebServer] [22m≡ƒöì JWT Extractor - All cookies: {
[2m[WebServer] [22m  accessToken: [32m'eyJhbGciOiJIUzI1NiIsInR5cCI6IkpXVCJ9.eyJzdWIiOiI2OTI5ZTMyOTkzNGQ4ZTA3OWU2ZjU1YmIiLCJ3b3JrRW1haWwiOiJmaW5hbmNlZW1wMS53b3JrQGV4YW1wbGUuY29tIiwicm9sZXMiOlsiZGVwYXJ0bWVudCBlbXBsb3llZSJdLCJwZXJtaXNzaW9ucyI6W10sInByaW1hcnlEZXBhcnRtZW50SWQiOiI2OTI5ZTEwNzk5YmUxYTc5MzlhMmUwNGUiLCJlbXBsb3llZU51bWJlciI6IkVNUC0xMDI3IiwiaWF0IjoxNzY1OTgxOTYzLCJleHAiOjE3NjYwNjgzNjN9.-67E8y16lTgeDv1XcyhJs_NykKXQnsW5rXIWw5sFY94'[39m
[2m[WebServer] [22m}
[2m[WebServer] [22m≡ƒöì JWT Extractor - Headers: accessToken=eyJhbGciOiJIUzI1NiIsInR5cCI6IkpXVCJ9.eyJzdWIiOiI2OTI5ZTMyOTkzNGQ4ZTA3OWU2ZjU1YmIiLCJ3b3JrRW1haWwiOiJmaW5hbmNlZW1wMS53b3JrQGV4YW1wbGUuY29tIiwicm9sZXMiOlsiZGVwYXJ0bWVudCBlbXBsb3llZSJdLCJwZXJtaXNzaW9ucyI6W10sInByaW1hcnlEZXBhcnRtZW50SWQiOiI2OTI5ZTEwNzk5YmUxYTc5MzlhMmUwNGUiLCJlbXBsb3llZU51bWJlciI6IkVNUC0xMDI3IiwiaWF0IjoxNzY1OTgxOTYzLCJleHAiOjE3NjYwNjgzNjN9.-67E8y16lTgeDv1XcyhJs_NykKXQnsW5rXIWw5sFY94
[2m[WebServer] [22m≡ƒöì JWT Extractor - accessToken: FOUND

[1A[2K[2m[WebServer] [22mJwtStrategy VALIDATE: {
[2m[WebServer] [22m  sub: [32m'6929e329934d8e079e6f55bb'[39m,
[2m[WebServer] [22m  workEmail: [32m'financeemp1.work@example.com'[39m,
[2m[WebServer] [22m  roles: [ [32m'department employee'[39m ],
[2m[WebServer] [22m  permissions: [],
[2m[WebServer] [22m  primaryDepartmentId: [32m'6929e10799be1a7939a2e04e'[39m,
[2m[WebServer] [22m  employeeNumber: [32m'EMP-1027'[39m,
[2m[WebServer] [22m  iat: [33m1765981963[39m,
[2m[WebServer] [22m  exp: [33m1766068363[39m
[2m[WebServer] [22m}

[1A[2K[2m[WebServer] [22m≡ƒöÑ JwtAuthGuard: handleRequest() {
[2m[WebServer] [22m  err: [1mnull[22m,
[2m[WebServer] [22m  user: {
[2m[WebServer] [22m    id: [32m'6929e329934d8e079e6f55bb'[39m,
[2m[WebServer] [22m    workEmail: [32m'financeemp1.work@example.com'[39m,
[2m[WebServer] [22m    roles: [ [32m'department employee'[39m ],
[2m[WebServer] [22m    permissions: [],
[2m[WebServer] [22m    primaryDepartmentId: [32m'6929e10799be1a7939a2e04e'[39m,
[2m[WebServer] [22m    employeeNumber: [32m'EMP-1027'[39m
[2m[WebServer] [22m  },
[2m[WebServer] [22m  info: [90mundefined[39m
[2m[WebServer] [22m}
[2m[WebServer] [22mΓ£à JwtAuthGuard SUCCESS ΓåÆ user authenticated: 6929e329934d8e079e6f55bb

[1A[2K[2m[WebServer] [22m≡ƒöì [LeaveTypeController] findAll

[1A[2K[2m[WebServer] [22m≡ƒöÑ JwtAuthGuard: canActivate CALLED

[1A[2K[2m[WebServer] [22m≡ƒöì JWT Extractor - All cookies: {
[2m[WebServer] [22m  accessToken: [32m'eyJhbGciOiJIUzI1NiIsInR5cCI6IkpXVCJ9.eyJzdWIiOiI2OTI5ZTMyOTkzNGQ4ZTA3OWU2ZjU1YmIiLCJ3b3JrRW1haWwiOiJmaW5hbmNlZW1wMS53b3JrQGV4YW1wbGUuY29tIiwicm9sZXMiOlsiZGVwYXJ0bWVudCBlbXBsb3llZSJdLCJwZXJtaXNzaW9ucyI6W10sInByaW1hcnlEZXBhcnRtZW50SWQiOiI2OTI5ZTEwNzk5YmUxYTc5MzlhMmUwNGUiLCJlbXBsb3llZU51bWJlciI6IkVNUC0xMDI3IiwiaWF0IjoxNzY1OTgxOTYzLCJleHAiOjE3NjYwNjgzNjN9.-67E8y16lTgeDv1XcyhJs_NykKXQnsW5rXIWw5sFY94'[39m
[2m[WebServer] [22m}

[1A[2K[2m[WebServer] [22m≡ƒöì JWT Extractor - Headers: accessToken=eyJhbGciOiJIUzI1NiIsInR5cCI6IkpXVCJ9.eyJzdWIiOiI2OTI5ZTMyOTkzNGQ4ZTA3OWU2ZjU1YmIiLCJ3b3JrRW1haWwiOiJmaW5hbmNlZW1wMS53b3JrQGV4YW1wbGUuY29tIiwicm9sZXMiOlsiZGVwYXJ0bWVudCBlbXBsb3llZSJdLCJwZXJtaXNzaW9ucyI6W10sInByaW1hcnlEZXBhcnRtZW50SWQiOiI2OTI5ZTEwNzk5YmUxYTc5MzlhMmUwNGUiLCJlbXBsb3llZU51bWJlciI6IkVNUC0xMDI3IiwiaWF0IjoxNzY1OTgxOTYzLCJleHAiOjE3NjYwNjgzNjN9.-67E8y16lTgeDv1XcyhJs_NykKXQnsW5rXIWw5sFY94
[2m[WebServer] [22m≡ƒöì JWT Extractor - accessToken: FOUND

[1A[2K[2m[WebServer] [22mJwtStrategy VALIDATE: {
[2m[WebServer] [22m  sub: [32m'6929e329934d8e079e6f55bb'[39m,
[2m[WebServer] [22m  workEmail: [32m'financeemp1.work@example.com'[39m,
[2m[WebServer] [22m  roles: [ [32m'department employee'[39m ],
[2m[WebServer] [22m  permissions: [],
[2m[WebServer] [22m  primaryDepartmentId: [32m'6929e10799be1a7939a2e04e'[39m,
[2m[WebServer] [22m  employeeNumber: [32m'EMP-1027'[39m,
[2m[WebServer] [22m  iat: [33m1765981963[39m,
[2m[WebServer] [22m  exp: [33m1766068363[39m
[2m[WebServer] [22m}

[1A[2K[2m[WebServer] [22m≡ƒöÑ JwtAuthGuard: handleRequest() {
[2m[WebServer] [22m  err: [1mnull[22m,
[2m[WebServer] [22m  user: {
[2m[WebServer] [22m    id: [32m'6929e329934d8e079e6f55bb'[39m,
[2m[WebServer] [22m    workEmail: [32m'financeemp1.work@example.com'[39m,
[2m[WebServer] [22m    roles: [ [32m'department employee'[39m ],
[2m[WebServer] [22m    permissions: [],
[2m[WebServer] [22m    primaryDepartmentId: [32m'6929e10799be1a7939a2e04e'[39m,
[2m[WebServer] [22m    employeeNumber: [32m'EMP-1027'[39m
[2m[WebServer] [22m  },
[2m[WebServer] [22m  info: [90mundefined[39m
[2m[WebServer] [22m}
[2m[WebServer] [22mΓ£à JwtAuthGuard SUCCESS ΓåÆ user authenticated: 6929e329934d8e079e6f55bb
[2m[WebServer] [22m≡ƒöÑ RolesGuard running!
[2m[WebServer] [22m
[2m[WebServer] [22m===== ROLE GUARD =====
[2m[WebServer] [22mRequired roles: [
[2m[WebServer] [22m  [32m'department employee'[39m,
[2m[WebServer] [22m  [32m'HR Employee'[39m,
[2m[WebServer] [22m  [32m'department head'[39m,
[2m[WebServer] [22m  [32m'HR Manager'[39m,
[2m[WebServer] [22m  [32m'HR Admin'[39m,
[2m[WebServer] [22m  [32m'System Admin'[39m
[2m[WebServer] [22m]

[1A[2K[2m[WebServer] [22mUser object: {
[2m[WebServer] [22m  id: [32m'6929e329934d8e079e6f55bb'[39m,
[2m[WebServer] [22m  workEmail: [32m'financeemp1.work@example.com'[39m,
[2m[WebServer] [22m  roles: [ [32m'department employee'[39m ],
[2m[WebServer] [22m  permissions: [],
[2m[WebServer] [22m  primaryDepartmentId: [32m'6929e10799be1a7939a2e04e'[39m,
[2m[WebServer] [22m  employeeNumber: [32m'EMP-1027'[39m
[2m[WebServer] [22m}
[2m[WebServer] [22mNormalized user roles: [ [32m'department employee'[39m ]
[2m[WebServer] [22mNormalized required roles: [
[2m[WebServer] [22m  [32m'department employee'[39m,
[2m[WebServer] [22m  [32m'hr employee'[39m,
[2m[WebServer] [22m  [32m'department head'[39m,
[2m[WebServer] [22m  [32m'hr manager'[39m,
[2m[WebServer] [22m  [32m'hr admin'[39m,
[2m[WebServer] [22m  [32m'system admin'[39m
[2m[WebServer] [22m]
[2m[WebServer] [22mHas required role? [33mtrue[39m

[1A[2K[2m[WebServer] [22mΓ£ö ACCESS GRANTED Γ£ö

[1A[2K[2m[WebServer] [22m≡ƒöì [TrackingController] getMyBalances: {
[2m[WebServer] [22m  query: [Object: null prototype] {},
[2m[WebServer] [22m  userId: [32m'6929e329934d8e079e6f55bb'[39m
[2m[WebServer] [22m}

[1A[2K[2m[WebServer] [22m≡ƒöÑ JwtAuthGuard: canActivate CALLED

[1A[2K[2m[WebServer] [22m≡ƒöì JWT Extractor - All cookies: {
[2m[WebServer] [22m  accessToken: [32m'eyJhbGciOiJIUzI1NiIsInR5cCI6IkpXVCJ9.eyJzdWIiOiI2OTI5ZTMyOTkzNGQ4ZTA3OWU2ZjU1YmIiLCJ3b3JrRW1haWwiOiJmaW5hbmNlZW1wMS53b3JrQGV4YW1wbGUuY29tIiwicm9sZXMiOlsiZGVwYXJ0bWVudCBlbXBsb3llZSJdLCJwZXJtaXNzaW9ucyI6W10sInByaW1hcnlEZXBhcnRtZW50SWQiOiI2OTI5ZTEwNzk5YmUxYTc5MzlhMmUwNGUiLCJlbXBsb3llZU51bWJlciI6IkVNUC0xMDI3IiwiaWF0IjoxNzY1OTgxOTYzLCJleHAiOjE3NjYwNjgzNjN9.-67E8y16lTgeDv1XcyhJs_NykKXQnsW5rXIWw5sFY94'[39m
[2m[WebServer] [22m}
[2m[WebServer] [22m≡ƒöì JWT Extractor - Headers: accessToken=eyJhbGciOiJIUzI1NiIsInR5cCI6IkpXVCJ9.eyJzdWIiOiI2OTI5ZTMyOTkzNGQ4ZTA3OWU2ZjU1YmIiLCJ3b3JrRW1haWwiOiJmaW5hbmNlZW1wMS53b3JrQGV4YW1wbGUuY29tIiwicm9sZXMiOlsiZGVwYXJ0bWVudCBlbXBsb3llZSJdLCJwZXJtaXNzaW9ucyI6W10sInByaW1hcnlEZXBhcnRtZW50SWQiOiI2OTI5ZTEwNzk5YmUxYTc5MzlhMmUwNGUiLCJlbXBsb3llZU51bWJlciI6IkVNUC0xMDI3IiwiaWF0IjoxNzY1OTgxOTYzLCJleHAiOjE3NjYwNjgzNjN9.-67E8y16lTgeDv1XcyhJs_NykKXQnsW5rXIWw5sFY94
[2m[WebServer] [22m≡ƒöì JWT Extractor - accessToken: FOUND

[1A[2K[2m[WebServer] [22mJwtStrategy VALIDATE: {
[2m[WebServer] [22m  sub: [32m'6929e329934d8e079e6f55bb'[39m,
[2m[WebServer] [22m  workEmail: [32m'financeemp1.work@example.com'[39m,
[2m[WebServer] [22m  roles: [ [32m'department employee'[39m ],
[2m[WebServer] [22m  permissions: [],
[2m[WebServer] [22m  primaryDepartmentId: [32m'6929e10799be1a7939a2e04e'[39m,
[2m[WebServer] [22m  employeeNumber: [32m'EMP-1027'[39m,
[2m[WebServer] [22m  iat: [33m1765981963[39m,
[2m[WebServer] [22m  exp: [33m1766068363[39m
[2m[WebServer] [22m}

[1A[2K[2m[WebServer] [22m≡ƒöÑ JwtAuthGuard: handleRequest() {
[2m[WebServer] [22m  err: [1mnull[22m,
[2m[WebServer] [22m  user: {
[2m[WebServer] [22m    id: [32m'6929e329934d8e079e6f55bb'[39m,
[2m[WebServer] [22m    workEmail: [32m'financeemp1.work@example.com'[39m,
[2m[WebServer] [22m    roles: [ [32m'department employee'[39m ],
[2m[WebServer] [22m    permissions: [],
[2m[WebServer] [22m    primaryDepartmentId: [32m'6929e10799be1a7939a2e04e'[39m,
[2m[WebServer] [22m    employeeNumber: [32m'EMP-1027'[39m
[2m[WebServer] [22m  },
[2m[WebServer] [22m  info: [90mundefined[39m
[2m[WebServer] [22m}
[2m[WebServer] [22mΓ£à JwtAuthGuard SUCCESS ΓåÆ user authenticated: 6929e329934d8e079e6f55bb
[2m[WebServer] [22m≡ƒöÑ RolesGuard running!
[2m[WebServer] [22m
[2m[WebServer] [22m===== ROLE GUARD =====
[2m[WebServer] [22mRequired roles: [
[2m[WebServer] [22m  [32m'department employee'[39m,
[2m[WebServer] [22m  [32m'HR Employee'[39m,
[2m[WebServer] [22m  [32m'department head'[39m,
[2m[WebServer] [22m  [32m'HR Manager'[39m,
[2m[WebServer] [22m  [32m'HR Admin'[39m,
[2m[WebServer] [22m  [32m'System Admin'[39m
[2m[WebServer] [22m]

[1A[2K[2m[WebServer] [22mUser object: {
[2m[WebServer] [22m  id: [32m'6929e329934d8e079e6f55bb'[39m,
[2m[WebServer] [22m  workEmail: [32m'financeemp1.work@example.com'[39m,
[2m[WebServer] [22m  roles: [ [32m'department employee'[39m ],
[2m[WebServer] [22m  permissions: [],
[2m[WebServer] [22m  primaryDepartmentId: [32m'6929e10799be1a7939a2e04e'[39m,
[2m[WebServer] [22m  employeeNumber: [32m'EMP-1027'[39m
[2m[WebServer] [22m}
[2m[WebServer] [22mNormalized user roles: [ [32m'department employee'[39m ]
[2m[WebServer] [22mNormalized required roles: [
[2m[WebServer] [22m  [32m'department employee'[39m,
[2m[WebServer] [22m  [32m'hr employee'[39m,
[2m[WebServer] [22m  [32m'department head'[39m,
[2m[WebServer] [22m  [32m'hr manager'[39m,
[2m[WebServer] [22m  [32m'hr admin'[39m,
[2m[WebServer] [22m  [32m'system admin'[39m
[2m[WebServer] [22m]
[2m[WebServer] [22mHas required role? [33mtrue[39m
[2m[WebServer] [22mΓ£ö ACCESS GRANTED Γ£ö

[1A[2K[2m[WebServer] [22m≡ƒöì [RequestsController] getMyRequests: { userId: [90mundefined[39m }

[1A[2K
================================================================================

[1A[2K≡ƒÄë ALL LEAVE MANAGEMENT TESTS COMPLETED

[1A[2K================================================================================

[1A[2KΓ£à Employee 1 (EMP-1026): All scenarios tested

[1A[2KΓ£à Employee 2 (EMP-1027): Low balance scenarios tested

[1A[2KΓ£à Manager (EMP-1025): Approval workflows tested

[1A[2KΓ£à HR (EMP-1019): System-wide management tested

[1A[2K================================================================================


[1A[2K  11) [chromium] ΓÇ║ leave-tests.spec.ts:659:7 ΓÇ║ ≡ƒæ⌐ EMPLOYEE 2 (EMP-1027 - Finance) - Low Balance Scenarios ΓÇ║ Γ£à J1-J3: View low balance (only 5 days available) 

    Error: [2mexpect([22m[31mlocator[39m[2m).[22mtoBeVisible[2m([22m[2m)[22m failed

    Locator: locator('text=Annual Leave')
    Expected: visible
    Timeout: 5000ms
    Error: element(s) not found

    Call log:
    [2m  - Expect "toBeVisible" with timeout 5000ms[22m
    [2m  - waiting for locator('text=Annual Leave')[22m


      663 |     
      664 |     // Should show only 5 days available for Annual Leave
    > 665 |     await expect(page.locator('text=Annual Leave')).toBeVisible();
          |                                                     ^
      666 |     await expect(page.locator('text=/5.*available/i, text=/Available.*5/i')).toBeVisible({ timeout: 5000 });
      667 |     
      668 |     console.log('Γ£à Low balance display passed');
        at C:\Users\Bedon\Desktop\semester-5-software-project\leave-tests.spec.ts:665:53

    attachment #1: screenshot (image/png) ΓöÇΓöÇΓöÇΓöÇΓöÇΓöÇΓöÇΓöÇΓöÇΓöÇΓöÇΓöÇΓöÇΓöÇΓöÇΓöÇΓöÇΓöÇΓöÇΓöÇΓöÇΓöÇΓöÇΓöÇΓöÇΓöÇΓöÇΓöÇΓöÇΓöÇΓöÇΓöÇΓöÇΓöÇΓöÇΓöÇΓöÇΓöÇΓöÇΓöÇΓöÇΓöÇΓöÇΓöÇΓöÇΓöÇΓöÇΓöÇΓöÇΓöÇΓöÇΓöÇΓöÇΓöÇΓöÇΓöÇΓöÇΓöÇ
    test-results\leave-tests-≡ƒæ⌐-EMPLOYEE-2--c630c-ance-only-5-days-available--chromium\test-failed-1.png
    ΓöÇΓöÇΓöÇΓöÇΓöÇΓöÇΓöÇΓöÇΓöÇΓöÇΓöÇΓöÇΓöÇΓöÇΓöÇΓöÇΓöÇΓöÇΓöÇΓöÇΓöÇΓöÇΓöÇΓöÇΓöÇΓöÇΓöÇΓöÇΓöÇΓöÇΓöÇΓöÇΓöÇΓöÇΓöÇΓöÇΓöÇΓöÇΓöÇΓöÇΓöÇΓöÇΓöÇΓöÇΓöÇΓöÇΓöÇΓöÇΓöÇΓöÇΓöÇΓöÇΓöÇΓöÇΓöÇΓöÇΓöÇΓöÇΓöÇΓöÇΓöÇΓöÇΓöÇΓöÇΓöÇΓöÇΓöÇΓöÇΓöÇΓöÇΓöÇΓöÇΓöÇΓöÇΓöÇΓöÇΓöÇΓöÇΓöÇΓöÇΓöÇΓöÇΓöÇΓöÇΓöÇΓöÇΓöÇΓöÇΓöÇΓöÇΓöÇΓöÇΓöÇΓöÇΓöÇΓöÇ

    attachment #2: video (video/webm) ΓöÇΓöÇΓöÇΓöÇΓöÇΓöÇΓöÇΓöÇΓöÇΓöÇΓöÇΓöÇΓöÇΓöÇΓöÇΓöÇΓöÇΓöÇΓöÇΓöÇΓöÇΓöÇΓöÇΓöÇΓöÇΓöÇΓöÇΓöÇΓöÇΓöÇΓöÇΓöÇΓöÇΓöÇΓöÇΓöÇΓöÇΓöÇΓöÇΓöÇΓöÇΓöÇΓöÇΓöÇΓöÇΓöÇΓöÇΓöÇΓöÇΓöÇΓöÇΓöÇΓöÇΓöÇΓöÇΓöÇΓöÇΓöÇΓöÇΓöÇΓöÇΓöÇ
    test-results\leave-tests-≡ƒæ⌐-EMPLOYEE-2--c630c-ance-only-5-days-available--chromium\video.webm
    ΓöÇΓöÇΓöÇΓöÇΓöÇΓöÇΓöÇΓöÇΓöÇΓöÇΓöÇΓöÇΓöÇΓöÇΓöÇΓöÇΓöÇΓöÇΓöÇΓöÇΓöÇΓöÇΓöÇΓöÇΓöÇΓöÇΓöÇΓöÇΓöÇΓöÇΓöÇΓöÇΓöÇΓöÇΓöÇΓöÇΓöÇΓöÇΓöÇΓöÇΓöÇΓöÇΓöÇΓöÇΓöÇΓöÇΓöÇΓöÇΓöÇΓöÇΓöÇΓöÇΓöÇΓöÇΓöÇΓöÇΓöÇΓöÇΓöÇΓöÇΓöÇΓöÇΓöÇΓöÇΓöÇΓöÇΓöÇΓöÇΓöÇΓöÇΓöÇΓöÇΓöÇΓöÇΓöÇΓöÇΓöÇΓöÇΓöÇΓöÇΓöÇΓöÇΓöÇΓöÇΓöÇΓöÇΓöÇΓöÇΓöÇΓöÇΓöÇΓöÇΓöÇΓöÇΓöÇΓöÇ

    Error Context: test-results\leave-tests-≡ƒæ⌐-EMPLOYEE-2--c630c-ance-only-5-days-available--chromium\error-context.md


[1A[2K[18/35] [chromium] ΓÇ║ leave-tests.spec.ts:671:7 ΓÇ║ ≡ƒæ⌐ EMPLOYEE 2 (EMP-1027 - Finance) - Low Balance Scenarios ΓÇ║ Γ£à J4-J7: Unpaid leave conversion
[1A[2K[chromium] ΓÇ║ leave-tests.spec.ts:671:7 ΓÇ║ ≡ƒæ⌐ EMPLOYEE 2 (EMP-1027 - Finance) - Low Balance Scenarios ΓÇ║ Γ£à J4-J7: Unpaid leave conversion
≡ƒöÉ Logging in as: financeemp1.work@example.com

[1A[2K[2m[WebServer] [22m GET /login [32m200[39m in 41ms[2m (compile: 3ms, render: 38ms)[22m

[1A[2K[2m[WebServer] [22m≡ƒöÑ JwtAuthGuard: canActivate CALLED

[1A[2K[2m[WebServer] [22m≡ƒöì JWT Extractor - All cookies: [Object: null prototype] {}
[2m[WebServer] [22m≡ƒöì JWT Extractor - Headers: [90mundefined[39m
[2m[WebServer] [22m≡ƒöì JWT Extractor - accessToken: NOT FOUND

[1A[2K[2m[WebServer] [22m≡ƒöÑ JwtAuthGuard: handleRequest() {
[2m[WebServer] [22m  err: [1mnull[22m,
[2m[WebServer] [22m  user: [33mfalse[39m,
[2m[WebServer] [22m  info: Error: No auth token
[2m[WebServer] [22m      at JwtStrategy.authenticate [90m(C:\Users\Bedon\Desktop\semester-5-software-project\backend\[39mnode_modules\[4mpassport-jwt[24m\lib\strategy.js:96:26[90m)[39m
[2m[WebServer] [22m      at attempt [90m(C:\Users\Bedon\Desktop\semester-5-software-project\backend\[39mnode_modules\[4mpassport[24m\lib\middleware\authenticate.js:378:16[90m)[39m
[2m[WebServer] [22m      at authenticate [90m(C:\Users\Bedon\Desktop\semester-5-software-project\backend\[39mnode_modules\[4mpassport[24m\lib\middleware\authenticate.js:379:7[90m)[39m
[2m[WebServer] [22m      at [90mC:\Users\Bedon\Desktop\semester-5-software-project\backend\[39mnode_modules\[4m@nestjs[24m\passport\dist\auth.guard.js:88:3
[2m[WebServer] [22m      at new Promise (<anonymous>)
[2m[WebServer] [22m      at [90mC:\Users\Bedon\Desktop\semester-5-software-project\backend\[39mnode_modules\[4m@nestjs[24m\passport\dist\auth.guard.js:80:83
[2m[WebServer] [22m      at JwtAuthGuard.canActivate [90m(C:\Users\Bedon\Desktop\semester-5-software-project\backend\[39mnode_modules\[4m@nestjs[24m\passport\dist\auth.guard.js:44:32[90m)[39m
[2m[WebServer] [22m  [90m    at process.processTicksAndRejections (node:internal/process/task_queues:105:5)[39m
[2m[WebServer] [22m}


[1A[2K[2m[WebServer] [22mΓ¥î JwtAuthGuard INFO: Error: No auth token
[2m[WebServer] [22m    at JwtStrategy.authenticate 
[90m(C:\Users\Bedon\Desktop\semester-5-software-project\backend\[39mnode_modules\[4mpassport-jwt[24m\lib\strategy.js:96:26[90m)[39m
[2m[WebServer] [22m    at attempt 
[90m(C:\Users\Bedon\Desktop\semester-5-software-project\backend\[39mnode_modules\[4mpassport[24m\lib\middleware\authenticate.js:378:16[90m)[39m
[2m[WebServer] [22m    at authenticate 
[90m(C:\Users\Bedon\Desktop\semester-5-software-project\backend\[39mnode_modules\[4mpassport[24m\lib\middleware\authenticate.js:379:7[90m)[39m
[2m[WebServer] [22m    at [90mC:\Users\Bedon\Desktop\semester-5-software-project\backend\[39mnode_modules\[4m@nestjs[24m\passport\dist\auth.guard.js:88:3
[2m[WebServer] [22m    at new Promise (<anonymous>)
[2m[WebServer] [22m    at 
[90mC:\Users\Bedon\Desktop\semester-5-software-project\backend\[39mnode_modules\[4m@nestjs[24m\passport\dist\auth.guard.js:80:83
[2m[WebServer] [22m    at JwtAuthGuard.canActivate 
[90m(C:\Users\Bedon\Desktop\semester-5-software-project\backend\[39mnode_modules\[4m@nestjs[24m\passport\dist\auth.guard.js:44:32[90m)[39m
[2m[WebServer] [22m[90m    at process.processTicksAndRejections (node:internal/process/task_queues:105:5)[39m
[1A[2K[2m[WebServer] [22mΓ¥î JwtAuthGuard FAILING ΓåÆ No auth token

[1A[2K[2m[WebServer] [22mVALIDATE EMPLOYEE - systemRole = {
[2m[WebServer] [22m  _id: new ObjectId([32m'6929e329934d8e079e6f55bd'[39m),
[2m[WebServer] [22m  employeeProfileId: new ObjectId([32m'6929e329934d8e079e6f55bb'[39m),
[2m[WebServer] [22m  roles: [ [32m'department employee'[39m ],
[2m[WebServer] [22m  permissions: [],
[2m[WebServer] [22m  isActive: [33mtrue[39m,
[2m[WebServer] [22m  createdAt: [35m2025-11-28T18:00:09.867Z[39m,
[2m[WebServer] [22m  updatedAt: [35m2025-11-28T18:00:09.867Z[39m,
[2m[WebServer] [22m  __v: [33m0[39m
[2m[WebServer] [22m}

[1A[2K[2m[WebServer] [22mGenerated token: eyJhbGciOiJIUzI1NiIsInR5cCI6IkpXVCJ9.eyJzdWIiOiI2OTI5ZTMyOTkzNGQ4ZTA3OWU2ZjU1YmIiLCJ3b3JrRW1haWwiOiJmaW5hbmNlZW1wMS53b3JrQGV4YW1wbGUuY29tIiwicm9sZXMiOlsiZGVwYXJ0bWVudCBlbXBsb3llZSJdLCJwZXJtaXNzaW9ucyI6W10sInByaW1hcnlEZXBhcnRtZW50SWQiOiI2OTI5ZTEwNzk5YmUxYTc5MzlhMmUwNGUiLCJlbXBsb3llZU51bWJlciI6IkVNUC0xMDI3IiwiaWF0IjoxNzY1OTgxOTcwLCJleHAiOjE3NjYwNjgzNzB9.hkSrYYKn55p8OYBwgixCNenxLKUY6UnBIY6XhlXwyPM

[1A[2K[2m[WebServer] [22m GET /leaves [32m200[39m in 19ms[2m (compile: 3ms, render: 16ms)[22m

[1A[2KΓ£à Login successful

[1A[2K≡ƒÆ╕ Testing Unpaid Leave Conversion

[1A[2K[2m[WebServer] [22m≡ƒöÑ JwtAuthGuard: canActivate CALLED

[1A[2K[2m[WebServer] [22m≡ƒöì JWT Extractor - All cookies: {
[2m[WebServer] [22m  accessToken: [32m'eyJhbGciOiJIUzI1NiIsInR5cCI6IkpXVCJ9.eyJzdWIiOiI2OTI5ZTMyOTkzNGQ4ZTA3OWU2ZjU1YmIiLCJ3b3JrRW1haWwiOiJmaW5hbmNlZW1wMS53b3JrQGV4YW1wbGUuY29tIiwicm9sZXMiOlsiZGVwYXJ0bWVudCBlbXBsb3llZSJdLCJwZXJtaXNzaW9ucyI6W10sInByaW1hcnlEZXBhcnRtZW50SWQiOiI2OTI5ZTEwNzk5YmUxYTc5MzlhMmUwNGUiLCJlbXBsb3llZU51bWJlciI6IkVNUC0xMDI3IiwiaWF0IjoxNzY1OTgxOTcwLCJleHAiOjE3NjYwNjgzNzB9.hkSrYYKn55p8OYBwgixCNenxLKUY6UnBIY6XhlXwyPM'[39m
[2m[WebServer] [22m}
[2m[WebServer] [22m≡ƒöì JWT Extractor - Headers: accessToken=eyJhbGciOiJIUzI1NiIsInR5cCI6IkpXVCJ9.eyJzdWIiOiI2OTI5ZTMyOTkzNGQ4ZTA3OWU2ZjU1YmIiLCJ3b3JrRW1haWwiOiJmaW5hbmNlZW1wMS53b3JrQGV4YW1wbGUuY29tIiwicm9sZXMiOlsiZGVwYXJ0bWVudCBlbXBsb3llZSJdLCJwZXJtaXNzaW9ucyI6W10sInByaW1hcnlEZXBhcnRtZW50SWQiOiI2OTI5ZTEwNzk5YmUxYTc5MzlhMmUwNGUiLCJlbXBsb3llZU51bWJlciI6IkVNUC0xMDI3IiwiaWF0IjoxNzY1OTgxOTcwLCJleHAiOjE3NjYwNjgzNzB9.hkSrYYKn55p8OYBwgixCNenxLKUY6UnBIY6XhlXwyPM
[2m[WebServer] [22m≡ƒöì JWT Extractor - accessToken: FOUND

[1A[2K[2m[WebServer] [22mJwtStrategy VALIDATE: {
[2m[WebServer] [22m  sub: [32m'6929e329934d8e079e6f55bb'[39m,
[2m[WebServer] [22m  workEmail: [32m'financeemp1.work@example.com'[39m,
[2m[WebServer] [22m  roles: [ [32m'department employee'[39m ],
[2m[WebServer] [22m  permissions: [],
[2m[WebServer] [22m  primaryDepartmentId: [32m'6929e10799be1a7939a2e04e'[39m,
[2m[WebServer] [22m  employeeNumber: [32m'EMP-1027'[39m,
[2m[WebServer] [22m  iat: [33m1765981970[39m,
[2m[WebServer] [22m  exp: [33m1766068370[39m
[2m[WebServer] [22m}

[1A[2K[2m[WebServer] [22m≡ƒöÑ JwtAuthGuard: handleRequest() {
[2m[WebServer] [22m  err: [1mnull[22m,
[2m[WebServer] [22m  user: {
[2m[WebServer] [22m    id: [32m'6929e329934d8e079e6f55bb'[39m,
[2m[WebServer] [22m    workEmail: [32m'financeemp1.work@example.com'[39m,
[2m[WebServer] [22m    roles: [ [32m'department employee'[39m ],
[2m[WebServer] [22m    permissions: [],
[2m[WebServer] [22m    primaryDepartmentId: [32m'6929e10799be1a7939a2e04e'[39m,
[2m[WebServer] [22m    employeeNumber: [32m'EMP-1027'[39m
[2m[WebServer] [22m  },
[2m[WebServer] [22m  info: [90mundefined[39m
[2m[WebServer] [22m}
[2m[WebServer] [22mΓ£à JwtAuthGuard SUCCESS ΓåÆ user authenticated: 6929e329934d8e079e6f55bb
[2m[WebServer] [22m≡ƒöÑ RolesGuard running!

[1A[2K[2m[WebServer] [22m
[2m[WebServer] [22m===== ROLE GUARD =====
[2m[WebServer] [22mRequired roles: [
[2m[WebServer] [22m  [32m'department employee'[39m,
[2m[WebServer] [22m  [32m'HR Employee'[39m,
[2m[WebServer] [22m  [32m'department head'[39m,
[2m[WebServer] [22m  [32m'HR Manager'[39m,
[2m[WebServer] [22m  [32m'HR Admin'[39m,
[2m[WebServer] [22m  [32m'System Admin'[39m
[2m[WebServer] [22m]

[1A[2K[2m[WebServer] [22mUser object: {
[2m[WebServer] [22m  id: [32m'6929e329934d8e079e6f55bb'[39m,
[2m[WebServer] [22m  workEmail: [32m'financeemp1.work@example.com'[39m,
[2m[WebServer] [22m  roles: [ [32m'department employee'[39m ],
[2m[WebServer] [22m  permissions: [],
[2m[WebServer] [22m  primaryDepartmentId: [32m'6929e10799be1a7939a2e04e'[39m,
[2m[WebServer] [22m  employeeNumber: [32m'EMP-1027'[39m
[2m[WebServer] [22m}

[1A[2K[2m[WebServer] [22mNormalized user roles: [ [32m'department employee'[39m ]

[1A[2K[2m[WebServer] [22mNormalized required roles: [
[2m[WebServer] [22m  [32m'department employee'[39m,
[2m[WebServer] [22m  [32m'hr employee'[39m,
[2m[WebServer] [22m  [32m'department head'[39m,
[2m[WebServer] [22m  [32m'hr manager'[39m,
[2m[WebServer] [22m  [32m'hr admin'[39m,
[2m[WebServer] [22m  [32m'system admin'[39m
[2m[WebServer] [22m]
[2m[WebServer] [22mHas required role? [33mtrue[39m
[2m[WebServer] [22mΓ£ö ACCESS GRANTED Γ£ö

[1A[2K[2m[WebServer] [22m≡ƒöì [TrackingController] getMyBalances: {
[2m[WebServer] [22m  query: [Object: null prototype] {},
[2m[WebServer] [22m  userId: [32m'6929e329934d8e079e6f55bb'[39m
[2m[WebServer] [22m}

[1A[2K[2m[WebServer] [22m≡ƒöÑ JwtAuthGuard: canActivate CALLED

[1A[2K[2m[WebServer] [22m≡ƒöì JWT Extractor - All cookies: {
[2m[WebServer] [22m  accessToken: [32m'eyJhbGciOiJIUzI1NiIsInR5cCI6IkpXVCJ9.eyJzdWIiOiI2OTI5ZTMyOTkzNGQ4ZTA3OWU2ZjU1YmIiLCJ3b3JrRW1haWwiOiJmaW5hbmNlZW1wMS53b3JrQGV4YW1wbGUuY29tIiwicm9sZXMiOlsiZGVwYXJ0bWVudCBlbXBsb3llZSJdLCJwZXJtaXNzaW9ucyI6W10sInByaW1hcnlEZXBhcnRtZW50SWQiOiI2OTI5ZTEwNzk5YmUxYTc5MzlhMmUwNGUiLCJlbXBsb3llZU51bWJlciI6IkVNUC0xMDI3IiwiaWF0IjoxNzY1OTgxOTcwLCJleHAiOjE3NjYwNjgzNzB9.hkSrYYKn55p8OYBwgixCNenxLKUY6UnBIY6XhlXwyPM'[39m
[2m[WebServer] [22m}
[2m[WebServer] [22m≡ƒöì JWT Extractor - Headers: accessToken=eyJhbGciOiJIUzI1NiIsInR5cCI6IkpXVCJ9.eyJzdWIiOiI2OTI5ZTMyOTkzNGQ4ZTA3OWU2ZjU1YmIiLCJ3b3JrRW1haWwiOiJmaW5hbmNlZW1wMS53b3JrQGV4YW1wbGUuY29tIiwicm9sZXMiOlsiZGVwYXJ0bWVudCBlbXBsb3llZSJdLCJwZXJtaXNzaW9ucyI6W10sInByaW1hcnlEZXBhcnRtZW50SWQiOiI2OTI5ZTEwNzk5YmUxYTc5MzlhMmUwNGUiLCJlbXBsb3llZU51bWJlciI6IkVNUC0xMDI3IiwiaWF0IjoxNzY1OTgxOTcwLCJleHAiOjE3NjYwNjgzNzB9.hkSrYYKn55p8OYBwgixCNenxLKUY6UnBIY6XhlXwyPM

[1A[2K[2m[WebServer] [22m≡ƒöì JWT Extractor - accessToken: FOUND

[1A[2K[2m[WebServer] [22mJwtStrategy VALIDATE: {
[2m[WebServer] [22m  sub: [32m'6929e329934d8e079e6f55bb'[39m,
[2m[WebServer] [22m  workEmail: [32m'financeemp1.work@example.com'[39m,
[2m[WebServer] [22m  roles: [ [32m'department employee'[39m ],
[2m[WebServer] [22m  permissions: [],
[2m[WebServer] [22m  primaryDepartmentId: [32m'6929e10799be1a7939a2e04e'[39m,
[2m[WebServer] [22m  employeeNumber: [32m'EMP-1027'[39m,
[2m[WebServer] [22m  iat: [33m1765981970[39m,
[2m[WebServer] [22m  exp: [33m1766068370[39m
[2m[WebServer] [22m}

[1A[2K[2m[WebServer] [22m≡ƒöÑ JwtAuthGuard: handleRequest() {
[2m[WebServer] [22m  err: [1mnull[22m,
[2m[WebServer] [22m  user: {
[2m[WebServer] [22m    id: [32m'6929e329934d8e079e6f55bb'[39m,
[2m[WebServer] [22m    workEmail: [32m'financeemp1.work@example.com'[39m,
[2m[WebServer] [22m    roles: [ [32m'department employee'[39m ],
[2m[WebServer] [22m    permissions: [],
[2m[WebServer] [22m    primaryDepartmentId: [32m'6929e10799be1a7939a2e04e'[39m,
[2m[WebServer] [22m    employeeNumber: [32m'EMP-1027'[39m
[2m[WebServer] [22m  },
[2m[WebServer] [22m  info: [90mundefined[39m
[2m[WebServer] [22m}
[2m[WebServer] [22mΓ£à JwtAuthGuard SUCCESS ΓåÆ user authenticated: 6929e329934d8e079e6f55bb

[1A[2K[2m[WebServer] [22m≡ƒöÑ RolesGuard running!
[2m[WebServer] [22m
[2m[WebServer] [22m===== ROLE GUARD =====
[2m[WebServer] [22mRequired roles: [
[2m[WebServer] [22m  [32m'department employee'[39m,
[2m[WebServer] [22m  [32m'HR Employee'[39m,
[2m[WebServer] [22m  [32m'department head'[39m,
[2m[WebServer] [22m  [32m'HR Manager'[39m,
[2m[WebServer] [22m  [32m'HR Admin'[39m,
[2m[WebServer] [22m  [32m'System Admin'[39m
[2m[WebServer] [22m]

[1A[2K[2m[WebServer] [22mUser object: {
[2m[WebServer] [22m  id: [32m'6929e329934d8e079e6f55bb'[39m,
[2m[WebServer] [22m  workEmail: [32m'financeemp1.work@example.com'[39m,
[2m[WebServer] [22m  roles: [ [32m'department employee'[39m ],
[2m[WebServer] [22m  permissions: [],
[2m[WebServer] [22m  primaryDepartmentId: [32m'6929e10799be1a7939a2e04e'[39m,
[2m[WebServer] [22m  employeeNumber: [32m'EMP-1027'[39m
[2m[WebServer] [22m}

[1A[2K[2m[WebServer] [22mNormalized user roles: [ [32m'department employee'[39m ]
[2m[WebServer] [22mNormalized required roles: [
[2m[WebServer] [22m  [32m'department employee'[39m,
[2m[WebServer] [22m  [32m'hr employee'[39m,
[2m[WebServer] [22m  [32m'department head'[39m,
[2m[WebServer] [22m  [32m'hr manager'[39m,
[2m[WebServer] [22m  [32m'hr admin'[39m,
[2m[WebServer] [22m  [32m'system admin'[39m
[2m[WebServer] [22m]

[1A[2K[2m[WebServer] [22mHas required role? [33mtrue[39m
[2m[WebServer] [22mΓ£ö ACCESS GRANTED Γ£ö

[1A[2K[2m[WebServer] [22m≡ƒöì [TrackingController] getMyHistory: {
[2m[WebServer] [22m  filters: [Object: null prototype] {},
[2m[WebServer] [22m  userId: [32m'6929e329934d8e079e6f55bb'[39m
[2m[WebServer] [22m}

[1A[2K[2m[WebServer] [22m GET /leaves/my-leaves [32m200[39m in 59ms[2m (compile: 3ms, render: 56ms)[22m

[1A[2K[2m[WebServer] [22m≡ƒöÑ JwtAuthGuard: canActivate CALLED

[1A[2K[2m[WebServer] [22m≡ƒöì JWT Extractor - All cookies: {
[2m[WebServer] [22m  accessToken: [32m'eyJhbGciOiJIUzI1NiIsInR5cCI6IkpXVCJ9.eyJzdWIiOiI2OTI5ZTMyOTkzNGQ4ZTA3OWU2ZjU1YmIiLCJ3b3JrRW1haWwiOiJmaW5hbmNlZW1wMS53b3JrQGV4YW1wbGUuY29tIiwicm9sZXMiOlsiZGVwYXJ0bWVudCBlbXBsb3llZSJdLCJwZXJtaXNzaW9ucyI6W10sInByaW1hcnlEZXBhcnRtZW50SWQiOiI2OTI5ZTEwNzk5YmUxYTc5MzlhMmUwNGUiLCJlbXBsb3llZU51bWJlciI6IkVNUC0xMDI3IiwiaWF0IjoxNzY1OTgxOTcwLCJleHAiOjE3NjYwNjgzNzB9.hkSrYYKn55p8OYBwgixCNenxLKUY6UnBIY6XhlXwyPM'[39m
[2m[WebServer] [22m}
[2m[WebServer] [22m≡ƒöì JWT Extractor - Headers: accessToken=eyJhbGciOiJIUzI1NiIsInR5cCI6IkpXVCJ9.eyJzdWIiOiI2OTI5ZTMyOTkzNGQ4ZTA3OWU2ZjU1YmIiLCJ3b3JrRW1haWwiOiJmaW5hbmNlZW1wMS53b3JrQGV4YW1wbGUuY29tIiwicm9sZXMiOlsiZGVwYXJ0bWVudCBlbXBsb3llZSJdLCJwZXJtaXNzaW9ucyI6W10sInByaW1hcnlEZXBhcnRtZW50SWQiOiI2OTI5ZTEwNzk5YmUxYTc5MzlhMmUwNGUiLCJlbXBsb3llZU51bWJlciI6IkVNUC0xMDI3IiwiaWF0IjoxNzY1OTgxOTcwLCJleHAiOjE3NjYwNjgzNzB9.hkSrYYKn55p8OYBwgixCNenxLKUY6UnBIY6XhlXwyPM
[2m[WebServer] [22m≡ƒöì JWT Extractor - accessToken: FOUND

[1A[2K[2m[WebServer] [22mJwtStrategy VALIDATE: {
[2m[WebServer] [22m  sub: [32m'6929e329934d8e079e6f55bb'[39m,
[2m[WebServer] [22m  workEmail: [32m'financeemp1.work@example.com'[39m,
[2m[WebServer] [22m  roles: [ [32m'department employee'[39m ],
[2m[WebServer] [22m  permissions: [],
[2m[WebServer] [22m  primaryDepartmentId: [32m'6929e10799be1a7939a2e04e'[39m,
[2m[WebServer] [22m  employeeNumber: [32m'EMP-1027'[39m,
[2m[WebServer] [22m  iat: [33m1765981970[39m,
[2m[WebServer] [22m  exp: [33m1766068370[39m
[2m[WebServer] [22m}

[1A[2K[2m[WebServer] [22m≡ƒöÑ JwtAuthGuard: handleRequest() {
[2m[WebServer] [22m  err: [1mnull[22m,
[2m[WebServer] [22m  user: {
[2m[WebServer] [22m    id: [32m'6929e329934d8e079e6f55bb'[39m,
[2m[WebServer] [22m    workEmail: [32m'financeemp1.work@example.com'[39m,
[2m[WebServer] [22m    roles: [ [32m'department employee'[39m ],
[2m[WebServer] [22m    permissions: [],
[2m[WebServer] [22m    primaryDepartmentId: [32m'6929e10799be1a7939a2e04e'[39m,
[2m[WebServer] [22m    employeeNumber: [32m'EMP-1027'[39m
[2m[WebServer] [22m  },
[2m[WebServer] [22m  info: [90mundefined[39m
[2m[WebServer] [22m}
[2m[WebServer] [22mΓ£à JwtAuthGuard SUCCESS ΓåÆ user authenticated: 6929e329934d8e079e6f55bb

[1A[2K[2m[WebServer] [22m≡ƒöì [LeaveTypeController] findAll

[1A[2K[2m[WebServer] [22m≡ƒöÑ JwtAuthGuard: canActivate CALLED

[1A[2K[2m[WebServer] [22m≡ƒöì JWT Extractor - All cookies: {
[2m[WebServer] [22m  accessToken: [32m'eyJhbGciOiJIUzI1NiIsInR5cCI6IkpXVCJ9.eyJzdWIiOiI2OTI5ZTMyOTkzNGQ4ZTA3OWU2ZjU1YmIiLCJ3b3JrRW1haWwiOiJmaW5hbmNlZW1wMS53b3JrQGV4YW1wbGUuY29tIiwicm9sZXMiOlsiZGVwYXJ0bWVudCBlbXBsb3llZSJdLCJwZXJtaXNzaW9ucyI6W10sInByaW1hcnlEZXBhcnRtZW50SWQiOiI2OTI5ZTEwNzk5YmUxYTc5MzlhMmUwNGUiLCJlbXBsb3llZU51bWJlciI6IkVNUC0xMDI3IiwiaWF0IjoxNzY1OTgxOTcwLCJleHAiOjE3NjYwNjgzNzB9.hkSrYYKn55p8OYBwgixCNenxLKUY6UnBIY6XhlXwyPM'[39m
[2m[WebServer] [22m}

[1A[2K[2m[WebServer] [22m≡ƒöì JWT Extractor - Headers: accessToken=eyJhbGciOiJIUzI1NiIsInR5cCI6IkpXVCJ9.eyJzdWIiOiI2OTI5ZTMyOTkzNGQ4ZTA3OWU2ZjU1YmIiLCJ3b3JrRW1haWwiOiJmaW5hbmNlZW1wMS53b3JrQGV4YW1wbGUuY29tIiwicm9sZXMiOlsiZGVwYXJ0bWVudCBlbXBsb3llZSJdLCJwZXJtaXNzaW9ucyI6W10sInByaW1hcnlEZXBhcnRtZW50SWQiOiI2OTI5ZTEwNzk5YmUxYTc5MzlhMmUwNGUiLCJlbXBsb3llZU51bWJlciI6IkVNUC0xMDI3IiwiaWF0IjoxNzY1OTgxOTcwLCJleHAiOjE3NjYwNjgzNzB9.hkSrYYKn55p8OYBwgixCNenxLKUY6UnBIY6XhlXwyPM
[2m[WebServer] [22m≡ƒöì JWT Extractor - accessToken: FOUND

[1A[2K[2m[WebServer] [22mJwtStrategy VALIDATE: {
[2m[WebServer] [22m  sub: [32m'6929e329934d8e079e6f55bb'[39m,
[2m[WebServer] [22m  workEmail: [32m'financeemp1.work@example.com'[39m,
[2m[WebServer] [22m  roles: [ [32m'department employee'[39m ],
[2m[WebServer] [22m  permissions: [],
[2m[WebServer] [22m  primaryDepartmentId: [32m'6929e10799be1a7939a2e04e'[39m,
[2m[WebServer] [22m  employeeNumber: [32m'EMP-1027'[39m,
[2m[WebServer] [22m  iat: [33m1765981970[39m,
[2m[WebServer] [22m  exp: [33m1766068370[39m
[2m[WebServer] [22m}

[1A[2K[2m[WebServer] [22m≡ƒöÑ JwtAuthGuard: handleRequest() {
[2m[WebServer] [22m  err: [1mnull[22m,
[2m[WebServer] [22m  user: {
[2m[WebServer] [22m    id: [32m'6929e329934d8e079e6f55bb'[39m,
[2m[WebServer] [22m    workEmail: [32m'financeemp1.work@example.com'[39m,
[2m[WebServer] [22m    roles: [ [32m'department employee'[39m ],
[2m[WebServer] [22m    permissions: [],
[2m[WebServer] [22m    primaryDepartmentId: [32m'6929e10799be1a7939a2e04e'[39m,
[2m[WebServer] [22m    employeeNumber: [32m'EMP-1027'[39m
[2m[WebServer] [22m  },
[2m[WebServer] [22m  info: [90mundefined[39m
[2m[WebServer] [22m}
[2m[WebServer] [22mΓ£à JwtAuthGuard SUCCESS ΓåÆ user authenticated: 6929e329934d8e079e6f55bb
[2m[WebServer] [22m≡ƒöÑ RolesGuard running!
[2m[WebServer] [22m
[2m[WebServer] [22m===== ROLE GUARD =====

[1A[2K[2m[WebServer] [22mRequired roles: [
[2m[WebServer] [22m  [32m'department employee'[39m,
[2m[WebServer] [22m  [32m'HR Employee'[39m,
[2m[WebServer] [22m  [32m'department head'[39m,
[2m[WebServer] [22m  [32m'HR Manager'[39m,
[2m[WebServer] [22m  [32m'HR Admin'[39m,
[2m[WebServer] [22m  [32m'System Admin'[39m
[2m[WebServer] [22m]
[2m[WebServer] [22mUser object: {
[2m[WebServer] [22m  id: [32m'6929e329934d8e079e6f55bb'[39m,
[2m[WebServer] [22m  workEmail: [32m'financeemp1.work@example.com'[39m,
[2m[WebServer] [22m  roles: [ [32m'department employee'[39m ],
[2m[WebServer] [22m  permissions: [],
[2m[WebServer] [22m  primaryDepartmentId: [32m'6929e10799be1a7939a2e04e'[39m,
[2m[WebServer] [22m  employeeNumber: [32m'EMP-1027'[39m
[2m[WebServer] [22m}

[1A[2K[2m[WebServer] [22mNormalized user roles: [ [32m'department employee'[39m ]
[2m[WebServer] [22mNormalized required roles: [
[2m[WebServer] [22m  [32m'department employee'[39m,
[2m[WebServer] [22m  [32m'hr employee'[39m,
[2m[WebServer] [22m  [32m'department head'[39m,
[2m[WebServer] [22m  [32m'hr manager'[39m,
[2m[WebServer] [22m  [32m'hr admin'[39m,
[2m[WebServer] [22m  [32m'system admin'[39m
[2m[WebServer] [22m]
[2m[WebServer] [22mHas required role? [33mtrue[39m

[1A[2K[2m[WebServer] [22mΓ£ö ACCESS GRANTED Γ£ö

[1A[2K[2m[WebServer] [22m≡ƒöì [TrackingController] getMyBalances: {
[2m[WebServer] [22m  query: [Object: null prototype] {},
[2m[WebServer] [22m  userId: [32m'6929e329934d8e079e6f55bb'[39m
[2m[WebServer] [22m}

[1A[2K[2m[WebServer] [22m≡ƒöÑ JwtAuthGuard: canActivate CALLED

[1A[2K[2m[WebServer] [22m≡ƒöì JWT Extractor - All cookies: {
[2m[WebServer] [22m  accessToken: [32m'eyJhbGciOiJIUzI1NiIsInR5cCI6IkpXVCJ9.eyJzdWIiOiI2OTI5ZTMyOTkzNGQ4ZTA3OWU2ZjU1YmIiLCJ3b3JrRW1haWwiOiJmaW5hbmNlZW1wMS53b3JrQGV4YW1wbGUuY29tIiwicm9sZXMiOlsiZGVwYXJ0bWVudCBlbXBsb3llZSJdLCJwZXJtaXNzaW9ucyI6W10sInByaW1hcnlEZXBhcnRtZW50SWQiOiI2OTI5ZTEwNzk5YmUxYTc5MzlhMmUwNGUiLCJlbXBsb3llZU51bWJlciI6IkVNUC0xMDI3IiwiaWF0IjoxNzY1OTgxOTcwLCJleHAiOjE3NjYwNjgzNzB9.hkSrYYKn55p8OYBwgixCNenxLKUY6UnBIY6XhlXwyPM'[39m
[2m[WebServer] [22m}

[1A[2K[2m[WebServer] [22m≡ƒöì JWT Extractor - Headers: accessToken=eyJhbGciOiJIUzI1NiIsInR5cCI6IkpXVCJ9.eyJzdWIiOiI2OTI5ZTMyOTkzNGQ4ZTA3OWU2ZjU1YmIiLCJ3b3JrRW1haWwiOiJmaW5hbmNlZW1wMS53b3JrQGV4YW1wbGUuY29tIiwicm9sZXMiOlsiZGVwYXJ0bWVudCBlbXBsb3llZSJdLCJwZXJtaXNzaW9ucyI6W10sInByaW1hcnlEZXBhcnRtZW50SWQiOiI2OTI5ZTEwNzk5YmUxYTc5MzlhMmUwNGUiLCJlbXBsb3llZU51bWJlciI6IkVNUC0xMDI3IiwiaWF0IjoxNzY1OTgxOTcwLCJleHAiOjE3NjYwNjgzNzB9.hkSrYYKn55p8OYBwgixCNenxLKUY6UnBIY6XhlXwyPM
[2m[WebServer] [22m≡ƒöì JWT Extractor - accessToken: FOUND

[1A[2K[2m[WebServer] [22mJwtStrategy VALIDATE: {
[2m[WebServer] [22m  sub: [32m'6929e329934d8e079e6f55bb'[39m,
[2m[WebServer] [22m  workEmail: [32m'financeemp1.work@example.com'[39m,
[2m[WebServer] [22m  roles: [ [32m'department employee'[39m ],
[2m[WebServer] [22m  permissions: [],
[2m[WebServer] [22m  primaryDepartmentId: [32m'6929e10799be1a7939a2e04e'[39m,
[2m[WebServer] [22m  employeeNumber: [32m'EMP-1027'[39m,
[2m[WebServer] [22m  iat: [33m1765981970[39m,
[2m[WebServer] [22m  exp: [33m1766068370[39m
[2m[WebServer] [22m}

[1A[2K[2m[WebServer] [22m≡ƒöÑ JwtAuthGuard: handleRequest() {
[2m[WebServer] [22m  err: [1mnull[22m,
[2m[WebServer] [22m  user: {
[2m[WebServer] [22m    id: [32m'6929e329934d8e079e6f55bb'[39m,
[2m[WebServer] [22m    workEmail: [32m'financeemp1.work@example.com'[39m,
[2m[WebServer] [22m    roles: [ [32m'department employee'[39m ],
[2m[WebServer] [22m    permissions: [],
[2m[WebServer] [22m    primaryDepartmentId: [32m'6929e10799be1a7939a2e04e'[39m,
[2m[WebServer] [22m    employeeNumber: [32m'EMP-1027'[39m
[2m[WebServer] [22m  },
[2m[WebServer] [22m  info: [90mundefined[39m
[2m[WebServer] [22m}
[2m[WebServer] [22mΓ£à JwtAuthGuard SUCCESS ΓåÆ user authenticated: 6929e329934d8e079e6f55bb
[2m[WebServer] [22m≡ƒöÑ RolesGuard running!
[2m[WebServer] [22m
[2m[WebServer] [22m===== ROLE GUARD =====

[1A[2K[2m[WebServer] [22mRequired roles: [
[2m[WebServer] [22m  [32m'department employee'[39m,
[2m[WebServer] [22m  [32m'HR Employee'[39m,
[2m[WebServer] [22m  [32m'department head'[39m,
[2m[WebServer] [22m  [32m'HR Manager'[39m,
[2m[WebServer] [22m  [32m'HR Admin'[39m,
[2m[WebServer] [22m  [32m'System Admin'[39m
[2m[WebServer] [22m]
[2m[WebServer] [22mUser object: {
[2m[WebServer] [22m  id: [32m'6929e329934d8e079e6f55bb'[39m,
[2m[WebServer] [22m  workEmail: [32m'financeemp1.work@example.com'[39m,
[2m[WebServer] [22m  roles: [ [32m'department employee'[39m ],
[2m[WebServer] [22m  permissions: [],
[2m[WebServer] [22m  primaryDepartmentId: [32m'6929e10799be1a7939a2e04e'[39m,
[2m[WebServer] [22m  employeeNumber: [32m'EMP-1027'[39m
[2m[WebServer] [22m}
[2m[WebServer] [22mNormalized user roles: [ [32m'department employee'[39m ]
[2m[WebServer] [22mNormalized required roles: [
[2m[WebServer] [22m  [32m'department employee'[39m,
[2m[WebServer] [22m  [32m'hr employee'[39m,
[2m[WebServer] [22m  [32m'department head'[39m,
[2m[WebServer] [22m  [32m'hr manager'[39m,
[2m[WebServer] [22m  [32m'hr admin'[39m,
[2m[WebServer] [22m  [32m'system admin'[39m
[2m[WebServer] [22m]
[2m[WebServer] [22mHas required role? [33mtrue[39m
[2m[WebServer] [22mΓ£ö ACCESS GRANTED Γ£ö

[1A[2K[2m[WebServer] [22m≡ƒöì [RequestsController] getMyRequests: { userId: [90mundefined[39m }

[1A[2K[2m[WebServer] [22m≡ƒöÑ JwtAuthGuard: canActivate CALLED

[1A[2K[2m[WebServer] [22m≡ƒöì JWT Extractor - All cookies: {
[2m[WebServer] [22m  accessToken: [32m'eyJhbGciOiJIUzI1NiIsInR5cCI6IkpXVCJ9.eyJzdWIiOiI2OTI5ZTMyOTkzNGQ4ZTA3OWU2ZjU1YmIiLCJ3b3JrRW1haWwiOiJmaW5hbmNlZW1wMS53b3JrQGV4YW1wbGUuY29tIiwicm9sZXMiOlsiZGVwYXJ0bWVudCBlbXBsb3llZSJdLCJwZXJtaXNzaW9ucyI6W10sInByaW1hcnlEZXBhcnRtZW50SWQiOiI2OTI5ZTEwNzk5YmUxYTc5MzlhMmUwNGUiLCJlbXBsb3llZU51bWJlciI6IkVNUC0xMDI3IiwiaWF0IjoxNzY1OTgxOTcwLCJleHAiOjE3NjYwNjgzNzB9.hkSrYYKn55p8OYBwgixCNenxLKUY6UnBIY6XhlXwyPM'[39m
[2m[WebServer] [22m}

[1A[2K[2m[WebServer] [22m≡ƒöì JWT Extractor - Headers: accessToken=eyJhbGciOiJIUzI1NiIsInR5cCI6IkpXVCJ9.eyJzdWIiOiI2OTI5ZTMyOTkzNGQ4ZTA3OWU2ZjU1YmIiLCJ3b3JrRW1haWwiOiJmaW5hbmNlZW1wMS53b3JrQGV4YW1wbGUuY29tIiwicm9sZXMiOlsiZGVwYXJ0bWVudCBlbXBsb3llZSJdLCJwZXJtaXNzaW9ucyI6W10sInByaW1hcnlEZXBhcnRtZW50SWQiOiI2OTI5ZTEwNzk5YmUxYTc5MzlhMmUwNGUiLCJlbXBsb3llZU51bWJlciI6IkVNUC0xMDI3IiwiaWF0IjoxNzY1OTgxOTcwLCJleHAiOjE3NjYwNjgzNzB9.hkSrYYKn55p8OYBwgixCNenxLKUY6UnBIY6XhlXwyPM
[2m[WebServer] [22m≡ƒöì JWT Extractor - accessToken: FOUND

[1A[2K[2m[WebServer] [22mJwtStrategy VALIDATE: {
[2m[WebServer] [22m  sub: [32m'6929e329934d8e079e6f55bb'[39m,
[2m[WebServer] [22m  workEmail: [32m'financeemp1.work@example.com'[39m,
[2m[WebServer] [22m  roles: [ [32m'department employee'[39m ],
[2m[WebServer] [22m  permissions: [],
[2m[WebServer] [22m  primaryDepartmentId: [32m'6929e10799be1a7939a2e04e'[39m,
[2m[WebServer] [22m  employeeNumber: [32m'EMP-1027'[39m,
[2m[WebServer] [22m  iat: [33m1765981970[39m,
[2m[WebServer] [22m  exp: [33m1766068370[39m
[2m[WebServer] [22m}

[1A[2K[2m[WebServer] [22m≡ƒöÑ JwtAuthGuard: handleRequest() {
[2m[WebServer] [22m  err: [1mnull[22m,
[2m[WebServer] [22m  user: {
[2m[WebServer] [22m    id: [32m'6929e329934d8e079e6f55bb'[39m,
[2m[WebServer] [22m    workEmail: [32m'financeemp1.work@example.com'[39m,
[2m[WebServer] [22m    roles: [ [32m'department employee'[39m ],
[2m[WebServer] [22m    permissions: [],
[2m[WebServer] [22m    primaryDepartmentId: [32m'6929e10799be1a7939a2e04e'[39m,
[2m[WebServer] [22m    employeeNumber: [32m'EMP-1027'[39m
[2m[WebServer] [22m  },
[2m[WebServer] [22m  info: [90mundefined[39m
[2m[WebServer] [22m}
[2m[WebServer] [22mΓ£à JwtAuthGuard SUCCESS ΓåÆ user authenticated: 6929e329934d8e079e6f55bb

[1A[2K[2m[WebServer] [22m≡ƒöÑ RolesGuard running!
[2m[WebServer] [22m
[2m[WebServer] [22m===== ROLE GUARD =====
[2m[WebServer] [22mRequired roles: [
[2m[WebServer] [22m  [32m'department employee'[39m,
[2m[WebServer] [22m  [32m'HR Employee'[39m,
[2m[WebServer] [22m  [32m'department head'[39m,
[2m[WebServer] [22m  [32m'HR Manager'[39m,
[2m[WebServer] [22m  [32m'HR Admin'[39m,
[2m[WebServer] [22m  [32m'System Admin'[39m
[2m[WebServer] [22m]

[1A[2K[2m[WebServer] [22mUser object: {
[2m[WebServer] [22m  id: [32m'6929e329934d8e079e6f55bb'[39m,
[2m[WebServer] [22m  workEmail: [32m'financeemp1.work@example.com'[39m,
[2m[WebServer] [22m  roles: [ [32m'department employee'[39m ],
[2m[WebServer] [22m  permissions: [],
[2m[WebServer] [22m  primaryDepartmentId: [32m'6929e10799be1a7939a2e04e'[39m,
[2m[WebServer] [22m  employeeNumber: [32m'EMP-1027'[39m
[2m[WebServer] [22m}
[2m[WebServer] [22mNormalized user roles: [ [32m'department employee'[39m ]
[2m[WebServer] [22mNormalized required roles: [
[2m[WebServer] [22m  [32m'department employee'[39m,
[2m[WebServer] [22m  [32m'hr employee'[39m,
[2m[WebServer] [22m  [32m'department head'[39m,
[2m[WebServer] [22m  [32m'hr manager'[39m,
[2m[WebServer] [22m  [32m'hr admin'[39m,
[2m[WebServer] [22m  [32m'system admin'[39m
[2m[WebServer] [22m]
[2m[WebServer] [22mHas required role? [33mtrue[39m

[1A[2K[2m[WebServer] [22mΓ£ö ACCESS GRANTED Γ£ö

[1A[2K[2m[WebServer] [22m≡ƒöì [CalendarsController] calculateWorkingDays: { from: [32m'2026-04-16'[39m, to: [32m'2026-04-29'[39m }

[1A[2K[2m[WebServer] [22m≡ƒöÑ JwtAuthGuard: canActivate CALLED

[1A[2K[2m[WebServer] [22m≡ƒöì JWT Extractor - All cookies: {
[2m[WebServer] [22m  accessToken: [32m'eyJhbGciOiJIUzI1NiIsInR5cCI6IkpXVCJ9.eyJzdWIiOiI2OTI5ZTMyOTkzNGQ4ZTA3OWU2ZjU1YmIiLCJ3b3JrRW1haWwiOiJmaW5hbmNlZW1wMS53b3JrQGV4YW1wbGUuY29tIiwicm9sZXMiOlsiZGVwYXJ0bWVudCBlbXBsb3llZSJdLCJwZXJtaXNzaW9ucyI6W10sInByaW1hcnlEZXBhcnRtZW50SWQiOiI2OTI5ZTEwNzk5YmUxYTc5MzlhMmUwNGUiLCJlbXBsb3llZU51bWJlciI6IkVNUC0xMDI3IiwiaWF0IjoxNzY1OTgxOTcwLCJleHAiOjE3NjYwNjgzNzB9.hkSrYYKn55p8OYBwgixCNenxLKUY6UnBIY6XhlXwyPM'[39m
[2m[WebServer] [22m}

[1A[2K[2m[WebServer] [22m≡ƒöì JWT Extractor - Headers: accessToken=eyJhbGciOiJIUzI1NiIsInR5cCI6IkpXVCJ9.eyJzdWIiOiI2OTI5ZTMyOTkzNGQ4ZTA3OWU2ZjU1YmIiLCJ3b3JrRW1haWwiOiJmaW5hbmNlZW1wMS53b3JrQGV4YW1wbGUuY29tIiwicm9sZXMiOlsiZGVwYXJ0bWVudCBlbXBsb3llZSJdLCJwZXJtaXNzaW9ucyI6W10sInByaW1hcnlEZXBhcnRtZW50SWQiOiI2OTI5ZTEwNzk5YmUxYTc5MzlhMmUwNGUiLCJlbXBsb3llZU51bWJlciI6IkVNUC0xMDI3IiwiaWF0IjoxNzY1OTgxOTcwLCJleHAiOjE3NjYwNjgzNzB9.hkSrYYKn55p8OYBwgixCNenxLKUY6UnBIY6XhlXwyPM
[2m[WebServer] [22m≡ƒöì JWT Extractor - accessToken: FOUND

[1A[2K[2m[WebServer] [22mJwtStrategy VALIDATE: {
[2m[WebServer] [22m  sub: [32m'6929e329934d8e079e6f55bb'[39m,
[2m[WebServer] [22m  workEmail: [32m'financeemp1.work@example.com'[39m,
[2m[WebServer] [22m  roles: [ [32m'department employee'[39m ],
[2m[WebServer] [22m  permissions: [],
[2m[WebServer] [22m  primaryDepartmentId: [32m'6929e10799be1a7939a2e04e'[39m,
[2m[WebServer] [22m  employeeNumber: [32m'EMP-1027'[39m,
[2m[WebServer] [22m  iat: [33m1765981970[39m,
[2m[WebServer] [22m  exp: [33m1766068370[39m
[2m[WebServer] [22m}

[1A[2K[2m[WebServer] [22m≡ƒöÑ JwtAuthGuard: handleRequest() {
[2m[WebServer] [22m  err: [1mnull[22m,
[2m[WebServer] [22m  user: {
[2m[WebServer] [22m    id: [32m'6929e329934d8e079e6f55bb'[39m,
[2m[WebServer] [22m    workEmail: [32m'financeemp1.work@example.com'[39m,
[2m[WebServer] [22m    roles: [ [32m'department employee'[39m ],
[2m[WebServer] [22m    permissions: [],
[2m[WebServer] [22m    primaryDepartmentId: [32m'6929e10799be1a7939a2e04e'[39m,
[2m[WebServer] [22m    employeeNumber: [32m'EMP-1027'[39m
[2m[WebServer] [22m  },
[2m[WebServer] [22m  info: [90mundefined[39m
[2m[WebServer] [22m}
[2m[WebServer] [22mΓ£à JwtAuthGuard SUCCESS ΓåÆ user authenticated: 6929e329934d8e079e6f55bb
[2m[WebServer] [22m≡ƒöÑ RolesGuard running!

[1A[2K[2m[WebServer] [22m
[2m[WebServer] [22m===== ROLE GUARD =====
[2m[WebServer] [22mRequired roles: [
[2m[WebServer] [22m  [32m'department employee'[39m,
[2m[WebServer] [22m  [32m'HR Employee'[39m,
[2m[WebServer] [22m  [32m'department head'[39m,
[2m[WebServer] [22m  [32m'HR Manager'[39m,
[2m[WebServer] [22m  [32m'HR Admin'[39m,
[2m[WebServer] [22m  [32m'System Admin'[39m
[2m[WebServer] [22m]

[1A[2K[2m[WebServer] [22mUser object: {
[2m[WebServer] [22m  id: [32m'6929e329934d8e079e6f55bb'[39m,
[2m[WebServer] [22m  workEmail: [32m'financeemp1.work@example.com'[39m,
[2m[WebServer] [22m  roles: [ [32m'department employee'[39m ],
[2m[WebServer] [22m  permissions: [],
[2m[WebServer] [22m  primaryDepartmentId: [32m'6929e10799be1a7939a2e04e'[39m,
[2m[WebServer] [22m  employeeNumber: [32m'EMP-1027'[39m
[2m[WebServer] [22m}
[2m[WebServer] [22mNormalized user roles: [ [32m'department employee'[39m ]
[2m[WebServer] [22mNormalized required roles: [
[2m[WebServer] [22m  [32m'department employee'[39m,
[2m[WebServer] [22m  [32m'hr employee'[39m,
[2m[WebServer] [22m  [32m'department head'[39m,
[2m[WebServer] [22m  [32m'hr manager'[39m,
[2m[WebServer] [22m  [32m'hr admin'[39m,
[2m[WebServer] [22m  [32m'system admin'[39m
[2m[WebServer] [22m]

[1A[2K[2m[WebServer] [22mHas required role? [33mtrue[39m
[2m[WebServer] [22mΓ£ö ACCESS GRANTED Γ£ö

[1A[2K[2m[WebServer] [22m≡ƒöì [CalendarsController] checkBlockedPeriods: { from: [32m'2026-04-16'[39m, to: [32m'2026-04-29'[39m }

[1A[2K[2m[WebServer] [22m≡ƒöÑ JwtAuthGuard: canActivate CALLED

[1A[2K[2m[WebServer] [22m≡ƒöì JWT Extractor - All cookies: {
[2m[WebServer] [22m  accessToken: [32m'eyJhbGciOiJIUzI1NiIsInR5cCI6IkpXVCJ9.eyJzdWIiOiI2OTI5ZTMyOTkzNGQ4ZTA3OWU2ZjU1YmIiLCJ3b3JrRW1haWwiOiJmaW5hbmNlZW1wMS53b3JrQGV4YW1wbGUuY29tIiwicm9sZXMiOlsiZGVwYXJ0bWVudCBlbXBsb3llZSJdLCJwZXJtaXNzaW9ucyI6W10sInByaW1hcnlEZXBhcnRtZW50SWQiOiI2OTI5ZTEwNzk5YmUxYTc5MzlhMmUwNGUiLCJlbXBsb3llZU51bWJlciI6IkVNUC0xMDI3IiwiaWF0IjoxNzY1OTgxOTcwLCJleHAiOjE3NjYwNjgzNzB9.hkSrYYKn55p8OYBwgixCNenxLKUY6UnBIY6XhlXwyPM'[39m
[2m[WebServer] [22m}
[2m[WebServer] [22m≡ƒöì JWT Extractor - Headers: accessToken=eyJhbGciOiJIUzI1NiIsInR5cCI6IkpXVCJ9.eyJzdWIiOiI2OTI5ZTMyOTkzNGQ4ZTA3OWU2ZjU1YmIiLCJ3b3JrRW1haWwiOiJmaW5hbmNlZW1wMS53b3JrQGV4YW1wbGUuY29tIiwicm9sZXMiOlsiZGVwYXJ0bWVudCBlbXBsb3llZSJdLCJwZXJtaXNzaW9ucyI6W10sInByaW1hcnlEZXBhcnRtZW50SWQiOiI2OTI5ZTEwNzk5YmUxYTc5MzlhMmUwNGUiLCJlbXBsb3llZU51bWJlciI6IkVNUC0xMDI3IiwiaWF0IjoxNzY1OTgxOTcwLCJleHAiOjE3NjYwNjgzNzB9.hkSrYYKn55p8OYBwgixCNenxLKUY6UnBIY6XhlXwyPM
[2m[WebServer] [22m≡ƒöì JWT Extractor - accessToken: FOUND

[1A[2K[2m[WebServer] [22mJwtStrategy VALIDATE: {
[2m[WebServer] [22m  sub: [32m'6929e329934d8e079e6f55bb'[39m,
[2m[WebServer] [22m  workEmail: [32m'financeemp1.work@example.com'[39m,
[2m[WebServer] [22m  roles: [ [32m'department employee'[39m ],
[2m[WebServer] [22m  permissions: [],
[2m[WebServer] [22m  primaryDepartmentId: [32m'6929e10799be1a7939a2e04e'[39m,
[2m[WebServer] [22m  employeeNumber: [32m'EMP-1027'[39m,
[2m[WebServer] [22m  iat: [33m1765981970[39m,
[2m[WebServer] [22m  exp: [33m1766068370[39m
[2m[WebServer] [22m}

[1A[2K[2m[WebServer] [22m≡ƒöÑ JwtAuthGuard: handleRequest() {
[2m[WebServer] [22m  err: [1mnull[22m,
[2m[WebServer] [22m  user: {
[2m[WebServer] [22m    id: [32m'6929e329934d8e079e6f55bb'[39m,
[2m[WebServer] [22m    workEmail: [32m'financeemp1.work@example.com'[39m,
[2m[WebServer] [22m    roles: [ [32m'department employee'[39m ],
[2m[WebServer] [22m    permissions: [],
[2m[WebServer] [22m    primaryDepartmentId: [32m'6929e10799be1a7939a2e04e'[39m,
[2m[WebServer] [22m    employeeNumber: [32m'EMP-1027'[39m
[2m[WebServer] [22m  },
[2m[WebServer] [22m  info: [90mundefined[39m
[2m[WebServer] [22m}
[2m[WebServer] [22mΓ£à JwtAuthGuard SUCCESS ΓåÆ user authenticated: 6929e329934d8e079e6f55bb
[2m[WebServer] [22m≡ƒöÑ RolesGuard running!
[2m[WebServer] [22m
[2m[WebServer] [22m===== ROLE GUARD =====

[1A[2K[2m[WebServer] [22mRequired roles: [
[2m[WebServer] [22m  [32m'department employee'[39m,
[2m[WebServer] [22m  [32m'HR Employee'[39m,
[2m[WebServer] [22m  [32m'department head'[39m,
[2m[WebServer] [22m  [32m'HR Manager'[39m,
[2m[WebServer] [22m  [32m'HR Admin'[39m,
[2m[WebServer] [22m  [32m'System Admin'[39m
[2m[WebServer] [22m]
[2m[WebServer] [22mUser object: {
[2m[WebServer] [22m  id: [32m'6929e329934d8e079e6f55bb'[39m,
[2m[WebServer] [22m  workEmail: [32m'financeemp1.work@example.com'[39m,
[2m[WebServer] [22m  roles: [ [32m'department employee'[39m ],
[2m[WebServer] [22m  permissions: [],
[2m[WebServer] [22m  primaryDepartmentId: [32m'6929e10799be1a7939a2e04e'[39m,
[2m[WebServer] [22m  employeeNumber: [32m'EMP-1027'[39m
[2m[WebServer] [22m}

[1A[2K[2m[WebServer] [22mNormalized user roles: [ [32m'department employee'[39m ]
[2m[WebServer] [22mNormalized required roles: [
[2m[WebServer] [22m  [32m'department employee'[39m,
[2m[WebServer] [22m  [32m'hr employee'[39m,
[2m[WebServer] [22m  [32m'department head'[39m,
[2m[WebServer] [22m  [32m'hr manager'[39m,
[2m[WebServer] [22m  [32m'hr admin'[39m,
[2m[WebServer] [22m  [32m'system admin'[39m
[2m[WebServer] [22m]
[2m[WebServer] [22mHas required role? [33mtrue[39m
[2m[WebServer] [22mΓ£ö ACCESS GRANTED Γ£ö

[1A[2K[2m[WebServer] [22m≡ƒöì [RequestsController] checkOverlap: { from: [32m'2026-04-16'[39m, to: [32m'2026-04-29'[39m, excludeId: [90mundefined[39m }

[1A[2K
================================================================================

[1A[2K≡ƒÄë ALL LEAVE MANAGEMENT TESTS COMPLETED

[1A[2K================================================================================

[1A[2KΓ£à Employee 1 (EMP-1026): All scenarios tested

[1A[2KΓ£à Employee 2 (EMP-1027): Low balance scenarios tested

[1A[2KΓ£à Manager (EMP-1025): Approval workflows tested

[1A[2KΓ£à HR (EMP-1019): System-wide management tested

[1A[2K================================================================================


[1A[2K  12) [chromium] ΓÇ║ leave-tests.spec.ts:671:7 ΓÇ║ ≡ƒæ⌐ EMPLOYEE 2 (EMP-1027 - Finance) - Low Balance Scenarios ΓÇ║ Γ£à J4-J7: Unpaid leave conversion 

    Error: [2mexpect([22m[31mlocator[39m[2m).[22mtoBeVisible[2m([22m[2m)[22m failed

    Locator: locator('text=/unpaid/i, text=/5.*days.*unpaid/i, text=/convert to unpaid/i')
    Expected: visible
    Timeout: 10000ms
    Error: element(s) not found

    Call log:
    [2m  - Expect "toBeVisible" with timeout 10000ms[22m
    [2m  - waiting for locator('text=/unpaid/i, text=/5.*days.*unpaid/i, text=/convert to unpaid/i')[22m


      688 |     // Should show unpaid conversion warning
      689 |     const unpaidWarning = page.locator('text=/unpaid/i, text=/5.*days.*unpaid/i, text=/convert to unpaid/i');
    > 690 |     await expect(unpaidWarning).toBeVisible({ timeout: 10000 });
          |                                 ^
      691 |     
      692 |     // Accept unpaid conversion if checkbox exists
      693 |     const unpaidCheckbox = page.locator('input[name="acceptUnpaid"], input[type="checkbox"][id*="unpaid"]').first();
        at C:\Users\Bedon\Desktop\semester-5-software-project\leave-tests.spec.ts:690:33

    attachment #1: screenshot (image/png) ΓöÇΓöÇΓöÇΓöÇΓöÇΓöÇΓöÇΓöÇΓöÇΓöÇΓöÇΓöÇΓöÇΓöÇΓöÇΓöÇΓöÇΓöÇΓöÇΓöÇΓöÇΓöÇΓöÇΓöÇΓöÇΓöÇΓöÇΓöÇΓöÇΓöÇΓöÇΓöÇΓöÇΓöÇΓöÇΓöÇΓöÇΓöÇΓöÇΓöÇΓöÇΓöÇΓöÇΓöÇΓöÇΓöÇΓöÇΓöÇΓöÇΓöÇΓöÇΓöÇΓöÇΓöÇΓöÇΓöÇΓöÇΓöÇ
    test-results\leave-tests-≡ƒæ⌐-EMPLOYEE-2--7786c--J7-Unpaid-leave-conversion-chromium\test-failed-1.png
    ΓöÇΓöÇΓöÇΓöÇΓöÇΓöÇΓöÇΓöÇΓöÇΓöÇΓöÇΓöÇΓöÇΓöÇΓöÇΓöÇΓöÇΓöÇΓöÇΓöÇΓöÇΓöÇΓöÇΓöÇΓöÇΓöÇΓöÇΓöÇΓöÇΓöÇΓöÇΓöÇΓöÇΓöÇΓöÇΓöÇΓöÇΓöÇΓöÇΓöÇΓöÇΓöÇΓöÇΓöÇΓöÇΓöÇΓöÇΓöÇΓöÇΓöÇΓöÇΓöÇΓöÇΓöÇΓöÇΓöÇΓöÇΓöÇΓöÇΓöÇΓöÇΓöÇΓöÇΓöÇΓöÇΓöÇΓöÇΓöÇΓöÇΓöÇΓöÇΓöÇΓöÇΓöÇΓöÇΓöÇΓöÇΓöÇΓöÇΓöÇΓöÇΓöÇΓöÇΓöÇΓöÇΓöÇΓöÇΓöÇΓöÇΓöÇΓöÇΓöÇΓöÇΓöÇΓöÇΓöÇ

    attachment #2: video (video/webm) ΓöÇΓöÇΓöÇΓöÇΓöÇΓöÇΓöÇΓöÇΓöÇΓöÇΓöÇΓöÇΓöÇΓöÇΓöÇΓöÇΓöÇΓöÇΓöÇΓöÇΓöÇΓöÇΓöÇΓöÇΓöÇΓöÇΓöÇΓöÇΓöÇΓöÇΓöÇΓöÇΓöÇΓöÇΓöÇΓöÇΓöÇΓöÇΓöÇΓöÇΓöÇΓöÇΓöÇΓöÇΓöÇΓöÇΓöÇΓöÇΓöÇΓöÇΓöÇΓöÇΓöÇΓöÇΓöÇΓöÇΓöÇΓöÇΓöÇΓöÇΓöÇΓöÇ
    test-results\leave-tests-≡ƒæ⌐-EMPLOYEE-2--7786c--J7-Unpaid-leave-conversion-chromium\video.webm
    ΓöÇΓöÇΓöÇΓöÇΓöÇΓöÇΓöÇΓöÇΓöÇΓöÇΓöÇΓöÇΓöÇΓöÇΓöÇΓöÇΓöÇΓöÇΓöÇΓöÇΓöÇΓöÇΓöÇΓöÇΓöÇΓöÇΓöÇΓöÇΓöÇΓöÇΓöÇΓöÇΓöÇΓöÇΓöÇΓöÇΓöÇΓöÇΓöÇΓöÇΓöÇΓöÇΓöÇΓöÇΓöÇΓöÇΓöÇΓöÇΓöÇΓöÇΓöÇΓöÇΓöÇΓöÇΓöÇΓöÇΓöÇΓöÇΓöÇΓöÇΓöÇΓöÇΓöÇΓöÇΓöÇΓöÇΓöÇΓöÇΓöÇΓöÇΓöÇΓöÇΓöÇΓöÇΓöÇΓöÇΓöÇΓöÇΓöÇΓöÇΓöÇΓöÇΓöÇΓöÇΓöÇΓöÇΓöÇΓöÇΓöÇΓöÇΓöÇΓöÇΓöÇΓöÇΓöÇΓöÇ

    Error Context: test-results\leave-tests-≡ƒæ⌐-EMPLOYEE-2--7786c--J7-Unpaid-leave-conversion-chromium\error-context.md


[1A[2K[19/35] [chromium] ΓÇ║ leave-tests.spec.ts:703:7 ΓÇ║ ≡ƒæ⌐ EMPLOYEE 2 (EMP-1027 - Finance) - Low Balance Scenarios ΓÇ║ Γ£à K1-K6: Documentation requirements (Sick Leave)
[1A[2K[chromium] ΓÇ║ leave-tests.spec.ts:703:7 ΓÇ║ ≡ƒæ⌐ EMPLOYEE 2 (EMP-1027 - Finance) - Low Balance Scenarios ΓÇ║ Γ£à K1-K6: Documentation requirements (Sick Leave)
≡ƒöÉ Logging in as: financeemp1.work@example.com

[1A[2K[2m[WebServer] [22m GET /login [32m200[39m in 55ms[2m (compile: 4ms, render: 52ms)[22m

[1A[2K[2m[WebServer] [22m≡ƒöÑ JwtAuthGuard: canActivate CALLED

[1A[2K[2m[WebServer] [22m≡ƒöì JWT Extractor - All cookies: [Object: null prototype] {}
[2m[WebServer] [22m≡ƒöì JWT Extractor - Headers: [90mundefined[39m
[2m[WebServer] [22m≡ƒöì JWT Extractor - accessToken: NOT FOUND

[1A[2K[2m[WebServer] [22m≡ƒöÑ JwtAuthGuard: handleRequest() {
[2m[WebServer] [22m  err: [1mnull[22m,
[2m[WebServer] [22m  user: [33mfalse[39m,
[2m[WebServer] [22m  info: Error: No auth token
[2m[WebServer] [22m      at JwtStrategy.authenticate [90m(C:\Users\Bedon\Desktop\semester-5-software-project\backend\[39mnode_modules\[4mpassport-jwt[24m\lib\strategy.js:96:26[90m)[39m
[2m[WebServer] [22m      at attempt [90m(C:\Users\Bedon\Desktop\semester-5-software-project\backend\[39mnode_modules\[4mpassport[24m\lib\middleware\authenticate.js:378:16[90m)[39m
[2m[WebServer] [22m      at authenticate [90m(C:\Users\Bedon\Desktop\semester-5-software-project\backend\[39mnode_modules\[4mpassport[24m\lib\middleware\authenticate.js:379:7[90m)[39m
[2m[WebServer] [22m      at [90mC:\Users\Bedon\Desktop\semester-5-software-project\backend\[39mnode_modules\[4m@nestjs[24m\passport\dist\auth.guard.js:88:3
[2m[WebServer] [22m      at new Promise (<anonymous>)
[2m[WebServer] [22m      at [90mC:\Users\Bedon\Desktop\semester-5-software-project\backend\[39mnode_modules\[4m@nestjs[24m\passport\dist\auth.guard.js:80:83
[2m[WebServer] [22m      at JwtAuthGuard.canActivate [90m(C:\Users\Bedon\Desktop\semester-5-software-project\backend\[39mnode_modules\[4m@nestjs[24m\passport\dist\auth.guard.js:44:32[90m)[39m
[2m[WebServer] [22m  [90m    at process.processTicksAndRejections (node:internal/process/task_queues:105:5)[39m
[2m[WebServer] [22m}

[1A[2K[2m[WebServer] [22mΓ¥î JwtAuthGuard INFO: Error: No auth token
[2m[WebServer] [22m    at JwtStrategy.authenticate 
[90m(C:\Users\Bedon\Desktop\semester-5-software-project\backend\[39mnode_modules\[4mpassport-jwt[24m\lib\strategy.js:96:26[90m)[39m
[2m[WebServer] [22m    at attempt 
[90m(C:\Users\Bedon\Desktop\semester-5-software-project\backend\[39mnode_modules\[4mpassport[24m\lib\middleware\authenticate.js:378:16[90m)[39m
[2m[WebServer] [22m    at authenticate 
[90m(C:\Users\Bedon\Desktop\semester-5-software-project\backend\[39mnode_modules\[4mpassport[24m\lib\middleware\authenticate.js:379:7[90m)[39m
[2m[WebServer] [22m    at [90mC:\Users\Bedon\Desktop\semester-5-software-project\backend\[39mnode_modules\[4m@nestjs[24m\passport\dist\auth.guard.js:88:3
[2m[WebServer] [22m    at new Promise (<anonymous>)
[2m[WebServer] [22m    at 
[90mC:\Users\Bedon\Desktop\semester-5-software-project\backend\[39mnode_modules\[4m@nestjs[24m\passport\dist\auth.guard.js:80:83
[2m[WebServer] [22m    at JwtAuthGuard.canActivate 
[90m(C:\Users\Bedon\Desktop\semester-5-software-project\backend\[39mnode_modules\[4m@nestjs[24m\passport\dist\auth.guard.js:44:32[90m)[39m
[2m[WebServer] [22m[90m    at process.processTicksAndRejections (node:internal/process/task_queues:105:5)[39m

[1A[2K[2m[WebServer] [22mΓ¥î JwtAuthGuard FAILING ΓåÆ No auth token

[1A[2K[2m[WebServer] [22mVALIDATE EMPLOYEE - systemRole = {
[2m[WebServer] [22m  _id: new ObjectId([32m'6929e329934d8e079e6f55bd'[39m),
[2m[WebServer] [22m  employeeProfileId: new ObjectId([32m'6929e329934d8e079e6f55bb'[39m),
[2m[WebServer] [22m  roles: [ [32m'department employee'[39m ],
[2m[WebServer] [22m  permissions: [],
[2m[WebServer] [22m  isActive: [33mtrue[39m,
[2m[WebServer] [22m  createdAt: [35m2025-11-28T18:00:09.867Z[39m,
[2m[WebServer] [22m  updatedAt: [35m2025-11-28T18:00:09.867Z[39m,
[2m[WebServer] [22m  __v: [33m0[39m
[2m[WebServer] [22m}

[1A[2K[2m[WebServer] [22mGenerated token: eyJhbGciOiJIUzI1NiIsInR5cCI6IkpXVCJ9.eyJzdWIiOiI2OTI5ZTMyOTkzNGQ4ZTA3OWU2ZjU1YmIiLCJ3b3JrRW1haWwiOiJmaW5hbmNlZW1wMS53b3JrQGV4YW1wbGUuY29tIiwicm9sZXMiOlsiZGVwYXJ0bWVudCBlbXBsb3llZSJdLCJwZXJtaXNzaW9ucyI6W10sInByaW1hcnlEZXBhcnRtZW50SWQiOiI2OTI5ZTEwNzk5YmUxYTc5MzlhMmUwNGUiLCJlbXBsb3llZU51bWJlciI6IkVNUC0xMDI3IiwiaWF0IjoxNzY1OTgxOTg3LCJleHAiOjE3NjYwNjgzODd9.LaQV1cxuiixFF8NdpAhI-F5C1SvQDO92M7jdp54th7I

[1A[2K[2m[WebServer] [22m GET /leaves [32m200[39m in 18ms[2m (compile: 3ms, render: 16ms)[22m

[1A[2KΓ£à Login successful

[1A[2K≡ƒôä Testing Documentation Requirements

[1A[2K[2m[WebServer] [22m≡ƒöÑ JwtAuthGuard: canActivate CALLED

[1A[2K[2m[WebServer] [22m≡ƒöì JWT Extractor - All cookies: {
[2m[WebServer] [22m  accessToken: [32m'eyJhbGciOiJIUzI1NiIsInR5cCI6IkpXVCJ9.eyJzdWIiOiI2OTI5ZTMyOTkzNGQ4ZTA3OWU2ZjU1YmIiLCJ3b3JrRW1haWwiOiJmaW5hbmNlZW1wMS53b3JrQGV4YW1wbGUuY29tIiwicm9sZXMiOlsiZGVwYXJ0bWVudCBlbXBsb3llZSJdLCJwZXJtaXNzaW9ucyI6W10sInByaW1hcnlEZXBhcnRtZW50SWQiOiI2OTI5ZTEwNzk5YmUxYTc5MzlhMmUwNGUiLCJlbXBsb3llZU51bWJlciI6IkVNUC0xMDI3IiwiaWF0IjoxNzY1OTgxOTg3LCJleHAiOjE3NjYwNjgzODd9.LaQV1cxuiixFF8NdpAhI-F5C1SvQDO92M7jdp54th7I'[39m
[2m[WebServer] [22m}
[2m[WebServer] [22m≡ƒöì JWT Extractor - Headers: accessToken=eyJhbGciOiJIUzI1NiIsInR5cCI6IkpXVCJ9.eyJzdWIiOiI2OTI5ZTMyOTkzNGQ4ZTA3OWU2ZjU1YmIiLCJ3b3JrRW1haWwiOiJmaW5hbmNlZW1wMS53b3JrQGV4YW1wbGUuY29tIiwicm9sZXMiOlsiZGVwYXJ0bWVudCBlbXBsb3llZSJdLCJwZXJtaXNzaW9ucyI6W10sInByaW1hcnlEZXBhcnRtZW50SWQiOiI2OTI5ZTEwNzk5YmUxYTc5MzlhMmUwNGUiLCJlbXBsb3llZU51bWJlciI6IkVNUC0xMDI3IiwiaWF0IjoxNzY1OTgxOTg3LCJleHAiOjE3NjYwNjgzODd9.LaQV1cxuiixFF8NdpAhI-F5C1SvQDO92M7jdp54th7I
[2m[WebServer] [22m≡ƒöì JWT Extractor - accessToken: FOUND

[1A[2K[2m[WebServer] [22mJwtStrategy VALIDATE: {
[2m[WebServer] [22m  sub: [32m'6929e329934d8e079e6f55bb'[39m,
[2m[WebServer] [22m  workEmail: [32m'financeemp1.work@example.com'[39m,
[2m[WebServer] [22m  roles: [ [32m'department employee'[39m ],
[2m[WebServer] [22m  permissions: [],
[2m[WebServer] [22m  primaryDepartmentId: [32m'6929e10799be1a7939a2e04e'[39m,
[2m[WebServer] [22m  employeeNumber: [32m'EMP-1027'[39m,
[2m[WebServer] [22m  iat: [33m1765981987[39m,
[2m[WebServer] [22m  exp: [33m1766068387[39m
[2m[WebServer] [22m}

[1A[2K[2m[WebServer] [22m≡ƒöÑ JwtAuthGuard: handleRequest() {
[2m[WebServer] [22m  err: [1mnull[22m,
[2m[WebServer] [22m  user: {
[2m[WebServer] [22m    id: [32m'6929e329934d8e079e6f55bb'[39m,
[2m[WebServer] [22m    workEmail: [32m'financeemp1.work@example.com'[39m,
[2m[WebServer] [22m    roles: [ [32m'department employee'[39m ],
[2m[WebServer] [22m    permissions: [],
[2m[WebServer] [22m    primaryDepartmentId: [32m'6929e10799be1a7939a2e04e'[39m,
[2m[WebServer] [22m    employeeNumber: [32m'EMP-1027'[39m
[2m[WebServer] [22m  },
[2m[WebServer] [22m  info: [90mundefined[39m
[2m[WebServer] [22m}
[2m[WebServer] [22mΓ£à JwtAuthGuard SUCCESS ΓåÆ user authenticated: 6929e329934d8e079e6f55bb

[1A[2K[2m[WebServer] [22m≡ƒöÑ RolesGuard running!
[2m[WebServer] [22m
[2m[WebServer] [22m===== ROLE GUARD =====
[2m[WebServer] [22mRequired roles: [
[2m[WebServer] [22m  [32m'department employee'[39m,
[2m[WebServer] [22m  [32m'HR Employee'[39m,
[2m[WebServer] [22m  [32m'department head'[39m,
[2m[WebServer] [22m  [32m'HR Manager'[39m,
[2m[WebServer] [22m  [32m'HR Admin'[39m,
[2m[WebServer] [22m  [32m'System Admin'[39m
[2m[WebServer] [22m]

[1A[2K[2m[WebServer] [22mUser object: {
[2m[WebServer] [22m  id: [32m'6929e329934d8e079e6f55bb'[39m,
[2m[WebServer] [22m  workEmail: [32m'financeemp1.work@example.com'[39m,
[2m[WebServer] [22m  roles: [ [32m'department employee'[39m ],
[2m[WebServer] [22m  permissions: [],
[2m[WebServer] [22m  primaryDepartmentId: [32m'6929e10799be1a7939a2e04e'[39m,
[2m[WebServer] [22m  employeeNumber: [32m'EMP-1027'[39m
[2m[WebServer] [22m}
[2m[WebServer] [22mNormalized user roles: [ [32m'department employee'[39m ]
[2m[WebServer] [22mNormalized required roles: [
[2m[WebServer] [22m  [32m'department employee'[39m,
[2m[WebServer] [22m  [32m'hr employee'[39m,
[2m[WebServer] [22m  [32m'department head'[39m,
[2m[WebServer] [22m  [32m'hr manager'[39m,
[2m[WebServer] [22m  [32m'hr admin'[39m,
[2m[WebServer] [22m  [32m'system admin'[39m
[2m[WebServer] [22m]
[2m[WebServer] [22mHas required role? [33mtrue[39m
[2m[WebServer] [22mΓ£ö ACCESS GRANTED Γ£ö

[1A[2K[2m[WebServer] [22m≡ƒöì [TrackingController] getMyBalances: {
[2m[WebServer] [22m  query: [Object: null prototype] {},
[2m[WebServer] [22m  userId: [32m'6929e329934d8e079e6f55bb'[39m
[2m[WebServer] [22m}

[1A[2K[2m[WebServer] [22m≡ƒöÑ JwtAuthGuard: canActivate CALLED

[1A[2K[2m[WebServer] [22m≡ƒöì JWT Extractor - All cookies: {
[2m[WebServer] [22m  accessToken: [32m'eyJhbGciOiJIUzI1NiIsInR5cCI6IkpXVCJ9.eyJzdWIiOiI2OTI5ZTMyOTkzNGQ4ZTA3OWU2ZjU1YmIiLCJ3b3JrRW1haWwiOiJmaW5hbmNlZW1wMS53b3JrQGV4YW1wbGUuY29tIiwicm9sZXMiOlsiZGVwYXJ0bWVudCBlbXBsb3llZSJdLCJwZXJtaXNzaW9ucyI6W10sInByaW1hcnlEZXBhcnRtZW50SWQiOiI2OTI5ZTEwNzk5YmUxYTc5MzlhMmUwNGUiLCJlbXBsb3llZU51bWJlciI6IkVNUC0xMDI3IiwiaWF0IjoxNzY1OTgxOTg3LCJleHAiOjE3NjYwNjgzODd9.LaQV1cxuiixFF8NdpAhI-F5C1SvQDO92M7jdp54th7I'[39m
[2m[WebServer] [22m}
[2m[WebServer] [22m≡ƒöì JWT Extractor - Headers: accessToken=eyJhbGciOiJIUzI1NiIsInR5cCI6IkpXVCJ9.eyJzdWIiOiI2OTI5ZTMyOTkzNGQ4ZTA3OWU2ZjU1YmIiLCJ3b3JrRW1haWwiOiJmaW5hbmNlZW1wMS53b3JrQGV4YW1wbGUuY29tIiwicm9sZXMiOlsiZGVwYXJ0bWVudCBlbXBsb3llZSJdLCJwZXJtaXNzaW9ucyI6W10sInByaW1hcnlEZXBhcnRtZW50SWQiOiI2OTI5ZTEwNzk5YmUxYTc5MzlhMmUwNGUiLCJlbXBsb3llZU51bWJlciI6IkVNUC0xMDI3IiwiaWF0IjoxNzY1OTgxOTg3LCJleHAiOjE3NjYwNjgzODd9.LaQV1cxuiixFF8NdpAhI-F5C1SvQDO92M7jdp54th7I
[2m[WebServer] [22m≡ƒöì JWT Extractor - accessToken: FOUND

[1A[2K[2m[WebServer] [22mJwtStrategy VALIDATE: {
[2m[WebServer] [22m  sub: [32m'6929e329934d8e079e6f55bb'[39m,
[2m[WebServer] [22m  workEmail: [32m'financeemp1.work@example.com'[39m,
[2m[WebServer] [22m  roles: [ [32m'department employee'[39m ],
[2m[WebServer] [22m  permissions: [],
[2m[WebServer] [22m  primaryDepartmentId: [32m'6929e10799be1a7939a2e04e'[39m,
[2m[WebServer] [22m  employeeNumber: [32m'EMP-1027'[39m,
[2m[WebServer] [22m  iat: [33m1765981987[39m,
[2m[WebServer] [22m  exp: [33m1766068387[39m
[2m[WebServer] [22m}

[1A[2K[2m[WebServer] [22m≡ƒöÑ JwtAuthGuard: handleRequest() {
[2m[WebServer] [22m  err: [1mnull[22m,
[2m[WebServer] [22m  user: {
[2m[WebServer] [22m    id: [32m'6929e329934d8e079e6f55bb'[39m,
[2m[WebServer] [22m    workEmail: [32m'financeemp1.work@example.com'[39m,
[2m[WebServer] [22m    roles: [ [32m'department employee'[39m ],
[2m[WebServer] [22m    permissions: [],
[2m[WebServer] [22m    primaryDepartmentId: [32m'6929e10799be1a7939a2e04e'[39m,
[2m[WebServer] [22m    employeeNumber: [32m'EMP-1027'[39m
[2m[WebServer] [22m  },
[2m[WebServer] [22m  info: [90mundefined[39m
[2m[WebServer] [22m}
[2m[WebServer] [22mΓ£à JwtAuthGuard SUCCESS ΓåÆ user authenticated: 6929e329934d8e079e6f55bb
[2m[WebServer] [22m≡ƒöÑ RolesGuard running!
[2m[WebServer] [22m
[2m[WebServer] [22m===== ROLE GUARD =====
[2m[WebServer] [22mRequired roles: [
[2m[WebServer] [22m  [32m'department employee'[39m,
[2m[WebServer] [22m  [32m'HR Employee'[39m,
[2m[WebServer] [22m  [32m'department head'[39m,
[2m[WebServer] [22m  [32m'HR Manager'[39m,
[2m[WebServer] [22m  [32m'HR Admin'[39m,
[2m[WebServer] [22m  [32m'System Admin'[39m
[2m[WebServer] [22m]

[1A[2K[2m[WebServer] [22mUser object: {
[2m[WebServer] [22m  id: [32m'6929e329934d8e079e6f55bb'[39m,
[2m[WebServer] [22m  workEmail: [32m'financeemp1.work@example.com'[39m,
[2m[WebServer] [22m  roles: [ [32m'department employee'[39m ],
[2m[WebServer] [22m  permissions: [],
[2m[WebServer] [22m  primaryDepartmentId: [32m'6929e10799be1a7939a2e04e'[39m,
[2m[WebServer] [22m  employeeNumber: [32m'EMP-1027'[39m
[2m[WebServer] [22m}
[2m[WebServer] [22mNormalized user roles: [ [32m'department employee'[39m ]
[2m[WebServer] [22mNormalized required roles: [
[2m[WebServer] [22m  [32m'department employee'[39m,
[2m[WebServer] [22m  [32m'hr employee'[39m,
[2m[WebServer] [22m  [32m'department head'[39m,
[2m[WebServer] [22m  [32m'hr manager'[39m,
[2m[WebServer] [22m  [32m'hr admin'[39m,
[2m[WebServer] [22m  [32m'system admin'[39m
[2m[WebServer] [22m]
[2m[WebServer] [22mHas required role? [33mtrue[39m

[1A[2K[2m[WebServer] [22mΓ£ö ACCESS GRANTED Γ£ö

[1A[2K[2m[WebServer] [22m≡ƒöì [TrackingController] getMyHistory: {
[2m[WebServer] [22m  filters: [Object: null prototype] {},
[2m[WebServer] [22m  userId: [32m'6929e329934d8e079e6f55bb'[39m
[2m[WebServer] [22m}

[1A[2K[2m[WebServer] [22m GET /leaves/my-leaves [32m200[39m in 43ms[2m (compile: 2ms, render: 40ms)[22m

[1A[2K[2m[WebServer] [22m≡ƒöÑ JwtAuthGuard: canActivate CALLED

[1A[2K[2m[WebServer] [22m≡ƒöì JWT Extractor - All cookies: {
[2m[WebServer] [22m  accessToken: [32m'eyJhbGciOiJIUzI1NiIsInR5cCI6IkpXVCJ9.eyJzdWIiOiI2OTI5ZTMyOTkzNGQ4ZTA3OWU2ZjU1YmIiLCJ3b3JrRW1haWwiOiJmaW5hbmNlZW1wMS53b3JrQGV4YW1wbGUuY29tIiwicm9sZXMiOlsiZGVwYXJ0bWVudCBlbXBsb3llZSJdLCJwZXJtaXNzaW9ucyI6W10sInByaW1hcnlEZXBhcnRtZW50SWQiOiI2OTI5ZTEwNzk5YmUxYTc5MzlhMmUwNGUiLCJlbXBsb3llZU51bWJlciI6IkVNUC0xMDI3IiwiaWF0IjoxNzY1OTgxOTg3LCJleHAiOjE3NjYwNjgzODd9.LaQV1cxuiixFF8NdpAhI-F5C1SvQDO92M7jdp54th7I'[39m
[2m[WebServer] [22m}

[1A[2K[2m[WebServer] [22m≡ƒöì JWT Extractor - Headers: accessToken=eyJhbGciOiJIUzI1NiIsInR5cCI6IkpXVCJ9.eyJzdWIiOiI2OTI5ZTMyOTkzNGQ4ZTA3OWU2ZjU1YmIiLCJ3b3JrRW1haWwiOiJmaW5hbmNlZW1wMS53b3JrQGV4YW1wbGUuY29tIiwicm9sZXMiOlsiZGVwYXJ0bWVudCBlbXBsb3llZSJdLCJwZXJtaXNzaW9ucyI6W10sInByaW1hcnlEZXBhcnRtZW50SWQiOiI2OTI5ZTEwNzk5YmUxYTc5MzlhMmUwNGUiLCJlbXBsb3llZU51bWJlciI6IkVNUC0xMDI3IiwiaWF0IjoxNzY1OTgxOTg3LCJleHAiOjE3NjYwNjgzODd9.LaQV1cxuiixFF8NdpAhI-F5C1SvQDO92M7jdp54th7I
[2m[WebServer] [22m≡ƒöì JWT Extractor - accessToken: FOUND

[1A[2K[2m[WebServer] [22mJwtStrategy VALIDATE: {
[2m[WebServer] [22m  sub: [32m'6929e329934d8e079e6f55bb'[39m,
[2m[WebServer] [22m  workEmail: [32m'financeemp1.work@example.com'[39m,
[2m[WebServer] [22m  roles: [ [32m'department employee'[39m ],
[2m[WebServer] [22m  permissions: [],
[2m[WebServer] [22m  primaryDepartmentId: [32m'6929e10799be1a7939a2e04e'[39m,
[2m[WebServer] [22m  employeeNumber: [32m'EMP-1027'[39m,
[2m[WebServer] [22m  iat: [33m1765981987[39m,
[2m[WebServer] [22m  exp: [33m1766068387[39m
[2m[WebServer] [22m}

[1A[2K[2m[WebServer] [22m≡ƒöÑ JwtAuthGuard: handleRequest() {
[2m[WebServer] [22m  err: [1mnull[22m,
[2m[WebServer] [22m  user: {
[2m[WebServer] [22m    id: [32m'6929e329934d8e079e6f55bb'[39m,
[2m[WebServer] [22m    workEmail: [32m'financeemp1.work@example.com'[39m,
[2m[WebServer] [22m    roles: [ [32m'department employee'[39m ],
[2m[WebServer] [22m    permissions: [],
[2m[WebServer] [22m    primaryDepartmentId: [32m'6929e10799be1a7939a2e04e'[39m,
[2m[WebServer] [22m    employeeNumber: [32m'EMP-1027'[39m
[2m[WebServer] [22m  },
[2m[WebServer] [22m  info: [90mundefined[39m
[2m[WebServer] [22m}
[2m[WebServer] [22mΓ£à JwtAuthGuard SUCCESS ΓåÆ user authenticated: 6929e329934d8e079e6f55bb

[1A[2K[2m[WebServer] [22m≡ƒöì [LeaveTypeController] findAll

[1A[2K[2m[WebServer] [22m≡ƒöÑ JwtAuthGuard: canActivate CALLED

[1A[2K[2m[WebServer] [22m≡ƒöì JWT Extractor - All cookies: {
[2m[WebServer] [22m  accessToken: [32m'eyJhbGciOiJIUzI1NiIsInR5cCI6IkpXVCJ9.eyJzdWIiOiI2OTI5ZTMyOTkzNGQ4ZTA3OWU2ZjU1YmIiLCJ3b3JrRW1haWwiOiJmaW5hbmNlZW1wMS53b3JrQGV4YW1wbGUuY29tIiwicm9sZXMiOlsiZGVwYXJ0bWVudCBlbXBsb3llZSJdLCJwZXJtaXNzaW9ucyI6W10sInByaW1hcnlEZXBhcnRtZW50SWQiOiI2OTI5ZTEwNzk5YmUxYTc5MzlhMmUwNGUiLCJlbXBsb3llZU51bWJlciI6IkVNUC0xMDI3IiwiaWF0IjoxNzY1OTgxOTg3LCJleHAiOjE3NjYwNjgzODd9.LaQV1cxuiixFF8NdpAhI-F5C1SvQDO92M7jdp54th7I'[39m
[2m[WebServer] [22m}
[2m[WebServer] [22m≡ƒöì JWT Extractor - Headers: accessToken=eyJhbGciOiJIUzI1NiIsInR5cCI6IkpXVCJ9.eyJzdWIiOiI2OTI5ZTMyOTkzNGQ4ZTA3OWU2ZjU1YmIiLCJ3b3JrRW1haWwiOiJmaW5hbmNlZW1wMS53b3JrQGV4YW1wbGUuY29tIiwicm9sZXMiOlsiZGVwYXJ0bWVudCBlbXBsb3llZSJdLCJwZXJtaXNzaW9ucyI6W10sInByaW1hcnlEZXBhcnRtZW50SWQiOiI2OTI5ZTEwNzk5YmUxYTc5MzlhMmUwNGUiLCJlbXBsb3llZU51bWJlciI6IkVNUC0xMDI3IiwiaWF0IjoxNzY1OTgxOTg3LCJleHAiOjE3NjYwNjgzODd9.LaQV1cxuiixFF8NdpAhI-F5C1SvQDO92M7jdp54th7I
[2m[WebServer] [22m≡ƒöì JWT Extractor - accessToken: FOUND

[1A[2K[2m[WebServer] [22mJwtStrategy VALIDATE: {
[2m[WebServer] [22m  sub: [32m'6929e329934d8e079e6f55bb'[39m,
[2m[WebServer] [22m  workEmail: [32m'financeemp1.work@example.com'[39m,
[2m[WebServer] [22m  roles: [ [32m'department employee'[39m ],
[2m[WebServer] [22m  permissions: [],
[2m[WebServer] [22m  primaryDepartmentId: [32m'6929e10799be1a7939a2e04e'[39m,
[2m[WebServer] [22m  employeeNumber: [32m'EMP-1027'[39m,
[2m[WebServer] [22m  iat: [33m1765981987[39m,
[2m[WebServer] [22m  exp: [33m1766068387[39m
[2m[WebServer] [22m}

[1A[2K[2m[WebServer] [22m≡ƒöÑ JwtAuthGuard: handleRequest() {
[2m[WebServer] [22m  err: [1mnull[22m,
[2m[WebServer] [22m  user: {
[2m[WebServer] [22m    id: [32m'6929e329934d8e079e6f55bb'[39m,
[2m[WebServer] [22m    workEmail: [32m'financeemp1.work@example.com'[39m,
[2m[WebServer] [22m    roles: [ [32m'department employee'[39m ],
[2m[WebServer] [22m    permissions: [],
[2m[WebServer] [22m    primaryDepartmentId: [32m'6929e10799be1a7939a2e04e'[39m,
[2m[WebServer] [22m    employeeNumber: [32m'EMP-1027'[39m
[2m[WebServer] [22m  },
[2m[WebServer] [22m  info: [90mundefined[39m
[2m[WebServer] [22m}
[2m[WebServer] [22mΓ£à JwtAuthGuard SUCCESS ΓåÆ user authenticated: 6929e329934d8e079e6f55bb
[2m[WebServer] [22m≡ƒöÑ RolesGuard running!
[2m[WebServer] [22m
[2m[WebServer] [22m===== ROLE GUARD =====
[2m[WebServer] [22mRequired roles: [
[2m[WebServer] [22m  [32m'department employee'[39m,
[2m[WebServer] [22m  [32m'HR Employee'[39m,
[2m[WebServer] [22m  [32m'department head'[39m,
[2m[WebServer] [22m  [32m'HR Manager'[39m,
[2m[WebServer] [22m  [32m'HR Admin'[39m,
[2m[WebServer] [22m  [32m'System Admin'[39m
[2m[WebServer] [22m]

[1A[2K[2m[WebServer] [22mUser object: {
[2m[WebServer] [22m  id: [32m'6929e329934d8e079e6f55bb'[39m,
[2m[WebServer] [22m  workEmail: [32m'financeemp1.work@example.com'[39m,
[2m[WebServer] [22m  roles: [ [32m'department employee'[39m ],
[2m[WebServer] [22m  permissions: [],
[2m[WebServer] [22m  primaryDepartmentId: [32m'6929e10799be1a7939a2e04e'[39m,
[2m[WebServer] [22m  employeeNumber: [32m'EMP-1027'[39m
[2m[WebServer] [22m}
[2m[WebServer] [22mNormalized user roles: [ [32m'department employee'[39m ]
[2m[WebServer] [22mNormalized required roles: [
[2m[WebServer] [22m  [32m'department employee'[39m,
[2m[WebServer] [22m  [32m'hr employee'[39m,
[2m[WebServer] [22m  [32m'department head'[39m,
[2m[WebServer] [22m  [32m'hr manager'[39m,
[2m[WebServer] [22m  [32m'hr admin'[39m,
[2m[WebServer] [22m  [32m'system admin'[39m
[2m[WebServer] [22m]
[2m[WebServer] [22mHas required role? [33mtrue[39m

[1A[2K[2m[WebServer] [22mΓ£ö ACCESS GRANTED Γ£ö

[1A[2K[2m[WebServer] [22m≡ƒöì [TrackingController] getMyBalances: {
[2m[WebServer] [22m  query: [Object: null prototype] {},
[2m[WebServer] [22m  userId: [32m'6929e329934d8e079e6f55bb'[39m
[2m[WebServer] [22m}

[1A[2K[2m[WebServer] [22m≡ƒöÑ JwtAuthGuard: canActivate CALLED

[1A[2K[2m[WebServer] [22m≡ƒöì JWT Extractor - All cookies: {
[2m[WebServer] [22m  accessToken: [32m'eyJhbGciOiJIUzI1NiIsInR5cCI6IkpXVCJ9.eyJzdWIiOiI2OTI5ZTMyOTkzNGQ4ZTA3OWU2ZjU1YmIiLCJ3b3JrRW1haWwiOiJmaW5hbmNlZW1wMS53b3JrQGV4YW1wbGUuY29tIiwicm9sZXMiOlsiZGVwYXJ0bWVudCBlbXBsb3llZSJdLCJwZXJtaXNzaW9ucyI6W10sInByaW1hcnlEZXBhcnRtZW50SWQiOiI2OTI5ZTEwNzk5YmUxYTc5MzlhMmUwNGUiLCJlbXBsb3llZU51bWJlciI6IkVNUC0xMDI3IiwiaWF0IjoxNzY1OTgxOTg3LCJleHAiOjE3NjYwNjgzODd9.LaQV1cxuiixFF8NdpAhI-F5C1SvQDO92M7jdp54th7I'[39m
[2m[WebServer] [22m}

[1A[2K[2m[WebServer] [22m≡ƒöì JWT Extractor - Headers: accessToken=eyJhbGciOiJIUzI1NiIsInR5cCI6IkpXVCJ9.eyJzdWIiOiI2OTI5ZTMyOTkzNGQ4ZTA3OWU2ZjU1YmIiLCJ3b3JrRW1haWwiOiJmaW5hbmNlZW1wMS53b3JrQGV4YW1wbGUuY29tIiwicm9sZXMiOlsiZGVwYXJ0bWVudCBlbXBsb3llZSJdLCJwZXJtaXNzaW9ucyI6W10sInByaW1hcnlEZXBhcnRtZW50SWQiOiI2OTI5ZTEwNzk5YmUxYTc5MzlhMmUwNGUiLCJlbXBsb3llZU51bWJlciI6IkVNUC0xMDI3IiwiaWF0IjoxNzY1OTgxOTg3LCJleHAiOjE3NjYwNjgzODd9.LaQV1cxuiixFF8NdpAhI-F5C1SvQDO92M7jdp54th7I
[2m[WebServer] [22m≡ƒöì JWT Extractor - accessToken: FOUND

[1A[2K[2m[WebServer] [22mJwtStrategy VALIDATE: {
[2m[WebServer] [22m  sub: [32m'6929e329934d8e079e6f55bb'[39m,
[2m[WebServer] [22m  workEmail: [32m'financeemp1.work@example.com'[39m,
[2m[WebServer] [22m  roles: [ [32m'department employee'[39m ],
[2m[WebServer] [22m  permissions: [],
[2m[WebServer] [22m  primaryDepartmentId: [32m'6929e10799be1a7939a2e04e'[39m,
[2m[WebServer] [22m  employeeNumber: [32m'EMP-1027'[39m,
[2m[WebServer] [22m  iat: [33m1765981987[39m,
[2m[WebServer] [22m  exp: [33m1766068387[39m
[2m[WebServer] [22m}

[1A[2K[2m[WebServer] [22m≡ƒöÑ JwtAuthGuard: handleRequest() {
[2m[WebServer] [22m  err: [1mnull[22m,
[2m[WebServer] [22m  user: {
[2m[WebServer] [22m    id: [32m'6929e329934d8e079e6f55bb'[39m,
[2m[WebServer] [22m    workEmail: [32m'financeemp1.work@example.com'[39m,
[2m[WebServer] [22m    roles: [ [32m'department employee'[39m ],
[2m[WebServer] [22m    permissions: [],
[2m[WebServer] [22m    primaryDepartmentId: [32m'6929e10799be1a7939a2e04e'[39m,
[2m[WebServer] [22m    employeeNumber: [32m'EMP-1027'[39m
[2m[WebServer] [22m  },
[2m[WebServer] [22m  info: [90mundefined[39m
[2m[WebServer] [22m}
[2m[WebServer] [22mΓ£à JwtAuthGuard SUCCESS ΓåÆ user authenticated: 6929e329934d8e079e6f55bb
[2m[WebServer] [22m≡ƒöÑ RolesGuard running!
[2m[WebServer] [22m
[2m[WebServer] [22m===== ROLE GUARD =====
[2m[WebServer] [22mRequired roles: [
[2m[WebServer] [22m  [32m'department employee'[39m,
[2m[WebServer] [22m  [32m'HR Employee'[39m,
[2m[WebServer] [22m  [32m'department head'[39m,
[2m[WebServer] [22m  [32m'HR Manager'[39m,
[2m[WebServer] [22m  [32m'HR Admin'[39m,
[2m[WebServer] [22m  [32m'System Admin'[39m
[2m[WebServer] [22m]
[2m[WebServer] [22mUser object: {
[2m[WebServer] [22m  id: [32m'6929e329934d8e079e6f55bb'[39m,
[2m[WebServer] [22m  workEmail: [32m'financeemp1.work@example.com'[39m,
[2m[WebServer] [22m  roles: [ [32m'department employee'[39m ],
[2m[WebServer] [22m  permissions: [],
[2m[WebServer] [22m  primaryDepartmentId: [32m'6929e10799be1a7939a2e04e'[39m,
[2m[WebServer] [22m  employeeNumber: [32m'EMP-1027'[39m
[2m[WebServer] [22m}
[2m[WebServer] [22mNormalized user roles: [ [32m'department employee'[39m ]
[2m[WebServer] [22mNormalized required roles: [
[2m[WebServer] [22m  [32m'department employee'[39m,
[2m[WebServer] [22m  [32m'hr employee'[39m,
[2m[WebServer] [22m  [32m'department head'[39m,
[2m[WebServer] [22m  [32m'hr manager'[39m,
[2m[WebServer] [22m  [32m'hr admin'[39m,
[2m[WebServer] [22m  [32m'system admin'[39m
[2m[WebServer] [22m]
[2m[WebServer] [22mHas required role? [33mtrue[39m
[2m[WebServer] [22mΓ£ö ACCESS GRANTED Γ£ö

[1A[2K[2m[WebServer] [22m≡ƒöì [RequestsController] getMyRequests: { userId: [90mundefined[39m }

[1A[2K[2m[WebServer] [22m≡ƒöÑ JwtAuthGuard: canActivate CALLED

[1A[2K[2m[WebServer] [22m≡ƒöì JWT Extractor - All cookies: {
[2m[WebServer] [22m  accessToken: [32m'eyJhbGciOiJIUzI1NiIsInR5cCI6IkpXVCJ9.eyJzdWIiOiI2OTI5ZTMyOTkzNGQ4ZTA3OWU2ZjU1YmIiLCJ3b3JrRW1haWwiOiJmaW5hbmNlZW1wMS53b3JrQGV4YW1wbGUuY29tIiwicm9sZXMiOlsiZGVwYXJ0bWVudCBlbXBsb3llZSJdLCJwZXJtaXNzaW9ucyI6W10sInByaW1hcnlEZXBhcnRtZW50SWQiOiI2OTI5ZTEwNzk5YmUxYTc5MzlhMmUwNGUiLCJlbXBsb3llZU51bWJlciI6IkVNUC0xMDI3IiwiaWF0IjoxNzY1OTgxOTg3LCJleHAiOjE3NjYwNjgzODd9.LaQV1cxuiixFF8NdpAhI-F5C1SvQDO92M7jdp54th7I'[39m
[2m[WebServer] [22m}
[2m[WebServer] [22m≡ƒöì JWT Extractor - Headers: accessToken=eyJhbGciOiJIUzI1NiIsInR5cCI6IkpXVCJ9.eyJzdWIiOiI2OTI5ZTMyOTkzNGQ4ZTA3OWU2ZjU1YmIiLCJ3b3JrRW1haWwiOiJmaW5hbmNlZW1wMS53b3JrQGV4YW1wbGUuY29tIiwicm9sZXMiOlsiZGVwYXJ0bWVudCBlbXBsb3llZSJdLCJwZXJtaXNzaW9ucyI6W10sInByaW1hcnlEZXBhcnRtZW50SWQiOiI2OTI5ZTEwNzk5YmUxYTc5MzlhMmUwNGUiLCJlbXBsb3llZU51bWJlciI6IkVNUC0xMDI3IiwiaWF0IjoxNzY1OTgxOTg3LCJleHAiOjE3NjYwNjgzODd9.LaQV1cxuiixFF8NdpAhI-F5C1SvQDO92M7jdp54th7I
[2m[WebServer] [22m≡ƒöì JWT Extractor - accessToken: FOUND

[1A[2K[2m[WebServer] [22mJwtStrategy VALIDATE: {
[2m[WebServer] [22m  sub: [32m'6929e329934d8e079e6f55bb'[39m,
[2m[WebServer] [22m  workEmail: [32m'financeemp1.work@example.com'[39m,
[2m[WebServer] [22m  roles: [ [32m'department employee'[39m ],
[2m[WebServer] [22m  permissions: [],
[2m[WebServer] [22m  primaryDepartmentId: [32m'6929e10799be1a7939a2e04e'[39m,
[2m[WebServer] [22m  employeeNumber: [32m'EMP-1027'[39m,
[2m[WebServer] [22m  iat: [33m1765981987[39m,
[2m[WebServer] [22m  exp: [33m1766068387[39m
[2m[WebServer] [22m}

[1A[2K[2m[WebServer] [22m≡ƒöÑ JwtAuthGuard: handleRequest() {
[2m[WebServer] [22m  err: [1mnull[22m,
[2m[WebServer] [22m  user: {
[2m[WebServer] [22m    id: [32m'6929e329934d8e079e6f55bb'[39m,
[2m[WebServer] [22m    workEmail: [32m'financeemp1.work@example.com'[39m,
[2m[WebServer] [22m    roles: [ [32m'department employee'[39m ],
[2m[WebServer] [22m    permissions: [],
[2m[WebServer] [22m    primaryDepartmentId: [32m'6929e10799be1a7939a2e04e'[39m,
[2m[WebServer] [22m    employeeNumber: [32m'EMP-1027'[39m
[2m[WebServer] [22m  },
[2m[WebServer] [22m  info: [90mundefined[39m
[2m[WebServer] [22m}
[2m[WebServer] [22mΓ£à JwtAuthGuard SUCCESS ΓåÆ user authenticated: 6929e329934d8e079e6f55bb
[2m[WebServer] [22m≡ƒöÑ RolesGuard running!
[2m[WebServer] [22m
[2m[WebServer] [22m===== ROLE GUARD =====

[1A[2K[2m[WebServer] [22mRequired roles: [
[2m[WebServer] [22m  [32m'department employee'[39m,
[2m[WebServer] [22m  [32m'HR Employee'[39m,
[2m[WebServer] [22m  [32m'department head'[39m,
[2m[WebServer] [22m  [32m'HR Manager'[39m,
[2m[WebServer] [22m  [32m'HR Admin'[39m,
[2m[WebServer] [22m  [32m'System Admin'[39m
[2m[WebServer] [22m]
[2m[WebServer] [22mUser object: {
[2m[WebServer] [22m  id: [32m'6929e329934d8e079e6f55bb'[39m,
[2m[WebServer] [22m  workEmail: [32m'financeemp1.work@example.com'[39m,
[2m[WebServer] [22m  roles: [ [32m'department employee'[39m ],
[2m[WebServer] [22m  permissions: [],
[2m[WebServer] [22m  primaryDepartmentId: [32m'6929e10799be1a7939a2e04e'[39m,
[2m[WebServer] [22m  employeeNumber: [32m'EMP-1027'[39m
[2m[WebServer] [22m}
[2m[WebServer] [22mNormalized user roles: [ [32m'department employee'[39m ]

[1A[2K[2m[WebServer] [22mNormalized required roles: [
[2m[WebServer] [22m  [32m'department employee'[39m,
[2m[WebServer] [22m  [32m'hr employee'[39m,
[2m[WebServer] [22m  [32m'department head'[39m,
[2m[WebServer] [22m  [32m'hr manager'[39m,
[2m[WebServer] [22m  [32m'hr admin'[39m,
[2m[WebServer] [22m  [32m'system admin'[39m
[2m[WebServer] [22m]
[2m[WebServer] [22mHas required role? [33mtrue[39m
[2m[WebServer] [22mΓ£ö ACCESS GRANTED Γ£ö

[1A[2K[2m[WebServer] [22m≡ƒöì [CalendarsController] calculateWorkingDays: { from: [32m'2026-05-06'[39m, to: [32m'2026-05-13'[39m }

[1A[2K[2m[WebServer] [22m≡ƒöÑ JwtAuthGuard: canActivate CALLED

[1A[2K[2m[WebServer] [22m≡ƒöì JWT Extractor - All cookies: {
[2m[WebServer] [22m  accessToken: [32m'eyJhbGciOiJIUzI1NiIsInR5cCI6IkpXVCJ9.eyJzdWIiOiI2OTI5ZTMyOTkzNGQ4ZTA3OWU2ZjU1YmIiLCJ3b3JrRW1haWwiOiJmaW5hbmNlZW1wMS53b3JrQGV4YW1wbGUuY29tIiwicm9sZXMiOlsiZGVwYXJ0bWVudCBlbXBsb3llZSJdLCJwZXJtaXNzaW9ucyI6W10sInByaW1hcnlEZXBhcnRtZW50SWQiOiI2OTI5ZTEwNzk5YmUxYTc5MzlhMmUwNGUiLCJlbXBsb3llZU51bWJlciI6IkVNUC0xMDI3IiwiaWF0IjoxNzY1OTgxOTg3LCJleHAiOjE3NjYwNjgzODd9.LaQV1cxuiixFF8NdpAhI-F5C1SvQDO92M7jdp54th7I'[39m
[2m[WebServer] [22m}

[1A[2K[2m[WebServer] [22m≡ƒöì JWT Extractor - Headers: accessToken=eyJhbGciOiJIUzI1NiIsInR5cCI6IkpXVCJ9.eyJzdWIiOiI2OTI5ZTMyOTkzNGQ4ZTA3OWU2ZjU1YmIiLCJ3b3JrRW1haWwiOiJmaW5hbmNlZW1wMS53b3JrQGV4YW1wbGUuY29tIiwicm9sZXMiOlsiZGVwYXJ0bWVudCBlbXBsb3llZSJdLCJwZXJtaXNzaW9ucyI6W10sInByaW1hcnlEZXBhcnRtZW50SWQiOiI2OTI5ZTEwNzk5YmUxYTc5MzlhMmUwNGUiLCJlbXBsb3llZU51bWJlciI6IkVNUC0xMDI3IiwiaWF0IjoxNzY1OTgxOTg3LCJleHAiOjE3NjYwNjgzODd9.LaQV1cxuiixFF8NdpAhI-F5C1SvQDO92M7jdp54th7I
[2m[WebServer] [22m≡ƒöì JWT Extractor - accessToken: FOUND

[1A[2K[2m[WebServer] [22mJwtStrategy VALIDATE: {
[2m[WebServer] [22m  sub: [32m'6929e329934d8e079e6f55bb'[39m,
[2m[WebServer] [22m  workEmail: [32m'financeemp1.work@example.com'[39m,
[2m[WebServer] [22m  roles: [ [32m'department employee'[39m ],
[2m[WebServer] [22m  permissions: [],
[2m[WebServer] [22m  primaryDepartmentId: [32m'6929e10799be1a7939a2e04e'[39m,
[2m[WebServer] [22m  employeeNumber: [32m'EMP-1027'[39m,
[2m[WebServer] [22m  iat: [33m1765981987[39m,
[2m[WebServer] [22m  exp: [33m1766068387[39m
[2m[WebServer] [22m}

[1A[2K[2m[WebServer] [22m≡ƒöÑ JwtAuthGuard: handleRequest() {
[2m[WebServer] [22m  err: [1mnull[22m,
[2m[WebServer] [22m  user: {
[2m[WebServer] [22m    id: [32m'6929e329934d8e079e6f55bb'[39m,
[2m[WebServer] [22m    workEmail: [32m'financeemp1.work@example.com'[39m,
[2m[WebServer] [22m    roles: [ [32m'department employee'[39m ],
[2m[WebServer] [22m    permissions: [],
[2m[WebServer] [22m    primaryDepartmentId: [32m'6929e10799be1a7939a2e04e'[39m,
[2m[WebServer] [22m    employeeNumber: [32m'EMP-1027'[39m
[2m[WebServer] [22m  },
[2m[WebServer] [22m  info: [90mundefined[39m
[2m[WebServer] [22m}
[2m[WebServer] [22mΓ£à JwtAuthGuard SUCCESS ΓåÆ user authenticated: 6929e329934d8e079e6f55bb
[2m[WebServer] [22m≡ƒöÑ RolesGuard running!
[2m[WebServer] [22m
[2m[WebServer] [22m===== ROLE GUARD =====

[1A[2K[2m[WebServer] [22mRequired roles: [
[2m[WebServer] [22m  [32m'department employee'[39m,
[2m[WebServer] [22m  [32m'HR Employee'[39m,
[2m[WebServer] [22m  [32m'department head'[39m,
[2m[WebServer] [22m  [32m'HR Manager'[39m,
[2m[WebServer] [22m  [32m'HR Admin'[39m,
[2m[WebServer] [22m  [32m'System Admin'[39m
[2m[WebServer] [22m]
[2m[WebServer] [22mUser object: {
[2m[WebServer] [22m  id: [32m'6929e329934d8e079e6f55bb'[39m,
[2m[WebServer] [22m  workEmail: [32m'financeemp1.work@example.com'[39m,
[2m[WebServer] [22m  roles: [ [32m'department employee'[39m ],
[2m[WebServer] [22m  permissions: [],
[2m[WebServer] [22m  primaryDepartmentId: [32m'6929e10799be1a7939a2e04e'[39m,
[2m[WebServer] [22m  employeeNumber: [32m'EMP-1027'[39m
[2m[WebServer] [22m}
[2m[WebServer] [22mNormalized user roles: [ [32m'department employee'[39m ]
[2m[WebServer] [22mNormalized required roles: [
[2m[WebServer] [22m  [32m'department employee'[39m,
[2m[WebServer] [22m  [32m'hr employee'[39m,
[2m[WebServer] [22m  [32m'department head'[39m,
[2m[WebServer] [22m  [32m'hr manager'[39m,
[2m[WebServer] [22m  [32m'hr admin'[39m,
[2m[WebServer] [22m  [32m'system admin'[39m
[2m[WebServer] [22m]

[1A[2K[2m[WebServer] [22mHas required role? [33mtrue[39m
[2m[WebServer] [22mΓ£ö ACCESS GRANTED Γ£ö
[2m[WebServer] [22m≡ƒöì [CalendarsController] checkBlockedPeriods: { from: [32m'2026-05-06'[39m, to: [32m'2026-05-13'[39m }

[1A[2K[2m[WebServer] [22m≡ƒöÑ JwtAuthGuard: canActivate CALLED

[1A[2K[2m[WebServer] [22m≡ƒöì JWT Extractor - All cookies: {
[2m[WebServer] [22m  accessToken: [32m'eyJhbGciOiJIUzI1NiIsInR5cCI6IkpXVCJ9.eyJzdWIiOiI2OTI5ZTMyOTkzNGQ4ZTA3OWU2ZjU1YmIiLCJ3b3JrRW1haWwiOiJmaW5hbmNlZW1wMS53b3JrQGV4YW1wbGUuY29tIiwicm9sZXMiOlsiZGVwYXJ0bWVudCBlbXBsb3llZSJdLCJwZXJtaXNzaW9ucyI6W10sInByaW1hcnlEZXBhcnRtZW50SWQiOiI2OTI5ZTEwNzk5YmUxYTc5MzlhMmUwNGUiLCJlbXBsb3llZU51bWJlciI6IkVNUC0xMDI3IiwiaWF0IjoxNzY1OTgxOTg3LCJleHAiOjE3NjYwNjgzODd9.LaQV1cxuiixFF8NdpAhI-F5C1SvQDO92M7jdp54th7I'[39m
[2m[WebServer] [22m}
[2m[WebServer] [22m≡ƒöì JWT Extractor - Headers: accessToken=eyJhbGciOiJIUzI1NiIsInR5cCI6IkpXVCJ9.eyJzdWIiOiI2OTI5ZTMyOTkzNGQ4ZTA3OWU2ZjU1YmIiLCJ3b3JrRW1haWwiOiJmaW5hbmNlZW1wMS53b3JrQGV4YW1wbGUuY29tIiwicm9sZXMiOlsiZGVwYXJ0bWVudCBlbXBsb3llZSJdLCJwZXJtaXNzaW9ucyI6W10sInByaW1hcnlEZXBhcnRtZW50SWQiOiI2OTI5ZTEwNzk5YmUxYTc5MzlhMmUwNGUiLCJlbXBsb3llZU51bWJlciI6IkVNUC0xMDI3IiwiaWF0IjoxNzY1OTgxOTg3LCJleHAiOjE3NjYwNjgzODd9.LaQV1cxuiixFF8NdpAhI-F5C1SvQDO92M7jdp54th7I
[2m[WebServer] [22m≡ƒöì JWT Extractor - accessToken: FOUND

[1A[2K[2m[WebServer] [22mJwtStrategy VALIDATE: {
[2m[WebServer] [22m  sub: [32m'6929e329934d8e079e6f55bb'[39m,
[2m[WebServer] [22m  workEmail: [32m'financeemp1.work@example.com'[39m,
[2m[WebServer] [22m  roles: [ [32m'department employee'[39m ],
[2m[WebServer] [22m  permissions: [],
[2m[WebServer] [22m  primaryDepartmentId: [32m'6929e10799be1a7939a2e04e'[39m,
[2m[WebServer] [22m  employeeNumber: [32m'EMP-1027'[39m,
[2m[WebServer] [22m  iat: [33m1765981987[39m,
[2m[WebServer] [22m  exp: [33m1766068387[39m
[2m[WebServer] [22m}

[1A[2K[2m[WebServer] [22m≡ƒöÑ JwtAuthGuard: handleRequest() {
[2m[WebServer] [22m  err: [1mnull[22m,
[2m[WebServer] [22m  user: {
[2m[WebServer] [22m    id: [32m'6929e329934d8e079e6f55bb'[39m,
[2m[WebServer] [22m    workEmail: [32m'financeemp1.work@example.com'[39m,
[2m[WebServer] [22m    roles: [ [32m'department employee'[39m ],
[2m[WebServer] [22m    permissions: [],
[2m[WebServer] [22m    primaryDepartmentId: [32m'6929e10799be1a7939a2e04e'[39m,
[2m[WebServer] [22m    employeeNumber: [32m'EMP-1027'[39m
[2m[WebServer] [22m  },
[2m[WebServer] [22m  info: [90mundefined[39m
[2m[WebServer] [22m}
[2m[WebServer] [22mΓ£à JwtAuthGuard SUCCESS ΓåÆ user authenticated: 6929e329934d8e079e6f55bb
[2m[WebServer] [22m≡ƒöÑ RolesGuard running!
[2m[WebServer] [22m
[2m[WebServer] [22m===== ROLE GUARD =====

[1A[2K[2m[WebServer] [22mRequired roles: [
[2m[WebServer] [22m  [32m'department employee'[39m,
[2m[WebServer] [22m  [32m'HR Employee'[39m,
[2m[WebServer] [22m  [32m'department head'[39m,
[2m[WebServer] [22m  [32m'HR Manager'[39m,
[2m[WebServer] [22m  [32m'HR Admin'[39m,
[2m[WebServer] [22m  [32m'System Admin'[39m
[2m[WebServer] [22m]
[2m[WebServer] [22mUser object: {
[2m[WebServer] [22m  id: [32m'6929e329934d8e079e6f55bb'[39m,
[2m[WebServer] [22m  workEmail: [32m'financeemp1.work@example.com'[39m,
[2m[WebServer] [22m  roles: [ [32m'department employee'[39m ],
[2m[WebServer] [22m  permissions: [],
[2m[WebServer] [22m  primaryDepartmentId: [32m'6929e10799be1a7939a2e04e'[39m,
[2m[WebServer] [22m  employeeNumber: [32m'EMP-1027'[39m
[2m[WebServer] [22m}
[2m[WebServer] [22mNormalized user roles: [ [32m'department employee'[39m ]

[1A[2K[2m[WebServer] [22mNormalized required roles: [
[2m[WebServer] [22m  [32m'department employee'[39m,
[2m[WebServer] [22m  [32m'hr employee'[39m,
[2m[WebServer] [22m  [32m'department head'[39m,
[2m[WebServer] [22m  [32m'hr manager'[39m,
[2m[WebServer] [22m  [32m'hr admin'[39m,
[2m[WebServer] [22m  [32m'system admin'[39m
[2m[WebServer] [22m]
[2m[WebServer] [22mHas required role? [33mtrue[39m
[2m[WebServer] [22mΓ£ö ACCESS GRANTED Γ£ö

[1A[2K[2m[WebServer] [22m≡ƒöì [RequestsController] checkOverlap: { from: [32m'2026-05-06'[39m, to: [32m'2026-05-13'[39m, excludeId: [90mundefined[39m }

[1A[2K
================================================================================

[1A[2K≡ƒÄë ALL LEAVE MANAGEMENT TESTS COMPLETED

[1A[2K================================================================================

[1A[2KΓ£à Employee 1 (EMP-1026): All scenarios tested

[1A[2KΓ£à Employee 2 (EMP-1027): Low balance scenarios tested

[1A[2KΓ£à Manager (EMP-1025): Approval workflows tested

[1A[2KΓ£à HR (EMP-1019): System-wide management tested

[1A[2K================================================================================


[1A[2K  13) [chromium] ΓÇ║ leave-tests.spec.ts:703:7 ΓÇ║ ≡ƒæ⌐ EMPLOYEE 2 (EMP-1027 - Finance) - Low Balance Scenarios ΓÇ║ Γ£à K1-K6: Documentation requirements (Sick Leave) 

    Error: [2mexpect([22m[31mlocator[39m[2m).[22mtoBeVisible[2m([22m[2m)[22m failed

    Locator: locator('text=/medical certificate/i, text=/documentation required/i, text=/attach/i')
    Expected: visible
    Timeout: 10000ms
    Error: element(s) not found

    Call log:
    [2m  - Expect "toBeVisible" with timeout 10000ms[22m
    [2m  - waiting for locator('text=/medical certificate/i, text=/documentation required/i, text=/attach/i')[22m


      720 |     // Should show documentation required warning
      721 |     const docWarning = page.locator('text=/medical certificate/i, text=/documentation required/i, text=/attach/i');
    > 722 |     await expect(docWarning).toBeVisible({ timeout: 10000 });
          |                              ^
      723 |     
      724 |     // Upload medical certificate
      725 |     const fileInput = page.locator('input[type="file"]').first();
        at C:\Users\Bedon\Desktop\semester-5-software-project\leave-tests.spec.ts:722:30

    attachment #1: screenshot (image/png) ΓöÇΓöÇΓöÇΓöÇΓöÇΓöÇΓöÇΓöÇΓöÇΓöÇΓöÇΓöÇΓöÇΓöÇΓöÇΓöÇΓöÇΓöÇΓöÇΓöÇΓöÇΓöÇΓöÇΓöÇΓöÇΓöÇΓöÇΓöÇΓöÇΓöÇΓöÇΓöÇΓöÇΓöÇΓöÇΓöÇΓöÇΓöÇΓöÇΓöÇΓöÇΓöÇΓöÇΓöÇΓöÇΓöÇΓöÇΓöÇΓöÇΓöÇΓöÇΓöÇΓöÇΓöÇΓöÇΓöÇΓöÇΓöÇ
    test-results\leave-tests-≡ƒæ⌐-EMPLOYEE-2--cc87a-on-requirements-Sick-Leave--chromium\test-failed-1.png
    ΓöÇΓöÇΓöÇΓöÇΓöÇΓöÇΓöÇΓöÇΓöÇΓöÇΓöÇΓöÇΓöÇΓöÇΓöÇΓöÇΓöÇΓöÇΓöÇΓöÇΓöÇΓöÇΓöÇΓöÇΓöÇΓöÇΓöÇΓöÇΓöÇΓöÇΓöÇΓöÇΓöÇΓöÇΓöÇΓöÇΓöÇΓöÇΓöÇΓöÇΓöÇΓöÇΓöÇΓöÇΓöÇΓöÇΓöÇΓöÇΓöÇΓöÇΓöÇΓöÇΓöÇΓöÇΓöÇΓöÇΓöÇΓöÇΓöÇΓöÇΓöÇΓöÇΓöÇΓöÇΓöÇΓöÇΓöÇΓöÇΓöÇΓöÇΓöÇΓöÇΓöÇΓöÇΓöÇΓöÇΓöÇΓöÇΓöÇΓöÇΓöÇΓöÇΓöÇΓöÇΓöÇΓöÇΓöÇΓöÇΓöÇΓöÇΓöÇΓöÇΓöÇΓöÇΓöÇΓöÇ

    attachment #2: video (video/webm) ΓöÇΓöÇΓöÇΓöÇΓöÇΓöÇΓöÇΓöÇΓöÇΓöÇΓöÇΓöÇΓöÇΓöÇΓöÇΓöÇΓöÇΓöÇΓöÇΓöÇΓöÇΓöÇΓöÇΓöÇΓöÇΓöÇΓöÇΓöÇΓöÇΓöÇΓöÇΓöÇΓöÇΓöÇΓöÇΓöÇΓöÇΓöÇΓöÇΓöÇΓöÇΓöÇΓöÇΓöÇΓöÇΓöÇΓöÇΓöÇΓöÇΓöÇΓöÇΓöÇΓöÇΓöÇΓöÇΓöÇΓöÇΓöÇΓöÇΓöÇΓöÇΓöÇ
    test-results\leave-tests-≡ƒæ⌐-EMPLOYEE-2--cc87a-on-requirements-Sick-Leave--chromium\video.webm
    ΓöÇΓöÇΓöÇΓöÇΓöÇΓöÇΓöÇΓöÇΓöÇΓöÇΓöÇΓöÇΓöÇΓöÇΓöÇΓöÇΓöÇΓöÇΓöÇΓöÇΓöÇΓöÇΓöÇΓöÇΓöÇΓöÇΓöÇΓöÇΓöÇΓöÇΓöÇΓöÇΓöÇΓöÇΓöÇΓöÇΓöÇΓöÇΓöÇΓöÇΓöÇΓöÇΓöÇΓöÇΓöÇΓöÇΓöÇΓöÇΓöÇΓöÇΓöÇΓöÇΓöÇΓöÇΓöÇΓöÇΓöÇΓöÇΓöÇΓöÇΓöÇΓöÇΓöÇΓöÇΓöÇΓöÇΓöÇΓöÇΓöÇΓöÇΓöÇΓöÇΓöÇΓöÇΓöÇΓöÇΓöÇΓöÇΓöÇΓöÇΓöÇΓöÇΓöÇΓöÇΓöÇΓöÇΓöÇΓöÇΓöÇΓöÇΓöÇΓöÇΓöÇΓöÇΓöÇΓöÇ

    Error Context: test-results\leave-tests-≡ƒæ⌐-EMPLOYEE-2--cc87a-on-requirements-Sick-Leave--chromium\error-context.md


[1A[2K[20/35] [chromium] ΓÇ║ leave-tests.spec.ts:735:7 ΓÇ║ ≡ƒæ⌐ EMPLOYEE 2 (EMP-1027 - Finance) - Low Balance Scenarios ΓÇ║ Γ£à L1-L5: Maternity leave (long duration - REQ-012)
[1A[2K[chromium] ΓÇ║ leave-tests.spec.ts:735:7 ΓÇ║ ≡ƒæ⌐ EMPLOYEE 2 (EMP-1027 - Finance) - Low Balance Scenarios ΓÇ║ Γ£à L1-L5: Maternity leave (long duration - REQ-012)
≡ƒöÉ Logging in as: financeemp1.work@example.com

[1A[2K[2m[WebServer] [22m GET /login [32m200[39m in 34ms[2m (compile: 2ms, render: 31ms)[22m

[1A[2K[2m[WebServer] [22m≡ƒöÑ JwtAuthGuard: canActivate CALLED

[1A[2K[2m[WebServer] [22m≡ƒöì JWT Extractor - All cookies: [Object: null prototype] {}
[2m[WebServer] [22m≡ƒöì JWT Extractor - Headers: [90mundefined[39m

[1A[2K[2m[WebServer] [22m≡ƒöì JWT Extractor - accessToken: NOT FOUND

[1A[2K[2m[WebServer] [22m≡ƒöÑ JwtAuthGuard: handleRequest() {
[2m[WebServer] [22m  err: [1mnull[22m,
[2m[WebServer] [22m  user: [33mfalse[39m,
[2m[WebServer] [22m  info: Error: No auth token
[2m[WebServer] [22m      at JwtStrategy.authenticate [90m(C:\Users\Bedon\Desktop\semester-5-software-project\backend\[39mnode_modules\[4mpassport-jwt[24m\lib\strategy.js:96:26[90m)[39m
[2m[WebServer] [22m      at attempt [90m(C:\Users\Bedon\Desktop\semester-5-software-project\backend\[39mnode_modules\[4mpassport[24m\lib\middleware\authenticate.js:378:16[90m)[39m
[2m[WebServer] [22m      at authenticate [90m(C:\Users\Bedon\Desktop\semester-5-software-project\backend\[39mnode_modules\[4mpassport[24m\lib\middleware\authenticate.js:379:7[90m)[39m
[2m[WebServer] [22m      at [90mC:\Users\Bedon\Desktop\semester-5-software-project\backend\[39mnode_modules\[4m@nestjs[24m\passport\dist\auth.guard.js:88:3
[2m[WebServer] [22m      at new Promise (<anonymous>)
[2m[WebServer] [22m      at [90mC:\Users\Bedon\Desktop\semester-5-software-project\backend\[39mnode_modules\[4m@nestjs[24m\passport\dist\auth.guard.js:80:83
[2m[WebServer] [22m      at JwtAuthGuard.canActivate [90m(C:\Users\Bedon\Desktop\semester-5-software-project\backend\[39mnode_modules\[4m@nestjs[24m\passport\dist\auth.guard.js:44:32[90m)[39m
[2m[WebServer] [22m  [90m    at process.processTicksAndRejections (node:internal/process/task_queues:105:5)[39m
[2m[WebServer] [22m}

[1A[2K[2m[WebServer] [22mΓ¥î JwtAuthGuard INFO: Error: No auth token
[2m[WebServer] [22m    at JwtStrategy.authenticate 
[90m(C:\Users\Bedon\Desktop\semester-5-software-project\backend\[39mnode_modules\[4mpassport-jwt[24m\lib\strategy.js:96:26[90m)[39m
[2m[WebServer] [22m    at attempt 
[90m(C:\Users\Bedon\Desktop\semester-5-software-project\backend\[39mnode_modules\[4mpassport[24m\lib\middleware\authenticate.js:378:16[90m)[39m
[2m[WebServer] [22m    at authenticate 
[90m(C:\Users\Bedon\Desktop\semester-5-software-project\backend\[39mnode_modules\[4mpassport[24m\lib\middleware\authenticate.js:379:7[90m)[39m
[2m[WebServer] [22m    at [90mC:\Users\Bedon\Desktop\semester-5-software-project\backend\[39mnode_modules\[4m@nestjs[24m\passport\dist\auth.guard.js:88:3
[2m[WebServer] [22m    at new Promise (<anonymous>)
[2m[WebServer] [22m    at 
[90mC:\Users\Bedon\Desktop\semester-5-software-project\backend\[39mnode_modules\[4m@nestjs[24m\passport\dist\auth.guard.js:80:83
[2m[WebServer] [22m    at JwtAuthGuard.canActivate 
[90m(C:\Users\Bedon\Desktop\semester-5-software-project\backend\[39mnode_modules\[4m@nestjs[24m\passport\dist\auth.guard.js:44:32[90m)[39m

[2m[WebServer] [22m[90m    at process.processTicksAndRejections (node:internal/process/task_queues:105:5)[39m
[1A[2K[2m[WebServer] [22mΓ¥î JwtAuthGuard FAILING ΓåÆ No auth token

[1A[2K[2m[WebServer] [22mVALIDATE EMPLOYEE - systemRole = {
[2m[WebServer] [22m  _id: new ObjectId([32m'6929e329934d8e079e6f55bd'[39m),
[2m[WebServer] [22m  employeeProfileId: new ObjectId([32m'6929e329934d8e079e6f55bb'[39m),
[2m[WebServer] [22m  roles: [ [32m'department employee'[39m ],
[2m[WebServer] [22m  permissions: [],
[2m[WebServer] [22m  isActive: [33mtrue[39m,
[2m[WebServer] [22m  createdAt: [35m2025-11-28T18:00:09.867Z[39m,
[2m[WebServer] [22m  updatedAt: [35m2025-11-28T18:00:09.867Z[39m,
[2m[WebServer] [22m  __v: [33m0[39m
[2m[WebServer] [22m}

[1A[2K[2m[WebServer] [22mGenerated token: eyJhbGciOiJIUzI1NiIsInR5cCI6IkpXVCJ9.eyJzdWIiOiI2OTI5ZTMyOTkzNGQ4ZTA3OWU2ZjU1YmIiLCJ3b3JrRW1haWwiOiJmaW5hbmNlZW1wMS53b3JrQGV4YW1wbGUuY29tIiwicm9sZXMiOlsiZGVwYXJ0bWVudCBlbXBsb3llZSJdLCJwZXJtaXNzaW9ucyI6W10sInByaW1hcnlEZXBhcnRtZW50SWQiOiI2OTI5ZTEwNzk5YmUxYTc5MzlhMmUwNGUiLCJlbXBsb3llZU51bWJlciI6IkVNUC0xMDI3IiwiaWF0IjoxNzY1OTgyMDAzLCJleHAiOjE3NjYwNjg0MDN9.Th9p5GvYqSd-bGuQe785II6Cf1OnGA0cADfM0gP07TM

[1A[2K[2m[WebServer] [22m GET /leaves [32m200[39m in 18ms[2m (compile: 3ms, render: 15ms)[22m

[1A[2KΓ£à Login successful

[1A[2K≡ƒñ░ Testing Maternity Leave

[1A[2K[2m[WebServer] [22m≡ƒöÑ JwtAuthGuard: canActivate CALLED

[1A[2K[2m[WebServer] [22m≡ƒöì JWT Extractor - All cookies: {
[2m[WebServer] [22m  accessToken: [32m'eyJhbGciOiJIUzI1NiIsInR5cCI6IkpXVCJ9.eyJzdWIiOiI2OTI5ZTMyOTkzNGQ4ZTA3OWU2ZjU1YmIiLCJ3b3JrRW1haWwiOiJmaW5hbmNlZW1wMS53b3JrQGV4YW1wbGUuY29tIiwicm9sZXMiOlsiZGVwYXJ0bWVudCBlbXBsb3llZSJdLCJwZXJtaXNzaW9ucyI6W10sInByaW1hcnlEZXBhcnRtZW50SWQiOiI2OTI5ZTEwNzk5YmUxYTc5MzlhMmUwNGUiLCJlbXBsb3llZU51bWJlciI6IkVNUC0xMDI3IiwiaWF0IjoxNzY1OTgyMDAzLCJleHAiOjE3NjYwNjg0MDN9.Th9p5GvYqSd-bGuQe785II6Cf1OnGA0cADfM0gP07TM'[39m
[2m[WebServer] [22m}
[2m[WebServer] [22m≡ƒöì JWT Extractor - Headers: accessToken=eyJhbGciOiJIUzI1NiIsInR5cCI6IkpXVCJ9.eyJzdWIiOiI2OTI5ZTMyOTkzNGQ4ZTA3OWU2ZjU1YmIiLCJ3b3JrRW1haWwiOiJmaW5hbmNlZW1wMS53b3JrQGV4YW1wbGUuY29tIiwicm9sZXMiOlsiZGVwYXJ0bWVudCBlbXBsb3llZSJdLCJwZXJtaXNzaW9ucyI6W10sInByaW1hcnlEZXBhcnRtZW50SWQiOiI2OTI5ZTEwNzk5YmUxYTc5MzlhMmUwNGUiLCJlbXBsb3llZU51bWJlciI6IkVNUC0xMDI3IiwiaWF0IjoxNzY1OTgyMDAzLCJleHAiOjE3NjYwNjg0MDN9.Th9p5GvYqSd-bGuQe785II6Cf1OnGA0cADfM0gP07TM

[1A[2K[2m[WebServer] [22m≡ƒöì JWT Extractor - accessToken: FOUND

[1A[2K[2m[WebServer] [22mJwtStrategy VALIDATE: {
[2m[WebServer] [22m  sub: [32m'6929e329934d8e079e6f55bb'[39m,
[2m[WebServer] [22m  workEmail: [32m'financeemp1.work@example.com'[39m,
[2m[WebServer] [22m  roles: [ [32m'department employee'[39m ],
[2m[WebServer] [22m  permissions: [],
[2m[WebServer] [22m  primaryDepartmentId: [32m'6929e10799be1a7939a2e04e'[39m,
[2m[WebServer] [22m  employeeNumber: [32m'EMP-1027'[39m,
[2m[WebServer] [22m  iat: [33m1765982003[39m,
[2m[WebServer] [22m  exp: [33m1766068403[39m
[2m[WebServer] [22m}

[1A[2K[2m[WebServer] [22m≡ƒöÑ JwtAuthGuard: handleRequest() {
[2m[WebServer] [22m  err: [1mnull[22m,
[2m[WebServer] [22m  user: {
[2m[WebServer] [22m    id: [32m'6929e329934d8e079e6f55bb'[39m,
[2m[WebServer] [22m    workEmail: [32m'financeemp1.work@example.com'[39m,
[2m[WebServer] [22m    roles: [ [32m'department employee'[39m ],
[2m[WebServer] [22m    permissions: [],
[2m[WebServer] [22m    primaryDepartmentId: [32m'6929e10799be1a7939a2e04e'[39m,
[2m[WebServer] [22m    employeeNumber: [32m'EMP-1027'[39m
[2m[WebServer] [22m  },
[2m[WebServer] [22m  info: [90mundefined[39m
[2m[WebServer] [22m}

[1A[2K[2m[WebServer] [22mΓ£à JwtAuthGuard SUCCESS ΓåÆ user authenticated: 6929e329934d8e079e6f55bb
[2m[WebServer] [22m≡ƒöÑ RolesGuard running!
[2m[WebServer] [22m
[2m[WebServer] [22m===== ROLE GUARD =====
[2m[WebServer] [22mRequired roles: [
[2m[WebServer] [22m  [32m'department employee'[39m,
[2m[WebServer] [22m  [32m'HR Employee'[39m,
[2m[WebServer] [22m  [32m'department head'[39m,
[2m[WebServer] [22m  [32m'HR Manager'[39m,
[2m[WebServer] [22m  [32m'HR Admin'[39m,
[2m[WebServer] [22m  [32m'System Admin'[39m
[2m[WebServer] [22m]

[1A[2K[2m[WebServer] [22mUser object: {
[2m[WebServer] [22m  id: [32m'6929e329934d8e079e6f55bb'[39m,
[2m[WebServer] [22m  workEmail: [32m'financeemp1.work@example.com'[39m,
[2m[WebServer] [22m  roles: [ [32m'department employee'[39m ],
[2m[WebServer] [22m  permissions: [],
[2m[WebServer] [22m  primaryDepartmentId: [32m'6929e10799be1a7939a2e04e'[39m,
[2m[WebServer] [22m  employeeNumber: [32m'EMP-1027'[39m
[2m[WebServer] [22m}

[1A[2K[2m[WebServer] [22mNormalized user roles: [ [32m'department employee'[39m ]

[1A[2K[2m[WebServer] [22mNormalized required roles: [
[2m[WebServer] [22m  [32m'department employee'[39m,
[2m[WebServer] [22m  [32m'hr employee'[39m,
[2m[WebServer] [22m  [32m'department head'[39m,
[2m[WebServer] [22m  [32m'hr manager'[39m,
[2m[WebServer] [22m  [32m'hr admin'[39m,
[2m[WebServer] [22m  [32m'system admin'[39m
[2m[WebServer] [22m]
[2m[WebServer] [22mHas required role? [33mtrue[39m
[2m[WebServer] [22mΓ£ö ACCESS GRANTED Γ£ö

[1A[2K[2m[WebServer] [22m≡ƒöì [TrackingController] getMyBalances: {
[2m[WebServer] [22m  query: [Object: null prototype] {},
[2m[WebServer] [22m  userId: [32m'6929e329934d8e079e6f55bb'[39m
[2m[WebServer] [22m}

[1A[2K[2m[WebServer] [22m≡ƒöÑ JwtAuthGuard: canActivate CALLED

[1A[2K[2m[WebServer] [22m≡ƒöì JWT Extractor - All cookies: {
[2m[WebServer] [22m  accessToken: [32m'eyJhbGciOiJIUzI1NiIsInR5cCI6IkpXVCJ9.eyJzdWIiOiI2OTI5ZTMyOTkzNGQ4ZTA3OWU2ZjU1YmIiLCJ3b3JrRW1haWwiOiJmaW5hbmNlZW1wMS53b3JrQGV4YW1wbGUuY29tIiwicm9sZXMiOlsiZGVwYXJ0bWVudCBlbXBsb3llZSJdLCJwZXJtaXNzaW9ucyI6W10sInByaW1hcnlEZXBhcnRtZW50SWQiOiI2OTI5ZTEwNzk5YmUxYTc5MzlhMmUwNGUiLCJlbXBsb3llZU51bWJlciI6IkVNUC0xMDI3IiwiaWF0IjoxNzY1OTgyMDAzLCJleHAiOjE3NjYwNjg0MDN9.Th9p5GvYqSd-bGuQe785II6Cf1OnGA0cADfM0gP07TM'[39m
[2m[WebServer] [22m}

[1A[2K[2m[WebServer] [22m≡ƒöì JWT Extractor - Headers: accessToken=eyJhbGciOiJIUzI1NiIsInR5cCI6IkpXVCJ9.eyJzdWIiOiI2OTI5ZTMyOTkzNGQ4ZTA3OWU2ZjU1YmIiLCJ3b3JrRW1haWwiOiJmaW5hbmNlZW1wMS53b3JrQGV4YW1wbGUuY29tIiwicm9sZXMiOlsiZGVwYXJ0bWVudCBlbXBsb3llZSJdLCJwZXJtaXNzaW9ucyI6W10sInByaW1hcnlEZXBhcnRtZW50SWQiOiI2OTI5ZTEwNzk5YmUxYTc5MzlhMmUwNGUiLCJlbXBsb3llZU51bWJlciI6IkVNUC0xMDI3IiwiaWF0IjoxNzY1OTgyMDAzLCJleHAiOjE3NjYwNjg0MDN9.Th9p5GvYqSd-bGuQe785II6Cf1OnGA0cADfM0gP07TM
[2m[WebServer] [22m≡ƒöì JWT Extractor - accessToken: FOUND

[1A[2K[2m[WebServer] [22mJwtStrategy VALIDATE: {
[2m[WebServer] [22m  sub: [32m'6929e329934d8e079e6f55bb'[39m,
[2m[WebServer] [22m  workEmail: [32m'financeemp1.work@example.com'[39m,
[2m[WebServer] [22m  roles: [ [32m'department employee'[39m ],
[2m[WebServer] [22m  permissions: [],
[2m[WebServer] [22m  primaryDepartmentId: [32m'6929e10799be1a7939a2e04e'[39m,
[2m[WebServer] [22m  employeeNumber: [32m'EMP-1027'[39m,
[2m[WebServer] [22m  iat: [33m1765982003[39m,
[2m[WebServer] [22m  exp: [33m1766068403[39m
[2m[WebServer] [22m}

[1A[2K[2m[WebServer] [22m≡ƒöÑ JwtAuthGuard: handleRequest() {
[2m[WebServer] [22m  err: [1mnull[22m,
[2m[WebServer] [22m  user: {
[2m[WebServer] [22m    id: [32m'6929e329934d8e079e6f55bb'[39m,
[2m[WebServer] [22m    workEmail: [32m'financeemp1.work@example.com'[39m,
[2m[WebServer] [22m    roles: [ [32m'department employee'[39m ],
[2m[WebServer] [22m    permissions: [],
[2m[WebServer] [22m    primaryDepartmentId: [32m'6929e10799be1a7939a2e04e'[39m,
[2m[WebServer] [22m    employeeNumber: [32m'EMP-1027'[39m
[2m[WebServer] [22m  },
[2m[WebServer] [22m  info: [90mundefined[39m
[2m[WebServer] [22m}
[2m[WebServer] [22mΓ£à JwtAuthGuard SUCCESS ΓåÆ user authenticated: 6929e329934d8e079e6f55bb
[2m[WebServer] [22m≡ƒöÑ RolesGuard running!

[1A[2K[2m[WebServer] [22m
[2m[WebServer] [22m===== ROLE GUARD =====
[2m[WebServer] [22mRequired roles: [
[2m[WebServer] [22m  [32m'department employee'[39m,
[2m[WebServer] [22m  [32m'HR Employee'[39m,
[2m[WebServer] [22m  [32m'department head'[39m,
[2m[WebServer] [22m  [32m'HR Manager'[39m,
[2m[WebServer] [22m  [32m'HR Admin'[39m,
[2m[WebServer] [22m  [32m'System Admin'[39m
[2m[WebServer] [22m]
[2m[WebServer] [22mUser object: {
[2m[WebServer] [22m  id: [32m'6929e329934d8e079e6f55bb'[39m,
[2m[WebServer] [22m  workEmail: [32m'financeemp1.work@example.com'[39m,
[2m[WebServer] [22m  roles: [ [32m'department employee'[39m ],
[2m[WebServer] [22m  permissions: [],
[2m[WebServer] [22m  primaryDepartmentId: [32m'6929e10799be1a7939a2e04e'[39m,
[2m[WebServer] [22m  employeeNumber: [32m'EMP-1027'[39m
[2m[WebServer] [22m}

[1A[2K[2m[WebServer] [22mNormalized user roles: [ [32m'department employee'[39m ]
[2m[WebServer] [22mNormalized required roles: [
[2m[WebServer] [22m  [32m'department employee'[39m,
[2m[WebServer] [22m  [32m'hr employee'[39m,
[2m[WebServer] [22m  [32m'department head'[39m,
[2m[WebServer] [22m  [32m'hr manager'[39m,
[2m[WebServer] [22m  [32m'hr admin'[39m,
[2m[WebServer] [22m  [32m'system admin'[39m
[2m[WebServer] [22m]
[2m[WebServer] [22mHas required role? [33mtrue[39m

[1A[2K[2m[WebServer] [22mΓ£ö ACCESS GRANTED Γ£ö

[1A[2K[2m[WebServer] [22m≡ƒöì [TrackingController] getMyHistory: {
[2m[WebServer] [22m  filters: [Object: null prototype] {},
[2m[WebServer] [22m  userId: [32m'6929e329934d8e079e6f55bb'[39m
[2m[WebServer] [22m}

[1A[2K[2m[WebServer] [22m GET /leaves/my-leaves [32m200[39m in 44ms[2m (compile: 3ms, render: 41ms)[22m

[1A[2K[2m[WebServer] [22m≡ƒöÑ JwtAuthGuard: canActivate CALLED

[1A[2K[2m[WebServer] [22m≡ƒöì JWT Extractor - All cookies: {
[2m[WebServer] [22m  accessToken: [32m'eyJhbGciOiJIUzI1NiIsInR5cCI6IkpXVCJ9.eyJzdWIiOiI2OTI5ZTMyOTkzNGQ4ZTA3OWU2ZjU1YmIiLCJ3b3JrRW1haWwiOiJmaW5hbmNlZW1wMS53b3JrQGV4YW1wbGUuY29tIiwicm9sZXMiOlsiZGVwYXJ0bWVudCBlbXBsb3llZSJdLCJwZXJtaXNzaW9ucyI6W10sInByaW1hcnlEZXBhcnRtZW50SWQiOiI2OTI5ZTEwNzk5YmUxYTc5MzlhMmUwNGUiLCJlbXBsb3llZU51bWJlciI6IkVNUC0xMDI3IiwiaWF0IjoxNzY1OTgyMDAzLCJleHAiOjE3NjYwNjg0MDN9.Th9p5GvYqSd-bGuQe785II6Cf1OnGA0cADfM0gP07TM'[39m
[2m[WebServer] [22m}

[1A[2K[2m[WebServer] [22m≡ƒöì JWT Extractor - Headers: accessToken=eyJhbGciOiJIUzI1NiIsInR5cCI6IkpXVCJ9.eyJzdWIiOiI2OTI5ZTMyOTkzNGQ4ZTA3OWU2ZjU1YmIiLCJ3b3JrRW1haWwiOiJmaW5hbmNlZW1wMS53b3JrQGV4YW1wbGUuY29tIiwicm9sZXMiOlsiZGVwYXJ0bWVudCBlbXBsb3llZSJdLCJwZXJtaXNzaW9ucyI6W10sInByaW1hcnlEZXBhcnRtZW50SWQiOiI2OTI5ZTEwNzk5YmUxYTc5MzlhMmUwNGUiLCJlbXBsb3llZU51bWJlciI6IkVNUC0xMDI3IiwiaWF0IjoxNzY1OTgyMDAzLCJleHAiOjE3NjYwNjg0MDN9.Th9p5GvYqSd-bGuQe785II6Cf1OnGA0cADfM0gP07TM
[2m[WebServer] [22m≡ƒöì JWT Extractor - accessToken: FOUND

[1A[2K[2m[WebServer] [22mJwtStrategy VALIDATE: {
[2m[WebServer] [22m  sub: [32m'6929e329934d8e079e6f55bb'[39m,
[2m[WebServer] [22m  workEmail: [32m'financeemp1.work@example.com'[39m,
[2m[WebServer] [22m  roles: [ [32m'department employee'[39m ],
[2m[WebServer] [22m  permissions: [],
[2m[WebServer] [22m  primaryDepartmentId: [32m'6929e10799be1a7939a2e04e'[39m,
[2m[WebServer] [22m  employeeNumber: [32m'EMP-1027'[39m,
[2m[WebServer] [22m  iat: [33m1765982003[39m,
[2m[WebServer] [22m  exp: [33m1766068403[39m
[2m[WebServer] [22m}

[1A[2K[2m[WebServer] [22m≡ƒöÑ JwtAuthGuard: handleRequest() {
[2m[WebServer] [22m  err: [1mnull[22m,
[2m[WebServer] [22m  user: {
[2m[WebServer] [22m    id: [32m'6929e329934d8e079e6f55bb'[39m,
[2m[WebServer] [22m    workEmail: [32m'financeemp1.work@example.com'[39m,
[2m[WebServer] [22m    roles: [ [32m'department employee'[39m ],
[2m[WebServer] [22m    permissions: [],
[2m[WebServer] [22m    primaryDepartmentId: [32m'6929e10799be1a7939a2e04e'[39m,
[2m[WebServer] [22m    employeeNumber: [32m'EMP-1027'[39m
[2m[WebServer] [22m  },
[2m[WebServer] [22m  info: [90mundefined[39m
[2m[WebServer] [22m}

[1A[2K[2m[WebServer] [22mΓ£à JwtAuthGuard SUCCESS ΓåÆ user authenticated: 6929e329934d8e079e6f55bb

[1A[2K[2m[WebServer] [22m≡ƒöì [LeaveTypeController] findAll

[1A[2K[2m[WebServer] [22m≡ƒöÑ JwtAuthGuard: canActivate CALLED

[1A[2K[2m[WebServer] [22m≡ƒöì JWT Extractor - All cookies: {
[2m[WebServer] [22m  accessToken: [32m'eyJhbGciOiJIUzI1NiIsInR5cCI6IkpXVCJ9.eyJzdWIiOiI2OTI5ZTMyOTkzNGQ4ZTA3OWU2ZjU1YmIiLCJ3b3JrRW1haWwiOiJmaW5hbmNlZW1wMS53b3JrQGV4YW1wbGUuY29tIiwicm9sZXMiOlsiZGVwYXJ0bWVudCBlbXBsb3llZSJdLCJwZXJtaXNzaW9ucyI6W10sInByaW1hcnlEZXBhcnRtZW50SWQiOiI2OTI5ZTEwNzk5YmUxYTc5MzlhMmUwNGUiLCJlbXBsb3llZU51bWJlciI6IkVNUC0xMDI3IiwiaWF0IjoxNzY1OTgyMDAzLCJleHAiOjE3NjYwNjg0MDN9.Th9p5GvYqSd-bGuQe785II6Cf1OnGA0cADfM0gP07TM'[39m
[2m[WebServer] [22m}

[1A[2K[2m[WebServer] [22m≡ƒöì JWT Extractor - Headers: accessToken=eyJhbGciOiJIUzI1NiIsInR5cCI6IkpXVCJ9.eyJzdWIiOiI2OTI5ZTMyOTkzNGQ4ZTA3OWU2ZjU1YmIiLCJ3b3JrRW1haWwiOiJmaW5hbmNlZW1wMS53b3JrQGV4YW1wbGUuY29tIiwicm9sZXMiOlsiZGVwYXJ0bWVudCBlbXBsb3llZSJdLCJwZXJtaXNzaW9ucyI6W10sInByaW1hcnlEZXBhcnRtZW50SWQiOiI2OTI5ZTEwNzk5YmUxYTc5MzlhMmUwNGUiLCJlbXBsb3llZU51bWJlciI6IkVNUC0xMDI3IiwiaWF0IjoxNzY1OTgyMDAzLCJleHAiOjE3NjYwNjg0MDN9.Th9p5GvYqSd-bGuQe785II6Cf1OnGA0cADfM0gP07TM
[2m[WebServer] [22m≡ƒöì JWT Extractor - accessToken: FOUND

[1A[2K[2m[WebServer] [22mJwtStrategy VALIDATE: {
[2m[WebServer] [22m  sub: [32m'6929e329934d8e079e6f55bb'[39m,
[2m[WebServer] [22m  workEmail: [32m'financeemp1.work@example.com'[39m,
[2m[WebServer] [22m  roles: [ [32m'department employee'[39m ],
[2m[WebServer] [22m  permissions: [],
[2m[WebServer] [22m  primaryDepartmentId: [32m'6929e10799be1a7939a2e04e'[39m,
[2m[WebServer] [22m  employeeNumber: [32m'EMP-1027'[39m,
[2m[WebServer] [22m  iat: [33m1765982003[39m,
[2m[WebServer] [22m  exp: [33m1766068403[39m
[2m[WebServer] [22m}

[1A[2K[2m[WebServer] [22m≡ƒöÑ JwtAuthGuard: handleRequest() {
[2m[WebServer] [22m  err: [1mnull[22m,
[2m[WebServer] [22m  user: {
[2m[WebServer] [22m    id: [32m'6929e329934d8e079e6f55bb'[39m,
[2m[WebServer] [22m    workEmail: [32m'financeemp1.work@example.com'[39m,
[2m[WebServer] [22m    roles: [ [32m'department employee'[39m ],
[2m[WebServer] [22m    permissions: [],
[2m[WebServer] [22m    primaryDepartmentId: [32m'6929e10799be1a7939a2e04e'[39m,
[2m[WebServer] [22m    employeeNumber: [32m'EMP-1027'[39m
[2m[WebServer] [22m  },
[2m[WebServer] [22m  info: [90mundefined[39m
[2m[WebServer] [22m}
[2m[WebServer] [22mΓ£à JwtAuthGuard SUCCESS ΓåÆ user authenticated: 6929e329934d8e079e6f55bb

[1A[2K[2m[WebServer] [22m≡ƒöÑ RolesGuard running!
[2m[WebServer] [22m
[2m[WebServer] [22m===== ROLE GUARD =====

[1A[2K[2m[WebServer] [22mRequired roles: [
[2m[WebServer] [22m  [32m'department employee'[39m,
[2m[WebServer] [22m  [32m'HR Employee'[39m,
[2m[WebServer] [22m  [32m'department head'[39m,
[2m[WebServer] [22m  [32m'HR Manager'[39m,
[2m[WebServer] [22m  [32m'HR Admin'[39m,
[2m[WebServer] [22m  [32m'System Admin'[39m
[2m[WebServer] [22m]

[1A[2K[2m[WebServer] [22mUser object: {
[2m[WebServer] [22m  id: [32m'6929e329934d8e079e6f55bb'[39m,
[2m[WebServer] [22m  workEmail: [32m'financeemp1.work@example.com'[39m,
[2m[WebServer] [22m  roles: [ [32m'department employee'[39m ],
[2m[WebServer] [22m  permissions: [],
[2m[WebServer] [22m  primaryDepartmentId: [32m'6929e10799be1a7939a2e04e'[39m,
[2m[WebServer] [22m  employeeNumber: [32m'EMP-1027'[39m
[2m[WebServer] [22m}
[2m[WebServer] [22mNormalized user roles: [ [32m'department employee'[39m ]

[1A[2K[2m[WebServer] [22mNormalized required roles: [
[2m[WebServer] [22m  [32m'department employee'[39m,
[2m[WebServer] [22m  [32m'hr employee'[39m,
[2m[WebServer] [22m  [32m'department head'[39m,
[2m[WebServer] [22m  [32m'hr manager'[39m,
[2m[WebServer] [22m  [32m'hr admin'[39m,
[2m[WebServer] [22m  [32m'system admin'[39m
[2m[WebServer] [22m]
[2m[WebServer] [22mHas required role? [33mtrue[39m

[1A[2K[2m[WebServer] [22mΓ£ö ACCESS GRANTED Γ£ö

[1A[2K[2m[WebServer] [22m≡ƒöì [TrackingController] getMyBalances: {
[2m[WebServer] [22m  query: [Object: null prototype] {},
[2m[WebServer] [22m  userId: [32m'6929e329934d8e079e6f55bb'[39m
[2m[WebServer] [22m}

[1A[2K[2m[WebServer] [22m≡ƒöÑ JwtAuthGuard: canActivate CALLED

[1A[2K[2m[WebServer] [22m≡ƒöì JWT Extractor - All cookies: {
[2m[WebServer] [22m  accessToken: [32m'eyJhbGciOiJIUzI1NiIsInR5cCI6IkpXVCJ9.eyJzdWIiOiI2OTI5ZTMyOTkzNGQ4ZTA3OWU2ZjU1YmIiLCJ3b3JrRW1haWwiOiJmaW5hbmNlZW1wMS53b3JrQGV4YW1wbGUuY29tIiwicm9sZXMiOlsiZGVwYXJ0bWVudCBlbXBsb3llZSJdLCJwZXJtaXNzaW9ucyI6W10sInByaW1hcnlEZXBhcnRtZW50SWQiOiI2OTI5ZTEwNzk5YmUxYTc5MzlhMmUwNGUiLCJlbXBsb3llZU51bWJlciI6IkVNUC0xMDI3IiwiaWF0IjoxNzY1OTgyMDAzLCJleHAiOjE3NjYwNjg0MDN9.Th9p5GvYqSd-bGuQe785II6Cf1OnGA0cADfM0gP07TM'[39m
[2m[WebServer] [22m}

[1A[2K[2m[WebServer] [22m≡ƒöì JWT Extractor - Headers: accessToken=eyJhbGciOiJIUzI1NiIsInR5cCI6IkpXVCJ9.eyJzdWIiOiI2OTI5ZTMyOTkzNGQ4ZTA3OWU2ZjU1YmIiLCJ3b3JrRW1haWwiOiJmaW5hbmNlZW1wMS53b3JrQGV4YW1wbGUuY29tIiwicm9sZXMiOlsiZGVwYXJ0bWVudCBlbXBsb3llZSJdLCJwZXJtaXNzaW9ucyI6W10sInByaW1hcnlEZXBhcnRtZW50SWQiOiI2OTI5ZTEwNzk5YmUxYTc5MzlhMmUwNGUiLCJlbXBsb3llZU51bWJlciI6IkVNUC0xMDI3IiwiaWF0IjoxNzY1OTgyMDAzLCJleHAiOjE3NjYwNjg0MDN9.Th9p5GvYqSd-bGuQe785II6Cf1OnGA0cADfM0gP07TM
[2m[WebServer] [22m≡ƒöì JWT Extractor - accessToken: FOUND

[1A[2K[2m[WebServer] [22mJwtStrategy VALIDATE: {
[2m[WebServer] [22m  sub: [32m'6929e329934d8e079e6f55bb'[39m,
[2m[WebServer] [22m  workEmail: [32m'financeemp1.work@example.com'[39m,
[2m[WebServer] [22m  roles: [ [32m'department employee'[39m ],
[2m[WebServer] [22m  permissions: [],
[2m[WebServer] [22m  primaryDepartmentId: [32m'6929e10799be1a7939a2e04e'[39m,
[2m[WebServer] [22m  employeeNumber: [32m'EMP-1027'[39m,
[2m[WebServer] [22m  iat: [33m1765982003[39m,
[2m[WebServer] [22m  exp: [33m1766068403[39m
[2m[WebServer] [22m}

[1A[2K[2m[WebServer] [22m≡ƒöÑ JwtAuthGuard: handleRequest() {
[2m[WebServer] [22m  err: [1mnull[22m,
[2m[WebServer] [22m  user: {
[2m[WebServer] [22m    id: [32m'6929e329934d8e079e6f55bb'[39m,
[2m[WebServer] [22m    workEmail: [32m'financeemp1.work@example.com'[39m,
[2m[WebServer] [22m    roles: [ [32m'department employee'[39m ],
[2m[WebServer] [22m    permissions: [],
[2m[WebServer] [22m    primaryDepartmentId: [32m'6929e10799be1a7939a2e04e'[39m,
[2m[WebServer] [22m    employeeNumber: [32m'EMP-1027'[39m
[2m[WebServer] [22m  },
[2m[WebServer] [22m  info: [90mundefined[39m
[2m[WebServer] [22m}
[2m[WebServer] [22mΓ£à JwtAuthGuard SUCCESS ΓåÆ user authenticated: 6929e329934d8e079e6f55bb
[2m[WebServer] [22m≡ƒöÑ RolesGuard running!
[2m[WebServer] [22m
[2m[WebServer] [22m===== ROLE GUARD =====
[2m[WebServer] [22mRequired roles: [
[2m[WebServer] [22m  [32m'department employee'[39m,
[2m[WebServer] [22m  [32m'HR Employee'[39m,
[2m[WebServer] [22m  [32m'department head'[39m,
[2m[WebServer] [22m  [32m'HR Manager'[39m,
[2m[WebServer] [22m  [32m'HR Admin'[39m,
[2m[WebServer] [22m  [32m'System Admin'[39m
[2m[WebServer] [22m]

[1A[2K[2m[WebServer] [22mUser object: {
[2m[WebServer] [22m  id: [32m'6929e329934d8e079e6f55bb'[39m,
[2m[WebServer] [22m  workEmail: [32m'financeemp1.work@example.com'[39m,
[2m[WebServer] [22m  roles: [ [32m'department employee'[39m ],
[2m[WebServer] [22m  permissions: [],
[2m[WebServer] [22m  primaryDepartmentId: [32m'6929e10799be1a7939a2e04e'[39m,
[2m[WebServer] [22m  employeeNumber: [32m'EMP-1027'[39m
[2m[WebServer] [22m}
[2m[WebServer] [22mNormalized user roles: [ [32m'department employee'[39m ]
[2m[WebServer] [22mNormalized required roles: [
[2m[WebServer] [22m  [32m'department employee'[39m,
[2m[WebServer] [22m  [32m'hr employee'[39m,
[2m[WebServer] [22m  [32m'department head'[39m,
[2m[WebServer] [22m  [32m'hr manager'[39m,
[2m[WebServer] [22m  [32m'hr admin'[39m,
[2m[WebServer] [22m  [32m'system admin'[39m
[2m[WebServer] [22m]

[1A[2K[2m[WebServer] [22mHas required role? [33mtrue[39m
[2m[WebServer] [22mΓ£ö ACCESS GRANTED Γ£ö

[1A[2K[2m[WebServer] [22m≡ƒöì [RequestsController] getMyRequests: { userId: [90mundefined[39m }

[1A[2K[2m[WebServer] [22m≡ƒöÑ JwtAuthGuard: canActivate CALLED

[1A[2K[2m[WebServer] [22m≡ƒöì JWT Extractor - All cookies: {
[2m[WebServer] [22m  accessToken: [32m'eyJhbGciOiJIUzI1NiIsInR5cCI6IkpXVCJ9.eyJzdWIiOiI2OTI5ZTMyOTkzNGQ4ZTA3OWU2ZjU1YmIiLCJ3b3JrRW1haWwiOiJmaW5hbmNlZW1wMS53b3JrQGV4YW1wbGUuY29tIiwicm9sZXMiOlsiZGVwYXJ0bWVudCBlbXBsb3llZSJdLCJwZXJtaXNzaW9ucyI6W10sInByaW1hcnlEZXBhcnRtZW50SWQiOiI2OTI5ZTEwNzk5YmUxYTc5MzlhMmUwNGUiLCJlbXBsb3llZU51bWJlciI6IkVNUC0xMDI3IiwiaWF0IjoxNzY1OTgyMDAzLCJleHAiOjE3NjYwNjg0MDN9.Th9p5GvYqSd-bGuQe785II6Cf1OnGA0cADfM0gP07TM'[39m
[2m[WebServer] [22m}

[1A[2K[2m[WebServer] [22m≡ƒöì JWT Extractor - Headers: accessToken=eyJhbGciOiJIUzI1NiIsInR5cCI6IkpXVCJ9.eyJzdWIiOiI2OTI5ZTMyOTkzNGQ4ZTA3OWU2ZjU1YmIiLCJ3b3JrRW1haWwiOiJmaW5hbmNlZW1wMS53b3JrQGV4YW1wbGUuY29tIiwicm9sZXMiOlsiZGVwYXJ0bWVudCBlbXBsb3llZSJdLCJwZXJtaXNzaW9ucyI6W10sInByaW1hcnlEZXBhcnRtZW50SWQiOiI2OTI5ZTEwNzk5YmUxYTc5MzlhMmUwNGUiLCJlbXBsb3llZU51bWJlciI6IkVNUC0xMDI3IiwiaWF0IjoxNzY1OTgyMDAzLCJleHAiOjE3NjYwNjg0MDN9.Th9p5GvYqSd-bGuQe785II6Cf1OnGA0cADfM0gP07TM
[2m[WebServer] [22m≡ƒöì JWT Extractor - accessToken: FOUND

[1A[2K[2m[WebServer] [22mJwtStrategy VALIDATE: {
[2m[WebServer] [22m  sub: [32m'6929e329934d8e079e6f55bb'[39m,
[2m[WebServer] [22m  workEmail: [32m'financeemp1.work@example.com'[39m,
[2m[WebServer] [22m  roles: [ [32m'department employee'[39m ],
[2m[WebServer] [22m  permissions: [],
[2m[WebServer] [22m  primaryDepartmentId: [32m'6929e10799be1a7939a2e04e'[39m,
[2m[WebServer] [22m  employeeNumber: [32m'EMP-1027'[39m,
[2m[WebServer] [22m  iat: [33m1765982003[39m,
[2m[WebServer] [22m  exp: [33m1766068403[39m
[2m[WebServer] [22m}

[1A[2K[2m[WebServer] [22m≡ƒöÑ JwtAuthGuard: handleRequest() {
[2m[WebServer] [22m  err: [1mnull[22m,
[2m[WebServer] [22m  user: {
[2m[WebServer] [22m    id: [32m'6929e329934d8e079e6f55bb'[39m,
[2m[WebServer] [22m    workEmail: [32m'financeemp1.work@example.com'[39m,
[2m[WebServer] [22m    roles: [ [32m'department employee'[39m ],
[2m[WebServer] [22m    permissions: [],
[2m[WebServer] [22m    primaryDepartmentId: [32m'6929e10799be1a7939a2e04e'[39m,
[2m[WebServer] [22m    employeeNumber: [32m'EMP-1027'[39m
[2m[WebServer] [22m  },
[2m[WebServer] [22m  info: [90mundefined[39m
[2m[WebServer] [22m}
[2m[WebServer] [22mΓ£à JwtAuthGuard SUCCESS ΓåÆ user authenticated: 6929e329934d8e079e6f55bb
[2m[WebServer] [22m≡ƒöÑ RolesGuard running!
[2m[WebServer] [22m
[2m[WebServer] [22m===== ROLE GUARD =====
[2m[WebServer] [22mRequired roles: [
[2m[WebServer] [22m  [32m'department employee'[39m,
[2m[WebServer] [22m  [32m'HR Employee'[39m,
[2m[WebServer] [22m  [32m'department head'[39m,
[2m[WebServer] [22m  [32m'HR Manager'[39m,
[2m[WebServer] [22m  [32m'HR Admin'[39m,
[2m[WebServer] [22m  [32m'System Admin'[39m
[2m[WebServer] [22m]
[2m[WebServer] [22mUser object: {
[2m[WebServer] [22m  id: [32m'6929e329934d8e079e6f55bb'[39m,
[2m[WebServer] [22m  workEmail: [32m'financeemp1.work@example.com'[39m,
[2m[WebServer] [22m  roles: [ [32m'department employee'[39m ],
[2m[WebServer] [22m  permissions: [],
[2m[WebServer] [22m  primaryDepartmentId: [32m'6929e10799be1a7939a2e04e'[39m,
[2m[WebServer] [22m  employeeNumber: [32m'EMP-1027'[39m
[2m[WebServer] [22m}

[1A[2K[2m[WebServer] [22mNormalized user roles: [ [32m'department employee'[39m ]
[2m[WebServer] [22mNormalized required roles: [
[2m[WebServer] [22m  [32m'department employee'[39m,
[2m[WebServer] [22m  [32m'hr employee'[39m,
[2m[WebServer] [22m  [32m'department head'[39m,
[2m[WebServer] [22m  [32m'hr manager'[39m,
[2m[WebServer] [22m  [32m'hr admin'[39m,
[2m[WebServer] [22m  [32m'system admin'[39m
[2m[WebServer] [22m]
[2m[WebServer] [22mHas required role? [33mtrue[39m
[2m[WebServer] [22mΓ£ö ACCESS GRANTED Γ£ö

[1A[2K[2m[WebServer] [22m≡ƒöì [CalendarsController] calculateWorkingDays: { from: [32m'2026-05-26'[39m, to: [32m'2026-09-23'[39m }

[1A[2K[2m[WebServer] [22m≡ƒöÑ JwtAuthGuard: canActivate CALLED

[1A[2K[2m[WebServer] [22m≡ƒöì JWT Extractor - All cookies: {
[2m[WebServer] [22m  accessToken: [32m'eyJhbGciOiJIUzI1NiIsInR5cCI6IkpXVCJ9.eyJzdWIiOiI2OTI5ZTMyOTkzNGQ4ZTA3OWU2ZjU1YmIiLCJ3b3JrRW1haWwiOiJmaW5hbmNlZW1wMS53b3JrQGV4YW1wbGUuY29tIiwicm9sZXMiOlsiZGVwYXJ0bWVudCBlbXBsb3llZSJdLCJwZXJtaXNzaW9ucyI6W10sInByaW1hcnlEZXBhcnRtZW50SWQiOiI2OTI5ZTEwNzk5YmUxYTc5MzlhMmUwNGUiLCJlbXBsb3llZU51bWJlciI6IkVNUC0xMDI3IiwiaWF0IjoxNzY1OTgyMDAzLCJleHAiOjE3NjYwNjg0MDN9.Th9p5GvYqSd-bGuQe785II6Cf1OnGA0cADfM0gP07TM'[39m
[2m[WebServer] [22m}

[1A[2K[2m[WebServer] [22m≡ƒöì JWT Extractor - Headers: accessToken=eyJhbGciOiJIUzI1NiIsInR5cCI6IkpXVCJ9.eyJzdWIiOiI2OTI5ZTMyOTkzNGQ4ZTA3OWU2ZjU1YmIiLCJ3b3JrRW1haWwiOiJmaW5hbmNlZW1wMS53b3JrQGV4YW1wbGUuY29tIiwicm9sZXMiOlsiZGVwYXJ0bWVudCBlbXBsb3llZSJdLCJwZXJtaXNzaW9ucyI6W10sInByaW1hcnlEZXBhcnRtZW50SWQiOiI2OTI5ZTEwNzk5YmUxYTc5MzlhMmUwNGUiLCJlbXBsb3llZU51bWJlciI6IkVNUC0xMDI3IiwiaWF0IjoxNzY1OTgyMDAzLCJleHAiOjE3NjYwNjg0MDN9.Th9p5GvYqSd-bGuQe785II6Cf1OnGA0cADfM0gP07TM
[2m[WebServer] [22m≡ƒöì JWT Extractor - accessToken: FOUND

[1A[2K[2m[WebServer] [22mJwtStrategy VALIDATE: {
[2m[WebServer] [22m  sub: [32m'6929e329934d8e079e6f55bb'[39m,
[2m[WebServer] [22m  workEmail: [32m'financeemp1.work@example.com'[39m,
[2m[WebServer] [22m  roles: [ [32m'department employee'[39m ],
[2m[WebServer] [22m  permissions: [],
[2m[WebServer] [22m  primaryDepartmentId: [32m'6929e10799be1a7939a2e04e'[39m,
[2m[WebServer] [22m  employeeNumber: [32m'EMP-1027'[39m,
[2m[WebServer] [22m  iat: [33m1765982003[39m,
[2m[WebServer] [22m  exp: [33m1766068403[39m
[2m[WebServer] [22m}

[1A[2K[2m[WebServer] [22m≡ƒöÑ JwtAuthGuard: handleRequest() {
[2m[WebServer] [22m  err: [1mnull[22m,
[2m[WebServer] [22m  user: {
[2m[WebServer] [22m    id: [32m'6929e329934d8e079e6f55bb'[39m,
[2m[WebServer] [22m    workEmail: [32m'financeemp1.work@example.com'[39m,
[2m[WebServer] [22m    roles: [ [32m'department employee'[39m ],
[2m[WebServer] [22m    permissions: [],
[2m[WebServer] [22m    primaryDepartmentId: [32m'6929e10799be1a7939a2e04e'[39m,
[2m[WebServer] [22m    employeeNumber: [32m'EMP-1027'[39m
[2m[WebServer] [22m  },
[2m[WebServer] [22m  info: [90mundefined[39m
[2m[WebServer] [22m}
[2m[WebServer] [22mΓ£à JwtAuthGuard SUCCESS ΓåÆ user authenticated: 6929e329934d8e079e6f55bb
[2m[WebServer] [22m≡ƒöÑ RolesGuard running!
[2m[WebServer] [22m
[2m[WebServer] [22m===== ROLE GUARD =====
[2m[WebServer] [22mRequired roles: [
[2m[WebServer] [22m  [32m'department employee'[39m,
[2m[WebServer] [22m  [32m'HR Employee'[39m,
[2m[WebServer] [22m  [32m'department head'[39m,
[2m[WebServer] [22m  [32m'HR Manager'[39m,
[2m[WebServer] [22m  [32m'HR Admin'[39m,
[2m[WebServer] [22m  [32m'System Admin'[39m
[2m[WebServer] [22m]

[1A[2K[2m[WebServer] [22mUser object: {
[2m[WebServer] [22m  id: [32m'6929e329934d8e079e6f55bb'[39m,
[2m[WebServer] [22m  workEmail: [32m'financeemp1.work@example.com'[39m,
[2m[WebServer] [22m  roles: [ [32m'department employee'[39m ],
[2m[WebServer] [22m  permissions: [],
[2m[WebServer] [22m  primaryDepartmentId: [32m'6929e10799be1a7939a2e04e'[39m,
[2m[WebServer] [22m  employeeNumber: [32m'EMP-1027'[39m
[2m[WebServer] [22m}
[2m[WebServer] [22mNormalized user roles: [ [32m'department employee'[39m ]
[2m[WebServer] [22mNormalized required roles: [
[2m[WebServer] [22m  [32m'department employee'[39m,
[2m[WebServer] [22m  [32m'hr employee'[39m,
[2m[WebServer] [22m  [32m'department head'[39m,
[2m[WebServer] [22m  [32m'hr manager'[39m,
[2m[WebServer] [22m  [32m'hr admin'[39m,
[2m[WebServer] [22m  [32m'system admin'[39m
[2m[WebServer] [22m]
[2m[WebServer] [22mHas required role? [33mtrue[39m
[2m[WebServer] [22mΓ£ö ACCESS GRANTED Γ£ö

[1A[2K[2m[WebServer] [22m≡ƒöì [CalendarsController] checkBlockedPeriods: { from: [32m'2026-05-26'[39m, to: [32m'2026-09-23'[39m }

[1A[2K[2m[WebServer] [22m≡ƒöÑ JwtAuthGuard: canActivate CALLED

[1A[2K[2m[WebServer] [22m≡ƒöì JWT Extractor - All cookies: {
[2m[WebServer] [22m  accessToken: [32m'eyJhbGciOiJIUzI1NiIsInR5cCI6IkpXVCJ9.eyJzdWIiOiI2OTI5ZTMyOTkzNGQ4ZTA3OWU2ZjU1YmIiLCJ3b3JrRW1haWwiOiJmaW5hbmNlZW1wMS53b3JrQGV4YW1wbGUuY29tIiwicm9sZXMiOlsiZGVwYXJ0bWVudCBlbXBsb3llZSJdLCJwZXJtaXNzaW9ucyI6W10sInByaW1hcnlEZXBhcnRtZW50SWQiOiI2OTI5ZTEwNzk5YmUxYTc5MzlhMmUwNGUiLCJlbXBsb3llZU51bWJlciI6IkVNUC0xMDI3IiwiaWF0IjoxNzY1OTgyMDAzLCJleHAiOjE3NjYwNjg0MDN9.Th9p5GvYqSd-bGuQe785II6Cf1OnGA0cADfM0gP07TM'[39m
[2m[WebServer] [22m}
[2m[WebServer] [22m≡ƒöì JWT Extractor - Headers: accessToken=eyJhbGciOiJIUzI1NiIsInR5cCI6IkpXVCJ9.eyJzdWIiOiI2OTI5ZTMyOTkzNGQ4ZTA3OWU2ZjU1YmIiLCJ3b3JrRW1haWwiOiJmaW5hbmNlZW1wMS53b3JrQGV4YW1wbGUuY29tIiwicm9sZXMiOlsiZGVwYXJ0bWVudCBlbXBsb3llZSJdLCJwZXJtaXNzaW9ucyI6W10sInByaW1hcnlEZXBhcnRtZW50SWQiOiI2OTI5ZTEwNzk5YmUxYTc5MzlhMmUwNGUiLCJlbXBsb3llZU51bWJlciI6IkVNUC0xMDI3IiwiaWF0IjoxNzY1OTgyMDAzLCJleHAiOjE3NjYwNjg0MDN9.Th9p5GvYqSd-bGuQe785II6Cf1OnGA0cADfM0gP07TM

[1A[2K[2m[WebServer] [22m≡ƒöì JWT Extractor - accessToken: FOUND

[1A[2K[2m[WebServer] [22mJwtStrategy VALIDATE: {
[2m[WebServer] [22m  sub: [32m'6929e329934d8e079e6f55bb'[39m,
[2m[WebServer] [22m  workEmail: [32m'financeemp1.work@example.com'[39m,
[2m[WebServer] [22m  roles: [ [32m'department employee'[39m ],
[2m[WebServer] [22m  permissions: [],
[2m[WebServer] [22m  primaryDepartmentId: [32m'6929e10799be1a7939a2e04e'[39m,
[2m[WebServer] [22m  employeeNumber: [32m'EMP-1027'[39m,
[2m[WebServer] [22m  iat: [33m1765982003[39m,
[2m[WebServer] [22m  exp: [33m1766068403[39m
[2m[WebServer] [22m}

[1A[2K[2m[WebServer] [22m≡ƒöÑ JwtAuthGuard: handleRequest() {
[2m[WebServer] [22m  err: [1mnull[22m,
[2m[WebServer] [22m  user: {
[2m[WebServer] [22m    id: [32m'6929e329934d8e079e6f55bb'[39m,
[2m[WebServer] [22m    workEmail: [32m'financeemp1.work@example.com'[39m,
[2m[WebServer] [22m    roles: [ [32m'department employee'[39m ],
[2m[WebServer] [22m    permissions: [],
[2m[WebServer] [22m    primaryDepartmentId: [32m'6929e10799be1a7939a2e04e'[39m,
[2m[WebServer] [22m    employeeNumber: [32m'EMP-1027'[39m
[2m[WebServer] [22m  },
[2m[WebServer] [22m  info: [90mundefined[39m
[2m[WebServer] [22m}
[2m[WebServer] [22mΓ£à JwtAuthGuard SUCCESS ΓåÆ user authenticated: 6929e329934d8e079e6f55bb
[2m[WebServer] [22m≡ƒöÑ RolesGuard running!
[2m[WebServer] [22m
[2m[WebServer] [22m===== ROLE GUARD =====
[2m[WebServer] [22mRequired roles: [
[2m[WebServer] [22m  [32m'department employee'[39m,
[2m[WebServer] [22m  [32m'HR Employee'[39m,
[2m[WebServer] [22m  [32m'department head'[39m,
[2m[WebServer] [22m  [32m'HR Manager'[39m,
[2m[WebServer] [22m  [32m'HR Admin'[39m,
[2m[WebServer] [22m  [32m'System Admin'[39m
[2m[WebServer] [22m]
[2m[WebServer] [22mUser object: {
[2m[WebServer] [22m  id: [32m'6929e329934d8e079e6f55bb'[39m,
[2m[WebServer] [22m  workEmail: [32m'financeemp1.work@example.com'[39m,
[2m[WebServer] [22m  roles: [ [32m'department employee'[39m ],
[2m[WebServer] [22m  permissions: [],
[2m[WebServer] [22m  primaryDepartmentId: [32m'6929e10799be1a7939a2e04e'[39m,
[2m[WebServer] [22m  employeeNumber: [32m'EMP-1027'[39m
[2m[WebServer] [22m}

[1A[2K[2m[WebServer] [22mNormalized user roles: [ [32m'department employee'[39m ]
[2m[WebServer] [22mNormalized required roles: [
[2m[WebServer] [22m  [32m'department employee'[39m,
[2m[WebServer] [22m  [32m'hr employee'[39m,
[2m[WebServer] [22m  [32m'department head'[39m,
[2m[WebServer] [22m  [32m'hr manager'[39m,
[2m[WebServer] [22m  [32m'hr admin'[39m,
[2m[WebServer] [22m  [32m'system admin'[39m
[2m[WebServer] [22m]
[2m[WebServer] [22mHas required role? [33mtrue[39m
[2m[WebServer] [22mΓ£ö ACCESS GRANTED Γ£ö

[1A[2K[2m[WebServer] [22m≡ƒöì [RequestsController] checkOverlap: { from: [32m'2026-05-26'[39m, to: [32m'2026-09-23'[39m, excludeId: [90mundefined[39m }

[1A[2K[2m[WebServer] [22m≡ƒöÑ JwtAuthGuard: canActivate CALLED

[1A[2K[2m[WebServer] [22m≡ƒöì JWT Extractor - All cookies: {
[2m[WebServer] [22m  accessToken: [32m'eyJhbGciOiJIUzI1NiIsInR5cCI6IkpXVCJ9.eyJzdWIiOiI2OTI5ZTMyOTkzNGQ4ZTA3OWU2ZjU1YmIiLCJ3b3JrRW1haWwiOiJmaW5hbmNlZW1wMS53b3JrQGV4YW1wbGUuY29tIiwicm9sZXMiOlsiZGVwYXJ0bWVudCBlbXBsb3llZSJdLCJwZXJtaXNzaW9ucyI6W10sInByaW1hcnlEZXBhcnRtZW50SWQiOiI2OTI5ZTEwNzk5YmUxYTc5MzlhMmUwNGUiLCJlbXBsb3llZU51bWJlciI6IkVNUC0xMDI3IiwiaWF0IjoxNzY1OTgyMDAzLCJleHAiOjE3NjYwNjg0MDN9.Th9p5GvYqSd-bGuQe785II6Cf1OnGA0cADfM0gP07TM'[39m
[2m[WebServer] [22m}
[2m[WebServer] [22m≡ƒöì JWT Extractor - Headers: accessToken=eyJhbGciOiJIUzI1NiIsInR5cCI6IkpXVCJ9.eyJzdWIiOiI2OTI5ZTMyOTkzNGQ4ZTA3OWU2ZjU1YmIiLCJ3b3JrRW1haWwiOiJmaW5hbmNlZW1wMS53b3JrQGV4YW1wbGUuY29tIiwicm9sZXMiOlsiZGVwYXJ0bWVudCBlbXBsb3llZSJdLCJwZXJtaXNzaW9ucyI6W10sInByaW1hcnlEZXBhcnRtZW50SWQiOiI2OTI5ZTEwNzk5YmUxYTc5MzlhMmUwNGUiLCJlbXBsb3llZU51bWJlciI6IkVNUC0xMDI3IiwiaWF0IjoxNzY1OTgyMDAzLCJleHAiOjE3NjYwNjg0MDN9.Th9p5GvYqSd-bGuQe785II6Cf1OnGA0cADfM0gP07TM
[2m[WebServer] [22m≡ƒöì JWT Extractor - accessToken: FOUND

[1A[2K[2m[WebServer] [22mJwtStrategy VALIDATE: {
[2m[WebServer] [22m  sub: [32m'6929e329934d8e079e6f55bb'[39m,
[2m[WebServer] [22m  workEmail: [32m'financeemp1.work@example.com'[39m,
[2m[WebServer] [22m  roles: [ [32m'department employee'[39m ],
[2m[WebServer] [22m  permissions: [],
[2m[WebServer] [22m  primaryDepartmentId: [32m'6929e10799be1a7939a2e04e'[39m,
[2m[WebServer] [22m  employeeNumber: [32m'EMP-1027'[39m,
[2m[WebServer] [22m  iat: [33m1765982003[39m,
[2m[WebServer] [22m  exp: [33m1766068403[39m
[2m[WebServer] [22m}

[1A[2K[2m[WebServer] [22m≡ƒöÑ JwtAuthGuard: handleRequest() {
[2m[WebServer] [22m  err: [1mnull[22m,
[2m[WebServer] [22m  user: {
[2m[WebServer] [22m    id: [32m'6929e329934d8e079e6f55bb'[39m,
[2m[WebServer] [22m    workEmail: [32m'financeemp1.work@example.com'[39m,
[2m[WebServer] [22m    roles: [ [32m'department employee'[39m ],
[2m[WebServer] [22m    permissions: [],
[2m[WebServer] [22m    primaryDepartmentId: [32m'6929e10799be1a7939a2e04e'[39m,
[2m[WebServer] [22m    employeeNumber: [32m'EMP-1027'[39m
[2m[WebServer] [22m  },
[2m[WebServer] [22m  info: [90mundefined[39m
[2m[WebServer] [22m}
[2m[WebServer] [22mΓ£à JwtAuthGuard SUCCESS ΓåÆ user authenticated: 6929e329934d8e079e6f55bb

[1A[2K[2m[WebServer] [22m≡ƒöÑ RolesGuard running!
[2m[WebServer] [22m
[2m[WebServer] [22m===== ROLE GUARD =====

[1A[2K[2m[WebServer] [22mRequired roles: [
[2m[WebServer] [22m  [32m'department employee'[39m,
[2m[WebServer] [22m  [32m'HR Employee'[39m,
[2m[WebServer] [22m  [32m'department head'[39m,
[2m[WebServer] [22m  [32m'HR Manager'[39m,
[2m[WebServer] [22m  [32m'HR Admin'[39m,
[2m[WebServer] [22m  [32m'System Admin'[39m
[2m[WebServer] [22m]

[1A[2K[2m[WebServer] [22mUser object: {
[2m[WebServer] [22m  id: [32m'6929e329934d8e079e6f55bb'[39m,
[2m[WebServer] [22m  workEmail: [32m'financeemp1.work@example.com'[39m,
[2m[WebServer] [22m  roles: [ [32m'department employee'[39m ],
[2m[WebServer] [22m  permissions: [],
[2m[WebServer] [22m  primaryDepartmentId: [32m'6929e10799be1a7939a2e04e'[39m,
[2m[WebServer] [22m  employeeNumber: [32m'EMP-1027'[39m
[2m[WebServer] [22m}
[2m[WebServer] [22mNormalized user roles: [ [32m'department employee'[39m ]

[1A[2K[2m[WebServer] [22mNormalized required roles: [
[2m[WebServer] [22m  [32m'department employee'[39m,
[2m[WebServer] [22m  [32m'hr employee'[39m,
[2m[WebServer] [22m  [32m'department head'[39m,
[2m[WebServer] [22m  [32m'hr manager'[39m,
[2m[WebServer] [22m  [32m'hr admin'[39m,
[2m[WebServer] [22m  [32m'system admin'[39m
[2m[WebServer] [22m]
[2m[WebServer] [22mHas required role? [33mtrue[39m
[2m[WebServer] [22mΓ£ö ACCESS GRANTED Γ£ö

[1A[2K[2m[WebServer] [22m≡ƒöì [RequestsController] create: {
[2m[WebServer] [22m  dto: {
[2m[WebServer] [22m    leaveTypeId: [32m'676000000000000000000030'[39m,
[2m[WebServer] [22m    dates: { from: [32m'2026-05-26'[39m, to: [32m'2026-09-23'[39m },
[2m[WebServer] [22m    justification: [32m'Automated test: L1-maternity-leave - 2025-12-17T14:33:25.329Z'[39m,
[2m[WebServer] [22m    attachments: {}
[2m[WebServer] [22m  },
[2m[WebServer] [22m  userId: [90mundefined[39m
[2m[WebServer] [22m}

[1A[2KΓÜá∩╕Å API call to /api/leaves timeout

[1A[2KΓ£à Maternity leave submission passed

[1A[2K[21/35] [chromium] ΓÇ║ leave-tests.spec.ts:785:7 ΓÇ║ ≡ƒæ¿ΓÇì≡ƒÆ╝ MANAGER (EMP-1025 - Engineering) - All Approval Scenarios ΓÇ║ Γ£à N1-N7: Team overview dashboard
[1A[2K[chromium] ΓÇ║ leave-tests.spec.ts:785:7 ΓÇ║ ≡ƒæ¿ΓÇì≡ƒÆ╝ MANAGER (EMP-1025 - Engineering) - All Approval Scenarios ΓÇ║ Γ£à N1-N7: Team overview dashboard
≡ƒöÉ Logging in as: engmanager.work@example.com

[1A[2K[2m[WebServer] [22m GET /login [32m200[39m in 43ms[2m (compile: 2ms, render: 41ms)[22m

[1A[2K[2m[WebServer] [22m≡ƒöÑ JwtAuthGuard: canActivate CALLED

[1A[2K[2m[WebServer] [22m≡ƒöì JWT Extractor - All cookies: [Object: null prototype] {}
[2m[WebServer] [22m≡ƒöì JWT Extractor - Headers: [90mundefined[39m
[2m[WebServer] [22m≡ƒöì JWT Extractor - accessToken: NOT FOUND

[1A[2K[2m[WebServer] [22m≡ƒöÑ JwtAuthGuard: handleRequest() {
[2m[WebServer] [22m  err: [1mnull[22m,
[2m[WebServer] [22m  user: [33mfalse[39m,
[2m[WebServer] [22m  info: Error: No auth token
[2m[WebServer] [22m      at JwtStrategy.authenticate [90m(C:\Users\Bedon\Desktop\semester-5-software-project\backend\[39mnode_modules\[4mpassport-jwt[24m\lib\strategy.js:96:26[90m)[39m
[2m[WebServer] [22m      at attempt [90m(C:\Users\Bedon\Desktop\semester-5-software-project\backend\[39mnode_modules\[4mpassport[24m\lib\middleware\authenticate.js:378:16[90m)[39m
[2m[WebServer] [22m      at authenticate [90m(C:\Users\Bedon\Desktop\semester-5-software-project\backend\[39mnode_modules\[4mpassport[24m\lib\middleware\authenticate.js:379:7[90m)[39m
[2m[WebServer] [22m      at [90mC:\Users\Bedon\Desktop\semester-5-software-project\backend\[39mnode_modules\[4m@nestjs[24m\passport\dist\auth.guard.js:88:3
[2m[WebServer] [22m      at new Promise (<anonymous>)
[2m[WebServer] [22m      at [90mC:\Users\Bedon\Desktop\semester-5-software-project\backend\[39mnode_modules\[4m@nestjs[24m\passport\dist\auth.guard.js:80:83
[2m[WebServer] [22m      at JwtAuthGuard.canActivate [90m(C:\Users\Bedon\Desktop\semester-5-software-project\backend\[39mnode_modules\[4m@nestjs[24m\passport\dist\auth.guard.js:44:32[90m)[39m
[2m[WebServer] [22m  [90m    at process.processTicksAndRejections (node:internal/process/task_queues:105:5)[39m
[2m[WebServer] [22m}

[1A[2K[2m[WebServer] [22mΓ¥î JwtAuthGuard INFO: Error: No auth token
[2m[WebServer] [22m    at JwtStrategy.authenticate 
[90m(C:\Users\Bedon\Desktop\semester-5-software-project\backend\[39mnode_modules\[4mpassport-jwt[24m\lib\strategy.js:96:26[90m)[39m
[2m[WebServer] [22m    at attempt 
[90m(C:\Users\Bedon\Desktop\semester-5-software-project\backend\[39mnode_modules\[4mpassport[24m\lib\middleware\authenticate.js:378:16[90m)[39m
[2m[WebServer] [22m    at authenticate 
[90m(C:\Users\Bedon\Desktop\semester-5-software-project\backend\[39mnode_modules\[4mpassport[24m\lib\middleware\authenticate.js:379:7[90m)[39m
[2m[WebServer] [22m    at [90mC:\Users\Bedon\Desktop\semester-5-software-project\backend\[39mnode_modules\[4m@nestjs[24m\passport\dist\auth.guard.js:88:3
[2m[WebServer] [22m    at new Promise (<anonymous>)
[2m[WebServer] [22m    at 
[90mC:\Users\Bedon\Desktop\semester-5-software-project\backend\[39mnode_modules\[4m@nestjs[24m\passport\dist\auth.guard.js:80:83

[1A[2K[2m[WebServer] [22mΓ¥î JwtAuthGuard FAILING ΓåÆ No auth token
[2m[WebServer] [22m    at JwtAuthGuard.canActivate 
[90m(C:\Users\Bedon\Desktop\semester-5-software-project\backend\[39mnode_modules\[4m@nestjs[24m\passport\dist\auth.guard.js:44:32[90m)[39m
[2m[WebServer] [22m[90m    at process.processTicksAndRejections (node:internal/process/task_queues:105:5)[39m

[1A[2K[2m[WebServer] [22mVALIDATE EMPLOYEE - systemRole = {
[2m[WebServer] [22m  _id: new ObjectId([32m'6929e2c0934d8e079e6f55b3'[39m),
[2m[WebServer] [22m  employeeProfileId: new ObjectId([32m'6929e2c0934d8e079e6f55b1'[39m),
[2m[WebServer] [22m  roles: [ [32m'department head'[39m ],
[2m[WebServer] [22m  permissions: [],
[2m[WebServer] [22m  isActive: [33mtrue[39m,
[2m[WebServer] [22m  createdAt: [35m2025-11-28T17:58:24.325Z[39m,
[2m[WebServer] [22m  updatedAt: [35m2025-11-28T17:58:24.325Z[39m,
[2m[WebServer] [22m  __v: [33m0[39m
[2m[WebServer] [22m}

[1A[2K[2m[WebServer] [22mGenerated token: eyJhbGciOiJIUzI1NiIsInR5cCI6IkpXVCJ9.eyJzdWIiOiI2OTI5ZTJjMDkzNGQ4ZTA3OWU2ZjU1YjEiLCJ3b3JrRW1haWwiOiJlbmdtYW5hZ2VyLndvcmtAZXhhbXBsZS5jb20iLCJyb2xlcyI6WyJkZXBhcnRtZW50IGhlYWQiXSwicGVybWlzc2lvbnMiOltdLCJwcmltYXJ5RGVwYXJ0bWVudElkIjoiNjkyNzVkOGFmYzExODRhM2IzZTZjNTVmIiwiZW1wbG95ZWVOdW1iZXIiOiJFTVAtMTAyNSIsImlhdCI6MTc2NTk4MjAxOSwiZXhwIjoxNzY2MDY4NDE5fQ.Qh4OOn5N5hGHG4MyGia5tMsDFrE337TvvYN9K-IJYHs

[1A[2K[2m[WebServer] [22m GET /leaves [32m200[39m in 20ms[2m (compile: 3ms, render: 16ms)[22m

[1A[2KΓ£à Login successful

[1A[2K≡ƒôè Testing Manager Dashboard

[1A[2K[2m[WebServer] [22m≡ƒöÑ JwtAuthGuard: canActivate CALLED

[1A[2K[2m[WebServer] [22m≡ƒöì JWT Extractor - All cookies: {
[2m[WebServer] [22m  accessToken: [32m'eyJhbGciOiJIUzI1NiIsInR5cCI6IkpXVCJ9.eyJzdWIiOiI2OTI5ZTJjMDkzNGQ4ZTA3OWU2ZjU1YjEiLCJ3b3JrRW1haWwiOiJlbmdtYW5hZ2VyLndvcmtAZXhhbXBsZS5jb20iLCJyb2xlcyI6WyJkZXBhcnRtZW50IGhlYWQiXSwicGVybWlzc2lvbnMiOltdLCJwcmltYXJ5RGVwYXJ0bWVudElkIjoiNjkyNzVkOGFmYzExODRhM2IzZTZjNTVmIiwiZW1wbG95ZWVOdW1iZXIiOiJFTVAtMTAyNSIsImlhdCI6MTc2NTk4MjAxOSwiZXhwIjoxNzY2MDY4NDE5fQ.Qh4OOn5N5hGHG4MyGia5tMsDFrE337TvvYN9K-IJYHs'[39m
[2m[WebServer] [22m}

[1A[2K[2m[WebServer] [22m≡ƒöì JWT Extractor - Headers: accessToken=eyJhbGciOiJIUzI1NiIsInR5cCI6IkpXVCJ9.eyJzdWIiOiI2OTI5ZTJjMDkzNGQ4ZTA3OWU2ZjU1YjEiLCJ3b3JrRW1haWwiOiJlbmdtYW5hZ2VyLndvcmtAZXhhbXBsZS5jb20iLCJyb2xlcyI6WyJkZXBhcnRtZW50IGhlYWQiXSwicGVybWlzc2lvbnMiOltdLCJwcmltYXJ5RGVwYXJ0bWVudElkIjoiNjkyNzVkOGFmYzExODRhM2IzZTZjNTVmIiwiZW1wbG95ZWVOdW1iZXIiOiJFTVAtMTAyNSIsImlhdCI6MTc2NTk4MjAxOSwiZXhwIjoxNzY2MDY4NDE5fQ.Qh4OOn5N5hGHG4MyGia5tMsDFrE337TvvYN9K-IJYHs
[2m[WebServer] [22m≡ƒöì JWT Extractor - accessToken: FOUND

[1A[2K[2m[WebServer] [22mJwtStrategy VALIDATE: {
[2m[WebServer] [22m  sub: [32m'6929e2c0934d8e079e6f55b1'[39m,
[2m[WebServer] [22m  workEmail: [32m'engmanager.work@example.com'[39m,
[2m[WebServer] [22m  roles: [ [32m'department head'[39m ],
[2m[WebServer] [22m  permissions: [],
[2m[WebServer] [22m  primaryDepartmentId: [32m'69275d8afc1184a3b3e6c55f'[39m,
[2m[WebServer] [22m  employeeNumber: [32m'EMP-1025'[39m,
[2m[WebServer] [22m  iat: [33m1765982019[39m,
[2m[WebServer] [22m  exp: [33m1766068419[39m
[2m[WebServer] [22m}

[1A[2K[2m[WebServer] [22m≡ƒöÑ JwtAuthGuard: handleRequest() {
[2m[WebServer] [22m  err: [1mnull[22m,
[2m[WebServer] [22m  user: {
[2m[WebServer] [22m    id: [32m'6929e2c0934d8e079e6f55b1'[39m,
[2m[WebServer] [22m    workEmail: [32m'engmanager.work@example.com'[39m,
[2m[WebServer] [22m    roles: [ [32m'department head'[39m ],
[2m[WebServer] [22m    permissions: [],
[2m[WebServer] [22m    primaryDepartmentId: [32m'69275d8afc1184a3b3e6c55f'[39m,
[2m[WebServer] [22m    employeeNumber: [32m'EMP-1025'[39m
[2m[WebServer] [22m  },
[2m[WebServer] [22m  info: [90mundefined[39m
[2m[WebServer] [22m}
[2m[WebServer] [22mΓ£à JwtAuthGuard SUCCESS ΓåÆ user authenticated: 6929e2c0934d8e079e6f55b1

[1A[2K[2m[WebServer] [22m≡ƒöÑ RolesGuard running!
[2m[WebServer] [22m
[2m[WebServer] [22m===== ROLE GUARD =====

[1A[2K[2m[WebServer] [22mRequired roles: [
[2m[WebServer] [22m  [32m'department employee'[39m,
[2m[WebServer] [22m  [32m'HR Employee'[39m,
[2m[WebServer] [22m  [32m'department head'[39m,
[2m[WebServer] [22m  [32m'HR Manager'[39m,
[2m[WebServer] [22m  [32m'HR Admin'[39m,
[2m[WebServer] [22m  [32m'System Admin'[39m
[2m[WebServer] [22m]

[1A[2K[2m[WebServer] [22mUser object: {
[2m[WebServer] [22m  id: [32m'6929e2c0934d8e079e6f55b1'[39m,
[2m[WebServer] [22m  workEmail: [32m'engmanager.work@example.com'[39m,
[2m[WebServer] [22m  roles: [ [32m'department head'[39m ],
[2m[WebServer] [22m  permissions: [],
[2m[WebServer] [22m  primaryDepartmentId: [32m'69275d8afc1184a3b3e6c55f'[39m,
[2m[WebServer] [22m  employeeNumber: [32m'EMP-1025'[39m
[2m[WebServer] [22m}

[1A[2K[2m[WebServer] [22mNormalized user roles: [ [32m'department head'[39m ]

[1A[2K[2m[WebServer] [22mNormalized required roles: [
[2m[WebServer] [22m  [32m'department employee'[39m,
[2m[WebServer] [22m  [32m'hr employee'[39m,
[2m[WebServer] [22m  [32m'department head'[39m,
[2m[WebServer] [22m  [32m'hr manager'[39m,
[2m[WebServer] [22m  [32m'hr admin'[39m,
[2m[WebServer] [22m  [32m'system admin'[39m
[2m[WebServer] [22m]

[1A[2K[2m[WebServer] [22mHas required role? [33mtrue[39m
[2m[WebServer] [22mΓ£ö ACCESS GRANTED Γ£ö

[1A[2K[2m[WebServer] [22m≡ƒöì [TrackingController] getMyBalances: {
[2m[WebServer] [22m  query: [Object: null prototype] {},
[2m[WebServer] [22m  userId: [32m'6929e2c0934d8e079e6f55b1'[39m
[2m[WebServer] [22m}

[1A[2K[2m[WebServer] [22m≡ƒöÑ JwtAuthGuard: canActivate CALLED

[1A[2K[2m[WebServer] [22m≡ƒöì JWT Extractor - All cookies: {
[2m[WebServer] [22m  accessToken: [32m'eyJhbGciOiJIUzI1NiIsInR5cCI6IkpXVCJ9.eyJzdWIiOiI2OTI5ZTJjMDkzNGQ4ZTA3OWU2ZjU1YjEiLCJ3b3JrRW1haWwiOiJlbmdtYW5hZ2VyLndvcmtAZXhhbXBsZS5jb20iLCJyb2xlcyI6WyJkZXBhcnRtZW50IGhlYWQiXSwicGVybWlzc2lvbnMiOltdLCJwcmltYXJ5RGVwYXJ0bWVudElkIjoiNjkyNzVkOGFmYzExODRhM2IzZTZjNTVmIiwiZW1wbG95ZWVOdW1iZXIiOiJFTVAtMTAyNSIsImlhdCI6MTc2NTk4MjAxOSwiZXhwIjoxNzY2MDY4NDE5fQ.Qh4OOn5N5hGHG4MyGia5tMsDFrE337TvvYN9K-IJYHs'[39m
[2m[WebServer] [22m}

[1A[2K[2m[WebServer] [22m≡ƒöì JWT Extractor - Headers: accessToken=eyJhbGciOiJIUzI1NiIsInR5cCI6IkpXVCJ9.eyJzdWIiOiI2OTI5ZTJjMDkzNGQ4ZTA3OWU2ZjU1YjEiLCJ3b3JrRW1haWwiOiJlbmdtYW5hZ2VyLndvcmtAZXhhbXBsZS5jb20iLCJyb2xlcyI6WyJkZXBhcnRtZW50IGhlYWQiXSwicGVybWlzc2lvbnMiOltdLCJwcmltYXJ5RGVwYXJ0bWVudElkIjoiNjkyNzVkOGFmYzExODRhM2IzZTZjNTVmIiwiZW1wbG95ZWVOdW1iZXIiOiJFTVAtMTAyNSIsImlhdCI6MTc2NTk4MjAxOSwiZXhwIjoxNzY2MDY4NDE5fQ.Qh4OOn5N5hGHG4MyGia5tMsDFrE337TvvYN9K-IJYHs
[2m[WebServer] [22m≡ƒöì JWT Extractor - accessToken: FOUND

[1A[2K[2m[WebServer] [22mJwtStrategy VALIDATE: {
[2m[WebServer] [22m  sub: [32m'6929e2c0934d8e079e6f55b1'[39m,
[2m[WebServer] [22m  workEmail: [32m'engmanager.work@example.com'[39m,
[2m[WebServer] [22m  roles: [ [32m'department head'[39m ],
[2m[WebServer] [22m  permissions: [],
[2m[WebServer] [22m  primaryDepartmentId: [32m'69275d8afc1184a3b3e6c55f'[39m,
[2m[WebServer] [22m  employeeNumber: [32m'EMP-1025'[39m,
[2m[WebServer] [22m  iat: [33m1765982019[39m,
[2m[WebServer] [22m  exp: [33m1766068419[39m
[2m[WebServer] [22m}

[1A[2K[2m[WebServer] [22m≡ƒöÑ JwtAuthGuard: handleRequest() {
[2m[WebServer] [22m  err: [1mnull[22m,
[2m[WebServer] [22m  user: {
[2m[WebServer] [22m    id: [32m'6929e2c0934d8e079e6f55b1'[39m,
[2m[WebServer] [22m    workEmail: [32m'engmanager.work@example.com'[39m,
[2m[WebServer] [22m    roles: [ [32m'department head'[39m ],
[2m[WebServer] [22m    permissions: [],
[2m[WebServer] [22m    primaryDepartmentId: [32m'69275d8afc1184a3b3e6c55f'[39m,
[2m[WebServer] [22m    employeeNumber: [32m'EMP-1025'[39m
[2m[WebServer] [22m  },
[2m[WebServer] [22m  info: [90mundefined[39m
[2m[WebServer] [22m}
[2m[WebServer] [22mΓ£à JwtAuthGuard SUCCESS ΓåÆ user authenticated: 6929e2c0934d8e079e6f55b1

[1A[2K[2m[WebServer] [22m≡ƒöÑ RolesGuard running!
[2m[WebServer] [22m
[2m[WebServer] [22m===== ROLE GUARD =====
[2m[WebServer] [22mRequired roles: [
[2m[WebServer] [22m  [32m'department employee'[39m,
[2m[WebServer] [22m  [32m'HR Employee'[39m,
[2m[WebServer] [22m  [32m'department head'[39m,
[2m[WebServer] [22m  [32m'HR Manager'[39m,
[2m[WebServer] [22m  [32m'HR Admin'[39m,
[2m[WebServer] [22m  [32m'System Admin'[39m
[2m[WebServer] [22m]
[2m[WebServer] [22mUser object: {
[2m[WebServer] [22m  id: [32m'6929e2c0934d8e079e6f55b1'[39m,
[2m[WebServer] [22m  workEmail: [32m'engmanager.work@example.com'[39m,
[2m[WebServer] [22m  roles: [ [32m'department head'[39m ],
[2m[WebServer] [22m  permissions: [],
[2m[WebServer] [22m  primaryDepartmentId: [32m'69275d8afc1184a3b3e6c55f'[39m,
[2m[WebServer] [22m  employeeNumber: [32m'EMP-1025'[39m
[2m[WebServer] [22m}

[1A[2K[2m[WebServer] [22mNormalized user roles: [ [32m'department head'[39m ]
[2m[WebServer] [22mNormalized required roles: [
[2m[WebServer] [22m  [32m'department employee'[39m,
[2m[WebServer] [22m  [32m'hr employee'[39m,
[2m[WebServer] [22m  [32m'department head'[39m,
[2m[WebServer] [22m  [32m'hr manager'[39m,
[2m[WebServer] [22m  [32m'hr admin'[39m,
[2m[WebServer] [22m  [32m'system admin'[39m
[2m[WebServer] [22m]
[2m[WebServer] [22mHas required role? [33mtrue[39m
[2m[WebServer] [22mΓ£ö ACCESS GRANTED Γ£ö

[1A[2K[2m[WebServer] [22m≡ƒöì [TrackingController] getMyHistory: {
[2m[WebServer] [22m  filters: [Object: null prototype] {},
[2m[WebServer] [22m  userId: [32m'6929e2c0934d8e079e6f55b1'[39m
[2m[WebServer] [22m}

[1A[2K[2m[WebServer] [22m GET /leaves/team [32m200[39m in 459ms[2m (compile: 348ms, render: 111ms)[22m

[1A[2K[2m[WebServer] [22m≡ƒöÑ JwtAuthGuard: canActivate CALLED

[1A[2K[2m[WebServer] [22m≡ƒöì JWT Extractor - All cookies: {
[2m[WebServer] [22m  accessToken: [32m'eyJhbGciOiJIUzI1NiIsInR5cCI6IkpXVCJ9.eyJzdWIiOiI2OTI5ZTJjMDkzNGQ4ZTA3OWU2ZjU1YjEiLCJ3b3JrRW1haWwiOiJlbmdtYW5hZ2VyLndvcmtAZXhhbXBsZS5jb20iLCJyb2xlcyI6WyJkZXBhcnRtZW50IGhlYWQiXSwicGVybWlzc2lvbnMiOltdLCJwcmltYXJ5RGVwYXJ0bWVudElkIjoiNjkyNzVkOGFmYzExODRhM2IzZTZjNTVmIiwiZW1wbG95ZWVOdW1iZXIiOiJFTVAtMTAyNSIsImlhdCI6MTc2NTk4MjAxOSwiZXhwIjoxNzY2MDY4NDE5fQ.Qh4OOn5N5hGHG4MyGia5tMsDFrE337TvvYN9K-IJYHs'[39m
[2m[WebServer] [22m}

[1A[2K[2m[WebServer] [22m≡ƒöì JWT Extractor - Headers: accessToken=eyJhbGciOiJIUzI1NiIsInR5cCI6IkpXVCJ9.eyJzdWIiOiI2OTI5ZTJjMDkzNGQ4ZTA3OWU2ZjU1YjEiLCJ3b3JrRW1haWwiOiJlbmdtYW5hZ2VyLndvcmtAZXhhbXBsZS5jb20iLCJyb2xlcyI6WyJkZXBhcnRtZW50IGhlYWQiXSwicGVybWlzc2lvbnMiOltdLCJwcmltYXJ5RGVwYXJ0bWVudElkIjoiNjkyNzVkOGFmYzExODRhM2IzZTZjNTVmIiwiZW1wbG95ZWVOdW1iZXIiOiJFTVAtMTAyNSIsImlhdCI6MTc2NTk4MjAxOSwiZXhwIjoxNzY2MDY4NDE5fQ.Qh4OOn5N5hGHG4MyGia5tMsDFrE337TvvYN9K-IJYHs
[2m[WebServer] [22m≡ƒöì JWT Extractor - accessToken: FOUND

[1A[2K[2m[WebServer] [22mJwtStrategy VALIDATE: {
[2m[WebServer] [22m  sub: [32m'6929e2c0934d8e079e6f55b1'[39m,
[2m[WebServer] [22m  workEmail: [32m'engmanager.work@example.com'[39m,
[2m[WebServer] [22m  roles: [ [32m'department head'[39m ],
[2m[WebServer] [22m  permissions: [],
[2m[WebServer] [22m  primaryDepartmentId: [32m'69275d8afc1184a3b3e6c55f'[39m,
[2m[WebServer] [22m  employeeNumber: [32m'EMP-1025'[39m,
[2m[WebServer] [22m  iat: [33m1765982019[39m,
[2m[WebServer] [22m  exp: [33m1766068419[39m
[2m[WebServer] [22m}

[1A[2K[2m[WebServer] [22m≡ƒöÑ JwtAuthGuard: handleRequest() {
[2m[WebServer] [22m  err: [1mnull[22m,
[2m[WebServer] [22m  user: {
[2m[WebServer] [22m    id: [32m'6929e2c0934d8e079e6f55b1'[39m,
[2m[WebServer] [22m    workEmail: [32m'engmanager.work@example.com'[39m,
[2m[WebServer] [22m    roles: [ [32m'department head'[39m ],
[2m[WebServer] [22m    permissions: [],
[2m[WebServer] [22m    primaryDepartmentId: [32m'69275d8afc1184a3b3e6c55f'[39m,
[2m[WebServer] [22m    employeeNumber: [32m'EMP-1025'[39m
[2m[WebServer] [22m  },
[2m[WebServer] [22m  info: [90mundefined[39m
[2m[WebServer] [22m}
[2m[WebServer] [22mΓ£à JwtAuthGuard SUCCESS ΓåÆ user authenticated: 6929e2c0934d8e079e6f55b1

[1A[2K[2m[WebServer] [22m≡ƒöÑ JwtAuthGuard: canActivate CALLED

[1A[2K[2m[WebServer] [22m≡ƒöì JWT Extractor - All cookies: {
[2m[WebServer] [22m  accessToken: [32m'eyJhbGciOiJIUzI1NiIsInR5cCI6IkpXVCJ9.eyJzdWIiOiI2OTI5ZTJjMDkzNGQ4ZTA3OWU2ZjU1YjEiLCJ3b3JrRW1haWwiOiJlbmdtYW5hZ2VyLndvcmtAZXhhbXBsZS5jb20iLCJyb2xlcyI6WyJkZXBhcnRtZW50IGhlYWQiXSwicGVybWlzc2lvbnMiOltdLCJwcmltYXJ5RGVwYXJ0bWVudElkIjoiNjkyNzVkOGFmYzExODRhM2IzZTZjNTVmIiwiZW1wbG95ZWVOdW1iZXIiOiJFTVAtMTAyNSIsImlhdCI6MTc2NTk4MjAxOSwiZXhwIjoxNzY2MDY4NDE5fQ.Qh4OOn5N5hGHG4MyGia5tMsDFrE337TvvYN9K-IJYHs'[39m
[2m[WebServer] [22m}

[1A[2K[2m[WebServer] [22m≡ƒöì JWT Extractor - Headers: accessToken=eyJhbGciOiJIUzI1NiIsInR5cCI6IkpXVCJ9.eyJzdWIiOiI2OTI5ZTJjMDkzNGQ4ZTA3OWU2ZjU1YjEiLCJ3b3JrRW1haWwiOiJlbmdtYW5hZ2VyLndvcmtAZXhhbXBsZS5jb20iLCJyb2xlcyI6WyJkZXBhcnRtZW50IGhlYWQiXSwicGVybWlzc2lvbnMiOltdLCJwcmltYXJ5RGVwYXJ0bWVudElkIjoiNjkyNzVkOGFmYzExODRhM2IzZTZjNTVmIiwiZW1wbG95ZWVOdW1iZXIiOiJFTVAtMTAyNSIsImlhdCI6MTc2NTk4MjAxOSwiZXhwIjoxNzY2MDY4NDE5fQ.Qh4OOn5N5hGHG4MyGia5tMsDFrE337TvvYN9K-IJYHs
[2m[WebServer] [22m≡ƒöì JWT Extractor - accessToken: FOUND

[1A[2K[2m[WebServer] [22mJwtStrategy VALIDATE: {
[2m[WebServer] [22m  sub: [32m'6929e2c0934d8e079e6f55b1'[39m,
[2m[WebServer] [22m  workEmail: [32m'engmanager.work@example.com'[39m,
[2m[WebServer] [22m  roles: [ [32m'department head'[39m ],
[2m[WebServer] [22m  permissions: [],
[2m[WebServer] [22m  primaryDepartmentId: [32m'69275d8afc1184a3b3e6c55f'[39m,
[2m[WebServer] [22m  employeeNumber: [32m'EMP-1025'[39m,
[2m[WebServer] [22m  iat: [33m1765982019[39m,
[2m[WebServer] [22m  exp: [33m1766068419[39m
[2m[WebServer] [22m}

[1A[2K[2m[WebServer] [22m≡ƒöÑ JwtAuthGuard: handleRequest() {
[2m[WebServer] [22m  err: [1mnull[22m,
[2m[WebServer] [22m  user: {
[2m[WebServer] [22m    id: [32m'6929e2c0934d8e079e6f55b1'[39m,
[2m[WebServer] [22m    workEmail: [32m'engmanager.work@example.com'[39m,
[2m[WebServer] [22m    roles: [ [32m'department head'[39m ],
[2m[WebServer] [22m    permissions: [],
[2m[WebServer] [22m    primaryDepartmentId: [32m'69275d8afc1184a3b3e6c55f'[39m,
[2m[WebServer] [22m    employeeNumber: [32m'EMP-1025'[39m
[2m[WebServer] [22m  },
[2m[WebServer] [22m  info: [90mundefined[39m
[2m[WebServer] [22m}
[2m[WebServer] [22mΓ£à JwtAuthGuard SUCCESS ΓåÆ user authenticated: 6929e2c0934d8e079e6f55b1
[2m[WebServer] [22m≡ƒöÑ RolesGuard running!

[1A[2K[2m[WebServer] [22m
[2m[WebServer] [22m===== ROLE GUARD =====
[2m[WebServer] [22mRequired roles: [ [32m'department head'[39m, [32m'HR Manager'[39m ]
[2m[WebServer] [22mUser object: {
[2m[WebServer] [22m  id: [32m'6929e2c0934d8e079e6f55b1'[39m,
[2m[WebServer] [22m  workEmail: [32m'engmanager.work@example.com'[39m,
[2m[WebServer] [22m  roles: [ [32m'department head'[39m ],
[2m[WebServer] [22m  permissions: [],
[2m[WebServer] [22m  primaryDepartmentId: [32m'69275d8afc1184a3b3e6c55f'[39m,
[2m[WebServer] [22m  employeeNumber: [32m'EMP-1025'[39m
[2m[WebServer] [22m}

[1A[2K[2m[WebServer] [22mNormalized user roles: [ [32m'department head'[39m ]
[2m[WebServer] [22mNormalized required roles: [ [32m'department head'[39m, [32m'hr manager'[39m ]
[2m[WebServer] [22mHas required role? [33mtrue[39m

[1A[2K[2m[WebServer] [22mΓ£ö ACCESS GRANTED Γ£ö

[1A[2K[2m[WebServer] [22m≡ƒöì [RequestsController] getTeamRequests: { managerId: [90mundefined[39m }

[1A[2K[2m[WebServer] [22m≡ƒöÑ JwtAuthGuard: canActivate CALLED

[1A[2K[2m[WebServer] [22m≡ƒöì JWT Extractor - All cookies: {
[2m[WebServer] [22m  accessToken: [32m'eyJhbGciOiJIUzI1NiIsInR5cCI6IkpXVCJ9.eyJzdWIiOiI2OTI5ZTJjMDkzNGQ4ZTA3OWU2ZjU1YjEiLCJ3b3JrRW1haWwiOiJlbmdtYW5hZ2VyLndvcmtAZXhhbXBsZS5jb20iLCJyb2xlcyI6WyJkZXBhcnRtZW50IGhlYWQiXSwicGVybWlzc2lvbnMiOltdLCJwcmltYXJ5RGVwYXJ0bWVudElkIjoiNjkyNzVkOGFmYzExODRhM2IzZTZjNTVmIiwiZW1wbG95ZWVOdW1iZXIiOiJFTVAtMTAyNSIsImlhdCI6MTc2NTk4MjAxOSwiZXhwIjoxNzY2MDY4NDE5fQ.Qh4OOn5N5hGHG4MyGia5tMsDFrE337TvvYN9K-IJYHs'[39m
[2m[WebServer] [22m}

[1A[2K[2m[WebServer] [22m≡ƒöì JWT Extractor - Headers: accessToken=eyJhbGciOiJIUzI1NiIsInR5cCI6IkpXVCJ9.eyJzdWIiOiI2OTI5ZTJjMDkzNGQ4ZTA3OWU2ZjU1YjEiLCJ3b3JrRW1haWwiOiJlbmdtYW5hZ2VyLndvcmtAZXhhbXBsZS5jb20iLCJyb2xlcyI6WyJkZXBhcnRtZW50IGhlYWQiXSwicGVybWlzc2lvbnMiOltdLCJwcmltYXJ5RGVwYXJ0bWVudElkIjoiNjkyNzVkOGFmYzExODRhM2IzZTZjNTVmIiwiZW1wbG95ZWVOdW1iZXIiOiJFTVAtMTAyNSIsImlhdCI6MTc2NTk4MjAxOSwiZXhwIjoxNzY2MDY4NDE5fQ.Qh4OOn5N5hGHG4MyGia5tMsDFrE337TvvYN9K-IJYHs
[2m[WebServer] [22m≡ƒöì JWT Extractor - accessToken: FOUND

[1A[2K[2m[WebServer] [22mJwtStrategy VALIDATE: {
[2m[WebServer] [22m  sub: [32m'6929e2c0934d8e079e6f55b1'[39m,
[2m[WebServer] [22m  workEmail: [32m'engmanager.work@example.com'[39m,
[2m[WebServer] [22m  roles: [ [32m'department head'[39m ],
[2m[WebServer] [22m  permissions: [],
[2m[WebServer] [22m  primaryDepartmentId: [32m'69275d8afc1184a3b3e6c55f'[39m,
[2m[WebServer] [22m  employeeNumber: [32m'EMP-1025'[39m,
[2m[WebServer] [22m  iat: [33m1765982019[39m,
[2m[WebServer] [22m  exp: [33m1766068419[39m
[2m[WebServer] [22m}

[1A[2K[2m[WebServer] [22m≡ƒöÑ JwtAuthGuard: handleRequest() {
[2m[WebServer] [22m  err: [1mnull[22m,
[2m[WebServer] [22m  user: {
[2m[WebServer] [22m    id: [32m'6929e2c0934d8e079e6f55b1'[39m,
[2m[WebServer] [22m    workEmail: [32m'engmanager.work@example.com'[39m,
[2m[WebServer] [22m    roles: [ [32m'department head'[39m ],
[2m[WebServer] [22m    permissions: [],
[2m[WebServer] [22m    primaryDepartmentId: [32m'69275d8afc1184a3b3e6c55f'[39m,
[2m[WebServer] [22m    employeeNumber: [32m'EMP-1025'[39m
[2m[WebServer] [22m  },
[2m[WebServer] [22m  info: [90mundefined[39m
[2m[WebServer] [22m}
[2m[WebServer] [22mΓ£à JwtAuthGuard SUCCESS ΓåÆ user authenticated: 6929e2c0934d8e079e6f55b1
[2m[WebServer] [22m≡ƒöÑ RolesGuard running!
[2m[WebServer] [22m
[2m[WebServer] [22m===== ROLE GUARD =====
[2m[WebServer] [22mRequired roles: [ [32m'department head'[39m, [32m'HR Manager'[39m ]

[1A[2K[2m[WebServer] [22mUser object: {
[2m[WebServer] [22m  id: [32m'6929e2c0934d8e079e6f55b1'[39m,
[2m[WebServer] [22m  workEmail: [32m'engmanager.work@example.com'[39m,
[2m[WebServer] [22m  roles: [ [32m'department head'[39m ],
[2m[WebServer] [22m  permissions: [],
[2m[WebServer] [22m  primaryDepartmentId: [32m'69275d8afc1184a3b3e6c55f'[39m,
[2m[WebServer] [22m  employeeNumber: [32m'EMP-1025'[39m
[2m[WebServer] [22m}
[2m[WebServer] [22mNormalized user roles: [ [32m'department head'[39m ]
[2m[WebServer] [22mNormalized required roles: [ [32m'department head'[39m, [32m'hr manager'[39m ]
[2m[WebServer] [22mHas required role? [33mtrue[39m
[2m[WebServer] [22mΓ£ö ACCESS GRANTED Γ£ö

[1A[2K[2m[WebServer] [22m≡ƒöì [TrackingController] getTeamBalances: {
[2m[WebServer] [22m  filters: [Object: null prototype] {},
[2m[WebServer] [22m  managerId: [32m'6929e2c0934d8e079e6f55b1'[39m
[2m[WebServer] [22m}

[1A[2K[2m[WebServer] [22mDepartment ID from logged in user: 69275d8afc1184a3b3e6c55f

[1A[2KΓ£à Manager dashboard accessible

[1A[2K[22/35] [chromium] ΓÇ║ leave-tests.spec.ts:803:7 ΓÇ║ ≡ƒæ¿ΓÇì≡ƒÆ╝ MANAGER (EMP-1025 - Engineering) - All Approval Scenarios ΓÇ║ Γ£à O1-O7: View pending approvals
[1A[2K[chromium] ΓÇ║ leave-tests.spec.ts:803:7 ΓÇ║ ≡ƒæ¿ΓÇì≡ƒÆ╝ MANAGER (EMP-1025 - Engineering) - All Approval Scenarios ΓÇ║ Γ£à O1-O7: View pending approvals
≡ƒöÉ Logging in as: engmanager.work@example.com

[1A[2K[2m[WebServer] [22m GET /login [32m200[39m in 53ms[2m (compile: 7ms, render: 46ms)[22m

[1A[2K[2m[WebServer] [22m≡ƒöÑ JwtAuthGuard: canActivate CALLED

[1A[2K[2m[WebServer] [22m≡ƒöì JWT Extractor - All cookies: [Object: null prototype] {}
[2m[WebServer] [22m≡ƒöì JWT Extractor - Headers: [90mundefined[39m
[2m[WebServer] [22m≡ƒöì JWT Extractor - accessToken: NOT FOUND

[1A[2K[2m[WebServer] [22m≡ƒöÑ JwtAuthGuard: handleRequest() {
[2m[WebServer] [22m  err: [1mnull[22m,
[2m[WebServer] [22m  user: [33mfalse[39m,
[2m[WebServer] [22m  info: Error: No auth token
[2m[WebServer] [22m      at JwtStrategy.authenticate [90m(C:\Users\Bedon\Desktop\semester-5-software-project\backend\[39mnode_modules\[4mpassport-jwt[24m\lib\strategy.js:96:26[90m)[39m
[2m[WebServer] [22m      at attempt [90m(C:\Users\Bedon\Desktop\semester-5-software-project\backend\[39mnode_modules\[4mpassport[24m\lib\middleware\authenticate.js:378:16[90m)[39m
[2m[WebServer] [22m      at authenticate [90m(C:\Users\Bedon\Desktop\semester-5-software-project\backend\[39mnode_modules\[4mpassport[24m\lib\middleware\authenticate.js:379:7[90m)[39m
[2m[WebServer] [22m      at [90mC:\Users\Bedon\Desktop\semester-5-software-project\backend\[39mnode_modules\[4m@nestjs[24m\passport\dist\auth.guard.js:88:3
[2m[WebServer] [22m      at new Promise (<anonymous>)
[2m[WebServer] [22m      at [90mC:\Users\Bedon\Desktop\semester-5-software-project\backend\[39mnode_modules\[4m@nestjs[24m\passport\dist\auth.guard.js:80:83
[2m[WebServer] [22m      at JwtAuthGuard.canActivate [90m(C:\Users\Bedon\Desktop\semester-5-software-project\backend\[39mnode_modules\[4m@nestjs[24m\passport\dist\auth.guard.js:44:32[90m)[39m
[2m[WebServer] [22m  [90m    at process.processTicksAndRejections (node:internal/process/task_queues:105:5)[39m
[2m[WebServer] [22m}

[1A[2K[2m[WebServer] [22mΓ¥î JwtAuthGuard INFO: Error: No auth token

[2m[WebServer] [22m    at JwtStrategy.authenticate 
[90m(C:\Users\Bedon\Desktop\semester-5-software-project\backend\[39mnode_modules\[4mpassport-jwt[24m\lib\strategy.js:96:26[90m)[39m
[2m[WebServer] [22m    at attempt 
[90m(C:\Users\Bedon\Desktop\semester-5-software-project\backend\[39mnode_modules\[4mpassport[24m\lib\middleware\authenticate.js:378:16[90m)[39m
[2m[WebServer] [22m    at authenticate 
[90m(C:\Users\Bedon\Desktop\semester-5-software-project\backend\[39mnode_modules\[4mpassport[24m\lib\middleware\authenticate.js:379:7[90m)[39m
[2m[WebServer] [22m    at [90mC:\Users\Bedon\Desktop\semester-5-software-project\backend\[39mnode_modules\[4m@nestjs[24m\passport\dist\auth.guard.js:88:3
[2m[WebServer] [22m    at new Promise (<anonymous>)
[2m[WebServer] [22m    at 
[90mC:\Users\Bedon\Desktop\semester-5-software-project\backend\[39mnode_modules\[4m@nestjs[24m\passport\dist\auth.guard.js:80:83
[2m[WebServer] [22m    at JwtAuthGuard.canActivate 
[90m(C:\Users\Bedon\Desktop\semester-5-software-project\backend\[39mnode_modules\[4m@nestjs[24m\passport\dist\auth.guard.js:44:32[90m)[39m
[2m[WebServer] [22m[90m    at process.processTicksAndRejections (node:internal/process/task_queues:105:5)[39m
[1A[2K[2m[WebServer] [22mΓ¥î JwtAuthGuard FAILING ΓåÆ No auth token

[1A[2K[2m[WebServer] [22mVALIDATE EMPLOYEE - systemRole = {
[2m[WebServer] [22m  _id: new ObjectId([32m'6929e2c0934d8e079e6f55b3'[39m),
[2m[WebServer] [22m  employeeProfileId: new ObjectId([32m'6929e2c0934d8e079e6f55b1'[39m),
[2m[WebServer] [22m  roles: [ [32m'department head'[39m ],
[2m[WebServer] [22m  permissions: [],
[2m[WebServer] [22m  isActive: [33mtrue[39m,
[2m[WebServer] [22m  createdAt: [35m2025-11-28T17:58:24.325Z[39m,
[2m[WebServer] [22m  updatedAt: [35m2025-11-28T17:58:24.325Z[39m,
[2m[WebServer] [22m  __v: [33m0[39m
[2m[WebServer] [22m}

[1A[2K[2m[WebServer] [22mGenerated token: eyJhbGciOiJIUzI1NiIsInR5cCI6IkpXVCJ9.eyJzdWIiOiI2OTI5ZTJjMDkzNGQ4ZTA3OWU2ZjU1YjEiLCJ3b3JrRW1haWwiOiJlbmdtYW5hZ2VyLndvcmtAZXhhbXBsZS5jb20iLCJyb2xlcyI6WyJkZXBhcnRtZW50IGhlYWQiXSwicGVybWlzc2lvbnMiOltdLCJwcmltYXJ5RGVwYXJ0bWVudElkIjoiNjkyNzVkOGFmYzExODRhM2IzZTZjNTVmIiwiZW1wbG95ZWVOdW1iZXIiOiJFTVAtMTAyNSIsImlhdCI6MTc2NTk4MjAyNCwiZXhwIjoxNzY2MDY4NDI0fQ.o54AlKQp--WCCcr-w9HGq-HTxx7mZ9pHgPXVsSkZiAs

[1A[2K[2m[WebServer] [22m GET /leaves [32m200[39m in 20ms[2m (compile: 3ms, render: 17ms)[22m

[1A[2KΓ£à Login successful

[1A[2K≡ƒôï Testing Pending Approvals View

[1A[2K[2m[WebServer] [22m≡ƒöÑ JwtAuthGuard: canActivate CALLED

[1A[2K[2m[WebServer] [22m≡ƒöì JWT Extractor - All cookies: {
[2m[WebServer] [22m  accessToken: [32m'eyJhbGciOiJIUzI1NiIsInR5cCI6IkpXVCJ9.eyJzdWIiOiI2OTI5ZTJjMDkzNGQ4ZTA3OWU2ZjU1YjEiLCJ3b3JrRW1haWwiOiJlbmdtYW5hZ2VyLndvcmtAZXhhbXBsZS5jb20iLCJyb2xlcyI6WyJkZXBhcnRtZW50IGhlYWQiXSwicGVybWlzc2lvbnMiOltdLCJwcmltYXJ5RGVwYXJ0bWVudElkIjoiNjkyNzVkOGFmYzExODRhM2IzZTZjNTVmIiwiZW1wbG95ZWVOdW1iZXIiOiJFTVAtMTAyNSIsImlhdCI6MTc2NTk4MjAyNCwiZXhwIjoxNzY2MDY4NDI0fQ.o54AlKQp--WCCcr-w9HGq-HTxx7mZ9pHgPXVsSkZiAs'[39m
[2m[WebServer] [22m}
[2m[WebServer] [22m≡ƒöì JWT Extractor - Headers: accessToken=eyJhbGciOiJIUzI1NiIsInR5cCI6IkpXVCJ9.eyJzdWIiOiI2OTI5ZTJjMDkzNGQ4ZTA3OWU2ZjU1YjEiLCJ3b3JrRW1haWwiOiJlbmdtYW5hZ2VyLndvcmtAZXhhbXBsZS5jb20iLCJyb2xlcyI6WyJkZXBhcnRtZW50IGhlYWQiXSwicGVybWlzc2lvbnMiOltdLCJwcmltYXJ5RGVwYXJ0bWVudElkIjoiNjkyNzVkOGFmYzExODRhM2IzZTZjNTVmIiwiZW1wbG95ZWVOdW1iZXIiOiJFTVAtMTAyNSIsImlhdCI6MTc2NTk4MjAyNCwiZXhwIjoxNzY2MDY4NDI0fQ.o54AlKQp--WCCcr-w9HGq-HTxx7mZ9pHgPXVsSkZiAs
[2m[WebServer] [22m≡ƒöì JWT Extractor - accessToken: FOUND

[1A[2K[2m[WebServer] [22mJwtStrategy VALIDATE: {
[2m[WebServer] [22m  sub: [32m'6929e2c0934d8e079e6f55b1'[39m,
[2m[WebServer] [22m  workEmail: [32m'engmanager.work@example.com'[39m,
[2m[WebServer] [22m  roles: [ [32m'department head'[39m ],
[2m[WebServer] [22m  permissions: [],
[2m[WebServer] [22m  primaryDepartmentId: [32m'69275d8afc1184a3b3e6c55f'[39m,
[2m[WebServer] [22m  employeeNumber: [32m'EMP-1025'[39m,
[2m[WebServer] [22m  iat: [33m1765982024[39m,
[2m[WebServer] [22m  exp: [33m1766068424[39m
[2m[WebServer] [22m}
[2m[WebServer] [22m≡ƒöÑ JwtAuthGuard: handleRequest() {
[2m[WebServer] [22m  err: [1mnull[22m,
[2m[WebServer] [22m  user: {
[2m[WebServer] [22m    id: [32m'6929e2c0934d8e079e6f55b1'[39m,
[2m[WebServer] [22m    workEmail: [32m'engmanager.work@example.com'[39m,
[2m[WebServer] [22m    roles: [ [32m'department head'[39m ],
[2m[WebServer] [22m    permissions: [],
[2m[WebServer] [22m    primaryDepartmentId: [32m'69275d8afc1184a3b3e6c55f'[39m,
[2m[WebServer] [22m    employeeNumber: [32m'EMP-1025'[39m
[2m[WebServer] [22m  },
[2m[WebServer] [22m  info: [90mundefined[39m
[2m[WebServer] [22m}

[1A[2K[2m[WebServer] [22mΓ£à JwtAuthGuard SUCCESS ΓåÆ user authenticated: 6929e2c0934d8e079e6f55b1
[2m[WebServer] [22m≡ƒöÑ RolesGuard running!
[2m[WebServer] [22m
[2m[WebServer] [22m===== ROLE GUARD =====
[2m[WebServer] [22mRequired roles: [
[2m[WebServer] [22m  [32m'department employee'[39m,
[2m[WebServer] [22m  [32m'HR Employee'[39m,
[2m[WebServer] [22m  [32m'department head'[39m,
[2m[WebServer] [22m  [32m'HR Manager'[39m,
[2m[WebServer] [22m  [32m'HR Admin'[39m,
[2m[WebServer] [22m  [32m'System Admin'[39m
[2m[WebServer] [22m]
[2m[WebServer] [22mUser object: {
[2m[WebServer] [22m  id: [32m'6929e2c0934d8e079e6f55b1'[39m,
[2m[WebServer] [22m  workEmail: [32m'engmanager.work@example.com'[39m,
[2m[WebServer] [22m  roles: [ [32m'department head'[39m ],
[2m[WebServer] [22m  permissions: [],
[2m[WebServer] [22m  primaryDepartmentId: [32m'69275d8afc1184a3b3e6c55f'[39m,
[2m[WebServer] [22m  employeeNumber: [32m'EMP-1025'[39m
[2m[WebServer] [22m}
[2m[WebServer] [22mNormalized user roles: [ [32m'department head'[39m ]
[2m[WebServer] [22mNormalized required roles: [
[2m[WebServer] [22m  [32m'department employee'[39m,
[2m[WebServer] [22m  [32m'hr employee'[39m,
[2m[WebServer] [22m  [32m'department head'[39m,
[2m[WebServer] [22m  [32m'hr manager'[39m,
[2m[WebServer] [22m  [32m'hr admin'[39m,
[2m[WebServer] [22m  [32m'system admin'[39m
[2m[WebServer] [22m]
[2m[WebServer] [22mHas required role? [33mtrue[39m
[2m[WebServer] [22mΓ£ö ACCESS GRANTED Γ£ö

[1A[2K[2m[WebServer] [22m≡ƒöì [TrackingController] getMyBalances: {
[2m[WebServer] [22m  query: [Object: null prototype] {},
[2m[WebServer] [22m  userId: [32m'6929e2c0934d8e079e6f55b1'[39m
[2m[WebServer] [22m}

[1A[2K[2m[WebServer] [22m≡ƒöÑ JwtAuthGuard: canActivate CALLED

[1A[2K[2m[WebServer] [22m≡ƒöì JWT Extractor - All cookies: {
[2m[WebServer] [22m  accessToken: [32m'eyJhbGciOiJIUzI1NiIsInR5cCI6IkpXVCJ9.eyJzdWIiOiI2OTI5ZTJjMDkzNGQ4ZTA3OWU2ZjU1YjEiLCJ3b3JrRW1haWwiOiJlbmdtYW5hZ2VyLndvcmtAZXhhbXBsZS5jb20iLCJyb2xlcyI6WyJkZXBhcnRtZW50IGhlYWQiXSwicGVybWlzc2lvbnMiOltdLCJwcmltYXJ5RGVwYXJ0bWVudElkIjoiNjkyNzVkOGFmYzExODRhM2IzZTZjNTVmIiwiZW1wbG95ZWVOdW1iZXIiOiJFTVAtMTAyNSIsImlhdCI6MTc2NTk4MjAyNCwiZXhwIjoxNzY2MDY4NDI0fQ.o54AlKQp--WCCcr-w9HGq-HTxx7mZ9pHgPXVsSkZiAs'[39m
[2m[WebServer] [22m}

[1A[2K[2m[WebServer] [22m≡ƒöì JWT Extractor - Headers: accessToken=eyJhbGciOiJIUzI1NiIsInR5cCI6IkpXVCJ9.eyJzdWIiOiI2OTI5ZTJjMDkzNGQ4ZTA3OWU2ZjU1YjEiLCJ3b3JrRW1haWwiOiJlbmdtYW5hZ2VyLndvcmtAZXhhbXBsZS5jb20iLCJyb2xlcyI6WyJkZXBhcnRtZW50IGhlYWQiXSwicGVybWlzc2lvbnMiOltdLCJwcmltYXJ5RGVwYXJ0bWVudElkIjoiNjkyNzVkOGFmYzExODRhM2IzZTZjNTVmIiwiZW1wbG95ZWVOdW1iZXIiOiJFTVAtMTAyNSIsImlhdCI6MTc2NTk4MjAyNCwiZXhwIjoxNzY2MDY4NDI0fQ.o54AlKQp--WCCcr-w9HGq-HTxx7mZ9pHgPXVsSkZiAs
[2m[WebServer] [22m≡ƒöì JWT Extractor - accessToken: FOUND

[1A[2K[2m[WebServer] [22mJwtStrategy VALIDATE: {
[2m[WebServer] [22m  sub: [32m'6929e2c0934d8e079e6f55b1'[39m,
[2m[WebServer] [22m  workEmail: [32m'engmanager.work@example.com'[39m,
[2m[WebServer] [22m  roles: [ [32m'department head'[39m ],
[2m[WebServer] [22m  permissions: [],
[2m[WebServer] [22m  primaryDepartmentId: [32m'69275d8afc1184a3b3e6c55f'[39m,
[2m[WebServer] [22m  employeeNumber: [32m'EMP-1025'[39m,
[2m[WebServer] [22m  iat: [33m1765982024[39m,
[2m[WebServer] [22m  exp: [33m1766068424[39m
[2m[WebServer] [22m}

[1A[2K[2m[WebServer] [22m≡ƒöÑ JwtAuthGuard: handleRequest() {
[2m[WebServer] [22m  err: [1mnull[22m,
[2m[WebServer] [22m  user: {
[2m[WebServer] [22m    id: [32m'6929e2c0934d8e079e6f55b1'[39m,
[2m[WebServer] [22m    workEmail: [32m'engmanager.work@example.com'[39m,
[2m[WebServer] [22m    roles: [ [32m'department head'[39m ],
[2m[WebServer] [22m    permissions: [],
[2m[WebServer] [22m    primaryDepartmentId: [32m'69275d8afc1184a3b3e6c55f'[39m,
[2m[WebServer] [22m    employeeNumber: [32m'EMP-1025'[39m
[2m[WebServer] [22m  },
[2m[WebServer] [22m  info: [90mundefined[39m
[2m[WebServer] [22m}
[2m[WebServer] [22mΓ£à JwtAuthGuard SUCCESS ΓåÆ user authenticated: 6929e2c0934d8e079e6f55b1
[2m[WebServer] [22m≡ƒöÑ RolesGuard running!
[2m[WebServer] [22m
[2m[WebServer] [22m===== ROLE GUARD =====
[2m[WebServer] [22mRequired roles: [
[2m[WebServer] [22m  [32m'department employee'[39m,
[2m[WebServer] [22m  [32m'HR Employee'[39m,
[2m[WebServer] [22m  [32m'department head'[39m,
[2m[WebServer] [22m  [32m'HR Manager'[39m,
[2m[WebServer] [22m  [32m'HR Admin'[39m,
[2m[WebServer] [22m  [32m'System Admin'[39m
[2m[WebServer] [22m]
[2m[WebServer] [22mUser object: {
[2m[WebServer] [22m  id: [32m'6929e2c0934d8e079e6f55b1'[39m,
[2m[WebServer] [22m  workEmail: [32m'engmanager.work@example.com'[39m,
[2m[WebServer] [22m  roles: [ [32m'department head'[39m ],
[2m[WebServer] [22m  permissions: [],
[2m[WebServer] [22m  primaryDepartmentId: [32m'69275d8afc1184a3b3e6c55f'[39m,
[2m[WebServer] [22m  employeeNumber: [32m'EMP-1025'[39m
[2m[WebServer] [22m}

[1A[2K[2m[WebServer] [22mNormalized user roles: [ [32m'department head'[39m ]
[2m[WebServer] [22mNormalized required roles: [
[2m[WebServer] [22m  [32m'department employee'[39m,
[2m[WebServer] [22m  [32m'hr employee'[39m,
[2m[WebServer] [22m  [32m'department head'[39m,
[2m[WebServer] [22m  [32m'hr manager'[39m,
[2m[WebServer] [22m  [32m'hr admin'[39m,
[2m[WebServer] [22m  [32m'system admin'[39m
[2m[WebServer] [22m]
[2m[WebServer] [22mHas required role? [33mtrue[39m
[2m[WebServer] [22mΓ£ö ACCESS GRANTED Γ£ö

[1A[2K[2m[WebServer] [22m≡ƒöì [TrackingController] getMyHistory: {
[2m[WebServer] [22m  filters: [Object: null prototype] {},
[2m[WebServer] [22m  userId: [32m'6929e2c0934d8e079e6f55b1'[39m
[2m[WebServer] [22m}

[1A[2K[2m[WebServer] [22m GET /leaves/team [32m200[39m in 65ms[2m (compile: 3ms, render: 63ms)[22m

[1A[2K[2m[WebServer] [22m≡ƒöÑ JwtAuthGuard: canActivate CALLED

[1A[2K[2m[WebServer] [22m≡ƒöì JWT Extractor - All cookies: {
[2m[WebServer] [22m  accessToken: [32m'eyJhbGciOiJIUzI1NiIsInR5cCI6IkpXVCJ9.eyJzdWIiOiI2OTI5ZTJjMDkzNGQ4ZTA3OWU2ZjU1YjEiLCJ3b3JrRW1haWwiOiJlbmdtYW5hZ2VyLndvcmtAZXhhbXBsZS5jb20iLCJyb2xlcyI6WyJkZXBhcnRtZW50IGhlYWQiXSwicGVybWlzc2lvbnMiOltdLCJwcmltYXJ5RGVwYXJ0bWVudElkIjoiNjkyNzVkOGFmYzExODRhM2IzZTZjNTVmIiwiZW1wbG95ZWVOdW1iZXIiOiJFTVAtMTAyNSIsImlhdCI6MTc2NTk4MjAyNCwiZXhwIjoxNzY2MDY4NDI0fQ.o54AlKQp--WCCcr-w9HGq-HTxx7mZ9pHgPXVsSkZiAs'[39m
[2m[WebServer] [22m}
[2m[WebServer] [22m≡ƒöì JWT Extractor - Headers: accessToken=eyJhbGciOiJIUzI1NiIsInR5cCI6IkpXVCJ9.eyJzdWIiOiI2OTI5ZTJjMDkzNGQ4ZTA3OWU2ZjU1YjEiLCJ3b3JrRW1haWwiOiJlbmdtYW5hZ2VyLndvcmtAZXhhbXBsZS5jb20iLCJyb2xlcyI6WyJkZXBhcnRtZW50IGhlYWQiXSwicGVybWlzc2lvbnMiOltdLCJwcmltYXJ5RGVwYXJ0bWVudElkIjoiNjkyNzVkOGFmYzExODRhM2IzZTZjNTVmIiwiZW1wbG95ZWVOdW1iZXIiOiJFTVAtMTAyNSIsImlhdCI6MTc2NTk4MjAyNCwiZXhwIjoxNzY2MDY4NDI0fQ.o54AlKQp--WCCcr-w9HGq-HTxx7mZ9pHgPXVsSkZiAs
[2m[WebServer] [22m≡ƒöì JWT Extractor - accessToken: FOUND

[1A[2K[2m[WebServer] [22mJwtStrategy VALIDATE: {
[2m[WebServer] [22m  sub: [32m'6929e2c0934d8e079e6f55b1'[39m,
[2m[WebServer] [22m  workEmail: [32m'engmanager.work@example.com'[39m,
[2m[WebServer] [22m  roles: [ [32m'department head'[39m ],
[2m[WebServer] [22m  permissions: [],
[2m[WebServer] [22m  primaryDepartmentId: [32m'69275d8afc1184a3b3e6c55f'[39m,
[2m[WebServer] [22m  employeeNumber: [32m'EMP-1025'[39m,
[2m[WebServer] [22m  iat: [33m1765982024[39m,
[2m[WebServer] [22m  exp: [33m1766068424[39m
[2m[WebServer] [22m}

[1A[2K[2m[WebServer] [22m≡ƒöÑ JwtAuthGuard: handleRequest() {
[2m[WebServer] [22m  err: [1mnull[22m,
[2m[WebServer] [22m  user: {
[2m[WebServer] [22m    id: [32m'6929e2c0934d8e079e6f55b1'[39m,
[2m[WebServer] [22m    workEmail: [32m'engmanager.work@example.com'[39m,
[2m[WebServer] [22m    roles: [ [32m'department head'[39m ],
[2m[WebServer] [22m    permissions: [],
[2m[WebServer] [22m    primaryDepartmentId: [32m'69275d8afc1184a3b3e6c55f'[39m,
[2m[WebServer] [22m    employeeNumber: [32m'EMP-1025'[39m
[2m[WebServer] [22m  },
[2m[WebServer] [22m  info: [90mundefined[39m
[2m[WebServer] [22m}
[2m[WebServer] [22mΓ£à JwtAuthGuard SUCCESS ΓåÆ user authenticated: 6929e2c0934d8e079e6f55b1

[1A[2K[2m[WebServer] [22m≡ƒöÑ JwtAuthGuard: canActivate CALLED

[1A[2K[2m[WebServer] [22m≡ƒöì JWT Extractor - All cookies: {
[2m[WebServer] [22m  accessToken: [32m'eyJhbGciOiJIUzI1NiIsInR5cCI6IkpXVCJ9.eyJzdWIiOiI2OTI5ZTJjMDkzNGQ4ZTA3OWU2ZjU1YjEiLCJ3b3JrRW1haWwiOiJlbmdtYW5hZ2VyLndvcmtAZXhhbXBsZS5jb20iLCJyb2xlcyI6WyJkZXBhcnRtZW50IGhlYWQiXSwicGVybWlzc2lvbnMiOltdLCJwcmltYXJ5RGVwYXJ0bWVudElkIjoiNjkyNzVkOGFmYzExODRhM2IzZTZjNTVmIiwiZW1wbG95ZWVOdW1iZXIiOiJFTVAtMTAyNSIsImlhdCI6MTc2NTk4MjAyNCwiZXhwIjoxNzY2MDY4NDI0fQ.o54AlKQp--WCCcr-w9HGq-HTxx7mZ9pHgPXVsSkZiAs'[39m
[2m[WebServer] [22m}
[2m[WebServer] [22m≡ƒöì JWT Extractor - Headers: accessToken=eyJhbGciOiJIUzI1NiIsInR5cCI6IkpXVCJ9.eyJzdWIiOiI2OTI5ZTJjMDkzNGQ4ZTA3OWU2ZjU1YjEiLCJ3b3JrRW1haWwiOiJlbmdtYW5hZ2VyLndvcmtAZXhhbXBsZS5jb20iLCJyb2xlcyI6WyJkZXBhcnRtZW50IGhlYWQiXSwicGVybWlzc2lvbnMiOltdLCJwcmltYXJ5RGVwYXJ0bWVudElkIjoiNjkyNzVkOGFmYzExODRhM2IzZTZjNTVmIiwiZW1wbG95ZWVOdW1iZXIiOiJFTVAtMTAyNSIsImlhdCI6MTc2NTk4MjAyNCwiZXhwIjoxNzY2MDY4NDI0fQ.o54AlKQp--WCCcr-w9HGq-HTxx7mZ9pHgPXVsSkZiAs

[1A[2K[2m[WebServer] [22m≡ƒöì JWT Extractor - accessToken: FOUND

[1A[2K[2m[WebServer] [22mJwtStrategy VALIDATE: {
[2m[WebServer] [22m  sub: [32m'6929e2c0934d8e079e6f55b1'[39m,
[2m[WebServer] [22m  workEmail: [32m'engmanager.work@example.com'[39m,
[2m[WebServer] [22m  roles: [ [32m'department head'[39m ],
[2m[WebServer] [22m  permissions: [],
[2m[WebServer] [22m  primaryDepartmentId: [32m'69275d8afc1184a3b3e6c55f'[39m,
[2m[WebServer] [22m  employeeNumber: [32m'EMP-1025'[39m,
[2m[WebServer] [22m  iat: [33m1765982024[39m,
[2m[WebServer] [22m  exp: [33m1766068424[39m
[2m[WebServer] [22m}

[1A[2K[2m[WebServer] [22m≡ƒöÑ JwtAuthGuard: handleRequest() {
[2m[WebServer] [22m  err: [1mnull[22m,
[2m[WebServer] [22m  user: {
[2m[WebServer] [22m    id: [32m'6929e2c0934d8e079e6f55b1'[39m,
[2m[WebServer] [22m    workEmail: [32m'engmanager.work@example.com'[39m,
[2m[WebServer] [22m    roles: [ [32m'department head'[39m ],
[2m[WebServer] [22m    permissions: [],
[2m[WebServer] [22m    primaryDepartmentId: [32m'69275d8afc1184a3b3e6c55f'[39m,
[2m[WebServer] [22m    employeeNumber: [32m'EMP-1025'[39m
[2m[WebServer] [22m  },
[2m[WebServer] [22m  info: [90mundefined[39m
[2m[WebServer] [22m}
[2m[WebServer] [22mΓ£à JwtAuthGuard SUCCESS ΓåÆ user authenticated: 6929e2c0934d8e079e6f55b1
[2m[WebServer] [22m≡ƒöÑ RolesGuard running!
[2m[WebServer] [22m
[2m[WebServer] [22m===== ROLE GUARD =====
[2m[WebServer] [22mRequired roles: [ [32m'department head'[39m, [32m'HR Manager'[39m ]
[2m[WebServer] [22mUser object: {
[2m[WebServer] [22m  id: [32m'6929e2c0934d8e079e6f55b1'[39m,
[2m[WebServer] [22m  workEmail: [32m'engmanager.work@example.com'[39m,
[2m[WebServer] [22m  roles: [ [32m'department head'[39m ],
[2m[WebServer] [22m  permissions: [],
[2m[WebServer] [22m  primaryDepartmentId: [32m'69275d8afc1184a3b3e6c55f'[39m,
[2m[WebServer] [22m  employeeNumber: [32m'EMP-1025'[39m
[2m[WebServer] [22m}
[2m[WebServer] [22mNormalized user roles: [ [32m'department head'[39m ]
[2m[WebServer] [22mNormalized required roles: [ [32m'department head'[39m, [32m'hr manager'[39m ]

[1A[2K[2m[WebServer] [22mHas required role? [33mtrue[39m
[2m[WebServer] [22mΓ£ö ACCESS GRANTED Γ£ö
[2m[WebServer] [22m≡ƒöì [RequestsController] getTeamRequests: { managerId: [90mundefined[39m }

[1A[2K[2m[WebServer] [22m≡ƒöÑ JwtAuthGuard: canActivate CALLED

[1A[2K[2m[WebServer] [22m≡ƒöì JWT Extractor - All cookies: {
[2m[WebServer] [22m  accessToken: [32m'eyJhbGciOiJIUzI1NiIsInR5cCI6IkpXVCJ9.eyJzdWIiOiI2OTI5ZTJjMDkzNGQ4ZTA3OWU2ZjU1YjEiLCJ3b3JrRW1haWwiOiJlbmdtYW5hZ2VyLndvcmtAZXhhbXBsZS5jb20iLCJyb2xlcyI6WyJkZXBhcnRtZW50IGhlYWQiXSwicGVybWlzc2lvbnMiOltdLCJwcmltYXJ5RGVwYXJ0bWVudElkIjoiNjkyNzVkOGFmYzExODRhM2IzZTZjNTVmIiwiZW1wbG95ZWVOdW1iZXIiOiJFTVAtMTAyNSIsImlhdCI6MTc2NTk4MjAyNCwiZXhwIjoxNzY2MDY4NDI0fQ.o54AlKQp--WCCcr-w9HGq-HTxx7mZ9pHgPXVsSkZiAs'[39m
[2m[WebServer] [22m}
[2m[WebServer] [22m≡ƒöì JWT Extractor - Headers: accessToken=eyJhbGciOiJIUzI1NiIsInR5cCI6IkpXVCJ9.eyJzdWIiOiI2OTI5ZTJjMDkzNGQ4ZTA3OWU2ZjU1YjEiLCJ3b3JrRW1haWwiOiJlbmdtYW5hZ2VyLndvcmtAZXhhbXBsZS5jb20iLCJyb2xlcyI6WyJkZXBhcnRtZW50IGhlYWQiXSwicGVybWlzc2lvbnMiOltdLCJwcmltYXJ5RGVwYXJ0bWVudElkIjoiNjkyNzVkOGFmYzExODRhM2IzZTZjNTVmIiwiZW1wbG95ZWVOdW1iZXIiOiJFTVAtMTAyNSIsImlhdCI6MTc2NTk4MjAyNCwiZXhwIjoxNzY2MDY4NDI0fQ.o54AlKQp--WCCcr-w9HGq-HTxx7mZ9pHgPXVsSkZiAs
[2m[WebServer] [22m≡ƒöì JWT Extractor - accessToken: FOUND

[1A[2K[2m[WebServer] [22mJwtStrategy VALIDATE: {
[2m[WebServer] [22m  sub: [32m'6929e2c0934d8e079e6f55b1'[39m,
[2m[WebServer] [22m  workEmail: [32m'engmanager.work@example.com'[39m,
[2m[WebServer] [22m  roles: [ [32m'department head'[39m ],
[2m[WebServer] [22m  permissions: [],
[2m[WebServer] [22m  primaryDepartmentId: [32m'69275d8afc1184a3b3e6c55f'[39m,
[2m[WebServer] [22m  employeeNumber: [32m'EMP-1025'[39m,
[2m[WebServer] [22m  iat: [33m1765982024[39m,
[2m[WebServer] [22m  exp: [33m1766068424[39m
[2m[WebServer] [22m}

[1A[2K[2m[WebServer] [22m≡ƒöÑ JwtAuthGuard: handleRequest() {
[2m[WebServer] [22m  err: [1mnull[22m,
[2m[WebServer] [22m  user: {
[2m[WebServer] [22m    id: [32m'6929e2c0934d8e079e6f55b1'[39m,
[2m[WebServer] [22m    workEmail: [32m'engmanager.work@example.com'[39m,
[2m[WebServer] [22m    roles: [ [32m'department head'[39m ],
[2m[WebServer] [22m    permissions: [],
[2m[WebServer] [22m    primaryDepartmentId: [32m'69275d8afc1184a3b3e6c55f'[39m,
[2m[WebServer] [22m    employeeNumber: [32m'EMP-1025'[39m
[2m[WebServer] [22m  },
[2m[WebServer] [22m  info: [90mundefined[39m
[2m[WebServer] [22m}
[2m[WebServer] [22mΓ£à JwtAuthGuard SUCCESS ΓåÆ user authenticated: 6929e2c0934d8e079e6f55b1
[2m[WebServer] [22m≡ƒöÑ RolesGuard running!
[2m[WebServer] [22m
[2m[WebServer] [22m===== ROLE GUARD =====

[1A[2K[2m[WebServer] [22mRequired roles: [ [32m'department head'[39m, [32m'HR Manager'[39m ]
[2m[WebServer] [22mUser object: {
[2m[WebServer] [22m  id: [32m'6929e2c0934d8e079e6f55b1'[39m,
[2m[WebServer] [22m  workEmail: [32m'engmanager.work@example.com'[39m,
[2m[WebServer] [22m  roles: [ [32m'department head'[39m ],
[2m[WebServer] [22m  permissions: [],
[2m[WebServer] [22m  primaryDepartmentId: [32m'69275d8afc1184a3b3e6c55f'[39m,
[2m[WebServer] [22m  employeeNumber: [32m'EMP-1025'[39m
[2m[WebServer] [22m}
[2m[WebServer] [22mNormalized user roles: [ [32m'department head'[39m ]

[1A[2K[2m[WebServer] [22mNormalized required roles: [ [32m'department head'[39m, [32m'hr manager'[39m ]
[2m[WebServer] [22mHas required role? [33mtrue[39m
[2m[WebServer] [22mΓ£ö ACCESS GRANTED Γ£ö

[1A[2K[2m[WebServer] [22m≡ƒöì [TrackingController] getTeamBalances: {
[2m[WebServer] [22m  filters: [Object: null prototype] {},
[2m[WebServer] [22m  managerId: [32m'6929e2c0934d8e079e6f55b1'[39m
[2m[WebServer] [22m}

[1A[2K[2m[WebServer] [22mDepartment ID from logged in user: 69275d8afc1184a3b3e6c55f

[1A[2KΓ£à Approvals view loaded

[1A[2K[23/35] [chromium] ΓÇ║ leave-tests.spec.ts:818:7 ΓÇ║ ≡ƒæ¿ΓÇì≡ƒÆ╝ MANAGER (EMP-1025 - Engineering) - All Approval Scenarios ΓÇ║ Γ£à P1: Approve leave request
[1A[2K[chromium] ΓÇ║ leave-tests.spec.ts:818:7 ΓÇ║ ≡ƒæ¿ΓÇì≡ƒÆ╝ MANAGER (EMP-1025 - Engineering) - All Approval Scenarios ΓÇ║ Γ£à P1: Approve leave request
≡ƒöÉ Logging in as: engmanager.work@example.com

[1A[2K[2m[WebServer] [22m GET /login [32m200[39m in 37ms[2m (compile: 2ms, render: 34ms)[22m

[1A[2K[2m[WebServer] [22m≡ƒöÑ JwtAuthGuard: canActivate CALLED

[1A[2K[2m[WebServer] [22m≡ƒöì JWT Extractor - All cookies: [Object: null prototype] {}

[1A[2K[2m[WebServer] [22m≡ƒöì JWT Extractor - Headers: [90mundefined[39m
[2m[WebServer] [22m≡ƒöì JWT Extractor - accessToken: NOT FOUND

[1A[2K[2m[WebServer] [22m≡ƒöÑ JwtAuthGuard: handleRequest() {
[2m[WebServer] [22m  err: [1mnull[22m,
[2m[WebServer] [22m  user: [33mfalse[39m,
[2m[WebServer] [22m  info: Error: No auth token
[2m[WebServer] [22m      at JwtStrategy.authenticate [90m(C:\Users\Bedon\Desktop\semester-5-software-project\backend\[39mnode_modules\[4mpassport-jwt[24m\lib\strategy.js:96:26[90m)[39m
[2m[WebServer] [22m      at attempt [90m(C:\Users\Bedon\Desktop\semester-5-software-project\backend\[39mnode_modules\[4mpassport[24m\lib\middleware\authenticate.js:378:16[90m)[39m
[2m[WebServer] [22m      at authenticate [90m(C:\Users\Bedon\Desktop\semester-5-software-project\backend\[39mnode_modules\[4mpassport[24m\lib\middleware\authenticate.js:379:7[90m)[39m
[2m[WebServer] [22m      at [90mC:\Users\Bedon\Desktop\semester-5-software-project\backend\[39mnode_modules\[4m@nestjs[24m\passport\dist\auth.guard.js:88:3
[2m[WebServer] [22m      at new Promise (<anonymous>)
[2m[WebServer] [22m      at [90mC:\Users\Bedon\Desktop\semester-5-software-project\backend\[39mnode_modules\[4m@nestjs[24m\passport\dist\auth.guard.js:80:83
[2m[WebServer] [22m      at JwtAuthGuard.canActivate [90m(C:\Users\Bedon\Desktop\semester-5-software-project\backend\[39mnode_modules\[4m@nestjs[24m\passport\dist\auth.guard.js:44:32[90m)[39m
[2m[WebServer] [22m  [90m    at process.processTicksAndRejections (node:internal/process/task_queues:105:5)[39m
[2m[WebServer] [22m}

[1A[2K[2m[WebServer] [22mΓ¥î JwtAuthGuard INFO: Error: No auth token
[2m[WebServer] [22m    at JwtStrategy.authenticate 
[90m(C:\Users\Bedon\Desktop\semester-5-software-project\backend\[39mnode_modules\[4mpassport-jwt[24m\lib\strategy.js:96:26[90m)[39m

[2m[WebServer] [22m    at attempt 
[90m(C:\Users\Bedon\Desktop\semester-5-software-project\backend\[39mnode_modules\[4mpassport[24m\lib\middleware\authenticate.js:378:16[90m)[39m
[2m[WebServer] [22m    at authenticate 
[90m(C:\Users\Bedon\Desktop\semester-5-software-project\backend\[39mnode_modules\[4mpassport[24m\lib\middleware\authenticate.js:379:7[90m)[39m
[2m[WebServer] [22m    at [90mC:\Users\Bedon\Desktop\semester-5-software-project\backend\[39mnode_modules\[4m@nestjs[24m\passport\dist\auth.guard.js:88:3
[2m[WebServer] [22m    at new Promise (<anonymous>)
[2m[WebServer] [22m    at 
[90mC:\Users\Bedon\Desktop\semester-5-software-project\backend\[39mnode_modules\[4m@nestjs[24m\passport\dist\auth.guard.js:80:83
[2m[WebServer] [22m    at JwtAuthGuard.canActivate 
[90m(C:\Users\Bedon\Desktop\semester-5-software-project\backend\[39mnode_modules\[4m@nestjs[24m\passport\dist\auth.guard.js:44:32[90m)[39m
[2m[WebServer] [22m[90m    at process.processTicksAndRejections (node:internal/process/task_queues:105:5)[39m
[1A[2K[2m[WebServer] [22mΓ¥î JwtAuthGuard FAILING ΓåÆ No auth token

[1A[2K[2m[WebServer] [22mVALIDATE EMPLOYEE - systemRole = {
[2m[WebServer] [22m  _id: new ObjectId([32m'6929e2c0934d8e079e6f55b3'[39m),
[2m[WebServer] [22m  employeeProfileId: new ObjectId([32m'6929e2c0934d8e079e6f55b1'[39m),
[2m[WebServer] [22m  roles: [ [32m'department head'[39m ],
[2m[WebServer] [22m  permissions: [],
[2m[WebServer] [22m  isActive: [33mtrue[39m,
[2m[WebServer] [22m  createdAt: [35m2025-11-28T17:58:24.325Z[39m,
[2m[WebServer] [22m  updatedAt: [35m2025-11-28T17:58:24.325Z[39m,
[2m[WebServer] [22m  __v: [33m0[39m
[2m[WebServer] [22m}

[1A[2K[2m[WebServer] [22mGenerated token: eyJhbGciOiJIUzI1NiIsInR5cCI6IkpXVCJ9.eyJzdWIiOiI2OTI5ZTJjMDkzNGQ4ZTA3OWU2ZjU1YjEiLCJ3b3JrRW1haWwiOiJlbmdtYW5hZ2VyLndvcmtAZXhhbXBsZS5jb20iLCJyb2xlcyI6WyJkZXBhcnRtZW50IGhlYWQiXSwicGVybWlzc2lvbnMiOltdLCJwcmltYXJ5RGVwYXJ0bWVudElkIjoiNjkyNzVkOGFmYzExODRhM2IzZTZjNTVmIiwiZW1wbG95ZWVOdW1iZXIiOiJFTVAtMTAyNSIsImlhdCI6MTc2NTk4MjAyNywiZXhwIjoxNzY2MDY4NDI3fQ.X3FfMkxIc_buO0FKlcX-caGtJpxp42j_MOZ8tzIU2IY

[1A[2K[2m[WebServer] [22m GET /leaves [32m200[39m in 17ms[2m (compile: 3ms, render: 15ms)[22m

[1A[2KΓ£à Login successful

[1A[2KΓ£à Testing Approve Request

[1A[2K[2m[WebServer] [22m≡ƒöÑ JwtAuthGuard: canActivate CALLED

[1A[2K[2m[WebServer] [22m≡ƒöì JWT Extractor - All cookies: {
[2m[WebServer] [22m  accessToken: [32m'eyJhbGciOiJIUzI1NiIsInR5cCI6IkpXVCJ9.eyJzdWIiOiI2OTI5ZTJjMDkzNGQ4ZTA3OWU2ZjU1YjEiLCJ3b3JrRW1haWwiOiJlbmdtYW5hZ2VyLndvcmtAZXhhbXBsZS5jb20iLCJyb2xlcyI6WyJkZXBhcnRtZW50IGhlYWQiXSwicGVybWlzc2lvbnMiOltdLCJwcmltYXJ5RGVwYXJ0bWVudElkIjoiNjkyNzVkOGFmYzExODRhM2IzZTZjNTVmIiwiZW1wbG95ZWVOdW1iZXIiOiJFTVAtMTAyNSIsImlhdCI6MTc2NTk4MjAyNywiZXhwIjoxNzY2MDY4NDI3fQ.X3FfMkxIc_buO0FKlcX-caGtJpxp42j_MOZ8tzIU2IY'[39m
[2m[WebServer] [22m}
[2m[WebServer] [22m≡ƒöì JWT Extractor - Headers: accessToken=eyJhbGciOiJIUzI1NiIsInR5cCI6IkpXVCJ9.eyJzdWIiOiI2OTI5ZTJjMDkzNGQ4ZTA3OWU2ZjU1YjEiLCJ3b3JrRW1haWwiOiJlbmdtYW5hZ2VyLndvcmtAZXhhbXBsZS5jb20iLCJyb2xlcyI6WyJkZXBhcnRtZW50IGhlYWQiXSwicGVybWlzc2lvbnMiOltdLCJwcmltYXJ5RGVwYXJ0bWVudElkIjoiNjkyNzVkOGFmYzExODRhM2IzZTZjNTVmIiwiZW1wbG95ZWVOdW1iZXIiOiJFTVAtMTAyNSIsImlhdCI6MTc2NTk4MjAyNywiZXhwIjoxNzY2MDY4NDI3fQ.X3FfMkxIc_buO0FKlcX-caGtJpxp42j_MOZ8tzIU2IY

[1A[2K[2m[WebServer] [22m≡ƒöì JWT Extractor - accessToken: FOUND

[1A[2K[2m[WebServer] [22mJwtStrategy VALIDATE: {
[2m[WebServer] [22m  sub: [32m'6929e2c0934d8e079e6f55b1'[39m,
[2m[WebServer] [22m  workEmail: [32m'engmanager.work@example.com'[39m,
[2m[WebServer] [22m  roles: [ [32m'department head'[39m ],
[2m[WebServer] [22m  permissions: [],
[2m[WebServer] [22m  primaryDepartmentId: [32m'69275d8afc1184a3b3e6c55f'[39m,
[2m[WebServer] [22m  employeeNumber: [32m'EMP-1025'[39m,
[2m[WebServer] [22m  iat: [33m1765982027[39m,
[2m[WebServer] [22m  exp: [33m1766068427[39m
[2m[WebServer] [22m}

[1A[2K[2m[WebServer] [22m≡ƒöÑ JwtAuthGuard: handleRequest() {
[2m[WebServer] [22m  err: [1mnull[22m,
[2m[WebServer] [22m  user: {
[2m[WebServer] [22m    id: [32m'6929e2c0934d8e079e6f55b1'[39m,
[2m[WebServer] [22m    workEmail: [32m'engmanager.work@example.com'[39m,
[2m[WebServer] [22m    roles: [ [32m'department head'[39m ],
[2m[WebServer] [22m    permissions: [],
[2m[WebServer] [22m    primaryDepartmentId: [32m'69275d8afc1184a3b3e6c55f'[39m,
[2m[WebServer] [22m    employeeNumber: [32m'EMP-1025'[39m
[2m[WebServer] [22m  },
[2m[WebServer] [22m  info: [90mundefined[39m
[2m[WebServer] [22m}
[2m[WebServer] [22mΓ£à JwtAuthGuard SUCCESS ΓåÆ user authenticated: 6929e2c0934d8e079e6f55b1
[2m[WebServer] [22m≡ƒöÑ RolesGuard running!
[2m[WebServer] [22m
[2m[WebServer] [22m===== ROLE GUARD =====
[2m[WebServer] [22mRequired roles: [
[2m[WebServer] [22m  [32m'department employee'[39m,
[2m[WebServer] [22m  [32m'HR Employee'[39m,
[2m[WebServer] [22m  [32m'department head'[39m,
[2m[WebServer] [22m  [32m'HR Manager'[39m,
[2m[WebServer] [22m  [32m'HR Admin'[39m,
[2m[WebServer] [22m  [32m'System Admin'[39m
[2m[WebServer] [22m]
[2m[WebServer] [22mUser object: {
[2m[WebServer] [22m  id: [32m'6929e2c0934d8e079e6f55b1'[39m,
[2m[WebServer] [22m  workEmail: [32m'engmanager.work@example.com'[39m,
[2m[WebServer] [22m  roles: [ [32m'department head'[39m ],
[2m[WebServer] [22m  permissions: [],
[2m[WebServer] [22m  primaryDepartmentId: [32m'69275d8afc1184a3b3e6c55f'[39m,
[2m[WebServer] [22m  employeeNumber: [32m'EMP-1025'[39m
[2m[WebServer] [22m}
[2m[WebServer] [22mNormalized user roles: [ [32m'department head'[39m ]

[1A[2K[2m[WebServer] [22mNormalized required roles: [
[2m[WebServer] [22m  [32m'department employee'[39m,
[2m[WebServer] [22m  [32m'hr employee'[39m,
[2m[WebServer] [22m  [32m'department head'[39m,
[2m[WebServer] [22m  [32m'hr manager'[39m,
[2m[WebServer] [22m  [32m'hr admin'[39m,
[2m[WebServer] [22m  [32m'system admin'[39m
[2m[WebServer] [22m]
[2m[WebServer] [22mHas required role? [33mtrue[39m
[2m[WebServer] [22mΓ£ö ACCESS GRANTED Γ£ö

[1A[2K[2m[WebServer] [22m≡ƒöì [TrackingController] getMyBalances: {
[2m[WebServer] [22m  query: [Object: null prototype] {},
[2m[WebServer] [22m  userId: [32m'6929e2c0934d8e079e6f55b1'[39m
[2m[WebServer] [22m}

[1A[2K[2m[WebServer] [22m≡ƒöÑ JwtAuthGuard: canActivate CALLED

[1A[2K[2m[WebServer] [22m≡ƒöì JWT Extractor - All cookies: {
[2m[WebServer] [22m  accessToken: [32m'eyJhbGciOiJIUzI1NiIsInR5cCI6IkpXVCJ9.eyJzdWIiOiI2OTI5ZTJjMDkzNGQ4ZTA3OWU2ZjU1YjEiLCJ3b3JrRW1haWwiOiJlbmdtYW5hZ2VyLndvcmtAZXhhbXBsZS5jb20iLCJyb2xlcyI6WyJkZXBhcnRtZW50IGhlYWQiXSwicGVybWlzc2lvbnMiOltdLCJwcmltYXJ5RGVwYXJ0bWVudElkIjoiNjkyNzVkOGFmYzExODRhM2IzZTZjNTVmIiwiZW1wbG95ZWVOdW1iZXIiOiJFTVAtMTAyNSIsImlhdCI6MTc2NTk4MjAyNywiZXhwIjoxNzY2MDY4NDI3fQ.X3FfMkxIc_buO0FKlcX-caGtJpxp42j_MOZ8tzIU2IY'[39m
[2m[WebServer] [22m}

[1A[2K[2m[WebServer] [22m≡ƒöì JWT Extractor - Headers: accessToken=eyJhbGciOiJIUzI1NiIsInR5cCI6IkpXVCJ9.eyJzdWIiOiI2OTI5ZTJjMDkzNGQ4ZTA3OWU2ZjU1YjEiLCJ3b3JrRW1haWwiOiJlbmdtYW5hZ2VyLndvcmtAZXhhbXBsZS5jb20iLCJyb2xlcyI6WyJkZXBhcnRtZW50IGhlYWQiXSwicGVybWlzc2lvbnMiOltdLCJwcmltYXJ5RGVwYXJ0bWVudElkIjoiNjkyNzVkOGFmYzExODRhM2IzZTZjNTVmIiwiZW1wbG95ZWVOdW1iZXIiOiJFTVAtMTAyNSIsImlhdCI6MTc2NTk4MjAyNywiZXhwIjoxNzY2MDY4NDI3fQ.X3FfMkxIc_buO0FKlcX-caGtJpxp42j_MOZ8tzIU2IY
[2m[WebServer] [22m≡ƒöì JWT Extractor - accessToken: FOUND

[1A[2K[2m[WebServer] [22mJwtStrategy VALIDATE: {
[2m[WebServer] [22m  sub: [32m'6929e2c0934d8e079e6f55b1'[39m,
[2m[WebServer] [22m  workEmail: [32m'engmanager.work@example.com'[39m,
[2m[WebServer] [22m  roles: [ [32m'department head'[39m ],
[2m[WebServer] [22m  permissions: [],
[2m[WebServer] [22m  primaryDepartmentId: [32m'69275d8afc1184a3b3e6c55f'[39m,
[2m[WebServer] [22m  employeeNumber: [32m'EMP-1025'[39m,
[2m[WebServer] [22m  iat: [33m1765982027[39m,
[2m[WebServer] [22m  exp: [33m1766068427[39m
[2m[WebServer] [22m}

[1A[2K[2m[WebServer] [22m≡ƒöÑ JwtAuthGuard: handleRequest() {
[2m[WebServer] [22m  err: [1mnull[22m,
[2m[WebServer] [22m  user: {
[2m[WebServer] [22m    id: [32m'6929e2c0934d8e079e6f55b1'[39m,
[2m[WebServer] [22m    workEmail: [32m'engmanager.work@example.com'[39m,
[2m[WebServer] [22m    roles: [ [32m'department head'[39m ],
[2m[WebServer] [22m    permissions: [],
[2m[WebServer] [22m    primaryDepartmentId: [32m'69275d8afc1184a3b3e6c55f'[39m,
[2m[WebServer] [22m    employeeNumber: [32m'EMP-1025'[39m
[2m[WebServer] [22m  },
[2m[WebServer] [22m  info: [90mundefined[39m
[2m[WebServer] [22m}
[2m[WebServer] [22mΓ£à JwtAuthGuard SUCCESS ΓåÆ user authenticated: 6929e2c0934d8e079e6f55b1
[2m[WebServer] [22m≡ƒöÑ RolesGuard running!

[1A[2K[2m[WebServer] [22m
[2m[WebServer] [22m===== ROLE GUARD =====
[2m[WebServer] [22mRequired roles: [
[2m[WebServer] [22m  [32m'department employee'[39m,
[2m[WebServer] [22m  [32m'HR Employee'[39m,
[2m[WebServer] [22m  [32m'department head'[39m,
[2m[WebServer] [22m  [32m'HR Manager'[39m,
[2m[WebServer] [22m  [32m'HR Admin'[39m,
[2m[WebServer] [22m  [32m'System Admin'[39m
[2m[WebServer] [22m]
[2m[WebServer] [22mUser object: {
[2m[WebServer] [22m  id: [32m'6929e2c0934d8e079e6f55b1'[39m,
[2m[WebServer] [22m  workEmail: [32m'engmanager.work@example.com'[39m,
[2m[WebServer] [22m  roles: [ [32m'department head'[39m ],
[2m[WebServer] [22m  permissions: [],
[2m[WebServer] [22m  primaryDepartmentId: [32m'69275d8afc1184a3b3e6c55f'[39m,
[2m[WebServer] [22m  employeeNumber: [32m'EMP-1025'[39m
[2m[WebServer] [22m}

[1A[2K[2m[WebServer] [22mNormalized user roles: [ [32m'department head'[39m ]
[2m[WebServer] [22mNormalized required roles: [
[2m[WebServer] [22m  [32m'department employee'[39m,
[2m[WebServer] [22m  [32m'hr employee'[39m,
[2m[WebServer] [22m  [32m'department head'[39m,
[2m[WebServer] [22m  [32m'hr manager'[39m,
[2m[WebServer] [22m  [32m'hr admin'[39m,
[2m[WebServer] [22m  [32m'system admin'[39m
[2m[WebServer] [22m]
[2m[WebServer] [22mHas required role? [33mtrue[39m
[2m[WebServer] [22mΓ£ö ACCESS GRANTED Γ£ö

[1A[2K[2m[WebServer] [22m≡ƒöì [TrackingController] getMyHistory: {
[2m[WebServer] [22m  filters: [Object: null prototype] {},
[2m[WebServer] [22m  userId: [32m'6929e2c0934d8e079e6f55b1'[39m
[2m[WebServer] [22m}

[1A[2K[2m[WebServer] [22m GET /leaves/team [32m200[39m in 44ms[2m (compile: 3ms, render: 42ms)[22m

[1A[2K[2m[WebServer] [22m≡ƒöÑ JwtAuthGuard: canActivate CALLED

[1A[2K[2m[WebServer] [22m≡ƒöì JWT Extractor - All cookies: {
[2m[WebServer] [22m  accessToken: [32m'eyJhbGciOiJIUzI1NiIsInR5cCI6IkpXVCJ9.eyJzdWIiOiI2OTI5ZTJjMDkzNGQ4ZTA3OWU2ZjU1YjEiLCJ3b3JrRW1haWwiOiJlbmdtYW5hZ2VyLndvcmtAZXhhbXBsZS5jb20iLCJyb2xlcyI6WyJkZXBhcnRtZW50IGhlYWQiXSwicGVybWlzc2lvbnMiOltdLCJwcmltYXJ5RGVwYXJ0bWVudElkIjoiNjkyNzVkOGFmYzExODRhM2IzZTZjNTVmIiwiZW1wbG95ZWVOdW1iZXIiOiJFTVAtMTAyNSIsImlhdCI6MTc2NTk4MjAyNywiZXhwIjoxNzY2MDY4NDI3fQ.X3FfMkxIc_buO0FKlcX-caGtJpxp42j_MOZ8tzIU2IY'[39m
[2m[WebServer] [22m}

[1A[2K[2m[WebServer] [22m≡ƒöì JWT Extractor - Headers: accessToken=eyJhbGciOiJIUzI1NiIsInR5cCI6IkpXVCJ9.eyJzdWIiOiI2OTI5ZTJjMDkzNGQ4ZTA3OWU2ZjU1YjEiLCJ3b3JrRW1haWwiOiJlbmdtYW5hZ2VyLndvcmtAZXhhbXBsZS5jb20iLCJyb2xlcyI6WyJkZXBhcnRtZW50IGhlYWQiXSwicGVybWlzc2lvbnMiOltdLCJwcmltYXJ5RGVwYXJ0bWVudElkIjoiNjkyNzVkOGFmYzExODRhM2IzZTZjNTVmIiwiZW1wbG95ZWVOdW1iZXIiOiJFTVAtMTAyNSIsImlhdCI6MTc2NTk4MjAyNywiZXhwIjoxNzY2MDY4NDI3fQ.X3FfMkxIc_buO0FKlcX-caGtJpxp42j_MOZ8tzIU2IY
[2m[WebServer] [22m≡ƒöì JWT Extractor - accessToken: FOUND

[1A[2K[2m[WebServer] [22mJwtStrategy VALIDATE: {
[2m[WebServer] [22m  sub: [32m'6929e2c0934d8e079e6f55b1'[39m,
[2m[WebServer] [22m  workEmail: [32m'engmanager.work@example.com'[39m,
[2m[WebServer] [22m  roles: [ [32m'department head'[39m ],
[2m[WebServer] [22m  permissions: [],
[2m[WebServer] [22m  primaryDepartmentId: [32m'69275d8afc1184a3b3e6c55f'[39m,
[2m[WebServer] [22m  employeeNumber: [32m'EMP-1025'[39m,
[2m[WebServer] [22m  iat: [33m1765982027[39m,
[2m[WebServer] [22m  exp: [33m1766068427[39m
[2m[WebServer] [22m}

[1A[2K[2m[WebServer] [22m≡ƒöÑ JwtAuthGuard: handleRequest() {
[2m[WebServer] [22m  err: [1mnull[22m,
[2m[WebServer] [22m  user: {
[2m[WebServer] [22m    id: [32m'6929e2c0934d8e079e6f55b1'[39m,
[2m[WebServer] [22m    workEmail: [32m'engmanager.work@example.com'[39m,
[2m[WebServer] [22m    roles: [ [32m'department head'[39m ],
[2m[WebServer] [22m    permissions: [],
[2m[WebServer] [22m    primaryDepartmentId: [32m'69275d8afc1184a3b3e6c55f'[39m,
[2m[WebServer] [22m    employeeNumber: [32m'EMP-1025'[39m
[2m[WebServer] [22m  },
[2m[WebServer] [22m  info: [90mundefined[39m
[2m[WebServer] [22m}
[2m[WebServer] [22mΓ£à JwtAuthGuard SUCCESS ΓåÆ user authenticated: 6929e2c0934d8e079e6f55b1

[1A[2K[2m[WebServer] [22m≡ƒöÑ JwtAuthGuard: canActivate CALLED

[1A[2K[2m[WebServer] [22m≡ƒöì JWT Extractor - All cookies: {
[2m[WebServer] [22m  accessToken: [32m'eyJhbGciOiJIUzI1NiIsInR5cCI6IkpXVCJ9.eyJzdWIiOiI2OTI5ZTJjMDkzNGQ4ZTA3OWU2ZjU1YjEiLCJ3b3JrRW1haWwiOiJlbmdtYW5hZ2VyLndvcmtAZXhhbXBsZS5jb20iLCJyb2xlcyI6WyJkZXBhcnRtZW50IGhlYWQiXSwicGVybWlzc2lvbnMiOltdLCJwcmltYXJ5RGVwYXJ0bWVudElkIjoiNjkyNzVkOGFmYzExODRhM2IzZTZjNTVmIiwiZW1wbG95ZWVOdW1iZXIiOiJFTVAtMTAyNSIsImlhdCI6MTc2NTk4MjAyNywiZXhwIjoxNzY2MDY4NDI3fQ.X3FfMkxIc_buO0FKlcX-caGtJpxp42j_MOZ8tzIU2IY'[39m
[2m[WebServer] [22m}

[1A[2K[2m[WebServer] [22m≡ƒöì JWT Extractor - Headers: accessToken=eyJhbGciOiJIUzI1NiIsInR5cCI6IkpXVCJ9.eyJzdWIiOiI2OTI5ZTJjMDkzNGQ4ZTA3OWU2ZjU1YjEiLCJ3b3JrRW1haWwiOiJlbmdtYW5hZ2VyLndvcmtAZXhhbXBsZS5jb20iLCJyb2xlcyI6WyJkZXBhcnRtZW50IGhlYWQiXSwicGVybWlzc2lvbnMiOltdLCJwcmltYXJ5RGVwYXJ0bWVudElkIjoiNjkyNzVkOGFmYzExODRhM2IzZTZjNTVmIiwiZW1wbG95ZWVOdW1iZXIiOiJFTVAtMTAyNSIsImlhdCI6MTc2NTk4MjAyNywiZXhwIjoxNzY2MDY4NDI3fQ.X3FfMkxIc_buO0FKlcX-caGtJpxp42j_MOZ8tzIU2IY
[2m[WebServer] [22m≡ƒöì JWT Extractor - accessToken: FOUND

[1A[2K[2m[WebServer] [22mJwtStrategy VALIDATE: {
[2m[WebServer] [22m  sub: [32m'6929e2c0934d8e079e6f55b1'[39m,
[2m[WebServer] [22m  workEmail: [32m'engmanager.work@example.com'[39m,
[2m[WebServer] [22m  roles: [ [32m'department head'[39m ],
[2m[WebServer] [22m  permissions: [],
[2m[WebServer] [22m  primaryDepartmentId: [32m'69275d8afc1184a3b3e6c55f'[39m,
[2m[WebServer] [22m  employeeNumber: [32m'EMP-1025'[39m,
[2m[WebServer] [22m  iat: [33m1765982027[39m,
[2m[WebServer] [22m  exp: [33m1766068427[39m
[2m[WebServer] [22m}

[1A[2K[2m[WebServer] [22m≡ƒöÑ JwtAuthGuard: handleRequest() {
[2m[WebServer] [22m  err: [1mnull[22m,
[2m[WebServer] [22m  user: {
[2m[WebServer] [22m    id: [32m'6929e2c0934d8e079e6f55b1'[39m,
[2m[WebServer] [22m    workEmail: [32m'engmanager.work@example.com'[39m,
[2m[WebServer] [22m    roles: [ [32m'department head'[39m ],
[2m[WebServer] [22m    permissions: [],
[2m[WebServer] [22m    primaryDepartmentId: [32m'69275d8afc1184a3b3e6c55f'[39m,
[2m[WebServer] [22m    employeeNumber: [32m'EMP-1025'[39m
[2m[WebServer] [22m  },
[2m[WebServer] [22m  info: [90mundefined[39m
[2m[WebServer] [22m}
[2m[WebServer] [22mΓ£à JwtAuthGuard SUCCESS ΓåÆ user authenticated: 6929e2c0934d8e079e6f55b1
[2m[WebServer] [22m≡ƒöÑ RolesGuard running!

[1A[2K[2m[WebServer] [22m
[2m[WebServer] [22m===== ROLE GUARD =====
[2m[WebServer] [22mRequired roles: [ [32m'department head'[39m, [32m'HR Manager'[39m ]
[2m[WebServer] [22mUser object: {
[2m[WebServer] [22m  id: [32m'6929e2c0934d8e079e6f55b1'[39m,
[2m[WebServer] [22m  workEmail: [32m'engmanager.work@example.com'[39m,
[2m[WebServer] [22m  roles: [ [32m'department head'[39m ],
[2m[WebServer] [22m  permissions: [],
[2m[WebServer] [22m  primaryDepartmentId: [32m'69275d8afc1184a3b3e6c55f'[39m,
[2m[WebServer] [22m  employeeNumber: [32m'EMP-1025'[39m
[2m[WebServer] [22m}
[2m[WebServer] [22mNormalized user roles: [ [32m'department head'[39m ]
[2m[WebServer] [22mNormalized required roles: [ [32m'department head'[39m, [32m'hr manager'[39m ]
[2m[WebServer] [22mHas required role? [33mtrue[39m

[1A[2K[2m[WebServer] [22mΓ£ö ACCESS GRANTED Γ£ö

[1A[2K[2m[WebServer] [22m≡ƒöì [RequestsController] getTeamRequests: { managerId: [90mundefined[39m }

[1A[2K[2m[WebServer] [22m≡ƒöÑ JwtAuthGuard: canActivate CALLED

[1A[2K[2m[WebServer] [22m≡ƒöì JWT Extractor - All cookies: {
[2m[WebServer] [22m  accessToken: [32m'eyJhbGciOiJIUzI1NiIsInR5cCI6IkpXVCJ9.eyJzdWIiOiI2OTI5ZTJjMDkzNGQ4ZTA3OWU2ZjU1YjEiLCJ3b3JrRW1haWwiOiJlbmdtYW5hZ2VyLndvcmtAZXhhbXBsZS5jb20iLCJyb2xlcyI6WyJkZXBhcnRtZW50IGhlYWQiXSwicGVybWlzc2lvbnMiOltdLCJwcmltYXJ5RGVwYXJ0bWVudElkIjoiNjkyNzVkOGFmYzExODRhM2IzZTZjNTVmIiwiZW1wbG95ZWVOdW1iZXIiOiJFTVAtMTAyNSIsImlhdCI6MTc2NTk4MjAyNywiZXhwIjoxNzY2MDY4NDI3fQ.X3FfMkxIc_buO0FKlcX-caGtJpxp42j_MOZ8tzIU2IY'[39m
[2m[WebServer] [22m}
[2m[WebServer] [22m≡ƒöì JWT Extractor - Headers: accessToken=eyJhbGciOiJIUzI1NiIsInR5cCI6IkpXVCJ9.eyJzdWIiOiI2OTI5ZTJjMDkzNGQ4ZTA3OWU2ZjU1YjEiLCJ3b3JrRW1haWwiOiJlbmdtYW5hZ2VyLndvcmtAZXhhbXBsZS5jb20iLCJyb2xlcyI6WyJkZXBhcnRtZW50IGhlYWQiXSwicGVybWlzc2lvbnMiOltdLCJwcmltYXJ5RGVwYXJ0bWVudElkIjoiNjkyNzVkOGFmYzExODRhM2IzZTZjNTVmIiwiZW1wbG95ZWVOdW1iZXIiOiJFTVAtMTAyNSIsImlhdCI6MTc2NTk4MjAyNywiZXhwIjoxNzY2MDY4NDI3fQ.X3FfMkxIc_buO0FKlcX-caGtJpxp42j_MOZ8tzIU2IY

[1A[2K[2m[WebServer] [22m≡ƒöì JWT Extractor - accessToken: FOUND

[1A[2K[2m[WebServer] [22mJwtStrategy VALIDATE: {
[2m[WebServer] [22m  sub: [32m'6929e2c0934d8e079e6f55b1'[39m,
[2m[WebServer] [22m  workEmail: [32m'engmanager.work@example.com'[39m,
[2m[WebServer] [22m  roles: [ [32m'department head'[39m ],
[2m[WebServer] [22m  permissions: [],
[2m[WebServer] [22m  primaryDepartmentId: [32m'69275d8afc1184a3b3e6c55f'[39m,
[2m[WebServer] [22m  employeeNumber: [32m'EMP-1025'[39m,
[2m[WebServer] [22m  iat: [33m1765982027[39m,
[2m[WebServer] [22m  exp: [33m1766068427[39m
[2m[WebServer] [22m}

[1A[2K[2m[WebServer] [22m≡ƒöÑ JwtAuthGuard: handleRequest() {
[2m[WebServer] [22m  err: [1mnull[22m,
[2m[WebServer] [22m  user: {
[2m[WebServer] [22m    id: [32m'6929e2c0934d8e079e6f55b1'[39m,
[2m[WebServer] [22m    workEmail: [32m'engmanager.work@example.com'[39m,
[2m[WebServer] [22m    roles: [ [32m'department head'[39m ],
[2m[WebServer] [22m    permissions: [],
[2m[WebServer] [22m    primaryDepartmentId: [32m'69275d8afc1184a3b3e6c55f'[39m,
[2m[WebServer] [22m    employeeNumber: [32m'EMP-1025'[39m
[2m[WebServer] [22m  },
[2m[WebServer] [22m  info: [90mundefined[39m
[2m[WebServer] [22m}
[2m[WebServer] [22mΓ£à JwtAuthGuard SUCCESS ΓåÆ user authenticated: 6929e2c0934d8e079e6f55b1

[1A[2K[2m[WebServer] [22m≡ƒöÑ RolesGuard running!
[2m[WebServer] [22m
[2m[WebServer] [22m===== ROLE GUARD =====
[2m[WebServer] [22mRequired roles: [ [32m'department head'[39m, [32m'HR Manager'[39m ]

[1A[2K[2m[WebServer] [22mUser object: {
[2m[WebServer] [22m  id: [32m'6929e2c0934d8e079e6f55b1'[39m,
[2m[WebServer] [22m  workEmail: [32m'engmanager.work@example.com'[39m,
[2m[WebServer] [22m  roles: [ [32m'department head'[39m ],
[2m[WebServer] [22m  permissions: [],
[2m[WebServer] [22m  primaryDepartmentId: [32m'69275d8afc1184a3b3e6c55f'[39m,
[2m[WebServer] [22m  employeeNumber: [32m'EMP-1025'[39m
[2m[WebServer] [22m}
[2m[WebServer] [22mNormalized user roles: [ [32m'department head'[39m ]

[1A[2K[2m[WebServer] [22mNormalized required roles: [ [32m'department head'[39m, [32m'hr manager'[39m ]
[2m[WebServer] [22mHas required role? [33mtrue[39m
[2m[WebServer] [22mΓ£ö ACCESS GRANTED Γ£ö

[1A[2K[2m[WebServer] [22m≡ƒöì [TrackingController] getTeamBalances: {
[2m[WebServer] [22m  filters: [Object: null prototype] {},
[2m[WebServer] [22m  managerId: [32m'6929e2c0934d8e079e6f55b1'[39m
[2m[WebServer] [22m}

[1A[2KΓÜá∩╕Å No pending requests found

[1A[2K[2m[WebServer] [22mDepartment ID from logged in user: 69275d8afc1184a3b3e6c55f

[1A[2K[24/35] [chromium] ΓÇ║ leave-tests.spec.ts:852:7 ΓÇ║ ≡ƒæ¿ΓÇì≡ƒÆ╝ MANAGER (EMP-1025 - Engineering) - All Approval Scenarios ΓÇ║ Γ£à Q1-Q7: Reject leave request
[1A[2K[chromium] ΓÇ║ leave-tests.spec.ts:852:7 ΓÇ║ ≡ƒæ¿ΓÇì≡ƒÆ╝ MANAGER (EMP-1025 - Engineering) - All Approval Scenarios ΓÇ║ Γ£à Q1-Q7: Reject leave request
≡ƒöÉ Logging in as: engmanager.work@example.com

[1A[2K[2m[WebServer] [22m GET /login [32m200[39m in 37ms[2m (compile: 2ms, render: 34ms)[22m

[1A[2K[2m[WebServer] [22m≡ƒöÑ JwtAuthGuard: canActivate CALLED

[1A[2K[2m[WebServer] [22m≡ƒöì JWT Extractor - All cookies: [Object: null prototype] {}
[2m[WebServer] [22m≡ƒöì JWT Extractor - Headers: [90mundefined[39m
[2m[WebServer] [22m≡ƒöì JWT Extractor - accessToken: NOT FOUND

[1A[2K[2m[WebServer] [22m≡ƒöÑ JwtAuthGuard: handleRequest() {
[2m[WebServer] [22m  err: [1mnull[22m,
[2m[WebServer] [22m  user: [33mfalse[39m,
[2m[WebServer] [22m  info: Error: No auth token
[2m[WebServer] [22m      at JwtStrategy.authenticate [90m(C:\Users\Bedon\Desktop\semester-5-software-project\backend\[39mnode_modules\[4mpassport-jwt[24m\lib\strategy.js:96:26[90m)[39m
[2m[WebServer] [22m      at attempt [90m(C:\Users\Bedon\Desktop\semester-5-software-project\backend\[39mnode_modules\[4mpassport[24m\lib\middleware\authenticate.js:378:16[90m)[39m
[2m[WebServer] [22m      at authenticate [90m(C:\Users\Bedon\Desktop\semester-5-software-project\backend\[39mnode_modules\[4mpassport[24m\lib\middleware\authenticate.js:379:7[90m)[39m
[2m[WebServer] [22m      at [90mC:\Users\Bedon\Desktop\semester-5-software-project\backend\[39mnode_modules\[4m@nestjs[24m\passport\dist\auth.guard.js:88:3
[2m[WebServer] [22m      at new Promise (<anonymous>)
[2m[WebServer] [22m      at [90mC:\Users\Bedon\Desktop\semester-5-software-project\backend\[39mnode_modules\[4m@nestjs[24m\passport\dist\auth.guard.js:80:83
[2m[WebServer] [22m      at JwtAuthGuard.canActivate [90m(C:\Users\Bedon\Desktop\semester-5-software-project\backend\[39mnode_modules\[4m@nestjs[24m\passport\dist\auth.guard.js:44:32[90m)[39m
[2m[WebServer] [22m  [90m    at process.processTicksAndRejections (node:internal/process/task_queues:105:5)[39m
[2m[WebServer] [22m}


[1A[2K[2m[WebServer] [22mΓ¥î JwtAuthGuard INFO: Error: No auth token
[2m[WebServer] [22m    at JwtStrategy.authenticate 
[90m(C:\Users\Bedon\Desktop\semester-5-software-project\backend\[39mnode_modules\[4mpassport-jwt[24m\lib\strategy.js:96:26[90m)[39m
[2m[WebServer] [22m    at attempt 
[90m(C:\Users\Bedon\Desktop\semester-5-software-project\backend\[39mnode_modules\[4mpassport[24m\lib\middleware\authenticate.js:378:16[90m)[39m
[1A[2K[2m[WebServer] [22mΓ¥î JwtAuthGuard FAILING ΓåÆ No auth token

[2m[WebServer] [22m    at authenticate 
[90m(C:\Users\Bedon\Desktop\semester-5-software-project\backend\[39mnode_modules\[4mpassport[24m\lib\middleware\authenticate.js:379:7[90m)[39m
[2m[WebServer] [22m    at [90mC:\Users\Bedon\Desktop\semester-5-software-project\backend\[39mnode_modules\[4m@nestjs[24m\passport\dist\auth.guard.js:88:3
[2m[WebServer] [22m    at new Promise (<anonymous>)
[2m[WebServer] [22m    at 
[90mC:\Users\Bedon\Desktop\semester-5-software-project\backend\[39mnode_modules\[4m@nestjs[24m\passport\dist\auth.guard.js:80:83
[2m[WebServer] [22m    at JwtAuthGuard.canActivate 
[90m(C:\Users\Bedon\Desktop\semester-5-software-project\backend\[39mnode_modules\[4m@nestjs[24m\passport\dist\auth.guard.js:44:32[90m)[39m
[2m[WebServer] [22m[90m    at process.processTicksAndRejections (node:internal/process/task_queues:105:5)[39m
[1A[2K[2m[WebServer] [22mVALIDATE EMPLOYEE - systemRole = {
[2m[WebServer] [22m  _id: new ObjectId([32m'6929e2c0934d8e079e6f55b3'[39m),
[2m[WebServer] [22m  employeeProfileId: new ObjectId([32m'6929e2c0934d8e079e6f55b1'[39m),
[2m[WebServer] [22m  roles: [ [32m'department head'[39m ],
[2m[WebServer] [22m  permissions: [],
[2m[WebServer] [22m  isActive: [33mtrue[39m,
[2m[WebServer] [22m  createdAt: [35m2025-11-28T17:58:24.325Z[39m,
[2m[WebServer] [22m  updatedAt: [35m2025-11-28T17:58:24.325Z[39m,
[2m[WebServer] [22m  __v: [33m0[39m
[2m[WebServer] [22m}

[1A[2K[2m[WebServer] [22mGenerated token: eyJhbGciOiJIUzI1NiIsInR5cCI6IkpXVCJ9.eyJzdWIiOiI2OTI5ZTJjMDkzNGQ4ZTA3OWU2ZjU1YjEiLCJ3b3JrRW1haWwiOiJlbmdtYW5hZ2VyLndvcmtAZXhhbXBsZS5jb20iLCJyb2xlcyI6WyJkZXBhcnRtZW50IGhlYWQiXSwicGVybWlzc2lvbnMiOltdLCJwcmltYXJ5RGVwYXJ0bWVudElkIjoiNjkyNzVkOGFmYzExODRhM2IzZTZjNTVmIiwiZW1wbG95ZWVOdW1iZXIiOiJFTVAtMTAyNSIsImlhdCI6MTc2NTk4MjAyOCwiZXhwIjoxNzY2MDY4NDI4fQ.vY3KEj3scqJPF9667lJWBK0UYnz1uFKpBCYDcXgfgxk

[1A[2K[2m[WebServer] [22m GET /leaves [32m200[39m in 19ms[2m (compile: 3ms, render: 16ms)[22m

[1A[2KΓ£à Login successful

[1A[2KΓ¥î Testing Reject Request

[1A[2K[2m[WebServer] [22m≡ƒöÑ JwtAuthGuard: canActivate CALLED

[1A[2K[2m[WebServer] [22m≡ƒöì JWT Extractor - All cookies: {
[2m[WebServer] [22m  accessToken: [32m'eyJhbGciOiJIUzI1NiIsInR5cCI6IkpXVCJ9.eyJzdWIiOiI2OTI5ZTJjMDkzNGQ4ZTA3OWU2ZjU1YjEiLCJ3b3JrRW1haWwiOiJlbmdtYW5hZ2VyLndvcmtAZXhhbXBsZS5jb20iLCJyb2xlcyI6WyJkZXBhcnRtZW50IGhlYWQiXSwicGVybWlzc2lvbnMiOltdLCJwcmltYXJ5RGVwYXJ0bWVudElkIjoiNjkyNzVkOGFmYzExODRhM2IzZTZjNTVmIiwiZW1wbG95ZWVOdW1iZXIiOiJFTVAtMTAyNSIsImlhdCI6MTc2NTk4MjAyOCwiZXhwIjoxNzY2MDY4NDI4fQ.vY3KEj3scqJPF9667lJWBK0UYnz1uFKpBCYDcXgfgxk'[39m
[2m[WebServer] [22m}
[2m[WebServer] [22m≡ƒöì JWT Extractor - Headers: accessToken=eyJhbGciOiJIUzI1NiIsInR5cCI6IkpXVCJ9.eyJzdWIiOiI2OTI5ZTJjMDkzNGQ4ZTA3OWU2ZjU1YjEiLCJ3b3JrRW1haWwiOiJlbmdtYW5hZ2VyLndvcmtAZXhhbXBsZS5jb20iLCJyb2xlcyI6WyJkZXBhcnRtZW50IGhlYWQiXSwicGVybWlzc2lvbnMiOltdLCJwcmltYXJ5RGVwYXJ0bWVudElkIjoiNjkyNzVkOGFmYzExODRhM2IzZTZjNTVmIiwiZW1wbG95ZWVOdW1iZXIiOiJFTVAtMTAyNSIsImlhdCI6MTc2NTk4MjAyOCwiZXhwIjoxNzY2MDY4NDI4fQ.vY3KEj3scqJPF9667lJWBK0UYnz1uFKpBCYDcXgfgxk

[1A[2K[2m[WebServer] [22m≡ƒöì JWT Extractor - accessToken: FOUND

[1A[2K[2m[WebServer] [22mJwtStrategy VALIDATE: {
[2m[WebServer] [22m  sub: [32m'6929e2c0934d8e079e6f55b1'[39m,
[2m[WebServer] [22m  workEmail: [32m'engmanager.work@example.com'[39m,
[2m[WebServer] [22m  roles: [ [32m'department head'[39m ],
[2m[WebServer] [22m  permissions: [],
[2m[WebServer] [22m  primaryDepartmentId: [32m'69275d8afc1184a3b3e6c55f'[39m,
[2m[WebServer] [22m  employeeNumber: [32m'EMP-1025'[39m,
[2m[WebServer] [22m  iat: [33m1765982028[39m,
[2m[WebServer] [22m  exp: [33m1766068428[39m
[2m[WebServer] [22m}

[1A[2K[2m[WebServer] [22m≡ƒöÑ JwtAuthGuard: handleRequest() {
[2m[WebServer] [22m  err: [1mnull[22m,
[2m[WebServer] [22m  user: {
[2m[WebServer] [22m    id: [32m'6929e2c0934d8e079e6f55b1'[39m,
[2m[WebServer] [22m    workEmail: [32m'engmanager.work@example.com'[39m,
[2m[WebServer] [22m    roles: [ [32m'department head'[39m ],
[2m[WebServer] [22m    permissions: [],
[2m[WebServer] [22m    primaryDepartmentId: [32m'69275d8afc1184a3b3e6c55f'[39m,
[2m[WebServer] [22m    employeeNumber: [32m'EMP-1025'[39m
[2m[WebServer] [22m  },
[2m[WebServer] [22m  info: [90mundefined[39m
[2m[WebServer] [22m}
[2m[WebServer] [22mΓ£à JwtAuthGuard SUCCESS ΓåÆ user authenticated: 6929e2c0934d8e079e6f55b1

[1A[2K[2m[WebServer] [22m≡ƒöÑ RolesGuard running!
[2m[WebServer] [22m
[2m[WebServer] [22m===== ROLE GUARD =====
[2m[WebServer] [22mRequired roles: [
[2m[WebServer] [22m  [32m'department employee'[39m,
[2m[WebServer] [22m  [32m'HR Employee'[39m,
[2m[WebServer] [22m  [32m'department head'[39m,
[2m[WebServer] [22m  [32m'HR Manager'[39m,
[2m[WebServer] [22m  [32m'HR Admin'[39m,
[2m[WebServer] [22m  [32m'System Admin'[39m
[2m[WebServer] [22m]

[1A[2K[2m[WebServer] [22mUser object: {
[2m[WebServer] [22m  id: [32m'6929e2c0934d8e079e6f55b1'[39m,
[2m[WebServer] [22m  workEmail: [32m'engmanager.work@example.com'[39m,
[2m[WebServer] [22m  roles: [ [32m'department head'[39m ],
[2m[WebServer] [22m  permissions: [],
[2m[WebServer] [22m  primaryDepartmentId: [32m'69275d8afc1184a3b3e6c55f'[39m,
[2m[WebServer] [22m  employeeNumber: [32m'EMP-1025'[39m
[2m[WebServer] [22m}

[1A[2K[2m[WebServer] [22mNormalized user roles: [ [32m'department head'[39m ]
[2m[WebServer] [22mNormalized required roles: [
[2m[WebServer] [22m  [32m'department employee'[39m,
[2m[WebServer] [22m  [32m'hr employee'[39m,
[2m[WebServer] [22m  [32m'department head'[39m,
[2m[WebServer] [22m  [32m'hr manager'[39m,
[2m[WebServer] [22m  [32m'hr admin'[39m,
[2m[WebServer] [22m  [32m'system admin'[39m
[2m[WebServer] [22m]
[2m[WebServer] [22mHas required role? [33mtrue[39m

[1A[2K[2m[WebServer] [22mΓ£ö ACCESS GRANTED Γ£ö

[1A[2K[2m[WebServer] [22m≡ƒöì [TrackingController] getMyBalances: {
[2m[WebServer] [22m  query: [Object: null prototype] {},
[2m[WebServer] [22m  userId: [32m'6929e2c0934d8e079e6f55b1'[39m
[2m[WebServer] [22m}

[1A[2K[2m[WebServer] [22m≡ƒöÑ JwtAuthGuard: canActivate CALLED

[1A[2K[2m[WebServer] [22m≡ƒöì JWT Extractor - All cookies: {
[2m[WebServer] [22m  accessToken: [32m'eyJhbGciOiJIUzI1NiIsInR5cCI6IkpXVCJ9.eyJzdWIiOiI2OTI5ZTJjMDkzNGQ4ZTA3OWU2ZjU1YjEiLCJ3b3JrRW1haWwiOiJlbmdtYW5hZ2VyLndvcmtAZXhhbXBsZS5jb20iLCJyb2xlcyI6WyJkZXBhcnRtZW50IGhlYWQiXSwicGVybWlzc2lvbnMiOltdLCJwcmltYXJ5RGVwYXJ0bWVudElkIjoiNjkyNzVkOGFmYzExODRhM2IzZTZjNTVmIiwiZW1wbG95ZWVOdW1iZXIiOiJFTVAtMTAyNSIsImlhdCI6MTc2NTk4MjAyOCwiZXhwIjoxNzY2MDY4NDI4fQ.vY3KEj3scqJPF9667lJWBK0UYnz1uFKpBCYDcXgfgxk'[39m
[2m[WebServer] [22m}
[2m[WebServer] [22m≡ƒöì JWT Extractor - Headers: accessToken=eyJhbGciOiJIUzI1NiIsInR5cCI6IkpXVCJ9.eyJzdWIiOiI2OTI5ZTJjMDkzNGQ4ZTA3OWU2ZjU1YjEiLCJ3b3JrRW1haWwiOiJlbmdtYW5hZ2VyLndvcmtAZXhhbXBsZS5jb20iLCJyb2xlcyI6WyJkZXBhcnRtZW50IGhlYWQiXSwicGVybWlzc2lvbnMiOltdLCJwcmltYXJ5RGVwYXJ0bWVudElkIjoiNjkyNzVkOGFmYzExODRhM2IzZTZjNTVmIiwiZW1wbG95ZWVOdW1iZXIiOiJFTVAtMTAyNSIsImlhdCI6MTc2NTk4MjAyOCwiZXhwIjoxNzY2MDY4NDI4fQ.vY3KEj3scqJPF9667lJWBK0UYnz1uFKpBCYDcXgfgxk
[2m[WebServer] [22m≡ƒöì JWT Extractor - accessToken: FOUND

[1A[2K[2m[WebServer] [22mJwtStrategy VALIDATE: {
[2m[WebServer] [22m  sub: [32m'6929e2c0934d8e079e6f55b1'[39m,
[2m[WebServer] [22m  workEmail: [32m'engmanager.work@example.com'[39m,
[2m[WebServer] [22m  roles: [ [32m'department head'[39m ],
[2m[WebServer] [22m  permissions: [],
[2m[WebServer] [22m  primaryDepartmentId: [32m'69275d8afc1184a3b3e6c55f'[39m,
[2m[WebServer] [22m  employeeNumber: [32m'EMP-1025'[39m,
[2m[WebServer] [22m  iat: [33m1765982028[39m,
[2m[WebServer] [22m  exp: [33m1766068428[39m
[2m[WebServer] [22m}

[1A[2K[2m[WebServer] [22m≡ƒöÑ JwtAuthGuard: handleRequest() {
[2m[WebServer] [22m  err: [1mnull[22m,
[2m[WebServer] [22m  user: {
[2m[WebServer] [22m    id: [32m'6929e2c0934d8e079e6f55b1'[39m,
[2m[WebServer] [22m    workEmail: [32m'engmanager.work@example.com'[39m,
[2m[WebServer] [22m    roles: [ [32m'department head'[39m ],
[2m[WebServer] [22m    permissions: [],
[2m[WebServer] [22m    primaryDepartmentId: [32m'69275d8afc1184a3b3e6c55f'[39m,
[2m[WebServer] [22m    employeeNumber: [32m'EMP-1025'[39m
[2m[WebServer] [22m  },
[2m[WebServer] [22m  info: [90mundefined[39m
[2m[WebServer] [22m}
[2m[WebServer] [22mΓ£à JwtAuthGuard SUCCESS ΓåÆ user authenticated: 6929e2c0934d8e079e6f55b1
[2m[WebServer] [22m≡ƒöÑ RolesGuard running!

[1A[2K[2m[WebServer] [22m
[2m[WebServer] [22m===== ROLE GUARD =====
[2m[WebServer] [22mRequired roles: [
[2m[WebServer] [22m  [32m'department employee'[39m,
[2m[WebServer] [22m  [32m'HR Employee'[39m,
[2m[WebServer] [22m  [32m'department head'[39m,
[2m[WebServer] [22m  [32m'HR Manager'[39m,
[2m[WebServer] [22m  [32m'HR Admin'[39m,
[2m[WebServer] [22m  [32m'System Admin'[39m
[2m[WebServer] [22m]

[1A[2K[2m[WebServer] [22mUser object: {
[2m[WebServer] [22m  id: [32m'6929e2c0934d8e079e6f55b1'[39m,
[2m[WebServer] [22m  workEmail: [32m'engmanager.work@example.com'[39m,
[2m[WebServer] [22m  roles: [ [32m'department head'[39m ],
[2m[WebServer] [22m  permissions: [],
[2m[WebServer] [22m  primaryDepartmentId: [32m'69275d8afc1184a3b3e6c55f'[39m,
[2m[WebServer] [22m  employeeNumber: [32m'EMP-1025'[39m
[2m[WebServer] [22m}
[2m[WebServer] [22mNormalized user roles: [ [32m'department head'[39m ]

[1A[2K[2m[WebServer] [22mNormalized required roles: [
[2m[WebServer] [22m  [32m'department employee'[39m,
[2m[WebServer] [22m  [32m'hr employee'[39m,
[2m[WebServer] [22m  [32m'department head'[39m,
[2m[WebServer] [22m  [32m'hr manager'[39m,
[2m[WebServer] [22m  [32m'hr admin'[39m,
[2m[WebServer] [22m  [32m'system admin'[39m
[2m[WebServer] [22m]
[2m[WebServer] [22mHas required role? [33mtrue[39m
[2m[WebServer] [22mΓ£ö ACCESS GRANTED Γ£ö

[1A[2K[2m[WebServer] [22m≡ƒöì [TrackingController] getMyHistory: {
[2m[WebServer] [22m  filters: [Object: null prototype] {},
[2m[WebServer] [22m  userId: [32m'6929e2c0934d8e079e6f55b1'[39m
[2m[WebServer] [22m}

[1A[2K[2m[WebServer] [22m GET /leaves/team [32m200[39m in 49ms[2m (compile: 2ms, render: 47ms)[22m

[1A[2K[2m[WebServer] [22m≡ƒöÑ JwtAuthGuard: canActivate CALLED

[1A[2K[2m[WebServer] [22m≡ƒöì JWT Extractor - All cookies: {
[2m[WebServer] [22m  accessToken: [32m'eyJhbGciOiJIUzI1NiIsInR5cCI6IkpXVCJ9.eyJzdWIiOiI2OTI5ZTJjMDkzNGQ4ZTA3OWU2ZjU1YjEiLCJ3b3JrRW1haWwiOiJlbmdtYW5hZ2VyLndvcmtAZXhhbXBsZS5jb20iLCJyb2xlcyI6WyJkZXBhcnRtZW50IGhlYWQiXSwicGVybWlzc2lvbnMiOltdLCJwcmltYXJ5RGVwYXJ0bWVudElkIjoiNjkyNzVkOGFmYzExODRhM2IzZTZjNTVmIiwiZW1wbG95ZWVOdW1iZXIiOiJFTVAtMTAyNSIsImlhdCI6MTc2NTk4MjAyOCwiZXhwIjoxNzY2MDY4NDI4fQ.vY3KEj3scqJPF9667lJWBK0UYnz1uFKpBCYDcXgfgxk'[39m
[2m[WebServer] [22m}
[2m[WebServer] [22m≡ƒöì JWT Extractor - Headers: accessToken=eyJhbGciOiJIUzI1NiIsInR5cCI6IkpXVCJ9.eyJzdWIiOiI2OTI5ZTJjMDkzNGQ4ZTA3OWU2ZjU1YjEiLCJ3b3JrRW1haWwiOiJlbmdtYW5hZ2VyLndvcmtAZXhhbXBsZS5jb20iLCJyb2xlcyI6WyJkZXBhcnRtZW50IGhlYWQiXSwicGVybWlzc2lvbnMiOltdLCJwcmltYXJ5RGVwYXJ0bWVudElkIjoiNjkyNzVkOGFmYzExODRhM2IzZTZjNTVmIiwiZW1wbG95ZWVOdW1iZXIiOiJFTVAtMTAyNSIsImlhdCI6MTc2NTk4MjAyOCwiZXhwIjoxNzY2MDY4NDI4fQ.vY3KEj3scqJPF9667lJWBK0UYnz1uFKpBCYDcXgfgxk
[2m[WebServer] [22m≡ƒöì JWT Extractor - accessToken: FOUND

[1A[2K[2m[WebServer] [22mJwtStrategy VALIDATE: {
[2m[WebServer] [22m  sub: [32m'6929e2c0934d8e079e6f55b1'[39m,
[2m[WebServer] [22m  workEmail: [32m'engmanager.work@example.com'[39m,
[2m[WebServer] [22m  roles: [ [32m'department head'[39m ],
[2m[WebServer] [22m  permissions: [],
[2m[WebServer] [22m  primaryDepartmentId: [32m'69275d8afc1184a3b3e6c55f'[39m,
[2m[WebServer] [22m  employeeNumber: [32m'EMP-1025'[39m,
[2m[WebServer] [22m  iat: [33m1765982028[39m,
[2m[WebServer] [22m  exp: [33m1766068428[39m
[2m[WebServer] [22m}

[1A[2K[2m[WebServer] [22m≡ƒöÑ JwtAuthGuard: handleRequest() {
[2m[WebServer] [22m  err: [1mnull[22m,
[2m[WebServer] [22m  user: {
[2m[WebServer] [22m    id: [32m'6929e2c0934d8e079e6f55b1'[39m,
[2m[WebServer] [22m    workEmail: [32m'engmanager.work@example.com'[39m,
[2m[WebServer] [22m    roles: [ [32m'department head'[39m ],
[2m[WebServer] [22m    permissions: [],
[2m[WebServer] [22m    primaryDepartmentId: [32m'69275d8afc1184a3b3e6c55f'[39m,
[2m[WebServer] [22m    employeeNumber: [32m'EMP-1025'[39m
[2m[WebServer] [22m  },
[2m[WebServer] [22m  info: [90mundefined[39m
[2m[WebServer] [22m}
[2m[WebServer] [22mΓ£à JwtAuthGuard SUCCESS ΓåÆ user authenticated: 6929e2c0934d8e079e6f55b1

[1A[2K[2m[WebServer] [22m≡ƒöÑ JwtAuthGuard: canActivate CALLED

[1A[2K[2m[WebServer] [22m≡ƒöì JWT Extractor - All cookies: {
[2m[WebServer] [22m  accessToken: [32m'eyJhbGciOiJIUzI1NiIsInR5cCI6IkpXVCJ9.eyJzdWIiOiI2OTI5ZTJjMDkzNGQ4ZTA3OWU2ZjU1YjEiLCJ3b3JrRW1haWwiOiJlbmdtYW5hZ2VyLndvcmtAZXhhbXBsZS5jb20iLCJyb2xlcyI6WyJkZXBhcnRtZW50IGhlYWQiXSwicGVybWlzc2lvbnMiOltdLCJwcmltYXJ5RGVwYXJ0bWVudElkIjoiNjkyNzVkOGFmYzExODRhM2IzZTZjNTVmIiwiZW1wbG95ZWVOdW1iZXIiOiJFTVAtMTAyNSIsImlhdCI6MTc2NTk4MjAyOCwiZXhwIjoxNzY2MDY4NDI4fQ.vY3KEj3scqJPF9667lJWBK0UYnz1uFKpBCYDcXgfgxk'[39m
[2m[WebServer] [22m}
[2m[WebServer] [22m≡ƒöì JWT Extractor - Headers: accessToken=eyJhbGciOiJIUzI1NiIsInR5cCI6IkpXVCJ9.eyJzdWIiOiI2OTI5ZTJjMDkzNGQ4ZTA3OWU2ZjU1YjEiLCJ3b3JrRW1haWwiOiJlbmdtYW5hZ2VyLndvcmtAZXhhbXBsZS5jb20iLCJyb2xlcyI6WyJkZXBhcnRtZW50IGhlYWQiXSwicGVybWlzc2lvbnMiOltdLCJwcmltYXJ5RGVwYXJ0bWVudElkIjoiNjkyNzVkOGFmYzExODRhM2IzZTZjNTVmIiwiZW1wbG95ZWVOdW1iZXIiOiJFTVAtMTAyNSIsImlhdCI6MTc2NTk4MjAyOCwiZXhwIjoxNzY2MDY4NDI4fQ.vY3KEj3scqJPF9667lJWBK0UYnz1uFKpBCYDcXgfgxk

[1A[2K[2m[WebServer] [22m≡ƒöì JWT Extractor - accessToken: FOUND

[1A[2K[2m[WebServer] [22mJwtStrategy VALIDATE: {
[2m[WebServer] [22m  sub: [32m'6929e2c0934d8e079e6f55b1'[39m,
[2m[WebServer] [22m  workEmail: [32m'engmanager.work@example.com'[39m,
[2m[WebServer] [22m  roles: [ [32m'department head'[39m ],
[2m[WebServer] [22m  permissions: [],
[2m[WebServer] [22m  primaryDepartmentId: [32m'69275d8afc1184a3b3e6c55f'[39m,
[2m[WebServer] [22m  employeeNumber: [32m'EMP-1025'[39m,
[2m[WebServer] [22m  iat: [33m1765982028[39m,
[2m[WebServer] [22m  exp: [33m1766068428[39m
[2m[WebServer] [22m}

[1A[2K[2m[WebServer] [22m≡ƒöÑ JwtAuthGuard: handleRequest() {
[2m[WebServer] [22m  err: [1mnull[22m,
[2m[WebServer] [22m  user: {
[2m[WebServer] [22m    id: [32m'6929e2c0934d8e079e6f55b1'[39m,
[2m[WebServer] [22m    workEmail: [32m'engmanager.work@example.com'[39m,
[2m[WebServer] [22m    roles: [ [32m'department head'[39m ],
[2m[WebServer] [22m    permissions: [],
[2m[WebServer] [22m    primaryDepartmentId: [32m'69275d8afc1184a3b3e6c55f'[39m,
[2m[WebServer] [22m    employeeNumber: [32m'EMP-1025'[39m
[2m[WebServer] [22m  },
[2m[WebServer] [22m  info: [90mundefined[39m
[2m[WebServer] [22m}
[2m[WebServer] [22mΓ£à JwtAuthGuard SUCCESS ΓåÆ user authenticated: 6929e2c0934d8e079e6f55b1
[2m[WebServer] [22m≡ƒöÑ RolesGuard running!

[1A[2K[2m[WebServer] [22m
[2m[WebServer] [22m===== ROLE GUARD =====
[2m[WebServer] [22mRequired roles: [ [32m'department head'[39m, [32m'HR Manager'[39m ]

[1A[2K[2m[WebServer] [22mUser object: {
[2m[WebServer] [22m  id: [32m'6929e2c0934d8e079e6f55b1'[39m,
[2m[WebServer] [22m  workEmail: [32m'engmanager.work@example.com'[39m,
[2m[WebServer] [22m  roles: [ [32m'department head'[39m ],
[2m[WebServer] [22m  permissions: [],
[2m[WebServer] [22m  primaryDepartmentId: [32m'69275d8afc1184a3b3e6c55f'[39m,
[2m[WebServer] [22m  employeeNumber: [32m'EMP-1025'[39m
[2m[WebServer] [22m}

[1A[2K[2m[WebServer] [22mNormalized user roles: [ [32m'department head'[39m ]
[2m[WebServer] [22mNormalized required roles: [ [32m'department head'[39m, [32m'hr manager'[39m ]

[1A[2K[2m[WebServer] [22mHas required role? [33mtrue[39m
[2m[WebServer] [22mΓ£ö ACCESS GRANTED Γ£ö

[1A[2K[2m[WebServer] [22m≡ƒöì [RequestsController] getTeamRequests: { managerId: [90mundefined[39m }

[1A[2K[2m[WebServer] [22m≡ƒöÑ JwtAuthGuard: canActivate CALLED

[1A[2K[2m[WebServer] [22m≡ƒöì JWT Extractor - All cookies: {
[2m[WebServer] [22m  accessToken: [32m'eyJhbGciOiJIUzI1NiIsInR5cCI6IkpXVCJ9.eyJzdWIiOiI2OTI5ZTJjMDkzNGQ4ZTA3OWU2ZjU1YjEiLCJ3b3JrRW1haWwiOiJlbmdtYW5hZ2VyLndvcmtAZXhhbXBsZS5jb20iLCJyb2xlcyI6WyJkZXBhcnRtZW50IGhlYWQiXSwicGVybWlzc2lvbnMiOltdLCJwcmltYXJ5RGVwYXJ0bWVudElkIjoiNjkyNzVkOGFmYzExODRhM2IzZTZjNTVmIiwiZW1wbG95ZWVOdW1iZXIiOiJFTVAtMTAyNSIsImlhdCI6MTc2NTk4MjAyOCwiZXhwIjoxNzY2MDY4NDI4fQ.vY3KEj3scqJPF9667lJWBK0UYnz1uFKpBCYDcXgfgxk'[39m
[2m[WebServer] [22m}

[1A[2K[2m[WebServer] [22m≡ƒöì JWT Extractor - Headers: accessToken=eyJhbGciOiJIUzI1NiIsInR5cCI6IkpXVCJ9.eyJzdWIiOiI2OTI5ZTJjMDkzNGQ4ZTA3OWU2ZjU1YjEiLCJ3b3JrRW1haWwiOiJlbmdtYW5hZ2VyLndvcmtAZXhhbXBsZS5jb20iLCJyb2xlcyI6WyJkZXBhcnRtZW50IGhlYWQiXSwicGVybWlzc2lvbnMiOltdLCJwcmltYXJ5RGVwYXJ0bWVudElkIjoiNjkyNzVkOGFmYzExODRhM2IzZTZjNTVmIiwiZW1wbG95ZWVOdW1iZXIiOiJFTVAtMTAyNSIsImlhdCI6MTc2NTk4MjAyOCwiZXhwIjoxNzY2MDY4NDI4fQ.vY3KEj3scqJPF9667lJWBK0UYnz1uFKpBCYDcXgfgxk
[2m[WebServer] [22m≡ƒöì JWT Extractor - accessToken: FOUND

[1A[2K[2m[WebServer] [22mJwtStrategy VALIDATE: {
[2m[WebServer] [22m  sub: [32m'6929e2c0934d8e079e6f55b1'[39m,
[2m[WebServer] [22m  workEmail: [32m'engmanager.work@example.com'[39m,
[2m[WebServer] [22m  roles: [ [32m'department head'[39m ],
[2m[WebServer] [22m  permissions: [],
[2m[WebServer] [22m  primaryDepartmentId: [32m'69275d8afc1184a3b3e6c55f'[39m,
[2m[WebServer] [22m  employeeNumber: [32m'EMP-1025'[39m,
[2m[WebServer] [22m  iat: [33m1765982028[39m,
[2m[WebServer] [22m  exp: [33m1766068428[39m
[2m[WebServer] [22m}

[1A[2K[2m[WebServer] [22m≡ƒöÑ JwtAuthGuard: handleRequest() {
[2m[WebServer] [22m  err: [1mnull[22m,
[2m[WebServer] [22m  user: {
[2m[WebServer] [22m    id: [32m'6929e2c0934d8e079e6f55b1'[39m,
[2m[WebServer] [22m    workEmail: [32m'engmanager.work@example.com'[39m,
[2m[WebServer] [22m    roles: [ [32m'department head'[39m ],
[2m[WebServer] [22m    permissions: [],
[2m[WebServer] [22m    primaryDepartmentId: [32m'69275d8afc1184a3b3e6c55f'[39m,
[2m[WebServer] [22m    employeeNumber: [32m'EMP-1025'[39m
[2m[WebServer] [22m  },
[2m[WebServer] [22m  info: [90mundefined[39m
[2m[WebServer] [22m}
[2m[WebServer] [22mΓ£à JwtAuthGuard SUCCESS ΓåÆ user authenticated: 6929e2c0934d8e079e6f55b1

[1A[2K[2m[WebServer] [22m≡ƒöÑ RolesGuard running!
[2m[WebServer] [22m
[2m[WebServer] [22m===== ROLE GUARD =====
[2m[WebServer] [22mRequired roles: [ [32m'department head'[39m, [32m'HR Manager'[39m ]

[1A[2K[2m[WebServer] [22mUser object: {
[2m[WebServer] [22m  id: [32m'6929e2c0934d8e079e6f55b1'[39m,
[2m[WebServer] [22m  workEmail: [32m'engmanager.work@example.com'[39m,
[2m[WebServer] [22m  roles: [ [32m'department head'[39m ],
[2m[WebServer] [22m  permissions: [],
[2m[WebServer] [22m  primaryDepartmentId: [32m'69275d8afc1184a3b3e6c55f'[39m,
[2m[WebServer] [22m  employeeNumber: [32m'EMP-1025'[39m
[2m[WebServer] [22m}
[2m[WebServer] [22mNormalized user roles: [ [32m'department head'[39m ]

[1A[2K[2m[WebServer] [22mNormalized required roles: [ [32m'department head'[39m, [32m'hr manager'[39m ]
[2m[WebServer] [22mHas required role? [33mtrue[39m
[2m[WebServer] [22mΓ£ö ACCESS GRANTED Γ£ö

[1A[2K[2m[WebServer] [22m≡ƒöì [TrackingController] getTeamBalances: {
[2m[WebServer] [22m  filters: [Object: null prototype] {},
[2m[WebServer] [22m  managerId: [32m'6929e2c0934d8e079e6f55b1'[39m
[2m[WebServer] [22m}

[1A[2KΓÜá∩╕Å No pending requests found

[1A[2K[2m[WebServer] [22mDepartment ID from logged in user: 69275d8afc1184a3b3e6c55f

[1A[2K[25/35] [chromium] ΓÇ║ leave-tests.spec.ts:883:7 ΓÇ║ ≡ƒæ¿ΓÇì≡ƒÆ╝ MANAGER (EMP-1025 - Engineering) - All Approval Scenarios ΓÇ║ Γ£à R1-R7: Return for correction
[1A[2K[chromium] ΓÇ║ leave-tests.spec.ts:883:7 ΓÇ║ ≡ƒæ¿ΓÇì≡ƒÆ╝ MANAGER (EMP-1025 - Engineering) - All Approval Scenarios ΓÇ║ Γ£à R1-R7: Return for correction
≡ƒöÉ Logging in as: engmanager.work@example.com

[1A[2K[2m[WebServer] [22m GET /login [32m200[39m in 34ms[2m (compile: 3ms, render: 32ms)[22m

[1A[2K[2m[WebServer] [22m≡ƒöÑ JwtAuthGuard: canActivate CALLED

[1A[2K[2m[WebServer] [22m≡ƒöì JWT Extractor - All cookies: [Object: null prototype] {}
[2m[WebServer] [22m≡ƒöì JWT Extractor - Headers: [90mundefined[39m
[2m[WebServer] [22m≡ƒöì JWT Extractor - accessToken: NOT FOUND

[1A[2K[2m[WebServer] [22m≡ƒöÑ JwtAuthGuard: handleRequest() {
[2m[WebServer] [22m  err: [1mnull[22m,
[2m[WebServer] [22m  user: [33mfalse[39m,
[2m[WebServer] [22m  info: Error: No auth token
[2m[WebServer] [22m      at JwtStrategy.authenticate [90m(C:\Users\Bedon\Desktop\semester-5-software-project\backend\[39mnode_modules\[4mpassport-jwt[24m\lib\strategy.js:96:26[90m)[39m
[2m[WebServer] [22m      at attempt [90m(C:\Users\Bedon\Desktop\semester-5-software-project\backend\[39mnode_modules\[4mpassport[24m\lib\middleware\authenticate.js:378:16[90m)[39m
[2m[WebServer] [22m      at authenticate [90m(C:\Users\Bedon\Desktop\semester-5-software-project\backend\[39mnode_modules\[4mpassport[24m\lib\middleware\authenticate.js:379:7[90m)[39m
[2m[WebServer] [22m      at [90mC:\Users\Bedon\Desktop\semester-5-software-project\backend\[39mnode_modules\[4m@nestjs[24m\passport\dist\auth.guard.js:88:3
[2m[WebServer] [22m      at new Promise (<anonymous>)
[2m[WebServer] [22m      at [90mC:\Users\Bedon\Desktop\semester-5-software-project\backend\[39mnode_modules\[4m@nestjs[24m\passport\dist\auth.guard.js:80:83
[2m[WebServer] [22m      at JwtAuthGuard.canActivate [90m(C:\Users\Bedon\Desktop\semester-5-software-project\backend\[39mnode_modules\[4m@nestjs[24m\passport\dist\auth.guard.js:44:32[90m)[39m
[2m[WebServer] [22m  [90m    at process.processTicksAndRejections (node:internal/process/task_queues:105:5)[39m
[2m[WebServer] [22m}

[1A[2K[2m[WebServer] [22mΓ¥î JwtAuthGuard INFO: Error: No auth token
[2m[WebServer] [22m    at JwtStrategy.authenticate 
[90m(C:\Users\Bedon\Desktop\semester-5-software-project\backend\[39mnode_modules\[4mpassport-jwt[24m\lib\strategy.js:96:26[90m)[39m
[2m[WebServer] [22m    at attempt 
[90m(C:\Users\Bedon\Desktop\semester-5-software-project\backend\[39mnode_modules\[4mpassport[24m\lib\middleware\authenticate.js:378:16[90m)[39m
[2m[WebServer] [22m    at authenticate 
[90m(C:\Users\Bedon\Desktop\semester-5-software-project\backend\[39mnode_modules\[4mpassport[24m\lib\middleware\authenticate.js:379:7[90m)[39m
[2m[WebServer] [22m    at [90mC:\Users\Bedon\Desktop\semester-5-software-project\backend\[39mnode_modules\[4m@nestjs[24m\passport\dist\auth.guard.js:88:3
[2m[WebServer] [22m    at new Promise (<anonymous>)
[2m[WebServer] [22m    at 
[90mC:\Users\Bedon\Desktop\semester-5-software-project\backend\[39mnode_modules\[4m@nestjs[24m\passport\dist\auth.guard.js:80:83
[2m[WebServer] [22m    at JwtAuthGuard.canActivate 
[90m(C:\Users\Bedon\Desktop\semester-5-software-project\backend\[39mnode_modules\[4m@nestjs[24m\passport\dist\auth.guard.js:44:32[90m)[39m
[2m[WebServer] [22m[90m    at process.processTicksAndRejections (node:internal/process/task_queues:105:5)[39m

[1A[2K[2m[WebServer] [22mΓ¥î JwtAuthGuard FAILING ΓåÆ No auth token

[1A[2K[2m[WebServer] [22mVALIDATE EMPLOYEE - systemRole = {
[2m[WebServer] [22m  _id: new ObjectId([32m'6929e2c0934d8e079e6f55b3'[39m),
[2m[WebServer] [22m  employeeProfileId: new ObjectId([32m'6929e2c0934d8e079e6f55b1'[39m),
[2m[WebServer] [22m  roles: [ [32m'department head'[39m ],
[2m[WebServer] [22m  permissions: [],
[2m[WebServer] [22m  isActive: [33mtrue[39m,
[2m[WebServer] [22m  createdAt: [35m2025-11-28T17:58:24.325Z[39m,
[2m[WebServer] [22m  updatedAt: [35m2025-11-28T17:58:24.325Z[39m,
[2m[WebServer] [22m  __v: [33m0[39m
[2m[WebServer] [22m}

[1A[2K[2m[WebServer] [22mGenerated token: eyJhbGciOiJIUzI1NiIsInR5cCI6IkpXVCJ9.eyJzdWIiOiI2OTI5ZTJjMDkzNGQ4ZTA3OWU2ZjU1YjEiLCJ3b3JrRW1haWwiOiJlbmdtYW5hZ2VyLndvcmtAZXhhbXBsZS5jb20iLCJyb2xlcyI6WyJkZXBhcnRtZW50IGhlYWQiXSwicGVybWlzc2lvbnMiOltdLCJwcmltYXJ5RGVwYXJ0bWVudElkIjoiNjkyNzVkOGFmYzExODRhM2IzZTZjNTVmIiwiZW1wbG95ZWVOdW1iZXIiOiJFTVAtMTAyNSIsImlhdCI6MTc2NTk4MjAzMCwiZXhwIjoxNzY2MDY4NDMwfQ.MbALCGQGZ0IhFpGk8pC9vOfsRrPAc_BsNtqPX63M7ic

[1A[2K[2m[WebServer] [22m GET /leaves [32m200[39m in 18ms[2m (compile: 3ms, render: 16ms)[22m

[1A[2KΓ£à Login successful

[1A[2K≡ƒöä Testing Return for Correction

[1A[2K[2m[WebServer] [22m≡ƒöÑ JwtAuthGuard: canActivate CALLED

[1A[2K[2m[WebServer] [22m≡ƒöì JWT Extractor - All cookies: {
[2m[WebServer] [22m  accessToken: [32m'eyJhbGciOiJIUzI1NiIsInR5cCI6IkpXVCJ9.eyJzdWIiOiI2OTI5ZTJjMDkzNGQ4ZTA3OWU2ZjU1YjEiLCJ3b3JrRW1haWwiOiJlbmdtYW5hZ2VyLndvcmtAZXhhbXBsZS5jb20iLCJyb2xlcyI6WyJkZXBhcnRtZW50IGhlYWQiXSwicGVybWlzc2lvbnMiOltdLCJwcmltYXJ5RGVwYXJ0bWVudElkIjoiNjkyNzVkOGFmYzExODRhM2IzZTZjNTVmIiwiZW1wbG95ZWVOdW1iZXIiOiJFTVAtMTAyNSIsImlhdCI6MTc2NTk4MjAzMCwiZXhwIjoxNzY2MDY4NDMwfQ.MbALCGQGZ0IhFpGk8pC9vOfsRrPAc_BsNtqPX63M7ic'[39m
[2m[WebServer] [22m}
[2m[WebServer] [22m≡ƒöì JWT Extractor - Headers: accessToken=eyJhbGciOiJIUzI1NiIsInR5cCI6IkpXVCJ9.eyJzdWIiOiI2OTI5ZTJjMDkzNGQ4ZTA3OWU2ZjU1YjEiLCJ3b3JrRW1haWwiOiJlbmdtYW5hZ2VyLndvcmtAZXhhbXBsZS5jb20iLCJyb2xlcyI6WyJkZXBhcnRtZW50IGhlYWQiXSwicGVybWlzc2lvbnMiOltdLCJwcmltYXJ5RGVwYXJ0bWVudElkIjoiNjkyNzVkOGFmYzExODRhM2IzZTZjNTVmIiwiZW1wbG95ZWVOdW1iZXIiOiJFTVAtMTAyNSIsImlhdCI6MTc2NTk4MjAzMCwiZXhwIjoxNzY2MDY4NDMwfQ.MbALCGQGZ0IhFpGk8pC9vOfsRrPAc_BsNtqPX63M7ic
[2m[WebServer] [22m≡ƒöì JWT Extractor - accessToken: FOUND

[1A[2K[2m[WebServer] [22mJwtStrategy VALIDATE: {
[2m[WebServer] [22m  sub: [32m'6929e2c0934d8e079e6f55b1'[39m,
[2m[WebServer] [22m  workEmail: [32m'engmanager.work@example.com'[39m,
[2m[WebServer] [22m  roles: [ [32m'department head'[39m ],
[2m[WebServer] [22m  permissions: [],
[2m[WebServer] [22m  primaryDepartmentId: [32m'69275d8afc1184a3b3e6c55f'[39m,
[2m[WebServer] [22m  employeeNumber: [32m'EMP-1025'[39m,
[2m[WebServer] [22m  iat: [33m1765982030[39m,
[2m[WebServer] [22m  exp: [33m1766068430[39m
[2m[WebServer] [22m}

[1A[2K[2m[WebServer] [22m≡ƒöÑ JwtAuthGuard: handleRequest() {
[2m[WebServer] [22m  err: [1mnull[22m,
[2m[WebServer] [22m  user: {
[2m[WebServer] [22m    id: [32m'6929e2c0934d8e079e6f55b1'[39m,
[2m[WebServer] [22m    workEmail: [32m'engmanager.work@example.com'[39m,
[2m[WebServer] [22m    roles: [ [32m'department head'[39m ],
[2m[WebServer] [22m    permissions: [],
[2m[WebServer] [22m    primaryDepartmentId: [32m'69275d8afc1184a3b3e6c55f'[39m,
[2m[WebServer] [22m    employeeNumber: [32m'EMP-1025'[39m
[2m[WebServer] [22m  },
[2m[WebServer] [22m  info: [90mundefined[39m
[2m[WebServer] [22m}

[1A[2K[2m[WebServer] [22mΓ£à JwtAuthGuard SUCCESS ΓåÆ user authenticated: 6929e2c0934d8e079e6f55b1
[2m[WebServer] [22m≡ƒöÑ RolesGuard running!

[1A[2K[2m[WebServer] [22m
[2m[WebServer] [22m===== ROLE GUARD =====

[1A[2K[2m[WebServer] [22mRequired roles: [
[2m[WebServer] [22m  [32m'department employee'[39m,
[2m[WebServer] [22m  [32m'HR Employee'[39m,
[2m[WebServer] [22m  [32m'department head'[39m,
[2m[WebServer] [22m  [32m'HR Manager'[39m,
[2m[WebServer] [22m  [32m'HR Admin'[39m,
[2m[WebServer] [22m  [32m'System Admin'[39m
[2m[WebServer] [22m]

[1A[2K[2m[WebServer] [22mUser object: {
[2m[WebServer] [22m  id: [32m'6929e2c0934d8e079e6f55b1'[39m,
[2m[WebServer] [22m  workEmail: [32m'engmanager.work@example.com'[39m,
[2m[WebServer] [22m  roles: [ [32m'department head'[39m ],
[2m[WebServer] [22m  permissions: [],
[2m[WebServer] [22m  primaryDepartmentId: [32m'69275d8afc1184a3b3e6c55f'[39m,
[2m[WebServer] [22m  employeeNumber: [32m'EMP-1025'[39m
[2m[WebServer] [22m}

[1A[2K[2m[WebServer] [22mNormalized user roles: [ [32m'department head'[39m ]

[1A[2K[2m[WebServer] [22mNormalized required roles: [
[2m[WebServer] [22m  [32m'department employee'[39m,
[2m[WebServer] [22m  [32m'hr employee'[39m,
[2m[WebServer] [22m  [32m'department head'[39m,
[2m[WebServer] [22m  [32m'hr manager'[39m,
[2m[WebServer] [22m  [32m'hr admin'[39m,
[2m[WebServer] [22m  [32m'system admin'[39m
[2m[WebServer] [22m]

[1A[2K[2m[WebServer] [22mHas required role? [33mtrue[39m
[2m[WebServer] [22mΓ£ö ACCESS GRANTED Γ£ö

[1A[2K[2m[WebServer] [22m≡ƒöì [TrackingController] getMyBalances: {
[2m[WebServer] [22m  query: [Object: null prototype] {},
[2m[WebServer] [22m  userId: [32m'6929e2c0934d8e079e6f55b1'[39m
[2m[WebServer] [22m}

[1A[2K[2m[WebServer] [22m≡ƒöÑ JwtAuthGuard: canActivate CALLED

[1A[2K[2m[WebServer] [22m≡ƒöì JWT Extractor - All cookies: {
[2m[WebServer] [22m  accessToken: [32m'eyJhbGciOiJIUzI1NiIsInR5cCI6IkpXVCJ9.eyJzdWIiOiI2OTI5ZTJjMDkzNGQ4ZTA3OWU2ZjU1YjEiLCJ3b3JrRW1haWwiOiJlbmdtYW5hZ2VyLndvcmtAZXhhbXBsZS5jb20iLCJyb2xlcyI6WyJkZXBhcnRtZW50IGhlYWQiXSwicGVybWlzc2lvbnMiOltdLCJwcmltYXJ5RGVwYXJ0bWVudElkIjoiNjkyNzVkOGFmYzExODRhM2IzZTZjNTVmIiwiZW1wbG95ZWVOdW1iZXIiOiJFTVAtMTAyNSIsImlhdCI6MTc2NTk4MjAzMCwiZXhwIjoxNzY2MDY4NDMwfQ.MbALCGQGZ0IhFpGk8pC9vOfsRrPAc_BsNtqPX63M7ic'[39m
[2m[WebServer] [22m}

[1A[2K[2m[WebServer] [22m≡ƒöì JWT Extractor - Headers: accessToken=eyJhbGciOiJIUzI1NiIsInR5cCI6IkpXVCJ9.eyJzdWIiOiI2OTI5ZTJjMDkzNGQ4ZTA3OWU2ZjU1YjEiLCJ3b3JrRW1haWwiOiJlbmdtYW5hZ2VyLndvcmtAZXhhbXBsZS5jb20iLCJyb2xlcyI6WyJkZXBhcnRtZW50IGhlYWQiXSwicGVybWlzc2lvbnMiOltdLCJwcmltYXJ5RGVwYXJ0bWVudElkIjoiNjkyNzVkOGFmYzExODRhM2IzZTZjNTVmIiwiZW1wbG95ZWVOdW1iZXIiOiJFTVAtMTAyNSIsImlhdCI6MTc2NTk4MjAzMCwiZXhwIjoxNzY2MDY4NDMwfQ.MbALCGQGZ0IhFpGk8pC9vOfsRrPAc_BsNtqPX63M7ic
[2m[WebServer] [22m≡ƒöì JWT Extractor - accessToken: FOUND

[1A[2K[2m[WebServer] [22mJwtStrategy VALIDATE: {
[2m[WebServer] [22m  sub: [32m'6929e2c0934d8e079e6f55b1'[39m,
[2m[WebServer] [22m  workEmail: [32m'engmanager.work@example.com'[39m,
[2m[WebServer] [22m  roles: [ [32m'department head'[39m ],
[2m[WebServer] [22m  permissions: [],
[2m[WebServer] [22m  primaryDepartmentId: [32m'69275d8afc1184a3b3e6c55f'[39m,
[2m[WebServer] [22m  employeeNumber: [32m'EMP-1025'[39m,
[2m[WebServer] [22m  iat: [33m1765982030[39m,
[2m[WebServer] [22m  exp: [33m1766068430[39m
[2m[WebServer] [22m}

[1A[2K[2m[WebServer] [22m≡ƒöÑ JwtAuthGuard: handleRequest() {
[2m[WebServer] [22m  err: [1mnull[22m,
[2m[WebServer] [22m  user: {
[2m[WebServer] [22m    id: [32m'6929e2c0934d8e079e6f55b1'[39m,
[2m[WebServer] [22m    workEmail: [32m'engmanager.work@example.com'[39m,
[2m[WebServer] [22m    roles: [ [32m'department head'[39m ],
[2m[WebServer] [22m    permissions: [],
[2m[WebServer] [22m    primaryDepartmentId: [32m'69275d8afc1184a3b3e6c55f'[39m,
[2m[WebServer] [22m    employeeNumber: [32m'EMP-1025'[39m
[2m[WebServer] [22m  },
[2m[WebServer] [22m  info: [90mundefined[39m
[2m[WebServer] [22m}
[2m[WebServer] [22mΓ£à JwtAuthGuard SUCCESS ΓåÆ user authenticated: 6929e2c0934d8e079e6f55b1
[2m[WebServer] [22m≡ƒöÑ RolesGuard running!
[2m[WebServer] [22m
[2m[WebServer] [22m===== ROLE GUARD =====
[2m[WebServer] [22mRequired roles: [
[2m[WebServer] [22m  [32m'department employee'[39m,
[2m[WebServer] [22m  [32m'HR Employee'[39m,
[2m[WebServer] [22m  [32m'department head'[39m,
[2m[WebServer] [22m  [32m'HR Manager'[39m,
[2m[WebServer] [22m  [32m'HR Admin'[39m,
[2m[WebServer] [22m  [32m'System Admin'[39m
[2m[WebServer] [22m]

[1A[2K[2m[WebServer] [22mUser object: {
[2m[WebServer] [22m  id: [32m'6929e2c0934d8e079e6f55b1'[39m,
[2m[WebServer] [22m  workEmail: [32m'engmanager.work@example.com'[39m,
[2m[WebServer] [22m  roles: [ [32m'department head'[39m ],
[2m[WebServer] [22m  permissions: [],
[2m[WebServer] [22m  primaryDepartmentId: [32m'69275d8afc1184a3b3e6c55f'[39m,
[2m[WebServer] [22m  employeeNumber: [32m'EMP-1025'[39m
[2m[WebServer] [22m}
[2m[WebServer] [22mNormalized user roles: [ [32m'department head'[39m ]
[2m[WebServer] [22mNormalized required roles: [
[2m[WebServer] [22m  [32m'department employee'[39m,
[2m[WebServer] [22m  [32m'hr employee'[39m,
[2m[WebServer] [22m  [32m'department head'[39m,
[2m[WebServer] [22m  [32m'hr manager'[39m,
[2m[WebServer] [22m  [32m'hr admin'[39m,
[2m[WebServer] [22m  [32m'system admin'[39m
[2m[WebServer] [22m]

[1A[2K[2m[WebServer] [22mHas required role? [33mtrue[39m
[2m[WebServer] [22mΓ£ö ACCESS GRANTED Γ£ö

[1A[2K[2m[WebServer] [22m≡ƒöì [TrackingController] getMyHistory: {
[2m[WebServer] [22m  filters: [Object: null prototype] {},
[2m[WebServer] [22m  userId: [32m'6929e2c0934d8e079e6f55b1'[39m
[2m[WebServer] [22m}

[1A[2K[2m[WebServer] [22m GET /leaves/team [32m200[39m in 47ms[2m (compile: 2ms, render: 44ms)[22m

[1A[2K[2m[WebServer] [22m≡ƒöÑ JwtAuthGuard: canActivate CALLED

[1A[2K[2m[WebServer] [22m≡ƒöì JWT Extractor - All cookies: {
[2m[WebServer] [22m  accessToken: [32m'eyJhbGciOiJIUzI1NiIsInR5cCI6IkpXVCJ9.eyJzdWIiOiI2OTI5ZTJjMDkzNGQ4ZTA3OWU2ZjU1YjEiLCJ3b3JrRW1haWwiOiJlbmdtYW5hZ2VyLndvcmtAZXhhbXBsZS5jb20iLCJyb2xlcyI6WyJkZXBhcnRtZW50IGhlYWQiXSwicGVybWlzc2lvbnMiOltdLCJwcmltYXJ5RGVwYXJ0bWVudElkIjoiNjkyNzVkOGFmYzExODRhM2IzZTZjNTVmIiwiZW1wbG95ZWVOdW1iZXIiOiJFTVAtMTAyNSIsImlhdCI6MTc2NTk4MjAzMCwiZXhwIjoxNzY2MDY4NDMwfQ.MbALCGQGZ0IhFpGk8pC9vOfsRrPAc_BsNtqPX63M7ic'[39m
[2m[WebServer] [22m}
[2m[WebServer] [22m≡ƒöì JWT Extractor - Headers: accessToken=eyJhbGciOiJIUzI1NiIsInR5cCI6IkpXVCJ9.eyJzdWIiOiI2OTI5ZTJjMDkzNGQ4ZTA3OWU2ZjU1YjEiLCJ3b3JrRW1haWwiOiJlbmdtYW5hZ2VyLndvcmtAZXhhbXBsZS5jb20iLCJyb2xlcyI6WyJkZXBhcnRtZW50IGhlYWQiXSwicGVybWlzc2lvbnMiOltdLCJwcmltYXJ5RGVwYXJ0bWVudElkIjoiNjkyNzVkOGFmYzExODRhM2IzZTZjNTVmIiwiZW1wbG95ZWVOdW1iZXIiOiJFTVAtMTAyNSIsImlhdCI6MTc2NTk4MjAzMCwiZXhwIjoxNzY2MDY4NDMwfQ.MbALCGQGZ0IhFpGk8pC9vOfsRrPAc_BsNtqPX63M7ic
[2m[WebServer] [22m≡ƒöì JWT Extractor - accessToken: FOUND

[1A[2K[2m[WebServer] [22mJwtStrategy VALIDATE: {
[2m[WebServer] [22m  sub: [32m'6929e2c0934d8e079e6f55b1'[39m,
[2m[WebServer] [22m  workEmail: [32m'engmanager.work@example.com'[39m,
[2m[WebServer] [22m  roles: [ [32m'department head'[39m ],
[2m[WebServer] [22m  permissions: [],
[2m[WebServer] [22m  primaryDepartmentId: [32m'69275d8afc1184a3b3e6c55f'[39m,
[2m[WebServer] [22m  employeeNumber: [32m'EMP-1025'[39m,
[2m[WebServer] [22m  iat: [33m1765982030[39m,
[2m[WebServer] [22m  exp: [33m1766068430[39m
[2m[WebServer] [22m}

[1A[2K[2m[WebServer] [22m≡ƒöÑ JwtAuthGuard: handleRequest() {
[2m[WebServer] [22m  err: [1mnull[22m,
[2m[WebServer] [22m  user: {
[2m[WebServer] [22m    id: [32m'6929e2c0934d8e079e6f55b1'[39m,
[2m[WebServer] [22m    workEmail: [32m'engmanager.work@example.com'[39m,
[2m[WebServer] [22m    roles: [ [32m'department head'[39m ],
[2m[WebServer] [22m    permissions: [],
[2m[WebServer] [22m    primaryDepartmentId: [32m'69275d8afc1184a3b3e6c55f'[39m,
[2m[WebServer] [22m    employeeNumber: [32m'EMP-1025'[39m
[2m[WebServer] [22m  },
[2m[WebServer] [22m  info: [90mundefined[39m
[2m[WebServer] [22m}
[2m[WebServer] [22mΓ£à JwtAuthGuard SUCCESS ΓåÆ user authenticated: 6929e2c0934d8e079e6f55b1

[1A[2K[2m[WebServer] [22m≡ƒöÑ JwtAuthGuard: canActivate CALLED

[1A[2K[2m[WebServer] [22m≡ƒöì JWT Extractor - All cookies: {
[2m[WebServer] [22m  accessToken: [32m'eyJhbGciOiJIUzI1NiIsInR5cCI6IkpXVCJ9.eyJzdWIiOiI2OTI5ZTJjMDkzNGQ4ZTA3OWU2ZjU1YjEiLCJ3b3JrRW1haWwiOiJlbmdtYW5hZ2VyLndvcmtAZXhhbXBsZS5jb20iLCJyb2xlcyI6WyJkZXBhcnRtZW50IGhlYWQiXSwicGVybWlzc2lvbnMiOltdLCJwcmltYXJ5RGVwYXJ0bWVudElkIjoiNjkyNzVkOGFmYzExODRhM2IzZTZjNTVmIiwiZW1wbG95ZWVOdW1iZXIiOiJFTVAtMTAyNSIsImlhdCI6MTc2NTk4MjAzMCwiZXhwIjoxNzY2MDY4NDMwfQ.MbALCGQGZ0IhFpGk8pC9vOfsRrPAc_BsNtqPX63M7ic'[39m
[2m[WebServer] [22m}

[1A[2K[2m[WebServer] [22m≡ƒöì JWT Extractor - Headers: accessToken=eyJhbGciOiJIUzI1NiIsInR5cCI6IkpXVCJ9.eyJzdWIiOiI2OTI5ZTJjMDkzNGQ4ZTA3OWU2ZjU1YjEiLCJ3b3JrRW1haWwiOiJlbmdtYW5hZ2VyLndvcmtAZXhhbXBsZS5jb20iLCJyb2xlcyI6WyJkZXBhcnRtZW50IGhlYWQiXSwicGVybWlzc2lvbnMiOltdLCJwcmltYXJ5RGVwYXJ0bWVudElkIjoiNjkyNzVkOGFmYzExODRhM2IzZTZjNTVmIiwiZW1wbG95ZWVOdW1iZXIiOiJFTVAtMTAyNSIsImlhdCI6MTc2NTk4MjAzMCwiZXhwIjoxNzY2MDY4NDMwfQ.MbALCGQGZ0IhFpGk8pC9vOfsRrPAc_BsNtqPX63M7ic
[2m[WebServer] [22m≡ƒöì JWT Extractor - accessToken: FOUND

[1A[2K[2m[WebServer] [22mJwtStrategy VALIDATE: {
[2m[WebServer] [22m  sub: [32m'6929e2c0934d8e079e6f55b1'[39m,
[2m[WebServer] [22m  workEmail: [32m'engmanager.work@example.com'[39m,
[2m[WebServer] [22m  roles: [ [32m'department head'[39m ],
[2m[WebServer] [22m  permissions: [],
[2m[WebServer] [22m  primaryDepartmentId: [32m'69275d8afc1184a3b3e6c55f'[39m,
[2m[WebServer] [22m  employeeNumber: [32m'EMP-1025'[39m,
[2m[WebServer] [22m  iat: [33m1765982030[39m,
[2m[WebServer] [22m  exp: [33m1766068430[39m
[2m[WebServer] [22m}

[1A[2K[2m[WebServer] [22m≡ƒöÑ JwtAuthGuard: handleRequest() {
[2m[WebServer] [22m  err: [1mnull[22m,
[2m[WebServer] [22m  user: {
[2m[WebServer] [22m    id: [32m'6929e2c0934d8e079e6f55b1'[39m,
[2m[WebServer] [22m    workEmail: [32m'engmanager.work@example.com'[39m,
[2m[WebServer] [22m    roles: [ [32m'department head'[39m ],
[2m[WebServer] [22m    permissions: [],
[2m[WebServer] [22m    primaryDepartmentId: [32m'69275d8afc1184a3b3e6c55f'[39m,
[2m[WebServer] [22m    employeeNumber: [32m'EMP-1025'[39m
[2m[WebServer] [22m  },
[2m[WebServer] [22m  info: [90mundefined[39m
[2m[WebServer] [22m}
[2m[WebServer] [22mΓ£à JwtAuthGuard SUCCESS ΓåÆ user authenticated: 6929e2c0934d8e079e6f55b1
[2m[WebServer] [22m≡ƒöÑ RolesGuard running!
[2m[WebServer] [22m
[2m[WebServer] [22m===== ROLE GUARD =====

[1A[2K[2m[WebServer] [22mRequired roles: [ [32m'department head'[39m, [32m'HR Manager'[39m ]
[2m[WebServer] [22mUser object: {
[2m[WebServer] [22m  id: [32m'6929e2c0934d8e079e6f55b1'[39m,
[2m[WebServer] [22m  workEmail: [32m'engmanager.work@example.com'[39m,
[2m[WebServer] [22m  roles: [ [32m'department head'[39m ],
[2m[WebServer] [22m  permissions: [],
[2m[WebServer] [22m  primaryDepartmentId: [32m'69275d8afc1184a3b3e6c55f'[39m,
[2m[WebServer] [22m  employeeNumber: [32m'EMP-1025'[39m
[2m[WebServer] [22m}
[2m[WebServer] [22mNormalized user roles: [ [32m'department head'[39m ]

[1A[2K[2m[WebServer] [22mNormalized required roles: [ [32m'department head'[39m, [32m'hr manager'[39m ]
[2m[WebServer] [22mHas required role? [33mtrue[39m
[2m[WebServer] [22mΓ£ö ACCESS GRANTED Γ£ö

[1A[2K[2m[WebServer] [22m≡ƒöì [RequestsController] getTeamRequests: { managerId: [90mundefined[39m }

[1A[2K[2m[WebServer] [22m≡ƒöÑ JwtAuthGuard: canActivate CALLED

[1A[2K[2m[WebServer] [22m≡ƒöì JWT Extractor - All cookies: {
[2m[WebServer] [22m  accessToken: [32m'eyJhbGciOiJIUzI1NiIsInR5cCI6IkpXVCJ9.eyJzdWIiOiI2OTI5ZTJjMDkzNGQ4ZTA3OWU2ZjU1YjEiLCJ3b3JrRW1haWwiOiJlbmdtYW5hZ2VyLndvcmtAZXhhbXBsZS5jb20iLCJyb2xlcyI6WyJkZXBhcnRtZW50IGhlYWQiXSwicGVybWlzc2lvbnMiOltdLCJwcmltYXJ5RGVwYXJ0bWVudElkIjoiNjkyNzVkOGFmYzExODRhM2IzZTZjNTVmIiwiZW1wbG95ZWVOdW1iZXIiOiJFTVAtMTAyNSIsImlhdCI6MTc2NTk4MjAzMCwiZXhwIjoxNzY2MDY4NDMwfQ.MbALCGQGZ0IhFpGk8pC9vOfsRrPAc_BsNtqPX63M7ic'[39m
[2m[WebServer] [22m}

[1A[2K[2m[WebServer] [22m≡ƒöì JWT Extractor - Headers: accessToken=eyJhbGciOiJIUzI1NiIsInR5cCI6IkpXVCJ9.eyJzdWIiOiI2OTI5ZTJjMDkzNGQ4ZTA3OWU2ZjU1YjEiLCJ3b3JrRW1haWwiOiJlbmdtYW5hZ2VyLndvcmtAZXhhbXBsZS5jb20iLCJyb2xlcyI6WyJkZXBhcnRtZW50IGhlYWQiXSwicGVybWlzc2lvbnMiOltdLCJwcmltYXJ5RGVwYXJ0bWVudElkIjoiNjkyNzVkOGFmYzExODRhM2IzZTZjNTVmIiwiZW1wbG95ZWVOdW1iZXIiOiJFTVAtMTAyNSIsImlhdCI6MTc2NTk4MjAzMCwiZXhwIjoxNzY2MDY4NDMwfQ.MbALCGQGZ0IhFpGk8pC9vOfsRrPAc_BsNtqPX63M7ic
[2m[WebServer] [22m≡ƒöì JWT Extractor - accessToken: FOUND

[1A[2K[2m[WebServer] [22mJwtStrategy VALIDATE: {
[2m[WebServer] [22m  sub: [32m'6929e2c0934d8e079e6f55b1'[39m,
[2m[WebServer] [22m  workEmail: [32m'engmanager.work@example.com'[39m,
[2m[WebServer] [22m  roles: [ [32m'department head'[39m ],
[2m[WebServer] [22m  permissions: [],
[2m[WebServer] [22m  primaryDepartmentId: [32m'69275d8afc1184a3b3e6c55f'[39m,
[2m[WebServer] [22m  employeeNumber: [32m'EMP-1025'[39m,
[2m[WebServer] [22m  iat: [33m1765982030[39m,
[2m[WebServer] [22m  exp: [33m1766068430[39m
[2m[WebServer] [22m}

[1A[2K[2m[WebServer] [22m≡ƒöÑ JwtAuthGuard: handleRequest() {
[2m[WebServer] [22m  err: [1mnull[22m,
[2m[WebServer] [22m  user: {
[2m[WebServer] [22m    id: [32m'6929e2c0934d8e079e6f55b1'[39m,
[2m[WebServer] [22m    workEmail: [32m'engmanager.work@example.com'[39m,
[2m[WebServer] [22m    roles: [ [32m'department head'[39m ],
[2m[WebServer] [22m    permissions: [],
[2m[WebServer] [22m    primaryDepartmentId: [32m'69275d8afc1184a3b3e6c55f'[39m,
[2m[WebServer] [22m    employeeNumber: [32m'EMP-1025'[39m
[2m[WebServer] [22m  },
[2m[WebServer] [22m  info: [90mundefined[39m
[2m[WebServer] [22m}
[2m[WebServer] [22mΓ£à JwtAuthGuard SUCCESS ΓåÆ user authenticated: 6929e2c0934d8e079e6f55b1
[2m[WebServer] [22m≡ƒöÑ RolesGuard running!

[1A[2K[2m[WebServer] [22m
[2m[WebServer] [22m===== ROLE GUARD =====
[2m[WebServer] [22mRequired roles: [ [32m'department head'[39m, [32m'HR Manager'[39m ]
[2m[WebServer] [22mUser object: {
[2m[WebServer] [22m  id: [32m'6929e2c0934d8e079e6f55b1'[39m,
[2m[WebServer] [22m  workEmail: [32m'engmanager.work@example.com'[39m,
[2m[WebServer] [22m  roles: [ [32m'department head'[39m ],
[2m[WebServer] [22m  permissions: [],
[2m[WebServer] [22m  primaryDepartmentId: [32m'69275d8afc1184a3b3e6c55f'[39m,
[2m[WebServer] [22m  employeeNumber: [32m'EMP-1025'[39m
[2m[WebServer] [22m}
[2m[WebServer] [22mNormalized user roles: [ [32m'department head'[39m ]
[2m[WebServer] [22mNormalized required roles: [ [32m'department head'[39m, [32m'hr manager'[39m ]
[2m[WebServer] [22mHas required role? [33mtrue[39m
[2m[WebServer] [22mΓ£ö ACCESS GRANTED Γ£ö
[2m[WebServer] [22m≡ƒöì [TrackingController] getTeamBalances: {
[2m[WebServer] [22m  filters: [Object: null prototype] {},
[2m[WebServer] [22m  managerId: [32m'6929e2c0934d8e079e6f55b1'[39m
[2m[WebServer] [22m}

[1A[2KΓÜá∩╕Å No pending requests found

[1A[2K[2m[WebServer] [22mDepartment ID from logged in user: 69275d8afc1184a3b3e6c55f

[1A[2K[26/35] [chromium] ΓÇ║ leave-tests.spec.ts:925:7 ΓÇ║ ≡ƒæ¿ΓÇì≡ƒÆ╝ MANAGER (EMP-1025 - Engineering) - All Approval Scenarios ΓÇ║ Γ£à S1-S9: Bulk operations (REQ-031)
[1A[2K[chromium] ΓÇ║ leave-tests.spec.ts:925:7 ΓÇ║ ≡ƒæ¿ΓÇì≡ƒÆ╝ MANAGER (EMP-1025 - Engineering) - All Approval Scenarios ΓÇ║ Γ£à S1-S9: Bulk operations (REQ-031)
≡ƒöÉ Logging in as: engmanager.work@example.com

[1A[2K[2m[WebServer] [22m GET /login [32m200[39m in 38ms[2m (compile: 3ms, render: 35ms)[22m

[1A[2K[2m[WebServer] [22m≡ƒöÑ JwtAuthGuard: canActivate CALLED

[1A[2K[2m[WebServer] [22m≡ƒöì JWT Extractor - All cookies: [Object: null prototype] {}
[2m[WebServer] [22m≡ƒöì JWT Extractor - Headers: [90mundefined[39m
[2m[WebServer] [22m≡ƒöì JWT Extractor - accessToken: NOT FOUND

[1A[2K[2m[WebServer] [22m≡ƒöÑ JwtAuthGuard: handleRequest() {
[2m[WebServer] [22m  err: [1mnull[22m,
[2m[WebServer] [22m  user: [33mfalse[39m,
[2m[WebServer] [22m  info: Error: No auth token
[2m[WebServer] [22m      at JwtStrategy.authenticate [90m(C:\Users\Bedon\Desktop\semester-5-software-project\backend\[39mnode_modules\[4mpassport-jwt[24m\lib\strategy.js:96:26[90m)[39m
[2m[WebServer] [22m      at attempt [90m(C:\Users\Bedon\Desktop\semester-5-software-project\backend\[39mnode_modules\[4mpassport[24m\lib\middleware\authenticate.js:378:16[90m)[39m
[2m[WebServer] [22m      at authenticate [90m(C:\Users\Bedon\Desktop\semester-5-software-project\backend\[39mnode_modules\[4mpassport[24m\lib\middleware\authenticate.js:379:7[90m)[39m
[2m[WebServer] [22m      at [90mC:\Users\Bedon\Desktop\semester-5-software-project\backend\[39mnode_modules\[4m@nestjs[24m\passport\dist\auth.guard.js:88:3
[2m[WebServer] [22m      at new Promise (<anonymous>)
[2m[WebServer] [22m      at [90mC:\Users\Bedon\Desktop\semester-5-software-project\backend\[39mnode_modules\[4m@nestjs[24m\passport\dist\auth.guard.js:80:83
[2m[WebServer] [22m      at JwtAuthGuard.canActivate [90m(C:\Users\Bedon\Desktop\semester-5-software-project\backend\[39mnode_modules\[4m@nestjs[24m\passport\dist\auth.guard.js:44:32[90m)[39m
[2m[WebServer] [22m  [90m    at process.processTicksAndRejections (node:internal/process/task_queues:105:5)[39m
[2m[WebServer] [22m}

[1A[2K[2m[WebServer] [22mΓ¥î JwtAuthGuard INFO: Error: No auth token
[2m[WebServer] [22m    at JwtStrategy.authenticate 
[90m(C:\Users\Bedon\Desktop\semester-5-software-project\backend\[39mnode_modules\[4mpassport-jwt[24m\lib\strategy.js:96:26[90m)[39m
[2m[WebServer] [22m    at attempt 
[90m(C:\Users\Bedon\Desktop\semester-5-software-project\backend\[39mnode_modules\[4mpassport[24m\lib\middleware\authenticate.js:378:16[90m)[39m
[2m[WebServer] [22m    at authenticate 
[90m(C:\Users\Bedon\Desktop\semester-5-software-project\backend\[39mnode_modules\[4mpassport[24m\lib\middleware\authenticate.js:379:7[90m)[39m
[2m[WebServer] [22m    at [90mC:\Users\Bedon\Desktop\semester-5-software-project\backend\[39mnode_modules\[4m@nestjs[24m\passport\dist\auth.guard.js:88:3
[2m[WebServer] [22m    at new Promise (<anonymous>)
[2m[WebServer] [22m    at 
[90mC:\Users\Bedon\Desktop\semester-5-software-project\backend\[39mnode_modules\[4m@nestjs[24m\passport\dist\auth.guard.js:80:83
[2m[WebServer] [22m    at JwtAuthGuard.canActivate 
[90m(C:\Users\Bedon\Desktop\semester-5-software-project\backend\[39mnode_modules\[4m@nestjs[24m\passport\dist\auth.guard.js:44:32[90m)[39m
[2m[WebServer] [22m[90m    at process.processTicksAndRejections (node:internal/process/task_queues:105:5)[39m

[1A[2K[2m[WebServer] [22mΓ¥î JwtAuthGuard FAILING ΓåÆ No auth token

[1A[2K[2m[WebServer] [22mVALIDATE EMPLOYEE - systemRole = {
[2m[WebServer] [22m  _id: new ObjectId([32m'6929e2c0934d8e079e6f55b3'[39m),
[2m[WebServer] [22m  employeeProfileId: new ObjectId([32m'6929e2c0934d8e079e6f55b1'[39m),
[2m[WebServer] [22m  roles: [ [32m'department head'[39m ],
[2m[WebServer] [22m  permissions: [],
[2m[WebServer] [22m  isActive: [33mtrue[39m,
[2m[WebServer] [22m  createdAt: [35m2025-11-28T17:58:24.325Z[39m,
[2m[WebServer] [22m  updatedAt: [35m2025-11-28T17:58:24.325Z[39m,
[2m[WebServer] [22m  __v: [33m0[39m
[2m[WebServer] [22m}

[1A[2K[2m[WebServer] [22mGenerated token: eyJhbGciOiJIUzI1NiIsInR5cCI6IkpXVCJ9.eyJzdWIiOiI2OTI5ZTJjMDkzNGQ4ZTA3OWU2ZjU1YjEiLCJ3b3JrRW1haWwiOiJlbmdtYW5hZ2VyLndvcmtAZXhhbXBsZS5jb20iLCJyb2xlcyI6WyJkZXBhcnRtZW50IGhlYWQiXSwicGVybWlzc2lvbnMiOltdLCJwcmltYXJ5RGVwYXJ0bWVudElkIjoiNjkyNzVkOGFmYzExODRhM2IzZTZjNTVmIiwiZW1wbG95ZWVOdW1iZXIiOiJFTVAtMTAyNSIsImlhdCI6MTc2NTk4MjAzMSwiZXhwIjoxNzY2MDY4NDMxfQ.UFL_9nUSyHC_sGg1HeQv-IHBHPg9bQCCelJPiep4OXM

[1A[2K[2m[WebServer] [22m GET /leaves [32m200[39m in 18ms[2m (compile: 3ms, render: 15ms)[22m

[1A[2KΓ£à Login successful

[1A[2K≡ƒöó Testing Bulk Operations

[1A[2K[2m[WebServer] [22m≡ƒöÑ JwtAuthGuard: canActivate CALLED

[1A[2K[2m[WebServer] [22m≡ƒöì JWT Extractor - All cookies: {
[2m[WebServer] [22m  accessToken: [32m'eyJhbGciOiJIUzI1NiIsInR5cCI6IkpXVCJ9.eyJzdWIiOiI2OTI5ZTJjMDkzNGQ4ZTA3OWU2ZjU1YjEiLCJ3b3JrRW1haWwiOiJlbmdtYW5hZ2VyLndvcmtAZXhhbXBsZS5jb20iLCJyb2xlcyI6WyJkZXBhcnRtZW50IGhlYWQiXSwicGVybWlzc2lvbnMiOltdLCJwcmltYXJ5RGVwYXJ0bWVudElkIjoiNjkyNzVkOGFmYzExODRhM2IzZTZjNTVmIiwiZW1wbG95ZWVOdW1iZXIiOiJFTVAtMTAyNSIsImlhdCI6MTc2NTk4MjAzMSwiZXhwIjoxNzY2MDY4NDMxfQ.UFL_9nUSyHC_sGg1HeQv-IHBHPg9bQCCelJPiep4OXM'[39m
[2m[WebServer] [22m}
[2m[WebServer] [22m≡ƒöì JWT Extractor - Headers: accessToken=eyJhbGciOiJIUzI1NiIsInR5cCI6IkpXVCJ9.eyJzdWIiOiI2OTI5ZTJjMDkzNGQ4ZTA3OWU2ZjU1YjEiLCJ3b3JrRW1haWwiOiJlbmdtYW5hZ2VyLndvcmtAZXhhbXBsZS5jb20iLCJyb2xlcyI6WyJkZXBhcnRtZW50IGhlYWQiXSwicGVybWlzc2lvbnMiOltdLCJwcmltYXJ5RGVwYXJ0bWVudElkIjoiNjkyNzVkOGFmYzExODRhM2IzZTZjNTVmIiwiZW1wbG95ZWVOdW1iZXIiOiJFTVAtMTAyNSIsImlhdCI6MTc2NTk4MjAzMSwiZXhwIjoxNzY2MDY4NDMxfQ.UFL_9nUSyHC_sGg1HeQv-IHBHPg9bQCCelJPiep4OXM
[2m[WebServer] [22m≡ƒöì JWT Extractor - accessToken: FOUND

[1A[2K[2m[WebServer] [22mJwtStrategy VALIDATE: {
[2m[WebServer] [22m  sub: [32m'6929e2c0934d8e079e6f55b1'[39m,
[2m[WebServer] [22m  workEmail: [32m'engmanager.work@example.com'[39m,
[2m[WebServer] [22m  roles: [ [32m'department head'[39m ],
[2m[WebServer] [22m  permissions: [],
[2m[WebServer] [22m  primaryDepartmentId: [32m'69275d8afc1184a3b3e6c55f'[39m,
[2m[WebServer] [22m  employeeNumber: [32m'EMP-1025'[39m,
[2m[WebServer] [22m  iat: [33m1765982031[39m,
[2m[WebServer] [22m  exp: [33m1766068431[39m
[2m[WebServer] [22m}

[1A[2K[2m[WebServer] [22m≡ƒöÑ JwtAuthGuard: handleRequest() {
[2m[WebServer] [22m  err: [1mnull[22m,
[2m[WebServer] [22m  user: {
[2m[WebServer] [22m    id: [32m'6929e2c0934d8e079e6f55b1'[39m,
[2m[WebServer] [22m    workEmail: [32m'engmanager.work@example.com'[39m,
[2m[WebServer] [22m    roles: [ [32m'department head'[39m ],
[2m[WebServer] [22m    permissions: [],
[2m[WebServer] [22m    primaryDepartmentId: [32m'69275d8afc1184a3b3e6c55f'[39m,
[2m[WebServer] [22m    employeeNumber: [32m'EMP-1025'[39m
[2m[WebServer] [22m  },
[2m[WebServer] [22m  info: [90mundefined[39m
[2m[WebServer] [22m}
[2m[WebServer] [22mΓ£à JwtAuthGuard SUCCESS ΓåÆ user authenticated: 6929e2c0934d8e079e6f55b1

[1A[2K[2m[WebServer] [22m≡ƒöÑ RolesGuard running!
[2m[WebServer] [22m
[2m[WebServer] [22m===== ROLE GUARD =====

[1A[2K[2m[WebServer] [22mRequired roles: [
[2m[WebServer] [22m  [32m'department employee'[39m,
[2m[WebServer] [22m  [32m'HR Employee'[39m,
[2m[WebServer] [22m  [32m'department head'[39m,
[2m[WebServer] [22m  [32m'HR Manager'[39m,
[2m[WebServer] [22m  [32m'HR Admin'[39m,
[2m[WebServer] [22m  [32m'System Admin'[39m
[2m[WebServer] [22m]

[1A[2K[2m[WebServer] [22mUser object: {
[2m[WebServer] [22m  id: [32m'6929e2c0934d8e079e6f55b1'[39m,
[2m[WebServer] [22m  workEmail: [32m'engmanager.work@example.com'[39m,
[2m[WebServer] [22m  roles: [ [32m'department head'[39m ],
[2m[WebServer] [22m  permissions: [],
[2m[WebServer] [22m  primaryDepartmentId: [32m'69275d8afc1184a3b3e6c55f'[39m,
[2m[WebServer] [22m  employeeNumber: [32m'EMP-1025'[39m
[2m[WebServer] [22m}
[2m[WebServer] [22mNormalized user roles: [ [32m'department head'[39m ]

[1A[2K[2m[WebServer] [22mNormalized required roles: [
[2m[WebServer] [22m  [32m'department employee'[39m,
[2m[WebServer] [22m  [32m'hr employee'[39m,
[2m[WebServer] [22m  [32m'department head'[39m,
[2m[WebServer] [22m  [32m'hr manager'[39m,
[2m[WebServer] [22m  [32m'hr admin'[39m,
[2m[WebServer] [22m  [32m'system admin'[39m
[2m[WebServer] [22m]

[1A[2K[2m[WebServer] [22mHas required role? [33mtrue[39m
[2m[WebServer] [22mΓ£ö ACCESS GRANTED Γ£ö

[1A[2K[2m[WebServer] [22m≡ƒöì [TrackingController] getMyBalances: {
[2m[WebServer] [22m  query: [Object: null prototype] {},
[2m[WebServer] [22m  userId: [32m'6929e2c0934d8e079e6f55b1'[39m
[2m[WebServer] [22m}

[1A[2K[2m[WebServer] [22m≡ƒöÑ JwtAuthGuard: canActivate CALLED

[1A[2K[2m[WebServer] [22m≡ƒöì JWT Extractor - All cookies: {
[2m[WebServer] [22m  accessToken: [32m'eyJhbGciOiJIUzI1NiIsInR5cCI6IkpXVCJ9.eyJzdWIiOiI2OTI5ZTJjMDkzNGQ4ZTA3OWU2ZjU1YjEiLCJ3b3JrRW1haWwiOiJlbmdtYW5hZ2VyLndvcmtAZXhhbXBsZS5jb20iLCJyb2xlcyI6WyJkZXBhcnRtZW50IGhlYWQiXSwicGVybWlzc2lvbnMiOltdLCJwcmltYXJ5RGVwYXJ0bWVudElkIjoiNjkyNzVkOGFmYzExODRhM2IzZTZjNTVmIiwiZW1wbG95ZWVOdW1iZXIiOiJFTVAtMTAyNSIsImlhdCI6MTc2NTk4MjAzMSwiZXhwIjoxNzY2MDY4NDMxfQ.UFL_9nUSyHC_sGg1HeQv-IHBHPg9bQCCelJPiep4OXM'[39m
[2m[WebServer] [22m}

[1A[2K[2m[WebServer] [22m≡ƒöì JWT Extractor - Headers: accessToken=eyJhbGciOiJIUzI1NiIsInR5cCI6IkpXVCJ9.eyJzdWIiOiI2OTI5ZTJjMDkzNGQ4ZTA3OWU2ZjU1YjEiLCJ3b3JrRW1haWwiOiJlbmdtYW5hZ2VyLndvcmtAZXhhbXBsZS5jb20iLCJyb2xlcyI6WyJkZXBhcnRtZW50IGhlYWQiXSwicGVybWlzc2lvbnMiOltdLCJwcmltYXJ5RGVwYXJ0bWVudElkIjoiNjkyNzVkOGFmYzExODRhM2IzZTZjNTVmIiwiZW1wbG95ZWVOdW1iZXIiOiJFTVAtMTAyNSIsImlhdCI6MTc2NTk4MjAzMSwiZXhwIjoxNzY2MDY4NDMxfQ.UFL_9nUSyHC_sGg1HeQv-IHBHPg9bQCCelJPiep4OXM
[2m[WebServer] [22m≡ƒöì JWT Extractor - accessToken: FOUND

[1A[2K[2m[WebServer] [22mJwtStrategy VALIDATE: {
[2m[WebServer] [22m  sub: [32m'6929e2c0934d8e079e6f55b1'[39m,
[2m[WebServer] [22m  workEmail: [32m'engmanager.work@example.com'[39m,
[2m[WebServer] [22m  roles: [ [32m'department head'[39m ],
[2m[WebServer] [22m  permissions: [],
[2m[WebServer] [22m  primaryDepartmentId: [32m'69275d8afc1184a3b3e6c55f'[39m,
[2m[WebServer] [22m  employeeNumber: [32m'EMP-1025'[39m,
[2m[WebServer] [22m  iat: [33m1765982031[39m,
[2m[WebServer] [22m  exp: [33m1766068431[39m
[2m[WebServer] [22m}

[1A[2K[2m[WebServer] [22m≡ƒöÑ JwtAuthGuard: handleRequest() {
[2m[WebServer] [22m  err: [1mnull[22m,
[2m[WebServer] [22m  user: {
[2m[WebServer] [22m    id: [32m'6929e2c0934d8e079e6f55b1'[39m,
[2m[WebServer] [22m    workEmail: [32m'engmanager.work@example.com'[39m,
[2m[WebServer] [22m    roles: [ [32m'department head'[39m ],
[2m[WebServer] [22m    permissions: [],
[2m[WebServer] [22m    primaryDepartmentId: [32m'69275d8afc1184a3b3e6c55f'[39m,
[2m[WebServer] [22m    employeeNumber: [32m'EMP-1025'[39m
[2m[WebServer] [22m  },
[2m[WebServer] [22m  info: [90mundefined[39m
[2m[WebServer] [22m}
[2m[WebServer] [22mΓ£à JwtAuthGuard SUCCESS ΓåÆ user authenticated: 6929e2c0934d8e079e6f55b1

[1A[2K[2m[WebServer] [22m≡ƒöÑ RolesGuard running!
[2m[WebServer] [22m
[2m[WebServer] [22m===== ROLE GUARD =====

[1A[2K[2m[WebServer] [22mRequired roles: [
[2m[WebServer] [22m  [32m'department employee'[39m,
[2m[WebServer] [22m  [32m'HR Employee'[39m,
[2m[WebServer] [22m  [32m'department head'[39m,
[2m[WebServer] [22m  [32m'HR Manager'[39m,
[2m[WebServer] [22m  [32m'HR Admin'[39m,
[2m[WebServer] [22m  [32m'System Admin'[39m
[2m[WebServer] [22m]

[1A[2K[2m[WebServer] [22mUser object: {
[2m[WebServer] [22m  id: [32m'6929e2c0934d8e079e6f55b1'[39m,
[2m[WebServer] [22m  workEmail: [32m'engmanager.work@example.com'[39m,
[2m[WebServer] [22m  roles: [ [32m'department head'[39m ],
[2m[WebServer] [22m  permissions: [],
[2m[WebServer] [22m  primaryDepartmentId: [32m'69275d8afc1184a3b3e6c55f'[39m,
[2m[WebServer] [22m  employeeNumber: [32m'EMP-1025'[39m
[2m[WebServer] [22m}
[2m[WebServer] [22mNormalized user roles: [ [32m'department head'[39m ]

[1A[2K[2m[WebServer] [22mNormalized required roles: [
[2m[WebServer] [22m  [32m'department employee'[39m,
[2m[WebServer] [22m  [32m'hr employee'[39m,
[2m[WebServer] [22m  [32m'department head'[39m,
[2m[WebServer] [22m  [32m'hr manager'[39m,
[2m[WebServer] [22m  [32m'hr admin'[39m,
[2m[WebServer] [22m  [32m'system admin'[39m
[2m[WebServer] [22m]
[2m[WebServer] [22mHas required role? [33mtrue[39m

[1A[2K[2m[WebServer] [22mΓ£ö ACCESS GRANTED Γ£ö

[1A[2K[2m[WebServer] [22m≡ƒöì [TrackingController] getMyHistory: {
[2m[WebServer] [22m  filters: [Object: null prototype] {},
[2m[WebServer] [22m  userId: [32m'6929e2c0934d8e079e6f55b1'[39m
[2m[WebServer] [22m}

[1A[2K[2m[WebServer] [22m GET /leaves/team [32m200[39m in 41ms[2m (compile: 3ms, render: 38ms)[22m

[1A[2K[2m[WebServer] [22m≡ƒöÑ JwtAuthGuard: canActivate CALLED

[1A[2K[2m[WebServer] [22m≡ƒöì JWT Extractor - All cookies: {
[2m[WebServer] [22m  accessToken: [32m'eyJhbGciOiJIUzI1NiIsInR5cCI6IkpXVCJ9.eyJzdWIiOiI2OTI5ZTJjMDkzNGQ4ZTA3OWU2ZjU1YjEiLCJ3b3JrRW1haWwiOiJlbmdtYW5hZ2VyLndvcmtAZXhhbXBsZS5jb20iLCJyb2xlcyI6WyJkZXBhcnRtZW50IGhlYWQiXSwicGVybWlzc2lvbnMiOltdLCJwcmltYXJ5RGVwYXJ0bWVudElkIjoiNjkyNzVkOGFmYzExODRhM2IzZTZjNTVmIiwiZW1wbG95ZWVOdW1iZXIiOiJFTVAtMTAyNSIsImlhdCI6MTc2NTk4MjAzMSwiZXhwIjoxNzY2MDY4NDMxfQ.UFL_9nUSyHC_sGg1HeQv-IHBHPg9bQCCelJPiep4OXM'[39m
[2m[WebServer] [22m}

[1A[2K[2m[WebServer] [22m≡ƒöì JWT Extractor - Headers: accessToken=eyJhbGciOiJIUzI1NiIsInR5cCI6IkpXVCJ9.eyJzdWIiOiI2OTI5ZTJjMDkzNGQ4ZTA3OWU2ZjU1YjEiLCJ3b3JrRW1haWwiOiJlbmdtYW5hZ2VyLndvcmtAZXhhbXBsZS5jb20iLCJyb2xlcyI6WyJkZXBhcnRtZW50IGhlYWQiXSwicGVybWlzc2lvbnMiOltdLCJwcmltYXJ5RGVwYXJ0bWVudElkIjoiNjkyNzVkOGFmYzExODRhM2IzZTZjNTVmIiwiZW1wbG95ZWVOdW1iZXIiOiJFTVAtMTAyNSIsImlhdCI6MTc2NTk4MjAzMSwiZXhwIjoxNzY2MDY4NDMxfQ.UFL_9nUSyHC_sGg1HeQv-IHBHPg9bQCCelJPiep4OXM
[2m[WebServer] [22m≡ƒöì JWT Extractor - accessToken: FOUND

[1A[2K[2m[WebServer] [22mJwtStrategy VALIDATE: {
[2m[WebServer] [22m  sub: [32m'6929e2c0934d8e079e6f55b1'[39m,
[2m[WebServer] [22m  workEmail: [32m'engmanager.work@example.com'[39m,
[2m[WebServer] [22m  roles: [ [32m'department head'[39m ],
[2m[WebServer] [22m  permissions: [],
[2m[WebServer] [22m  primaryDepartmentId: [32m'69275d8afc1184a3b3e6c55f'[39m,
[2m[WebServer] [22m  employeeNumber: [32m'EMP-1025'[39m,
[2m[WebServer] [22m  iat: [33m1765982031[39m,
[2m[WebServer] [22m  exp: [33m1766068431[39m
[2m[WebServer] [22m}

[1A[2K[2m[WebServer] [22m≡ƒöÑ JwtAuthGuard: handleRequest() {
[2m[WebServer] [22m  err: [1mnull[22m,
[2m[WebServer] [22m  user: {
[2m[WebServer] [22m    id: [32m'6929e2c0934d8e079e6f55b1'[39m,
[2m[WebServer] [22m    workEmail: [32m'engmanager.work@example.com'[39m,
[2m[WebServer] [22m    roles: [ [32m'department head'[39m ],
[2m[WebServer] [22m    permissions: [],
[2m[WebServer] [22m    primaryDepartmentId: [32m'69275d8afc1184a3b3e6c55f'[39m,
[2m[WebServer] [22m    employeeNumber: [32m'EMP-1025'[39m
[2m[WebServer] [22m  },
[2m[WebServer] [22m  info: [90mundefined[39m
[2m[WebServer] [22m}
[2m[WebServer] [22mΓ£à JwtAuthGuard SUCCESS ΓåÆ user authenticated: 6929e2c0934d8e079e6f55b1

[1A[2K[2m[WebServer] [22m≡ƒöÑ JwtAuthGuard: canActivate CALLED

[1A[2K[2m[WebServer] [22m≡ƒöì JWT Extractor - All cookies: {
[2m[WebServer] [22m  accessToken: [32m'eyJhbGciOiJIUzI1NiIsInR5cCI6IkpXVCJ9.eyJzdWIiOiI2OTI5ZTJjMDkzNGQ4ZTA3OWU2ZjU1YjEiLCJ3b3JrRW1haWwiOiJlbmdtYW5hZ2VyLndvcmtAZXhhbXBsZS5jb20iLCJyb2xlcyI6WyJkZXBhcnRtZW50IGhlYWQiXSwicGVybWlzc2lvbnMiOltdLCJwcmltYXJ5RGVwYXJ0bWVudElkIjoiNjkyNzVkOGFmYzExODRhM2IzZTZjNTVmIiwiZW1wbG95ZWVOdW1iZXIiOiJFTVAtMTAyNSIsImlhdCI6MTc2NTk4MjAzMSwiZXhwIjoxNzY2MDY4NDMxfQ.UFL_9nUSyHC_sGg1HeQv-IHBHPg9bQCCelJPiep4OXM'[39m
[2m[WebServer] [22m}
[2m[WebServer] [22m≡ƒöì JWT Extractor - Headers: accessToken=eyJhbGciOiJIUzI1NiIsInR5cCI6IkpXVCJ9.eyJzdWIiOiI2OTI5ZTJjMDkzNGQ4ZTA3OWU2ZjU1YjEiLCJ3b3JrRW1haWwiOiJlbmdtYW5hZ2VyLndvcmtAZXhhbXBsZS5jb20iLCJyb2xlcyI6WyJkZXBhcnRtZW50IGhlYWQiXSwicGVybWlzc2lvbnMiOltdLCJwcmltYXJ5RGVwYXJ0bWVudElkIjoiNjkyNzVkOGFmYzExODRhM2IzZTZjNTVmIiwiZW1wbG95ZWVOdW1iZXIiOiJFTVAtMTAyNSIsImlhdCI6MTc2NTk4MjAzMSwiZXhwIjoxNzY2MDY4NDMxfQ.UFL_9nUSyHC_sGg1HeQv-IHBHPg9bQCCelJPiep4OXM

[1A[2K[2m[WebServer] [22m≡ƒöì JWT Extractor - accessToken: FOUND

[1A[2K[2m[WebServer] [22mJwtStrategy VALIDATE: {
[2m[WebServer] [22m  sub: [32m'6929e2c0934d8e079e6f55b1'[39m,
[2m[WebServer] [22m  workEmail: [32m'engmanager.work@example.com'[39m,
[2m[WebServer] [22m  roles: [ [32m'department head'[39m ],
[2m[WebServer] [22m  permissions: [],
[2m[WebServer] [22m  primaryDepartmentId: [32m'69275d8afc1184a3b3e6c55f'[39m,
[2m[WebServer] [22m  employeeNumber: [32m'EMP-1025'[39m,
[2m[WebServer] [22m  iat: [33m1765982031[39m,
[2m[WebServer] [22m  exp: [33m1766068431[39m
[2m[WebServer] [22m}

[1A[2K[2m[WebServer] [22m≡ƒöÑ JwtAuthGuard: handleRequest() {
[2m[WebServer] [22m  err: [1mnull[22m,
[2m[WebServer] [22m  user: {
[2m[WebServer] [22m    id: [32m'6929e2c0934d8e079e6f55b1'[39m,
[2m[WebServer] [22m    workEmail: [32m'engmanager.work@example.com'[39m,
[2m[WebServer] [22m    roles: [ [32m'department head'[39m ],
[2m[WebServer] [22m    permissions: [],
[2m[WebServer] [22m    primaryDepartmentId: [32m'69275d8afc1184a3b3e6c55f'[39m,
[2m[WebServer] [22m    employeeNumber: [32m'EMP-1025'[39m
[2m[WebServer] [22m  },
[2m[WebServer] [22m  info: [90mundefined[39m
[2m[WebServer] [22m}
[2m[WebServer] [22mΓ£à JwtAuthGuard SUCCESS ΓåÆ user authenticated: 6929e2c0934d8e079e6f55b1

[1A[2K[2m[WebServer] [22m≡ƒöÑ RolesGuard running!
[2m[WebServer] [22m
[2m[WebServer] [22m===== ROLE GUARD =====
[2m[WebServer] [22mRequired roles: [ [32m'department head'[39m, [32m'HR Manager'[39m ]

[1A[2K[2m[WebServer] [22mUser object: {
[2m[WebServer] [22m  id: [32m'6929e2c0934d8e079e6f55b1'[39m,
[2m[WebServer] [22m  workEmail: [32m'engmanager.work@example.com'[39m,
[2m[WebServer] [22m  roles: [ [32m'department head'[39m ],
[2m[WebServer] [22m  permissions: [],
[2m[WebServer] [22m  primaryDepartmentId: [32m'69275d8afc1184a3b3e6c55f'[39m,
[2m[WebServer] [22m  employeeNumber: [32m'EMP-1025'[39m
[2m[WebServer] [22m}
[2m[WebServer] [22mNormalized user roles: [ [32m'department head'[39m ]

[1A[2K[2m[WebServer] [22mNormalized required roles: [ [32m'department head'[39m, [32m'hr manager'[39m ]
[2m[WebServer] [22mHas required role? [33mtrue[39m
[2m[WebServer] [22mΓ£ö ACCESS GRANTED Γ£ö

[1A[2K[2m[WebServer] [22m≡ƒöì [RequestsController] getTeamRequests: { managerId: [90mundefined[39m }

[1A[2K[2m[WebServer] [22m≡ƒöÑ JwtAuthGuard: canActivate CALLED

[1A[2K[2m[WebServer] [22m≡ƒöì JWT Extractor - All cookies: {
[2m[WebServer] [22m  accessToken: [32m'eyJhbGciOiJIUzI1NiIsInR5cCI6IkpXVCJ9.eyJzdWIiOiI2OTI5ZTJjMDkzNGQ4ZTA3OWU2ZjU1YjEiLCJ3b3JrRW1haWwiOiJlbmdtYW5hZ2VyLndvcmtAZXhhbXBsZS5jb20iLCJyb2xlcyI6WyJkZXBhcnRtZW50IGhlYWQiXSwicGVybWlzc2lvbnMiOltdLCJwcmltYXJ5RGVwYXJ0bWVudElkIjoiNjkyNzVkOGFmYzExODRhM2IzZTZjNTVmIiwiZW1wbG95ZWVOdW1iZXIiOiJFTVAtMTAyNSIsImlhdCI6MTc2NTk4MjAzMSwiZXhwIjoxNzY2MDY4NDMxfQ.UFL_9nUSyHC_sGg1HeQv-IHBHPg9bQCCelJPiep4OXM'[39m
[2m[WebServer] [22m}

[1A[2K[2m[WebServer] [22m≡ƒöì JWT Extractor - Headers: accessToken=eyJhbGciOiJIUzI1NiIsInR5cCI6IkpXVCJ9.eyJzdWIiOiI2OTI5ZTJjMDkzNGQ4ZTA3OWU2ZjU1YjEiLCJ3b3JrRW1haWwiOiJlbmdtYW5hZ2VyLndvcmtAZXhhbXBsZS5jb20iLCJyb2xlcyI6WyJkZXBhcnRtZW50IGhlYWQiXSwicGVybWlzc2lvbnMiOltdLCJwcmltYXJ5RGVwYXJ0bWVudElkIjoiNjkyNzVkOGFmYzExODRhM2IzZTZjNTVmIiwiZW1wbG95ZWVOdW1iZXIiOiJFTVAtMTAyNSIsImlhdCI6MTc2NTk4MjAzMSwiZXhwIjoxNzY2MDY4NDMxfQ.UFL_9nUSyHC_sGg1HeQv-IHBHPg9bQCCelJPiep4OXM
[2m[WebServer] [22m≡ƒöì JWT Extractor - accessToken: FOUND

[1A[2K[2m[WebServer] [22mJwtStrategy VALIDATE: {
[2m[WebServer] [22m  sub: [32m'6929e2c0934d8e079e6f55b1'[39m,
[2m[WebServer] [22m  workEmail: [32m'engmanager.work@example.com'[39m,
[2m[WebServer] [22m  roles: [ [32m'department head'[39m ],
[2m[WebServer] [22m  permissions: [],
[2m[WebServer] [22m  primaryDepartmentId: [32m'69275d8afc1184a3b3e6c55f'[39m,
[2m[WebServer] [22m  employeeNumber: [32m'EMP-1025'[39m,
[2m[WebServer] [22m  iat: [33m1765982031[39m,
[2m[WebServer] [22m  exp: [33m1766068431[39m
[2m[WebServer] [22m}

[1A[2K[2m[WebServer] [22m≡ƒöÑ JwtAuthGuard: handleRequest() {
[2m[WebServer] [22m  err: [1mnull[22m,
[2m[WebServer] [22m  user: {
[2m[WebServer] [22m    id: [32m'6929e2c0934d8e079e6f55b1'[39m,
[2m[WebServer] [22m    workEmail: [32m'engmanager.work@example.com'[39m,
[2m[WebServer] [22m    roles: [ [32m'department head'[39m ],
[2m[WebServer] [22m    permissions: [],
[2m[WebServer] [22m    primaryDepartmentId: [32m'69275d8afc1184a3b3e6c55f'[39m,
[2m[WebServer] [22m    employeeNumber: [32m'EMP-1025'[39m
[2m[WebServer] [22m  },
[2m[WebServer] [22m  info: [90mundefined[39m
[2m[WebServer] [22m}
[2m[WebServer] [22mΓ£à JwtAuthGuard SUCCESS ΓåÆ user authenticated: 6929e2c0934d8e079e6f55b1
[2m[WebServer] [22m≡ƒöÑ RolesGuard running!
[2m[WebServer] [22m
[2m[WebServer] [22m===== ROLE GUARD =====
[2m[WebServer] [22mRequired roles: [ [32m'department head'[39m, [32m'HR Manager'[39m ]
[2m[WebServer] [22mUser object: {
[2m[WebServer] [22m  id: [32m'6929e2c0934d8e079e6f55b1'[39m,
[2m[WebServer] [22m  workEmail: [32m'engmanager.work@example.com'[39m,
[2m[WebServer] [22m  roles: [ [32m'department head'[39m ],
[2m[WebServer] [22m  permissions: [],
[2m[WebServer] [22m  primaryDepartmentId: [32m'69275d8afc1184a3b3e6c55f'[39m,
[2m[WebServer] [22m  employeeNumber: [32m'EMP-1025'[39m
[2m[WebServer] [22m}
[2m[WebServer] [22mNormalized user roles: [ [32m'department head'[39m ]
[2m[WebServer] [22mNormalized required roles: [ [32m'department head'[39m, [32m'hr manager'[39m ]
[2m[WebServer] [22mHas required role? [33mtrue[39m
[2m[WebServer] [22mΓ£ö ACCESS GRANTED Γ£ö

[1A[2K[2m[WebServer] [22m≡ƒöì [TrackingController] getTeamBalances: {
[2m[WebServer] [22m  filters: [Object: null prototype] {},
[2m[WebServer] [22m  managerId: [32m'6929e2c0934d8e079e6f55b1'[39m
[2m[WebServer] [22m}

[1A[2KΓÜá∩╕Å Not enough requests for bulk operation

[1A[2K[2m[WebServer] [22mDepartment ID from logged in user: 69275d8afc1184a3b3e6c55f

[1A[2K[27/35] [chromium] ΓÇ║ leave-tests.spec.ts:961:7 ΓÇ║ ≡ƒæ¿ΓÇì≡ƒÆ╝ MANAGER (EMP-1025 - Engineering) - All Approval Scenarios ΓÇ║ Γ£à T1-T5: Team reports
[1A[2K[chromium] ΓÇ║ leave-tests.spec.ts:961:7 ΓÇ║ ≡ƒæ¿ΓÇì≡ƒÆ╝ MANAGER (EMP-1025 - Engineering) - All Approval Scenarios ΓÇ║ Γ£à T1-T5: Team reports
≡ƒöÉ Logging in as: engmanager.work@example.com

[1A[2K[2m[WebServer] [22m GET /login [32m200[39m in 30ms[2m (compile: 2ms, render: 28ms)[22m

[1A[2K[2m[WebServer] [22m≡ƒöÑ JwtAuthGuard: canActivate CALLED

[1A[2K[2m[WebServer] [22m≡ƒöì JWT Extractor - All cookies: [Object: null prototype] {}
[2m[WebServer] [22m≡ƒöì JWT Extractor - Headers: [90mundefined[39m
[2m[WebServer] [22m≡ƒöì JWT Extractor - accessToken: NOT FOUND

[1A[2K[2m[WebServer] [22m≡ƒöÑ JwtAuthGuard: handleRequest() {
[2m[WebServer] [22m  err: [1mnull[22m,
[2m[WebServer] [22m  user: [33mfalse[39m,
[2m[WebServer] [22m  info: Error: No auth token
[2m[WebServer] [22m      at JwtStrategy.authenticate [90m(C:\Users\Bedon\Desktop\semester-5-software-project\backend\[39mnode_modules\[4mpassport-jwt[24m\lib\strategy.js:96:26[90m)[39m
[2m[WebServer] [22m      at attempt [90m(C:\Users\Bedon\Desktop\semester-5-software-project\backend\[39mnode_modules\[4mpassport[24m\lib\middleware\authenticate.js:378:16[90m)[39m
[2m[WebServer] [22m      at authenticate [90m(C:\Users\Bedon\Desktop\semester-5-software-project\backend\[39mnode_modules\[4mpassport[24m\lib\middleware\authenticate.js:379:7[90m)[39m
[2m[WebServer] [22m      at [90mC:\Users\Bedon\Desktop\semester-5-software-project\backend\[39mnode_modules\[4m@nestjs[24m\passport\dist\auth.guard.js:88:3
[2m[WebServer] [22m      at new Promise (<anonymous>)
[2m[WebServer] [22m      at [90mC:\Users\Bedon\Desktop\semester-5-software-project\backend\[39mnode_modules\[4m@nestjs[24m\passport\dist\auth.guard.js:80:83
[2m[WebServer] [22m      at JwtAuthGuard.canActivate [90m(C:\Users\Bedon\Desktop\semester-5-software-project\backend\[39mnode_modules\[4m@nestjs[24m\passport\dist\auth.guard.js:44:32[90m)[39m
[2m[WebServer] [22m  [90m    at process.processTicksAndRejections (node:internal/process/task_queues:105:5)[39m
[2m[WebServer] [22m}

[1A[2K[2m[WebServer] [22mΓ¥î JwtAuthGuard INFO: Error: No auth token
[2m[WebServer] [22m    at JwtStrategy.authenticate 
[90m(C:\Users\Bedon\Desktop\semester-5-software-project\backend\[39mnode_modules\[4mpassport-jwt[24m\lib\strategy.js:96:26[90m)[39m
[2m[WebServer] [22m    at attempt 
[90m(C:\Users\Bedon\Desktop\semester-5-software-project\backend\[39mnode_modules\[4mpassport[24m\lib\middleware\authenticate.js:378:16[90m)[39m
[2m[WebServer] [22m    at authenticate 
[90m(C:\Users\Bedon\Desktop\semester-5-software-project\backend\[39mnode_modules\[4mpassport[24m\lib\middleware\authenticate.js:379:7[90m)[39m

[2m[WebServer] [22m    at [90mC:\Users\Bedon\Desktop\semester-5-software-project\backend\[39mnode_modules\[4m@nestjs[24m\passport\dist\auth.guard.js:88:3
[2m[WebServer] [22m    at new Promise (<anonymous>)
[2m[WebServer] [22m    at 
[90mC:\Users\Bedon\Desktop\semester-5-software-project\backend\[39mnode_modules\[4m@nestjs[24m\passport\dist\auth.guard.js:80:83
[2m[WebServer] [22m    at JwtAuthGuard.canActivate 
[90m(C:\Users\Bedon\Desktop\semester-5-software-project\backend\[39mnode_modules\[4m@nestjs[24m\passport\dist\auth.guard.js:44:32[90m)[39m
[2m[WebServer] [22m[90m    at process.processTicksAndRejections (node:internal/process/task_queues:105:5)[39m
[1A[2K[2m[WebServer] [22mΓ¥î JwtAuthGuard FAILING ΓåÆ No auth token

[1A[2K[2m[WebServer] [22mVALIDATE EMPLOYEE - systemRole = {
[2m[WebServer] [22m  _id: new ObjectId([32m'6929e2c0934d8e079e6f55b3'[39m),
[2m[WebServer] [22m  employeeProfileId: new ObjectId([32m'6929e2c0934d8e079e6f55b1'[39m),
[2m[WebServer] [22m  roles: [ [32m'department head'[39m ],
[2m[WebServer] [22m  permissions: [],
[2m[WebServer] [22m  isActive: [33mtrue[39m,
[2m[WebServer] [22m  createdAt: [35m2025-11-28T17:58:24.325Z[39m,
[2m[WebServer] [22m  updatedAt: [35m2025-11-28T17:58:24.325Z[39m,
[2m[WebServer] [22m  __v: [33m0[39m
[2m[WebServer] [22m}

[1A[2K[2m[WebServer] [22mGenerated token: eyJhbGciOiJIUzI1NiIsInR5cCI6IkpXVCJ9.eyJzdWIiOiI2OTI5ZTJjMDkzNGQ4ZTA3OWU2ZjU1YjEiLCJ3b3JrRW1haWwiOiJlbmdtYW5hZ2VyLndvcmtAZXhhbXBsZS5jb20iLCJyb2xlcyI6WyJkZXBhcnRtZW50IGhlYWQiXSwicGVybWlzc2lvbnMiOltdLCJwcmltYXJ5RGVwYXJ0bWVudElkIjoiNjkyNzVkOGFmYzExODRhM2IzZTZjNTVmIiwiZW1wbG95ZWVOdW1iZXIiOiJFTVAtMTAyNSIsImlhdCI6MTc2NTk4MjAzMiwiZXhwIjoxNzY2MDY4NDMyfQ.Lf28DAT6qHzhOjLqjnB0zrQhgtVRCWuhBQId-pC-knQ

[1A[2K[2m[WebServer] [22m GET /leaves [32m200[39m in 16ms[2m (compile: 3ms, render: 13ms)[22m

[1A[2KΓ£à Login successful

[1A[2K≡ƒôè Testing Team Reports

[1A[2K[2m[WebServer] [22m≡ƒöÑ JwtAuthGuard: canActivate CALLED

[1A[2K[2m[WebServer] [22m≡ƒöì JWT Extractor - All cookies: {
[2m[WebServer] [22m  accessToken: [32m'eyJhbGciOiJIUzI1NiIsInR5cCI6IkpXVCJ9.eyJzdWIiOiI2OTI5ZTJjMDkzNGQ4ZTA3OWU2ZjU1YjEiLCJ3b3JrRW1haWwiOiJlbmdtYW5hZ2VyLndvcmtAZXhhbXBsZS5jb20iLCJyb2xlcyI6WyJkZXBhcnRtZW50IGhlYWQiXSwicGVybWlzc2lvbnMiOltdLCJwcmltYXJ5RGVwYXJ0bWVudElkIjoiNjkyNzVkOGFmYzExODRhM2IzZTZjNTVmIiwiZW1wbG95ZWVOdW1iZXIiOiJFTVAtMTAyNSIsImlhdCI6MTc2NTk4MjAzMiwiZXhwIjoxNzY2MDY4NDMyfQ.Lf28DAT6qHzhOjLqjnB0zrQhgtVRCWuhBQId-pC-knQ'[39m
[2m[WebServer] [22m}

[1A[2K[2m[WebServer] [22m≡ƒöì JWT Extractor - Headers: accessToken=eyJhbGciOiJIUzI1NiIsInR5cCI6IkpXVCJ9.eyJzdWIiOiI2OTI5ZTJjMDkzNGQ4ZTA3OWU2ZjU1YjEiLCJ3b3JrRW1haWwiOiJlbmdtYW5hZ2VyLndvcmtAZXhhbXBsZS5jb20iLCJyb2xlcyI6WyJkZXBhcnRtZW50IGhlYWQiXSwicGVybWlzc2lvbnMiOltdLCJwcmltYXJ5RGVwYXJ0bWVudElkIjoiNjkyNzVkOGFmYzExODRhM2IzZTZjNTVmIiwiZW1wbG95ZWVOdW1iZXIiOiJFTVAtMTAyNSIsImlhdCI6MTc2NTk4MjAzMiwiZXhwIjoxNzY2MDY4NDMyfQ.Lf28DAT6qHzhOjLqjnB0zrQhgtVRCWuhBQId-pC-knQ
[2m[WebServer] [22m≡ƒöì JWT Extractor - accessToken: FOUND

[1A[2K[2m[WebServer] [22mJwtStrategy VALIDATE: {
[2m[WebServer] [22m  sub: [32m'6929e2c0934d8e079e6f55b1'[39m,
[2m[WebServer] [22m  workEmail: [32m'engmanager.work@example.com'[39m,
[2m[WebServer] [22m  roles: [ [32m'department head'[39m ],
[2m[WebServer] [22m  permissions: [],
[2m[WebServer] [22m  primaryDepartmentId: [32m'69275d8afc1184a3b3e6c55f'[39m,
[2m[WebServer] [22m  employeeNumber: [32m'EMP-1025'[39m,
[2m[WebServer] [22m  iat: [33m1765982032[39m,
[2m[WebServer] [22m  exp: [33m1766068432[39m
[2m[WebServer] [22m}

[1A[2K[2m[WebServer] [22m≡ƒöÑ JwtAuthGuard: handleRequest() {
[2m[WebServer] [22m  err: [1mnull[22m,
[2m[WebServer] [22m  user: {
[2m[WebServer] [22m    id: [32m'6929e2c0934d8e079e6f55b1'[39m,
[2m[WebServer] [22m    workEmail: [32m'engmanager.work@example.com'[39m,
[2m[WebServer] [22m    roles: [ [32m'department head'[39m ],
[2m[WebServer] [22m    permissions: [],
[2m[WebServer] [22m    primaryDepartmentId: [32m'69275d8afc1184a3b3e6c55f'[39m,
[2m[WebServer] [22m    employeeNumber: [32m'EMP-1025'[39m
[2m[WebServer] [22m  },
[2m[WebServer] [22m  info: [90mundefined[39m
[2m[WebServer] [22m}

[1A[2K[2m[WebServer] [22mΓ£à JwtAuthGuard SUCCESS ΓåÆ user authenticated: 6929e2c0934d8e079e6f55b1
[2m[WebServer] [22m≡ƒöÑ RolesGuard running!
[2m[WebServer] [22m
[2m[WebServer] [22m===== ROLE GUARD =====

[1A[2K[2m[WebServer] [22mRequired roles: [
[2m[WebServer] [22m  [32m'department employee'[39m,
[2m[WebServer] [22m  [32m'HR Employee'[39m,
[2m[WebServer] [22m  [32m'department head'[39m,
[2m[WebServer] [22m  [32m'HR Manager'[39m,
[2m[WebServer] [22m  [32m'HR Admin'[39m,
[2m[WebServer] [22m  [32m'System Admin'[39m
[2m[WebServer] [22m]

[1A[2K[2m[WebServer] [22mUser object: {
[2m[WebServer] [22m  id: [32m'6929e2c0934d8e079e6f55b1'[39m,
[2m[WebServer] [22m  workEmail: [32m'engmanager.work@example.com'[39m,
[2m[WebServer] [22m  roles: [ [32m'department head'[39m ],
[2m[WebServer] [22m  permissions: [],
[2m[WebServer] [22m  primaryDepartmentId: [32m'69275d8afc1184a3b3e6c55f'[39m,
[2m[WebServer] [22m  employeeNumber: [32m'EMP-1025'[39m
[2m[WebServer] [22m}

[1A[2K[2m[WebServer] [22mNormalized user roles: [ [32m'department head'[39m ]

[1A[2K[2m[WebServer] [22mNormalized required roles: [
[2m[WebServer] [22m  [32m'department employee'[39m,
[2m[WebServer] [22m  [32m'hr employee'[39m,
[2m[WebServer] [22m  [32m'department head'[39m,
[2m[WebServer] [22m  [32m'hr manager'[39m,
[2m[WebServer] [22m  [32m'hr admin'[39m,
[2m[WebServer] [22m  [32m'system admin'[39m
[2m[WebServer] [22m]

[1A[2K[2m[WebServer] [22mHas required role? [33mtrue[39m
[2m[WebServer] [22mΓ£ö ACCESS GRANTED Γ£ö

[1A[2K[2m[WebServer] [22m≡ƒöì [TrackingController] getMyBalances: {
[2m[WebServer] [22m  query: [Object: null prototype] {},
[2m[WebServer] [22m  userId: [32m'6929e2c0934d8e079e6f55b1'[39m
[2m[WebServer] [22m}

[1A[2K[2m[WebServer] [22m≡ƒöÑ JwtAuthGuard: canActivate CALLED

[1A[2K[2m[WebServer] [22m≡ƒöì JWT Extractor - All cookies: {
[2m[WebServer] [22m  accessToken: [32m'eyJhbGciOiJIUzI1NiIsInR5cCI6IkpXVCJ9.eyJzdWIiOiI2OTI5ZTJjMDkzNGQ4ZTA3OWU2ZjU1YjEiLCJ3b3JrRW1haWwiOiJlbmdtYW5hZ2VyLndvcmtAZXhhbXBsZS5jb20iLCJyb2xlcyI6WyJkZXBhcnRtZW50IGhlYWQiXSwicGVybWlzc2lvbnMiOltdLCJwcmltYXJ5RGVwYXJ0bWVudElkIjoiNjkyNzVkOGFmYzExODRhM2IzZTZjNTVmIiwiZW1wbG95ZWVOdW1iZXIiOiJFTVAtMTAyNSIsImlhdCI6MTc2NTk4MjAzMiwiZXhwIjoxNzY2MDY4NDMyfQ.Lf28DAT6qHzhOjLqjnB0zrQhgtVRCWuhBQId-pC-knQ'[39m
[2m[WebServer] [22m}
[2m[WebServer] [22m≡ƒöì JWT Extractor - Headers: accessToken=eyJhbGciOiJIUzI1NiIsInR5cCI6IkpXVCJ9.eyJzdWIiOiI2OTI5ZTJjMDkzNGQ4ZTA3OWU2ZjU1YjEiLCJ3b3JrRW1haWwiOiJlbmdtYW5hZ2VyLndvcmtAZXhhbXBsZS5jb20iLCJyb2xlcyI6WyJkZXBhcnRtZW50IGhlYWQiXSwicGVybWlzc2lvbnMiOltdLCJwcmltYXJ5RGVwYXJ0bWVudElkIjoiNjkyNzVkOGFmYzExODRhM2IzZTZjNTVmIiwiZW1wbG95ZWVOdW1iZXIiOiJFTVAtMTAyNSIsImlhdCI6MTc2NTk4MjAzMiwiZXhwIjoxNzY2MDY4NDMyfQ.Lf28DAT6qHzhOjLqjnB0zrQhgtVRCWuhBQId-pC-knQ

[1A[2K[2m[WebServer] [22m≡ƒöì JWT Extractor - accessToken: FOUND

[1A[2K[2m[WebServer] [22mJwtStrategy VALIDATE: {
[2m[WebServer] [22m  sub: [32m'6929e2c0934d8e079e6f55b1'[39m,
[2m[WebServer] [22m  workEmail: [32m'engmanager.work@example.com'[39m,
[2m[WebServer] [22m  roles: [ [32m'department head'[39m ],
[2m[WebServer] [22m  permissions: [],
[2m[WebServer] [22m  primaryDepartmentId: [32m'69275d8afc1184a3b3e6c55f'[39m,
[2m[WebServer] [22m  employeeNumber: [32m'EMP-1025'[39m,
[2m[WebServer] [22m  iat: [33m1765982032[39m,
[2m[WebServer] [22m  exp: [33m1766068432[39m
[2m[WebServer] [22m}

[1A[2K[2m[WebServer] [22m≡ƒöÑ JwtAuthGuard: handleRequest() {
[2m[WebServer] [22m  err: [1mnull[22m,
[2m[WebServer] [22m  user: {
[2m[WebServer] [22m    id: [32m'6929e2c0934d8e079e6f55b1'[39m,
[2m[WebServer] [22m    workEmail: [32m'engmanager.work@example.com'[39m,
[2m[WebServer] [22m    roles: [ [32m'department head'[39m ],
[2m[WebServer] [22m    permissions: [],
[2m[WebServer] [22m    primaryDepartmentId: [32m'69275d8afc1184a3b3e6c55f'[39m,
[2m[WebServer] [22m    employeeNumber: [32m'EMP-1025'[39m
[2m[WebServer] [22m  },
[2m[WebServer] [22m  info: [90mundefined[39m
[2m[WebServer] [22m}
[2m[WebServer] [22mΓ£à JwtAuthGuard SUCCESS ΓåÆ user authenticated: 6929e2c0934d8e079e6f55b1
[2m[WebServer] [22m≡ƒöÑ RolesGuard running!
[2m[WebServer] [22m
[2m[WebServer] [22m===== ROLE GUARD =====

[1A[2K[2m[WebServer] [22mRequired roles: [
[2m[WebServer] [22m  [32m'department employee'[39m,
[2m[WebServer] [22m  [32m'HR Employee'[39m,
[2m[WebServer] [22m  [32m'department head'[39m,
[2m[WebServer] [22m  [32m'HR Manager'[39m,
[2m[WebServer] [22m  [32m'HR Admin'[39m,
[2m[WebServer] [22m  [32m'System Admin'[39m
[2m[WebServer] [22m]
[2m[WebServer] [22mUser object: {
[2m[WebServer] [22m  id: [32m'6929e2c0934d8e079e6f55b1'[39m,
[2m[WebServer] [22m  workEmail: [32m'engmanager.work@example.com'[39m,
[2m[WebServer] [22m  roles: [ [32m'department head'[39m ],
[2m[WebServer] [22m  permissions: [],
[2m[WebServer] [22m  primaryDepartmentId: [32m'69275d8afc1184a3b3e6c55f'[39m,
[2m[WebServer] [22m  employeeNumber: [32m'EMP-1025'[39m
[2m[WebServer] [22m}

[1A[2K[2m[WebServer] [22mNormalized user roles: [ [32m'department head'[39m ]
[2m[WebServer] [22mNormalized required roles: [
[2m[WebServer] [22m  [32m'department employee'[39m,
[2m[WebServer] [22m  [32m'hr employee'[39m,
[2m[WebServer] [22m  [32m'department head'[39m,
[2m[WebServer] [22m  [32m'hr manager'[39m,
[2m[WebServer] [22m  [32m'hr admin'[39m,
[2m[WebServer] [22m  [32m'system admin'[39m
[2m[WebServer] [22m]
[2m[WebServer] [22mHas required role? [33mtrue[39m
[2m[WebServer] [22mΓ£ö ACCESS GRANTED Γ£ö

[1A[2K[2m[WebServer] [22m≡ƒöì [TrackingController] getMyHistory: {
[2m[WebServer] [22m  filters: [Object: null prototype] {},
[2m[WebServer] [22m  userId: [32m'6929e2c0934d8e079e6f55b1'[39m
[2m[WebServer] [22m}

[1A[2K[2m[WebServer] [22m GET /leaves/team [32m200[39m in 45ms[2m (compile: 3ms, render: 42ms)[22m

[1A[2K[2m[WebServer] [22m≡ƒöÑ JwtAuthGuard: canActivate CALLED

[1A[2K[2m[WebServer] [22m≡ƒöì JWT Extractor - All cookies: {
[2m[WebServer] [22m  accessToken: [32m'eyJhbGciOiJIUzI1NiIsInR5cCI6IkpXVCJ9.eyJzdWIiOiI2OTI5ZTJjMDkzNGQ4ZTA3OWU2ZjU1YjEiLCJ3b3JrRW1haWwiOiJlbmdtYW5hZ2VyLndvcmtAZXhhbXBsZS5jb20iLCJyb2xlcyI6WyJkZXBhcnRtZW50IGhlYWQiXSwicGVybWlzc2lvbnMiOltdLCJwcmltYXJ5RGVwYXJ0bWVudElkIjoiNjkyNzVkOGFmYzExODRhM2IzZTZjNTVmIiwiZW1wbG95ZWVOdW1iZXIiOiJFTVAtMTAyNSIsImlhdCI6MTc2NTk4MjAzMiwiZXhwIjoxNzY2MDY4NDMyfQ.Lf28DAT6qHzhOjLqjnB0zrQhgtVRCWuhBQId-pC-knQ'[39m
[2m[WebServer] [22m}
[2m[WebServer] [22m≡ƒöì JWT Extractor - Headers: accessToken=eyJhbGciOiJIUzI1NiIsInR5cCI6IkpXVCJ9.eyJzdWIiOiI2OTI5ZTJjMDkzNGQ4ZTA3OWU2ZjU1YjEiLCJ3b3JrRW1haWwiOiJlbmdtYW5hZ2VyLndvcmtAZXhhbXBsZS5jb20iLCJyb2xlcyI6WyJkZXBhcnRtZW50IGhlYWQiXSwicGVybWlzc2lvbnMiOltdLCJwcmltYXJ5RGVwYXJ0bWVudElkIjoiNjkyNzVkOGFmYzExODRhM2IzZTZjNTVmIiwiZW1wbG95ZWVOdW1iZXIiOiJFTVAtMTAyNSIsImlhdCI6MTc2NTk4MjAzMiwiZXhwIjoxNzY2MDY4NDMyfQ.Lf28DAT6qHzhOjLqjnB0zrQhgtVRCWuhBQId-pC-knQ
[2m[WebServer] [22m≡ƒöì JWT Extractor - accessToken: FOUND

[1A[2K[2m[WebServer] [22mJwtStrategy VALIDATE: {
[2m[WebServer] [22m  sub: [32m'6929e2c0934d8e079e6f55b1'[39m,
[2m[WebServer] [22m  workEmail: [32m'engmanager.work@example.com'[39m,
[2m[WebServer] [22m  roles: [ [32m'department head'[39m ],
[2m[WebServer] [22m  permissions: [],
[2m[WebServer] [22m  primaryDepartmentId: [32m'69275d8afc1184a3b3e6c55f'[39m,
[2m[WebServer] [22m  employeeNumber: [32m'EMP-1025'[39m,
[2m[WebServer] [22m  iat: [33m1765982032[39m,
[2m[WebServer] [22m  exp: [33m1766068432[39m
[2m[WebServer] [22m}

[1A[2K[2m[WebServer] [22m≡ƒöÑ JwtAuthGuard: handleRequest() {
[2m[WebServer] [22m  err: [1mnull[22m,
[2m[WebServer] [22m  user: {
[2m[WebServer] [22m    id: [32m'6929e2c0934d8e079e6f55b1'[39m,
[2m[WebServer] [22m    workEmail: [32m'engmanager.work@example.com'[39m,
[2m[WebServer] [22m    roles: [ [32m'department head'[39m ],
[2m[WebServer] [22m    permissions: [],
[2m[WebServer] [22m    primaryDepartmentId: [32m'69275d8afc1184a3b3e6c55f'[39m,
[2m[WebServer] [22m    employeeNumber: [32m'EMP-1025'[39m
[2m[WebServer] [22m  },
[2m[WebServer] [22m  info: [90mundefined[39m
[2m[WebServer] [22m}
[2m[WebServer] [22mΓ£à JwtAuthGuard SUCCESS ΓåÆ user authenticated: 6929e2c0934d8e079e6f55b1

[1A[2K[2m[WebServer] [22m≡ƒöÑ JwtAuthGuard: canActivate CALLED

[1A[2K[2m[WebServer] [22m≡ƒöì JWT Extractor - All cookies: {
[2m[WebServer] [22m  accessToken: [32m'eyJhbGciOiJIUzI1NiIsInR5cCI6IkpXVCJ9.eyJzdWIiOiI2OTI5ZTJjMDkzNGQ4ZTA3OWU2ZjU1YjEiLCJ3b3JrRW1haWwiOiJlbmdtYW5hZ2VyLndvcmtAZXhhbXBsZS5jb20iLCJyb2xlcyI6WyJkZXBhcnRtZW50IGhlYWQiXSwicGVybWlzc2lvbnMiOltdLCJwcmltYXJ5RGVwYXJ0bWVudElkIjoiNjkyNzVkOGFmYzExODRhM2IzZTZjNTVmIiwiZW1wbG95ZWVOdW1iZXIiOiJFTVAtMTAyNSIsImlhdCI6MTc2NTk4MjAzMiwiZXhwIjoxNzY2MDY4NDMyfQ.Lf28DAT6qHzhOjLqjnB0zrQhgtVRCWuhBQId-pC-knQ'[39m
[2m[WebServer] [22m}
[2m[WebServer] [22m≡ƒöì JWT Extractor - Headers: accessToken=eyJhbGciOiJIUzI1NiIsInR5cCI6IkpXVCJ9.eyJzdWIiOiI2OTI5ZTJjMDkzNGQ4ZTA3OWU2ZjU1YjEiLCJ3b3JrRW1haWwiOiJlbmdtYW5hZ2VyLndvcmtAZXhhbXBsZS5jb20iLCJyb2xlcyI6WyJkZXBhcnRtZW50IGhlYWQiXSwicGVybWlzc2lvbnMiOltdLCJwcmltYXJ5RGVwYXJ0bWVudElkIjoiNjkyNzVkOGFmYzExODRhM2IzZTZjNTVmIiwiZW1wbG95ZWVOdW1iZXIiOiJFTVAtMTAyNSIsImlhdCI6MTc2NTk4MjAzMiwiZXhwIjoxNzY2MDY4NDMyfQ.Lf28DAT6qHzhOjLqjnB0zrQhgtVRCWuhBQId-pC-knQ

[1A[2K[2m[WebServer] [22m≡ƒöì JWT Extractor - accessToken: FOUND

[1A[2K[2m[WebServer] [22mJwtStrategy VALIDATE: {
[2m[WebServer] [22m  sub: [32m'6929e2c0934d8e079e6f55b1'[39m,
[2m[WebServer] [22m  workEmail: [32m'engmanager.work@example.com'[39m,
[2m[WebServer] [22m  roles: [ [32m'department head'[39m ],
[2m[WebServer] [22m  permissions: [],
[2m[WebServer] [22m  primaryDepartmentId: [32m'69275d8afc1184a3b3e6c55f'[39m,
[2m[WebServer] [22m  employeeNumber: [32m'EMP-1025'[39m,
[2m[WebServer] [22m  iat: [33m1765982032[39m,
[2m[WebServer] [22m  exp: [33m1766068432[39m
[2m[WebServer] [22m}

[1A[2K[2m[WebServer] [22m≡ƒöÑ JwtAuthGuard: handleRequest() {
[2m[WebServer] [22m  err: [1mnull[22m,
[2m[WebServer] [22m  user: {
[2m[WebServer] [22m    id: [32m'6929e2c0934d8e079e6f55b1'[39m,
[2m[WebServer] [22m    workEmail: [32m'engmanager.work@example.com'[39m,
[2m[WebServer] [22m    roles: [ [32m'department head'[39m ],
[2m[WebServer] [22m    permissions: [],
[2m[WebServer] [22m    primaryDepartmentId: [32m'69275d8afc1184a3b3e6c55f'[39m,
[2m[WebServer] [22m    employeeNumber: [32m'EMP-1025'[39m
[2m[WebServer] [22m  },
[2m[WebServer] [22m  info: [90mundefined[39m
[2m[WebServer] [22m}
[2m[WebServer] [22mΓ£à JwtAuthGuard SUCCESS ΓåÆ user authenticated: 6929e2c0934d8e079e6f55b1

[1A[2K[2m[WebServer] [22m≡ƒöÑ RolesGuard running!
[2m[WebServer] [22m
[2m[WebServer] [22m===== ROLE GUARD =====
[2m[WebServer] [22mRequired roles: [ [32m'department head'[39m, [32m'HR Manager'[39m ]

[1A[2K[2m[WebServer] [22mUser object: {
[2m[WebServer] [22m  id: [32m'6929e2c0934d8e079e6f55b1'[39m,
[2m[WebServer] [22m  workEmail: [32m'engmanager.work@example.com'[39m,
[2m[WebServer] [22m  roles: [ [32m'department head'[39m ],
[2m[WebServer] [22m  permissions: [],
[2m[WebServer] [22m  primaryDepartmentId: [32m'69275d8afc1184a3b3e6c55f'[39m,
[2m[WebServer] [22m  employeeNumber: [32m'EMP-1025'[39m
[2m[WebServer] [22m}

[1A[2K[2m[WebServer] [22mNormalized user roles: [ [32m'department head'[39m ]
[2m[WebServer] [22mNormalized required roles: [ [32m'department head'[39m, [32m'hr manager'[39m ]
[2m[WebServer] [22mHas required role? [33mtrue[39m

[1A[2K[2m[WebServer] [22mΓ£ö ACCESS GRANTED Γ£ö

[1A[2K[2m[WebServer] [22m≡ƒöì [RequestsController] getTeamRequests: { managerId: [90mundefined[39m }

[1A[2K[2m[WebServer] [22m≡ƒöÑ JwtAuthGuard: canActivate CALLED

[1A[2K[2m[WebServer] [22m≡ƒöì JWT Extractor - All cookies: {
[2m[WebServer] [22m  accessToken: [32m'eyJhbGciOiJIUzI1NiIsInR5cCI6IkpXVCJ9.eyJzdWIiOiI2OTI5ZTJjMDkzNGQ4ZTA3OWU2ZjU1YjEiLCJ3b3JrRW1haWwiOiJlbmdtYW5hZ2VyLndvcmtAZXhhbXBsZS5jb20iLCJyb2xlcyI6WyJkZXBhcnRtZW50IGhlYWQiXSwicGVybWlzc2lvbnMiOltdLCJwcmltYXJ5RGVwYXJ0bWVudElkIjoiNjkyNzVkOGFmYzExODRhM2IzZTZjNTVmIiwiZW1wbG95ZWVOdW1iZXIiOiJFTVAtMTAyNSIsImlhdCI6MTc2NTk4MjAzMiwiZXhwIjoxNzY2MDY4NDMyfQ.Lf28DAT6qHzhOjLqjnB0zrQhgtVRCWuhBQId-pC-knQ'[39m
[2m[WebServer] [22m}

[1A[2K[2m[WebServer] [22m≡ƒöì JWT Extractor - Headers: accessToken=eyJhbGciOiJIUzI1NiIsInR5cCI6IkpXVCJ9.eyJzdWIiOiI2OTI5ZTJjMDkzNGQ4ZTA3OWU2ZjU1YjEiLCJ3b3JrRW1haWwiOiJlbmdtYW5hZ2VyLndvcmtAZXhhbXBsZS5jb20iLCJyb2xlcyI6WyJkZXBhcnRtZW50IGhlYWQiXSwicGVybWlzc2lvbnMiOltdLCJwcmltYXJ5RGVwYXJ0bWVudElkIjoiNjkyNzVkOGFmYzExODRhM2IzZTZjNTVmIiwiZW1wbG95ZWVOdW1iZXIiOiJFTVAtMTAyNSIsImlhdCI6MTc2NTk4MjAzMiwiZXhwIjoxNzY2MDY4NDMyfQ.Lf28DAT6qHzhOjLqjnB0zrQhgtVRCWuhBQId-pC-knQ
[2m[WebServer] [22m≡ƒöì JWT Extractor - accessToken: FOUND

[1A[2K[2m[WebServer] [22mJwtStrategy VALIDATE: {
[2m[WebServer] [22m  sub: [32m'6929e2c0934d8e079e6f55b1'[39m,
[2m[WebServer] [22m  workEmail: [32m'engmanager.work@example.com'[39m,
[2m[WebServer] [22m  roles: [ [32m'department head'[39m ],
[2m[WebServer] [22m  permissions: [],
[2m[WebServer] [22m  primaryDepartmentId: [32m'69275d8afc1184a3b3e6c55f'[39m,
[2m[WebServer] [22m  employeeNumber: [32m'EMP-1025'[39m,
[2m[WebServer] [22m  iat: [33m1765982032[39m,
[2m[WebServer] [22m  exp: [33m1766068432[39m
[2m[WebServer] [22m}

[1A[2K[2m[WebServer] [22m≡ƒöÑ JwtAuthGuard: handleRequest() {
[2m[WebServer] [22m  err: [1mnull[22m,
[2m[WebServer] [22m  user: {
[2m[WebServer] [22m    id: [32m'6929e2c0934d8e079e6f55b1'[39m,
[2m[WebServer] [22m    workEmail: [32m'engmanager.work@example.com'[39m,
[2m[WebServer] [22m    roles: [ [32m'department head'[39m ],
[2m[WebServer] [22m    permissions: [],
[2m[WebServer] [22m    primaryDepartmentId: [32m'69275d8afc1184a3b3e6c55f'[39m,
[2m[WebServer] [22m    employeeNumber: [32m'EMP-1025'[39m
[2m[WebServer] [22m  },
[2m[WebServer] [22m  info: [90mundefined[39m
[2m[WebServer] [22m}
[2m[WebServer] [22mΓ£à JwtAuthGuard SUCCESS ΓåÆ user authenticated: 6929e2c0934d8e079e6f55b1
[2m[WebServer] [22m≡ƒöÑ RolesGuard running!
[2m[WebServer] [22m
[2m[WebServer] [22m===== ROLE GUARD =====

[1A[2K[2m[WebServer] [22mRequired roles: [ [32m'department head'[39m, [32m'HR Manager'[39m ]
[2m[WebServer] [22mUser object: {
[2m[WebServer] [22m  id: [32m'6929e2c0934d8e079e6f55b1'[39m,
[2m[WebServer] [22m  workEmail: [32m'engmanager.work@example.com'[39m,
[2m[WebServer] [22m  roles: [ [32m'department head'[39m ],
[2m[WebServer] [22m  permissions: [],
[2m[WebServer] [22m  primaryDepartmentId: [32m'69275d8afc1184a3b3e6c55f'[39m,
[2m[WebServer] [22m  employeeNumber: [32m'EMP-1025'[39m
[2m[WebServer] [22m}

[1A[2K[2m[WebServer] [22mNormalized user roles: [ [32m'department head'[39m ]
[2m[WebServer] [22mNormalized required roles: [ [32m'department head'[39m, [32m'hr manager'[39m ]
[2m[WebServer] [22mHas required role? [33mtrue[39m

[1A[2K[2m[WebServer] [22mΓ£ö ACCESS GRANTED Γ£ö

[1A[2K[2m[WebServer] [22m≡ƒöì [TrackingController] getTeamBalances: {
[2m[WebServer] [22m  filters: [Object: null prototype] {},
[2m[WebServer] [22m  managerId: [32m'6929e2c0934d8e079e6f55b1'[39m
[2m[WebServer] [22m}

[1A[2K[2m[WebServer] [22mDepartment ID from logged in user: 69275d8afc1184a3b3e6c55f

[1A[2KΓ£à Reports accessible

[1A[2K[28/35] [chromium] ΓÇ║ leave-tests.spec.ts:976:7 ΓÇ║ ≡ƒæ¿ΓÇì≡ƒÆ╝ MANAGER (EMP-1025 - Engineering) - All Approval Scenarios ΓÇ║ Γ£à V1-V4: Department boundary testing
[1A[2K[chromium] ΓÇ║ leave-tests.spec.ts:976:7 ΓÇ║ ≡ƒæ¿ΓÇì≡ƒÆ╝ MANAGER (EMP-1025 - Engineering) - All Approval Scenarios ΓÇ║ Γ£à V1-V4: Department boundary testing
≡ƒöÉ Logging in as: engmanager.work@example.com

[1A[2K[2m[WebServer] [22m GET /login [32m200[39m in 37ms[2m (compile: 5ms, render: 32ms)[22m

[1A[2K[2m[WebServer] [22m≡ƒöÑ JwtAuthGuard: canActivate CALLED

[1A[2K[2m[WebServer] [22m≡ƒöì JWT Extractor - All cookies: [Object: null prototype] {}
[2m[WebServer] [22m≡ƒöì JWT Extractor - Headers: [90mundefined[39m
[2m[WebServer] [22m≡ƒöì JWT Extractor - accessToken: NOT FOUND

[1A[2K[2m[WebServer] [22m≡ƒöÑ JwtAuthGuard: handleRequest() {
[2m[WebServer] [22m  err: [1mnull[22m,
[2m[WebServer] [22m  user: [33mfalse[39m,
[2m[WebServer] [22m  info: Error: No auth token
[2m[WebServer] [22m      at JwtStrategy.authenticate [90m(C:\Users\Bedon\Desktop\semester-5-software-project\backend\[39mnode_modules\[4mpassport-jwt[24m\lib\strategy.js:96:26[90m)[39m
[2m[WebServer] [22m      at attempt [90m(C:\Users\Bedon\Desktop\semester-5-software-project\backend\[39mnode_modules\[4mpassport[24m\lib\middleware\authenticate.js:378:16[90m)[39m
[2m[WebServer] [22m      at authenticate [90m(C:\Users\Bedon\Desktop\semester-5-software-project\backend\[39mnode_modules\[4mpassport[24m\lib\middleware\authenticate.js:379:7[90m)[39m
[2m[WebServer] [22m      at [90mC:\Users\Bedon\Desktop\semester-5-software-project\backend\[39mnode_modules\[4m@nestjs[24m\passport\dist\auth.guard.js:88:3
[2m[WebServer] [22m      at new Promise (<anonymous>)
[2m[WebServer] [22m      at [90mC:\Users\Bedon\Desktop\semester-5-software-project\backend\[39mnode_modules\[4m@nestjs[24m\passport\dist\auth.guard.js:80:83
[2m[WebServer] [22m      at JwtAuthGuard.canActivate [90m(C:\Users\Bedon\Desktop\semester-5-software-project\backend\[39mnode_modules\[4m@nestjs[24m\passport\dist\auth.guard.js:44:32[90m)[39m
[2m[WebServer] [22m  [90m    at process.processTicksAndRejections (node:internal/process/task_queues:105:5)[39m
[2m[WebServer] [22m}

[1A[2K[2m[WebServer] [22mΓ¥î JwtAuthGuard INFO: Error: No auth token
[2m[WebServer] [22m    at JwtStrategy.authenticate 
[90m(C:\Users\Bedon\Desktop\semester-5-software-project\backend\[39mnode_modules\[4mpassport-jwt[24m\lib\strategy.js:96:26[90m)[39m
[2m[WebServer] [22m    at attempt 
[90m(C:\Users\Bedon\Desktop\semester-5-software-project\backend\[39mnode_modules\[4mpassport[24m\lib\middleware\authenticate.js:378:16[90m)[39m
[2m[WebServer] [22m    at authenticate 
[90m(C:\Users\Bedon\Desktop\semester-5-software-project\backend\[39mnode_modules\[4mpassport[24m\lib\middleware\authenticate.js:379:7[90m)[39m
[2m[WebServer] [22m    at [90mC:\Users\Bedon\Desktop\semester-5-software-project\backend\[39mnode_modules\[4m@nestjs[24m\passport\dist\auth.guard.js:88:3
[2m[WebServer] [22m    at new Promise (<anonymous>)
[2m[WebServer] [22m    at 
[90mC:\Users\Bedon\Desktop\semester-5-software-project\backend\[39mnode_modules\[4m@nestjs[24m\passport\dist\auth.guard.js:80:83
[2m[WebServer] [22m    at JwtAuthGuard.canActivate 
[90m(C:\Users\Bedon\Desktop\semester-5-software-project\backend\[39mnode_modules\[4m@nestjs[24m\passport\dist\auth.guard.js:44:32[90m)[39m
[2m[WebServer] [22m[90m    at process.processTicksAndRejections (node:internal/process/task_queues:105:5)[39m

[1A[2K[2m[WebServer] [22mΓ¥î JwtAuthGuard FAILING ΓåÆ No auth token

[1A[2K[2m[WebServer] [22mVALIDATE EMPLOYEE - systemRole = {
[2m[WebServer] [22m  _id: new ObjectId([32m'6929e2c0934d8e079e6f55b3'[39m),
[2m[WebServer] [22m  employeeProfileId: new ObjectId([32m'6929e2c0934d8e079e6f55b1'[39m),
[2m[WebServer] [22m  roles: [ [32m'department head'[39m ],
[2m[WebServer] [22m  permissions: [],
[2m[WebServer] [22m  isActive: [33mtrue[39m,
[2m[WebServer] [22m  createdAt: [35m2025-11-28T17:58:24.325Z[39m,
[2m[WebServer] [22m  updatedAt: [35m2025-11-28T17:58:24.325Z[39m,
[2m[WebServer] [22m  __v: [33m0[39m
[2m[WebServer] [22m}

[1A[2K[2m[WebServer] [22mGenerated token: eyJhbGciOiJIUzI1NiIsInR5cCI6IkpXVCJ9.eyJzdWIiOiI2OTI5ZTJjMDkzNGQ4ZTA3OWU2ZjU1YjEiLCJ3b3JrRW1haWwiOiJlbmdtYW5hZ2VyLndvcmtAZXhhbXBsZS5jb20iLCJyb2xlcyI6WyJkZXBhcnRtZW50IGhlYWQiXSwicGVybWlzc2lvbnMiOltdLCJwcmltYXJ5RGVwYXJ0bWVudElkIjoiNjkyNzVkOGFmYzExODRhM2IzZTZjNTVmIiwiZW1wbG95ZWVOdW1iZXIiOiJFTVAtMTAyNSIsImlhdCI6MTc2NTk4MjAzNiwiZXhwIjoxNzY2MDY4NDM2fQ.wTb6hirOJhUI8GEuXGdPRWiKmEOWdQuy2aQJOmAq4iU

[1A[2K[2m[WebServer] [22m GET /leaves [32m200[39m in 17ms[2m (compile: 3ms, render: 14ms)[22m

[1A[2KΓ£à Login successful

[1A[2K≡ƒÜº Testing Department Boundaries

[1A[2K[2m[WebServer] [22m≡ƒöÑ JwtAuthGuard: canActivate CALLED

[1A[2K[2m[WebServer] [22m≡ƒöì JWT Extractor - All cookies: {
[2m[WebServer] [22m  accessToken: [32m'eyJhbGciOiJIUzI1NiIsInR5cCI6IkpXVCJ9.eyJzdWIiOiI2OTI5ZTJjMDkzNGQ4ZTA3OWU2ZjU1YjEiLCJ3b3JrRW1haWwiOiJlbmdtYW5hZ2VyLndvcmtAZXhhbXBsZS5jb20iLCJyb2xlcyI6WyJkZXBhcnRtZW50IGhlYWQiXSwicGVybWlzc2lvbnMiOltdLCJwcmltYXJ5RGVwYXJ0bWVudElkIjoiNjkyNzVkOGFmYzExODRhM2IzZTZjNTVmIiwiZW1wbG95ZWVOdW1iZXIiOiJFTVAtMTAyNSIsImlhdCI6MTc2NTk4MjAzNiwiZXhwIjoxNzY2MDY4NDM2fQ.wTb6hirOJhUI8GEuXGdPRWiKmEOWdQuy2aQJOmAq4iU'[39m
[2m[WebServer] [22m}

[1A[2K[2m[WebServer] [22m≡ƒöì JWT Extractor - Headers: accessToken=eyJhbGciOiJIUzI1NiIsInR5cCI6IkpXVCJ9.eyJzdWIiOiI2OTI5ZTJjMDkzNGQ4ZTA3OWU2ZjU1YjEiLCJ3b3JrRW1haWwiOiJlbmdtYW5hZ2VyLndvcmtAZXhhbXBsZS5jb20iLCJyb2xlcyI6WyJkZXBhcnRtZW50IGhlYWQiXSwicGVybWlzc2lvbnMiOltdLCJwcmltYXJ5RGVwYXJ0bWVudElkIjoiNjkyNzVkOGFmYzExODRhM2IzZTZjNTVmIiwiZW1wbG95ZWVOdW1iZXIiOiJFTVAtMTAyNSIsImlhdCI6MTc2NTk4MjAzNiwiZXhwIjoxNzY2MDY4NDM2fQ.wTb6hirOJhUI8GEuXGdPRWiKmEOWdQuy2aQJOmAq4iU
[2m[WebServer] [22m≡ƒöì JWT Extractor - accessToken: FOUND

[1A[2K[2m[WebServer] [22mJwtStrategy VALIDATE: {
[2m[WebServer] [22m  sub: [32m'6929e2c0934d8e079e6f55b1'[39m,
[2m[WebServer] [22m  workEmail: [32m'engmanager.work@example.com'[39m,
[2m[WebServer] [22m  roles: [ [32m'department head'[39m ],
[2m[WebServer] [22m  permissions: [],
[2m[WebServer] [22m  primaryDepartmentId: [32m'69275d8afc1184a3b3e6c55f'[39m,
[2m[WebServer] [22m  employeeNumber: [32m'EMP-1025'[39m,
[2m[WebServer] [22m  iat: [33m1765982036[39m,
[2m[WebServer] [22m  exp: [33m1766068436[39m
[2m[WebServer] [22m}

[1A[2K[2m[WebServer] [22m≡ƒöÑ JwtAuthGuard: handleRequest() {
[2m[WebServer] [22m  err: [1mnull[22m,
[2m[WebServer] [22m  user: {
[2m[WebServer] [22m    id: [32m'6929e2c0934d8e079e6f55b1'[39m,
[2m[WebServer] [22m    workEmail: [32m'engmanager.work@example.com'[39m,
[2m[WebServer] [22m    roles: [ [32m'department head'[39m ],
[2m[WebServer] [22m    permissions: [],
[2m[WebServer] [22m    primaryDepartmentId: [32m'69275d8afc1184a3b3e6c55f'[39m,
[2m[WebServer] [22m    employeeNumber: [32m'EMP-1025'[39m
[2m[WebServer] [22m  },
[2m[WebServer] [22m  info: [90mundefined[39m
[2m[WebServer] [22m}

[1A[2K[2m[WebServer] [22mΓ£à JwtAuthGuard SUCCESS ΓåÆ user authenticated: 6929e2c0934d8e079e6f55b1
[2m[WebServer] [22m≡ƒöÑ RolesGuard running!
[2m[WebServer] [22m
[2m[WebServer] [22m===== ROLE GUARD =====

[1A[2K[2m[WebServer] [22mRequired roles: [
[2m[WebServer] [22m  [32m'department employee'[39m,
[2m[WebServer] [22m  [32m'HR Employee'[39m,
[2m[WebServer] [22m  [32m'department head'[39m,
[2m[WebServer] [22m  [32m'HR Manager'[39m,
[2m[WebServer] [22m  [32m'HR Admin'[39m,
[2m[WebServer] [22m  [32m'System Admin'[39m
[2m[WebServer] [22m]

[1A[2K[2m[WebServer] [22mUser object: {
[2m[WebServer] [22m  id: [32m'6929e2c0934d8e079e6f55b1'[39m,
[2m[WebServer] [22m  workEmail: [32m'engmanager.work@example.com'[39m,
[2m[WebServer] [22m  roles: [ [32m'department head'[39m ],
[2m[WebServer] [22m  permissions: [],
[2m[WebServer] [22m  primaryDepartmentId: [32m'69275d8afc1184a3b3e6c55f'[39m,
[2m[WebServer] [22m  employeeNumber: [32m'EMP-1025'[39m
[2m[WebServer] [22m}
[2m[WebServer] [22mNormalized user roles: [ [32m'department head'[39m ]

[1A[2K[2m[WebServer] [22mNormalized required roles: [
[2m[WebServer] [22m  [32m'department employee'[39m,
[2m[WebServer] [22m  [32m'hr employee'[39m,
[2m[WebServer] [22m  [32m'department head'[39m,
[2m[WebServer] [22m  [32m'hr manager'[39m,
[2m[WebServer] [22m  [32m'hr admin'[39m,
[2m[WebServer] [22m  [32m'system admin'[39m
[2m[WebServer] [22m]
[2m[WebServer] [22mHas required role? [33mtrue[39m

[1A[2K[2m[WebServer] [22mΓ£ö ACCESS GRANTED Γ£ö

[1A[2K[2m[WebServer] [22m≡ƒöì [TrackingController] getMyBalances: {
[2m[WebServer] [22m  query: [Object: null prototype] {},
[2m[WebServer] [22m  userId: [32m'6929e2c0934d8e079e6f55b1'[39m
[2m[WebServer] [22m}

[1A[2K[2m[WebServer] [22m≡ƒöÑ JwtAuthGuard: canActivate CALLED

[1A[2K[2m[WebServer] [22m≡ƒöì JWT Extractor - All cookies: {
[2m[WebServer] [22m  accessToken: [32m'eyJhbGciOiJIUzI1NiIsInR5cCI6IkpXVCJ9.eyJzdWIiOiI2OTI5ZTJjMDkzNGQ4ZTA3OWU2ZjU1YjEiLCJ3b3JrRW1haWwiOiJlbmdtYW5hZ2VyLndvcmtAZXhhbXBsZS5jb20iLCJyb2xlcyI6WyJkZXBhcnRtZW50IGhlYWQiXSwicGVybWlzc2lvbnMiOltdLCJwcmltYXJ5RGVwYXJ0bWVudElkIjoiNjkyNzVkOGFmYzExODRhM2IzZTZjNTVmIiwiZW1wbG95ZWVOdW1iZXIiOiJFTVAtMTAyNSIsImlhdCI6MTc2NTk4MjAzNiwiZXhwIjoxNzY2MDY4NDM2fQ.wTb6hirOJhUI8GEuXGdPRWiKmEOWdQuy2aQJOmAq4iU'[39m
[2m[WebServer] [22m}
[2m[WebServer] [22m≡ƒöì JWT Extractor - Headers: accessToken=eyJhbGciOiJIUzI1NiIsInR5cCI6IkpXVCJ9.eyJzdWIiOiI2OTI5ZTJjMDkzNGQ4ZTA3OWU2ZjU1YjEiLCJ3b3JrRW1haWwiOiJlbmdtYW5hZ2VyLndvcmtAZXhhbXBsZS5jb20iLCJyb2xlcyI6WyJkZXBhcnRtZW50IGhlYWQiXSwicGVybWlzc2lvbnMiOltdLCJwcmltYXJ5RGVwYXJ0bWVudElkIjoiNjkyNzVkOGFmYzExODRhM2IzZTZjNTVmIiwiZW1wbG95ZWVOdW1iZXIiOiJFTVAtMTAyNSIsImlhdCI6MTc2NTk4MjAzNiwiZXhwIjoxNzY2MDY4NDM2fQ.wTb6hirOJhUI8GEuXGdPRWiKmEOWdQuy2aQJOmAq4iU
[2m[WebServer] [22m≡ƒöì JWT Extractor - accessToken: FOUND

[1A[2K[2m[WebServer] [22mJwtStrategy VALIDATE: {
[2m[WebServer] [22m  sub: [32m'6929e2c0934d8e079e6f55b1'[39m,
[2m[WebServer] [22m  workEmail: [32m'engmanager.work@example.com'[39m,
[2m[WebServer] [22m  roles: [ [32m'department head'[39m ],
[2m[WebServer] [22m  permissions: [],
[2m[WebServer] [22m  primaryDepartmentId: [32m'69275d8afc1184a3b3e6c55f'[39m,
[2m[WebServer] [22m  employeeNumber: [32m'EMP-1025'[39m,
[2m[WebServer] [22m  iat: [33m1765982036[39m,
[2m[WebServer] [22m  exp: [33m1766068436[39m
[2m[WebServer] [22m}

[1A[2K[2m[WebServer] [22m≡ƒöÑ JwtAuthGuard: handleRequest() {
[2m[WebServer] [22m  err: [1mnull[22m,
[2m[WebServer] [22m  user: {
[2m[WebServer] [22m    id: [32m'6929e2c0934d8e079e6f55b1'[39m,
[2m[WebServer] [22m    workEmail: [32m'engmanager.work@example.com'[39m,
[2m[WebServer] [22m    roles: [ [32m'department head'[39m ],
[2m[WebServer] [22m    permissions: [],
[2m[WebServer] [22m    primaryDepartmentId: [32m'69275d8afc1184a3b3e6c55f'[39m,
[2m[WebServer] [22m    employeeNumber: [32m'EMP-1025'[39m
[2m[WebServer] [22m  },
[2m[WebServer] [22m  info: [90mundefined[39m
[2m[WebServer] [22m}
[2m[WebServer] [22mΓ£à JwtAuthGuard SUCCESS ΓåÆ user authenticated: 6929e2c0934d8e079e6f55b1
[2m[WebServer] [22m≡ƒöÑ RolesGuard running!
[2m[WebServer] [22m
[2m[WebServer] [22m===== ROLE GUARD =====
[2m[WebServer] [22mRequired roles: [
[2m[WebServer] [22m  [32m'department employee'[39m,
[2m[WebServer] [22m  [32m'HR Employee'[39m,
[2m[WebServer] [22m  [32m'department head'[39m,
[2m[WebServer] [22m  [32m'HR Manager'[39m,
[2m[WebServer] [22m  [32m'HR Admin'[39m,
[2m[WebServer] [22m  [32m'System Admin'[39m
[2m[WebServer] [22m]

[1A[2K[2m[WebServer] [22mUser object: {
[2m[WebServer] [22m  id: [32m'6929e2c0934d8e079e6f55b1'[39m,
[2m[WebServer] [22m  workEmail: [32m'engmanager.work@example.com'[39m,
[2m[WebServer] [22m  roles: [ [32m'department head'[39m ],
[2m[WebServer] [22m  permissions: [],
[2m[WebServer] [22m  primaryDepartmentId: [32m'69275d8afc1184a3b3e6c55f'[39m,
[2m[WebServer] [22m  employeeNumber: [32m'EMP-1025'[39m
[2m[WebServer] [22m}
[2m[WebServer] [22mNormalized user roles: [ [32m'department head'[39m ]
[2m[WebServer] [22mNormalized required roles: [
[2m[WebServer] [22m  [32m'department employee'[39m,
[2m[WebServer] [22m  [32m'hr employee'[39m,
[2m[WebServer] [22m  [32m'department head'[39m,
[2m[WebServer] [22m  [32m'hr manager'[39m,
[2m[WebServer] [22m  [32m'hr admin'[39m,
[2m[WebServer] [22m  [32m'system admin'[39m
[2m[WebServer] [22m]
[2m[WebServer] [22mHas required role? [33mtrue[39m

[1A[2K[2m[WebServer] [22mΓ£ö ACCESS GRANTED Γ£ö

[1A[2K[2m[WebServer] [22m≡ƒöì [TrackingController] getMyHistory: {
[2m[WebServer] [22m  filters: [Object: null prototype] {},
[2m[WebServer] [22m  userId: [32m'6929e2c0934d8e079e6f55b1'[39m
[2m[WebServer] [22m}

[1A[2K[2m[WebServer] [22m GET /leaves/team [32m200[39m in 45ms[2m (compile: 3ms, render: 42ms)[22m

[1A[2K[2m[WebServer] [22m≡ƒöÑ JwtAuthGuard: canActivate CALLED

[1A[2K[2m[WebServer] [22m≡ƒöì JWT Extractor - All cookies: {
[2m[WebServer] [22m  accessToken: [32m'eyJhbGciOiJIUzI1NiIsInR5cCI6IkpXVCJ9.eyJzdWIiOiI2OTI5ZTJjMDkzNGQ4ZTA3OWU2ZjU1YjEiLCJ3b3JrRW1haWwiOiJlbmdtYW5hZ2VyLndvcmtAZXhhbXBsZS5jb20iLCJyb2xlcyI6WyJkZXBhcnRtZW50IGhlYWQiXSwicGVybWlzc2lvbnMiOltdLCJwcmltYXJ5RGVwYXJ0bWVudElkIjoiNjkyNzVkOGFmYzExODRhM2IzZTZjNTVmIiwiZW1wbG95ZWVOdW1iZXIiOiJFTVAtMTAyNSIsImlhdCI6MTc2NTk4MjAzNiwiZXhwIjoxNzY2MDY4NDM2fQ.wTb6hirOJhUI8GEuXGdPRWiKmEOWdQuy2aQJOmAq4iU'[39m
[2m[WebServer] [22m}
[2m[WebServer] [22m≡ƒöì JWT Extractor - Headers: accessToken=eyJhbGciOiJIUzI1NiIsInR5cCI6IkpXVCJ9.eyJzdWIiOiI2OTI5ZTJjMDkzNGQ4ZTA3OWU2ZjU1YjEiLCJ3b3JrRW1haWwiOiJlbmdtYW5hZ2VyLndvcmtAZXhhbXBsZS5jb20iLCJyb2xlcyI6WyJkZXBhcnRtZW50IGhlYWQiXSwicGVybWlzc2lvbnMiOltdLCJwcmltYXJ5RGVwYXJ0bWVudElkIjoiNjkyNzVkOGFmYzExODRhM2IzZTZjNTVmIiwiZW1wbG95ZWVOdW1iZXIiOiJFTVAtMTAyNSIsImlhdCI6MTc2NTk4MjAzNiwiZXhwIjoxNzY2MDY4NDM2fQ.wTb6hirOJhUI8GEuXGdPRWiKmEOWdQuy2aQJOmAq4iU
[2m[WebServer] [22m≡ƒöì JWT Extractor - accessToken: FOUND

[1A[2K[2m[WebServer] [22mJwtStrategy VALIDATE: {
[2m[WebServer] [22m  sub: [32m'6929e2c0934d8e079e6f55b1'[39m,
[2m[WebServer] [22m  workEmail: [32m'engmanager.work@example.com'[39m,
[2m[WebServer] [22m  roles: [ [32m'department head'[39m ],
[2m[WebServer] [22m  permissions: [],
[2m[WebServer] [22m  primaryDepartmentId: [32m'69275d8afc1184a3b3e6c55f'[39m,
[2m[WebServer] [22m  employeeNumber: [32m'EMP-1025'[39m,
[2m[WebServer] [22m  iat: [33m1765982036[39m,
[2m[WebServer] [22m  exp: [33m1766068436[39m
[2m[WebServer] [22m}

[1A[2K[2m[WebServer] [22m≡ƒöÑ JwtAuthGuard: handleRequest() {
[2m[WebServer] [22m  err: [1mnull[22m,
[2m[WebServer] [22m  user: {
[2m[WebServer] [22m    id: [32m'6929e2c0934d8e079e6f55b1'[39m,
[2m[WebServer] [22m    workEmail: [32m'engmanager.work@example.com'[39m,
[2m[WebServer] [22m    roles: [ [32m'department head'[39m ],
[2m[WebServer] [22m    permissions: [],
[2m[WebServer] [22m    primaryDepartmentId: [32m'69275d8afc1184a3b3e6c55f'[39m,
[2m[WebServer] [22m    employeeNumber: [32m'EMP-1025'[39m
[2m[WebServer] [22m  },
[2m[WebServer] [22m  info: [90mundefined[39m
[2m[WebServer] [22m}
[2m[WebServer] [22mΓ£à JwtAuthGuard SUCCESS ΓåÆ user authenticated: 6929e2c0934d8e079e6f55b1

[1A[2K[2m[WebServer] [22m≡ƒöÑ JwtAuthGuard: canActivate CALLED

[1A[2K[2m[WebServer] [22m≡ƒöì JWT Extractor - All cookies: {
[2m[WebServer] [22m  accessToken: [32m'eyJhbGciOiJIUzI1NiIsInR5cCI6IkpXVCJ9.eyJzdWIiOiI2OTI5ZTJjMDkzNGQ4ZTA3OWU2ZjU1YjEiLCJ3b3JrRW1haWwiOiJlbmdtYW5hZ2VyLndvcmtAZXhhbXBsZS5jb20iLCJyb2xlcyI6WyJkZXBhcnRtZW50IGhlYWQiXSwicGVybWlzc2lvbnMiOltdLCJwcmltYXJ5RGVwYXJ0bWVudElkIjoiNjkyNzVkOGFmYzExODRhM2IzZTZjNTVmIiwiZW1wbG95ZWVOdW1iZXIiOiJFTVAtMTAyNSIsImlhdCI6MTc2NTk4MjAzNiwiZXhwIjoxNzY2MDY4NDM2fQ.wTb6hirOJhUI8GEuXGdPRWiKmEOWdQuy2aQJOmAq4iU'[39m
[2m[WebServer] [22m}
[2m[WebServer] [22m≡ƒöì JWT Extractor - Headers: accessToken=eyJhbGciOiJIUzI1NiIsInR5cCI6IkpXVCJ9.eyJzdWIiOiI2OTI5ZTJjMDkzNGQ4ZTA3OWU2ZjU1YjEiLCJ3b3JrRW1haWwiOiJlbmdtYW5hZ2VyLndvcmtAZXhhbXBsZS5jb20iLCJyb2xlcyI6WyJkZXBhcnRtZW50IGhlYWQiXSwicGVybWlzc2lvbnMiOltdLCJwcmltYXJ5RGVwYXJ0bWVudElkIjoiNjkyNzVkOGFmYzExODRhM2IzZTZjNTVmIiwiZW1wbG95ZWVOdW1iZXIiOiJFTVAtMTAyNSIsImlhdCI6MTc2NTk4MjAzNiwiZXhwIjoxNzY2MDY4NDM2fQ.wTb6hirOJhUI8GEuXGdPRWiKmEOWdQuy2aQJOmAq4iU

[1A[2K[2m[WebServer] [22m≡ƒöì JWT Extractor - accessToken: FOUND

[1A[2K[2m[WebServer] [22mJwtStrategy VALIDATE: {
[2m[WebServer] [22m  sub: [32m'6929e2c0934d8e079e6f55b1'[39m,
[2m[WebServer] [22m  workEmail: [32m'engmanager.work@example.com'[39m,
[2m[WebServer] [22m  roles: [ [32m'department head'[39m ],
[2m[WebServer] [22m  permissions: [],
[2m[WebServer] [22m  primaryDepartmentId: [32m'69275d8afc1184a3b3e6c55f'[39m,
[2m[WebServer] [22m  employeeNumber: [32m'EMP-1025'[39m,
[2m[WebServer] [22m  iat: [33m1765982036[39m,
[2m[WebServer] [22m  exp: [33m1766068436[39m
[2m[WebServer] [22m}

[1A[2K[2m[WebServer] [22m≡ƒöÑ JwtAuthGuard: handleRequest() {
[2m[WebServer] [22m  err: [1mnull[22m,
[2m[WebServer] [22m  user: {
[2m[WebServer] [22m    id: [32m'6929e2c0934d8e079e6f55b1'[39m,
[2m[WebServer] [22m    workEmail: [32m'engmanager.work@example.com'[39m,
[2m[WebServer] [22m    roles: [ [32m'department head'[39m ],
[2m[WebServer] [22m    permissions: [],
[2m[WebServer] [22m    primaryDepartmentId: [32m'69275d8afc1184a3b3e6c55f'[39m,
[2m[WebServer] [22m    employeeNumber: [32m'EMP-1025'[39m
[2m[WebServer] [22m  },
[2m[WebServer] [22m  info: [90mundefined[39m
[2m[WebServer] [22m}
[2m[WebServer] [22mΓ£à JwtAuthGuard SUCCESS ΓåÆ user authenticated: 6929e2c0934d8e079e6f55b1
[2m[WebServer] [22m≡ƒöÑ RolesGuard running!
[2m[WebServer] [22m
[2m[WebServer] [22m===== ROLE GUARD =====
[2m[WebServer] [22mRequired roles: [ [32m'department head'[39m, [32m'HR Manager'[39m ]
[2m[WebServer] [22mUser object: {
[2m[WebServer] [22m  id: [32m'6929e2c0934d8e079e6f55b1'[39m,
[2m[WebServer] [22m  workEmail: [32m'engmanager.work@example.com'[39m,
[2m[WebServer] [22m  roles: [ [32m'department head'[39m ],
[2m[WebServer] [22m  permissions: [],
[2m[WebServer] [22m  primaryDepartmentId: [32m'69275d8afc1184a3b3e6c55f'[39m,
[2m[WebServer] [22m  employeeNumber: [32m'EMP-1025'[39m
[2m[WebServer] [22m}

[1A[2K[2m[WebServer] [22mNormalized user roles: [ [32m'department head'[39m ]
[2m[WebServer] [22mNormalized required roles: [ [32m'department head'[39m, [32m'hr manager'[39m ]
[2m[WebServer] [22mHas required role? [33mtrue[39m
[2m[WebServer] [22mΓ£ö ACCESS GRANTED Γ£ö

[1A[2K[2m[WebServer] [22m≡ƒöì [RequestsController] getTeamRequests: { managerId: [90mundefined[39m }

[1A[2K[2m[WebServer] [22m≡ƒöÑ JwtAuthGuard: canActivate CALLED

[1A[2K[2m[WebServer] [22m≡ƒöì JWT Extractor - All cookies: {
[2m[WebServer] [22m  accessToken: [32m'eyJhbGciOiJIUzI1NiIsInR5cCI6IkpXVCJ9.eyJzdWIiOiI2OTI5ZTJjMDkzNGQ4ZTA3OWU2ZjU1YjEiLCJ3b3JrRW1haWwiOiJlbmdtYW5hZ2VyLndvcmtAZXhhbXBsZS5jb20iLCJyb2xlcyI6WyJkZXBhcnRtZW50IGhlYWQiXSwicGVybWlzc2lvbnMiOltdLCJwcmltYXJ5RGVwYXJ0bWVudElkIjoiNjkyNzVkOGFmYzExODRhM2IzZTZjNTVmIiwiZW1wbG95ZWVOdW1iZXIiOiJFTVAtMTAyNSIsImlhdCI6MTc2NTk4MjAzNiwiZXhwIjoxNzY2MDY4NDM2fQ.wTb6hirOJhUI8GEuXGdPRWiKmEOWdQuy2aQJOmAq4iU'[39m
[2m[WebServer] [22m}

[1A[2K[2m[WebServer] [22m≡ƒöì JWT Extractor - Headers: accessToken=eyJhbGciOiJIUzI1NiIsInR5cCI6IkpXVCJ9.eyJzdWIiOiI2OTI5ZTJjMDkzNGQ4ZTA3OWU2ZjU1YjEiLCJ3b3JrRW1haWwiOiJlbmdtYW5hZ2VyLndvcmtAZXhhbXBsZS5jb20iLCJyb2xlcyI6WyJkZXBhcnRtZW50IGhlYWQiXSwicGVybWlzc2lvbnMiOltdLCJwcmltYXJ5RGVwYXJ0bWVudElkIjoiNjkyNzVkOGFmYzExODRhM2IzZTZjNTVmIiwiZW1wbG95ZWVOdW1iZXIiOiJFTVAtMTAyNSIsImlhdCI6MTc2NTk4MjAzNiwiZXhwIjoxNzY2MDY4NDM2fQ.wTb6hirOJhUI8GEuXGdPRWiKmEOWdQuy2aQJOmAq4iU
[2m[WebServer] [22m≡ƒöì JWT Extractor - accessToken: FOUND

[1A[2K[2m[WebServer] [22mJwtStrategy VALIDATE: {
[2m[WebServer] [22m  sub: [32m'6929e2c0934d8e079e6f55b1'[39m,
[2m[WebServer] [22m  workEmail: [32m'engmanager.work@example.com'[39m,
[2m[WebServer] [22m  roles: [ [32m'department head'[39m ],
[2m[WebServer] [22m  permissions: [],
[2m[WebServer] [22m  primaryDepartmentId: [32m'69275d8afc1184a3b3e6c55f'[39m,
[2m[WebServer] [22m  employeeNumber: [32m'EMP-1025'[39m,
[2m[WebServer] [22m  iat: [33m1765982036[39m,
[2m[WebServer] [22m  exp: [33m1766068436[39m
[2m[WebServer] [22m}

[1A[2K[2m[WebServer] [22m≡ƒöÑ JwtAuthGuard: handleRequest() {
[2m[WebServer] [22m  err: [1mnull[22m,
[2m[WebServer] [22m  user: {
[2m[WebServer] [22m    id: [32m'6929e2c0934d8e079e6f55b1'[39m,
[2m[WebServer] [22m    workEmail: [32m'engmanager.work@example.com'[39m,
[2m[WebServer] [22m    roles: [ [32m'department head'[39m ],
[2m[WebServer] [22m    permissions: [],
[2m[WebServer] [22m    primaryDepartmentId: [32m'69275d8afc1184a3b3e6c55f'[39m,
[2m[WebServer] [22m    employeeNumber: [32m'EMP-1025'[39m
[2m[WebServer] [22m  },
[2m[WebServer] [22m  info: [90mundefined[39m
[2m[WebServer] [22m}
[2m[WebServer] [22mΓ£à JwtAuthGuard SUCCESS ΓåÆ user authenticated: 6929e2c0934d8e079e6f55b1
[2m[WebServer] [22m≡ƒöÑ RolesGuard running!
[2m[WebServer] [22m
[2m[WebServer] [22m===== ROLE GUARD =====
[2m[WebServer] [22mRequired roles: [ [32m'department head'[39m, [32m'HR Manager'[39m ]
[2m[WebServer] [22mUser object: {
[2m[WebServer] [22m  id: [32m'6929e2c0934d8e079e6f55b1'[39m,
[2m[WebServer] [22m  workEmail: [32m'engmanager.work@example.com'[39m,
[2m[WebServer] [22m  roles: [ [32m'department head'[39m ],
[2m[WebServer] [22m  permissions: [],
[2m[WebServer] [22m  primaryDepartmentId: [32m'69275d8afc1184a3b3e6c55f'[39m,
[2m[WebServer] [22m  employeeNumber: [32m'EMP-1025'[39m
[2m[WebServer] [22m}

[1A[2K[2m[WebServer] [22mNormalized user roles: [ [32m'department head'[39m ]
[2m[WebServer] [22mNormalized required roles: [ [32m'department head'[39m, [32m'hr manager'[39m ]
[2m[WebServer] [22mHas required role? [33mtrue[39m
[2m[WebServer] [22mΓ£ö ACCESS GRANTED Γ£ö
[2m[WebServer] [22m≡ƒöì [TrackingController] getTeamBalances: {
[2m[WebServer] [22m  filters: [Object: null prototype] {},
[2m[WebServer] [22m  managerId: [32m'6929e2c0934d8e079e6f55b1'[39m
[2m[WebServer] [22m}

[1A[2KΓ£à Department boundary enforced - cannot see Finance requests

[1A[2K[2m[WebServer] [22mDepartment ID from logged in user: 69275d8afc1184a3b3e6c55f

[1A[2K[29/35] [chromium] ΓÇ║ leave-tests.spec.ts:1009:7 ΓÇ║ ≡ƒæö HR MANAGER (EMP-1019) - All HR Scenarios ΓÇ║ Γ£à W1-W7: HR dashboard shows system-wide stats
[1A[2K[chromium] ΓÇ║ leave-tests.spec.ts:1009:7 ΓÇ║ ≡ƒæö HR MANAGER (EMP-1019) - All HR Scenarios ΓÇ║ Γ£à W1-W7: HR dashboard shows system-wide stats
≡ƒöÉ Logging in as: hr.hr.hr@example.com

[1A[2K[2m[WebServer] [22m GET /login [32m200[39m in 35ms[2m (compile: 2ms, render: 33ms)[22m

[1A[2K[2m[WebServer] [22m≡ƒöÑ JwtAuthGuard: canActivate CALLED

[1A[2K[2m[WebServer] [22m≡ƒöì JWT Extractor - All cookies: [Object: null prototype] {}
[2m[WebServer] [22m≡ƒöì JWT Extractor - Headers: [90mundefined[39m

[1A[2K[2m[WebServer] [22m≡ƒöì JWT Extractor - accessToken: NOT FOUND

[1A[2K[2m[WebServer] [22m≡ƒöÑ JwtAuthGuard: handleRequest() {
[2m[WebServer] [22m  err: [1mnull[22m,
[2m[WebServer] [22m  user: [33mfalse[39m,
[2m[WebServer] [22m  info: Error: No auth token
[2m[WebServer] [22m      at JwtStrategy.authenticate [90m(C:\Users\Bedon\Desktop\semester-5-software-project\backend\[39mnode_modules\[4mpassport-jwt[24m\lib\strategy.js:96:26[90m)[39m
[2m[WebServer] [22m      at attempt [90m(C:\Users\Bedon\Desktop\semester-5-software-project\backend\[39mnode_modules\[4mpassport[24m\lib\middleware\authenticate.js:378:16[90m)[39m
[2m[WebServer] [22m      at authenticate [90m(C:\Users\Bedon\Desktop\semester-5-software-project\backend\[39mnode_modules\[4mpassport[24m\lib\middleware\authenticate.js:379:7[90m)[39m
[2m[WebServer] [22m      at [90mC:\Users\Bedon\Desktop\semester-5-software-project\backend\[39mnode_modules\[4m@nestjs[24m\passport\dist\auth.guard.js:88:3
[2m[WebServer] [22m      at new Promise (<anonymous>)
[2m[WebServer] [22m      at [90mC:\Users\Bedon\Desktop\semester-5-software-project\backend\[39mnode_modules\[4m@nestjs[24m\passport\dist\auth.guard.js:80:83
[2m[WebServer] [22m      at JwtAuthGuard.canActivate [90m(C:\Users\Bedon\Desktop\semester-5-software-project\backend\[39mnode_modules\[4m@nestjs[24m\passport\dist\auth.guard.js:44:32[90m)[39m
[2m[WebServer] [22m  [90m    at process.processTicksAndRejections (node:internal/process/task_queues:105:5)[39m
[2m[WebServer] [22m}

[1A[2K[2m[WebServer] [22mΓ¥î JwtAuthGuard INFO: Error: No auth token

[2m[WebServer] [22m    at JwtStrategy.authenticate 
[90m(C:\Users\Bedon\Desktop\semester-5-software-project\backend\[39mnode_modules\[4mpassport-jwt[24m\lib\strategy.js:96:26[90m)[39m
[2m[WebServer] [22m    at attempt 
[90m(C:\Users\Bedon\Desktop\semester-5-software-project\backend\[39mnode_modules\[4mpassport[24m\lib\middleware\authenticate.js:378:16[90m)[39m
[2m[WebServer] [22m    at authenticate 
[90m(C:\Users\Bedon\Desktop\semester-5-software-project\backend\[39mnode_modules\[4mpassport[24m\lib\middleware\authenticate.js:379:7[90m)[39m
[2m[WebServer] [22m    at [90mC:\Users\Bedon\Desktop\semester-5-software-project\backend\[39mnode_modules\[4m@nestjs[24m\passport\dist\auth.guard.js:88:3
[2m[WebServer] [22m    at new Promise (<anonymous>)
[2m[WebServer] [22m    at 
[90mC:\Users\Bedon\Desktop\semester-5-software-project\backend\[39mnode_modules\[4m@nestjs[24m\passport\dist\auth.guard.js:80:83
[2m[WebServer] [22m    at JwtAuthGuard.canActivate 
[90m(C:\Users\Bedon\Desktop\semester-5-software-project\backend\[39mnode_modules\[4m@nestjs[24m\passport\dist\auth.guard.js:44:32[90m)[39m
[2m[WebServer] [22m[90m    at process.processTicksAndRejections (node:internal/process/task_queues:105:5)[39m
[1A[2K[2m[WebServer] [22mΓ¥î JwtAuthGuard FAILING ΓåÆ No auth token

[1A[2K[2m[WebServer] [22mVALIDATE EMPLOYEE - systemRole = {
[2m[WebServer] [22m  _id: new ObjectId([32m'6928cf79fe9ff406e6610fed'[39m),
[2m[WebServer] [22m  employeeProfileId: new ObjectId([32m'6928cf79fe9ff406e6610feb'[39m),
[2m[WebServer] [22m  roles: [ [32m'HR Manager'[39m ],
[2m[WebServer] [22m  permissions: [],
[2m[WebServer] [22m  isActive: [33mtrue[39m,
[2m[WebServer] [22m  createdAt: [35m2025-11-27T22:23:53.913Z[39m,
[2m[WebServer] [22m  updatedAt: [35m2025-11-27T22:23:53.913Z[39m,
[2m[WebServer] [22m  __v: [33m0[39m
[2m[WebServer] [22m}

[1A[2K[2m[WebServer] [22mGenerated token: eyJhbGciOiJIUzI1NiIsInR5cCI6IkpXVCJ9.eyJzdWIiOiI2OTI4Y2Y3OWZlOWZmNDA2ZTY2MTBmZWIiLCJ3b3JrRW1haWwiOiJoci5oci5ockBleGFtcGxlLmNvbSIsInJvbGVzIjpbIkhSIE1hbmFnZXIiXSwicGVybWlzc2lvbnMiOltdLCJwcmltYXJ5RGVwYXJ0bWVudElkIjoiNjc1MWZlNTFkM2EzOGE5NTBiYTQwYzExIiwiZW1wbG95ZWVOdW1iZXIiOiJFTVAtMTAxOSIsImlhdCI6MTc2NTk4MjAzNywiZXhwIjoxNzY2MDY4NDM3fQ._sXL58u8Bp7BEIa-VI-VTQKF71k5LreXC69Dw0lXHHI

[1A[2K[2m[WebServer] [22m GET /leaves [32m200[39m in 15ms[2m (compile: 2ms, render: 12ms)[22m

[1A[2KΓ£à Login successful

[1A[2K≡ƒôè Testing HR Dashboard

[1A[2K[2m[WebServer] [22m≡ƒöÑ JwtAuthGuard: canActivate CALLED

[1A[2K[2m[WebServer] [22m≡ƒöì JWT Extractor - All cookies: {
[2m[WebServer] [22m  accessToken: [32m'eyJhbGciOiJIUzI1NiIsInR5cCI6IkpXVCJ9.eyJzdWIiOiI2OTI4Y2Y3OWZlOWZmNDA2ZTY2MTBmZWIiLCJ3b3JrRW1haWwiOiJoci5oci5ockBleGFtcGxlLmNvbSIsInJvbGVzIjpbIkhSIE1hbmFnZXIiXSwicGVybWlzc2lvbnMiOltdLCJwcmltYXJ5RGVwYXJ0bWVudElkIjoiNjc1MWZlNTFkM2EzOGE5NTBiYTQwYzExIiwiZW1wbG95ZWVOdW1iZXIiOiJFTVAtMTAxOSIsImlhdCI6MTc2NTk4MjAzNywiZXhwIjoxNzY2MDY4NDM3fQ._sXL58u8Bp7BEIa-VI-VTQKF71k5LreXC69Dw0lXHHI'[39m
[2m[WebServer] [22m}

[1A[2K[2m[WebServer] [22m≡ƒöì JWT Extractor - Headers: accessToken=eyJhbGciOiJIUzI1NiIsInR5cCI6IkpXVCJ9.eyJzdWIiOiI2OTI4Y2Y3OWZlOWZmNDA2ZTY2MTBmZWIiLCJ3b3JrRW1haWwiOiJoci5oci5ockBleGFtcGxlLmNvbSIsInJvbGVzIjpbIkhSIE1hbmFnZXIiXSwicGVybWlzc2lvbnMiOltdLCJwcmltYXJ5RGVwYXJ0bWVudElkIjoiNjc1MWZlNTFkM2EzOGE5NTBiYTQwYzExIiwiZW1wbG95ZWVOdW1iZXIiOiJFTVAtMTAxOSIsImlhdCI6MTc2NTk4MjAzNywiZXhwIjoxNzY2MDY4NDM3fQ._sXL58u8Bp7BEIa-VI-VTQKF71k5LreXC69Dw0lXHHI
[2m[WebServer] [22m≡ƒöì JWT Extractor - accessToken: FOUND

[1A[2K[2m[WebServer] [22mJwtStrategy VALIDATE: {
[2m[WebServer] [22m  sub: [32m'6928cf79fe9ff406e6610feb'[39m,
[2m[WebServer] [22m  workEmail: [32m'hr.hr.hr@example.com'[39m,
[2m[WebServer] [22m  roles: [ [32m'HR Manager'[39m ],
[2m[WebServer] [22m  permissions: [],
[2m[WebServer] [22m  primaryDepartmentId: [32m'6751fe51d3a38a950ba40c11'[39m,
[2m[WebServer] [22m  employeeNumber: [32m'EMP-1019'[39m,
[2m[WebServer] [22m  iat: [33m1765982037[39m,
[2m[WebServer] [22m  exp: [33m1766068437[39m
[2m[WebServer] [22m}

[1A[2K[2m[WebServer] [22m≡ƒöÑ JwtAuthGuard: handleRequest() {
[2m[WebServer] [22m  err: [1mnull[22m,
[2m[WebServer] [22m  user: {
[2m[WebServer] [22m    id: [32m'6928cf79fe9ff406e6610feb'[39m,
[2m[WebServer] [22m    workEmail: [32m'hr.hr.hr@example.com'[39m,
[2m[WebServer] [22m    roles: [ [32m'HR Manager'[39m ],
[2m[WebServer] [22m    permissions: [],
[2m[WebServer] [22m    primaryDepartmentId: [32m'6751fe51d3a38a950ba40c11'[39m,
[2m[WebServer] [22m    employeeNumber: [32m'EMP-1019'[39m
[2m[WebServer] [22m  },
[2m[WebServer] [22m  info: [90mundefined[39m
[2m[WebServer] [22m}
[2m[WebServer] [22mΓ£à JwtAuthGuard SUCCESS ΓåÆ user authenticated: 6928cf79fe9ff406e6610feb
[2m[WebServer] [22m≡ƒöÑ RolesGuard running!
[2m[WebServer] [22m
[2m[WebServer] [22m===== ROLE GUARD =====
[2m[WebServer] [22mRequired roles: [
[2m[WebServer] [22m  [32m'department employee'[39m,
[2m[WebServer] [22m  [32m'HR Employee'[39m,
[2m[WebServer] [22m  [32m'department head'[39m,
[2m[WebServer] [22m  [32m'HR Manager'[39m,
[2m[WebServer] [22m  [32m'HR Admin'[39m,
[2m[WebServer] [22m  [32m'System Admin'[39m
[2m[WebServer] [22m]

[1A[2K[2m[WebServer] [22mUser object: {
[2m[WebServer] [22m  id: [32m'6928cf79fe9ff406e6610feb'[39m,
[2m[WebServer] [22m  workEmail: [32m'hr.hr.hr@example.com'[39m,
[2m[WebServer] [22m  roles: [ [32m'HR Manager'[39m ],
[2m[WebServer] [22m  permissions: [],
[2m[WebServer] [22m  primaryDepartmentId: [32m'6751fe51d3a38a950ba40c11'[39m,
[2m[WebServer] [22m  employeeNumber: [32m'EMP-1019'[39m
[2m[WebServer] [22m}
[2m[WebServer] [22mNormalized user roles: [ [32m'hr manager'[39m ]
[2m[WebServer] [22mNormalized required roles: [
[2m[WebServer] [22m  [32m'department employee'[39m,
[2m[WebServer] [22m  [32m'hr employee'[39m,
[2m[WebServer] [22m  [32m'department head'[39m,
[2m[WebServer] [22m  [32m'hr manager'[39m,
[2m[WebServer] [22m  [32m'hr admin'[39m,
[2m[WebServer] [22m  [32m'system admin'[39m
[2m[WebServer] [22m]
[2m[WebServer] [22mHas required role? [33mtrue[39m
[2m[WebServer] [22mΓ£ö ACCESS GRANTED Γ£ö

[1A[2K[2m[WebServer] [22m≡ƒöì [TrackingController] getMyBalances: {
[2m[WebServer] [22m  query: [Object: null prototype] {},
[2m[WebServer] [22m  userId: [32m'6928cf79fe9ff406e6610feb'[39m
[2m[WebServer] [22m}

[1A[2K[2m[WebServer] [22m≡ƒöÑ JwtAuthGuard: canActivate CALLED

[1A[2K[2m[WebServer] [22m≡ƒöì JWT Extractor - All cookies: {
[2m[WebServer] [22m  accessToken: [32m'eyJhbGciOiJIUzI1NiIsInR5cCI6IkpXVCJ9.eyJzdWIiOiI2OTI4Y2Y3OWZlOWZmNDA2ZTY2MTBmZWIiLCJ3b3JrRW1haWwiOiJoci5oci5ockBleGFtcGxlLmNvbSIsInJvbGVzIjpbIkhSIE1hbmFnZXIiXSwicGVybWlzc2lvbnMiOltdLCJwcmltYXJ5RGVwYXJ0bWVudElkIjoiNjc1MWZlNTFkM2EzOGE5NTBiYTQwYzExIiwiZW1wbG95ZWVOdW1iZXIiOiJFTVAtMTAxOSIsImlhdCI6MTc2NTk4MjAzNywiZXhwIjoxNzY2MDY4NDM3fQ._sXL58u8Bp7BEIa-VI-VTQKF71k5LreXC69Dw0lXHHI'[39m
[2m[WebServer] [22m}

[1A[2K[2m[WebServer] [22m≡ƒöì JWT Extractor - Headers: accessToken=eyJhbGciOiJIUzI1NiIsInR5cCI6IkpXVCJ9.eyJzdWIiOiI2OTI4Y2Y3OWZlOWZmNDA2ZTY2MTBmZWIiLCJ3b3JrRW1haWwiOiJoci5oci5ockBleGFtcGxlLmNvbSIsInJvbGVzIjpbIkhSIE1hbmFnZXIiXSwicGVybWlzc2lvbnMiOltdLCJwcmltYXJ5RGVwYXJ0bWVudElkIjoiNjc1MWZlNTFkM2EzOGE5NTBiYTQwYzExIiwiZW1wbG95ZWVOdW1iZXIiOiJFTVAtMTAxOSIsImlhdCI6MTc2NTk4MjAzNywiZXhwIjoxNzY2MDY4NDM3fQ._sXL58u8Bp7BEIa-VI-VTQKF71k5LreXC69Dw0lXHHI
[2m[WebServer] [22m≡ƒöì JWT Extractor - accessToken: FOUND

[1A[2K[2m[WebServer] [22mJwtStrategy VALIDATE: {
[2m[WebServer] [22m  sub: [32m'6928cf79fe9ff406e6610feb'[39m,
[2m[WebServer] [22m  workEmail: [32m'hr.hr.hr@example.com'[39m,
[2m[WebServer] [22m  roles: [ [32m'HR Manager'[39m ],
[2m[WebServer] [22m  permissions: [],
[2m[WebServer] [22m  primaryDepartmentId: [32m'6751fe51d3a38a950ba40c11'[39m,
[2m[WebServer] [22m  employeeNumber: [32m'EMP-1019'[39m,
[2m[WebServer] [22m  iat: [33m1765982037[39m,
[2m[WebServer] [22m  exp: [33m1766068437[39m
[2m[WebServer] [22m}

[1A[2K[2m[WebServer] [22m≡ƒöÑ JwtAuthGuard: handleRequest() {
[2m[WebServer] [22m  err: [1mnull[22m,
[2m[WebServer] [22m  user: {
[2m[WebServer] [22m    id: [32m'6928cf79fe9ff406e6610feb'[39m,
[2m[WebServer] [22m    workEmail: [32m'hr.hr.hr@example.com'[39m,
[2m[WebServer] [22m    roles: [ [32m'HR Manager'[39m ],
[2m[WebServer] [22m    permissions: [],
[2m[WebServer] [22m    primaryDepartmentId: [32m'6751fe51d3a38a950ba40c11'[39m,
[2m[WebServer] [22m    employeeNumber: [32m'EMP-1019'[39m
[2m[WebServer] [22m  },
[2m[WebServer] [22m  info: [90mundefined[39m
[2m[WebServer] [22m}
[2m[WebServer] [22mΓ£à JwtAuthGuard SUCCESS ΓåÆ user authenticated: 6928cf79fe9ff406e6610feb

[1A[2K[2m[WebServer] [22m≡ƒöÑ RolesGuard running!
[2m[WebServer] [22m
[2m[WebServer] [22m===== ROLE GUARD =====
[2m[WebServer] [22mRequired roles: [
[2m[WebServer] [22m  [32m'department employee'[39m,
[2m[WebServer] [22m  [32m'HR Employee'[39m,
[2m[WebServer] [22m  [32m'department head'[39m,
[2m[WebServer] [22m  [32m'HR Manager'[39m,
[2m[WebServer] [22m  [32m'HR Admin'[39m,
[2m[WebServer] [22m  [32m'System Admin'[39m
[2m[WebServer] [22m]

[1A[2K[2m[WebServer] [22mUser object: {
[2m[WebServer] [22m  id: [32m'6928cf79fe9ff406e6610feb'[39m,
[2m[WebServer] [22m  workEmail: [32m'hr.hr.hr@example.com'[39m,
[2m[WebServer] [22m  roles: [ [32m'HR Manager'[39m ],
[2m[WebServer] [22m  permissions: [],
[2m[WebServer] [22m  primaryDepartmentId: [32m'6751fe51d3a38a950ba40c11'[39m,
[2m[WebServer] [22m  employeeNumber: [32m'EMP-1019'[39m
[2m[WebServer] [22m}

[1A[2K[2m[WebServer] [22mNormalized user roles: [ [32m'hr manager'[39m ]
[2m[WebServer] [22mNormalized required roles: [
[2m[WebServer] [22m  [32m'department employee'[39m,
[2m[WebServer] [22m  [32m'hr employee'[39m,
[2m[WebServer] [22m  [32m'department head'[39m,
[2m[WebServer] [22m  [32m'hr manager'[39m,
[2m[WebServer] [22m  [32m'hr admin'[39m,
[2m[WebServer] [22m  [32m'system admin'[39m
[2m[WebServer] [22m]

[1A[2K[2m[WebServer] [22mHas required role? [33mtrue[39m
[2m[WebServer] [22mΓ£ö ACCESS GRANTED Γ£ö

[1A[2K[2m[WebServer] [22m≡ƒöì [TrackingController] getMyHistory: {
[2m[WebServer] [22m  filters: [Object: null prototype] {},
[2m[WebServer] [22m  userId: [32m'6928cf79fe9ff406e6610feb'[39m
[2m[WebServer] [22m}

[1A[2K[2m[WebServer] [22m GET /leaves/hr/dashboard [33m404[39m in 351ms[2m (compile: 289ms, render: 63ms)[22m

[1A[2K[2m[WebServer] [22m≡ƒöÑ JwtAuthGuard: canActivate CALLED

[1A[2K[2m[WebServer] [22m≡ƒöì JWT Extractor - All cookies: {
[2m[WebServer] [22m  accessToken: [32m'eyJhbGciOiJIUzI1NiIsInR5cCI6IkpXVCJ9.eyJzdWIiOiI2OTI4Y2Y3OWZlOWZmNDA2ZTY2MTBmZWIiLCJ3b3JrRW1haWwiOiJoci5oci5ockBleGFtcGxlLmNvbSIsInJvbGVzIjpbIkhSIE1hbmFnZXIiXSwicGVybWlzc2lvbnMiOltdLCJwcmltYXJ5RGVwYXJ0bWVudElkIjoiNjc1MWZlNTFkM2EzOGE5NTBiYTQwYzExIiwiZW1wbG95ZWVOdW1iZXIiOiJFTVAtMTAxOSIsImlhdCI6MTc2NTk4MjAzNywiZXhwIjoxNzY2MDY4NDM3fQ._sXL58u8Bp7BEIa-VI-VTQKF71k5LreXC69Dw0lXHHI'[39m
[2m[WebServer] [22m}
[2m[WebServer] [22m≡ƒöì JWT Extractor - Headers: accessToken=eyJhbGciOiJIUzI1NiIsInR5cCI6IkpXVCJ9.eyJzdWIiOiI2OTI4Y2Y3OWZlOWZmNDA2ZTY2MTBmZWIiLCJ3b3JrRW1haWwiOiJoci5oci5ockBleGFtcGxlLmNvbSIsInJvbGVzIjpbIkhSIE1hbmFnZXIiXSwicGVybWlzc2lvbnMiOltdLCJwcmltYXJ5RGVwYXJ0bWVudElkIjoiNjc1MWZlNTFkM2EzOGE5NTBiYTQwYzExIiwiZW1wbG95ZWVOdW1iZXIiOiJFTVAtMTAxOSIsImlhdCI6MTc2NTk4MjAzNywiZXhwIjoxNzY2MDY4NDM3fQ._sXL58u8Bp7BEIa-VI-VTQKF71k5LreXC69Dw0lXHHI

[1A[2K[2m[WebServer] [22m≡ƒöì JWT Extractor - accessToken: FOUND

[1A[2K[2m[WebServer] [22mJwtStrategy VALIDATE: {
[2m[WebServer] [22m  sub: [32m'6928cf79fe9ff406e6610feb'[39m,
[2m[WebServer] [22m  workEmail: [32m'hr.hr.hr@example.com'[39m,
[2m[WebServer] [22m  roles: [ [32m'HR Manager'[39m ],
[2m[WebServer] [22m  permissions: [],
[2m[WebServer] [22m  primaryDepartmentId: [32m'6751fe51d3a38a950ba40c11'[39m,
[2m[WebServer] [22m  employeeNumber: [32m'EMP-1019'[39m,
[2m[WebServer] [22m  iat: [33m1765982037[39m,
[2m[WebServer] [22m  exp: [33m1766068437[39m
[2m[WebServer] [22m}

[1A[2K[2m[WebServer] [22m≡ƒöÑ JwtAuthGuard: handleRequest() {
[2m[WebServer] [22m  err: [1mnull[22m,
[2m[WebServer] [22m  user: {
[2m[WebServer] [22m    id: [32m'6928cf79fe9ff406e6610feb'[39m,
[2m[WebServer] [22m    workEmail: [32m'hr.hr.hr@example.com'[39m,
[2m[WebServer] [22m    roles: [ [32m'HR Manager'[39m ],
[2m[WebServer] [22m    permissions: [],
[2m[WebServer] [22m    primaryDepartmentId: [32m'6751fe51d3a38a950ba40c11'[39m,
[2m[WebServer] [22m    employeeNumber: [32m'EMP-1019'[39m
[2m[WebServer] [22m  },
[2m[WebServer] [22m  info: [90mundefined[39m
[2m[WebServer] [22m}
[2m[WebServer] [22mΓ£à JwtAuthGuard SUCCESS ΓåÆ user authenticated: 6928cf79fe9ff406e6610feb

[1A[2KΓÜá∩╕Å Fallback to /leaves

[1A[2K[2m[WebServer] [22m GET /leaves [32m200[39m in 64ms[2m (compile: 3ms, render: 60ms)[22m

[1A[2K[2m[WebServer] [22m≡ƒöÑ JwtAuthGuard: canActivate CALLED

[1A[2K[2m[WebServer] [22m≡ƒöì JWT Extractor - All cookies: {
[2m[WebServer] [22m  accessToken: [32m'eyJhbGciOiJIUzI1NiIsInR5cCI6IkpXVCJ9.eyJzdWIiOiI2OTI4Y2Y3OWZlOWZmNDA2ZTY2MTBmZWIiLCJ3b3JrRW1haWwiOiJoci5oci5ockBleGFtcGxlLmNvbSIsInJvbGVzIjpbIkhSIE1hbmFnZXIiXSwicGVybWlzc2lvbnMiOltdLCJwcmltYXJ5RGVwYXJ0bWVudElkIjoiNjc1MWZlNTFkM2EzOGE5NTBiYTQwYzExIiwiZW1wbG95ZWVOdW1iZXIiOiJFTVAtMTAxOSIsImlhdCI6MTc2NTk4MjAzNywiZXhwIjoxNzY2MDY4NDM3fQ._sXL58u8Bp7BEIa-VI-VTQKF71k5LreXC69Dw0lXHHI'[39m
[2m[WebServer] [22m}
[2m[WebServer] [22m≡ƒöì JWT Extractor - Headers: accessToken=eyJhbGciOiJIUzI1NiIsInR5cCI6IkpXVCJ9.eyJzdWIiOiI2OTI4Y2Y3OWZlOWZmNDA2ZTY2MTBmZWIiLCJ3b3JrRW1haWwiOiJoci5oci5ockBleGFtcGxlLmNvbSIsInJvbGVzIjpbIkhSIE1hbmFnZXIiXSwicGVybWlzc2lvbnMiOltdLCJwcmltYXJ5RGVwYXJ0bWVudElkIjoiNjc1MWZlNTFkM2EzOGE5NTBiYTQwYzExIiwiZW1wbG95ZWVOdW1iZXIiOiJFTVAtMTAxOSIsImlhdCI6MTc2NTk4MjAzNywiZXhwIjoxNzY2MDY4NDM3fQ._sXL58u8Bp7BEIa-VI-VTQKF71k5LreXC69Dw0lXHHI

[1A[2K[2m[WebServer] [22m≡ƒöì JWT Extractor - accessToken: FOUND

[1A[2K[2m[WebServer] [22mJwtStrategy VALIDATE: {
[2m[WebServer] [22m  sub: [32m'6928cf79fe9ff406e6610feb'[39m,
[2m[WebServer] [22m  workEmail: [32m'hr.hr.hr@example.com'[39m,
[2m[WebServer] [22m  roles: [ [32m'HR Manager'[39m ],
[2m[WebServer] [22m  permissions: [],
[2m[WebServer] [22m  primaryDepartmentId: [32m'6751fe51d3a38a950ba40c11'[39m,
[2m[WebServer] [22m  employeeNumber: [32m'EMP-1019'[39m,
[2m[WebServer] [22m  iat: [33m1765982037[39m,
[2m[WebServer] [22m  exp: [33m1766068437[39m
[2m[WebServer] [22m}

[1A[2K[2m[WebServer] [22m≡ƒöÑ JwtAuthGuard: handleRequest() {
[2m[WebServer] [22m  err: [1mnull[22m,
[2m[WebServer] [22m  user: {
[2m[WebServer] [22m    id: [32m'6928cf79fe9ff406e6610feb'[39m,
[2m[WebServer] [22m    workEmail: [32m'hr.hr.hr@example.com'[39m,
[2m[WebServer] [22m    roles: [ [32m'HR Manager'[39m ],
[2m[WebServer] [22m    permissions: [],
[2m[WebServer] [22m    primaryDepartmentId: [32m'6751fe51d3a38a950ba40c11'[39m,
[2m[WebServer] [22m    employeeNumber: [32m'EMP-1019'[39m
[2m[WebServer] [22m  },
[2m[WebServer] [22m  info: [90mundefined[39m
[2m[WebServer] [22m}

[1A[2K[2m[WebServer] [22mΓ£à JwtAuthGuard SUCCESS ΓåÆ user authenticated: 6928cf79fe9ff406e6610feb

[1A[2K[2m[WebServer] [22m≡ƒöÑ JwtAuthGuard: canActivate CALLED

[1A[2K[2m[WebServer] [22m≡ƒöì JWT Extractor - All cookies: {
[2m[WebServer] [22m  accessToken: [32m'eyJhbGciOiJIUzI1NiIsInR5cCI6IkpXVCJ9.eyJzdWIiOiI2OTI4Y2Y3OWZlOWZmNDA2ZTY2MTBmZWIiLCJ3b3JrRW1haWwiOiJoci5oci5ockBleGFtcGxlLmNvbSIsInJvbGVzIjpbIkhSIE1hbmFnZXIiXSwicGVybWlzc2lvbnMiOltdLCJwcmltYXJ5RGVwYXJ0bWVudElkIjoiNjc1MWZlNTFkM2EzOGE5NTBiYTQwYzExIiwiZW1wbG95ZWVOdW1iZXIiOiJFTVAtMTAxOSIsImlhdCI6MTc2NTk4MjAzNywiZXhwIjoxNzY2MDY4NDM3fQ._sXL58u8Bp7BEIa-VI-VTQKF71k5LreXC69Dw0lXHHI'[39m
[2m[WebServer] [22m}

[1A[2K[2m[WebServer] [22m≡ƒöì JWT Extractor - Headers: accessToken=eyJhbGciOiJIUzI1NiIsInR5cCI6IkpXVCJ9.eyJzdWIiOiI2OTI4Y2Y3OWZlOWZmNDA2ZTY2MTBmZWIiLCJ3b3JrRW1haWwiOiJoci5oci5ockBleGFtcGxlLmNvbSIsInJvbGVzIjpbIkhSIE1hbmFnZXIiXSwicGVybWlzc2lvbnMiOltdLCJwcmltYXJ5RGVwYXJ0bWVudElkIjoiNjc1MWZlNTFkM2EzOGE5NTBiYTQwYzExIiwiZW1wbG95ZWVOdW1iZXIiOiJFTVAtMTAxOSIsImlhdCI6MTc2NTk4MjAzNywiZXhwIjoxNzY2MDY4NDM3fQ._sXL58u8Bp7BEIa-VI-VTQKF71k5LreXC69Dw0lXHHI
[2m[WebServer] [22m≡ƒöì JWT Extractor - accessToken: FOUND

[1A[2K[2m[WebServer] [22mJwtStrategy VALIDATE: {
[2m[WebServer] [22m  sub: [32m'6928cf79fe9ff406e6610feb'[39m,
[2m[WebServer] [22m  workEmail: [32m'hr.hr.hr@example.com'[39m,
[2m[WebServer] [22m  roles: [ [32m'HR Manager'[39m ],
[2m[WebServer] [22m  permissions: [],
[2m[WebServer] [22m  primaryDepartmentId: [32m'6751fe51d3a38a950ba40c11'[39m,
[2m[WebServer] [22m  employeeNumber: [32m'EMP-1019'[39m,
[2m[WebServer] [22m  iat: [33m1765982037[39m,
[2m[WebServer] [22m  exp: [33m1766068437[39m
[2m[WebServer] [22m}

[1A[2K[2m[WebServer] [22m≡ƒöÑ JwtAuthGuard: handleRequest() {
[2m[WebServer] [22m  err: [1mnull[22m,
[2m[WebServer] [22m  user: {
[2m[WebServer] [22m    id: [32m'6928cf79fe9ff406e6610feb'[39m,
[2m[WebServer] [22m    workEmail: [32m'hr.hr.hr@example.com'[39m,
[2m[WebServer] [22m    roles: [ [32m'HR Manager'[39m ],
[2m[WebServer] [22m    permissions: [],
[2m[WebServer] [22m    primaryDepartmentId: [32m'6751fe51d3a38a950ba40c11'[39m,
[2m[WebServer] [22m    employeeNumber: [32m'EMP-1019'[39m
[2m[WebServer] [22m  },
[2m[WebServer] [22m  info: [90mundefined[39m
[2m[WebServer] [22m}
[2m[WebServer] [22mΓ£à JwtAuthGuard SUCCESS ΓåÆ user authenticated: 6928cf79fe9ff406e6610feb
[2m[WebServer] [22m≡ƒöÑ RolesGuard running!
[2m[WebServer] [22m
[2m[WebServer] [22m===== ROLE GUARD =====
[2m[WebServer] [22mRequired roles: [
[2m[WebServer] [22m  [32m'department employee'[39m,
[2m[WebServer] [22m  [32m'HR Employee'[39m,
[2m[WebServer] [22m  [32m'department head'[39m,
[2m[WebServer] [22m  [32m'HR Manager'[39m,
[2m[WebServer] [22m  [32m'HR Admin'[39m,
[2m[WebServer] [22m  [32m'System Admin'[39m
[2m[WebServer] [22m]
[2m[WebServer] [22mUser object: {
[2m[WebServer] [22m  id: [32m'6928cf79fe9ff406e6610feb'[39m,
[2m[WebServer] [22m  workEmail: [32m'hr.hr.hr@example.com'[39m,
[2m[WebServer] [22m  roles: [ [32m'HR Manager'[39m ],
[2m[WebServer] [22m  permissions: [],
[2m[WebServer] [22m  primaryDepartmentId: [32m'6751fe51d3a38a950ba40c11'[39m,
[2m[WebServer] [22m  employeeNumber: [32m'EMP-1019'[39m
[2m[WebServer] [22m}
[2m[WebServer] [22mNormalized user roles: [ [32m'hr manager'[39m ]
[2m[WebServer] [22mNormalized required roles: [
[2m[WebServer] [22m  [32m'department employee'[39m,
[2m[WebServer] [22m  [32m'hr employee'[39m,
[2m[WebServer] [22m  [32m'department head'[39m,
[2m[WebServer] [22m  [32m'hr manager'[39m,
[2m[WebServer] [22m  [32m'hr admin'[39m,
[2m[WebServer] [22m  [32m'system admin'[39m
[2m[WebServer] [22m]

[1A[2K[2m[WebServer] [22mHas required role? [33mtrue[39m
[2m[WebServer] [22mΓ£ö ACCESS GRANTED Γ£ö
[2m[WebServer] [22m≡ƒöì [TrackingController] getMyBalances: {
[2m[WebServer] [22m  query: [Object: null prototype] {},
[2m[WebServer] [22m  userId: [32m'6928cf79fe9ff406e6610feb'[39m
[2m[WebServer] [22m}

[1A[2K[2m[WebServer] [22m≡ƒöÑ JwtAuthGuard: canActivate CALLED

[1A[2K[2m[WebServer] [22m≡ƒöì JWT Extractor - All cookies: {
[2m[WebServer] [22m  accessToken: [32m'eyJhbGciOiJIUzI1NiIsInR5cCI6IkpXVCJ9.eyJzdWIiOiI2OTI4Y2Y3OWZlOWZmNDA2ZTY2MTBmZWIiLCJ3b3JrRW1haWwiOiJoci5oci5ockBleGFtcGxlLmNvbSIsInJvbGVzIjpbIkhSIE1hbmFnZXIiXSwicGVybWlzc2lvbnMiOltdLCJwcmltYXJ5RGVwYXJ0bWVudElkIjoiNjc1MWZlNTFkM2EzOGE5NTBiYTQwYzExIiwiZW1wbG95ZWVOdW1iZXIiOiJFTVAtMTAxOSIsImlhdCI6MTc2NTk4MjAzNywiZXhwIjoxNzY2MDY4NDM3fQ._sXL58u8Bp7BEIa-VI-VTQKF71k5LreXC69Dw0lXHHI'[39m
[2m[WebServer] [22m}

[1A[2K[2m[WebServer] [22m≡ƒöì JWT Extractor - Headers: accessToken=eyJhbGciOiJIUzI1NiIsInR5cCI6IkpXVCJ9.eyJzdWIiOiI2OTI4Y2Y3OWZlOWZmNDA2ZTY2MTBmZWIiLCJ3b3JrRW1haWwiOiJoci5oci5ockBleGFtcGxlLmNvbSIsInJvbGVzIjpbIkhSIE1hbmFnZXIiXSwicGVybWlzc2lvbnMiOltdLCJwcmltYXJ5RGVwYXJ0bWVudElkIjoiNjc1MWZlNTFkM2EzOGE5NTBiYTQwYzExIiwiZW1wbG95ZWVOdW1iZXIiOiJFTVAtMTAxOSIsImlhdCI6MTc2NTk4MjAzNywiZXhwIjoxNzY2MDY4NDM3fQ._sXL58u8Bp7BEIa-VI-VTQKF71k5LreXC69Dw0lXHHI
[2m[WebServer] [22m≡ƒöì JWT Extractor - accessToken: FOUND

[1A[2K[2m[WebServer] [22mJwtStrategy VALIDATE: {
[2m[WebServer] [22m  sub: [32m'6928cf79fe9ff406e6610feb'[39m,
[2m[WebServer] [22m  workEmail: [32m'hr.hr.hr@example.com'[39m,
[2m[WebServer] [22m  roles: [ [32m'HR Manager'[39m ],
[2m[WebServer] [22m  permissions: [],
[2m[WebServer] [22m  primaryDepartmentId: [32m'6751fe51d3a38a950ba40c11'[39m,
[2m[WebServer] [22m  employeeNumber: [32m'EMP-1019'[39m,
[2m[WebServer] [22m  iat: [33m1765982037[39m,
[2m[WebServer] [22m  exp: [33m1766068437[39m
[2m[WebServer] [22m}

[1A[2K[2m[WebServer] [22m≡ƒöÑ JwtAuthGuard: handleRequest() {
[2m[WebServer] [22m  err: [1mnull[22m,
[2m[WebServer] [22m  user: {
[2m[WebServer] [22m    id: [32m'6928cf79fe9ff406e6610feb'[39m,
[2m[WebServer] [22m    workEmail: [32m'hr.hr.hr@example.com'[39m,
[2m[WebServer] [22m    roles: [ [32m'HR Manager'[39m ],
[2m[WebServer] [22m    permissions: [],
[2m[WebServer] [22m    primaryDepartmentId: [32m'6751fe51d3a38a950ba40c11'[39m,
[2m[WebServer] [22m    employeeNumber: [32m'EMP-1019'[39m
[2m[WebServer] [22m  },
[2m[WebServer] [22m  info: [90mundefined[39m
[2m[WebServer] [22m}
[2m[WebServer] [22mΓ£à JwtAuthGuard SUCCESS ΓåÆ user authenticated: 6928cf79fe9ff406e6610feb
[2m[WebServer] [22m≡ƒöÑ RolesGuard running!
[2m[WebServer] [22m
[2m[WebServer] [22m===== ROLE GUARD =====

[1A[2K[2m[WebServer] [22mRequired roles: [
[2m[WebServer] [22m  [32m'department employee'[39m,
[2m[WebServer] [22m  [32m'HR Employee'[39m,
[2m[WebServer] [22m  [32m'department head'[39m,
[2m[WebServer] [22m  [32m'HR Manager'[39m,
[2m[WebServer] [22m  [32m'HR Admin'[39m,
[2m[WebServer] [22m  [32m'System Admin'[39m
[2m[WebServer] [22m]
[2m[WebServer] [22mUser object: {
[2m[WebServer] [22m  id: [32m'6928cf79fe9ff406e6610feb'[39m,
[2m[WebServer] [22m  workEmail: [32m'hr.hr.hr@example.com'[39m,
[2m[WebServer] [22m  roles: [ [32m'HR Manager'[39m ],
[2m[WebServer] [22m  permissions: [],
[2m[WebServer] [22m  primaryDepartmentId: [32m'6751fe51d3a38a950ba40c11'[39m,
[2m[WebServer] [22m  employeeNumber: [32m'EMP-1019'[39m
[2m[WebServer] [22m}

[1A[2K[2m[WebServer] [22mNormalized user roles: [ [32m'hr manager'[39m ]
[2m[WebServer] [22mNormalized required roles: [
[2m[WebServer] [22m  [32m'department employee'[39m,
[2m[WebServer] [22m  [32m'hr employee'[39m,
[2m[WebServer] [22m  [32m'department head'[39m,
[2m[WebServer] [22m  [32m'hr manager'[39m,
[2m[WebServer] [22m  [32m'hr admin'[39m,
[2m[WebServer] [22m  [32m'system admin'[39m
[2m[WebServer] [22m]

[1A[2K[2m[WebServer] [22mHas required role? [33mtrue[39m
[2m[WebServer] [22mΓ£ö ACCESS GRANTED Γ£ö

[1A[2K[2m[WebServer] [22m≡ƒöì [TrackingController] getMyHistory: {
[2m[WebServer] [22m  filters: [Object: null prototype] {},
[2m[WebServer] [22m  userId: [32m'6928cf79fe9ff406e6610feb'[39m
[2m[WebServer] [22m}

[1A[2KΓ£à HR dashboard accessible

[1A[2K[30/35] [chromium] ΓÇ║ leave-tests.spec.ts:1026:7 ΓÇ║ ≡ƒæö HR MANAGER (EMP-1019) - All HR Scenarios ΓÇ║ Γ£à X1-X7: HR override manager decision
[1A[2K[chromium] ΓÇ║ leave-tests.spec.ts:1026:7 ΓÇ║ ≡ƒæö HR MANAGER (EMP-1019) - All HR Scenarios ΓÇ║ Γ£à X1-X7: HR override manager decision
≡ƒöÉ Logging in as: hr.hr.hr@example.com

[1A[2K[2m[WebServer] [22m GET /login [32m200[39m in 35ms[2m (compile: 2ms, render: 33ms)[22m

[1A[2K[2m[WebServer] [22m≡ƒöÑ JwtAuthGuard: canActivate CALLED

[1A[2K[2m[WebServer] [22m≡ƒöì JWT Extractor - All cookies: [Object: null prototype] {}
[2m[WebServer] [22m≡ƒöì JWT Extractor - Headers: [90mundefined[39m
[2m[WebServer] [22m≡ƒöì JWT Extractor - accessToken: NOT FOUND

[1A[2K[2m[WebServer] [22m≡ƒöÑ JwtAuthGuard: handleRequest() {
[2m[WebServer] [22m  err: [1mnull[22m,
[2m[WebServer] [22m  user: [33mfalse[39m,
[2m[WebServer] [22m  info: Error: No auth token
[2m[WebServer] [22m      at JwtStrategy.authenticate [90m(C:\Users\Bedon\Desktop\semester-5-software-project\backend\[39mnode_modules\[4mpassport-jwt[24m\lib\strategy.js:96:26[90m)[39m
[2m[WebServer] [22m      at attempt [90m(C:\Users\Bedon\Desktop\semester-5-software-project\backend\[39mnode_modules\[4mpassport[24m\lib\middleware\authenticate.js:378:16[90m)[39m
[2m[WebServer] [22m      at authenticate [90m(C:\Users\Bedon\Desktop\semester-5-software-project\backend\[39mnode_modules\[4mpassport[24m\lib\middleware\authenticate.js:379:7[90m)[39m
[2m[WebServer] [22m      at [90mC:\Users\Bedon\Desktop\semester-5-software-project\backend\[39mnode_modules\[4m@nestjs[24m\passport\dist\auth.guard.js:88:3
[2m[WebServer] [22m      at new Promise (<anonymous>)
[2m[WebServer] [22m      at [90mC:\Users\Bedon\Desktop\semester-5-software-project\backend\[39mnode_modules\[4m@nestjs[24m\passport\dist\auth.guard.js:80:83
[2m[WebServer] [22m      at JwtAuthGuard.canActivate [90m(C:\Users\Bedon\Desktop\semester-5-software-project\backend\[39mnode_modules\[4m@nestjs[24m\passport\dist\auth.guard.js:44:32[90m)[39m
[2m[WebServer] [22m  [90m    at process.processTicksAndRejections (node:internal/process/task_queues:105:5)[39m
[2m[WebServer] [22m}

[1A[2K[2m[WebServer] [22mΓ¥î JwtAuthGuard INFO: Error: No auth token
[2m[WebServer] [22m    at JwtStrategy.authenticate 
[90m(C:\Users\Bedon\Desktop\semester-5-software-project\backend\[39mnode_modules\[4mpassport-jwt[24m\lib\strategy.js:96:26[90m)[39m
[2m[WebServer] [22m    at attempt 
[90m(C:\Users\Bedon\Desktop\semester-5-software-project\backend\[39mnode_modules\[4mpassport[24m\lib\middleware\authenticate.js:378:16[90m)[39m
[2m[WebServer] [22m    at authenticate 
[90m(C:\Users\Bedon\Desktop\semester-5-software-project\backend\[39mnode_modules\[4mpassport[24m\lib\middleware\authenticate.js:379:7[90m)[39m
[2m[WebServer] [22m    at [90mC:\Users\Bedon\Desktop\semester-5-software-project\backend\[39mnode_modules\[4m@nestjs[24m\passport\dist\auth.guard.js:88:3
[2m[WebServer] [22m    at new Promise (<anonymous>)
[2m[WebServer] [22m    at 
[90mC:\Users\Bedon\Desktop\semester-5-software-project\backend\[39mnode_modules\[4m@nestjs[24m\passport\dist\auth.guard.js:80:83
[2m[WebServer] [22m    at JwtAuthGuard.canActivate 
[90m(C:\Users\Bedon\Desktop\semester-5-software-project\backend\[39mnode_modules\[4m@nestjs[24m\passport\dist\auth.guard.js:44:32[90m)[39m
[2m[WebServer] [22m[90m    at process.processTicksAndRejections (node:internal/process/task_queues:105:5)[39m

[1A[2K[2m[WebServer] [22mΓ¥î JwtAuthGuard FAILING ΓåÆ No auth token

[1A[2K[2m[WebServer] [22mVALIDATE EMPLOYEE - systemRole = {
[2m[WebServer] [22m  _id: new ObjectId([32m'6928cf79fe9ff406e6610fed'[39m),
[2m[WebServer] [22m  employeeProfileId: new ObjectId([32m'6928cf79fe9ff406e6610feb'[39m),
[2m[WebServer] [22m  roles: [ [32m'HR Manager'[39m ],
[2m[WebServer] [22m  permissions: [],
[2m[WebServer] [22m  isActive: [33mtrue[39m,
[2m[WebServer] [22m  createdAt: [35m2025-11-27T22:23:53.913Z[39m,
[2m[WebServer] [22m  updatedAt: [35m2025-11-27T22:23:53.913Z[39m,
[2m[WebServer] [22m  __v: [33m0[39m
[2m[WebServer] [22m}

[1A[2K[2m[WebServer] [22mGenerated token: eyJhbGciOiJIUzI1NiIsInR5cCI6IkpXVCJ9.eyJzdWIiOiI2OTI4Y2Y3OWZlOWZmNDA2ZTY2MTBmZWIiLCJ3b3JrRW1haWwiOiJoci5oci5ockBleGFtcGxlLmNvbSIsInJvbGVzIjpbIkhSIE1hbmFnZXIiXSwicGVybWlzc2lvbnMiOltdLCJwcmltYXJ5RGVwYXJ0bWVudElkIjoiNjc1MWZlNTFkM2EzOGE5NTBiYTQwYzExIiwiZW1wbG95ZWVOdW1iZXIiOiJFTVAtMTAxOSIsImlhdCI6MTc2NTk4MjA0MiwiZXhwIjoxNzY2MDY4NDQyfQ.ERGLJZizuDqpEBJ6U8mvv1sLmWh-1_CeCKldoX9WH-o

[1A[2K[2m[WebServer] [22m GET /leaves [32m200[39m in 16ms[2m (compile: 3ms, render: 13ms)[22m

[1A[2KΓ£à Login successful

[1A[2K≡ƒöº Testing HR Override

[1A[2K[2m[WebServer] [22m≡ƒöÑ JwtAuthGuard: canActivate CALLED

[1A[2K[2m[WebServer] [22m≡ƒöì JWT Extractor - All cookies: {
[2m[WebServer] [22m  accessToken: [32m'eyJhbGciOiJIUzI1NiIsInR5cCI6IkpXVCJ9.eyJzdWIiOiI2OTI4Y2Y3OWZlOWZmNDA2ZTY2MTBmZWIiLCJ3b3JrRW1haWwiOiJoci5oci5ockBleGFtcGxlLmNvbSIsInJvbGVzIjpbIkhSIE1hbmFnZXIiXSwicGVybWlzc2lvbnMiOltdLCJwcmltYXJ5RGVwYXJ0bWVudElkIjoiNjc1MWZlNTFkM2EzOGE5NTBiYTQwYzExIiwiZW1wbG95ZWVOdW1iZXIiOiJFTVAtMTAxOSIsImlhdCI6MTc2NTk4MjA0MiwiZXhwIjoxNzY2MDY4NDQyfQ.ERGLJZizuDqpEBJ6U8mvv1sLmWh-1_CeCKldoX9WH-o'[39m
[2m[WebServer] [22m}
[2m[WebServer] [22m≡ƒöì JWT Extractor - Headers: accessToken=eyJhbGciOiJIUzI1NiIsInR5cCI6IkpXVCJ9.eyJzdWIiOiI2OTI4Y2Y3OWZlOWZmNDA2ZTY2MTBmZWIiLCJ3b3JrRW1haWwiOiJoci5oci5ockBleGFtcGxlLmNvbSIsInJvbGVzIjpbIkhSIE1hbmFnZXIiXSwicGVybWlzc2lvbnMiOltdLCJwcmltYXJ5RGVwYXJ0bWVudElkIjoiNjc1MWZlNTFkM2EzOGE5NTBiYTQwYzExIiwiZW1wbG95ZWVOdW1iZXIiOiJFTVAtMTAxOSIsImlhdCI6MTc2NTk4MjA0MiwiZXhwIjoxNzY2MDY4NDQyfQ.ERGLJZizuDqpEBJ6U8mvv1sLmWh-1_CeCKldoX9WH-o

[1A[2K[2m[WebServer] [22m≡ƒöì JWT Extractor - accessToken: FOUND

[1A[2K[2m[WebServer] [22mJwtStrategy VALIDATE: {
[2m[WebServer] [22m  sub: [32m'6928cf79fe9ff406e6610feb'[39m,
[2m[WebServer] [22m  workEmail: [32m'hr.hr.hr@example.com'[39m,
[2m[WebServer] [22m  roles: [ [32m'HR Manager'[39m ],
[2m[WebServer] [22m  permissions: [],
[2m[WebServer] [22m  primaryDepartmentId: [32m'6751fe51d3a38a950ba40c11'[39m,
[2m[WebServer] [22m  employeeNumber: [32m'EMP-1019'[39m,
[2m[WebServer] [22m  iat: [33m1765982042[39m,
[2m[WebServer] [22m  exp: [33m1766068442[39m
[2m[WebServer] [22m}

[1A[2K[2m[WebServer] [22m≡ƒöÑ JwtAuthGuard: handleRequest() {
[2m[WebServer] [22m  err: [1mnull[22m,
[2m[WebServer] [22m  user: {
[2m[WebServer] [22m    id: [32m'6928cf79fe9ff406e6610feb'[39m,
[2m[WebServer] [22m    workEmail: [32m'hr.hr.hr@example.com'[39m,
[2m[WebServer] [22m    roles: [ [32m'HR Manager'[39m ],
[2m[WebServer] [22m    permissions: [],
[2m[WebServer] [22m    primaryDepartmentId: [32m'6751fe51d3a38a950ba40c11'[39m,
[2m[WebServer] [22m    employeeNumber: [32m'EMP-1019'[39m
[2m[WebServer] [22m  },
[2m[WebServer] [22m  info: [90mundefined[39m
[2m[WebServer] [22m}
[2m[WebServer] [22mΓ£à JwtAuthGuard SUCCESS ΓåÆ user authenticated: 6928cf79fe9ff406e6610feb

[1A[2K[2m[WebServer] [22m≡ƒöÑ RolesGuard running!
[2m[WebServer] [22m
[2m[WebServer] [22m===== ROLE GUARD =====
[2m[WebServer] [22mRequired roles: [
[2m[WebServer] [22m  [32m'department employee'[39m,
[2m[WebServer] [22m  [32m'HR Employee'[39m,
[2m[WebServer] [22m  [32m'department head'[39m,
[2m[WebServer] [22m  [32m'HR Manager'[39m,
[2m[WebServer] [22m  [32m'HR Admin'[39m,
[2m[WebServer] [22m  [32m'System Admin'[39m
[2m[WebServer] [22m]

[1A[2K[2m[WebServer] [22mUser object: {
[2m[WebServer] [22m  id: [32m'6928cf79fe9ff406e6610feb'[39m,
[2m[WebServer] [22m  workEmail: [32m'hr.hr.hr@example.com'[39m,
[2m[WebServer] [22m  roles: [ [32m'HR Manager'[39m ],
[2m[WebServer] [22m  permissions: [],
[2m[WebServer] [22m  primaryDepartmentId: [32m'6751fe51d3a38a950ba40c11'[39m,
[2m[WebServer] [22m  employeeNumber: [32m'EMP-1019'[39m
[2m[WebServer] [22m}
[2m[WebServer] [22mNormalized user roles: [ [32m'hr manager'[39m ]

[1A[2K[2m[WebServer] [22mNormalized required roles: [
[2m[WebServer] [22m  [32m'department employee'[39m,
[2m[WebServer] [22m  [32m'hr employee'[39m,
[2m[WebServer] [22m  [32m'department head'[39m,
[2m[WebServer] [22m  [32m'hr manager'[39m,
[2m[WebServer] [22m  [32m'hr admin'[39m,
[2m[WebServer] [22m  [32m'system admin'[39m
[2m[WebServer] [22m]
[2m[WebServer] [22mHas required role? [33mtrue[39m
[2m[WebServer] [22mΓ£ö ACCESS GRANTED Γ£ö

[1A[2K[2m[WebServer] [22m≡ƒöì [TrackingController] getMyBalances: {
[2m[WebServer] [22m  query: [Object: null prototype] {},
[2m[WebServer] [22m  userId: [32m'6928cf79fe9ff406e6610feb'[39m
[2m[WebServer] [22m}

[1A[2K[2m[WebServer] [22m≡ƒöÑ JwtAuthGuard: canActivate CALLED

[1A[2K[2m[WebServer] [22m≡ƒöì JWT Extractor - All cookies: {
[2m[WebServer] [22m  accessToken: [32m'eyJhbGciOiJIUzI1NiIsInR5cCI6IkpXVCJ9.eyJzdWIiOiI2OTI4Y2Y3OWZlOWZmNDA2ZTY2MTBmZWIiLCJ3b3JrRW1haWwiOiJoci5oci5ockBleGFtcGxlLmNvbSIsInJvbGVzIjpbIkhSIE1hbmFnZXIiXSwicGVybWlzc2lvbnMiOltdLCJwcmltYXJ5RGVwYXJ0bWVudElkIjoiNjc1MWZlNTFkM2EzOGE5NTBiYTQwYzExIiwiZW1wbG95ZWVOdW1iZXIiOiJFTVAtMTAxOSIsImlhdCI6MTc2NTk4MjA0MiwiZXhwIjoxNzY2MDY4NDQyfQ.ERGLJZizuDqpEBJ6U8mvv1sLmWh-1_CeCKldoX9WH-o'[39m
[2m[WebServer] [22m}

[1A[2K[2m[WebServer] [22m≡ƒöì JWT Extractor - Headers: accessToken=eyJhbGciOiJIUzI1NiIsInR5cCI6IkpXVCJ9.eyJzdWIiOiI2OTI4Y2Y3OWZlOWZmNDA2ZTY2MTBmZWIiLCJ3b3JrRW1haWwiOiJoci5oci5ockBleGFtcGxlLmNvbSIsInJvbGVzIjpbIkhSIE1hbmFnZXIiXSwicGVybWlzc2lvbnMiOltdLCJwcmltYXJ5RGVwYXJ0bWVudElkIjoiNjc1MWZlNTFkM2EzOGE5NTBiYTQwYzExIiwiZW1wbG95ZWVOdW1iZXIiOiJFTVAtMTAxOSIsImlhdCI6MTc2NTk4MjA0MiwiZXhwIjoxNzY2MDY4NDQyfQ.ERGLJZizuDqpEBJ6U8mvv1sLmWh-1_CeCKldoX9WH-o
[2m[WebServer] [22m≡ƒöì JWT Extractor - accessToken: FOUND

[1A[2K[2m[WebServer] [22mJwtStrategy VALIDATE: {
[2m[WebServer] [22m  sub: [32m'6928cf79fe9ff406e6610feb'[39m,
[2m[WebServer] [22m  workEmail: [32m'hr.hr.hr@example.com'[39m,
[2m[WebServer] [22m  roles: [ [32m'HR Manager'[39m ],
[2m[WebServer] [22m  permissions: [],
[2m[WebServer] [22m  primaryDepartmentId: [32m'6751fe51d3a38a950ba40c11'[39m,
[2m[WebServer] [22m  employeeNumber: [32m'EMP-1019'[39m,
[2m[WebServer] [22m  iat: [33m1765982042[39m,
[2m[WebServer] [22m  exp: [33m1766068442[39m
[2m[WebServer] [22m}

[1A[2K[2m[WebServer] [22m≡ƒöÑ JwtAuthGuard: handleRequest() {
[2m[WebServer] [22m  err: [1mnull[22m,
[2m[WebServer] [22m  user: {
[2m[WebServer] [22m    id: [32m'6928cf79fe9ff406e6610feb'[39m,
[2m[WebServer] [22m    workEmail: [32m'hr.hr.hr@example.com'[39m,
[2m[WebServer] [22m    roles: [ [32m'HR Manager'[39m ],
[2m[WebServer] [22m    permissions: [],
[2m[WebServer] [22m    primaryDepartmentId: [32m'6751fe51d3a38a950ba40c11'[39m,
[2m[WebServer] [22m    employeeNumber: [32m'EMP-1019'[39m
[2m[WebServer] [22m  },
[2m[WebServer] [22m  info: [90mundefined[39m
[2m[WebServer] [22m}
[2m[WebServer] [22mΓ£à JwtAuthGuard SUCCESS ΓåÆ user authenticated: 6928cf79fe9ff406e6610feb
[2m[WebServer] [22m≡ƒöÑ RolesGuard running!
[2m[WebServer] [22m
[2m[WebServer] [22m===== ROLE GUARD =====

[1A[2K[2m[WebServer] [22mRequired roles: [
[2m[WebServer] [22m  [32m'department employee'[39m,
[2m[WebServer] [22m  [32m'HR Employee'[39m,
[2m[WebServer] [22m  [32m'department head'[39m,
[2m[WebServer] [22m  [32m'HR Manager'[39m,
[2m[WebServer] [22m  [32m'HR Admin'[39m,
[2m[WebServer] [22m  [32m'System Admin'[39m
[2m[WebServer] [22m]
[2m[WebServer] [22mUser object: {
[2m[WebServer] [22m  id: [32m'6928cf79fe9ff406e6610feb'[39m,
[2m[WebServer] [22m  workEmail: [32m'hr.hr.hr@example.com'[39m,
[2m[WebServer] [22m  roles: [ [32m'HR Manager'[39m ],
[2m[WebServer] [22m  permissions: [],
[2m[WebServer] [22m  primaryDepartmentId: [32m'6751fe51d3a38a950ba40c11'[39m,
[2m[WebServer] [22m  employeeNumber: [32m'EMP-1019'[39m
[2m[WebServer] [22m}

[1A[2K[2m[WebServer] [22mNormalized user roles: [ [32m'hr manager'[39m ]
[2m[WebServer] [22mNormalized required roles: [
[2m[WebServer] [22m  [32m'department employee'[39m,
[2m[WebServer] [22m  [32m'hr employee'[39m,
[2m[WebServer] [22m  [32m'department head'[39m,
[2m[WebServer] [22m  [32m'hr manager'[39m,
[2m[WebServer] [22m  [32m'hr admin'[39m,
[2m[WebServer] [22m  [32m'system admin'[39m
[2m[WebServer] [22m]

[1A[2K[2m[WebServer] [22mHas required role? [33mtrue[39m
[2m[WebServer] [22mΓ£ö ACCESS GRANTED Γ£ö

[1A[2K[2m[WebServer] [22m≡ƒöì [TrackingController] getMyHistory: {
[2m[WebServer] [22m  filters: [Object: null prototype] {},
[2m[WebServer] [22m  userId: [32m'6928cf79fe9ff406e6610feb'[39m
[2m[WebServer] [22m}

[1A[2K[2m[WebServer] [22m GET /leaves [32m200[39m in 56ms[2m (compile: 3ms, render: 54ms)[22m

[1A[2K[2m[WebServer] [22m≡ƒöÑ JwtAuthGuard: canActivate CALLED

[1A[2K[2m[WebServer] [22m≡ƒöì JWT Extractor - All cookies: {
[2m[WebServer] [22m  accessToken: [32m'eyJhbGciOiJIUzI1NiIsInR5cCI6IkpXVCJ9.eyJzdWIiOiI2OTI4Y2Y3OWZlOWZmNDA2ZTY2MTBmZWIiLCJ3b3JrRW1haWwiOiJoci5oci5ockBleGFtcGxlLmNvbSIsInJvbGVzIjpbIkhSIE1hbmFnZXIiXSwicGVybWlzc2lvbnMiOltdLCJwcmltYXJ5RGVwYXJ0bWVudElkIjoiNjc1MWZlNTFkM2EzOGE5NTBiYTQwYzExIiwiZW1wbG95ZWVOdW1iZXIiOiJFTVAtMTAxOSIsImlhdCI6MTc2NTk4MjA0MiwiZXhwIjoxNzY2MDY4NDQyfQ.ERGLJZizuDqpEBJ6U8mvv1sLmWh-1_CeCKldoX9WH-o'[39m
[2m[WebServer] [22m}
[2m[WebServer] [22m≡ƒöì JWT Extractor - Headers: accessToken=eyJhbGciOiJIUzI1NiIsInR5cCI6IkpXVCJ9.eyJzdWIiOiI2OTI4Y2Y3OWZlOWZmNDA2ZTY2MTBmZWIiLCJ3b3JrRW1haWwiOiJoci5oci5ockBleGFtcGxlLmNvbSIsInJvbGVzIjpbIkhSIE1hbmFnZXIiXSwicGVybWlzc2lvbnMiOltdLCJwcmltYXJ5RGVwYXJ0bWVudElkIjoiNjc1MWZlNTFkM2EzOGE5NTBiYTQwYzExIiwiZW1wbG95ZWVOdW1iZXIiOiJFTVAtMTAxOSIsImlhdCI6MTc2NTk4MjA0MiwiZXhwIjoxNzY2MDY4NDQyfQ.ERGLJZizuDqpEBJ6U8mvv1sLmWh-1_CeCKldoX9WH-o
[2m[WebServer] [22m≡ƒöì JWT Extractor - accessToken: FOUND

[1A[2K[2m[WebServer] [22mJwtStrategy VALIDATE: {
[2m[WebServer] [22m  sub: [32m'6928cf79fe9ff406e6610feb'[39m,
[2m[WebServer] [22m  workEmail: [32m'hr.hr.hr@example.com'[39m,
[2m[WebServer] [22m  roles: [ [32m'HR Manager'[39m ],
[2m[WebServer] [22m  permissions: [],
[2m[WebServer] [22m  primaryDepartmentId: [32m'6751fe51d3a38a950ba40c11'[39m,
[2m[WebServer] [22m  employeeNumber: [32m'EMP-1019'[39m,
[2m[WebServer] [22m  iat: [33m1765982042[39m,
[2m[WebServer] [22m  exp: [33m1766068442[39m
[2m[WebServer] [22m}

[1A[2K[2m[WebServer] [22m≡ƒöÑ JwtAuthGuard: handleRequest() {
[2m[WebServer] [22m  err: [1mnull[22m,
[2m[WebServer] [22m  user: {
[2m[WebServer] [22m    id: [32m'6928cf79fe9ff406e6610feb'[39m,
[2m[WebServer] [22m    workEmail: [32m'hr.hr.hr@example.com'[39m,
[2m[WebServer] [22m    roles: [ [32m'HR Manager'[39m ],
[2m[WebServer] [22m    permissions: [],
[2m[WebServer] [22m    primaryDepartmentId: [32m'6751fe51d3a38a950ba40c11'[39m,
[2m[WebServer] [22m    employeeNumber: [32m'EMP-1019'[39m
[2m[WebServer] [22m  },
[2m[WebServer] [22m  info: [90mundefined[39m
[2m[WebServer] [22m}
[2m[WebServer] [22mΓ£à JwtAuthGuard SUCCESS ΓåÆ user authenticated: 6928cf79fe9ff406e6610feb

[1A[2K[2m[WebServer] [22m≡ƒöÑ JwtAuthGuard: canActivate CALLED

[1A[2K[2m[WebServer] [22m≡ƒöì JWT Extractor - All cookies: {
[2m[WebServer] [22m  accessToken: [32m'eyJhbGciOiJIUzI1NiIsInR5cCI6IkpXVCJ9.eyJzdWIiOiI2OTI4Y2Y3OWZlOWZmNDA2ZTY2MTBmZWIiLCJ3b3JrRW1haWwiOiJoci5oci5ockBleGFtcGxlLmNvbSIsInJvbGVzIjpbIkhSIE1hbmFnZXIiXSwicGVybWlzc2lvbnMiOltdLCJwcmltYXJ5RGVwYXJ0bWVudElkIjoiNjc1MWZlNTFkM2EzOGE5NTBiYTQwYzExIiwiZW1wbG95ZWVOdW1iZXIiOiJFTVAtMTAxOSIsImlhdCI6MTc2NTk4MjA0MiwiZXhwIjoxNzY2MDY4NDQyfQ.ERGLJZizuDqpEBJ6U8mvv1sLmWh-1_CeCKldoX9WH-o'[39m
[2m[WebServer] [22m}

[1A[2K[2m[WebServer] [22m≡ƒöì JWT Extractor - Headers: accessToken=eyJhbGciOiJIUzI1NiIsInR5cCI6IkpXVCJ9.eyJzdWIiOiI2OTI4Y2Y3OWZlOWZmNDA2ZTY2MTBmZWIiLCJ3b3JrRW1haWwiOiJoci5oci5ockBleGFtcGxlLmNvbSIsInJvbGVzIjpbIkhSIE1hbmFnZXIiXSwicGVybWlzc2lvbnMiOltdLCJwcmltYXJ5RGVwYXJ0bWVudElkIjoiNjc1MWZlNTFkM2EzOGE5NTBiYTQwYzExIiwiZW1wbG95ZWVOdW1iZXIiOiJFTVAtMTAxOSIsImlhdCI6MTc2NTk4MjA0MiwiZXhwIjoxNzY2MDY4NDQyfQ.ERGLJZizuDqpEBJ6U8mvv1sLmWh-1_CeCKldoX9WH-o
[2m[WebServer] [22m≡ƒöì JWT Extractor - accessToken: FOUND

[1A[2K[2m[WebServer] [22mJwtStrategy VALIDATE: {
[2m[WebServer] [22m  sub: [32m'6928cf79fe9ff406e6610feb'[39m,
[2m[WebServer] [22m  workEmail: [32m'hr.hr.hr@example.com'[39m,
[2m[WebServer] [22m  roles: [ [32m'HR Manager'[39m ],
[2m[WebServer] [22m  permissions: [],
[2m[WebServer] [22m  primaryDepartmentId: [32m'6751fe51d3a38a950ba40c11'[39m,
[2m[WebServer] [22m  employeeNumber: [32m'EMP-1019'[39m,
[2m[WebServer] [22m  iat: [33m1765982042[39m,
[2m[WebServer] [22m  exp: [33m1766068442[39m
[2m[WebServer] [22m}

[1A[2K[2m[WebServer] [22m≡ƒöÑ JwtAuthGuard: handleRequest() {
[2m[WebServer] [22m  err: [1mnull[22m,
[2m[WebServer] [22m  user: {
[2m[WebServer] [22m    id: [32m'6928cf79fe9ff406e6610feb'[39m,
[2m[WebServer] [22m    workEmail: [32m'hr.hr.hr@example.com'[39m,
[2m[WebServer] [22m    roles: [ [32m'HR Manager'[39m ],
[2m[WebServer] [22m    permissions: [],
[2m[WebServer] [22m    primaryDepartmentId: [32m'6751fe51d3a38a950ba40c11'[39m,
[2m[WebServer] [22m    employeeNumber: [32m'EMP-1019'[39m
[2m[WebServer] [22m  },
[2m[WebServer] [22m  info: [90mundefined[39m
[2m[WebServer] [22m}
[2m[WebServer] [22mΓ£à JwtAuthGuard SUCCESS ΓåÆ user authenticated: 6928cf79fe9ff406e6610feb

[1A[2K[2m[WebServer] [22m≡ƒöÑ RolesGuard running!
[2m[WebServer] [22m
[2m[WebServer] [22m===== ROLE GUARD =====

[1A[2K[2m[WebServer] [22mRequired roles: [
[2m[WebServer] [22m  [32m'department employee'[39m,
[2m[WebServer] [22m  [32m'HR Employee'[39m,
[2m[WebServer] [22m  [32m'department head'[39m,
[2m[WebServer] [22m  [32m'HR Manager'[39m,
[2m[WebServer] [22m  [32m'HR Admin'[39m,
[2m[WebServer] [22m  [32m'System Admin'[39m
[2m[WebServer] [22m]

[1A[2K[2m[WebServer] [22mUser object: {
[2m[WebServer] [22m  id: [32m'6928cf79fe9ff406e6610feb'[39m,
[2m[WebServer] [22m  workEmail: [32m'hr.hr.hr@example.com'[39m,
[2m[WebServer] [22m  roles: [ [32m'HR Manager'[39m ],
[2m[WebServer] [22m  permissions: [],
[2m[WebServer] [22m  primaryDepartmentId: [32m'6751fe51d3a38a950ba40c11'[39m,
[2m[WebServer] [22m  employeeNumber: [32m'EMP-1019'[39m
[2m[WebServer] [22m}
[2m[WebServer] [22mNormalized user roles: [ [32m'hr manager'[39m ]

[1A[2K[2m[WebServer] [22mNormalized required roles: [
[2m[WebServer] [22m  [32m'department employee'[39m,
[2m[WebServer] [22m  [32m'hr employee'[39m,
[2m[WebServer] [22m  [32m'department head'[39m,
[2m[WebServer] [22m  [32m'hr manager'[39m,
[2m[WebServer] [22m  [32m'hr admin'[39m,
[2m[WebServer] [22m  [32m'system admin'[39m
[2m[WebServer] [22m]
[2m[WebServer] [22mHas required role? [33mtrue[39m
[2m[WebServer] [22mΓ£ö ACCESS GRANTED Γ£ö

[1A[2K[2m[WebServer] [22m≡ƒöì [TrackingController] getMyBalances: {
[2m[WebServer] [22m  query: [Object: null prototype] {},
[2m[WebServer] [22m  userId: [32m'6928cf79fe9ff406e6610feb'[39m
[2m[WebServer] [22m}

[1A[2K[2m[WebServer] [22m≡ƒöÑ JwtAuthGuard: canActivate CALLED

[1A[2K[2m[WebServer] [22m≡ƒöì JWT Extractor - All cookies: {
[2m[WebServer] [22m  accessToken: [32m'eyJhbGciOiJIUzI1NiIsInR5cCI6IkpXVCJ9.eyJzdWIiOiI2OTI4Y2Y3OWZlOWZmNDA2ZTY2MTBmZWIiLCJ3b3JrRW1haWwiOiJoci5oci5ockBleGFtcGxlLmNvbSIsInJvbGVzIjpbIkhSIE1hbmFnZXIiXSwicGVybWlzc2lvbnMiOltdLCJwcmltYXJ5RGVwYXJ0bWVudElkIjoiNjc1MWZlNTFkM2EzOGE5NTBiYTQwYzExIiwiZW1wbG95ZWVOdW1iZXIiOiJFTVAtMTAxOSIsImlhdCI6MTc2NTk4MjA0MiwiZXhwIjoxNzY2MDY4NDQyfQ.ERGLJZizuDqpEBJ6U8mvv1sLmWh-1_CeCKldoX9WH-o'[39m
[2m[WebServer] [22m}

[1A[2K[2m[WebServer] [22m≡ƒöì JWT Extractor - Headers: accessToken=eyJhbGciOiJIUzI1NiIsInR5cCI6IkpXVCJ9.eyJzdWIiOiI2OTI4Y2Y3OWZlOWZmNDA2ZTY2MTBmZWIiLCJ3b3JrRW1haWwiOiJoci5oci5ockBleGFtcGxlLmNvbSIsInJvbGVzIjpbIkhSIE1hbmFnZXIiXSwicGVybWlzc2lvbnMiOltdLCJwcmltYXJ5RGVwYXJ0bWVudElkIjoiNjc1MWZlNTFkM2EzOGE5NTBiYTQwYzExIiwiZW1wbG95ZWVOdW1iZXIiOiJFTVAtMTAxOSIsImlhdCI6MTc2NTk4MjA0MiwiZXhwIjoxNzY2MDY4NDQyfQ.ERGLJZizuDqpEBJ6U8mvv1sLmWh-1_CeCKldoX9WH-o
[2m[WebServer] [22m≡ƒöì JWT Extractor - accessToken: FOUND

[1A[2K[2m[WebServer] [22mJwtStrategy VALIDATE: {
[2m[WebServer] [22m  sub: [32m'6928cf79fe9ff406e6610feb'[39m,
[2m[WebServer] [22m  workEmail: [32m'hr.hr.hr@example.com'[39m,
[2m[WebServer] [22m  roles: [ [32m'HR Manager'[39m ],
[2m[WebServer] [22m  permissions: [],
[2m[WebServer] [22m  primaryDepartmentId: [32m'6751fe51d3a38a950ba40c11'[39m,
[2m[WebServer] [22m  employeeNumber: [32m'EMP-1019'[39m,
[2m[WebServer] [22m  iat: [33m1765982042[39m,
[2m[WebServer] [22m  exp: [33m1766068442[39m
[2m[WebServer] [22m}

[1A[2K[2m[WebServer] [22m≡ƒöÑ JwtAuthGuard: handleRequest() {
[2m[WebServer] [22m  err: [1mnull[22m,
[2m[WebServer] [22m  user: {
[2m[WebServer] [22m    id: [32m'6928cf79fe9ff406e6610feb'[39m,
[2m[WebServer] [22m    workEmail: [32m'hr.hr.hr@example.com'[39m,
[2m[WebServer] [22m    roles: [ [32m'HR Manager'[39m ],
[2m[WebServer] [22m    permissions: [],
[2m[WebServer] [22m    primaryDepartmentId: [32m'6751fe51d3a38a950ba40c11'[39m,
[2m[WebServer] [22m    employeeNumber: [32m'EMP-1019'[39m
[2m[WebServer] [22m  },
[2m[WebServer] [22m  info: [90mundefined[39m
[2m[WebServer] [22m}

[1A[2K[2m[WebServer] [22mΓ£à JwtAuthGuard SUCCESS ΓåÆ user authenticated: 6928cf79fe9ff406e6610feb
[2m[WebServer] [22m≡ƒöÑ RolesGuard running!

[1A[2K[2m[WebServer] [22m
[2m[WebServer] [22m===== ROLE GUARD =====

[1A[2K[2m[WebServer] [22mRequired roles: [
[2m[WebServer] [22m  [32m'department employee'[39m,
[2m[WebServer] [22m  [32m'HR Employee'[39m,
[2m[WebServer] [22m  [32m'department head'[39m,
[2m[WebServer] [22m  [32m'HR Manager'[39m,
[2m[WebServer] [22m  [32m'HR Admin'[39m,
[2m[WebServer] [22m  [32m'System Admin'[39m
[2m[WebServer] [22m]

[1A[2K[2m[WebServer] [22mUser object: {
[2m[WebServer] [22m  id: [32m'6928cf79fe9ff406e6610feb'[39m,
[2m[WebServer] [22m  workEmail: [32m'hr.hr.hr@example.com'[39m,
[2m[WebServer] [22m  roles: [ [32m'HR Manager'[39m ],
[2m[WebServer] [22m  permissions: [],
[2m[WebServer] [22m  primaryDepartmentId: [32m'6751fe51d3a38a950ba40c11'[39m,
[2m[WebServer] [22m  employeeNumber: [32m'EMP-1019'[39m
[2m[WebServer] [22m}

[1A[2K[2m[WebServer] [22mNormalized user roles: [ [32m'hr manager'[39m ]

[1A[2K[2m[WebServer] [22mNormalized required roles: [
[2m[WebServer] [22m  [32m'department employee'[39m,
[2m[WebServer] [22m  [32m'hr employee'[39m,
[2m[WebServer] [22m  [32m'department head'[39m,
[2m[WebServer] [22m  [32m'hr manager'[39m,
[2m[WebServer] [22m  [32m'hr admin'[39m,
[2m[WebServer] [22m  [32m'system admin'[39m
[2m[WebServer] [22m]

[1A[2K[2m[WebServer] [22mHas required role? [33mtrue[39m

[1A[2K[2m[WebServer] [22mΓ£ö ACCESS GRANTED Γ£ö

[1A[2K[2m[WebServer] [22m≡ƒöì [TrackingController] getMyHistory: {
[2m[WebServer] [22m  filters: [Object: null prototype] {},
[2m[WebServer] [22m  userId: [32m'6928cf79fe9ff406e6610feb'[39m
[2m[WebServer] [22m}

[1A[2KΓ£à HR override accessible

[1A[2K[31/35] [chromium] ΓÇ║ leave-tests.spec.ts:1038:7 ΓÇ║ ≡ƒæö HR MANAGER (EMP-1019) - All HR Scenarios ΓÇ║ Γ£à Y1-Y7: Finalize multi-level approvals
[1A[2K[chromium] ΓÇ║ leave-tests.spec.ts:1038:7 ΓÇ║ ≡ƒæö HR MANAGER (EMP-1019) - All HR Scenarios ΓÇ║ Γ£à Y1-Y7: Finalize multi-level approvals
≡ƒöÉ Logging in as: hr.hr.hr@example.com

[1A[2K[2m[WebServer] [22m GET /login [32m200[39m in 31ms[2m (compile: 2ms, render: 29ms)[22m

[1A[2K[2m[WebServer] [22m≡ƒöÑ JwtAuthGuard: canActivate CALLED

[1A[2K[2m[WebServer] [22m≡ƒöì JWT Extractor - All cookies: [Object: null prototype] {}
[2m[WebServer] [22m≡ƒöì JWT Extractor - Headers: [90mundefined[39m
[2m[WebServer] [22m≡ƒöì JWT Extractor - accessToken: NOT FOUND

[1A[2K[2m[WebServer] [22m≡ƒöÑ JwtAuthGuard: handleRequest() {
[2m[WebServer] [22m  err: [1mnull[22m,
[2m[WebServer] [22m  user: [33mfalse[39m,
[2m[WebServer] [22m  info: Error: No auth token
[2m[WebServer] [22m      at JwtStrategy.authenticate [90m(C:\Users\Bedon\Desktop\semester-5-software-project\backend\[39mnode_modules\[4mpassport-jwt[24m\lib\strategy.js:96:26[90m)[39m
[2m[WebServer] [22m      at attempt [90m(C:\Users\Bedon\Desktop\semester-5-software-project\backend\[39mnode_modules\[4mpassport[24m\lib\middleware\authenticate.js:378:16[90m)[39m
[2m[WebServer] [22m      at authenticate [90m(C:\Users\Bedon\Desktop\semester-5-software-project\backend\[39mnode_modules\[4mpassport[24m\lib\middleware\authenticate.js:379:7[90m)[39m
[2m[WebServer] [22m      at [90mC:\Users\Bedon\Desktop\semester-5-software-project\backend\[39mnode_modules\[4m@nestjs[24m\passport\dist\auth.guard.js:88:3
[2m[WebServer] [22m      at new Promise (<anonymous>)
[2m[WebServer] [22m      at [90mC:\Users\Bedon\Desktop\semester-5-software-project\backend\[39mnode_modules\[4m@nestjs[24m\passport\dist\auth.guard.js:80:83
[2m[WebServer] [22m      at JwtAuthGuard.canActivate [90m(C:\Users\Bedon\Desktop\semester-5-software-project\backend\[39mnode_modules\[4m@nestjs[24m\passport\dist\auth.guard.js:44:32[90m)[39m
[2m[WebServer] [22m  [90m    at process.processTicksAndRejections (node:internal/process/task_queues:105:5)[39m
[2m[WebServer] [22m}

[1A[2K[2m[WebServer] [22mΓ¥î JwtAuthGuard INFO: Error: No auth token
[2m[WebServer] [22m    at JwtStrategy.authenticate 
[90m(C:\Users\Bedon\Desktop\semester-5-software-project\backend\[39mnode_modules\[4mpassport-jwt[24m\lib\strategy.js:96:26[90m)[39m
[2m[WebServer] [22m    at attempt 
[90m(C:\Users\Bedon\Desktop\semester-5-software-project\backend\[39mnode_modules\[4mpassport[24m\lib\middleware\authenticate.js:378:16[90m)[39m
[2m[WebServer] [22m    at authenticate 
[90m(C:\Users\Bedon\Desktop\semester-5-software-project\backend\[39mnode_modules\[4mpassport[24m\lib\middleware\authenticate.js:379:7[90m)[39m
[2m[WebServer] [22m    at [90mC:\Users\Bedon\Desktop\semester-5-software-project\backend\[39mnode_modules\[4m@nestjs[24m\passport\dist\auth.guard.js:88:3

[2m[WebServer] [22m    at new Promise (<anonymous>)
[2m[WebServer] [22m    at 
[90mC:\Users\Bedon\Desktop\semester-5-software-project\backend\[39mnode_modules\[4m@nestjs[24m\passport\dist\auth.guard.js:80:83
[2m[WebServer] [22m    at JwtAuthGuard.canActivate 
[90m(C:\Users\Bedon\Desktop\semester-5-software-project\backend\[39mnode_modules\[4m@nestjs[24m\passport\dist\auth.guard.js:44:32[90m)[39m
[2m[WebServer] [22m[90m    at process.processTicksAndRejections (node:internal/process/task_queues:105:5)[39m
[1A[2K[2m[WebServer] [22mΓ¥î JwtAuthGuard FAILING ΓåÆ No auth token

[1A[2K[2m[WebServer] [22mVALIDATE EMPLOYEE - systemRole = {
[2m[WebServer] [22m  _id: new ObjectId([32m'6928cf79fe9ff406e6610fed'[39m),
[2m[WebServer] [22m  employeeProfileId: new ObjectId([32m'6928cf79fe9ff406e6610feb'[39m),
[2m[WebServer] [22m  roles: [ [32m'HR Manager'[39m ],
[2m[WebServer] [22m  permissions: [],
[2m[WebServer] [22m  isActive: [33mtrue[39m,
[2m[WebServer] [22m  createdAt: [35m2025-11-27T22:23:53.913Z[39m,
[2m[WebServer] [22m  updatedAt: [35m2025-11-27T22:23:53.913Z[39m,
[2m[WebServer] [22m  __v: [33m0[39m
[2m[WebServer] [22m}

[1A[2K[2m[WebServer] [22mGenerated token: eyJhbGciOiJIUzI1NiIsInR5cCI6IkpXVCJ9.eyJzdWIiOiI2OTI4Y2Y3OWZlOWZmNDA2ZTY2MTBmZWIiLCJ3b3JrRW1haWwiOiJoci5oci5ockBleGFtcGxlLmNvbSIsInJvbGVzIjpbIkhSIE1hbmFnZXIiXSwicGVybWlzc2lvbnMiOltdLCJwcmltYXJ5RGVwYXJ0bWVudElkIjoiNjc1MWZlNTFkM2EzOGE5NTBiYTQwYzExIiwiZW1wbG95ZWVOdW1iZXIiOiJFTVAtMTAxOSIsImlhdCI6MTc2NTk4MjA0NSwiZXhwIjoxNzY2MDY4NDQ1fQ.jlXzNftRMlqldi_ifP6vs71Sx_7A7HuTAWuHqCjSokA

[1A[2K[2m[WebServer] [22m GET /leaves [32m200[39m in 15ms[2m (compile: 3ms, render: 12ms)[22m

[1A[2KΓ£à Login successful

[1A[2KΓ£à Testing HR Final Approval

[1A[2K[2m[WebServer] [22m≡ƒöÑ JwtAuthGuard: canActivate CALLED

[1A[2K[2m[WebServer] [22m≡ƒöì JWT Extractor - All cookies: {
[2m[WebServer] [22m  accessToken: [32m'eyJhbGciOiJIUzI1NiIsInR5cCI6IkpXVCJ9.eyJzdWIiOiI2OTI4Y2Y3OWZlOWZmNDA2ZTY2MTBmZWIiLCJ3b3JrRW1haWwiOiJoci5oci5ockBleGFtcGxlLmNvbSIsInJvbGVzIjpbIkhSIE1hbmFnZXIiXSwicGVybWlzc2lvbnMiOltdLCJwcmltYXJ5RGVwYXJ0bWVudElkIjoiNjc1MWZlNTFkM2EzOGE5NTBiYTQwYzExIiwiZW1wbG95ZWVOdW1iZXIiOiJFTVAtMTAxOSIsImlhdCI6MTc2NTk4MjA0NSwiZXhwIjoxNzY2MDY4NDQ1fQ.jlXzNftRMlqldi_ifP6vs71Sx_7A7HuTAWuHqCjSokA'[39m
[2m[WebServer] [22m}

[1A[2K[2m[WebServer] [22m≡ƒöì JWT Extractor - Headers: accessToken=eyJhbGciOiJIUzI1NiIsInR5cCI6IkpXVCJ9.eyJzdWIiOiI2OTI4Y2Y3OWZlOWZmNDA2ZTY2MTBmZWIiLCJ3b3JrRW1haWwiOiJoci5oci5ockBleGFtcGxlLmNvbSIsInJvbGVzIjpbIkhSIE1hbmFnZXIiXSwicGVybWlzc2lvbnMiOltdLCJwcmltYXJ5RGVwYXJ0bWVudElkIjoiNjc1MWZlNTFkM2EzOGE5NTBiYTQwYzExIiwiZW1wbG95ZWVOdW1iZXIiOiJFTVAtMTAxOSIsImlhdCI6MTc2NTk4MjA0NSwiZXhwIjoxNzY2MDY4NDQ1fQ.jlXzNftRMlqldi_ifP6vs71Sx_7A7HuTAWuHqCjSokA
[2m[WebServer] [22m≡ƒöì JWT Extractor - accessToken: FOUND

[1A[2K[2m[WebServer] [22mJwtStrategy VALIDATE: {
[2m[WebServer] [22m  sub: [32m'6928cf79fe9ff406e6610feb'[39m,
[2m[WebServer] [22m  workEmail: [32m'hr.hr.hr@example.com'[39m,
[2m[WebServer] [22m  roles: [ [32m'HR Manager'[39m ],
[2m[WebServer] [22m  permissions: [],
[2m[WebServer] [22m  primaryDepartmentId: [32m'6751fe51d3a38a950ba40c11'[39m,
[2m[WebServer] [22m  employeeNumber: [32m'EMP-1019'[39m,
[2m[WebServer] [22m  iat: [33m1765982045[39m,
[2m[WebServer] [22m  exp: [33m1766068445[39m
[2m[WebServer] [22m}

[1A[2K[2m[WebServer] [22m≡ƒöÑ JwtAuthGuard: handleRequest() {
[2m[WebServer] [22m  err: [1mnull[22m,
[2m[WebServer] [22m  user: {
[2m[WebServer] [22m    id: [32m'6928cf79fe9ff406e6610feb'[39m,
[2m[WebServer] [22m    workEmail: [32m'hr.hr.hr@example.com'[39m,
[2m[WebServer] [22m    roles: [ [32m'HR Manager'[39m ],
[2m[WebServer] [22m    permissions: [],
[2m[WebServer] [22m    primaryDepartmentId: [32m'6751fe51d3a38a950ba40c11'[39m,
[2m[WebServer] [22m    employeeNumber: [32m'EMP-1019'[39m
[2m[WebServer] [22m  },
[2m[WebServer] [22m  info: [90mundefined[39m
[2m[WebServer] [22m}
[2m[WebServer] [22mΓ£à JwtAuthGuard SUCCESS ΓåÆ user authenticated: 6928cf79fe9ff406e6610feb
[2m[WebServer] [22m≡ƒöÑ RolesGuard running!

[1A[2K[2m[WebServer] [22m
[2m[WebServer] [22m===== ROLE GUARD =====
[2m[WebServer] [22mRequired roles: [
[2m[WebServer] [22m  [32m'department employee'[39m,
[2m[WebServer] [22m  [32m'HR Employee'[39m,
[2m[WebServer] [22m  [32m'department head'[39m,
[2m[WebServer] [22m  [32m'HR Manager'[39m,
[2m[WebServer] [22m  [32m'HR Admin'[39m,
[2m[WebServer] [22m  [32m'System Admin'[39m
[2m[WebServer] [22m]

[1A[2K[2m[WebServer] [22mUser object: {
[2m[WebServer] [22m  id: [32m'6928cf79fe9ff406e6610feb'[39m,
[2m[WebServer] [22m  workEmail: [32m'hr.hr.hr@example.com'[39m,
[2m[WebServer] [22m  roles: [ [32m'HR Manager'[39m ],
[2m[WebServer] [22m  permissions: [],
[2m[WebServer] [22m  primaryDepartmentId: [32m'6751fe51d3a38a950ba40c11'[39m,
[2m[WebServer] [22m  employeeNumber: [32m'EMP-1019'[39m
[2m[WebServer] [22m}

[1A[2K[2m[WebServer] [22mNormalized user roles: [ [32m'hr manager'[39m ]

[1A[2K[2m[WebServer] [22mNormalized required roles: [
[2m[WebServer] [22m  [32m'department employee'[39m,
[2m[WebServer] [22m  [32m'hr employee'[39m,
[2m[WebServer] [22m  [32m'department head'[39m,
[2m[WebServer] [22m  [32m'hr manager'[39m,
[2m[WebServer] [22m  [32m'hr admin'[39m,
[2m[WebServer] [22m  [32m'system admin'[39m
[2m[WebServer] [22m]
[2m[WebServer] [22mHas required role? [33mtrue[39m

[1A[2K[2m[WebServer] [22mΓ£ö ACCESS GRANTED Γ£ö

[1A[2K[2m[WebServer] [22m≡ƒöì [TrackingController] getMyBalances: {
[2m[WebServer] [22m  query: [Object: null prototype] {},
[2m[WebServer] [22m  userId: [32m'6928cf79fe9ff406e6610feb'[39m
[2m[WebServer] [22m}

[1A[2K[2m[WebServer] [22m≡ƒöÑ JwtAuthGuard: canActivate CALLED

[1A[2K[2m[WebServer] [22m≡ƒöì JWT Extractor - All cookies: {
[2m[WebServer] [22m  accessToken: [32m'eyJhbGciOiJIUzI1NiIsInR5cCI6IkpXVCJ9.eyJzdWIiOiI2OTI4Y2Y3OWZlOWZmNDA2ZTY2MTBmZWIiLCJ3b3JrRW1haWwiOiJoci5oci5ockBleGFtcGxlLmNvbSIsInJvbGVzIjpbIkhSIE1hbmFnZXIiXSwicGVybWlzc2lvbnMiOltdLCJwcmltYXJ5RGVwYXJ0bWVudElkIjoiNjc1MWZlNTFkM2EzOGE5NTBiYTQwYzExIiwiZW1wbG95ZWVOdW1iZXIiOiJFTVAtMTAxOSIsImlhdCI6MTc2NTk4MjA0NSwiZXhwIjoxNzY2MDY4NDQ1fQ.jlXzNftRMlqldi_ifP6vs71Sx_7A7HuTAWuHqCjSokA'[39m
[2m[WebServer] [22m}

[1A[2K[2m[WebServer] [22m≡ƒöì JWT Extractor - Headers: accessToken=eyJhbGciOiJIUzI1NiIsInR5cCI6IkpXVCJ9.eyJzdWIiOiI2OTI4Y2Y3OWZlOWZmNDA2ZTY2MTBmZWIiLCJ3b3JrRW1haWwiOiJoci5oci5ockBleGFtcGxlLmNvbSIsInJvbGVzIjpbIkhSIE1hbmFnZXIiXSwicGVybWlzc2lvbnMiOltdLCJwcmltYXJ5RGVwYXJ0bWVudElkIjoiNjc1MWZlNTFkM2EzOGE5NTBiYTQwYzExIiwiZW1wbG95ZWVOdW1iZXIiOiJFTVAtMTAxOSIsImlhdCI6MTc2NTk4MjA0NSwiZXhwIjoxNzY2MDY4NDQ1fQ.jlXzNftRMlqldi_ifP6vs71Sx_7A7HuTAWuHqCjSokA
[2m[WebServer] [22m≡ƒöì JWT Extractor - accessToken: FOUND

[1A[2K[2m[WebServer] [22mJwtStrategy VALIDATE: {
[2m[WebServer] [22m  sub: [32m'6928cf79fe9ff406e6610feb'[39m,
[2m[WebServer] [22m  workEmail: [32m'hr.hr.hr@example.com'[39m,
[2m[WebServer] [22m  roles: [ [32m'HR Manager'[39m ],
[2m[WebServer] [22m  permissions: [],
[2m[WebServer] [22m  primaryDepartmentId: [32m'6751fe51d3a38a950ba40c11'[39m,
[2m[WebServer] [22m  employeeNumber: [32m'EMP-1019'[39m,
[2m[WebServer] [22m  iat: [33m1765982045[39m,
[2m[WebServer] [22m  exp: [33m1766068445[39m
[2m[WebServer] [22m}

[1A[2K[2m[WebServer] [22m≡ƒöÑ JwtAuthGuard: handleRequest() {
[2m[WebServer] [22m  err: [1mnull[22m,
[2m[WebServer] [22m  user: {
[2m[WebServer] [22m    id: [32m'6928cf79fe9ff406e6610feb'[39m,
[2m[WebServer] [22m    workEmail: [32m'hr.hr.hr@example.com'[39m,
[2m[WebServer] [22m    roles: [ [32m'HR Manager'[39m ],
[2m[WebServer] [22m    permissions: [],
[2m[WebServer] [22m    primaryDepartmentId: [32m'6751fe51d3a38a950ba40c11'[39m,
[2m[WebServer] [22m    employeeNumber: [32m'EMP-1019'[39m
[2m[WebServer] [22m  },
[2m[WebServer] [22m  info: [90mundefined[39m
[2m[WebServer] [22m}
[2m[WebServer] [22mΓ£à JwtAuthGuard SUCCESS ΓåÆ user authenticated: 6928cf79fe9ff406e6610feb
[2m[WebServer] [22m≡ƒöÑ RolesGuard running!

[1A[2K[2m[WebServer] [22m
[2m[WebServer] [22m===== ROLE GUARD =====
[2m[WebServer] [22mRequired roles: [
[2m[WebServer] [22m  [32m'department employee'[39m,
[2m[WebServer] [22m  [32m'HR Employee'[39m,
[2m[WebServer] [22m  [32m'department head'[39m,
[2m[WebServer] [22m  [32m'HR Manager'[39m,
[2m[WebServer] [22m  [32m'HR Admin'[39m,
[2m[WebServer] [22m  [32m'System Admin'[39m
[2m[WebServer] [22m]
[2m[WebServer] [22mUser object: {
[2m[WebServer] [22m  id: [32m'6928cf79fe9ff406e6610feb'[39m,
[2m[WebServer] [22m  workEmail: [32m'hr.hr.hr@example.com'[39m,
[2m[WebServer] [22m  roles: [ [32m'HR Manager'[39m ],
[2m[WebServer] [22m  permissions: [],
[2m[WebServer] [22m  primaryDepartmentId: [32m'6751fe51d3a38a950ba40c11'[39m,
[2m[WebServer] [22m  employeeNumber: [32m'EMP-1019'[39m
[2m[WebServer] [22m}

[1A[2K[2m[WebServer] [22mNormalized user roles: [ [32m'hr manager'[39m ]
[2m[WebServer] [22mNormalized required roles: [
[2m[WebServer] [22m  [32m'department employee'[39m,
[2m[WebServer] [22m  [32m'hr employee'[39m,
[2m[WebServer] [22m  [32m'department head'[39m,
[2m[WebServer] [22m  [32m'hr manager'[39m,
[2m[WebServer] [22m  [32m'hr admin'[39m,
[2m[WebServer] [22m  [32m'system admin'[39m
[2m[WebServer] [22m]
[2m[WebServer] [22mHas required role? [33mtrue[39m
[2m[WebServer] [22mΓ£ö ACCESS GRANTED Γ£ö

[1A[2K[2m[WebServer] [22m≡ƒöì [TrackingController] getMyHistory: {
[2m[WebServer] [22m  filters: [Object: null prototype] {},
[2m[WebServer] [22m  userId: [32m'6928cf79fe9ff406e6610feb'[39m
[2m[WebServer] [22m}

[1A[2K[2m[WebServer] [22m GET /leaves [32m200[39m in 107ms[2m (compile: 3ms, render: 103ms)[22m

[1A[2K[2m[WebServer] [22m≡ƒöÑ JwtAuthGuard: canActivate CALLED

[1A[2K[2m[WebServer] [22m≡ƒöì JWT Extractor - All cookies: {
[2m[WebServer] [22m  accessToken: [32m'eyJhbGciOiJIUzI1NiIsInR5cCI6IkpXVCJ9.eyJzdWIiOiI2OTI4Y2Y3OWZlOWZmNDA2ZTY2MTBmZWIiLCJ3b3JrRW1haWwiOiJoci5oci5ockBleGFtcGxlLmNvbSIsInJvbGVzIjpbIkhSIE1hbmFnZXIiXSwicGVybWlzc2lvbnMiOltdLCJwcmltYXJ5RGVwYXJ0bWVudElkIjoiNjc1MWZlNTFkM2EzOGE5NTBiYTQwYzExIiwiZW1wbG95ZWVOdW1iZXIiOiJFTVAtMTAxOSIsImlhdCI6MTc2NTk4MjA0NSwiZXhwIjoxNzY2MDY4NDQ1fQ.jlXzNftRMlqldi_ifP6vs71Sx_7A7HuTAWuHqCjSokA'[39m
[2m[WebServer] [22m}

[1A[2K[2m[WebServer] [22m≡ƒöì JWT Extractor - Headers: accessToken=eyJhbGciOiJIUzI1NiIsInR5cCI6IkpXVCJ9.eyJzdWIiOiI2OTI4Y2Y3OWZlOWZmNDA2ZTY2MTBmZWIiLCJ3b3JrRW1haWwiOiJoci5oci5ockBleGFtcGxlLmNvbSIsInJvbGVzIjpbIkhSIE1hbmFnZXIiXSwicGVybWlzc2lvbnMiOltdLCJwcmltYXJ5RGVwYXJ0bWVudElkIjoiNjc1MWZlNTFkM2EzOGE5NTBiYTQwYzExIiwiZW1wbG95ZWVOdW1iZXIiOiJFTVAtMTAxOSIsImlhdCI6MTc2NTk4MjA0NSwiZXhwIjoxNzY2MDY4NDQ1fQ.jlXzNftRMlqldi_ifP6vs71Sx_7A7HuTAWuHqCjSokA
[2m[WebServer] [22m≡ƒöì JWT Extractor - accessToken: FOUND

[1A[2K[2m[WebServer] [22mJwtStrategy VALIDATE: {
[2m[WebServer] [22m  sub: [32m'6928cf79fe9ff406e6610feb'[39m,
[2m[WebServer] [22m  workEmail: [32m'hr.hr.hr@example.com'[39m,
[2m[WebServer] [22m  roles: [ [32m'HR Manager'[39m ],
[2m[WebServer] [22m  permissions: [],
[2m[WebServer] [22m  primaryDepartmentId: [32m'6751fe51d3a38a950ba40c11'[39m,
[2m[WebServer] [22m  employeeNumber: [32m'EMP-1019'[39m,
[2m[WebServer] [22m  iat: [33m1765982045[39m,
[2m[WebServer] [22m  exp: [33m1766068445[39m
[2m[WebServer] [22m}

[1A[2K[2m[WebServer] [22m≡ƒöÑ JwtAuthGuard: handleRequest() {
[2m[WebServer] [22m  err: [1mnull[22m,
[2m[WebServer] [22m  user: {
[2m[WebServer] [22m    id: [32m'6928cf79fe9ff406e6610feb'[39m,
[2m[WebServer] [22m    workEmail: [32m'hr.hr.hr@example.com'[39m,
[2m[WebServer] [22m    roles: [ [32m'HR Manager'[39m ],
[2m[WebServer] [22m    permissions: [],
[2m[WebServer] [22m    primaryDepartmentId: [32m'6751fe51d3a38a950ba40c11'[39m,
[2m[WebServer] [22m    employeeNumber: [32m'EMP-1019'[39m
[2m[WebServer] [22m  },
[2m[WebServer] [22m  info: [90mundefined[39m
[2m[WebServer] [22m}
[2m[WebServer] [22mΓ£à JwtAuthGuard SUCCESS ΓåÆ user authenticated: 6928cf79fe9ff406e6610feb

[1A[2K[2m[WebServer] [22m≡ƒöÑ JwtAuthGuard: canActivate CALLED

[1A[2K[2m[WebServer] [22m≡ƒöì JWT Extractor - All cookies: {
[2m[WebServer] [22m  accessToken: [32m'eyJhbGciOiJIUzI1NiIsInR5cCI6IkpXVCJ9.eyJzdWIiOiI2OTI4Y2Y3OWZlOWZmNDA2ZTY2MTBmZWIiLCJ3b3JrRW1haWwiOiJoci5oci5ockBleGFtcGxlLmNvbSIsInJvbGVzIjpbIkhSIE1hbmFnZXIiXSwicGVybWlzc2lvbnMiOltdLCJwcmltYXJ5RGVwYXJ0bWVudElkIjoiNjc1MWZlNTFkM2EzOGE5NTBiYTQwYzExIiwiZW1wbG95ZWVOdW1iZXIiOiJFTVAtMTAxOSIsImlhdCI6MTc2NTk4MjA0NSwiZXhwIjoxNzY2MDY4NDQ1fQ.jlXzNftRMlqldi_ifP6vs71Sx_7A7HuTAWuHqCjSokA'[39m
[2m[WebServer] [22m}

[1A[2K[2m[WebServer] [22m≡ƒöì JWT Extractor - Headers: accessToken=eyJhbGciOiJIUzI1NiIsInR5cCI6IkpXVCJ9.eyJzdWIiOiI2OTI4Y2Y3OWZlOWZmNDA2ZTY2MTBmZWIiLCJ3b3JrRW1haWwiOiJoci5oci5ockBleGFtcGxlLmNvbSIsInJvbGVzIjpbIkhSIE1hbmFnZXIiXSwicGVybWlzc2lvbnMiOltdLCJwcmltYXJ5RGVwYXJ0bWVudElkIjoiNjc1MWZlNTFkM2EzOGE5NTBiYTQwYzExIiwiZW1wbG95ZWVOdW1iZXIiOiJFTVAtMTAxOSIsImlhdCI6MTc2NTk4MjA0NSwiZXhwIjoxNzY2MDY4NDQ1fQ.jlXzNftRMlqldi_ifP6vs71Sx_7A7HuTAWuHqCjSokA
[2m[WebServer] [22m≡ƒöì JWT Extractor - accessToken: FOUND

[1A[2K[2m[WebServer] [22mJwtStrategy VALIDATE: {
[2m[WebServer] [22m  sub: [32m'6928cf79fe9ff406e6610feb'[39m,
[2m[WebServer] [22m  workEmail: [32m'hr.hr.hr@example.com'[39m,
[2m[WebServer] [22m  roles: [ [32m'HR Manager'[39m ],
[2m[WebServer] [22m  permissions: [],
[2m[WebServer] [22m  primaryDepartmentId: [32m'6751fe51d3a38a950ba40c11'[39m,
[2m[WebServer] [22m  employeeNumber: [32m'EMP-1019'[39m,
[2m[WebServer] [22m  iat: [33m1765982045[39m,
[2m[WebServer] [22m  exp: [33m1766068445[39m
[2m[WebServer] [22m}

[1A[2K[2m[WebServer] [22m≡ƒöÑ JwtAuthGuard: handleRequest() {
[2m[WebServer] [22m  err: [1mnull[22m,
[2m[WebServer] [22m  user: {
[2m[WebServer] [22m    id: [32m'6928cf79fe9ff406e6610feb'[39m,
[2m[WebServer] [22m    workEmail: [32m'hr.hr.hr@example.com'[39m,
[2m[WebServer] [22m    roles: [ [32m'HR Manager'[39m ],
[2m[WebServer] [22m    permissions: [],
[2m[WebServer] [22m    primaryDepartmentId: [32m'6751fe51d3a38a950ba40c11'[39m,
[2m[WebServer] [22m    employeeNumber: [32m'EMP-1019'[39m
[2m[WebServer] [22m  },
[2m[WebServer] [22m  info: [90mundefined[39m
[2m[WebServer] [22m}
[2m[WebServer] [22mΓ£à JwtAuthGuard SUCCESS ΓåÆ user authenticated: 6928cf79fe9ff406e6610feb
[2m[WebServer] [22m≡ƒöÑ RolesGuard running!
[2m[WebServer] [22m
[2m[WebServer] [22m===== ROLE GUARD =====

[1A[2K[2m[WebServer] [22mRequired roles: [
[2m[WebServer] [22m  [32m'department employee'[39m,
[2m[WebServer] [22m  [32m'HR Employee'[39m,
[2m[WebServer] [22m  [32m'department head'[39m,
[2m[WebServer] [22m  [32m'HR Manager'[39m,
[2m[WebServer] [22m  [32m'HR Admin'[39m,
[2m[WebServer] [22m  [32m'System Admin'[39m
[2m[WebServer] [22m]
[2m[WebServer] [22mUser object: {
[2m[WebServer] [22m  id: [32m'6928cf79fe9ff406e6610feb'[39m,
[2m[WebServer] [22m  workEmail: [32m'hr.hr.hr@example.com'[39m,
[2m[WebServer] [22m  roles: [ [32m'HR Manager'[39m ],
[2m[WebServer] [22m  permissions: [],
[2m[WebServer] [22m  primaryDepartmentId: [32m'6751fe51d3a38a950ba40c11'[39m,
[2m[WebServer] [22m  employeeNumber: [32m'EMP-1019'[39m
[2m[WebServer] [22m}

[1A[2K[2m[WebServer] [22mNormalized user roles: [ [32m'hr manager'[39m ]

[1A[2K[2m[WebServer] [22mNormalized required roles: [
[2m[WebServer] [22m  [32m'department employee'[39m,
[2m[WebServer] [22m  [32m'hr employee'[39m,
[2m[WebServer] [22m  [32m'department head'[39m,
[2m[WebServer] [22m  [32m'hr manager'[39m,
[2m[WebServer] [22m  [32m'hr admin'[39m,
[2m[WebServer] [22m  [32m'system admin'[39m
[2m[WebServer] [22m]

[1A[2K[2m[WebServer] [22mHas required role? [33mtrue[39m
[2m[WebServer] [22mΓ£ö ACCESS GRANTED Γ£ö
[2m[WebServer] [22m≡ƒöì [TrackingController] getMyBalances: {
[2m[WebServer] [22m  query: [Object: null prototype] {},
[2m[WebServer] [22m  userId: [32m'6928cf79fe9ff406e6610feb'[39m
[2m[WebServer] [22m}

[1A[2K[2m[WebServer] [22m≡ƒöÑ JwtAuthGuard: canActivate CALLED

[1A[2K[2m[WebServer] [22m≡ƒöì JWT Extractor - All cookies: {
[2m[WebServer] [22m  accessToken: [32m'eyJhbGciOiJIUzI1NiIsInR5cCI6IkpXVCJ9.eyJzdWIiOiI2OTI4Y2Y3OWZlOWZmNDA2ZTY2MTBmZWIiLCJ3b3JrRW1haWwiOiJoci5oci5ockBleGFtcGxlLmNvbSIsInJvbGVzIjpbIkhSIE1hbmFnZXIiXSwicGVybWlzc2lvbnMiOltdLCJwcmltYXJ5RGVwYXJ0bWVudElkIjoiNjc1MWZlNTFkM2EzOGE5NTBiYTQwYzExIiwiZW1wbG95ZWVOdW1iZXIiOiJFTVAtMTAxOSIsImlhdCI6MTc2NTk4MjA0NSwiZXhwIjoxNzY2MDY4NDQ1fQ.jlXzNftRMlqldi_ifP6vs71Sx_7A7HuTAWuHqCjSokA'[39m
[2m[WebServer] [22m}
[2m[WebServer] [22m≡ƒöì JWT Extractor - Headers: accessToken=eyJhbGciOiJIUzI1NiIsInR5cCI6IkpXVCJ9.eyJzdWIiOiI2OTI4Y2Y3OWZlOWZmNDA2ZTY2MTBmZWIiLCJ3b3JrRW1haWwiOiJoci5oci5ockBleGFtcGxlLmNvbSIsInJvbGVzIjpbIkhSIE1hbmFnZXIiXSwicGVybWlzc2lvbnMiOltdLCJwcmltYXJ5RGVwYXJ0bWVudElkIjoiNjc1MWZlNTFkM2EzOGE5NTBiYTQwYzExIiwiZW1wbG95ZWVOdW1iZXIiOiJFTVAtMTAxOSIsImlhdCI6MTc2NTk4MjA0NSwiZXhwIjoxNzY2MDY4NDQ1fQ.jlXzNftRMlqldi_ifP6vs71Sx_7A7HuTAWuHqCjSokA

[1A[2K[2m[WebServer] [22m≡ƒöì JWT Extractor - accessToken: FOUND

[1A[2K[2m[WebServer] [22mJwtStrategy VALIDATE: {
[2m[WebServer] [22m  sub: [32m'6928cf79fe9ff406e6610feb'[39m,
[2m[WebServer] [22m  workEmail: [32m'hr.hr.hr@example.com'[39m,
[2m[WebServer] [22m  roles: [ [32m'HR Manager'[39m ],
[2m[WebServer] [22m  permissions: [],
[2m[WebServer] [22m  primaryDepartmentId: [32m'6751fe51d3a38a950ba40c11'[39m,
[2m[WebServer] [22m  employeeNumber: [32m'EMP-1019'[39m,
[2m[WebServer] [22m  iat: [33m1765982045[39m,
[2m[WebServer] [22m  exp: [33m1766068445[39m
[2m[WebServer] [22m}

[1A[2K[2m[WebServer] [22m≡ƒöÑ JwtAuthGuard: handleRequest() {
[2m[WebServer] [22m  err: [1mnull[22m,
[2m[WebServer] [22m  user: {
[2m[WebServer] [22m    id: [32m'6928cf79fe9ff406e6610feb'[39m,
[2m[WebServer] [22m    workEmail: [32m'hr.hr.hr@example.com'[39m,
[2m[WebServer] [22m    roles: [ [32m'HR Manager'[39m ],
[2m[WebServer] [22m    permissions: [],
[2m[WebServer] [22m    primaryDepartmentId: [32m'6751fe51d3a38a950ba40c11'[39m,
[2m[WebServer] [22m    employeeNumber: [32m'EMP-1019'[39m
[2m[WebServer] [22m  },
[2m[WebServer] [22m  info: [90mundefined[39m
[2m[WebServer] [22m}
[2m[WebServer] [22mΓ£à JwtAuthGuard SUCCESS ΓåÆ user authenticated: 6928cf79fe9ff406e6610feb
[2m[WebServer] [22m≡ƒöÑ RolesGuard running!
[2m[WebServer] [22m
[2m[WebServer] [22m===== ROLE GUARD =====

[1A[2K[2m[WebServer] [22mRequired roles: [
[2m[WebServer] [22m  [32m'department employee'[39m,
[2m[WebServer] [22m  [32m'HR Employee'[39m,
[2m[WebServer] [22m  [32m'department head'[39m,
[2m[WebServer] [22m  [32m'HR Manager'[39m,
[2m[WebServer] [22m  [32m'HR Admin'[39m,
[2m[WebServer] [22m  [32m'System Admin'[39m
[2m[WebServer] [22m]

[1A[2K[2m[WebServer] [22mUser object: {
[2m[WebServer] [22m  id: [32m'6928cf79fe9ff406e6610feb'[39m,
[2m[WebServer] [22m  workEmail: [32m'hr.hr.hr@example.com'[39m,
[2m[WebServer] [22m  roles: [ [32m'HR Manager'[39m ],
[2m[WebServer] [22m  permissions: [],
[2m[WebServer] [22m  primaryDepartmentId: [32m'6751fe51d3a38a950ba40c11'[39m,
[2m[WebServer] [22m  employeeNumber: [32m'EMP-1019'[39m
[2m[WebServer] [22m}
[2m[WebServer] [22mNormalized user roles: [ [32m'hr manager'[39m ]

[1A[2K[2m[WebServer] [22mNormalized required roles: [
[2m[WebServer] [22m  [32m'department employee'[39m,
[2m[WebServer] [22m  [32m'hr employee'[39m,
[2m[WebServer] [22m  [32m'department head'[39m,
[2m[WebServer] [22m  [32m'hr manager'[39m,
[2m[WebServer] [22m  [32m'hr admin'[39m,
[2m[WebServer] [22m  [32m'system admin'[39m
[2m[WebServer] [22m]

[1A[2K[2m[WebServer] [22mHas required role? [33mtrue[39m
[2m[WebServer] [22mΓ£ö ACCESS GRANTED Γ£ö

[1A[2K[2m[WebServer] [22m≡ƒöì [TrackingController] getMyHistory: {
[2m[WebServer] [22m  filters: [Object: null prototype] {},
[2m[WebServer] [22m  userId: [32m'6928cf79fe9ff406e6610feb'[39m
[2m[WebServer] [22m}

[1A[2KΓ£à Approvals accessible

[1A[2K[32/35] [chromium] ΓÇ║ leave-tests.spec.ts:1050:7 ΓÇ║ ≡ƒæö HR MANAGER (EMP-1019) - All HR Scenarios ΓÇ║ Γ£à Z1-Z10: Manage leave types (REQ-001)
[1A[2K[chromium] ΓÇ║ leave-tests.spec.ts:1050:7 ΓÇ║ ≡ƒæö HR MANAGER (EMP-1019) - All HR Scenarios ΓÇ║ Γ£à Z1-Z10: Manage leave types (REQ-001)
≡ƒöÉ Logging in as: hr.hr.hr@example.com

[1A[2K[2m[WebServer] [22m GET /login [32m200[39m in 43ms[2m (compile: 3ms, render: 40ms)[22m

[1A[2K[2m[WebServer] [22m≡ƒöÑ JwtAuthGuard: canActivate CALLED

[1A[2K[2m[WebServer] [22m≡ƒöì JWT Extractor - All cookies: [Object: null prototype] {}
[2m[WebServer] [22m≡ƒöì JWT Extractor - Headers: [90mundefined[39m

[1A[2K[2m[WebServer] [22m≡ƒöì JWT Extractor - accessToken: NOT FOUND

[1A[2K[2m[WebServer] [22m≡ƒöÑ JwtAuthGuard: handleRequest() {
[2m[WebServer] [22m  err: [1mnull[22m,
[2m[WebServer] [22m  user: [33mfalse[39m,
[2m[WebServer] [22m  info: Error: No auth token
[2m[WebServer] [22m      at JwtStrategy.authenticate [90m(C:\Users\Bedon\Desktop\semester-5-software-project\backend\[39mnode_modules\[4mpassport-jwt[24m\lib\strategy.js:96:26[90m)[39m
[2m[WebServer] [22m      at attempt [90m(C:\Users\Bedon\Desktop\semester-5-software-project\backend\[39mnode_modules\[4mpassport[24m\lib\middleware\authenticate.js:378:16[90m)[39m
[2m[WebServer] [22m      at authenticate [90m(C:\Users\Bedon\Desktop\semester-5-software-project\backend\[39mnode_modules\[4mpassport[24m\lib\middleware\authenticate.js:379:7[90m)[39m
[2m[WebServer] [22m      at [90mC:\Users\Bedon\Desktop\semester-5-software-project\backend\[39mnode_modules\[4m@nestjs[24m\passport\dist\auth.guard.js:88:3
[2m[WebServer] [22m      at new Promise (<anonymous>)
[2m[WebServer] [22m      at [90mC:\Users\Bedon\Desktop\semester-5-software-project\backend\[39mnode_modules\[4m@nestjs[24m\passport\dist\auth.guard.js:80:83
[2m[WebServer] [22m      at JwtAuthGuard.canActivate [90m(C:\Users\Bedon\Desktop\semester-5-software-project\backend\[39mnode_modules\[4m@nestjs[24m\passport\dist\auth.guard.js:44:32[90m)[39m
[2m[WebServer] [22m  [90m    at process.processTicksAndRejections (node:internal/process/task_queues:105:5)[39m
[2m[WebServer] [22m}


[1A[2K[2m[WebServer] [22mΓ¥î JwtAuthGuard INFO: Error: No auth token
[2m[WebServer] [22m    at JwtStrategy.authenticate 
[90m(C:\Users\Bedon\Desktop\semester-5-software-project\backend\[39mnode_modules\[4mpassport-jwt[24m\lib\strategy.js:96:26[90m)[39m
[2m[WebServer] [22m    at attempt 
[90m(C:\Users\Bedon\Desktop\semester-5-software-project\backend\[39mnode_modules\[4mpassport[24m\lib\middleware\authenticate.js:378:16[90m)[39m
[2m[WebServer] [22m    at authenticate 
[90m(C:\Users\Bedon\Desktop\semester-5-software-project\backend\[39mnode_modules\[4mpassport[24m\lib\middleware\authenticate.js:379:7[90m)[39m
[2m[WebServer] [22m    at [90mC:\Users\Bedon\Desktop\semester-5-software-project\backend\[39mnode_modules\[4m@nestjs[24m\passport\dist\auth.guard.js:88:3
[2m[WebServer] [22m    at new Promise (<anonymous>)
[2m[WebServer] [22m    at 
[90mC:\Users\Bedon\Desktop\semester-5-software-project\backend\[39mnode_modules\[4m@nestjs[24m\passport\dist\auth.guard.js:80:83
[2m[WebServer] [22m    at JwtAuthGuard.canActivate 
[90m(C:\Users\Bedon\Desktop\semester-5-software-project\backend\[39mnode_modules\[4m@nestjs[24m\passport\dist\auth.guard.js:44:32[90m)[39m
[2m[WebServer] [22m[90m    at process.processTicksAndRejections (node:internal/process/task_queues:105:5)[39m
[1A[2K[2m[WebServer] [22mΓ¥î JwtAuthGuard FAILING ΓåÆ No auth token

[1A[2K[2m[WebServer] [22mVALIDATE EMPLOYEE - systemRole = {
[2m[WebServer] [22m  _id: new ObjectId([32m'6928cf79fe9ff406e6610fed'[39m),
[2m[WebServer] [22m  employeeProfileId: new ObjectId([32m'6928cf79fe9ff406e6610feb'[39m),
[2m[WebServer] [22m  roles: [ [32m'HR Manager'[39m ],
[2m[WebServer] [22m  permissions: [],
[2m[WebServer] [22m  isActive: [33mtrue[39m,
[2m[WebServer] [22m  createdAt: [35m2025-11-27T22:23:53.913Z[39m,
[2m[WebServer] [22m  updatedAt: [35m2025-11-27T22:23:53.913Z[39m,
[2m[WebServer] [22m  __v: [33m0[39m
[2m[WebServer] [22m}

[1A[2K[2m[WebServer] [22mGenerated token: eyJhbGciOiJIUzI1NiIsInR5cCI6IkpXVCJ9.eyJzdWIiOiI2OTI4Y2Y3OWZlOWZmNDA2ZTY2MTBmZWIiLCJ3b3JrRW1haWwiOiJoci5oci5ockBleGFtcGxlLmNvbSIsInJvbGVzIjpbIkhSIE1hbmFnZXIiXSwicGVybWlzc2lvbnMiOltdLCJwcmltYXJ5RGVwYXJ0bWVudElkIjoiNjc1MWZlNTFkM2EzOGE5NTBiYTQwYzExIiwiZW1wbG95ZWVOdW1iZXIiOiJFTVAtMTAxOSIsImlhdCI6MTc2NTk4MjA0OSwiZXhwIjoxNzY2MDY4NDQ5fQ.bw6HkGHls-Hj9m8UrtDRVw691MCCuy56LLOx8X2IFFU

[1A[2K[2m[WebServer] [22m GET /leaves [32m200[39m in 18ms[2m (compile: 3ms, render: 15ms)[22m

[1A[2KΓ£à Login successful

[1A[2K≡ƒô¥ Testing Leave Types Management

[1A[2K[2m[WebServer] [22m≡ƒöÑ JwtAuthGuard: canActivate CALLED

[1A[2K[2m[WebServer] [22m≡ƒöì JWT Extractor - All cookies: {
[2m[WebServer] [22m  accessToken: [32m'eyJhbGciOiJIUzI1NiIsInR5cCI6IkpXVCJ9.eyJzdWIiOiI2OTI4Y2Y3OWZlOWZmNDA2ZTY2MTBmZWIiLCJ3b3JrRW1haWwiOiJoci5oci5ockBleGFtcGxlLmNvbSIsInJvbGVzIjpbIkhSIE1hbmFnZXIiXSwicGVybWlzc2lvbnMiOltdLCJwcmltYXJ5RGVwYXJ0bWVudElkIjoiNjc1MWZlNTFkM2EzOGE5NTBiYTQwYzExIiwiZW1wbG95ZWVOdW1iZXIiOiJFTVAtMTAxOSIsImlhdCI6MTc2NTk4MjA0OSwiZXhwIjoxNzY2MDY4NDQ5fQ.bw6HkGHls-Hj9m8UrtDRVw691MCCuy56LLOx8X2IFFU'[39m
[2m[WebServer] [22m}

[1A[2K[2m[WebServer] [22m≡ƒöì JWT Extractor - Headers: accessToken=eyJhbGciOiJIUzI1NiIsInR5cCI6IkpXVCJ9.eyJzdWIiOiI2OTI4Y2Y3OWZlOWZmNDA2ZTY2MTBmZWIiLCJ3b3JrRW1haWwiOiJoci5oci5ockBleGFtcGxlLmNvbSIsInJvbGVzIjpbIkhSIE1hbmFnZXIiXSwicGVybWlzc2lvbnMiOltdLCJwcmltYXJ5RGVwYXJ0bWVudElkIjoiNjc1MWZlNTFkM2EzOGE5NTBiYTQwYzExIiwiZW1wbG95ZWVOdW1iZXIiOiJFTVAtMTAxOSIsImlhdCI6MTc2NTk4MjA0OSwiZXhwIjoxNzY2MDY4NDQ5fQ.bw6HkGHls-Hj9m8UrtDRVw691MCCuy56LLOx8X2IFFU
[2m[WebServer] [22m≡ƒöì JWT Extractor - accessToken: FOUND

[1A[2K[2m[WebServer] [22mJwtStrategy VALIDATE: {
[2m[WebServer] [22m  sub: [32m'6928cf79fe9ff406e6610feb'[39m,
[2m[WebServer] [22m  workEmail: [32m'hr.hr.hr@example.com'[39m,
[2m[WebServer] [22m  roles: [ [32m'HR Manager'[39m ],
[2m[WebServer] [22m  permissions: [],
[2m[WebServer] [22m  primaryDepartmentId: [32m'6751fe51d3a38a950ba40c11'[39m,
[2m[WebServer] [22m  employeeNumber: [32m'EMP-1019'[39m,
[2m[WebServer] [22m  iat: [33m1765982049[39m,
[2m[WebServer] [22m  exp: [33m1766068449[39m
[2m[WebServer] [22m}

[1A[2K[2m[WebServer] [22m≡ƒöÑ JwtAuthGuard: handleRequest() {
[2m[WebServer] [22m  err: [1mnull[22m,
[2m[WebServer] [22m  user: {
[2m[WebServer] [22m    id: [32m'6928cf79fe9ff406e6610feb'[39m,
[2m[WebServer] [22m    workEmail: [32m'hr.hr.hr@example.com'[39m,
[2m[WebServer] [22m    roles: [ [32m'HR Manager'[39m ],
[2m[WebServer] [22m    permissions: [],
[2m[WebServer] [22m    primaryDepartmentId: [32m'6751fe51d3a38a950ba40c11'[39m,
[2m[WebServer] [22m    employeeNumber: [32m'EMP-1019'[39m
[2m[WebServer] [22m  },
[2m[WebServer] [22m  info: [90mundefined[39m
[2m[WebServer] [22m}

[1A[2K[2m[WebServer] [22mΓ£à JwtAuthGuard SUCCESS ΓåÆ user authenticated: 6928cf79fe9ff406e6610feb
[2m[WebServer] [22m≡ƒöÑ RolesGuard running!
[2m[WebServer] [22m
[2m[WebServer] [22m===== ROLE GUARD =====

[1A[2K[2m[WebServer] [22mRequired roles: [
[2m[WebServer] [22m  [32m'department employee'[39m,
[2m[WebServer] [22m  [32m'HR Employee'[39m,
[2m[WebServer] [22m  [32m'department head'[39m,
[2m[WebServer] [22m  [32m'HR Manager'[39m,
[2m[WebServer] [22m  [32m'HR Admin'[39m,
[2m[WebServer] [22m  [32m'System Admin'[39m
[2m[WebServer] [22m]

[1A[2K[2m[WebServer] [22mUser object: {
[2m[WebServer] [22m  id: [32m'6928cf79fe9ff406e6610feb'[39m,
[2m[WebServer] [22m  workEmail: [32m'hr.hr.hr@example.com'[39m,
[2m[WebServer] [22m  roles: [ [32m'HR Manager'[39m ],
[2m[WebServer] [22m  permissions: [],
[2m[WebServer] [22m  primaryDepartmentId: [32m'6751fe51d3a38a950ba40c11'[39m,
[2m[WebServer] [22m  employeeNumber: [32m'EMP-1019'[39m
[2m[WebServer] [22m}

[1A[2K[2m[WebServer] [22mNormalized user roles: [ [32m'hr manager'[39m ]

[1A[2K[2m[WebServer] [22mNormalized required roles: [
[2m[WebServer] [22m  [32m'department employee'[39m,
[2m[WebServer] [22m  [32m'hr employee'[39m,
[2m[WebServer] [22m  [32m'department head'[39m,
[2m[WebServer] [22m  [32m'hr manager'[39m,
[2m[WebServer] [22m  [32m'hr admin'[39m,
[2m[WebServer] [22m  [32m'system admin'[39m
[2m[WebServer] [22m]
[2m[WebServer] [22mHas required role? [33mtrue[39m
[2m[WebServer] [22mΓ£ö ACCESS GRANTED Γ£ö

[1A[2K[2m[WebServer] [22m≡ƒöì [TrackingController] getMyBalances: {
[2m[WebServer] [22m  query: [Object: null prototype] {},
[2m[WebServer] [22m  userId: [32m'6928cf79fe9ff406e6610feb'[39m
[2m[WebServer] [22m}

[1A[2K[2m[WebServer] [22m≡ƒöÑ JwtAuthGuard: canActivate CALLED

[1A[2K[2m[WebServer] [22m≡ƒöì JWT Extractor - All cookies: {
[2m[WebServer] [22m  accessToken: [32m'eyJhbGciOiJIUzI1NiIsInR5cCI6IkpXVCJ9.eyJzdWIiOiI2OTI4Y2Y3OWZlOWZmNDA2ZTY2MTBmZWIiLCJ3b3JrRW1haWwiOiJoci5oci5ockBleGFtcGxlLmNvbSIsInJvbGVzIjpbIkhSIE1hbmFnZXIiXSwicGVybWlzc2lvbnMiOltdLCJwcmltYXJ5RGVwYXJ0bWVudElkIjoiNjc1MWZlNTFkM2EzOGE5NTBiYTQwYzExIiwiZW1wbG95ZWVOdW1iZXIiOiJFTVAtMTAxOSIsImlhdCI6MTc2NTk4MjA0OSwiZXhwIjoxNzY2MDY4NDQ5fQ.bw6HkGHls-Hj9m8UrtDRVw691MCCuy56LLOx8X2IFFU'[39m
[2m[WebServer] [22m}
[2m[WebServer] [22m≡ƒöì JWT Extractor - Headers: accessToken=eyJhbGciOiJIUzI1NiIsInR5cCI6IkpXVCJ9.eyJzdWIiOiI2OTI4Y2Y3OWZlOWZmNDA2ZTY2MTBmZWIiLCJ3b3JrRW1haWwiOiJoci5oci5ockBleGFtcGxlLmNvbSIsInJvbGVzIjpbIkhSIE1hbmFnZXIiXSwicGVybWlzc2lvbnMiOltdLCJwcmltYXJ5RGVwYXJ0bWVudElkIjoiNjc1MWZlNTFkM2EzOGE5NTBiYTQwYzExIiwiZW1wbG95ZWVOdW1iZXIiOiJFTVAtMTAxOSIsImlhdCI6MTc2NTk4MjA0OSwiZXhwIjoxNzY2MDY4NDQ5fQ.bw6HkGHls-Hj9m8UrtDRVw691MCCuy56LLOx8X2IFFU

[1A[2K[2m[WebServer] [22m≡ƒöì JWT Extractor - accessToken: FOUND

[1A[2K[2m[WebServer] [22mJwtStrategy VALIDATE: {
[2m[WebServer] [22m  sub: [32m'6928cf79fe9ff406e6610feb'[39m,
[2m[WebServer] [22m  workEmail: [32m'hr.hr.hr@example.com'[39m,
[2m[WebServer] [22m  roles: [ [32m'HR Manager'[39m ],
[2m[WebServer] [22m  permissions: [],
[2m[WebServer] [22m  primaryDepartmentId: [32m'6751fe51d3a38a950ba40c11'[39m,
[2m[WebServer] [22m  employeeNumber: [32m'EMP-1019'[39m,
[2m[WebServer] [22m  iat: [33m1765982049[39m,
[2m[WebServer] [22m  exp: [33m1766068449[39m
[2m[WebServer] [22m}

[1A[2K[2m[WebServer] [22m≡ƒöÑ JwtAuthGuard: handleRequest() {
[2m[WebServer] [22m  err: [1mnull[22m,
[2m[WebServer] [22m  user: {
[2m[WebServer] [22m    id: [32m'6928cf79fe9ff406e6610feb'[39m,
[2m[WebServer] [22m    workEmail: [32m'hr.hr.hr@example.com'[39m,
[2m[WebServer] [22m    roles: [ [32m'HR Manager'[39m ],
[2m[WebServer] [22m    permissions: [],
[2m[WebServer] [22m    primaryDepartmentId: [32m'6751fe51d3a38a950ba40c11'[39m,
[2m[WebServer] [22m    employeeNumber: [32m'EMP-1019'[39m
[2m[WebServer] [22m  },
[2m[WebServer] [22m  info: [90mundefined[39m
[2m[WebServer] [22m}
[2m[WebServer] [22mΓ£à JwtAuthGuard SUCCESS ΓåÆ user authenticated: 6928cf79fe9ff406e6610feb
[2m[WebServer] [22m≡ƒöÑ RolesGuard running!
[2m[WebServer] [22m
[2m[WebServer] [22m===== ROLE GUARD =====

[1A[2K[2m[WebServer] [22mRequired roles: [
[2m[WebServer] [22m  [32m'department employee'[39m,
[2m[WebServer] [22m  [32m'HR Employee'[39m,
[2m[WebServer] [22m  [32m'department head'[39m,
[2m[WebServer] [22m  [32m'HR Manager'[39m,
[2m[WebServer] [22m  [32m'HR Admin'[39m,
[2m[WebServer] [22m  [32m'System Admin'[39m
[2m[WebServer] [22m]
[2m[WebServer] [22mUser object: {
[2m[WebServer] [22m  id: [32m'6928cf79fe9ff406e6610feb'[39m,
[2m[WebServer] [22m  workEmail: [32m'hr.hr.hr@example.com'[39m,
[2m[WebServer] [22m  roles: [ [32m'HR Manager'[39m ],
[2m[WebServer] [22m  permissions: [],
[2m[WebServer] [22m  primaryDepartmentId: [32m'6751fe51d3a38a950ba40c11'[39m,
[2m[WebServer] [22m  employeeNumber: [32m'EMP-1019'[39m
[2m[WebServer] [22m}
[2m[WebServer] [22mNormalized user roles: [ [32m'hr manager'[39m ]

[1A[2K[2m[WebServer] [22mNormalized required roles: [
[2m[WebServer] [22m  [32m'department employee'[39m,
[2m[WebServer] [22m  [32m'hr employee'[39m,
[2m[WebServer] [22m  [32m'department head'[39m,
[2m[WebServer] [22m  [32m'hr manager'[39m,
[2m[WebServer] [22m  [32m'hr admin'[39m,
[2m[WebServer] [22m  [32m'system admin'[39m
[2m[WebServer] [22m]
[2m[WebServer] [22mHas required role? [33mtrue[39m
[2m[WebServer] [22mΓ£ö ACCESS GRANTED Γ£ö

[1A[2K[2m[WebServer] [22m≡ƒöì [TrackingController] getMyHistory: {
[2m[WebServer] [22m  filters: [Object: null prototype] {},
[2m[WebServer] [22m  userId: [32m'6928cf79fe9ff406e6610feb'[39m
[2m[WebServer] [22m}

[1A[2K[2m[WebServer] [22m GET /leaves/hr/types [33m404[39m in 37ms[2m (compile: 4ms, render: 33ms)[22m

[1A[2K[2m[WebServer] [22m≡ƒöÑ JwtAuthGuard: canActivate CALLED

[1A[2K[2m[WebServer] [22m≡ƒöì JWT Extractor - All cookies: {
[2m[WebServer] [22m  accessToken: [32m'eyJhbGciOiJIUzI1NiIsInR5cCI6IkpXVCJ9.eyJzdWIiOiI2OTI4Y2Y3OWZlOWZmNDA2ZTY2MTBmZWIiLCJ3b3JrRW1haWwiOiJoci5oci5ockBleGFtcGxlLmNvbSIsInJvbGVzIjpbIkhSIE1hbmFnZXIiXSwicGVybWlzc2lvbnMiOltdLCJwcmltYXJ5RGVwYXJ0bWVudElkIjoiNjc1MWZlNTFkM2EzOGE5NTBiYTQwYzExIiwiZW1wbG95ZWVOdW1iZXIiOiJFTVAtMTAxOSIsImlhdCI6MTc2NTk4MjA0OSwiZXhwIjoxNzY2MDY4NDQ5fQ.bw6HkGHls-Hj9m8UrtDRVw691MCCuy56LLOx8X2IFFU'[39m
[2m[WebServer] [22m}

[1A[2K[2m[WebServer] [22m≡ƒöì JWT Extractor - Headers: accessToken=eyJhbGciOiJIUzI1NiIsInR5cCI6IkpXVCJ9.eyJzdWIiOiI2OTI4Y2Y3OWZlOWZmNDA2ZTY2MTBmZWIiLCJ3b3JrRW1haWwiOiJoci5oci5ockBleGFtcGxlLmNvbSIsInJvbGVzIjpbIkhSIE1hbmFnZXIiXSwicGVybWlzc2lvbnMiOltdLCJwcmltYXJ5RGVwYXJ0bWVudElkIjoiNjc1MWZlNTFkM2EzOGE5NTBiYTQwYzExIiwiZW1wbG95ZWVOdW1iZXIiOiJFTVAtMTAxOSIsImlhdCI6MTc2NTk4MjA0OSwiZXhwIjoxNzY2MDY4NDQ5fQ.bw6HkGHls-Hj9m8UrtDRVw691MCCuy56LLOx8X2IFFU
[2m[WebServer] [22m≡ƒöì JWT Extractor - accessToken: FOUND

[1A[2K[2m[WebServer] [22mJwtStrategy VALIDATE: {
[2m[WebServer] [22m  sub: [32m'6928cf79fe9ff406e6610feb'[39m,
[2m[WebServer] [22m  workEmail: [32m'hr.hr.hr@example.com'[39m,
[2m[WebServer] [22m  roles: [ [32m'HR Manager'[39m ],
[2m[WebServer] [22m  permissions: [],
[2m[WebServer] [22m  primaryDepartmentId: [32m'6751fe51d3a38a950ba40c11'[39m,
[2m[WebServer] [22m  employeeNumber: [32m'EMP-1019'[39m,
[2m[WebServer] [22m  iat: [33m1765982049[39m,
[2m[WebServer] [22m  exp: [33m1766068449[39m
[2m[WebServer] [22m}

[1A[2K[2m[WebServer] [22m≡ƒöÑ JwtAuthGuard: handleRequest() {
[2m[WebServer] [22m  err: [1mnull[22m,
[2m[WebServer] [22m  user: {
[2m[WebServer] [22m    id: [32m'6928cf79fe9ff406e6610feb'[39m,
[2m[WebServer] [22m    workEmail: [32m'hr.hr.hr@example.com'[39m,
[2m[WebServer] [22m    roles: [ [32m'HR Manager'[39m ],
[2m[WebServer] [22m    permissions: [],
[2m[WebServer] [22m    primaryDepartmentId: [32m'6751fe51d3a38a950ba40c11'[39m,
[2m[WebServer] [22m    employeeNumber: [32m'EMP-1019'[39m
[2m[WebServer] [22m  },
[2m[WebServer] [22m  info: [90mundefined[39m
[2m[WebServer] [22m}
[2m[WebServer] [22mΓ£à JwtAuthGuard SUCCESS ΓåÆ user authenticated: 6928cf79fe9ff406e6610feb

[1A[2K
================================================================================

[1A[2K≡ƒÄë ALL LEAVE MANAGEMENT TESTS COMPLETED

[1A[2K================================================================================

[1A[2KΓ£à Employee 1 (EMP-1026): All scenarios tested

[1A[2KΓ£à Employee 2 (EMP-1027): Low balance scenarios tested

[1A[2KΓ£à Manager (EMP-1025): Approval workflows tested

[1A[2KΓ£à HR (EMP-1019): System-wide management tested

[1A[2K================================================================================


[1A[2K  14) [chromium] ΓÇ║ leave-tests.spec.ts:1050:7 ΓÇ║ ≡ƒæö HR MANAGER (EMP-1019) - All HR Scenarios ΓÇ║ Γ£à Z1-Z10: Manage leave types (REQ-001) 

    Error: Γ¥î /leaves/hr/types returns 404 - Run Phase 1 to create HrLeaveController

      1054 |     
      1055 |     if (response?.status() === 404) {
    > 1056 |       throw new Error('Γ¥î /leaves/hr/types returns 404 - Run Phase 1 to create HrLeaveController');
           |             ^
      1057 |     }
      1058 |     
      1059 |     await page.waitForTimeout(1000);
        at C:\Users\Bedon\Desktop\semester-5-software-project\leave-tests.spec.ts:1056:13

    attachment #1: screenshot (image/png) ΓöÇΓöÇΓöÇΓöÇΓöÇΓöÇΓöÇΓöÇΓöÇΓöÇΓöÇΓöÇΓöÇΓöÇΓöÇΓöÇΓöÇΓöÇΓöÇΓöÇΓöÇΓöÇΓöÇΓöÇΓöÇΓöÇΓöÇΓöÇΓöÇΓöÇΓöÇΓöÇΓöÇΓöÇΓöÇΓöÇΓöÇΓöÇΓöÇΓöÇΓöÇΓöÇΓöÇΓöÇΓöÇΓöÇΓöÇΓöÇΓöÇΓöÇΓöÇΓöÇΓöÇΓöÇΓöÇΓöÇΓöÇΓöÇ
    test-results\leave-tests-≡ƒæö-HR-MANAGER--6ecb3-Manage-leave-types-REQ-001--chromium\test-failed-1.png
    ΓöÇΓöÇΓöÇΓöÇΓöÇΓöÇΓöÇΓöÇΓöÇΓöÇΓöÇΓöÇΓöÇΓöÇΓöÇΓöÇΓöÇΓöÇΓöÇΓöÇΓöÇΓöÇΓöÇΓöÇΓöÇΓöÇΓöÇΓöÇΓöÇΓöÇΓöÇΓöÇΓöÇΓöÇΓöÇΓöÇΓöÇΓöÇΓöÇΓöÇΓöÇΓöÇΓöÇΓöÇΓöÇΓöÇΓöÇΓöÇΓöÇΓöÇΓöÇΓöÇΓöÇΓöÇΓöÇΓöÇΓöÇΓöÇΓöÇΓöÇΓöÇΓöÇΓöÇΓöÇΓöÇΓöÇΓöÇΓöÇΓöÇΓöÇΓöÇΓöÇΓöÇΓöÇΓöÇΓöÇΓöÇΓöÇΓöÇΓöÇΓöÇΓöÇΓöÇΓöÇΓöÇΓöÇΓöÇΓöÇΓöÇΓöÇΓöÇΓöÇΓöÇΓöÇΓöÇΓöÇ

    attachment #2: video (video/webm) ΓöÇΓöÇΓöÇΓöÇΓöÇΓöÇΓöÇΓöÇΓöÇΓöÇΓöÇΓöÇΓöÇΓöÇΓöÇΓöÇΓöÇΓöÇΓöÇΓöÇΓöÇΓöÇΓöÇΓöÇΓöÇΓöÇΓöÇΓöÇΓöÇΓöÇΓöÇΓöÇΓöÇΓöÇΓöÇΓöÇΓöÇΓöÇΓöÇΓöÇΓöÇΓöÇΓöÇΓöÇΓöÇΓöÇΓöÇΓöÇΓöÇΓöÇΓöÇΓöÇΓöÇΓöÇΓöÇΓöÇΓöÇΓöÇΓöÇΓöÇΓöÇΓöÇ
    test-results\leave-tests-≡ƒæö-HR-MANAGER--6ecb3-Manage-leave-types-REQ-001--chromium\video.webm
    ΓöÇΓöÇΓöÇΓöÇΓöÇΓöÇΓöÇΓöÇΓöÇΓöÇΓöÇΓöÇΓöÇΓöÇΓöÇΓöÇΓöÇΓöÇΓöÇΓöÇΓöÇΓöÇΓöÇΓöÇΓöÇΓöÇΓöÇΓöÇΓöÇΓöÇΓöÇΓöÇΓöÇΓöÇΓöÇΓöÇΓöÇΓöÇΓöÇΓöÇΓöÇΓöÇΓöÇΓöÇΓöÇΓöÇΓöÇΓöÇΓöÇΓöÇΓöÇΓöÇΓöÇΓöÇΓöÇΓöÇΓöÇΓöÇΓöÇΓöÇΓöÇΓöÇΓöÇΓöÇΓöÇΓöÇΓöÇΓöÇΓöÇΓöÇΓöÇΓöÇΓöÇΓöÇΓöÇΓöÇΓöÇΓöÇΓöÇΓöÇΓöÇΓöÇΓöÇΓöÇΓöÇΓöÇΓöÇΓöÇΓöÇΓöÇΓöÇΓöÇΓöÇΓöÇΓöÇΓöÇ

    Error Context: test-results\leave-tests-≡ƒæö-HR-MANAGER--6ecb3-Manage-leave-types-REQ-001--chromium\error-context.md


[1A[2K[33/35] [chromium] ΓÇ║ leave-tests.spec.ts:1065:7 ΓÇ║ ≡ƒæö HR MANAGER (EMP-1019) - All HR Scenarios ΓÇ║ Γ£à BB1-BB9: Manage entitlements (REQ-003, REQ-004)
[1A[2K[chromium] ΓÇ║ leave-tests.spec.ts:1065:7 ΓÇ║ ≡ƒæö HR MANAGER (EMP-1019) - All HR Scenarios ΓÇ║ Γ£à BB1-BB9: Manage entitlements (REQ-003, REQ-004)
≡ƒöÉ Logging in as: hr.hr.hr@example.com

[1A[2K[2m[WebServer] [22m GET /login [32m200[39m in 41ms[2m (compile: 2ms, render: 39ms)[22m

[1A[2K[2m[WebServer] [22m≡ƒöÑ JwtAuthGuard: canActivate CALLED

[1A[2K[2m[WebServer] [22m≡ƒöì JWT Extractor - All cookies: [Object: null prototype] {}
[2m[WebServer] [22m≡ƒöì JWT Extractor - Headers: [90mundefined[39m
[2m[WebServer] [22m≡ƒöì JWT Extractor - accessToken: NOT FOUND

[1A[2K[2m[WebServer] [22m≡ƒöÑ JwtAuthGuard: handleRequest() {
[2m[WebServer] [22m  err: [1mnull[22m,
[2m[WebServer] [22m  user: [33mfalse[39m,
[2m[WebServer] [22m  info: Error: No auth token
[2m[WebServer] [22m      at JwtStrategy.authenticate [90m(C:\Users\Bedon\Desktop\semester-5-software-project\backend\[39mnode_modules\[4mpassport-jwt[24m\lib\strategy.js:96:26[90m)[39m
[2m[WebServer] [22m      at attempt [90m(C:\Users\Bedon\Desktop\semester-5-software-project\backend\[39mnode_modules\[4mpassport[24m\lib\middleware\authenticate.js:378:16[90m)[39m
[2m[WebServer] [22m      at authenticate [90m(C:\Users\Bedon\Desktop\semester-5-software-project\backend\[39mnode_modules\[4mpassport[24m\lib\middleware\authenticate.js:379:7[90m)[39m
[2m[WebServer] [22m      at [90mC:\Users\Bedon\Desktop\semester-5-software-project\backend\[39mnode_modules\[4m@nestjs[24m\passport\dist\auth.guard.js:88:3
[2m[WebServer] [22m      at new Promise (<anonymous>)
[2m[WebServer] [22m      at [90mC:\Users\Bedon\Desktop\semester-5-software-project\backend\[39mnode_modules\[4m@nestjs[24m\passport\dist\auth.guard.js:80:83
[2m[WebServer] [22m      at JwtAuthGuard.canActivate [90m(C:\Users\Bedon\Desktop\semester-5-software-project\backend\[39mnode_modules\[4m@nestjs[24m\passport\dist\auth.guard.js:44:32[90m)[39m
[2m[WebServer] [22m  [90m    at process.processTicksAndRejections (node:internal/process/task_queues:105:5)[39m
[2m[WebServer] [22m}

[1A[2K[2m[WebServer] [22mΓ¥î JwtAuthGuard INFO: Error: No auth token
[2m[WebServer] [22m    at JwtStrategy.authenticate 
[90m(C:\Users\Bedon\Desktop\semester-5-software-project\backend\[39mnode_modules\[4mpassport-jwt[24m\lib\strategy.js:96:26[90m)[39m
[2m[WebServer] [22m    at attempt 
[90m(C:\Users\Bedon\Desktop\semester-5-software-project\backend\[39mnode_modules\[4mpassport[24m\lib\middleware\authenticate.js:378:16[90m)[39m
[2m[WebServer] [22m    at authenticate 
[90m(C:\Users\Bedon\Desktop\semester-5-software-project\backend\[39mnode_modules\[4mpassport[24m\lib\middleware\authenticate.js:379:7[90m)[39m
[2m[WebServer] [22m    at [90mC:\Users\Bedon\Desktop\semester-5-software-project\backend\[39mnode_modules\[4m@nestjs[24m\passport\dist\auth.guard.js:88:3
[2m[WebServer] [22m    at new Promise (<anonymous>)
[2m[WebServer] [22m    at 
[90mC:\Users\Bedon\Desktop\semester-5-software-project\backend\[39mnode_modules\[4m@nestjs[24m\passport\dist\auth.guard.js:80:83
[2m[WebServer] [22m    at JwtAuthGuard.canActivate 
[90m(C:\Users\Bedon\Desktop\semester-5-software-project\backend\[39mnode_modules\[4m@nestjs[24m\passport\dist\auth.guard.js:44:32[90m)[39m
[2m[WebServer] [22m[90m    at process.processTicksAndRejections (node:internal/process/task_queues:105:5)[39m

[1A[2K[2m[WebServer] [22mΓ¥î JwtAuthGuard FAILING ΓåÆ No auth token

[1A[2K[2m[WebServer] [22mVALIDATE EMPLOYEE - systemRole = {
[2m[WebServer] [22m  _id: new ObjectId([32m'6928cf79fe9ff406e6610fed'[39m),
[2m[WebServer] [22m  employeeProfileId: new ObjectId([32m'6928cf79fe9ff406e6610feb'[39m),
[2m[WebServer] [22m  roles: [ [32m'HR Manager'[39m ],
[2m[WebServer] [22m  permissions: [],
[2m[WebServer] [22m  isActive: [33mtrue[39m,
[2m[WebServer] [22m  createdAt: [35m2025-11-27T22:23:53.913Z[39m,
[2m[WebServer] [22m  updatedAt: [35m2025-11-27T22:23:53.913Z[39m,
[2m[WebServer] [22m  __v: [33m0[39m
[2m[WebServer] [22m}

[1A[2K[2m[WebServer] [22mGenerated token: eyJhbGciOiJIUzI1NiIsInR5cCI6IkpXVCJ9.eyJzdWIiOiI2OTI4Y2Y3OWZlOWZmNDA2ZTY2MTBmZWIiLCJ3b3JrRW1haWwiOiJoci5oci5ockBleGFtcGxlLmNvbSIsInJvbGVzIjpbIkhSIE1hbmFnZXIiXSwicGVybWlzc2lvbnMiOltdLCJwcmltYXJ5RGVwYXJ0bWVudElkIjoiNjc1MWZlNTFkM2EzOGE5NTBiYTQwYzExIiwiZW1wbG95ZWVOdW1iZXIiOiJFTVAtMTAxOSIsImlhdCI6MTc2NTk4MjA1MiwiZXhwIjoxNzY2MDY4NDUyfQ.fG8nxn8kEzSBMWJYLjPxuA2qyTRECsyxbYBBEMmNvLs

[1A[2K[2m[WebServer] [22m GET /leaves [32m200[39m in 21ms[2m (compile: 3ms, render: 18ms)[22m

[1A[2KΓ£à Login successful

[1A[2K≡ƒÄü Testing Entitlements Management

[1A[2K[2m[WebServer] [22m≡ƒöÑ JwtAuthGuard: canActivate CALLED

[1A[2K[2m[WebServer] [22m≡ƒöì JWT Extractor - All cookies: {
[2m[WebServer] [22m  accessToken: [32m'eyJhbGciOiJIUzI1NiIsInR5cCI6IkpXVCJ9.eyJzdWIiOiI2OTI4Y2Y3OWZlOWZmNDA2ZTY2MTBmZWIiLCJ3b3JrRW1haWwiOiJoci5oci5ockBleGFtcGxlLmNvbSIsInJvbGVzIjpbIkhSIE1hbmFnZXIiXSwicGVybWlzc2lvbnMiOltdLCJwcmltYXJ5RGVwYXJ0bWVudElkIjoiNjc1MWZlNTFkM2EzOGE5NTBiYTQwYzExIiwiZW1wbG95ZWVOdW1iZXIiOiJFTVAtMTAxOSIsImlhdCI6MTc2NTk4MjA1MiwiZXhwIjoxNzY2MDY4NDUyfQ.fG8nxn8kEzSBMWJYLjPxuA2qyTRECsyxbYBBEMmNvLs'[39m
[2m[WebServer] [22m}
[2m[WebServer] [22m≡ƒöì JWT Extractor - Headers: accessToken=eyJhbGciOiJIUzI1NiIsInR5cCI6IkpXVCJ9.eyJzdWIiOiI2OTI4Y2Y3OWZlOWZmNDA2ZTY2MTBmZWIiLCJ3b3JrRW1haWwiOiJoci5oci5ockBleGFtcGxlLmNvbSIsInJvbGVzIjpbIkhSIE1hbmFnZXIiXSwicGVybWlzc2lvbnMiOltdLCJwcmltYXJ5RGVwYXJ0bWVudElkIjoiNjc1MWZlNTFkM2EzOGE5NTBiYTQwYzExIiwiZW1wbG95ZWVOdW1iZXIiOiJFTVAtMTAxOSIsImlhdCI6MTc2NTk4MjA1MiwiZXhwIjoxNzY2MDY4NDUyfQ.fG8nxn8kEzSBMWJYLjPxuA2qyTRECsyxbYBBEMmNvLs
[2m[WebServer] [22m≡ƒöì JWT Extractor - accessToken: FOUND

[1A[2K[2m[WebServer] [22mJwtStrategy VALIDATE: {
[2m[WebServer] [22m  sub: [32m'6928cf79fe9ff406e6610feb'[39m,
[2m[WebServer] [22m  workEmail: [32m'hr.hr.hr@example.com'[39m,
[2m[WebServer] [22m  roles: [ [32m'HR Manager'[39m ],
[2m[WebServer] [22m  permissions: [],
[2m[WebServer] [22m  primaryDepartmentId: [32m'6751fe51d3a38a950ba40c11'[39m,
[2m[WebServer] [22m  employeeNumber: [32m'EMP-1019'[39m,
[2m[WebServer] [22m  iat: [33m1765982052[39m,
[2m[WebServer] [22m  exp: [33m1766068452[39m
[2m[WebServer] [22m}

[1A[2K[2m[WebServer] [22m≡ƒöÑ JwtAuthGuard: handleRequest() {
[2m[WebServer] [22m  err: [1mnull[22m,
[2m[WebServer] [22m  user: {
[2m[WebServer] [22m    id: [32m'6928cf79fe9ff406e6610feb'[39m,
[2m[WebServer] [22m    workEmail: [32m'hr.hr.hr@example.com'[39m,
[2m[WebServer] [22m    roles: [ [32m'HR Manager'[39m ],
[2m[WebServer] [22m    permissions: [],
[2m[WebServer] [22m    primaryDepartmentId: [32m'6751fe51d3a38a950ba40c11'[39m,
[2m[WebServer] [22m    employeeNumber: [32m'EMP-1019'[39m
[2m[WebServer] [22m  },
[2m[WebServer] [22m  info: [90mundefined[39m
[2m[WebServer] [22m}
[2m[WebServer] [22mΓ£à JwtAuthGuard SUCCESS ΓåÆ user authenticated: 6928cf79fe9ff406e6610feb
[2m[WebServer] [22m≡ƒöÑ RolesGuard running!
[2m[WebServer] [22m
[2m[WebServer] [22m===== ROLE GUARD =====
[2m[WebServer] [22mRequired roles: [
[2m[WebServer] [22m  [32m'department employee'[39m,
[2m[WebServer] [22m  [32m'HR Employee'[39m,
[2m[WebServer] [22m  [32m'department head'[39m,
[2m[WebServer] [22m  [32m'HR Manager'[39m,
[2m[WebServer] [22m  [32m'HR Admin'[39m,
[2m[WebServer] [22m  [32m'System Admin'[39m
[2m[WebServer] [22m]

[1A[2K[2m[WebServer] [22mUser object: {
[2m[WebServer] [22m  id: [32m'6928cf79fe9ff406e6610feb'[39m,
[2m[WebServer] [22m  workEmail: [32m'hr.hr.hr@example.com'[39m,
[2m[WebServer] [22m  roles: [ [32m'HR Manager'[39m ],
[2m[WebServer] [22m  permissions: [],
[2m[WebServer] [22m  primaryDepartmentId: [32m'6751fe51d3a38a950ba40c11'[39m,
[2m[WebServer] [22m  employeeNumber: [32m'EMP-1019'[39m
[2m[WebServer] [22m}
[2m[WebServer] [22mNormalized user roles: [ [32m'hr manager'[39m ]
[2m[WebServer] [22mNormalized required roles: [
[2m[WebServer] [22m  [32m'department employee'[39m,
[2m[WebServer] [22m  [32m'hr employee'[39m,
[2m[WebServer] [22m  [32m'department head'[39m,
[2m[WebServer] [22m  [32m'hr manager'[39m,
[2m[WebServer] [22m  [32m'hr admin'[39m,
[2m[WebServer] [22m  [32m'system admin'[39m
[2m[WebServer] [22m]
[2m[WebServer] [22mHas required role? [33mtrue[39m
[2m[WebServer] [22mΓ£ö ACCESS GRANTED Γ£ö

[1A[2K[2m[WebServer] [22m≡ƒöì [TrackingController] getMyBalances: {
[2m[WebServer] [22m  query: [Object: null prototype] {},
[2m[WebServer] [22m  userId: [32m'6928cf79fe9ff406e6610feb'[39m
[2m[WebServer] [22m}

[1A[2K[2m[WebServer] [22m≡ƒöÑ JwtAuthGuard: canActivate CALLED

[1A[2K[2m[WebServer] [22m≡ƒöì JWT Extractor - All cookies: {
[2m[WebServer] [22m  accessToken: [32m'eyJhbGciOiJIUzI1NiIsInR5cCI6IkpXVCJ9.eyJzdWIiOiI2OTI4Y2Y3OWZlOWZmNDA2ZTY2MTBmZWIiLCJ3b3JrRW1haWwiOiJoci5oci5ockBleGFtcGxlLmNvbSIsInJvbGVzIjpbIkhSIE1hbmFnZXIiXSwicGVybWlzc2lvbnMiOltdLCJwcmltYXJ5RGVwYXJ0bWVudElkIjoiNjc1MWZlNTFkM2EzOGE5NTBiYTQwYzExIiwiZW1wbG95ZWVOdW1iZXIiOiJFTVAtMTAxOSIsImlhdCI6MTc2NTk4MjA1MiwiZXhwIjoxNzY2MDY4NDUyfQ.fG8nxn8kEzSBMWJYLjPxuA2qyTRECsyxbYBBEMmNvLs'[39m
[2m[WebServer] [22m}

[1A[2K[2m[WebServer] [22m≡ƒöì JWT Extractor - Headers: accessToken=eyJhbGciOiJIUzI1NiIsInR5cCI6IkpXVCJ9.eyJzdWIiOiI2OTI4Y2Y3OWZlOWZmNDA2ZTY2MTBmZWIiLCJ3b3JrRW1haWwiOiJoci5oci5ockBleGFtcGxlLmNvbSIsInJvbGVzIjpbIkhSIE1hbmFnZXIiXSwicGVybWlzc2lvbnMiOltdLCJwcmltYXJ5RGVwYXJ0bWVudElkIjoiNjc1MWZlNTFkM2EzOGE5NTBiYTQwYzExIiwiZW1wbG95ZWVOdW1iZXIiOiJFTVAtMTAxOSIsImlhdCI6MTc2NTk4MjA1MiwiZXhwIjoxNzY2MDY4NDUyfQ.fG8nxn8kEzSBMWJYLjPxuA2qyTRECsyxbYBBEMmNvLs
[2m[WebServer] [22m≡ƒöì JWT Extractor - accessToken: FOUND

[1A[2K[2m[WebServer] [22mJwtStrategy VALIDATE: {
[2m[WebServer] [22m  sub: [32m'6928cf79fe9ff406e6610feb'[39m,
[2m[WebServer] [22m  workEmail: [32m'hr.hr.hr@example.com'[39m,
[2m[WebServer] [22m  roles: [ [32m'HR Manager'[39m ],
[2m[WebServer] [22m  permissions: [],
[2m[WebServer] [22m  primaryDepartmentId: [32m'6751fe51d3a38a950ba40c11'[39m,
[2m[WebServer] [22m  employeeNumber: [32m'EMP-1019'[39m,
[2m[WebServer] [22m  iat: [33m1765982052[39m,
[2m[WebServer] [22m  exp: [33m1766068452[39m
[2m[WebServer] [22m}

[1A[2K[2m[WebServer] [22m≡ƒöÑ JwtAuthGuard: handleRequest() {
[2m[WebServer] [22m  err: [1mnull[22m,
[2m[WebServer] [22m  user: {
[2m[WebServer] [22m    id: [32m'6928cf79fe9ff406e6610feb'[39m,
[2m[WebServer] [22m    workEmail: [32m'hr.hr.hr@example.com'[39m,
[2m[WebServer] [22m    roles: [ [32m'HR Manager'[39m ],
[2m[WebServer] [22m    permissions: [],
[2m[WebServer] [22m    primaryDepartmentId: [32m'6751fe51d3a38a950ba40c11'[39m,
[2m[WebServer] [22m    employeeNumber: [32m'EMP-1019'[39m
[2m[WebServer] [22m  },
[2m[WebServer] [22m  info: [90mundefined[39m
[2m[WebServer] [22m}
[2m[WebServer] [22mΓ£à JwtAuthGuard SUCCESS ΓåÆ user authenticated: 6928cf79fe9ff406e6610feb

[1A[2K[2m[WebServer] [22m≡ƒöÑ RolesGuard running!

[1A[2K[2m[WebServer] [22m
[2m[WebServer] [22m===== ROLE GUARD =====

[1A[2K[2m[WebServer] [22mRequired roles: [
[2m[WebServer] [22m  [32m'department employee'[39m,
[2m[WebServer] [22m  [32m'HR Employee'[39m,
[2m[WebServer] [22m  [32m'department head'[39m,
[2m[WebServer] [22m  [32m'HR Manager'[39m,
[2m[WebServer] [22m  [32m'HR Admin'[39m,
[2m[WebServer] [22m  [32m'System Admin'[39m
[2m[WebServer] [22m]

[1A[2K[2m[WebServer] [22mUser object: {
[2m[WebServer] [22m  id: [32m'6928cf79fe9ff406e6610feb'[39m,
[2m[WebServer] [22m  workEmail: [32m'hr.hr.hr@example.com'[39m,
[2m[WebServer] [22m  roles: [ [32m'HR Manager'[39m ],
[2m[WebServer] [22m  permissions: [],
[2m[WebServer] [22m  primaryDepartmentId: [32m'6751fe51d3a38a950ba40c11'[39m,
[2m[WebServer] [22m  employeeNumber: [32m'EMP-1019'[39m
[2m[WebServer] [22m}
[2m[WebServer] [22mNormalized user roles: [ [32m'hr manager'[39m ]

[1A[2K[2m[WebServer] [22mNormalized required roles: [
[2m[WebServer] [22m  [32m'department employee'[39m,
[2m[WebServer] [22m  [32m'hr employee'[39m,
[2m[WebServer] [22m  [32m'department head'[39m,
[2m[WebServer] [22m  [32m'hr manager'[39m,
[2m[WebServer] [22m  [32m'hr admin'[39m,
[2m[WebServer] [22m  [32m'system admin'[39m
[2m[WebServer] [22m]
[2m[WebServer] [22mHas required role? [33mtrue[39m
[2m[WebServer] [22mΓ£ö ACCESS GRANTED Γ£ö

[1A[2K[2m[WebServer] [22m≡ƒöì [TrackingController] getMyHistory: {
[2m[WebServer] [22m  filters: [Object: null prototype] {},
[2m[WebServer] [22m  userId: [32m'6928cf79fe9ff406e6610feb'[39m
[2m[WebServer] [22m}

[1A[2K[2m[WebServer] [22m GET /leaves/hr/entitlements [33m404[39m in 45ms[2m (compile: 5ms, render: 39ms)[22m

[1A[2K[2m[WebServer] [22m≡ƒöÑ JwtAuthGuard: canActivate CALLED

[1A[2K[2m[WebServer] [22m≡ƒöì JWT Extractor - All cookies: {
[2m[WebServer] [22m  accessToken: [32m'eyJhbGciOiJIUzI1NiIsInR5cCI6IkpXVCJ9.eyJzdWIiOiI2OTI4Y2Y3OWZlOWZmNDA2ZTY2MTBmZWIiLCJ3b3JrRW1haWwiOiJoci5oci5ockBleGFtcGxlLmNvbSIsInJvbGVzIjpbIkhSIE1hbmFnZXIiXSwicGVybWlzc2lvbnMiOltdLCJwcmltYXJ5RGVwYXJ0bWVudElkIjoiNjc1MWZlNTFkM2EzOGE5NTBiYTQwYzExIiwiZW1wbG95ZWVOdW1iZXIiOiJFTVAtMTAxOSIsImlhdCI6MTc2NTk4MjA1MiwiZXhwIjoxNzY2MDY4NDUyfQ.fG8nxn8kEzSBMWJYLjPxuA2qyTRECsyxbYBBEMmNvLs'[39m
[2m[WebServer] [22m}

[1A[2K[2m[WebServer] [22m≡ƒöì JWT Extractor - Headers: accessToken=eyJhbGciOiJIUzI1NiIsInR5cCI6IkpXVCJ9.eyJzdWIiOiI2OTI4Y2Y3OWZlOWZmNDA2ZTY2MTBmZWIiLCJ3b3JrRW1haWwiOiJoci5oci5ockBleGFtcGxlLmNvbSIsInJvbGVzIjpbIkhSIE1hbmFnZXIiXSwicGVybWlzc2lvbnMiOltdLCJwcmltYXJ5RGVwYXJ0bWVudElkIjoiNjc1MWZlNTFkM2EzOGE5NTBiYTQwYzExIiwiZW1wbG95ZWVOdW1iZXIiOiJFTVAtMTAxOSIsImlhdCI6MTc2NTk4MjA1MiwiZXhwIjoxNzY2MDY4NDUyfQ.fG8nxn8kEzSBMWJYLjPxuA2qyTRECsyxbYBBEMmNvLs
[2m[WebServer] [22m≡ƒöì JWT Extractor - accessToken: FOUND

[1A[2K[2m[WebServer] [22mJwtStrategy VALIDATE: {
[2m[WebServer] [22m  sub: [32m'6928cf79fe9ff406e6610feb'[39m,
[2m[WebServer] [22m  workEmail: [32m'hr.hr.hr@example.com'[39m,
[2m[WebServer] [22m  roles: [ [32m'HR Manager'[39m ],
[2m[WebServer] [22m  permissions: [],
[2m[WebServer] [22m  primaryDepartmentId: [32m'6751fe51d3a38a950ba40c11'[39m,
[2m[WebServer] [22m  employeeNumber: [32m'EMP-1019'[39m,
[2m[WebServer] [22m  iat: [33m1765982052[39m,
[2m[WebServer] [22m  exp: [33m1766068452[39m
[2m[WebServer] [22m}

[1A[2K[2m[WebServer] [22m≡ƒöÑ JwtAuthGuard: handleRequest() {
[2m[WebServer] [22m  err: [1mnull[22m,
[2m[WebServer] [22m  user: {
[2m[WebServer] [22m    id: [32m'6928cf79fe9ff406e6610feb'[39m,
[2m[WebServer] [22m    workEmail: [32m'hr.hr.hr@example.com'[39m,
[2m[WebServer] [22m    roles: [ [32m'HR Manager'[39m ],
[2m[WebServer] [22m    permissions: [],
[2m[WebServer] [22m    primaryDepartmentId: [32m'6751fe51d3a38a950ba40c11'[39m,
[2m[WebServer] [22m    employeeNumber: [32m'EMP-1019'[39m
[2m[WebServer] [22m  },
[2m[WebServer] [22m  info: [90mundefined[39m
[2m[WebServer] [22m}
[2m[WebServer] [22mΓ£à JwtAuthGuard SUCCESS ΓåÆ user authenticated: 6928cf79fe9ff406e6610feb

[1A[2K
================================================================================

[1A[2K≡ƒÄë ALL LEAVE MANAGEMENT TESTS COMPLETED

[1A[2K================================================================================

[1A[2KΓ£à Employee 1 (EMP-1026): All scenarios tested

[1A[2KΓ£à Employee 2 (EMP-1027): Low balance scenarios tested

[1A[2KΓ£à Manager (EMP-1025): Approval workflows tested

[1A[2KΓ£à HR (EMP-1019): System-wide management tested

[1A[2K================================================================================


[1A[2K  15) [chromium] ΓÇ║ leave-tests.spec.ts:1065:7 ΓÇ║ ≡ƒæö HR MANAGER (EMP-1019) - All HR Scenarios ΓÇ║ Γ£à BB1-BB9: Manage entitlements (REQ-003, REQ-004) 

    Error: Γ¥î /leaves/hr/entitlements returns 404 - Create HrLeaveController

      1069 |     
      1070 |     if (response?.status() === 404) {
    > 1071 |       throw new Error('Γ¥î /leaves/hr/entitlements returns 404 - Create HrLeaveController');
           |             ^
      1072 |     }
      1073 |     
      1074 |     expect(response?.status()).toBe(200);
        at C:\Users\Bedon\Desktop\semester-5-software-project\leave-tests.spec.ts:1071:13

    attachment #1: screenshot (image/png) ΓöÇΓöÇΓöÇΓöÇΓöÇΓöÇΓöÇΓöÇΓöÇΓöÇΓöÇΓöÇΓöÇΓöÇΓöÇΓöÇΓöÇΓöÇΓöÇΓöÇΓöÇΓöÇΓöÇΓöÇΓöÇΓöÇΓöÇΓöÇΓöÇΓöÇΓöÇΓöÇΓöÇΓöÇΓöÇΓöÇΓöÇΓöÇΓöÇΓöÇΓöÇΓöÇΓöÇΓöÇΓöÇΓöÇΓöÇΓöÇΓöÇΓöÇΓöÇΓöÇΓöÇΓöÇΓöÇΓöÇΓöÇΓöÇ
    test-results\leave-tests-≡ƒæö-HR-MANAGER--acb71-titlements-REQ-003-REQ-004--chromium\test-failed-1.png
    ΓöÇΓöÇΓöÇΓöÇΓöÇΓöÇΓöÇΓöÇΓöÇΓöÇΓöÇΓöÇΓöÇΓöÇΓöÇΓöÇΓöÇΓöÇΓöÇΓöÇΓöÇΓöÇΓöÇΓöÇΓöÇΓöÇΓöÇΓöÇΓöÇΓöÇΓöÇΓöÇΓöÇΓöÇΓöÇΓöÇΓöÇΓöÇΓöÇΓöÇΓöÇΓöÇΓöÇΓöÇΓöÇΓöÇΓöÇΓöÇΓöÇΓöÇΓöÇΓöÇΓöÇΓöÇΓöÇΓöÇΓöÇΓöÇΓöÇΓöÇΓöÇΓöÇΓöÇΓöÇΓöÇΓöÇΓöÇΓöÇΓöÇΓöÇΓöÇΓöÇΓöÇΓöÇΓöÇΓöÇΓöÇΓöÇΓöÇΓöÇΓöÇΓöÇΓöÇΓöÇΓöÇΓöÇΓöÇΓöÇΓöÇΓöÇΓöÇΓöÇΓöÇΓöÇΓöÇΓöÇ

    attachment #2: video (video/webm) ΓöÇΓöÇΓöÇΓöÇΓöÇΓöÇΓöÇΓöÇΓöÇΓöÇΓöÇΓöÇΓöÇΓöÇΓöÇΓöÇΓöÇΓöÇΓöÇΓöÇΓöÇΓöÇΓöÇΓöÇΓöÇΓöÇΓöÇΓöÇΓöÇΓöÇΓöÇΓöÇΓöÇΓöÇΓöÇΓöÇΓöÇΓöÇΓöÇΓöÇΓöÇΓöÇΓöÇΓöÇΓöÇΓöÇΓöÇΓöÇΓöÇΓöÇΓöÇΓöÇΓöÇΓöÇΓöÇΓöÇΓöÇΓöÇΓöÇΓöÇΓöÇΓöÇ
    test-results\leave-tests-≡ƒæö-HR-MANAGER--acb71-titlements-REQ-003-REQ-004--chromium\video.webm
    ΓöÇΓöÇΓöÇΓöÇΓöÇΓöÇΓöÇΓöÇΓöÇΓöÇΓöÇΓöÇΓöÇΓöÇΓöÇΓöÇΓöÇΓöÇΓöÇΓöÇΓöÇΓöÇΓöÇΓöÇΓöÇΓöÇΓöÇΓöÇΓöÇΓöÇΓöÇΓöÇΓöÇΓöÇΓöÇΓöÇΓöÇΓöÇΓöÇΓöÇΓöÇΓöÇΓöÇΓöÇΓöÇΓöÇΓöÇΓöÇΓöÇΓöÇΓöÇΓöÇΓöÇΓöÇΓöÇΓöÇΓöÇΓöÇΓöÇΓöÇΓöÇΓöÇΓöÇΓöÇΓöÇΓöÇΓöÇΓöÇΓöÇΓöÇΓöÇΓöÇΓöÇΓöÇΓöÇΓöÇΓöÇΓöÇΓöÇΓöÇΓöÇΓöÇΓöÇΓöÇΓöÇΓöÇΓöÇΓöÇΓöÇΓöÇΓöÇΓöÇΓöÇΓöÇΓöÇΓöÇ

    Error Context: test-results\leave-tests-≡ƒæö-HR-MANAGER--acb71-titlements-REQ-003-REQ-004--chromium\error-context.md


[1A[2K[34/35] [chromium] ΓÇ║ leave-tests.spec.ts:1078:7 ΓÇ║ ≡ƒæö HR MANAGER (EMP-1019) - All HR Scenarios ΓÇ║ Γ£à CC1-CC2: Balance adjustments (REQ-013, REQ-036)
[1A[2K[chromium] ΓÇ║ leave-tests.spec.ts:1078:7 ΓÇ║ ≡ƒæö HR MANAGER (EMP-1019) - All HR Scenarios ΓÇ║ Γ£à CC1-CC2: Balance adjustments (REQ-013, REQ-036)
≡ƒöÉ Logging in as: hr.hr.hr@example.com

[1A[2K[2m[WebServer] [22m GET /login [32m200[39m in 37ms[2m (compile: 3ms, render: 34ms)[22m

[1A[2K[2m[WebServer] [22m≡ƒöÑ JwtAuthGuard: canActivate CALLED

[1A[2K[2m[WebServer] [22m≡ƒöì JWT Extractor - All cookies: [Object: null prototype] {}
[2m[WebServer] [22m≡ƒöì JWT Extractor - Headers: [90mundefined[39m
[2m[WebServer] [22m≡ƒöì JWT Extractor - accessToken: NOT FOUND

[1A[2K[2m[WebServer] [22m≡ƒöÑ JwtAuthGuard: handleRequest() {
[2m[WebServer] [22m  err: [1mnull[22m,
[2m[WebServer] [22m  user: [33mfalse[39m,
[2m[WebServer] [22m  info: Error: No auth token
[2m[WebServer] [22m      at JwtStrategy.authenticate [90m(C:\Users\Bedon\Desktop\semester-5-software-project\backend\[39mnode_modules\[4mpassport-jwt[24m\lib\strategy.js:96:26[90m)[39m
[2m[WebServer] [22m      at attempt [90m(C:\Users\Bedon\Desktop\semester-5-software-project\backend\[39mnode_modules\[4mpassport[24m\lib\middleware\authenticate.js:378:16[90m)[39m
[2m[WebServer] [22m      at authenticate [90m(C:\Users\Bedon\Desktop\semester-5-software-project\backend\[39mnode_modules\[4mpassport[24m\lib\middleware\authenticate.js:379:7[90m)[39m
[2m[WebServer] [22m      at [90mC:\Users\Bedon\Desktop\semester-5-software-project\backend\[39mnode_modules\[4m@nestjs[24m\passport\dist\auth.guard.js:88:3
[2m[WebServer] [22m      at new Promise (<anonymous>)
[2m[WebServer] [22m      at [90mC:\Users\Bedon\Desktop\semester-5-software-project\backend\[39mnode_modules\[4m@nestjs[24m\passport\dist\auth.guard.js:80:83
[2m[WebServer] [22m      at JwtAuthGuard.canActivate [90m(C:\Users\Bedon\Desktop\semester-5-software-project\backend\[39mnode_modules\[4m@nestjs[24m\passport\dist\auth.guard.js:44:32[90m)[39m
[2m[WebServer] [22m  [90m    at process.processTicksAndRejections (node:internal/process/task_queues:105:5)[39m
[2m[WebServer] [22m}

[1A[2K[2m[WebServer] [22mΓ¥î JwtAuthGuard INFO: Error: No auth token

[2m[WebServer] [22m    at JwtStrategy.authenticate 
[90m(C:\Users\Bedon\Desktop\semester-5-software-project\backend\[39mnode_modules\[4mpassport-jwt[24m\lib\strategy.js:96:26[90m)[39m
[2m[WebServer] [22m    at attempt 
[90m(C:\Users\Bedon\Desktop\semester-5-software-project\backend\[39mnode_modules\[4mpassport[24m\lib\middleware\authenticate.js:378:16[90m)[39m
[2m[WebServer] [22m    at authenticate 
[90m(C:\Users\Bedon\Desktop\semester-5-software-project\backend\[39mnode_modules\[4mpassport[24m\lib\middleware\authenticate.js:379:7[90m)[39m
[2m[WebServer] [22m    at [90mC:\Users\Bedon\Desktop\semester-5-software-project\backend\[39mnode_modules\[4m@nestjs[24m\passport\dist\auth.guard.js:88:3
[2m[WebServer] [22m    at new Promise (<anonymous>)
[2m[WebServer] [22m    at 
[90mC:\Users\Bedon\Desktop\semester-5-software-project\backend\[39mnode_modules\[4m@nestjs[24m\passport\dist\auth.guard.js:80:83
[2m[WebServer] [22m    at JwtAuthGuard.canActivate 
[90m(C:\Users\Bedon\Desktop\semester-5-software-project\backend\[39mnode_modules\[4m@nestjs[24m\passport\dist\auth.guard.js:44:32[90m)[39m
[2m[WebServer] [22m[90m    at process.processTicksAndRejections (node:internal/process/task_queues:105:5)[39m
[1A[2K[2m[WebServer] [22mΓ¥î JwtAuthGuard FAILING ΓåÆ No auth token

[1A[2K[2m[WebServer] [22mVALIDATE EMPLOYEE - systemRole = {
[2m[WebServer] [22m  _id: new ObjectId([32m'6928cf79fe9ff406e6610fed'[39m),
[2m[WebServer] [22m  employeeProfileId: new ObjectId([32m'6928cf79fe9ff406e6610feb'[39m),
[2m[WebServer] [22m  roles: [ [32m'HR Manager'[39m ],
[2m[WebServer] [22m  permissions: [],
[2m[WebServer] [22m  isActive: [33mtrue[39m,
[2m[WebServer] [22m  createdAt: [35m2025-11-27T22:23:53.913Z[39m,
[2m[WebServer] [22m  updatedAt: [35m2025-11-27T22:23:53.913Z[39m,
[2m[WebServer] [22m  __v: [33m0[39m
[2m[WebServer] [22m}

[1A[2K[2m[WebServer] [22mGenerated token: eyJhbGciOiJIUzI1NiIsInR5cCI6IkpXVCJ9.eyJzdWIiOiI2OTI4Y2Y3OWZlOWZmNDA2ZTY2MTBmZWIiLCJ3b3JrRW1haWwiOiJoci5oci5ockBleGFtcGxlLmNvbSIsInJvbGVzIjpbIkhSIE1hbmFnZXIiXSwicGVybWlzc2lvbnMiOltdLCJwcmltYXJ5RGVwYXJ0bWVudElkIjoiNjc1MWZlNTFkM2EzOGE5NTBiYTQwYzExIiwiZW1wbG95ZWVOdW1iZXIiOiJFTVAtMTAxOSIsImlhdCI6MTc2NTk4MjA1NSwiZXhwIjoxNzY2MDY4NDU1fQ.vD-aCPQGgrEwtJlizzejr_ycNIa010cN4u2vKi2l47s

[1A[2K[2m[WebServer] [22m GET /leaves [32m200[39m in 20ms[2m (compile: 3ms, render: 17ms)[22m

[1A[2KΓ£à Login successful

[1A[2K≡ƒÆ░ Testing Balance Adjustments

[1A[2K[2m[WebServer] [22m≡ƒöÑ JwtAuthGuard: canActivate CALLED

[1A[2K[2m[WebServer] [22m≡ƒöì JWT Extractor - All cookies: {
[2m[WebServer] [22m  accessToken: [32m'eyJhbGciOiJIUzI1NiIsInR5cCI6IkpXVCJ9.eyJzdWIiOiI2OTI4Y2Y3OWZlOWZmNDA2ZTY2MTBmZWIiLCJ3b3JrRW1haWwiOiJoci5oci5ockBleGFtcGxlLmNvbSIsInJvbGVzIjpbIkhSIE1hbmFnZXIiXSwicGVybWlzc2lvbnMiOltdLCJwcmltYXJ5RGVwYXJ0bWVudElkIjoiNjc1MWZlNTFkM2EzOGE5NTBiYTQwYzExIiwiZW1wbG95ZWVOdW1iZXIiOiJFTVAtMTAxOSIsImlhdCI6MTc2NTk4MjA1NSwiZXhwIjoxNzY2MDY4NDU1fQ.vD-aCPQGgrEwtJlizzejr_ycNIa010cN4u2vKi2l47s'[39m
[2m[WebServer] [22m}

[1A[2K[2m[WebServer] [22m≡ƒöì JWT Extractor - Headers: accessToken=eyJhbGciOiJIUzI1NiIsInR5cCI6IkpXVCJ9.eyJzdWIiOiI2OTI4Y2Y3OWZlOWZmNDA2ZTY2MTBmZWIiLCJ3b3JrRW1haWwiOiJoci5oci5ockBleGFtcGxlLmNvbSIsInJvbGVzIjpbIkhSIE1hbmFnZXIiXSwicGVybWlzc2lvbnMiOltdLCJwcmltYXJ5RGVwYXJ0bWVudElkIjoiNjc1MWZlNTFkM2EzOGE5NTBiYTQwYzExIiwiZW1wbG95ZWVOdW1iZXIiOiJFTVAtMTAxOSIsImlhdCI6MTc2NTk4MjA1NSwiZXhwIjoxNzY2MDY4NDU1fQ.vD-aCPQGgrEwtJlizzejr_ycNIa010cN4u2vKi2l47s
[2m[WebServer] [22m≡ƒöì JWT Extractor - accessToken: FOUND

[1A[2K[2m[WebServer] [22mJwtStrategy VALIDATE: {
[2m[WebServer] [22m  sub: [32m'6928cf79fe9ff406e6610feb'[39m,
[2m[WebServer] [22m  workEmail: [32m'hr.hr.hr@example.com'[39m,
[2m[WebServer] [22m  roles: [ [32m'HR Manager'[39m ],
[2m[WebServer] [22m  permissions: [],
[2m[WebServer] [22m  primaryDepartmentId: [32m'6751fe51d3a38a950ba40c11'[39m,
[2m[WebServer] [22m  employeeNumber: [32m'EMP-1019'[39m,
[2m[WebServer] [22m  iat: [33m1765982055[39m,
[2m[WebServer] [22m  exp: [33m1766068455[39m
[2m[WebServer] [22m}

[1A[2K[2m[WebServer] [22m≡ƒöÑ JwtAuthGuard: handleRequest() {
[2m[WebServer] [22m  err: [1mnull[22m,
[2m[WebServer] [22m  user: {
[2m[WebServer] [22m    id: [32m'6928cf79fe9ff406e6610feb'[39m,
[2m[WebServer] [22m    workEmail: [32m'hr.hr.hr@example.com'[39m,
[2m[WebServer] [22m    roles: [ [32m'HR Manager'[39m ],
[2m[WebServer] [22m    permissions: [],
[2m[WebServer] [22m    primaryDepartmentId: [32m'6751fe51d3a38a950ba40c11'[39m,
[2m[WebServer] [22m    employeeNumber: [32m'EMP-1019'[39m
[2m[WebServer] [22m  },
[2m[WebServer] [22m  info: [90mundefined[39m
[2m[WebServer] [22m}
[2m[WebServer] [22mΓ£à JwtAuthGuard SUCCESS ΓåÆ user authenticated: 6928cf79fe9ff406e6610feb
[2m[WebServer] [22m≡ƒöÑ RolesGuard running!

[1A[2K[2m[WebServer] [22m
[2m[WebServer] [22m===== ROLE GUARD =====
[2m[WebServer] [22mRequired roles: [
[2m[WebServer] [22m  [32m'department employee'[39m,
[2m[WebServer] [22m  [32m'HR Employee'[39m,
[2m[WebServer] [22m  [32m'department head'[39m,
[2m[WebServer] [22m  [32m'HR Manager'[39m,
[2m[WebServer] [22m  [32m'HR Admin'[39m,
[2m[WebServer] [22m  [32m'System Admin'[39m
[2m[WebServer] [22m]
[2m[WebServer] [22mUser object: {
[2m[WebServer] [22m  id: [32m'6928cf79fe9ff406e6610feb'[39m,
[2m[WebServer] [22m  workEmail: [32m'hr.hr.hr@example.com'[39m,
[2m[WebServer] [22m  roles: [ [32m'HR Manager'[39m ],
[2m[WebServer] [22m  permissions: [],
[2m[WebServer] [22m  primaryDepartmentId: [32m'6751fe51d3a38a950ba40c11'[39m,
[2m[WebServer] [22m  employeeNumber: [32m'EMP-1019'[39m
[2m[WebServer] [22m}

[1A[2K[2m[WebServer] [22mNormalized user roles: [ [32m'hr manager'[39m ]
[2m[WebServer] [22mNormalized required roles: [
[2m[WebServer] [22m  [32m'department employee'[39m,
[2m[WebServer] [22m  [32m'hr employee'[39m,
[2m[WebServer] [22m  [32m'department head'[39m,
[2m[WebServer] [22m  [32m'hr manager'[39m,
[2m[WebServer] [22m  [32m'hr admin'[39m,
[2m[WebServer] [22m  [32m'system admin'[39m
[2m[WebServer] [22m]
[2m[WebServer] [22mHas required role? [33mtrue[39m
[2m[WebServer] [22mΓ£ö ACCESS GRANTED Γ£ö

[1A[2K[2m[WebServer] [22m≡ƒöì [TrackingController] getMyBalances: {
[2m[WebServer] [22m  query: [Object: null prototype] {},
[2m[WebServer] [22m  userId: [32m'6928cf79fe9ff406e6610feb'[39m
[2m[WebServer] [22m}

[1A[2K[2m[WebServer] [22m≡ƒöÑ JwtAuthGuard: canActivate CALLED

[1A[2K[2m[WebServer] [22m≡ƒöì JWT Extractor - All cookies: {
[2m[WebServer] [22m  accessToken: [32m'eyJhbGciOiJIUzI1NiIsInR5cCI6IkpXVCJ9.eyJzdWIiOiI2OTI4Y2Y3OWZlOWZmNDA2ZTY2MTBmZWIiLCJ3b3JrRW1haWwiOiJoci5oci5ockBleGFtcGxlLmNvbSIsInJvbGVzIjpbIkhSIE1hbmFnZXIiXSwicGVybWlzc2lvbnMiOltdLCJwcmltYXJ5RGVwYXJ0bWVudElkIjoiNjc1MWZlNTFkM2EzOGE5NTBiYTQwYzExIiwiZW1wbG95ZWVOdW1iZXIiOiJFTVAtMTAxOSIsImlhdCI6MTc2NTk4MjA1NSwiZXhwIjoxNzY2MDY4NDU1fQ.vD-aCPQGgrEwtJlizzejr_ycNIa010cN4u2vKi2l47s'[39m
[2m[WebServer] [22m}

[1A[2K[2m[WebServer] [22m≡ƒöì JWT Extractor - Headers: accessToken=eyJhbGciOiJIUzI1NiIsInR5cCI6IkpXVCJ9.eyJzdWIiOiI2OTI4Y2Y3OWZlOWZmNDA2ZTY2MTBmZWIiLCJ3b3JrRW1haWwiOiJoci5oci5ockBleGFtcGxlLmNvbSIsInJvbGVzIjpbIkhSIE1hbmFnZXIiXSwicGVybWlzc2lvbnMiOltdLCJwcmltYXJ5RGVwYXJ0bWVudElkIjoiNjc1MWZlNTFkM2EzOGE5NTBiYTQwYzExIiwiZW1wbG95ZWVOdW1iZXIiOiJFTVAtMTAxOSIsImlhdCI6MTc2NTk4MjA1NSwiZXhwIjoxNzY2MDY4NDU1fQ.vD-aCPQGgrEwtJlizzejr_ycNIa010cN4u2vKi2l47s
[2m[WebServer] [22m≡ƒöì JWT Extractor - accessToken: FOUND

[1A[2K[2m[WebServer] [22mJwtStrategy VALIDATE: {
[2m[WebServer] [22m  sub: [32m'6928cf79fe9ff406e6610feb'[39m,
[2m[WebServer] [22m  workEmail: [32m'hr.hr.hr@example.com'[39m,
[2m[WebServer] [22m  roles: [ [32m'HR Manager'[39m ],
[2m[WebServer] [22m  permissions: [],
[2m[WebServer] [22m  primaryDepartmentId: [32m'6751fe51d3a38a950ba40c11'[39m,
[2m[WebServer] [22m  employeeNumber: [32m'EMP-1019'[39m,
[2m[WebServer] [22m  iat: [33m1765982055[39m,
[2m[WebServer] [22m  exp: [33m1766068455[39m
[2m[WebServer] [22m}

[1A[2K[2m[WebServer] [22m≡ƒöÑ JwtAuthGuard: handleRequest() {
[2m[WebServer] [22m  err: [1mnull[22m,
[2m[WebServer] [22m  user: {
[2m[WebServer] [22m    id: [32m'6928cf79fe9ff406e6610feb'[39m,
[2m[WebServer] [22m    workEmail: [32m'hr.hr.hr@example.com'[39m,
[2m[WebServer] [22m    roles: [ [32m'HR Manager'[39m ],
[2m[WebServer] [22m    permissions: [],
[2m[WebServer] [22m    primaryDepartmentId: [32m'6751fe51d3a38a950ba40c11'[39m,
[2m[WebServer] [22m    employeeNumber: [32m'EMP-1019'[39m
[2m[WebServer] [22m  },
[2m[WebServer] [22m  info: [90mundefined[39m
[2m[WebServer] [22m}
[2m[WebServer] [22mΓ£à JwtAuthGuard SUCCESS ΓåÆ user authenticated: 6928cf79fe9ff406e6610feb
[2m[WebServer] [22m≡ƒöÑ RolesGuard running!

[1A[2K[2m[WebServer] [22m
[2m[WebServer] [22m===== ROLE GUARD =====
[2m[WebServer] [22mRequired roles: [
[2m[WebServer] [22m  [32m'department employee'[39m,
[2m[WebServer] [22m  [32m'HR Employee'[39m,
[2m[WebServer] [22m  [32m'department head'[39m,
[2m[WebServer] [22m  [32m'HR Manager'[39m,
[2m[WebServer] [22m  [32m'HR Admin'[39m,
[2m[WebServer] [22m  [32m'System Admin'[39m
[2m[WebServer] [22m]

[1A[2K[2m[WebServer] [22mUser object: {
[2m[WebServer] [22m  id: [32m'6928cf79fe9ff406e6610feb'[39m,
[2m[WebServer] [22m  workEmail: [32m'hr.hr.hr@example.com'[39m,
[2m[WebServer] [22m  roles: [ [32m'HR Manager'[39m ],
[2m[WebServer] [22m  permissions: [],
[2m[WebServer] [22m  primaryDepartmentId: [32m'6751fe51d3a38a950ba40c11'[39m,
[2m[WebServer] [22m  employeeNumber: [32m'EMP-1019'[39m
[2m[WebServer] [22m}
[2m[WebServer] [22mNormalized user roles: [ [32m'hr manager'[39m ]
[2m[WebServer] [22mNormalized required roles: [
[2m[WebServer] [22m  [32m'department employee'[39m,
[2m[WebServer] [22m  [32m'hr employee'[39m,
[2m[WebServer] [22m  [32m'department head'[39m,
[2m[WebServer] [22m  [32m'hr manager'[39m,
[2m[WebServer] [22m  [32m'hr admin'[39m,
[2m[WebServer] [22m  [32m'system admin'[39m
[2m[WebServer] [22m]

[1A[2K[2m[WebServer] [22mHas required role? [33mtrue[39m
[2m[WebServer] [22mΓ£ö ACCESS GRANTED Γ£ö

[1A[2K[2m[WebServer] [22m≡ƒöì [TrackingController] getMyHistory: {
[2m[WebServer] [22m  filters: [Object: null prototype] {},
[2m[WebServer] [22m  userId: [32m'6928cf79fe9ff406e6610feb'[39m
[2m[WebServer] [22m}

[1A[2K[2m[WebServer] [22m GET /leaves/hr/balances [33m404[39m in 59ms[2m (compile: 4ms, render: 55ms)[22m

[1A[2K[2m[WebServer] [22m≡ƒöÑ JwtAuthGuard: canActivate CALLED

[1A[2K[2m[WebServer] [22m≡ƒöì JWT Extractor - All cookies: {
[2m[WebServer] [22m  accessToken: [32m'eyJhbGciOiJIUzI1NiIsInR5cCI6IkpXVCJ9.eyJzdWIiOiI2OTI4Y2Y3OWZlOWZmNDA2ZTY2MTBmZWIiLCJ3b3JrRW1haWwiOiJoci5oci5ockBleGFtcGxlLmNvbSIsInJvbGVzIjpbIkhSIE1hbmFnZXIiXSwicGVybWlzc2lvbnMiOltdLCJwcmltYXJ5RGVwYXJ0bWVudElkIjoiNjc1MWZlNTFkM2EzOGE5NTBiYTQwYzExIiwiZW1wbG95ZWVOdW1iZXIiOiJFTVAtMTAxOSIsImlhdCI6MTc2NTk4MjA1NSwiZXhwIjoxNzY2MDY4NDU1fQ.vD-aCPQGgrEwtJlizzejr_ycNIa010cN4u2vKi2l47s'[39m
[2m[WebServer] [22m}
[2m[WebServer] [22m≡ƒöì JWT Extractor - Headers: accessToken=eyJhbGciOiJIUzI1NiIsInR5cCI6IkpXVCJ9.eyJzdWIiOiI2OTI4Y2Y3OWZlOWZmNDA2ZTY2MTBmZWIiLCJ3b3JrRW1haWwiOiJoci5oci5ockBleGFtcGxlLmNvbSIsInJvbGVzIjpbIkhSIE1hbmFnZXIiXSwicGVybWlzc2lvbnMiOltdLCJwcmltYXJ5RGVwYXJ0bWVudElkIjoiNjc1MWZlNTFkM2EzOGE5NTBiYTQwYzExIiwiZW1wbG95ZWVOdW1iZXIiOiJFTVAtMTAxOSIsImlhdCI6MTc2NTk4MjA1NSwiZXhwIjoxNzY2MDY4NDU1fQ.vD-aCPQGgrEwtJlizzejr_ycNIa010cN4u2vKi2l47s
[2m[WebServer] [22m≡ƒöì JWT Extractor - accessToken: FOUND

[1A[2K[2m[WebServer] [22mJwtStrategy VALIDATE: {
[2m[WebServer] [22m  sub: [32m'6928cf79fe9ff406e6610feb'[39m,
[2m[WebServer] [22m  workEmail: [32m'hr.hr.hr@example.com'[39m,
[2m[WebServer] [22m  roles: [ [32m'HR Manager'[39m ],
[2m[WebServer] [22m  permissions: [],
[2m[WebServer] [22m  primaryDepartmentId: [32m'6751fe51d3a38a950ba40c11'[39m,
[2m[WebServer] [22m  employeeNumber: [32m'EMP-1019'[39m,
[2m[WebServer] [22m  iat: [33m1765982055[39m,
[2m[WebServer] [22m  exp: [33m1766068455[39m
[2m[WebServer] [22m}

[1A[2K[2m[WebServer] [22m≡ƒöÑ JwtAuthGuard: handleRequest() {
[2m[WebServer] [22m  err: [1mnull[22m,
[2m[WebServer] [22m  user: {
[2m[WebServer] [22m    id: [32m'6928cf79fe9ff406e6610feb'[39m,
[2m[WebServer] [22m    workEmail: [32m'hr.hr.hr@example.com'[39m,
[2m[WebServer] [22m    roles: [ [32m'HR Manager'[39m ],
[2m[WebServer] [22m    permissions: [],
[2m[WebServer] [22m    primaryDepartmentId: [32m'6751fe51d3a38a950ba40c11'[39m,
[2m[WebServer] [22m    employeeNumber: [32m'EMP-1019'[39m
[2m[WebServer] [22m  },
[2m[WebServer] [22m  info: [90mundefined[39m
[2m[WebServer] [22m}
[2m[WebServer] [22mΓ£à JwtAuthGuard SUCCESS ΓåÆ user authenticated: 6928cf79fe9ff406e6610feb

[1A[2K
================================================================================

[1A[2K≡ƒÄë ALL LEAVE MANAGEMENT TESTS COMPLETED

[1A[2K================================================================================

[1A[2KΓ£à Employee 1 (EMP-1026): All scenarios tested

[1A[2KΓ£à Employee 2 (EMP-1027): Low balance scenarios tested

[1A[2KΓ£à Manager (EMP-1025): Approval workflows tested

[1A[2KΓ£à HR (EMP-1019): System-wide management tested

[1A[2K================================================================================


[1A[2K  16) [chromium] ΓÇ║ leave-tests.spec.ts:1078:7 ΓÇ║ ≡ƒæö HR MANAGER (EMP-1019) - All HR Scenarios ΓÇ║ Γ£à CC1-CC2: Balance adjustments (REQ-013, REQ-036) 

    Error: Γ¥î /leaves/hr/balances returns 404 - Create HrLeaveController

      1082 |     
      1083 |     if (response?.status() === 404) {
    > 1084 |       throw new Error('Γ¥î /leaves/hr/balances returns 404 - Create HrLeaveController');
           |             ^
      1085 |     }
      1086 |     
      1087 |     expect(response?.status()).toBe(200);
        at C:\Users\Bedon\Desktop\semester-5-software-project\leave-tests.spec.ts:1084:13

    attachment #1: screenshot (image/png) ΓöÇΓöÇΓöÇΓöÇΓöÇΓöÇΓöÇΓöÇΓöÇΓöÇΓöÇΓöÇΓöÇΓöÇΓöÇΓöÇΓöÇΓöÇΓöÇΓöÇΓöÇΓöÇΓöÇΓöÇΓöÇΓöÇΓöÇΓöÇΓöÇΓöÇΓöÇΓöÇΓöÇΓöÇΓöÇΓöÇΓöÇΓöÇΓöÇΓöÇΓöÇΓöÇΓöÇΓöÇΓöÇΓöÇΓöÇΓöÇΓöÇΓöÇΓöÇΓöÇΓöÇΓöÇΓöÇΓöÇΓöÇΓöÇ
    test-results\leave-tests-≡ƒæö-HR-MANAGER--c28e2-djustments-REQ-013-REQ-036--chromium\test-failed-1.png
    ΓöÇΓöÇΓöÇΓöÇΓöÇΓöÇΓöÇΓöÇΓöÇΓöÇΓöÇΓöÇΓöÇΓöÇΓöÇΓöÇΓöÇΓöÇΓöÇΓöÇΓöÇΓöÇΓöÇΓöÇΓöÇΓöÇΓöÇΓöÇΓöÇΓöÇΓöÇΓöÇΓöÇΓöÇΓöÇΓöÇΓöÇΓöÇΓöÇΓöÇΓöÇΓöÇΓöÇΓöÇΓöÇΓöÇΓöÇΓöÇΓöÇΓöÇΓöÇΓöÇΓöÇΓöÇΓöÇΓöÇΓöÇΓöÇΓöÇΓöÇΓöÇΓöÇΓöÇΓöÇΓöÇΓöÇΓöÇΓöÇΓöÇΓöÇΓöÇΓöÇΓöÇΓöÇΓöÇΓöÇΓöÇΓöÇΓöÇΓöÇΓöÇΓöÇΓöÇΓöÇΓöÇΓöÇΓöÇΓöÇΓöÇΓöÇΓöÇΓöÇΓöÇΓöÇΓöÇΓöÇ

    attachment #2: video (video/webm) ΓöÇΓöÇΓöÇΓöÇΓöÇΓöÇΓöÇΓöÇΓöÇΓöÇΓöÇΓöÇΓöÇΓöÇΓöÇΓöÇΓöÇΓöÇΓöÇΓöÇΓöÇΓöÇΓöÇΓöÇΓöÇΓöÇΓöÇΓöÇΓöÇΓöÇΓöÇΓöÇΓöÇΓöÇΓöÇΓöÇΓöÇΓöÇΓöÇΓöÇΓöÇΓöÇΓöÇΓöÇΓöÇΓöÇΓöÇΓöÇΓöÇΓöÇΓöÇΓöÇΓöÇΓöÇΓöÇΓöÇΓöÇΓöÇΓöÇΓöÇΓöÇΓöÇ
    test-results\leave-tests-≡ƒæö-HR-MANAGER--c28e2-djustments-REQ-013-REQ-036--chromium\video.webm
    ΓöÇΓöÇΓöÇΓöÇΓöÇΓöÇΓöÇΓöÇΓöÇΓöÇΓöÇΓöÇΓöÇΓöÇΓöÇΓöÇΓöÇΓöÇΓöÇΓöÇΓöÇΓöÇΓöÇΓöÇΓöÇΓöÇΓöÇΓöÇΓöÇΓöÇΓöÇΓöÇΓöÇΓöÇΓöÇΓöÇΓöÇΓöÇΓöÇΓöÇΓöÇΓöÇΓöÇΓöÇΓöÇΓöÇΓöÇΓöÇΓöÇΓöÇΓöÇΓöÇΓöÇΓöÇΓöÇΓöÇΓöÇΓöÇΓöÇΓöÇΓöÇΓöÇΓöÇΓöÇΓöÇΓöÇΓöÇΓöÇΓöÇΓöÇΓöÇΓöÇΓöÇΓöÇΓöÇΓöÇΓöÇΓöÇΓöÇΓöÇΓöÇΓöÇΓöÇΓöÇΓöÇΓöÇΓöÇΓöÇΓöÇΓöÇΓöÇΓöÇΓöÇΓöÇΓöÇΓöÇ

    Error Context: test-results\leave-tests-≡ƒæö-HR-MANAGER--c28e2-djustments-REQ-013-REQ-036--chromium\error-context.md


[1A[2K[35/35] [chromium] ΓÇ║ leave-tests.spec.ts:1101:7 ΓÇ║ ≡ƒöì DEBUG - Modal Structure Analysis ΓÇ║ ≡ƒöì DEBUG: Check modal structure
[1A[2K[chromium] ΓÇ║ leave-tests.spec.ts:1101:7 ΓÇ║ ≡ƒöì DEBUG - Modal Structure Analysis ΓÇ║ ≡ƒöì DEBUG: Check modal structure
≡ƒöÉ Logging in as: engemp1.work@example.com

[1A[2K[2m[WebServer] [22m GET /login [32m200[39m in 31ms[2m (compile: 2ms, render: 28ms)[22m

[1A[2K[2m[WebServer] [22m≡ƒöÑ JwtAuthGuard: canActivate CALLED

[1A[2K[2m[WebServer] [22m≡ƒöì JWT Extractor - All cookies: [Object: null prototype] {}
[2m[WebServer] [22m≡ƒöì JWT Extractor - Headers: [90mundefined[39m
[2m[WebServer] [22m≡ƒöì JWT Extractor - accessToken: NOT FOUND

[1A[2K[2m[WebServer] [22m≡ƒöÑ JwtAuthGuard: handleRequest() {
[2m[WebServer] [22m  err: [1mnull[22m,
[2m[WebServer] [22m  user: [33mfalse[39m,
[2m[WebServer] [22m  info: Error: No auth token
[2m[WebServer] [22m      at JwtStrategy.authenticate [90m(C:\Users\Bedon\Desktop\semester-5-software-project\backend\[39mnode_modules\[4mpassport-jwt[24m\lib\strategy.js:96:26[90m)[39m
[2m[WebServer] [22m      at attempt [90m(C:\Users\Bedon\Desktop\semester-5-software-project\backend\[39mnode_modules\[4mpassport[24m\lib\middleware\authenticate.js:378:16[90m)[39m
[2m[WebServer] [22m      at authenticate [90m(C:\Users\Bedon\Desktop\semester-5-software-project\backend\[39mnode_modules\[4mpassport[24m\lib\middleware\authenticate.js:379:7[90m)[39m
[2m[WebServer] [22m      at [90mC:\Users\Bedon\Desktop\semester-5-software-project\backend\[39mnode_modules\[4m@nestjs[24m\passport\dist\auth.guard.js:88:3
[2m[WebServer] [22m      at new Promise (<anonymous>)
[2m[WebServer] [22m      at [90mC:\Users\Bedon\Desktop\semester-5-software-project\backend\[39mnode_modules\[4m@nestjs[24m\passport\dist\auth.guard.js:80:83
[2m[WebServer] [22m      at JwtAuthGuard.canActivate [90m(C:\Users\Bedon\Desktop\semester-5-software-project\backend\[39mnode_modules\[4m@nestjs[24m\passport\dist\auth.guard.js:44:32[90m)[39m
[2m[WebServer] [22m  [90m    at process.processTicksAndRejections (node:internal/process/task_queues:105:5)[39m
[2m[WebServer] [22m}

[1A[2K[2m[WebServer] [22mΓ¥î JwtAuthGuard INFO: Error: No auth token

[2m[WebServer] [22m    at JwtStrategy.authenticate 
[90m(C:\Users\Bedon\Desktop\semester-5-software-project\backend\[39mnode_modules\[4mpassport-jwt[24m\lib\strategy.js:96:26[90m)[39m
[2m[WebServer] [22m    at attempt 
[90m(C:\Users\Bedon\Desktop\semester-5-software-project\backend\[39mnode_modules\[4mpassport[24m\lib\middleware\authenticate.js:378:16[90m)[39m
[2m[WebServer] [22m    at authenticate 
[90m(C:\Users\Bedon\Desktop\semester-5-software-project\backend\[39mnode_modules\[4mpassport[24m\lib\middleware\authenticate.js:379:7[90m)[39m
[2m[WebServer] [22m    at [90mC:\Users\Bedon\Desktop\semester-5-software-project\backend\[39mnode_modules\[4m@nestjs[24m\passport\dist\auth.guard.js:88:3
[2m[WebServer] [22m    at new Promise (<anonymous>)
[2m[WebServer] [22m    at 
[90mC:\Users\Bedon\Desktop\semester-5-software-project\backend\[39mnode_modules\[4m@nestjs[24m\passport\dist\auth.guard.js:80:83
[2m[WebServer] [22m    at JwtAuthGuard.canActivate 
[90m(C:\Users\Bedon\Desktop\semester-5-software-project\backend\[39mnode_modules\[4m@nestjs[24m\passport\dist\auth.guard.js:44:32[90m)[39m
[2m[WebServer] [22m[90m    at process.processTicksAndRejections (node:internal/process/task_queues:105:5)[39m
[1A[2K[2m[WebServer] [22mΓ¥î JwtAuthGuard FAILING ΓåÆ No auth token

[1A[2K[2m[WebServer] [22mVALIDATE EMPLOYEE - systemRole = {
[2m[WebServer] [22m  _id: new ObjectId([32m'6929e2de934d8e079e6f55b8'[39m),
[2m[WebServer] [22m  employeeProfileId: new ObjectId([32m'6929e2de934d8e079e6f55b6'[39m),
[2m[WebServer] [22m  roles: [ [32m'department employee'[39m ],
[2m[WebServer] [22m  permissions: [],
[2m[WebServer] [22m  isActive: [33mtrue[39m,
[2m[WebServer] [22m  createdAt: [35m2025-11-28T17:58:54.894Z[39m,
[2m[WebServer] [22m  updatedAt: [35m2025-11-28T17:58:54.894Z[39m,
[2m[WebServer] [22m  __v: [33m0[39m
[2m[WebServer] [22m}

[1A[2K[2m[WebServer] [22mGenerated token: eyJhbGciOiJIUzI1NiIsInR5cCI6IkpXVCJ9.eyJzdWIiOiI2OTI5ZTJkZTkzNGQ4ZTA3OWU2ZjU1YjYiLCJ3b3JrRW1haWwiOiJlbmdlbXAxLndvcmtAZXhhbXBsZS5jb20iLCJyb2xlcyI6WyJkZXBhcnRtZW50IGVtcGxveWVlIl0sInBlcm1pc3Npb25zIjpbXSwicHJpbWFyeURlcGFydG1lbnRJZCI6IjY5Mjc1ZDhhZmMxMTg0YTNiM2U2YzU1ZiIsImVtcGxveWVlTnVtYmVyIjoiRU1QLTEwMjYiLCJpYXQiOjE3NjU5ODIwNTgsImV4cCI6MTc2NjA2ODQ1OH0.SldNWBZCi4AnPRM2ff2kj_5tgvnCsbQgv_8WqtuK7j0

[1A[2K[2m[WebServer] [22m GET /leaves [32m200[39m in 18ms[2m (compile: 3ms, render: 15ms)[22m

[1A[2KΓ£à Login successful

[1A[2K≡ƒöì Starting modal debug test...

[1A[2K[2m[WebServer] [22m≡ƒöÑ JwtAuthGuard: canActivate CALLED

[1A[2K[2m[WebServer] [22m≡ƒöì JWT Extractor - All cookies: {
[2m[WebServer] [22m  accessToken: [32m'eyJhbGciOiJIUzI1NiIsInR5cCI6IkpXVCJ9.eyJzdWIiOiI2OTI5ZTJkZTkzNGQ4ZTA3OWU2ZjU1YjYiLCJ3b3JrRW1haWwiOiJlbmdlbXAxLndvcmtAZXhhbXBsZS5jb20iLCJyb2xlcyI6WyJkZXBhcnRtZW50IGVtcGxveWVlIl0sInBlcm1pc3Npb25zIjpbXSwicHJpbWFyeURlcGFydG1lbnRJZCI6IjY5Mjc1ZDhhZmMxMTg0YTNiM2U2YzU1ZiIsImVtcGxveWVlTnVtYmVyIjoiRU1QLTEwMjYiLCJpYXQiOjE3NjU5ODIwNTgsImV4cCI6MTc2NjA2ODQ1OH0.SldNWBZCi4AnPRM2ff2kj_5tgvnCsbQgv_8WqtuK7j0'[39m
[2m[WebServer] [22m}
[2m[WebServer] [22m≡ƒöì JWT Extractor - Headers: accessToken=eyJhbGciOiJIUzI1NiIsInR5cCI6IkpXVCJ9.eyJzdWIiOiI2OTI5ZTJkZTkzNGQ4ZTA3OWU2ZjU1YjYiLCJ3b3JrRW1haWwiOiJlbmdlbXAxLndvcmtAZXhhbXBsZS5jb20iLCJyb2xlcyI6WyJkZXBhcnRtZW50IGVtcGxveWVlIl0sInBlcm1pc3Npb25zIjpbXSwicHJpbWFyeURlcGFydG1lbnRJZCI6IjY5Mjc1ZDhhZmMxMTg0YTNiM2U2YzU1ZiIsImVtcGxveWVlTnVtYmVyIjoiRU1QLTEwMjYiLCJpYXQiOjE3NjU5ODIwNTgsImV4cCI6MTc2NjA2ODQ1OH0.SldNWBZCi4AnPRM2ff2kj_5tgvnCsbQgv_8WqtuK7j0
[2m[WebServer] [22m≡ƒöì JWT Extractor - accessToken: FOUND

[1A[2K[2m[WebServer] [22mJwtStrategy VALIDATE: {
[2m[WebServer] [22m  sub: [32m'6929e2de934d8e079e6f55b6'[39m,
[2m[WebServer] [22m  workEmail: [32m'engemp1.work@example.com'[39m,
[2m[WebServer] [22m  roles: [ [32m'department employee'[39m ],
[2m[WebServer] [22m  permissions: [],
[2m[WebServer] [22m  primaryDepartmentId: [32m'69275d8afc1184a3b3e6c55f'[39m,
[2m[WebServer] [22m  employeeNumber: [32m'EMP-1026'[39m,
[2m[WebServer] [22m  iat: [33m1765982058[39m,
[2m[WebServer] [22m  exp: [33m1766068458[39m
[2m[WebServer] [22m}

[1A[2K[2m[WebServer] [22m≡ƒöÑ JwtAuthGuard: handleRequest() {
[2m[WebServer] [22m  err: [1mnull[22m,
[2m[WebServer] [22m  user: {
[2m[WebServer] [22m    id: [32m'6929e2de934d8e079e6f55b6'[39m,
[2m[WebServer] [22m    workEmail: [32m'engemp1.work@example.com'[39m,
[2m[WebServer] [22m    roles: [ [32m'department employee'[39m ],
[2m[WebServer] [22m    permissions: [],
[2m[WebServer] [22m    primaryDepartmentId: [32m'69275d8afc1184a3b3e6c55f'[39m,
[2m[WebServer] [22m    employeeNumber: [32m'EMP-1026'[39m
[2m[WebServer] [22m  },
[2m[WebServer] [22m  info: [90mundefined[39m
[2m[WebServer] [22m}
[2m[WebServer] [22mΓ£à JwtAuthGuard SUCCESS ΓåÆ user authenticated: 6929e2de934d8e079e6f55b6
[2m[WebServer] [22m≡ƒöÑ RolesGuard running!
[2m[WebServer] [22m
[2m[WebServer] [22m===== ROLE GUARD =====

[1A[2K[2m[WebServer] [22mRequired roles: [
[2m[WebServer] [22m  [32m'department employee'[39m,
[2m[WebServer] [22m  [32m'HR Employee'[39m,
[2m[WebServer] [22m  [32m'department head'[39m,
[2m[WebServer] [22m  [32m'HR Manager'[39m,
[2m[WebServer] [22m  [32m'HR Admin'[39m,
[2m[WebServer] [22m  [32m'System Admin'[39m
[2m[WebServer] [22m]
[2m[WebServer] [22mUser object: {
[2m[WebServer] [22m  id: [32m'6929e2de934d8e079e6f55b6'[39m,
[2m[WebServer] [22m  workEmail: [32m'engemp1.work@example.com'[39m,
[2m[WebServer] [22m  roles: [ [32m'department employee'[39m ],
[2m[WebServer] [22m  permissions: [],
[2m[WebServer] [22m  primaryDepartmentId: [32m'69275d8afc1184a3b3e6c55f'[39m,
[2m[WebServer] [22m  employeeNumber: [32m'EMP-1026'[39m
[2m[WebServer] [22m}
[2m[WebServer] [22mNormalized user roles: [ [32m'department employee'[39m ]
[2m[WebServer] [22mNormalized required roles: [
[2m[WebServer] [22m  [32m'department employee'[39m,
[2m[WebServer] [22m  [32m'hr employee'[39m,
[2m[WebServer] [22m  [32m'department head'[39m,
[2m[WebServer] [22m  [32m'hr manager'[39m,
[2m[WebServer] [22m  [32m'hr admin'[39m,
[2m[WebServer] [22m  [32m'system admin'[39m
[2m[WebServer] [22m]
[2m[WebServer] [22mHas required role? [33mtrue[39m
[2m[WebServer] [22mΓ£ö ACCESS GRANTED Γ£ö

[1A[2K[2m[WebServer] [22m≡ƒöì [TrackingController] getMyBalances: {
[2m[WebServer] [22m  query: [Object: null prototype] {},
[2m[WebServer] [22m  userId: [32m'6929e2de934d8e079e6f55b6'[39m
[2m[WebServer] [22m}

[1A[2K[2m[WebServer] [22m≡ƒöÑ JwtAuthGuard: canActivate CALLED

[1A[2K[2m[WebServer] [22m≡ƒöì JWT Extractor - All cookies: {
[2m[WebServer] [22m  accessToken: [32m'eyJhbGciOiJIUzI1NiIsInR5cCI6IkpXVCJ9.eyJzdWIiOiI2OTI5ZTJkZTkzNGQ4ZTA3OWU2ZjU1YjYiLCJ3b3JrRW1haWwiOiJlbmdlbXAxLndvcmtAZXhhbXBsZS5jb20iLCJyb2xlcyI6WyJkZXBhcnRtZW50IGVtcGxveWVlIl0sInBlcm1pc3Npb25zIjpbXSwicHJpbWFyeURlcGFydG1lbnRJZCI6IjY5Mjc1ZDhhZmMxMTg0YTNiM2U2YzU1ZiIsImVtcGxveWVlTnVtYmVyIjoiRU1QLTEwMjYiLCJpYXQiOjE3NjU5ODIwNTgsImV4cCI6MTc2NjA2ODQ1OH0.SldNWBZCi4AnPRM2ff2kj_5tgvnCsbQgv_8WqtuK7j0'[39m
[2m[WebServer] [22m}
[2m[WebServer] [22m≡ƒöì JWT Extractor - Headers: accessToken=eyJhbGciOiJIUzI1NiIsInR5cCI6IkpXVCJ9.eyJzdWIiOiI2OTI5ZTJkZTkzNGQ4ZTA3OWU2ZjU1YjYiLCJ3b3JrRW1haWwiOiJlbmdlbXAxLndvcmtAZXhhbXBsZS5jb20iLCJyb2xlcyI6WyJkZXBhcnRtZW50IGVtcGxveWVlIl0sInBlcm1pc3Npb25zIjpbXSwicHJpbWFyeURlcGFydG1lbnRJZCI6IjY5Mjc1ZDhhZmMxMTg0YTNiM2U2YzU1ZiIsImVtcGxveWVlTnVtYmVyIjoiRU1QLTEwMjYiLCJpYXQiOjE3NjU5ODIwNTgsImV4cCI6MTc2NjA2ODQ1OH0.SldNWBZCi4AnPRM2ff2kj_5tgvnCsbQgv_8WqtuK7j0

[1A[2K[2m[WebServer] [22m≡ƒöì JWT Extractor - accessToken: FOUND

[1A[2K[2m[WebServer] [22mJwtStrategy VALIDATE: {
[2m[WebServer] [22m  sub: [32m'6929e2de934d8e079e6f55b6'[39m,
[2m[WebServer] [22m  workEmail: [32m'engemp1.work@example.com'[39m,
[2m[WebServer] [22m  roles: [ [32m'department employee'[39m ],
[2m[WebServer] [22m  permissions: [],
[2m[WebServer] [22m  primaryDepartmentId: [32m'69275d8afc1184a3b3e6c55f'[39m,
[2m[WebServer] [22m  employeeNumber: [32m'EMP-1026'[39m,
[2m[WebServer] [22m  iat: [33m1765982058[39m,
[2m[WebServer] [22m  exp: [33m1766068458[39m
[2m[WebServer] [22m}

[1A[2K[2m[WebServer] [22m≡ƒöÑ JwtAuthGuard: handleRequest() {
[2m[WebServer] [22m  err: [1mnull[22m,
[2m[WebServer] [22m  user: {
[2m[WebServer] [22m    id: [32m'6929e2de934d8e079e6f55b6'[39m,
[2m[WebServer] [22m    workEmail: [32m'engemp1.work@example.com'[39m,
[2m[WebServer] [22m    roles: [ [32m'department employee'[39m ],
[2m[WebServer] [22m    permissions: [],
[2m[WebServer] [22m    primaryDepartmentId: [32m'69275d8afc1184a3b3e6c55f'[39m,
[2m[WebServer] [22m    employeeNumber: [32m'EMP-1026'[39m
[2m[WebServer] [22m  },
[2m[WebServer] [22m  info: [90mundefined[39m
[2m[WebServer] [22m}
[2m[WebServer] [22mΓ£à JwtAuthGuard SUCCESS ΓåÆ user authenticated: 6929e2de934d8e079e6f55b6

[1A[2K[2m[WebServer] [22m≡ƒöÑ RolesGuard running!
[2m[WebServer] [22m
[2m[WebServer] [22m===== ROLE GUARD =====
[2m[WebServer] [22mRequired roles: [
[2m[WebServer] [22m  [32m'department employee'[39m,
[2m[WebServer] [22m  [32m'HR Employee'[39m,
[2m[WebServer] [22m  [32m'department head'[39m,
[2m[WebServer] [22m  [32m'HR Manager'[39m,
[2m[WebServer] [22m  [32m'HR Admin'[39m,
[2m[WebServer] [22m  [32m'System Admin'[39m
[2m[WebServer] [22m]

[1A[2K[2m[WebServer] [22mUser object: {
[2m[WebServer] [22m  id: [32m'6929e2de934d8e079e6f55b6'[39m,
[2m[WebServer] [22m  workEmail: [32m'engemp1.work@example.com'[39m,
[2m[WebServer] [22m  roles: [ [32m'department employee'[39m ],
[2m[WebServer] [22m  permissions: [],
[2m[WebServer] [22m  primaryDepartmentId: [32m'69275d8afc1184a3b3e6c55f'[39m,
[2m[WebServer] [22m  employeeNumber: [32m'EMP-1026'[39m
[2m[WebServer] [22m}
[2m[WebServer] [22mNormalized user roles: [ [32m'department employee'[39m ]

[1A[2K[2m[WebServer] [22mNormalized required roles: [
[2m[WebServer] [22m  [32m'department employee'[39m,
[2m[WebServer] [22m  [32m'hr employee'[39m,
[2m[WebServer] [22m  [32m'department head'[39m,
[2m[WebServer] [22m  [32m'hr manager'[39m,
[2m[WebServer] [22m  [32m'hr admin'[39m,
[2m[WebServer] [22m  [32m'system admin'[39m
[2m[WebServer] [22m]
[2m[WebServer] [22mHas required role? [33mtrue[39m
[2m[WebServer] [22mΓ£ö ACCESS GRANTED Γ£ö

[1A[2K[2m[WebServer] [22m≡ƒöì [TrackingController] getMyHistory: {
[2m[WebServer] [22m  filters: [Object: null prototype] {},
[2m[WebServer] [22m  userId: [32m'6929e2de934d8e079e6f55b6'[39m
[2m[WebServer] [22m}

[1A[2K[2m[WebServer] [22m GET /leaves/my-leaves [32m200[39m in 45ms[2m (compile: 2ms, render: 42ms)[22m

[1A[2K[2m[WebServer] [22m≡ƒöÑ JwtAuthGuard: canActivate CALLED

[1A[2K[2m[WebServer] [22m≡ƒöì JWT Extractor - All cookies: {
[2m[WebServer] [22m  accessToken: [32m'eyJhbGciOiJIUzI1NiIsInR5cCI6IkpXVCJ9.eyJzdWIiOiI2OTI5ZTJkZTkzNGQ4ZTA3OWU2ZjU1YjYiLCJ3b3JrRW1haWwiOiJlbmdlbXAxLndvcmtAZXhhbXBsZS5jb20iLCJyb2xlcyI6WyJkZXBhcnRtZW50IGVtcGxveWVlIl0sInBlcm1pc3Npb25zIjpbXSwicHJpbWFyeURlcGFydG1lbnRJZCI6IjY5Mjc1ZDhhZmMxMTg0YTNiM2U2YzU1ZiIsImVtcGxveWVlTnVtYmVyIjoiRU1QLTEwMjYiLCJpYXQiOjE3NjU5ODIwNTgsImV4cCI6MTc2NjA2ODQ1OH0.SldNWBZCi4AnPRM2ff2kj_5tgvnCsbQgv_8WqtuK7j0'[39m
[2m[WebServer] [22m}

[1A[2K[2m[WebServer] [22m≡ƒöì JWT Extractor - Headers: accessToken=eyJhbGciOiJIUzI1NiIsInR5cCI6IkpXVCJ9.eyJzdWIiOiI2OTI5ZTJkZTkzNGQ4ZTA3OWU2ZjU1YjYiLCJ3b3JrRW1haWwiOiJlbmdlbXAxLndvcmtAZXhhbXBsZS5jb20iLCJyb2xlcyI6WyJkZXBhcnRtZW50IGVtcGxveWVlIl0sInBlcm1pc3Npb25zIjpbXSwicHJpbWFyeURlcGFydG1lbnRJZCI6IjY5Mjc1ZDhhZmMxMTg0YTNiM2U2YzU1ZiIsImVtcGxveWVlTnVtYmVyIjoiRU1QLTEwMjYiLCJpYXQiOjE3NjU5ODIwNTgsImV4cCI6MTc2NjA2ODQ1OH0.SldNWBZCi4AnPRM2ff2kj_5tgvnCsbQgv_8WqtuK7j0
[2m[WebServer] [22m≡ƒöì JWT Extractor - accessToken: FOUND

[1A[2K[2m[WebServer] [22mJwtStrategy VALIDATE: {
[2m[WebServer] [22m  sub: [32m'6929e2de934d8e079e6f55b6'[39m,
[2m[WebServer] [22m  workEmail: [32m'engemp1.work@example.com'[39m,
[2m[WebServer] [22m  roles: [ [32m'department employee'[39m ],
[2m[WebServer] [22m  permissions: [],
[2m[WebServer] [22m  primaryDepartmentId: [32m'69275d8afc1184a3b3e6c55f'[39m,
[2m[WebServer] [22m  employeeNumber: [32m'EMP-1026'[39m,
[2m[WebServer] [22m  iat: [33m1765982058[39m,
[2m[WebServer] [22m  exp: [33m1766068458[39m
[2m[WebServer] [22m}

[1A[2K[2m[WebServer] [22m≡ƒöÑ JwtAuthGuard: handleRequest() {
[2m[WebServer] [22m  err: [1mnull[22m,
[2m[WebServer] [22m  user: {
[2m[WebServer] [22m    id: [32m'6929e2de934d8e079e6f55b6'[39m,
[2m[WebServer] [22m    workEmail: [32m'engemp1.work@example.com'[39m,
[2m[WebServer] [22m    roles: [ [32m'department employee'[39m ],
[2m[WebServer] [22m    permissions: [],
[2m[WebServer] [22m    primaryDepartmentId: [32m'69275d8afc1184a3b3e6c55f'[39m,
[2m[WebServer] [22m    employeeNumber: [32m'EMP-1026'[39m
[2m[WebServer] [22m  },
[2m[WebServer] [22m  info: [90mundefined[39m
[2m[WebServer] [22m}
[2m[WebServer] [22mΓ£à JwtAuthGuard SUCCESS ΓåÆ user authenticated: 6929e2de934d8e079e6f55b6

[1A[2K[2m[WebServer] [22m≡ƒöì [LeaveTypeController] findAll

[1A[2K[2m[WebServer] [22m≡ƒöÑ JwtAuthGuard: canActivate CALLED

[1A[2K[2m[WebServer] [22m≡ƒöì JWT Extractor - All cookies: {
[2m[WebServer] [22m  accessToken: [32m'eyJhbGciOiJIUzI1NiIsInR5cCI6IkpXVCJ9.eyJzdWIiOiI2OTI5ZTJkZTkzNGQ4ZTA3OWU2ZjU1YjYiLCJ3b3JrRW1haWwiOiJlbmdlbXAxLndvcmtAZXhhbXBsZS5jb20iLCJyb2xlcyI6WyJkZXBhcnRtZW50IGVtcGxveWVlIl0sInBlcm1pc3Npb25zIjpbXSwicHJpbWFyeURlcGFydG1lbnRJZCI6IjY5Mjc1ZDhhZmMxMTg0YTNiM2U2YzU1ZiIsImVtcGxveWVlTnVtYmVyIjoiRU1QLTEwMjYiLCJpYXQiOjE3NjU5ODIwNTgsImV4cCI6MTc2NjA2ODQ1OH0.SldNWBZCi4AnPRM2ff2kj_5tgvnCsbQgv_8WqtuK7j0'[39m
[2m[WebServer] [22m}

[1A[2K[2m[WebServer] [22m≡ƒöì JWT Extractor - Headers: accessToken=eyJhbGciOiJIUzI1NiIsInR5cCI6IkpXVCJ9.eyJzdWIiOiI2OTI5ZTJkZTkzNGQ4ZTA3OWU2ZjU1YjYiLCJ3b3JrRW1haWwiOiJlbmdlbXAxLndvcmtAZXhhbXBsZS5jb20iLCJyb2xlcyI6WyJkZXBhcnRtZW50IGVtcGxveWVlIl0sInBlcm1pc3Npb25zIjpbXSwicHJpbWFyeURlcGFydG1lbnRJZCI6IjY5Mjc1ZDhhZmMxMTg0YTNiM2U2YzU1ZiIsImVtcGxveWVlTnVtYmVyIjoiRU1QLTEwMjYiLCJpYXQiOjE3NjU5ODIwNTgsImV4cCI6MTc2NjA2ODQ1OH0.SldNWBZCi4AnPRM2ff2kj_5tgvnCsbQgv_8WqtuK7j0

[1A[2K[2m[WebServer] [22m≡ƒöì JWT Extractor - accessToken: FOUND

[1A[2K[2m[WebServer] [22mJwtStrategy VALIDATE: {
[2m[WebServer] [22m  sub: [32m'6929e2de934d8e079e6f55b6'[39m,
[2m[WebServer] [22m  workEmail: [32m'engemp1.work@example.com'[39m,
[2m[WebServer] [22m  roles: [ [32m'department employee'[39m ],
[2m[WebServer] [22m  permissions: [],
[2m[WebServer] [22m  primaryDepartmentId: [32m'69275d8afc1184a3b3e6c55f'[39m,
[2m[WebServer] [22m  employeeNumber: [32m'EMP-1026'[39m,
[2m[WebServer] [22m  iat: [33m1765982058[39m,
[2m[WebServer] [22m  exp: [33m1766068458[39m
[2m[WebServer] [22m}

[1A[2K[2m[WebServer] [22m≡ƒöÑ JwtAuthGuard: handleRequest() {
[2m[WebServer] [22m  err: [1mnull[22m,
[2m[WebServer] [22m  user: {
[2m[WebServer] [22m    id: [32m'6929e2de934d8e079e6f55b6'[39m,
[2m[WebServer] [22m    workEmail: [32m'engemp1.work@example.com'[39m,
[2m[WebServer] [22m    roles: [ [32m'department employee'[39m ],
[2m[WebServer] [22m    permissions: [],
[2m[WebServer] [22m    primaryDepartmentId: [32m'69275d8afc1184a3b3e6c55f'[39m,
[2m[WebServer] [22m    employeeNumber: [32m'EMP-1026'[39m
[2m[WebServer] [22m  },
[2m[WebServer] [22m  info: [90mundefined[39m
[2m[WebServer] [22m}
[2m[WebServer] [22mΓ£à JwtAuthGuard SUCCESS ΓåÆ user authenticated: 6929e2de934d8e079e6f55b6
[2m[WebServer] [22m≡ƒöÑ RolesGuard running!
[2m[WebServer] [22m
[2m[WebServer] [22m===== ROLE GUARD =====

[1A[2K[2m[WebServer] [22mRequired roles: [
[2m[WebServer] [22m  [32m'department employee'[39m,
[2m[WebServer] [22m  [32m'HR Employee'[39m,
[2m[WebServer] [22m  [32m'department head'[39m,
[2m[WebServer] [22m  [32m'HR Manager'[39m,
[2m[WebServer] [22m  [32m'HR Admin'[39m,
[2m[WebServer] [22m  [32m'System Admin'[39m
[2m[WebServer] [22m]

[1A[2K[2m[WebServer] [22mUser object: {
[2m[WebServer] [22m  id: [32m'6929e2de934d8e079e6f55b6'[39m,
[2m[WebServer] [22m  workEmail: [32m'engemp1.work@example.com'[39m,
[2m[WebServer] [22m  roles: [ [32m'department employee'[39m ],
[2m[WebServer] [22m  permissions: [],
[2m[WebServer] [22m  primaryDepartmentId: [32m'69275d8afc1184a3b3e6c55f'[39m,
[2m[WebServer] [22m  employeeNumber: [32m'EMP-1026'[39m
[2m[WebServer] [22m}
[2m[WebServer] [22mNormalized user roles: [ [32m'department employee'[39m ]
[2m[WebServer] [22mNormalized required roles: [
[2m[WebServer] [22m  [32m'department employee'[39m,
[2m[WebServer] [22m  [32m'hr employee'[39m,
[2m[WebServer] [22m  [32m'department head'[39m,
[2m[WebServer] [22m  [32m'hr manager'[39m,
[2m[WebServer] [22m  [32m'hr admin'[39m,
[2m[WebServer] [22m  [32m'system admin'[39m
[2m[WebServer] [22m]

[1A[2K[2m[WebServer] [22mHas required role? [33mtrue[39m
[2m[WebServer] [22mΓ£ö ACCESS GRANTED Γ£ö

[1A[2K[2m[WebServer] [22m≡ƒöì [TrackingController] getMyBalances: {
[2m[WebServer] [22m  query: [Object: null prototype] {},
[2m[WebServer] [22m  userId: [32m'6929e2de934d8e079e6f55b6'[39m
[2m[WebServer] [22m}

[1A[2K[2m[WebServer] [22m≡ƒöÑ JwtAuthGuard: canActivate CALLED

[1A[2K[2m[WebServer] [22m≡ƒöì JWT Extractor - All cookies: {
[2m[WebServer] [22m  accessToken: [32m'eyJhbGciOiJIUzI1NiIsInR5cCI6IkpXVCJ9.eyJzdWIiOiI2OTI5ZTJkZTkzNGQ4ZTA3OWU2ZjU1YjYiLCJ3b3JrRW1haWwiOiJlbmdlbXAxLndvcmtAZXhhbXBsZS5jb20iLCJyb2xlcyI6WyJkZXBhcnRtZW50IGVtcGxveWVlIl0sInBlcm1pc3Npb25zIjpbXSwicHJpbWFyeURlcGFydG1lbnRJZCI6IjY5Mjc1ZDhhZmMxMTg0YTNiM2U2YzU1ZiIsImVtcGxveWVlTnVtYmVyIjoiRU1QLTEwMjYiLCJpYXQiOjE3NjU5ODIwNTgsImV4cCI6MTc2NjA2ODQ1OH0.SldNWBZCi4AnPRM2ff2kj_5tgvnCsbQgv_8WqtuK7j0'[39m
[2m[WebServer] [22m}

[1A[2K[2m[WebServer] [22m≡ƒöì JWT Extractor - Headers: accessToken=eyJhbGciOiJIUzI1NiIsInR5cCI6IkpXVCJ9.eyJzdWIiOiI2OTI5ZTJkZTkzNGQ4ZTA3OWU2ZjU1YjYiLCJ3b3JrRW1haWwiOiJlbmdlbXAxLndvcmtAZXhhbXBsZS5jb20iLCJyb2xlcyI6WyJkZXBhcnRtZW50IGVtcGxveWVlIl0sInBlcm1pc3Npb25zIjpbXSwicHJpbWFyeURlcGFydG1lbnRJZCI6IjY5Mjc1ZDhhZmMxMTg0YTNiM2U2YzU1ZiIsImVtcGxveWVlTnVtYmVyIjoiRU1QLTEwMjYiLCJpYXQiOjE3NjU5ODIwNTgsImV4cCI6MTc2NjA2ODQ1OH0.SldNWBZCi4AnPRM2ff2kj_5tgvnCsbQgv_8WqtuK7j0
[2m[WebServer] [22m≡ƒöì JWT Extractor - accessToken: FOUND

[1A[2K[2m[WebServer] [22mJwtStrategy VALIDATE: {
[2m[WebServer] [22m  sub: [32m'6929e2de934d8e079e6f55b6'[39m,
[2m[WebServer] [22m  workEmail: [32m'engemp1.work@example.com'[39m,
[2m[WebServer] [22m  roles: [ [32m'department employee'[39m ],
[2m[WebServer] [22m  permissions: [],
[2m[WebServer] [22m  primaryDepartmentId: [32m'69275d8afc1184a3b3e6c55f'[39m,
[2m[WebServer] [22m  employeeNumber: [32m'EMP-1026'[39m,
[2m[WebServer] [22m  iat: [33m1765982058[39m,
[2m[WebServer] [22m  exp: [33m1766068458[39m
[2m[WebServer] [22m}

[1A[2K[2m[WebServer] [22m≡ƒöÑ JwtAuthGuard: handleRequest() {
[2m[WebServer] [22m  err: [1mnull[22m,
[2m[WebServer] [22m  user: {
[2m[WebServer] [22m    id: [32m'6929e2de934d8e079e6f55b6'[39m,
[2m[WebServer] [22m    workEmail: [32m'engemp1.work@example.com'[39m,
[2m[WebServer] [22m    roles: [ [32m'department employee'[39m ],
[2m[WebServer] [22m    permissions: [],
[2m[WebServer] [22m    primaryDepartmentId: [32m'69275d8afc1184a3b3e6c55f'[39m,
[2m[WebServer] [22m    employeeNumber: [32m'EMP-1026'[39m
[2m[WebServer] [22m  },
[2m[WebServer] [22m  info: [90mundefined[39m
[2m[WebServer] [22m}
[2m[WebServer] [22mΓ£à JwtAuthGuard SUCCESS ΓåÆ user authenticated: 6929e2de934d8e079e6f55b6
[2m[WebServer] [22m≡ƒöÑ RolesGuard running!

[1A[2K[2m[WebServer] [22m
[2m[WebServer] [22m===== ROLE GUARD =====
[2m[WebServer] [22mRequired roles: [
[2m[WebServer] [22m  [32m'department employee'[39m,
[2m[WebServer] [22m  [32m'HR Employee'[39m,
[2m[WebServer] [22m  [32m'department head'[39m,
[2m[WebServer] [22m  [32m'HR Manager'[39m,
[2m[WebServer] [22m  [32m'HR Admin'[39m,
[2m[WebServer] [22m  [32m'System Admin'[39m
[2m[WebServer] [22m]
[2m[WebServer] [22mUser object: {
[2m[WebServer] [22m  id: [32m'6929e2de934d8e079e6f55b6'[39m,
[2m[WebServer] [22m  workEmail: [32m'engemp1.work@example.com'[39m,
[2m[WebServer] [22m  roles: [ [32m'department employee'[39m ],
[2m[WebServer] [22m  permissions: [],
[2m[WebServer] [22m  primaryDepartmentId: [32m'69275d8afc1184a3b3e6c55f'[39m,
[2m[WebServer] [22m  employeeNumber: [32m'EMP-1026'[39m
[2m[WebServer] [22m}
[2m[WebServer] [22mNormalized user roles: [ [32m'department employee'[39m ]
[2m[WebServer] [22mNormalized required roles: [
[2m[WebServer] [22m  [32m'department employee'[39m,
[2m[WebServer] [22m  [32m'hr employee'[39m,
[2m[WebServer] [22m  [32m'department head'[39m,
[2m[WebServer] [22m  [32m'hr manager'[39m,
[2m[WebServer] [22m  [32m'hr admin'[39m,
[2m[WebServer] [22m  [32m'system admin'[39m
[2m[WebServer] [22m]
[2m[WebServer] [22mHas required role? [33mtrue[39m
[2m[WebServer] [22mΓ£ö ACCESS GRANTED Γ£ö

[1A[2K[2m[WebServer] [22m≡ƒöì [RequestsController] getMyRequests: { userId: [90mundefined[39m }

[1A[2KΓ£à Navigated to /leaves/my-leaves

[1A[2K≡ƒô╕ Screenshot saved: debug-1-before-click.png

[1A[2K≡ƒæå Clicking Request Time Off button...

[1A[2KΓÅ│ Waited 3 seconds for modal

[1A[2K≡ƒô╕ Screenshot saved: debug-2-modal-open.png

[1A[2K
≡ƒöì Checking for modal elements...

[1A[2K  [role="dialog"]: 0 found

[1A[2K  .modal: 0 found

[1A[2K  <dialog>: 0 found

[1A[2K  [data-testid*="modal"]: 0 found

[1A[2K
≡ƒöì Checking for select/dropdown elements...

[1A[2K  <select>: 1 found

[1A[2K  <button>: 7 found

[1A[2K  .leaves-btn-primary: 2 found

[1A[2K
≡ƒôä Getting modal HTML...

[1A[2K  Total <div> elements: 44

[1A[2K
≡ƒô¥ Visible text (first 300 chars):

[1A[2KHR SystemHomeEmployee ProfileLeavesOrganizationPerformanceTimeRecruitmentPayrollLogoutMy LeavesManage your time off and leave balancesRequest Time OffAvailable0days remainingPending0requests awaiting approvalUsed This Year0days takenLeave BalancesMy RequestsFilterNo leave requests yetClick "Request 

[1A[2K
≡ƒÆ╛ Full HTML saved to: debug-3-page-html.html

[1A[2K
Γ£à Debug test completed!

[1A[2K≡ƒôé Check these files:

[1A[2K   1. debug-1-before-click.png

[1A[2K   2. debug-2-modal-open.png

[1A[2K   3. debug-3-page-html.html

[1A[2K
================================================================================

[1A[2K≡ƒÄë ALL LEAVE MANAGEMENT TESTS COMPLETED

[1A[2K================================================================================

[1A[2KΓ£à Employee 1 (EMP-1026): All scenarios tested

[1A[2KΓ£à Employee 2 (EMP-1027): Low balance scenarios tested

[1A[2KΓ£à Manager (EMP-1025): Approval workflows tested

[1A[2KΓ£à HR (EMP-1019): System-wide management tested

[1A[2K================================================================================


[1A[2K  16 failed
    [chromium] ΓÇ║ leave-tests.spec.ts:251:7 ΓÇ║ ≡ƒºæ EMPLOYEE 1 (EMP-1026 - Engineering) - All Scenarios ΓÇ║ Γ£à C1: Submit basic annual leave request 
    [chromium] ΓÇ║ leave-tests.spec.ts:275:7 ΓÇ║ ≡ƒºæ EMPLOYEE 1 (EMP-1026 - Engineering) - All Scenarios ΓÇ║ Γ£à C2: Submit half-day leave request (REQ-019) 
    [chromium] ΓÇ║ leave-tests.spec.ts:305:7 ΓÇ║ ≡ƒºæ EMPLOYEE 1 (EMP-1026 - Engineering) - All Scenarios ΓÇ║ Γ£à C3: Submit sick leave with documentation (REQ-028, BR-54) 
    [chromium] ΓÇ║ leave-tests.spec.ts:332:7 ΓÇ║ ≡ƒºæ EMPLOYEE 1 (EMP-1026 - Engineering) - All Scenarios ΓÇ║ Γ£à C4: Submit emergency leave (overlapping test - BR-31) 
    [chromium] ΓÇ║ leave-tests.spec.ts:354:7 ΓÇ║ ≡ƒºæ EMPLOYEE 1 (EMP-1026 - Engineering) - All Scenarios ΓÇ║ Γ£à D1: Insufficient balance warning 
    [chromium] ΓÇ║ leave-tests.spec.ts:433:7 ΓÇ║ ≡ƒºæ EMPLOYEE 1 (EMP-1026 - Engineering) - All Scenarios ΓÇ║ Γ£à E1-E3: View request details 
    [chromium] ΓÇ║ leave-tests.spec.ts:453:7 ΓÇ║ ≡ƒºæ EMPLOYEE 1 (EMP-1026 - Engineering) - All Scenarios ΓÇ║ Γ£à E2: Modify draft request 
    [chromium] ΓÇ║ leave-tests.spec.ts:512:7 ΓÇ║ ≡ƒºæ EMPLOYEE 1 (EMP-1026 - Engineering) - All Scenarios ΓÇ║ Γ£à F1-F5: Blocked period validation 
    [chromium] ΓÇ║ leave-tests.spec.ts:534:7 ΓÇ║ ≡ƒºæ EMPLOYEE 1 (EMP-1026 - Engineering) - All Scenarios ΓÇ║ Γ£à G1-G9: View and filter leave requests 
    [chromium] ΓÇ║ leave-tests.spec.ts:610:7 ΓÇ║ ≡ƒºæ EMPLOYEE 1 (EMP-1026 - Engineering) - All Scenarios ΓÇ║ Γ£à I1-I6: Handle returned request 
    [chromium] ΓÇ║ leave-tests.spec.ts:659:7 ΓÇ║ ≡ƒæ⌐ EMPLOYEE 2 (EMP-1027 - Finance) - Low Balance Scenarios ΓÇ║ Γ£à J1-J3: View low balance (only 5 days available) 
    [chromium] ΓÇ║ leave-tests.spec.ts:671:7 ΓÇ║ ≡ƒæ⌐ EMPLOYEE 2 (EMP-1027 - Finance) - Low Balance Scenarios ΓÇ║ Γ£à J4-J7: Unpaid leave conversion 
    [chromium] ΓÇ║ leave-tests.spec.ts:703:7 ΓÇ║ ≡ƒæ⌐ EMPLOYEE 2 (EMP-1027 - Finance) - Low Balance Scenarios ΓÇ║ Γ£à K1-K6: Documentation requirements (Sick Leave) 
    [chromium] ΓÇ║ leave-tests.spec.ts:1050:7 ΓÇ║ ≡ƒæö HR MANAGER (EMP-1019) - All HR Scenarios ΓÇ║ Γ£à Z1-Z10: Manage leave types (REQ-001) 
    [chromium] ΓÇ║ leave-tests.spec.ts:1065:7 ΓÇ║ ≡ƒæö HR MANAGER (EMP-1019) - All HR Scenarios ΓÇ║ Γ£à BB1-BB9: Manage entitlements (REQ-003, REQ-004) 
    [chromium] ΓÇ║ leave-tests.spec.ts:1078:7 ΓÇ║ ≡ƒæö HR MANAGER (EMP-1019) - All HR Scenarios ΓÇ║ Γ£à CC1-CC2: Balance adjustments (REQ-013, REQ-036) 
  19 passed (4.9m)

[36m  Serving HTML report at http://localhost:9323. Press Ctrl+C to quit.[39m
^C
