[2m[WebServer] [22m
[2m[WebServer] [22m> frontend@0.1.0 dev
[2m[WebServer] [22m> next dev
[2m[WebServer] [22m
node.exe : [2m[WebServer] [22m [33m[1mΓÜá[22m[39m Warning: Next.js inferred your workspace root, but it may not be correct.
At C:\Program Files\nodejs\npx.ps1:29 char:3
+   & $NODE_EXE $NPX_CLI_JS $args
+   ~~~~~~~~~~~~~~~~~~~~~~~~~~~~~
    + CategoryInfo          : NotSpecified: ([2m[WebServer]...not be correct.:String) [], RemoteException
    + FullyQualifiedErrorId : NativeCommandError
 
[2m[WebServer] [22m We detected multiple lockfiles and selected the directory of 
C:\Users\Bedon\Desktop\semester-5-software-project\package-lock.json as the root directory.
[2m[WebServer] [22m To silence this warning, set `turbopack.root` in your Next.js config, or consider removing one of the lockfiles if it's 
not needed.
[2m[WebServer] [22m   See https://nextjs.org/docs/app/api-reference/config/next-config-js/turbopack#root-directory for more information.
[2m[WebServer] [22m Detected additional lockfiles: 
[2m[WebServer] [22m   * C:\Users\Bedon\Desktop\semester-5-software-project\frontend\package-lock.json
[2m[WebServer] [22m
[2m[WebServer] [22m   [1m[38;2;173;127;168mΓû▓ Next.js 16.0.8[39m[22m (Turbopack)
[2m[WebServer] [22m   - Local:         http://localhost:3000
[2m[WebServer] [22m   - Network:       http://192.168.56.1:3000
[2m[WebServer] [22m   - Environments: .env.local
[2m[WebServer] [22m
[2m[WebServer] [22m [32m[1mΓ£ô[22m[39m Starting...
[2m[WebServer] [22m [32m[1mΓ£ô[22m[39m Ready in 1204ms
[2m[WebServer] [22m(node:27460) [MODULE_TYPELESS_PACKAGE_JSON] Warning: Module type of 
file:///C:/Users/Bedon/Desktop/semester-5-software-project/frontend/postcss.config.js is not specified and it doesn't parse as CommonJS.
[2m[WebServer] [22mReparsing as ES module because module syntax was detected. This incurs a performance overhead.
[2m[WebServer] [22mTo eliminate this warning, add "type": "module" to 
C:\Users\Bedon\Desktop\semester-5-software-project\frontend\package.json.
[2m[WebServer] [22m(Use `node --trace-warnings ...` to show where the warning was created)
[2m[WebServer] [22m GET / [32m200[39m in 2.6s[2m (compile: 2.3s, render: 343ms)[22m
[2m[WebServer] [22m
[2m[WebServer] [22m> hr_system_temp@0.0.1 start:dev
[2m[WebServer] [22m> nest start --watch
[2m[WebServer] [22m
[2m[WebServer] [22m[2J[3J[H[2m[WebServer] [22m[[90m4:46:59 PM[0m] Starting compilation in watch mode...
[2m[WebServer] [22m
[2m[WebServer] [22m[[90m4:47:11 PM[0m] Found 0 errors. Watching for file changes.
[2m[WebServer] [22m
[2m[WebServer] [22m[dotenv@17.2.3] injecting env (0) from .env -- tip: ≡ƒôí add observability to secrets: https://dotenvx.com/ops
[2m[WebServer] [22m[dotenv@17.2.3] injecting env (0) from .env -- tip: ≡ƒùé∩╕Å backup and recover secrets: https://dotenvx.com/ops
[2m[WebServer] [22mΓ£à Successfully connected to MongoDB
[2m[WebServer] [22m≡ƒôè Database: employee-profile-test
[2m[WebServer] [22m[32m[Nest] 39676  - [39m12/17/2025, 4:47:14 PM [32m    LOG[39m [38;5;3m[NestFactory] [39m[32mStarting Nest application...[39m
[2m[WebServer] [22m[32m[Nest] 39676  - [39m12/17/2025, 4:47:14 PM [32m    LOG[39m [38;5;3m[InstanceLoader] [39m[32mMongooseModule dependencies initialized[39m[38;5;3m +21ms[39m
[2m[WebServer] [22m[32m[Nest] 39676  - [39m12/17/2025, 4:47:14 PM [32m    LOG[39m [38;5;3m[InstanceLoader] [39m[32mPassportModule dependencies initialized[39m[38;5;3m +0ms[39m
[2m[WebServer] [22m[32m[Nest] 39676  - [39m12/17/2025, 4:47:14 PM [32m    LOG[39m [38;5;3m[InstanceLoader] [39m[32mConfigHostModule dependencies initialized[39m[38;5;3m +0ms[39m
[2m[WebServer] [22m[32m[Nest] 39676  - [39m12/17/2025, 4:47:14 PM [32m    LOG[39m [38;5;3m[InstanceLoader] [39m[32mDiscoveryModule dependencies initialized[39m[38;5;3m +0ms[39m
[2m[WebServer] [22m[32m[Nest] 39676  - [39m12/17/2025, 4:47:14 PM [32m    LOG[39m [38;5;3m[InstanceLoader] [39m[32mAppModule dependencies initialized[39m[38;5;3m +0ms[39m
[2m[WebServer] [22m[32m[Nest] 39676  - [39m12/17/2025, 4:47:14 PM [32m    LOG[39m [38;5;3m[InstanceLoader] [39m[32mConfigModule dependencies initialized[39m[38;5;3m +1ms[39m
[2m[WebServer] [22m[32m[Nest] 39676  - [39m12/17/2025, 4:47:14 PM [32m    LOG[39m [38;5;3m[InstanceLoader] [39m[32mConfigModule dependencies initialized[39m[38;5;3m +0ms[39m
[2m[WebServer] [22m[32m[Nest] 39676  - [39m12/17/2025, 4:47:14 PM [32m    LOG[39m [38;5;3m[InstanceLoader] [39m[32mConfigModule dependencies initialized[39m[38;5;3m +0ms[39m
[2m[WebServer] [22m[32m[Nest] 39676  - [39m12/17/2025, 4:47:14 PM [32m    LOG[39m [38;5;3m[InstanceLoader] [39m[32mScheduleModule dependencies initialized[39m[38;5;3m +0ms[39m
[2m[WebServer] [22m[32m[Nest] 39676  - [39m12/17/2025, 4:47:14 PM [32m    LOG[39m [38;5;3m[InstanceLoader] [39m[32mJwtModule dependencies initialized[39m[38;5;3m +0ms[39m
[2m[WebServer] [22m[32m[Nest] 39676  - [39m12/17/2025, 4:47:14 PM [32m    LOG[39m [38;5;3m[InstanceLoader] [39m[32mMongooseCoreModule dependencies initialized[39m[38;5;3m +593ms[39m
[2m[WebServer] [22m[32m[Nest] 39676  - [39m12/17/2025, 4:47:14 PM [32m    LOG[39m [38;5;3m[InstanceLoader] [39m[32mMongooseModule dependencies initialized[39m[38;5;3m +1ms[39m
[2m[WebServer] [22m[32m[Nest] 39676  - [39m12/17/2025, 4:47:14 PM [32m    LOG[39m [38;5;3m[InstanceLoader] [39m[32mMongooseModule dependencies initialized[39m[38;5;3m +0ms[39m
[2m[WebServer] [22m[32m[Nest] 39676  - [39m12/17/2025, 4:47:14 PM [32m    LOG[39m [38;5;3m[InstanceLoader] [39m[32mMongooseModule dependencies initialized[39m[38;5;3m +0ms[39m
[2m[WebServer] [22m[32m[Nest] 39676  - [39m12/17/2025, 4:47:14 PM [32m    LOG[39m [38;5;3m[InstanceLoader] [39m[32mMongooseModule dependencies initialized[39m[38;5;3m +0ms[39m
[2m[WebServer] [22m[32m[Nest] 39676  - [39m12/17/2025, 4:47:14 PM [32m    LOG[39m [38;5;3m[InstanceLoader] [39m[32mMongooseModule dependencies initialized[39m[38;5;3m +0ms[39m
[2m[WebServer] [22m[32m[Nest] 39676  - [39m12/17/2025, 4:47:14 PM [32m    LOG[39m [38;5;3m[InstanceLoader] [39m[32mMongooseModule dependencies initialized[39m[38;5;3m +0ms[39m
[2m[WebServer] [22m[32m[Nest] 39676  - [39m12/17/2025, 4:47:14 PM [32m    LOG[39m [38;5;3m[InstanceLoader] [39m[32mMongooseModule dependencies initialized[39m[38;5;3m +0ms[39m
[2m[WebServer] [22m[32m[Nest] 39676  - [39m12/17/2025, 4:47:14 PM [32m    LOG[39m [38;5;3m[InstanceLoader] [39m[32mEmployeeProfileModule dependencies initialized[39m[38;5;3m +2ms[39m
[2m[WebServer] [22m[32m[Nest] 39676  - [39m12/17/2025, 4:47:14 PM [32m    LOG[39m [38;5;3m[InstanceLoader] [39m[32mEntitlementModule dependencies initialized[39m[38;5;3m +0ms[39m
[2m[WebServer] [22m[32m[Nest] 39676  - [39m12/17/2025, 4:47:14 PM [32m    LOG[39m [38;5;3m[InstanceLoader] [39m[32mLeavesModule dependencies initialized[39m[38;5;3m +1ms[39m
[2m[WebServer] [22m[32m[Nest] 39676  - [39m12/17/2025, 4:47:14 PM [32m    LOG[39m [38;5;3m[InstanceLoader] [39m[32mTimeManagementModule dependencies initialized[39m[38;5;3m +0ms[39m
[2m[WebServer] [22m[32m[Nest] 39676  - [39m12/17/2025, 4:47:14 PM [32m    LOG[39m [38;5;3m[InstanceLoader] [39m[32mAuthModule dependencies initialized[39m[38;5;3m +0ms[39m
[2m[WebServer] [22m[32m[Nest] 39676  - [39m12/17/2025, 4:47:14 PM [32m    LOG[39m [38;5;3m[InstanceLoader] [39m[32mRecruitmentModule dependencies initialized[39m[38;5;3m +0ms[39m
[2m[WebServer] [22m[32m[Nest] 39676  - [39m12/17/2025, 4:47:14 PM [32m    LOG[39m [38;5;3m[RoutesResolver] [39m[32mAppController {/}:[39m[38;5;3m +4ms[39m
[2m[WebServer] [22m[32m[Nest] 39676  - [39m12/17/2025, 4:47:14 PM [32m    LOG[39m [38;5;3m[RouterExplorer] [39m[32mMapped {/, GET} route[39m[38;5;3m +2ms[39m
[2m[WebServer] [22m[32m[Nest] 39676  - [39m12/17/2025, 4:47:14 PM [32m    LOG[39m [38;5;3m[RoutesResolver] [39m[32mAuthController {/auth}:[39m[38;5;3m +0ms[39m
[2m[WebServer] [22m[32m[Nest] 39676  - [39m12/17/2025, 4:47:14 PM [32m    LOG[39m [38;5;3m[RouterExplorer] [39m[32mMapped {/auth/register, POST} route[39m[38;5;3m +1ms[39m
[2m[WebServer] [22m[32m[Nest] 39676  - [39m12/17/2025, 4:47:14 PM [32m    LOG[39m [38;5;3m[RouterExplorer] [39m[32mMapped {/auth/login, POST} route[39m[38;5;3m +0ms[39m
[2m[WebServer] [22m[32m[Nest] 39676  - [39m12/17/2025, 4:47:14 PM [32m    LOG[39m [38;5;3m[RouterExplorer] [39m[32mMapped {/auth/logout, POST} route[39m[38;5;3m +0ms[39m
[2m[WebServer] [22m[32m[Nest] 39676  - [39m12/17/2025, 4:47:14 PM [32m    LOG[39m [38;5;3m[RouterExplorer] [39m[32mMapped {/auth/me, GET} route[39m[38;5;3m +1ms[39m
[2m[WebServer] [22m[32m[Nest] 39676  - [39m12/17/2025, 4:47:14 PM [32m    LOG[39m [38;5;3m[RoutesResolver] [39m[32mEmployeeProfileController {/employee-profile}:[39m[38;5;3m +0ms[39m
[2m[WebServer] [22m[32m[Nest] 39676  - [39m12/17/2025, 4:47:14 PM [32m    LOG[39m [38;5;3m[RouterExplorer] [39m[32mMapped {/employee-profile, POST} route[39m[38;5;3m +0ms[39m
[2m[WebServer] [22m[32m[Nest] 39676  - [39m12/17/2025, 4:47:14 PM [32m    LOG[39m [38;5;3m[RouterExplorer] [39m[32mMapped {/employee-profile, GET} route[39m[38;5;3m +0ms[39m
[2m[WebServer] [22m[32m[Nest] 39676  - [39m12/17/2025, 4:47:14 PM [32m    LOG[39m [38;5;3m[RouterExplorer] [39m[32mMapped {/employee-profile/candidate, POST} route[39m[38;5;3m +1ms[39m
[2m[WebServer] [22m[32m[Nest] 39676  - [39m12/17/2025, 4:47:14 PM [32m    LOG[39m [38;5;3m[RouterExplorer] [39m[32mMapped {/employee-profile/roles, GET} route[39m[38;5;3m +0ms[39m
[2m[WebServer] [22m[32m[Nest] 39676  - [39m12/17/2025, 4:47:14 PM [32m    LOG[39m [38;5;3m[RouterExplorer] [39m[32mMapped {/employee-profile/my-employees, GET} route[39m[38;5;3m +0ms[39m
[2m[WebServer] [22m[32m[Nest] 39676  - [39m12/17/2025, 4:47:14 PM [32m    LOG[39m [38;5;3m[RouterExplorer] [39m[32mMapped {/employee-profile/change-requests/all, GET} route[39m[38;5;3m +1ms[39m
[2m[WebServer] [22m[32m[Nest] 39676  - [39m12/17/2025, 4:47:14 PM [32m    LOG[39m [38;5;3m[RouterExplorer] [39m[32mMapped {/employee-profile/change-request/:requestId, GET} route[39m[38;5;3m +0ms[39m
[2m[WebServer] [22m[32m[Nest] 39676  - [39m12/17/2025, 4:47:14 PM [32m    LOG[39m [38;5;3m[RouterExplorer] [39m[32mMapped {/employee-profile/change-request/:requestId/review, POST} route[39m[38;5;3m +0ms[39m
[2m[WebServer] [22m[32m[Nest] 39676  - [39m12/17/2025, 4:47:14 PM [32m    LOG[39m [38;5;3m[RouterExplorer] [39m[32mMapped {/employee-profile/:employeeNumber/my-profile, GET} route[39m[38;5;3m +1ms[39m
[2m[WebServer] [22m[32m[Nest] 39676  - [39m12/17/2025, 4:47:14 PM [32m    LOG[39m [38;5;3m[RouterExplorer] [39m[32mMapped {/employee-profile/:employeeNumber/my-profile/immediate, PUT} route[39m[38;5;3m +0ms[39m
[2m[WebServer] [22m[32m[Nest] 39676  - [39m12/17/2025, 4:47:14 PM [32m    LOG[39m [38;5;3m[RouterExplorer] [39m[32mMapped {/employee-profile/:employeeNumber/my-profile/change-request, POST} route[39m[38;5;3m +0ms[39m
[2m[WebServer] [22m[32m[Nest] 39676  - [39m12/17/2025, 4:47:14 PM [32m    LOG[39m [38;5;3m[RouterExplorer] [39m[32mMapped {/employee-profile/:id, GET} route[39m[38;5;3m +0ms[39m
[2m[WebServer] [22m[32m[Nest] 39676  - [39m12/17/2025, 4:47:14 PM [32m    LOG[39m [38;5;3m[RouterExplorer] [39m[32mMapped {/employee-profile/:id/admin, PUT} route[39m[38;5;3m +0ms[39m
[2m[WebServer] [22m[32m[Nest] 39676  - [39m12/17/2025, 4:47:14 PM [32m    LOG[39m [38;5;3m[RoutesResolver] [39m[32mRecruitmentController {/recruitment}:[39m[38;5;3m +0ms[39m
[2m[WebServer] [22m[32m[Nest] 39676  - [39m12/17/2025, 4:47:14 PM [32m    LOG[39m [38;5;3m[RouterExplorer] [39m[32mMapped {/recruitment/job-requisitions, POST} route[39m[38;5;3m +1ms[39m
[2m[WebServer] [22m[32m[Nest] 39676  - [39m12/17/2025, 4:47:14 PM [32m    LOG[39m [38;5;3m[RouterExplorer] [39m[32mMapped {/recruitment/job-requisitions, GET} route[39m[38;5;3m +0ms[39m
[2m[WebServer] [22m[32m[Nest] 39676  - [39m12/17/2025, 4:47:14 PM [32m    LOG[39m [38;5;3m[RouterExplorer] [39m[32mMapped {/recruitment/careers/jobs, GET} route[39m[38;5;3m +0ms[39m
[2m[WebServer] [22m[32m[Nest] 39676  - [39m12/17/2025, 4:47:14 PM [32m    LOG[39m [38;5;3m[RouterExplorer] [39m[32mMapped {/recruitment/job-requisitions/:id/preview, GET} route[39m[38;5;3m +0ms[39m
[2m[WebServer] [22m[32m[Nest] 39676  - [39m12/17/2025, 4:47:14 PM [32m    LOG[39m [38;5;3m[RouterExplorer] [39m[32mMapped {/recruitment/job-requisitions/:id, GET} route[39m[38;5;3m +0ms[39m
[2m[WebServer] [22m[32m[Nest] 39676  - [39m12/17/2025, 4:47:14 PM [32m    LOG[39m [38;5;3m[RouterExplorer] [39m[32mMapped {/recruitment/job-requisitions/:id/status, PATCH} route[39m[38;5;3m +1ms[39m
[2m[WebServer] [22m[32m[Nest] 39676  - [39m12/17/2025, 4:47:14 PM [32m    LOG[39m [38;5;3m[RouterExplorer] [39m[32mMapped {/recruitment/applications/:id/stage, PATCH} route[39m[38;5;3m +0ms[39m
[2m[WebServer] [22m[32m[Nest] 39676  - [39m12/17/2025, 4:47:14 PM [32m    LOG[39m [38;5;3m[RouterExplorer] [39m[32mMapped {/recruitment/applications/:id/progress, GET} route[39m[38;5;3m +0ms[39m
[2m[WebServer] [22m[32m[Nest] 39676  - [39m12/17/2025, 4:47:14 PM [32m    LOG[39m [38;5;3m[RouterExplorer] [39m[32mMapped {/recruitment/applications, GET} route[39m[38;5;3m +0ms[39m
[2m[WebServer] [22m[32m[Nest] 39676  - [39m12/17/2025, 4:47:14 PM [32m    LOG[39m [38;5;3m[RouterExplorer] [39m[32mMapped {/recruitment/applications/by-stage/:stage, GET} route[39m[38;5;3m +0ms[39m
[2m[WebServer] [22m[32m[Nest] 39676  - [39m12/17/2025, 4:47:14 PM [32m    LOG[39m [38;5;3m[RouterExplorer] [39m[32mMapped {/recruitment/applications/:id/history, GET} route[39m[38;5;3m +0ms[39m
[2m[WebServer] [22m[32m[Nest] 39676  - [39m12/17/2025, 4:47:14 PM [32m    LOG[39m [38;5;3m[RouterExplorer] [39m[32mMapped {/recruitment/candidate/:candidateId/applications, GET} route[39m[38;5;3m +0ms[39m
[2m[WebServer] [22m[32m[Nest] 39676  - [39m12/17/2025, 4:47:14 PM [32m    LOG[39m [38;5;3m[RouterExplorer] [39m[32mMapped {/recruitment/candidate/:candidateId/applications/:applicationId, GET} route[39m[38;5;3m +1ms[39m
[2m[WebServer] [22m[32m[Nest] 39676  - [39m12/17/2025, 4:47:14 PM [32m    LOG[39m [38;5;3m[RouterExplorer] [39m[32mMapped {/recruitment/candidate/:candidateId/notifications, GET} route[39m[38;5;3m +0ms[39m
[2m[WebServer] [22m[32m[Nest] 39676  - [39m12/17/2025, 4:47:14 PM [32m    LOG[39m [38;5;3m[RouterExplorer] [39m[32mMapped {/recruitment/interviews, POST} route[39m[38;5;3m +0ms[39m
[2m[WebServer] [22m[32m[Nest] 39676  - [39m12/17/2025, 4:47:14 PM [32m    LOG[39m [38;5;3m[RouterExplorer] [39m[32mMapped {/recruitment/applications/:applicationId/interviews, GET} route[39m[38;5;3m +0ms[39m
[2m[WebServer] [22m[32m[Nest] 39676  - [39m12/17/2025, 4:47:14 PM [32m    LOG[39m [38;5;3m[RouterExplorer] [39m[32mMapped {/recruitment/interviews/:id, PATCH} route[39m[38;5;3m +0ms[39m
[2m[WebServer] [22m[32m[Nest] 39676  - [39m12/17/2025, 4:47:14 PM [32m    LOG[39m [38;5;3m[RouterExplorer] [39m[32mMapped {/recruitment/interviews/:id/cancel, PATCH} route[39m[38;5;3m +0ms[39m
[2m[WebServer] [22m[32m[Nest] 39676  - [39m12/17/2025, 4:47:14 PM [32m    LOG[39m [38;5;3m[RouterExplorer] [39m[32mMapped {/recruitment/interviews/:id/feedback, POST} route[39m[38;5;3m +1ms[39m
[2m[WebServer] [22m[32m[Nest] 39676  - [39m12/17/2025, 4:47:14 PM [32m    LOG[39m [38;5;3m[RouterExplorer] [39m[32mMapped {/recruitment/interviews/:id/feedback, GET} route[39m[38;5;3m +0ms[39m
[2m[WebServer] [22m[32m[Nest] 39676  - [39m12/17/2025, 4:47:14 PM [32m    LOG[39m [38;5;3m[RouterExplorer] [39m[32mMapped {/recruitment/interviews/:id/aggregated-score, GET} route[39m[38;5;3m +0ms[39m
[2m[WebServer] [22m[32m[Nest] 39676  - [39m12/17/2025, 4:47:14 PM [32m    LOG[39m [38;5;3m[RouterExplorer] [39m[32mMapped {/recruitment/interviewers/:id/pending-feedback, GET} route[39m[38;5;3m +0ms[39m
[2m[WebServer] [22m[32m[Nest] 39676  - [39m12/17/2025, 4:47:14 PM [32m    LOG[39m [38;5;3m[RouterExplorer] [39m[32mMapped {/recruitment/candidates/:candidateId/referral, POST} route[39m[38;5;3m +0ms[39m
[2m[WebServer] [22m[32m[Nest] 39676  - [39m12/17/2025, 4:47:14 PM [32m    LOG[39m [38;5;3m[RouterExplorer] [39m[32mMapped {/recruitment/offers, POST} route[39m[38;5;3m +0ms[39m
[2m[WebServer] [22m[32m[Nest] 39676  - [39m12/17/2025, 4:47:14 PM [32m    LOG[39m [38;5;3m[RouterExplorer] [39m[32mMapped {/recruitment/offers/:id, GET} route[39m[38;5;3m +0ms[39m
[2m[WebServer] [22m[32m[Nest] 39676  - [39m12/17/2025, 4:47:14 PM [32m    LOG[39m [38;5;3m[RouterExplorer] [39m[32mMapped {/recruitment/offers, GET} route[39m[38;5;3m +1ms[39m
[2m[WebServer] [22m[32m[Nest] 39676  - [39m12/17/2025, 4:47:14 PM [32m    LOG[39m [38;5;3m[RouterExplorer] [39m[32mMapped {/recruitment/applications/:applicationId/offers, GET} route[39m[38;5;3m +0ms[39m
[2m[WebServer] [22m[32m[Nest] 39676  - [39m12/17/2025, 4:47:14 PM [32m    LOG[39m [38;5;3m[RouterExplorer] [39m[32mMapped {/recruitment/candidates/:candidateId/offers, GET} route[39m[38;5;3m +0ms[39m
[2m[WebServer] [22m[32m[Nest] 39676  - [39m12/17/2025, 4:47:14 PM [32m    LOG[39m [38;5;3m[RouterExplorer] [39m[32mMapped {/recruitment/offers/:id/approve, PATCH} route[39m[38;5;3m +0ms[39m
[2m[WebServer] [22m[32m[Nest] 39676  - [39m12/17/2025, 4:47:14 PM [32m    LOG[39m [38;5;3m[RouterExplorer] [39m[32mMapped {/recruitment/offers/:id/accept, PATCH} route[39m[38;5;3m +0ms[39m
[2m[WebServer] [22m[32m[Nest] 39676  - [39m12/17/2025, 4:47:14 PM [32m    LOG[39m [38;5;3m[RouterExplorer] [39m[32mMapped {/recruitment/offers/:id/reject, PATCH} route[39m[38;5;3m +1ms[39m
[2m[WebServer] [22m[32m[Nest] 39676  - [39m12/17/2025, 4:47:14 PM [32m    LOG[39m [38;5;3m[RouterExplorer] [39m[32mMapped {/recruitment/offers/:id/generate-pdf, POST} route[39m[38;5;3m +0ms[39m
[2m[WebServer] [22m[32m[Nest] 39676  - [39m12/17/2025, 4:47:14 PM [32m    LOG[39m [38;5;3m[RouterExplorer] [39m[32mMapped {/recruitment/offers/:id/send-for-signature, POST} route[39m[38;5;3m +0ms[39m
[2m[WebServer] [22m[32m[Nest] 39676  - [39m12/17/2025, 4:47:14 PM [32m    LOG[39m [38;5;3m[RouterExplorer] [39m[32mMapped {/recruitment/offers/:id/sign, POST} route[39m[38;5;3m +0ms[39m
[2m[WebServer] [22m[32m[Nest] 39676  - [39m12/17/2025, 4:47:14 PM [32m    LOG[39m [38;5;3m[RouterExplorer] [39m[32mMapped {/recruitment/offers/:id/signed-letter, GET} route[39m[38;5;3m +0ms[39m
[2m[WebServer] [22m[32m[Nest] 39676  - [39m12/17/2025, 4:47:14 PM [32m    LOG[39m [38;5;3m[RouterExplorer] [39m[32mMapped {/recruitment/analytics/kpis, GET} route[39m[38;5;3m +0ms[39m
[2m[WebServer] [22m[32m[Nest] 39676  - [39m12/17/2025, 4:47:14 PM [32m    LOG[39m [38;5;3m[RouterExplorer] [39m[32mMapped {/recruitment/analytics/time-to-hire, GET} route[39m[38;5;3m +1ms[39m
[2m[WebServer] [22m[32m[Nest] 39676  - [39m12/17/2025, 4:47:14 PM [32m    LOG[39m [38;5;3m[RouterExplorer] [39m[32mMapped {/recruitment/analytics/applications/:applicationId/time-to-hire, GET} route[39m[38;5;3m +0ms[39m
[2m[WebServer] [22m[32m[Nest] 39676  - [39m12/17/2025, 4:47:14 PM [32m    LOG[39m [38;5;3m[RouterExplorer] [39m[32mMapped {/recruitment/analytics/funnel, GET} route[39m[38;5;3m +0ms[39m
[2m[WebServer] [22m[32m[Nest] 39676  - [39m12/17/2025, 4:47:14 PM [32m    LOG[39m [38;5;3m[RouterExplorer] [39m[32mMapped {/recruitment/analytics/offer-acceptance, GET} route[39m[38;5;3m +0ms[39m
[2m[WebServer] [22m[32m[Nest] 39676  - [39m12/17/2025, 4:47:14 PM [32m    LOG[39m [38;5;3m[RouterExplorer] [39m[32mMapped {/recruitment/analytics/interview-to-offer, GET} route[39m[38;5;3m +0ms[39m
[2m[WebServer] [22m[32m[Nest] 39676  - [39m12/17/2025, 4:47:14 PM [32m    LOG[39m [38;5;3m[RouterExplorer] [39m[32mMapped {/recruitment/candidates/:candidateId/export-personal-data, GET} route[39m[38;5;3m +0ms[39m
[2m[WebServer] [22m[32m[Nest] 39676  - [39m12/17/2025, 4:47:14 PM [32m    LOG[39m [38;5;3m[RouterExplorer] [39m[32mMapped {/recruitment/candidates/:candidateId/delete-personal-data, POST} route[39m[38;5;3m +0ms[39m
[2m[WebServer] [22m[32m[Nest] 39676  - [39m12/17/2025, 4:47:14 PM [32m    LOG[39m [38;5;3m[RouterExplorer] [39m[32mMapped {/recruitment/candidates/:candidateId/consent-history, GET} route[39m[38;5;3m +1ms[39m
[2m[WebServer] [22m[32m[Nest] 39676  - [39m12/17/2025, 4:47:14 PM [32m    LOG[39m [38;5;3m[RouterExplorer] [39m[32mMapped {/recruitment/admin/retention-cleanup, GET} route[39m[38;5;3m +0ms[39m
[2m[WebServer] [22m[32m[Nest] 39676  - [39m12/17/2025, 4:47:14 PM [32m    LOG[39m [38;5;3m[RouterExplorer] [39m[32mMapped {/recruitment/onboarding/employee/:employeeId, GET} route[39m[38;5;3m +0ms[39m
[2m[WebServer] [22m[32m[Nest] 39676  - [39m12/17/2025, 4:47:14 PM [32m    LOG[39m [38;5;3m[RouterExplorer] [39m[32mMapped {/recruitment/onboarding/all, GET} route[39m[38;5;3m +0ms[39m
[2m[WebServer] [22m[32m[Nest] 39676  - [39m12/17/2025, 4:47:14 PM [32m    LOG[39m [38;5;3m[RouterExplorer] [39m[32mMapped {/recruitment/onboarding/:onboardingId/tasks, PATCH} route[39m[38;5;3m +0ms[39m
[2m[WebServer] [22m[32m[Nest] 39676  - [39m12/17/2025, 4:47:14 PM [32m    LOG[39m [38;5;3m[RouterExplorer] [39m[32mMapped {/recruitment/onboarding/:onboardingId/documents, POST} route[39m[38;5;3m +0ms[39m
[2m[WebServer] [22m[32m[Nest] 39676  - [39m12/17/2025, 4:47:14 PM [32m    LOG[39m [38;5;3m[RoutesResolver] [39m[32mLeavesController {/leaves}:[39m[38;5;3m +1ms[39m
[2m[WebServer] [22m[32m[Nest] 39676  - [39m12/17/2025, 4:47:14 PM [32m    LOG[39m [38;5;3m[RoutesResolver] [39m[32mHrLeaveController {/leaves/hr}:[39m[38;5;3m +0ms[39m
[2m[WebServer] [22m[32m[Nest] 39676  - [39m12/17/2025, 4:47:14 PM [32m    LOG[39m [38;5;3m[RouterExplorer] [39m[32mMapped {/leaves/hr/types, GET} route[39m[38;5;3m +0ms[39m
[2m[WebServer] [22m[32m[Nest] 39676  - [39m12/17/2025, 4:47:14 PM [32m    LOG[39m [38;5;3m[RouterExplorer] [39m[32mMapped {/leaves/hr/types, POST} route[39m[38;5;3m +0ms[39m
[2m[WebServer] [22m[32m[Nest] 39676  - [39m12/17/2025, 4:47:14 PM [32m    LOG[39m [38;5;3m[RouterExplorer] [39m[32mMapped {/leaves/hr/types/:id, PUT} route[39m[38;5;3m +0ms[39m
[2m[WebServer] [22m[32m[Nest] 39676  - [39m12/17/2025, 4:47:14 PM [32m    LOG[39m [38;5;3m[RouterExplorer] [39m[32mMapped {/leaves/hr/types/:id, DELETE} route[39m[38;5;3m +0ms[39m
[2m[WebServer] [22m[32m[Nest] 39676  - [39m12/17/2025, 4:47:14 PM [32m    LOG[39m [38;5;3m[RouterExplorer] [39m[32mMapped {/leaves/hr/entitlements, GET} route[39m[38;5;3m +0ms[39m
[2m[WebServer] [22m[32m[Nest] 39676  - [39m12/17/2025, 4:47:14 PM [32m    LOG[39m [38;5;3m[RouterExplorer] [39m[32mMapped {/leaves/hr/entitlements, POST} route[39m[38;5;3m +0ms[39m
[2m[WebServer] [22m[32m[Nest] 39676  - [39m12/17/2025, 4:47:14 PM [32m    LOG[39m [38;5;3m[RouterExplorer] [39m[32mMapped {/leaves/hr/balances, GET} route[39m[38;5;3m +0ms[39m
[2m[WebServer] [22m[32m[Nest] 39676  - [39m12/17/2025, 4:47:14 PM [32m    LOG[39m [38;5;3m[RouterExplorer] [39m[32mMapped {/leaves/hr/balances, POST} route[39m[38;5;3m +0ms[39m
[2m[WebServer] [22m[32m[Nest] 39676  - [39m12/17/2025, 4:47:14 PM [32m    LOG[39m [38;5;3m[RouterExplorer] [39m[32mMapped {/leaves/hr/dashboard, GET} route[39m[38;5;3m +0ms[39m
[2m[WebServer] [22m[32m[Nest] 39676  - [39m12/17/2025, 4:47:14 PM [32m    LOG[39m [38;5;3m[RouterExplorer] [39m[32mMapped {/leaves/hr/approvals, GET} route[39m[38;5;3m +0ms[39m
[2m[WebServer] [22m[32m[Nest] 39676  - [39m12/17/2025, 4:47:14 PM [32m    LOG[39m [38;5;3m[RoutesResolver] [39m[32mRequestsController {/leaves/requests}:[39m[38;5;3m +0ms[39m
[2m[WebServer] [22m[32m[Nest] 39676  - [39m12/17/2025, 4:47:14 PM [32m    LOG[39m [38;5;3m[RouterExplorer] [39m[32mMapped {/leaves/requests/bulk-process, POST} route[39m[38;5;3m +0ms[39m
[2m[WebServer] [22m[32m[Nest] 39676  - [39m12/17/2025, 4:47:14 PM [32m    LOG[39m [38;5;3m[RouterExplorer] [39m[32mMapped {/leaves/requests/check-overlap, GET} route[39m[38;5;3m +1ms[39m
[2m[WebServer] [22m[32m[Nest] 39676  - [39m12/17/2025, 4:47:14 PM [32m    LOG[39m [38;5;3m[RouterExplorer] [39m[32mMapped {/leaves/requests/me, GET} route[39m[38;5;3m +0ms[39m
[2m[WebServer] [22m[32m[Nest] 39676  - [39m12/17/2025, 4:47:14 PM [32m    LOG[39m [38;5;3m[RouterExplorer] [39m[32mMapped {/leaves/requests/team, GET} route[39m[38;5;3m +0ms[39m
[2m[WebServer] [22m[32m[Nest] 39676  - [39m12/17/2025, 4:47:14 PM [32m    LOG[39m [38;5;3m[RouterExplorer] [39m[32mMapped {/leaves/requests, GET} route[39m[38;5;3m +0ms[39m
[2m[WebServer] [22m[32m[Nest] 39676  - [39m12/17/2025, 4:47:14 PM [32m    LOG[39m [38;5;3m[RouterExplorer] [39m[32mMapped {/leaves/requests, POST} route[39m[38;5;3m +0ms[39m
[2m[WebServer] [22m[32m[Nest] 39676  - [39m12/17/2025, 4:47:14 PM [32m    LOG[39m [38;5;3m[RouterExplorer] [39m[32mMapped {/leaves/requests/:id/cancel, DELETE} route[39m[38;5;3m +0ms[39m
[2m[WebServer] [22m[32m[Nest] 39676  - [39m12/17/2025, 4:47:14 PM [32m    LOG[39m [38;5;3m[RouterExplorer] [39m[32mMapped {/leaves/requests/:id/verify-medical, GET} route[39m[38;5;3m +1ms[39m
[2m[WebServer] [22m[32m[Nest] 39676  - [39m12/17/2025, 4:47:14 PM [32m    LOG[39m [38;5;3m[RouterExplorer] [39m[32mMapped {/leaves/requests/:id/integration-details, GET} route[39m[38;5;3m +0ms[39m
[2m[WebServer] [22m[32m[Nest] 39676  - [39m12/17/2025, 4:47:14 PM [32m    LOG[39m [38;5;3m[RouterExplorer] [39m[32mMapped {/leaves/requests/:id/manager-approve, POST} route[39m[38;5;3m +0ms[39m
[2m[WebServer] [22m[32m[Nest] 39676  - [39m12/17/2025, 4:47:14 PM [32m    LOG[39m [38;5;3m[RouterExplorer] [39m[32mMapped {/leaves/requests/:id/manager-reject, POST} route[39m[38;5;3m +0ms[39m
[2m[WebServer] [22m[32m[Nest] 39676  - [39m12/17/2025, 4:47:14 PM [32m    LOG[39m [38;5;3m[RouterExplorer] [39m[32mMapped {/leaves/requests/:id/return-for-correction, POST} route[39m[38;5;3m +0ms[39m
[2m[WebServer] [22m[32m[Nest] 39676  - [39m12/17/2025, 4:47:14 PM [32m    LOG[39m [38;5;3m[RouterExplorer] [39m[32mMapped {/leaves/requests/:id/resubmit, POST} route[39m[38;5;3m +0ms[39m
[2m[WebServer] [22m[32m[Nest] 39676  - [39m12/17/2025, 4:47:14 PM [32m    LOG[39m [38;5;3m[RouterExplorer] [39m[32mMapped {/leaves/requests/:id/hr-finalize, POST} route[39m[38;5;3m +1ms[39m
[2m[WebServer] [22m[32m[Nest] 39676  - [39m12/17/2025, 4:47:14 PM [32m    LOG[39m [38;5;3m[RouterExplorer] [39m[32mMapped {/leaves/requests/:id/hr-override, POST} route[39m[38;5;3m +0ms[39m
[2m[WebServer] [22m[32m[Nest] 39676  - [39m12/17/2025, 4:47:14 PM [32m    LOG[39m [38;5;3m[RouterExplorer] [39m[32mMapped {/leaves/requests/:id, PATCH} route[39m[38;5;3m +0ms[39m
[2m[WebServer] [22m[32m[Nest] 39676  - [39m12/17/2025, 4:47:14 PM [32m    LOG[39m [38;5;3m[RoutesResolver] [39m[32mTrackingController {/leaves/tracking}:[39m[38;5;3m +0ms[39m
[2m[WebServer] [22m[32m[Nest] 39676  - [39m12/17/2025, 4:47:14 PM [32m    LOG[39m [38;5;3m[RouterExplorer] [39m[32mMapped {/leaves/tracking/me/balances, GET} route[39m[38;5;3m +0ms[39m
[2m[WebServer] [22m[32m[Nest] 39676  - [39m12/17/2025, 4:47:14 PM [32m    LOG[39m [38;5;3m[RouterExplorer] [39m[32mMapped {/leaves/tracking/me/history, GET} route[39m[38;5;3m +0ms[39m
[2m[WebServer] [22m[32m[Nest] 39676  - [39m12/17/2025, 4:47:14 PM [32m    LOG[39m [38;5;3m[RouterExplorer] [39m[32mMapped {/leaves/tracking/team/balances, GET} route[39m[38;5;3m +0ms[39m
[2m[WebServer] [22m[32m[Nest] 39676  - [39m12/17/2025, 4:47:14 PM [32m    LOG[39m [38;5;3m[RouterExplorer] [39m[32mMapped {/leaves/tracking/team/history, GET} route[39m[38;5;3m +1ms[39m
[2m[WebServer] [22m[32m[Nest] 39676  - [39m12/17/2025, 4:47:14 PM [32m    LOG[39m [38;5;3m[RouterExplorer] [39m[32mMapped {/leaves/tracking/flag-irregular, POST} route[39m[38;5;3m +0ms[39m
[2m[WebServer] [22m[32m[Nest] 39676  - [39m12/17/2025, 4:47:14 PM [32m    LOG[39m [38;5;3m[RouterExplorer] [39m[32mMapped {/leaves/tracking/run-accrual, POST} route[39m[38;5;3m +0ms[39m
[2m[WebServer] [22m[32m[Nest] 39676  - [39m12/17/2025, 4:47:14 PM [32m    LOG[39m [38;5;3m[RouterExplorer] [39m[32mMapped {/leaves/tracking/run-carry-forward, POST} route[39m[38;5;3m +0ms[39m
[2m[WebServer] [22m[32m[Nest] 39676  - [39m12/17/2025, 4:47:14 PM [32m    LOG[39m [38;5;3m[RoutesResolver] [39m[32mLeaveTypeController {/leave-types}:[39m[38;5;3m +0ms[39m
[2m[WebServer] [22m[32m[Nest] 39676  - [39m12/17/2025, 4:47:14 PM [32m    LOG[39m [38;5;3m[RouterExplorer] [39m[32mMapped {/leave-types, GET} route[39m[38;5;3m +0ms[39m
[2m[WebServer] [22m[32m[Nest] 39676  - [39m12/17/2025, 4:47:14 PM [32m    LOG[39m [38;5;3m[RouterExplorer] [39m[32mMapped {/leave-types, POST} route[39m[38;5;3m +1ms[39m
[2m[WebServer] [22m[32m[Nest] 39676  - [39m12/17/2025, 4:47:14 PM [32m    LOG[39m [38;5;3m[RouterExplorer] [39m[32mMapped {/leave-types/:id, GET} route[39m[38;5;3m +0ms[39m
[2m[WebServer] [22m[32m[Nest] 39676  - [39m12/17/2025, 4:47:14 PM [32m    LOG[39m [38;5;3m[RouterExplorer] [39m[32mMapped {/leave-types/:id, PATCH} route[39m[38;5;3m +0ms[39m
[2m[WebServer] [22m[32m[Nest] 39676  - [39m12/17/2025, 4:47:14 PM [32m    LOG[39m [38;5;3m[RouterExplorer] [39m[32mMapped {/leave-types/:id, DELETE} route[39m[38;5;3m +0ms[39m
[2m[WebServer] [22m[32m[Nest] 39676  - [39m12/17/2025, 4:47:14 PM [32m    LOG[39m [38;5;3m[RoutesResolver] [39m[32mLeavePolicyController {/leave-policies}:[39m[38;5;3m +0ms[39m
[2m[WebServer] [22m[32m[Nest] 39676  - [39m12/17/2025, 4:47:14 PM [32m    LOG[39m [38;5;3m[RouterExplorer] [39m[32mMapped {/leave-policies, GET} route[39m[38;5;3m +0ms[39m
[2m[WebServer] [22m[32m[Nest] 39676  - [39m12/17/2025, 4:47:14 PM [32m    LOG[39m [38;5;3m[RouterExplorer] [39m[32mMapped {/leave-policies, POST} route[39m[38;5;3m +0ms[39m
[2m[WebServer] [22m[32m[Nest] 39676  - [39m12/17/2025, 4:47:14 PM [32m    LOG[39m [38;5;3m[RouterExplorer] [39m[32mMapped {/leave-policies/:id, GET} route[39m[38;5;3m +1ms[39m
[2m[WebServer] [22m[32m[Nest] 39676  - [39m12/17/2025, 4:47:14 PM [32m    LOG[39m [38;5;3m[RouterExplorer] [39m[32mMapped {/leave-policies/:id, PATCH} route[39m[38;5;3m +0ms[39m
[2m[WebServer] [22m[32m[Nest] 39676  - [39m12/17/2025, 4:47:14 PM [32m    LOG[39m [38;5;3m[RouterExplorer] [39m[32mMapped {/leave-policies/:id, DELETE} route[39m[38;5;3m +0ms[39m
[2m[WebServer] [22m[32m[Nest] 39676  - [39m12/17/2025, 4:47:14 PM [32m    LOG[39m [38;5;3m[RoutesResolver] [39m[32mLeaveCategoryController {/leave-categories}:[39m[38;5;3m +0ms[39m
[2m[WebServer] [22m[32m[Nest] 39676  - [39m12/17/2025, 4:47:14 PM [32m    LOG[39m [38;5;3m[RouterExplorer] [39m[32mMapped {/leave-categories, GET} route[39m[38;5;3m +0ms[39m
[2m[WebServer] [22m[32m[Nest] 39676  - [39m12/17/2025, 4:47:14 PM [32m    LOG[39m [38;5;3m[RoutesResolver] [39m[32mCalendarsController {/leaves/calendars}:[39m[38;5;3m +0ms[39m
[2m[WebServer] [22m[32m[Nest] 39676  - [39m12/17/2025, 4:47:14 PM [32m    LOG[39m [38;5;3m[RouterExplorer] [39m[32mMapped {/leaves/calendars/working-days, GET} route[39m[38;5;3m +0ms[39m
[2m[WebServer] [22m[32m[Nest] 39676  - [39m12/17/2025, 4:47:14 PM [32m    LOG[39m [38;5;3m[RouterExplorer] [39m[32mMapped {/leaves/calendars/check-blocked-periods, GET} route[39m[38;5;3m +1ms[39m
[2m[WebServer] [22m[32m[Nest] 39676  - [39m12/17/2025, 4:47:14 PM [32m    LOG[39m [38;5;3m[RouterExplorer] [39m[32mMapped {/leaves/calendars/blocked-periods, GET} route[39m[38;5;3m +0ms[39m
[2m[WebServer] [22m[32m[Nest] 39676  - [39m12/17/2025, 4:47:14 PM [32m    LOG[39m [38;5;3m[RouterExplorer] [39m[32mMapped {/leaves/calendars/blocked-periods, POST} route[39m[38;5;3m +0ms[39m
[2m[WebServer] [22m[32m[Nest] 39676  - [39m12/17/2025, 4:47:14 PM [32m    LOG[39m [38;5;3m[RouterExplorer] [39m[32mMapped {/leaves/calendars/blocked-periods/:id, DELETE} route[39m[38;5;3m +0ms[39m
[2m[WebServer] [22m[32m[Nest] 39676  - [39m12/17/2025, 4:47:14 PM [32m    LOG[39m [38;5;3m[RouterExplorer] [39m[32mMapped {/leaves/calendars, GET} route[39m[38;5;3m +0ms[39m
[2m[WebServer] [22m[32m[Nest] 39676  - [39m12/17/2025, 4:47:14 PM [32m    LOG[39m [38;5;3m[RouterExplorer] [39m[32mMapped {/leaves/calendars, POST} route[39m[38;5;3m +0ms[39m
[2m[WebServer] [22m[32m[Nest] 39676  - [39m12/17/2025, 4:47:14 PM [32m    LOG[39m [38;5;3m[RouterExplorer] [39m[32mMapped {/leaves/calendars/:id, GET} route[39m[38;5;3m +0ms[39m
[2m[WebServer] [22m[32m[Nest] 39676  - [39m12/17/2025, 4:47:14 PM [32m    LOG[39m [38;5;3m[RouterExplorer] [39m[32mMapped {/leaves/calendars/:id, PUT} route[39m[38;5;3m +1ms[39m
[2m[WebServer] [22m[32m[Nest] 39676  - [39m12/17/2025, 4:47:14 PM [32m    LOG[39m [38;5;3m[RouterExplorer] [39m[32mMapped {/leaves/calendars/:id, DELETE} route[39m[38;5;3m +0ms[39m
[2m[WebServer] [22m[32m[Nest] 39676  - [39m12/17/2025, 4:47:14 PM [32m    LOG[39m [38;5;3m[RoutesResolver] [39m[32mShiftTypeController {/shift-types}:[39m[38;5;3m +0ms[39m
[2m[WebServer] [22m[32m[Nest] 39676  - [39m12/17/2025, 4:47:14 PM [32m    LOG[39m [38;5;3m[RouterExplorer] [39m[32mMapped {/shift-types, POST} route[39m[38;5;3m +0ms[39m
[2m[WebServer] [22m[32m[Nest] 39676  - [39m12/17/2025, 4:47:14 PM [32m    LOG[39m [38;5;3m[RouterExplorer] [39m[32mMapped {/shift-types, GET} route[39m[38;5;3m +0ms[39m
[2m[WebServer] [22m[32m[Nest] 39676  - [39m12/17/2025, 4:47:14 PM [32m    LOG[39m [38;5;3m[RouterExplorer] [39m[32mMapped {/shift-types/:id, PATCH} route[39m[38;5;3m +0ms[39m
[2m[WebServer] [22m[32m[Nest] 39676  - [39m12/17/2025, 4:47:14 PM [32m    LOG[39m [38;5;3m[RoutesResolver] [39m[32mShiftController {/shifts}:[39m[38;5;3m +0ms[39m
[2m[WebServer] [22m[32m[Nest] 39676  - [39m12/17/2025, 4:47:14 PM [32m    LOG[39m [38;5;3m[RouterExplorer] [39m[32mMapped {/shifts, POST} route[39m[38;5;3m +1ms[39m
[2m[WebServer] [22m[32m[Nest] 39676  - [39m12/17/2025, 4:47:14 PM [32m    LOG[39m [38;5;3m[RouterExplorer] [39m[32mMapped {/shifts, GET} route[39m[38;5;3m +0ms[39m
[2m[WebServer] [22m[32m[Nest] 39676  - [39m12/17/2025, 4:47:14 PM [32m    LOG[39m [38;5;3m[RouterExplorer] [39m[32mMapped {/shifts/:id, GET} route[39m[38;5;3m +0ms[39m
[2m[WebServer] [22m[32m[Nest] 39676  - [39m12/17/2025, 4:47:14 PM [32m    LOG[39m [38;5;3m[RouterExplorer] [39m[32mMapped {/shifts/:id, PATCH} route[39m[38;5;3m +0ms[39m
[2m[WebServer] [22m[32m[Nest] 39676  - [39m12/17/2025, 4:47:14 PM [32m    LOG[39m [38;5;3m[RoutesResolver] [39m[32mScheduleRuleController {/schedule-rules}:[39m[38;5;3m +0ms[39m
[2m[WebServer] [22m[32m[Nest] 39676  - [39m12/17/2025, 4:47:14 PM [32m    LOG[39m [38;5;3m[RouterExplorer] [39m[32mMapped {/schedule-rules, POST} route[39m[38;5;3m +0ms[39m
[2m[WebServer] [22m[32m[Nest] 39676  - [39m12/17/2025, 4:47:14 PM [32m    LOG[39m [38;5;3m[RouterExplorer] [39m[32mMapped {/schedule-rules, GET} route[39m[38;5;3m +0ms[39m
[2m[WebServer] [22m[32m[Nest] 39676  - [39m12/17/2025, 4:47:14 PM [32m    LOG[39m [38;5;3m[RouterExplorer] [39m[32mMapped {/schedule-rules/:id, PATCH} route[39m[38;5;3m +1ms[39m
[2m[WebServer] [22m[32m[Nest] 39676  - [39m12/17/2025, 4:47:14 PM [32m    LOG[39m [38;5;3m[RoutesResolver] [39m[32mShiftAssignmentController {/shift-assignments}:[39m[38;5;3m +0ms[39m
[2m[WebServer] [22m[32m[Nest] 39676  - [39m12/17/2025, 4:47:14 PM [32m    LOG[39m [38;5;3m[RouterExplorer] [39m[32mMapped {/shift-assignments, POST} route[39m[38;5;3m +0ms[39m
[2m[WebServer] [22m[32m[Nest] 39676  - [39m12/17/2025, 4:47:14 PM [32m    LOG[39m [38;5;3m[RouterExplorer] [39m[32mMapped {/shift-assignments, GET} route[39m[38;5;3m +0ms[39m
[2m[WebServer] [22m[32m[Nest] 39676  - [39m12/17/2025, 4:47:14 PM [32m    LOG[39m [38;5;3m[RouterExplorer] [39m[32mMapped {/shift-assignments/employee/:employeeId, GET} route[39m[38;5;3m +0ms[39m
[2m[WebServer] [22m[32m[Nest] 39676  - [39m12/17/2025, 4:47:14 PM [32m    LOG[39m [38;5;3m[RouterExplorer] [39m[32mMapped {/shift-assignments/:id, PATCH} route[39m[38;5;3m +0ms[39m
[2m[WebServer] [22m[32m[Nest] 39676  - [39m12/17/2025, 4:47:14 PM [32m    LOG[39m [38;5;3m[RoutesResolver] [39m[32mExceptionsController {/time-management/exceptions}:[39m[38;5;3m +0ms[39m
[2m[WebServer] [22m[32m[Nest] 39676  - [39m12/17/2025, 4:47:14 PM [32m    LOG[39m [38;5;3m[RouterExplorer] [39m[32mMapped {/time-management/exceptions, POST} route[39m[38;5;3m +1ms[39m
[2m[WebServer] [22m[32m[Nest] 39676  - [39m12/17/2025, 4:47:14 PM [32m    LOG[39m [38;5;3m[RouterExplorer] [39m[32mMapped {/time-management/exceptions, GET} route[39m[38;5;3m +0ms[39m
[2m[WebServer] [22m[32m[Nest] 39676  - [39m12/17/2025, 4:47:14 PM [32m    LOG[39m [38;5;3m[RouterExplorer] [39m[32mMapped {/time-management/exceptions/:id, GET} route[39m[38;5;3m +0ms[39m
[2m[WebServer] [22m[32m[Nest] 39676  - [39m12/17/2025, 4:47:14 PM [32m    LOG[39m [38;5;3m[RouterExplorer] [39m[32mMapped {/time-management/exceptions/:id/status, PUT} route[39m[38;5;3m +0ms[39m
[2m[WebServer] [22m[32m[Nest] 39676  - [39m12/17/2025, 4:47:14 PM [32m    LOG[39m [38;5;3m[RoutesResolver] [39m[32mHolidaysController {/time-management/holidays}:[39m[38;5;3m +0ms[39m
[2m[WebServer] [22m[32m[Nest] 39676  - [39m12/17/2025, 4:47:14 PM [32m    LOG[39m [38;5;3m[RouterExplorer] [39m[32mMapped {/time-management/holidays, POST} route[39m[38;5;3m +0ms[39m
[2m[WebServer] [22m[32m[Nest] 39676  - [39m12/17/2025, 4:47:14 PM [32m    LOG[39m [38;5;3m[RouterExplorer] [39m[32mMapped {/time-management/holidays, GET} route[39m[38;5;3m +1ms[39m
[2m[WebServer] [22m[32m[Nest] 39676  - [39m12/17/2025, 4:47:14 PM [32m    LOG[39m [38;5;3m[RouterExplorer] [39m[32mMapped {/time-management/holidays/:id, GET} route[39m[38;5;3m +0ms[39m
[2m[WebServer] [22m[32m[Nest] 39676  - [39m12/17/2025, 4:47:14 PM [32m    LOG[39m [38;5;3m[RouterExplorer] [39m[32mMapped {/time-management/holidays/:id, PUT} route[39m[38;5;3m +0ms[39m
[2m[WebServer] [22m[32m[Nest] 39676  - [39m12/17/2025, 4:47:14 PM [32m    LOG[39m [38;5;3m[RouterExplorer] [39m[32mMapped {/time-management/holidays/:id, DELETE} route[39m[38;5;3m +0ms[39m
[2m[WebServer] [22m[32m[Nest] 39676  - [39m12/17/2025, 4:47:14 PM [32m    LOG[39m [38;5;3m[RoutesResolver] [39m[32mReportingController {/time-management/reports}:[39m[38;5;3m +0ms[39m
[2m[WebServer] [22m[32m[Nest] 39676  - [39m12/17/2025, 4:47:14 PM [32m    LOG[39m [38;5;3m[RouterExplorer] [39m[32mMapped {/time-management/reports/exceptions-summary, GET} route[39m[38;5;3m +0ms[39m
[2m[WebServer] [22m[32m[Nest] 39676  - [39m12/17/2025, 4:47:14 PM [32m    LOG[39m [38;5;3m[RouterExplorer] [39m[32mMapped {/time-management/reports/overtime-summary, GET} route[39m[38;5;3m +0ms[39m
[2m[WebServer] [22m[32m[Nest] 39676  - [39m12/17/2025, 4:47:14 PM [32m    LOG[39m [38;5;3m[RouterExplorer] [39m[32mMapped {/time-management/reports/lateness-summary, GET} route[39m[38;5;3m +1ms[39m
[2m[WebServer] [22m[32m[Nest] 39676  - [39m12/17/2025, 4:47:14 PM [32m    LOG[39m [38;5;3m[RouterExplorer] [39m[32mMapped {/time-management/reports/dashboard-kpis, GET} route[39m[38;5;3m +0ms[39m
[2m[WebServer] [22m[32m[Nest] 39676  - [39m12/17/2025, 4:47:14 PM [32m    LOG[39m [38;5;3m[RoutesResolver] [39m[32mTimeManagementController {/time-management}:[39m[38;5;3m +0ms[39m
[2m[WebServer] [22m[32m[Nest] 39676  - [39m12/17/2025, 4:47:14 PM [32m    LOG[39m [38;5;3m[RoutesResolver] [39m[32mAttendanceController {/attendance}:[39m[38;5;3m +0ms[39m
[2m[WebServer] [22m[32m[Nest] 39676  - [39m12/17/2025, 4:47:14 PM [32m    LOG[39m [38;5;3m[RouterExplorer] [39m[32mMapped {/attendance/:employeeId, GET} route[39m[38;5;3m +0ms[39m
[2m[WebServer] [22m[32m[Nest] 39676  - [39m12/17/2025, 4:47:14 PM [32m    LOG[39m [38;5;3m[RouterExplorer] [39m[32mMapped {/attendance/punch, POST} route[39m[38;5;3m +0ms[39m
[2m[WebServer] [22m[32m[Nest] 39676  - [39m12/17/2025, 4:47:14 PM [32m    LOG[39m [38;5;3m[RoutesResolver] [39m[32mEntitlementController {/leaves/entitlements}:[39m[38;5;3m +0ms[39m
[2m[WebServer] [22m[32m[Nest] 39676  - [39m12/17/2025, 4:47:14 PM [32m    LOG[39m [38;5;3m[RouterExplorer] [39m[32mMapped {/leaves/entitlements/assign, POST} route[39m[38;5;3m +0ms[39m
[2m[WebServer] [22m[32m[Nest] 39676  - [39m12/17/2025, 4:47:14 PM [32m    LOG[39m [38;5;3m[RouterExplorer] [39m[32mMapped {/leaves/entitlements/manual-adjustment, POST} route[39m[38;5;3m +0ms[39m
[2m[WebServer] [22m[32m[Nest] 39676  - [39m12/17/2025, 4:47:14 PM [32m    LOG[39m [38;5;3m[RouterExplorer] [39m[32mMapped {/leaves/entitlements, POST} route[39m[38;5;3m +1ms[39m
[2m[WebServer] [22m[32m[Nest] 39676  - [39m12/17/2025, 4:47:14 PM [32m    LOG[39m [38;5;3m[RouterExplorer] [39m[32mMapped {/leaves/entitlements/:id, PATCH} route[39m[38;5;3m +0ms[39m
[2m[WebServer] [22m[32m[Nest] 39676  - [39m12/17/2025, 4:47:14 PM [32m    LOG[39m [38;5;3m[NestApplication] [39m[32mNest application successfully started[39m[38;5;3m +17ms[39m
[2m[WebServer] [22m≡ƒÜÇ Application is running on: http://localhost:5000

Running 50 tests using 1 worker

≡ƒöÉ Logging in as: engemp1.work@example.com
[2m[WebServer] [22m GET /login [32m200[39m in 462ms[2m (compile: 349ms, render: 112ms)[22m
[2m[WebServer] [22m≡ƒöÑ JwtAuthGuard: canActivate CALLED
[2m[WebServer] [22m≡ƒöì JWT Extractor - All cookies: [Object: null prototype] {}
[2m[WebServer] [22m≡ƒöì JWT Extractor - Headers: [90mundefined[39m
[2m[WebServer] [22m≡ƒöì JWT Extractor - accessToken: NOT FOUND
[2m[WebServer] [22m≡ƒöÑ JwtAuthGuard: handleRequest() {
[2m[WebServer] [22m  err: [1mnull[22m,
[2m[WebServer] [22m  user: [33mfalse[39m,
[2m[WebServer] [22m  info: Error: No auth token
[2m[WebServer] [22m      at JwtStrategy.authenticate [90m(C:\Users\Bedon\Desktop\semester-5-software-project\backend\[39mnode_modules\[4mpassport-jwt[24m\lib\strategy.js:96:26[90m)[39m
[2m[WebServer] [22m      at attempt [90m(C:\Users\Bedon\Desktop\semester-5-software-project\backend\[39mnode_modules\[4mpassport[24m\lib\middleware\authenticate.js:378:16[90m)[39m
[2m[WebServer] [22m      at authenticate [90m(C:\Users\Bedon\Desktop\semester-5-software-project\backend\[39mnode_modules\[4mpassport[24m\lib\middleware\authenticate.js:379:7[90m)[39m
[2m[WebServer] [22m      at [90mC:\Users\Bedon\Desktop\semester-5-software-project\backend\[39mnode_modules\[4m@nestjs[24m\passport\dist\auth.guard.js:88:3
[2m[WebServer] [22m      at new Promise (<anonymous>)
[2m[WebServer] [22m      at [90mC:\Users\Bedon\Desktop\semester-5-software-project\backend\[39mnode_modules\[4m@nestjs[24m\passport\dist\auth.guard.js:80:83
[2m[WebServer] [22m      at JwtAuthGuard.canActivate [90m(C:\Users\Bedon\Desktop\semester-5-software-project\backend\[39mnode_modules\[4m@nestjs[24m\passport\dist\auth.guard.js:44:32[90m)[39m
[2m[WebServer] [22m  [90m    at process.processTicksAndRejections (node:internal/process/task_queues:105:5)[39m
[2m[WebServer] [22m}
[2m[WebServer] [22mΓ¥î JwtAuthGuard INFO: Error: No auth token
[2m[WebServer] [22m    at JwtStrategy.authenticate 
[90m(C:\Users\Bedon\Desktop\semester-5-software-project\backend\[39mnode_modules\[4mpassport-jwt[24m\lib\strategy.js:96:26[90m)[39m
[2m[WebServer] [22m    at attempt [90m(C:\Users\Bedon\Desktop\semester-5-software-project\backend\[39mnode_modules\[4mpassport[24m\lib\mi
ddleware\authenticate.js:378:16[90m)[39m
[2m[WebServer] [22m    at authenticate [90m(C:\Users\Bedon\Desktop\semester-5-software-project\backend\[39mnode_modules\[4mpassport[24m\l
ib\middleware\authenticate.js:379:7[90m)[39m
[2m[WebServer] [22m    at 
[90mC:\Users\Bedon\Desktop\semester-5-software-project\backend\[39mnode_modules\[4m@nestjs[24m\passport\dist\auth.guard.js:88:3
[2m[WebServer] [22m    at new Promise (<anonymous>)
[2m[WebServer] [22m    at 
[90mC:\Users\Bedon\Desktop\semester-5-software-project\backend\[39mnode_modules\[4m@nestjs[24m\passport\dist\auth.guard.js:80:83
[2m[WebServer] [22m    at JwtAuthGuard.canActivate [90m(C:\Users\Bedon\Desktop\semester-5-software-project\backend\[39mnode_modules\[4m@ne
stjs[24m\passport\dist\auth.guard.js:44:32[90m)[39m
[2m[WebServer] [22m[90m    at process.processTicksAndRejections (node:internal/process/task_queues:105:5)[39m
[2m[WebServer] [22mΓ¥î JwtAuthGuard FAILING ΓåÆ No auth token
[2m[WebServer] [22mVALIDATE EMPLOYEE - systemRole = {
[2m[WebServer] [22m  _id: new ObjectId([32m'6929e2de934d8e079e6f55b8'[39m),
[2m[WebServer] [22m  employeeProfileId: new ObjectId([32m'6929e2de934d8e079e6f55b6'[39m),
[2m[WebServer] [22m  roles: [ [32m'department employee'[39m ],
[2m[WebServer] [22m  permissions: [],
[2m[WebServer] [22m  isActive: [33mtrue[39m,
[2m[WebServer] [22m  createdAt: [35m2025-11-28T17:58:54.894Z[39m,
[2m[WebServer] [22m  updatedAt: [35m2025-11-28T17:58:54.894Z[39m,
[2m[WebServer] [22m  __v: [33m0[39m
[2m[WebServer] [22m}
[2m[WebServer] [22mGenerated token: eyJhbGciOiJIUzI1NiIsInR5cCI6IkpXVCJ9.eyJzdWIiOiI2OTI5ZTJkZTkzNGQ4ZTA3OWU2ZjU1YjYiLCJ3b3JrRW1haWwiOiJlbmdlbXAxLndvcmtAZXhhbXBsZS5jb20iLCJyb2xlcyI6WyJkZXBhcnRtZW50IGVtcGxveWVlIl0sInBlcm1pc3Npb25zIjpbXSwicHJpbWFyeURlcGFydG1lbnRJZCI6IjY5Mjc1ZDhhZmMxMTg0YTNiM2U2YzU1ZiIsImVtcGxveWVlTnVtYmVyIjoiRU1QLTEwMjYiLCJpYXQiOjE3NjU5ODI4MzgsImV4cCI6MTc2NjA2OTIzOH0.8A4cGWrncu7rD1oOBhGTRTsdxphHgYs8n7g6IIUuCL4
[2m[WebServer] [22m GET /leaves [32m200[39m in 569ms[2m (compile: 536ms, render: 33ms)[22m
[2m[WebServer] [22m≡ƒöÑ JwtAuthGuard: canActivate CALLED
[2m[WebServer] [22m≡ƒöì JWT Extractor - All cookies: {
[2m[WebServer] [22m  accessToken: [32m'eyJhbGciOiJIUzI1NiIsInR5cCI6IkpXVCJ9.eyJzdWIiOiI2OTI5ZTJkZTkzNGQ4ZTA3OWU2ZjU1YjYiLCJ3b3JrRW1haWwiOiJlbmdlbXAxLndvcmtAZXhhbXBsZS5jb20iLCJyb2xlcyI6WyJkZXBhcnRtZW50IGVtcGxveWVlIl0sInBlcm1pc3Npb25zIjpbXSwicHJpbWFyeURlcGFydG1lbnRJZCI6IjY5Mjc1ZDhhZmMxMTg0YTNiM2U2YzU1ZiIsImVtcGxveWVlTnVtYmVyIjoiRU1QLTEwMjYiLCJpYXQiOjE3NjU5ODI4MzgsImV4cCI6MTc2NjA2OTIzOH0.8A4cGWrncu7rD1oOBhGTRTsdxphHgYs8n7g6IIUuCL4'[39m
[2m[WebServer] [22m}
[2m[WebServer] [22m≡ƒöì JWT Extractor - Headers: accessToken=eyJhbGciOiJIUzI1NiIsInR5cCI6IkpXVCJ9.eyJzdWIiOiI2OTI5ZTJkZTkzNGQ4ZTA3OWU2ZjU1YjYiLCJ3b3JrRW1haWwiOiJlbmdlbXAxLndvcmtAZXhhbXBsZS5jb20iLCJyb2xlcyI6WyJkZXBhcnRtZW50IGVtcGxveWVlIl0sInBlcm1pc3Npb25zIjpbXSwicHJpbWFyeURlcGFydG1lbnRJZCI6IjY5Mjc1ZDhhZmMxMTg0YTNiM2U2YzU1ZiIsImVtcGxveWVlTnVtYmVyIjoiRU1QLTEwMjYiLCJpYXQiOjE3NjU5ODI4MzgsImV4cCI6MTc2NjA2OTIzOH0.8A4cGWrncu7rD1oOBhGTRTsdxphHgYs8n7g6IIUuCL4
[2m[WebServer] [22m≡ƒöì JWT Extractor - accessToken: FOUND
[2m[WebServer] [22mJwtStrategy VALIDATE: {
[2m[WebServer] [22m  sub: [32m'6929e2de934d8e079e6f55b6'[39m,
[2m[WebServer] [22m  workEmail: [32m'engemp1.work@example.com'[39m,
[2m[WebServer] [22m  roles: [ [32m'department employee'[39m ],
[2m[WebServer] [22m  permissions: [],
[2m[WebServer] [22m  primaryDepartmentId: [32m'69275d8afc1184a3b3e6c55f'[39m,
[2m[WebServer] [22m  employeeNumber: [32m'EMP-1026'[39m,
[2m[WebServer] [22m  iat: [33m1765982838[39m,
[2m[WebServer] [22m  exp: [33m1766069238[39m
[2m[WebServer] [22m}
[2m[WebServer] [22m≡ƒöÑ JwtAuthGuard: handleRequest() {
[2m[WebServer] [22m  err: [1mnull[22m,
[2m[WebServer] [22m  user: {
[2m[WebServer] [22m    id: [32m'6929e2de934d8e079e6f55b6'[39m,
[2m[WebServer] [22m    workEmail: [32m'engemp1.work@example.com'[39m,
[2m[WebServer] [22m    roles: [ [32m'department employee'[39m ],
[2m[WebServer] [22m    permissions: [],
[2m[WebServer] [22m    primaryDepartmentId: [32m'69275d8afc1184a3b3e6c55f'[39m,
[2m[WebServer] [22m    employeeNumber: [32m'EMP-1026'[39m
[2m[WebServer] [22m  },
[2m[WebServer] [22m  info: [90mundefined[39m
[2m[WebServer] [22m}
[2m[WebServer] [22mΓ£à JwtAuthGuard SUCCESS ΓåÆ user authenticated: 6929e2de934d8e079e6f55b6
[2m[WebServer] [22m≡ƒöÑ RolesGuard running!
[2m[WebServer] [22m
[2m[WebServer] [22m===== ROLE GUARD =====
[2m[WebServer] [22mRequired roles: [
[2m[WebServer] [22m  [32m'department employee'[39m,
[2m[WebServer] [22m  [32m'HR Employee'[39m,
[2m[WebServer] [22m  [32m'department head'[39m,
[2m[WebServer] [22m  [32m'HR Manager'[39m,
[2m[WebServer] [22m  [32m'HR Admin'[39m,
[2m[WebServer] [22m  [32m'System Admin'[39m
[2m[WebServer] [22m]
[2m[WebServer] [22mUser object: {
[2m[WebServer] [22m  id: [32m'6929e2de934d8e079e6f55b6'[39m,
[2m[WebServer] [22m  workEmail: [32m'engemp1.work@example.com'[39m,
[2m[WebServer] [22m  roles: [ [32m'department employee'[39m ],
[2m[WebServer] [22m  permissions: [],
[2m[WebServer] [22m  primaryDepartmentId: [32m'69275d8afc1184a3b3e6c55f'[39m,
[2m[WebServer] [22m  employeeNumber: [32m'EMP-1026'[39m
[2m[WebServer] [22m}
[2m[WebServer] [22mNormalized user roles: [ [32m'department employee'[39m ]
[2m[WebServer] [22mNormalized required roles: [
[2m[WebServer] [22m  [32m'department employee'[39m,
[2m[WebServer] [22m  [32m'hr employee'[39m,
[2m[WebServer] [22m  [32m'department head'[39m,
[2m[WebServer] [22m  [32m'hr manager'[39m,
[2m[WebServer] [22m  [32m'hr admin'[39m,
[2m[WebServer] [22m  [32m'system admin'[39m
[2m[WebServer] [22m]
[2m[WebServer] [22mHas required role? [33mtrue[39m
[2m[WebServer] [22mΓ£ö ACCESS GRANTED Γ£ö
[2m[WebServer] [22m≡ƒöì [TrackingController] getMyBalances: {
[2m[WebServer] [22m  query: [Object: null prototype] {},
[2m[WebServer] [22m  userId: [32m'6929e2de934d8e079e6f55b6'[39m
[2m[WebServer] [22m}
[2m[WebServer] [22m≡ƒöÑ JwtAuthGuard: canActivate CALLED
[2m[WebServer] [22m≡ƒöì JWT Extractor - All cookies: {
[2m[WebServer] [22m  accessToken: [32m'eyJhbGciOiJIUzI1NiIsInR5cCI6IkpXVCJ9.eyJzdWIiOiI2OTI5ZTJkZTkzNGQ4ZTA3OWU2ZjU1YjYiLCJ3b3JrRW1haWwiOiJlbmdlbXAxLndvcmtAZXhhbXBsZS5jb20iLCJyb2xlcyI6WyJkZXBhcnRtZW50IGVtcGxveWVlIl0sInBlcm1pc3Npb25zIjpbXSwicHJpbWFyeURlcGFydG1lbnRJZCI6IjY5Mjc1ZDhhZmMxMTg0YTNiM2U2YzU1ZiIsImVtcGxveWVlTnVtYmVyIjoiRU1QLTEwMjYiLCJpYXQiOjE3NjU5ODI4MzgsImV4cCI6MTc2NjA2OTIzOH0.8A4cGWrncu7rD1oOBhGTRTsdxphHgYs8n7g6IIUuCL4'[39m
[2m[WebServer] [22m}
[2m[WebServer] [22m≡ƒöì JWT Extractor - Headers: accessToken=eyJhbGciOiJIUzI1NiIsInR5cCI6IkpXVCJ9.eyJzdWIiOiI2OTI5ZTJkZTkzNGQ4ZTA3OWU2ZjU1YjYiLCJ3b3JrRW1haWwiOiJlbmdlbXAxLndvcmtAZXhhbXBsZS5jb20iLCJyb2xlcyI6WyJkZXBhcnRtZW50IGVtcGxveWVlIl0sInBlcm1pc3Npb25zIjpbXSwicHJpbWFyeURlcGFydG1lbnRJZCI6IjY5Mjc1ZDhhZmMxMTg0YTNiM2U2YzU1ZiIsImVtcGxveWVlTnVtYmVyIjoiRU1QLTEwMjYiLCJpYXQiOjE3NjU5ODI4MzgsImV4cCI6MTc2NjA2OTIzOH0.8A4cGWrncu7rD1oOBhGTRTsdxphHgYs8n7g6IIUuCL4
[2m[WebServer] [22m≡ƒöì JWT Extractor - accessToken: FOUND
[2m[WebServer] [22mJwtStrategy VALIDATE: {
[2m[WebServer] [22m  sub: [32m'6929e2de934d8e079e6f55b6'[39m,
[2m[WebServer] [22m  workEmail: [32m'engemp1.work@example.com'[39m,
[2m[WebServer] [22m  roles: [ [32m'department employee'[39m ],
[2m[WebServer] [22m  permissions: [],
[2m[WebServer] [22m  primaryDepartmentId: [32m'69275d8afc1184a3b3e6c55f'[39m,
[2m[WebServer] [22m  employeeNumber: [32m'EMP-1026'[39m,
[2m[WebServer] [22m  iat: [33m1765982838[39m,
[2m[WebServer] [22m  exp: [33m1766069238[39m
[2m[WebServer] [22m}
[2m[WebServer] [22m≡ƒöÑ JwtAuthGuard: handleRequest() {
[2m[WebServer] [22m  err: [1mnull[22m,
[2m[WebServer] [22m  user: {
[2m[WebServer] [22m    id: [32m'6929e2de934d8e079e6f55b6'[39m,
[2m[WebServer] [22m    workEmail: [32m'engemp1.work@example.com'[39m,
[2m[WebServer] [22m    roles: [ [32m'department employee'[39m ],
[2m[WebServer] [22m    permissions: [],
[2m[WebServer] [22m    primaryDepartmentId: [32m'69275d8afc1184a3b3e6c55f'[39m,
[2m[WebServer] [22m    employeeNumber: [32m'EMP-1026'[39m
[2m[WebServer] [22m  },
[2m[WebServer] [22m  info: [90mundefined[39m
[2m[WebServer] [22m}
[2m[WebServer] [22mΓ£à JwtAuthGuard SUCCESS ΓåÆ user authenticated: 6929e2de934d8e079e6f55b6
[2m[WebServer] [22m≡ƒöÑ RolesGuard running!
[2m[WebServer] [22m
[2m[WebServer] [22m===== ROLE GUARD =====
[2m[WebServer] [22mRequired roles: [
[2m[WebServer] [22m  [32m'department employee'[39m,
[2m[WebServer] [22m  [32m'HR Employee'[39m,
[2m[WebServer] [22m  [32m'department head'[39m,
[2m[WebServer] [22m  [32m'HR Manager'[39m,
[2m[WebServer] [22m  [32m'HR Admin'[39m,
[2m[WebServer] [22m  [32m'System Admin'[39m
[2m[WebServer] [22m]
[2m[WebServer] [22mUser object: {
[2m[WebServer] [22m  id: [32m'6929e2de934d8e079e6f55b6'[39m,
[2m[WebServer] [22m  workEmail: [32m'engemp1.work@example.com'[39m,
[2m[WebServer] [22m  roles: [ [32m'department employee'[39m ],
[2m[WebServer] [22m  permissions: [],
[2m[WebServer] [22m  primaryDepartmentId: [32m'69275d8afc1184a3b3e6c55f'[39m,
[2m[WebServer] [22m  employeeNumber: [32m'EMP-1026'[39m
[2m[WebServer] [22m}
[2m[WebServer] [22mNormalized user roles: [ [32m'department employee'[39m ]
[2m[WebServer] [22mNormalized required roles: [
[2m[WebServer] [22m  [32m'department employee'[39m,
[2m[WebServer] [22m  [32m'hr employee'[39m,
[2m[WebServer] [22m  [32m'department head'[39m,
[2m[WebServer] [22m  [32m'hr manager'[39m,
[2m[WebServer] [22m  [32m'hr admin'[39m,
[2m[WebServer] [22m  [32m'system admin'[39m
[2m[WebServer] [22m]
[2m[WebServer] [22mHas required role? [33mtrue[39m
[2m[WebServer] [22mΓ£ö ACCESS GRANTED Γ£ö
[2m[WebServer] [22m≡ƒöì [TrackingController] getMyHistory: {
[2m[WebServer] [22m  filters: [Object: null prototype] {},
[2m[WebServer] [22m  userId: [32m'6929e2de934d8e079e6f55b6'[39m
[2m[WebServer] [22m}
Γ£à Login successful
≡ƒôè Testing: REQ-032 (Dashboard), REQ-033 (Statistics)
[2m[WebServer] [22m GET /leaves/my-leaves [32m200[39m in 861ms[2m (compile: 632ms, render: 230ms)[22m
[2m[WebServer] [22m≡ƒöÑ JwtAuthGuard: canActivate CALLED
[2m[WebServer] [22m≡ƒöì JWT Extractor - All cookies: {
[2m[WebServer] [22m  accessToken: [32m'eyJhbGciOiJIUzI1NiIsInR5cCI6IkpXVCJ9.eyJzdWIiOiI2OTI5ZTJkZTkzNGQ4ZTA3OWU2ZjU1YjYiLCJ3b3JrRW1haWwiOiJlbmdlbXAxLndvcmtAZXhhbXBsZS5jb20iLCJyb2xlcyI6WyJkZXBhcnRtZW50IGVtcGxveWVlIl0sInBlcm1pc3Npb25zIjpbXSwicHJpbWFyeURlcGFydG1lbnRJZCI6IjY5Mjc1ZDhhZmMxMTg0YTNiM2U2YzU1ZiIsImVtcGxveWVlTnVtYmVyIjoiRU1QLTEwMjYiLCJpYXQiOjE3NjU5ODI4MzgsImV4cCI6MTc2NjA2OTIzOH0.8A4cGWrncu7rD1oOBhGTRTsdxphHgYs8n7g6IIUuCL4'[39m
[2m[WebServer] [22m}
[2m[WebServer] [22m≡ƒöì JWT Extractor - Headers: accessToken=eyJhbGciOiJIUzI1NiIsInR5cCI6IkpXVCJ9.eyJzdWIiOiI2OTI5ZTJkZTkzNGQ4ZTA3OWU2ZjU1YjYiLCJ3b3JrRW1haWwiOiJlbmdlbXAxLndvcmtAZXhhbXBsZS5jb20iLCJyb2xlcyI6WyJkZXBhcnRtZW50IGVtcGxveWVlIl0sInBlcm1pc3Npb25zIjpbXSwicHJpbWFyeURlcGFydG1lbnRJZCI6IjY5Mjc1ZDhhZmMxMTg0YTNiM2U2YzU1ZiIsImVtcGxveWVlTnVtYmVyIjoiRU1QLTEwMjYiLCJpYXQiOjE3NjU5ODI4MzgsImV4cCI6MTc2NjA2OTIzOH0.8A4cGWrncu7rD1oOBhGTRTsdxphHgYs8n7g6IIUuCL4
[2m[WebServer] [22m≡ƒöì JWT Extractor - accessToken: FOUND
[2m[WebServer] [22mJwtStrategy VALIDATE: {
[2m[WebServer] [22m  sub: [32m'6929e2de934d8e079e6f55b6'[39m,
[2m[WebServer] [22m  workEmail: [32m'engemp1.work@example.com'[39m,
[2m[WebServer] [22m  roles: [ [32m'department employee'[39m ],
[2m[WebServer] [22m  permissions: [],
[2m[WebServer] [22m  primaryDepartmentId: [32m'69275d8afc1184a3b3e6c55f'[39m,
[2m[WebServer] [22m  employeeNumber: [32m'EMP-1026'[39m,
[2m[WebServer] [22m  iat: [33m1765982838[39m,
[2m[WebServer] [22m  exp: [33m1766069238[39m
[2m[WebServer] [22m}
[2m[WebServer] [22m≡ƒöÑ JwtAuthGuard: handleRequest() {
[2m[WebServer] [22m  err: [1mnull[22m,
[2m[WebServer] [22m  user: {
[2m[WebServer] [22m    id: [32m'6929e2de934d8e079e6f55b6'[39m,
[2m[WebServer] [22m    workEmail: [32m'engemp1.work@example.com'[39m,
[2m[WebServer] [22m    roles: [ [32m'department employee'[39m ],
[2m[WebServer] [22m    permissions: [],
[2m[WebServer] [22m    primaryDepartmentId: [32m'69275d8afc1184a3b3e6c55f'[39m,
[2m[WebServer] [22m    employeeNumber: [32m'EMP-1026'[39m
[2m[WebServer] [22m  },
[2m[WebServer] [22m  info: [90mundefined[39m
[2m[WebServer] [22m}
[2m[WebServer] [22mΓ£à JwtAuthGuard SUCCESS ΓåÆ user authenticated: 6929e2de934d8e079e6f55b6
[2m[WebServer] [22m≡ƒöì [LeaveTypeController] findAll
[2m[WebServer] [22m≡ƒöÑ JwtAuthGuard: canActivate CALLED
[2m[WebServer] [22m≡ƒöì JWT Extractor - All cookies: {
[2m[WebServer] [22m  accessToken: [32m'eyJhbGciOiJIUzI1NiIsInR5cCI6IkpXVCJ9.eyJzdWIiOiI2OTI5ZTJkZTkzNGQ4ZTA3OWU2ZjU1YjYiLCJ3b3JrRW1haWwiOiJlbmdlbXAxLndvcmtAZXhhbXBsZS5jb20iLCJyb2xlcyI6WyJkZXBhcnRtZW50IGVtcGxveWVlIl0sInBlcm1pc3Npb25zIjpbXSwicHJpbWFyeURlcGFydG1lbnRJZCI6IjY5Mjc1ZDhhZmMxMTg0YTNiM2U2YzU1ZiIsImVtcGxveWVlTnVtYmVyIjoiRU1QLTEwMjYiLCJpYXQiOjE3NjU5ODI4MzgsImV4cCI6MTc2NjA2OTIzOH0.8A4cGWrncu7rD1oOBhGTRTsdxphHgYs8n7g6IIUuCL4'[39m
[2m[WebServer] [22m}
[2m[WebServer] [22m≡ƒöì JWT Extractor - Headers: accessToken=eyJhbGciOiJIUzI1NiIsInR5cCI6IkpXVCJ9.eyJzdWIiOiI2OTI5ZTJkZTkzNGQ4ZTA3OWU2ZjU1YjYiLCJ3b3JrRW1haWwiOiJlbmdlbXAxLndvcmtAZXhhbXBsZS5jb20iLCJyb2xlcyI6WyJkZXBhcnRtZW50IGVtcGxveWVlIl0sInBlcm1pc3Npb25zIjpbXSwicHJpbWFyeURlcGFydG1lbnRJZCI6IjY5Mjc1ZDhhZmMxMTg0YTNiM2U2YzU1ZiIsImVtcGxveWVlTnVtYmVyIjoiRU1QLTEwMjYiLCJpYXQiOjE3NjU5ODI4MzgsImV4cCI6MTc2NjA2OTIzOH0.8A4cGWrncu7rD1oOBhGTRTsdxphHgYs8n7g6IIUuCL4
[2m[WebServer] [22m≡ƒöì JWT Extractor - accessToken: FOUND
[2m[WebServer] [22mJwtStrategy VALIDATE: {
[2m[WebServer] [22m  sub: [32m'6929e2de934d8e079e6f55b6'[39m,
[2m[WebServer] [22m  workEmail: [32m'engemp1.work@example.com'[39m,
[2m[WebServer] [22m  roles: [ [32m'department employee'[39m ],
[2m[WebServer] [22m  permissions: [],
[2m[WebServer] [22m  primaryDepartmentId: [32m'69275d8afc1184a3b3e6c55f'[39m,
[2m[WebServer] [22m  employeeNumber: [32m'EMP-1026'[39m,
[2m[WebServer] [22m  iat: [33m1765982838[39m,
[2m[WebServer] [22m  exp: [33m1766069238[39m
[2m[WebServer] [22m}
[2m[WebServer] [22m≡ƒöÑ JwtAuthGuard: handleRequest() {
[2m[WebServer] [22m  err: [1mnull[22m,
[2m[WebServer] [22m  user: {
[2m[WebServer] [22m    id: [32m'6929e2de934d8e079e6f55b6'[39m,
[2m[WebServer] [22m    workEmail: [32m'engemp1.work@example.com'[39m,
[2m[WebServer] [22m    roles: [ [32m'department employee'[39m ],
[2m[WebServer] [22m    permissions: [],
[2m[WebServer] [22m    primaryDepartmentId: [32m'69275d8afc1184a3b3e6c55f'[39m,
[2m[WebServer] [22m    employeeNumber: [32m'EMP-1026'[39m
[2m[WebServer] [22m  },
[2m[WebServer] [22m  info: [90mundefined[39m
[2m[WebServer] [22m}
[2m[WebServer] [22mΓ£à JwtAuthGuard SUCCESS ΓåÆ user authenticated: 6929e2de934d8e079e6f55b6
[2m[WebServer] [22m≡ƒöÑ RolesGuard running!
[2m[WebServer] [22m
[2m[WebServer] [22m===== ROLE GUARD =====
[2m[WebServer] [22mRequired roles: [
[2m[WebServer] [22m  [32m'department employee'[39m,
[2m[WebServer] [22m  [32m'HR Employee'[39m,
[2m[WebServer] [22m  [32m'department head'[39m,
[2m[WebServer] [22m  [32m'HR Manager'[39m,
[2m[WebServer] [22m  [32m'HR Admin'[39m,
[2m[WebServer] [22m  [32m'System Admin'[39m
[2m[WebServer] [22m]
[2m[WebServer] [22mUser object: {
[2m[WebServer] [22m  id: [32m'6929e2de934d8e079e6f55b6'[39m,
[2m[WebServer] [22m  workEmail: [32m'engemp1.work@example.com'[39m,
[2m[WebServer] [22m  roles: [ [32m'department employee'[39m ],
[2m[WebServer] [22m  permissions: [],
[2m[WebServer] [22m  primaryDepartmentId: [32m'69275d8afc1184a3b3e6c55f'[39m,
[2m[WebServer] [22m  employeeNumber: [32m'EMP-1026'[39m
[2m[WebServer] [22m}
[2m[WebServer] [22mNormalized user roles: [ [32m'department employee'[39m ]
[2m[WebServer] [22mNormalized required roles: [
[2m[WebServer] [22m  [32m'department employee'[39m,
[2m[WebServer] [22m  [32m'hr employee'[39m,
[2m[WebServer] [22m  [32m'department head'[39m,
[2m[WebServer] [22m  [32m'hr manager'[39m,
[2m[WebServer] [22m  [32m'hr admin'[39m,
[2m[WebServer] [22m  [32m'system admin'[39m
[2m[WebServer] [22m]
[2m[WebServer] [22mHas required role? [33mtrue[39m
[2m[WebServer] [22mΓ£ö ACCESS GRANTED Γ£ö
[2m[WebServer] [22m≡ƒöì [TrackingController] getMyBalances: {
[2m[WebServer] [22m  query: [Object: null prototype] {},
[2m[WebServer] [22m  userId: [32m'6929e2de934d8e079e6f55b6'[39m
[2m[WebServer] [22m}
[2m[WebServer] [22m≡ƒöÑ JwtAuthGuard: canActivate CALLED
[2m[WebServer] [22m≡ƒöì JWT Extractor - All cookies: {
[2m[WebServer] [22m  accessToken: [32m'eyJhbGciOiJIUzI1NiIsInR5cCI6IkpXVCJ9.eyJzdWIiOiI2OTI5ZTJkZTkzNGQ4ZTA3OWU2ZjU1YjYiLCJ3b3JrRW1haWwiOiJlbmdlbXAxLndvcmtAZXhhbXBsZS5jb20iLCJyb2xlcyI6WyJkZXBhcnRtZW50IGVtcGxveWVlIl0sInBlcm1pc3Npb25zIjpbXSwicHJpbWFyeURlcGFydG1lbnRJZCI6IjY5Mjc1ZDhhZmMxMTg0YTNiM2U2YzU1ZiIsImVtcGxveWVlTnVtYmVyIjoiRU1QLTEwMjYiLCJpYXQiOjE3NjU5ODI4MzgsImV4cCI6MTc2NjA2OTIzOH0.8A4cGWrncu7rD1oOBhGTRTsdxphHgYs8n7g6IIUuCL4'[39m
[2m[WebServer] [22m}
[2m[WebServer] [22m≡ƒöì JWT Extractor - Headers: accessToken=eyJhbGciOiJIUzI1NiIsInR5cCI6IkpXVCJ9.eyJzdWIiOiI2OTI5ZTJkZTkzNGQ4ZTA3OWU2ZjU1YjYiLCJ3b3JrRW1haWwiOiJlbmdlbXAxLndvcmtAZXhhbXBsZS5jb20iLCJyb2xlcyI6WyJkZXBhcnRtZW50IGVtcGxveWVlIl0sInBlcm1pc3Npb25zIjpbXSwicHJpbWFyeURlcGFydG1lbnRJZCI6IjY5Mjc1ZDhhZmMxMTg0YTNiM2U2YzU1ZiIsImVtcGxveWVlTnVtYmVyIjoiRU1QLTEwMjYiLCJpYXQiOjE3NjU5ODI4MzgsImV4cCI6MTc2NjA2OTIzOH0.8A4cGWrncu7rD1oOBhGTRTsdxphHgYs8n7g6IIUuCL4
[2m[WebServer] [22m≡ƒöì JWT Extractor - accessToken: FOUND
[2m[WebServer] [22mJwtStrategy VALIDATE: {
[2m[WebServer] [22m  sub: [32m'6929e2de934d8e079e6f55b6'[39m,
[2m[WebServer] [22m  workEmail: [32m'engemp1.work@example.com'[39m,
[2m[WebServer] [22m  roles: [ [32m'department employee'[39m ],
[2m[WebServer] [22m  permissions: [],
[2m[WebServer] [22m  primaryDepartmentId: [32m'69275d8afc1184a3b3e6c55f'[39m,
[2m[WebServer] [22m  employeeNumber: [32m'EMP-1026'[39m,
[2m[WebServer] [22m  iat: [33m1765982838[39m,
[2m[WebServer] [22m  exp: [33m1766069238[39m
[2m[WebServer] [22m}
[2m[WebServer] [22m≡ƒöÑ JwtAuthGuard: handleRequest() {
[2m[WebServer] [22m  err: [1mnull[22m,
[2m[WebServer] [22m  user: {
[2m[WebServer] [22m    id: [32m'6929e2de934d8e079e6f55b6'[39m,
[2m[WebServer] [22m    workEmail: [32m'engemp1.work@example.com'[39m,
[2m[WebServer] [22m    roles: [ [32m'department employee'[39m ],
[2m[WebServer] [22m    permissions: [],
[2m[WebServer] [22m    primaryDepartmentId: [32m'69275d8afc1184a3b3e6c55f'[39m,
[2m[WebServer] [22m    employeeNumber: [32m'EMP-1026'[39m
[2m[WebServer] [22m  },
[2m[WebServer] [22m  info: [90mundefined[39m
[2m[WebServer] [22m}
[2m[WebServer] [22mΓ£à JwtAuthGuard SUCCESS ΓåÆ user authenticated: 6929e2de934d8e079e6f55b6
[2m[WebServer] [22m≡ƒöÑ RolesGuard running!
[2m[WebServer] [22m
[2m[WebServer] [22m===== ROLE GUARD =====
[2m[WebServer] [22mRequired roles: [
[2m[WebServer] [22m  [32m'department employee'[39m,
[2m[WebServer] [22m  [32m'HR Employee'[39m,
[2m[WebServer] [22m  [32m'department head'[39m,
[2m[WebServer] [22m  [32m'HR Manager'[39m,
[2m[WebServer] [22m  [32m'HR Admin'[39m,
[2m[WebServer] [22m  [32m'System Admin'[39m
[2m[WebServer] [22m]
[2m[WebServer] [22mUser object: {
[2m[WebServer] [22m  id: [32m'6929e2de934d8e079e6f55b6'[39m,
[2m[WebServer] [22m  workEmail: [32m'engemp1.work@example.com'[39m,
[2m[WebServer] [22m  roles: [ [32m'department employee'[39m ],
[2m[WebServer] [22m  permissions: [],
[2m[WebServer] [22m  primaryDepartmentId: [32m'69275d8afc1184a3b3e6c55f'[39m,
[2m[WebServer] [22m  employeeNumber: [32m'EMP-1026'[39m
[2m[WebServer] [22m}
[2m[WebServer] [22mNormalized user roles: [ [32m'department employee'[39m ]
[2m[WebServer] [22mNormalized required roles: [
[2m[WebServer] [22m  [32m'department employee'[39m,
[2m[WebServer] [22m  [32m'hr employee'[39m,
[2m[WebServer] [22m  [32m'department head'[39m,
[2m[WebServer] [22m  [32m'hr manager'[39m,
[2m[WebServer] [22m  [32m'hr admin'[39m,
[2m[WebServer] [22m  [32m'system admin'[39m
[2m[WebServer] [22m]
[2m[WebServer] [22mHas required role? [33mtrue[39m
[2m[WebServer] [22mΓ£ö ACCESS GRANTED Γ£ö
[2m[WebServer] [22m≡ƒöì [RequestsController] getMyRequests: { userId: [90mundefined[39m }
Γ£à Dashboard accessible - REQ-032, REQ-033 validated
  Γ£ô   1 [chromium] ΓÇ║ leave-tests.spec.ts:133:7 ΓÇ║ ≡ƒÖï EMPLOYEE 1 (EMP-1026 - Engineering) - All Scenarios ΓÇ║ Γ£à A1: Dashboard overview (REQ-032, REQ-033) (11.6s)
≡ƒöÉ Logging in as: engemp1.work@example.com
[2m[WebServer] [22m GET /login [32m200[39m in 48ms[2m (compile: 3ms, render: 45ms)[22m
[2m[WebServer] [22m≡ƒöÑ JwtAuthGuard: canActivate CALLED
[2m[WebServer] [22m≡ƒöì JWT Extractor - All cookies: [Object: null prototype] {}
[2m[WebServer] [22m≡ƒöì JWT Extractor - Headers: [90mundefined[39m
[2m[WebServer] [22m≡ƒöì JWT Extractor - accessToken: NOT FOUND
[2m[WebServer] [22m≡ƒöÑ JwtAuthGuard: handleRequest() {
[2m[WebServer] [22m  err: [1mnull[22m,
[2m[WebServer] [22m  user: [33mfalse[39m,
[2m[WebServer] [22m  info: Error: No auth token
[2m[WebServer] [22m      at JwtStrategy.authenticate [90m(C:\Users\Bedon\Desktop\semester-5-software-project\backend\[39mnode_modules\[4mpassport-jwt[24m\lib\strategy.js:96:26[90m)[39m
[2m[WebServer] [22m      at attempt [90m(C:\Users\Bedon\Desktop\semester-5-software-project\backend\[39mnode_modules\[4mpassport[24m\lib\middleware\authenticate.js:378:16[90m)[39m
[2m[WebServer] [22m      at authenticate [90m(C:\Users\Bedon\Desktop\semester-5-software-project\backend\[39mnode_modules\[4mpassport[24m\lib\middleware\authenticate.js:379:7[90m)[39m
[2m[WebServer] [22m      at [90mC:\Users\Bedon\Desktop\semester-5-software-project\backend\[39mnode_modules\[4m@nestjs[24m\passport\dist\auth.guard.js:88:3
[2m[WebServer] [22m      at new Promise (<anonymous>)
[2m[WebServer] [22m      at [90mC:\Users\Bedon\Desktop\semester-5-software-project\backend\[39mnode_modules\[4m@nestjs[24m\passport\dist\auth.guard.js:80:83
[2m[WebServer] [22m      at JwtAuthGuard.canActivate [90m(C:\Users\Bedon\Desktop\semester-5-software-project\backend\[39mnode_modules\[4m@nestjs[24m\passport\dist\auth.guard.js:44:32[90m)[39m
[2m[WebServer] [22m  [90m    at process.processTicksAndRejections (node:internal/process/task_queues:105:5)[39m
[2m[WebServer] [22m}
[2m[WebServer] [22mΓ¥î JwtAuthGuard INFO: Error: No auth token
[2m[WebServer] [22m    at JwtStrategy.authenticate 
[90m(C:\Users\Bedon\Desktop\semester-5-software-project\backend\[39mnode_modules\[4mpassport-jwt[24m\lib\strategy.js:96:26[90m)[39m
[2m[WebServer] [22m    at attempt [90m(C:\Users\Bedon\Desktop\semester-5-software-project\backend\[39mnode_modules\[4mpassport[24m\lib\mi
ddleware\authenticate.js:378:16[90m)[39m
[2m[WebServer] [22m    at authenticate [90m(C:\Users\Bedon\Desktop\semester-5-software-project\backend\[39mnode_modules\[4mpassport[24m\l
ib\middleware\authenticate.js:379:7[90m)[39m
[2m[WebServer] [22m    at 
[90mC:\Users\Bedon\Desktop\semester-5-software-project\backend\[39mnode_modules\[4m@nestjs[24m\passport\dist\auth.guard.js:88:3
[2m[WebServer] [22m    at new Promise (<anonymous>)
[2m[WebServer] [22m    at 
[90mC:\Users\Bedon\Desktop\semester-5-software-project\backend\[39mnode_modules\[4m@nestjs[24m\passport\dist\auth.guard.js:80:83
[2m[WebServer] [22m    at JwtAuthGuard.canActivate [90m(C:\Users\Bedon\Desktop\semester-5-software-project\backend\[39mnode_modules\[4m@ne
stjs[24m\passport\dist\auth.guard.js:44:32[90m)[39m
[2m[WebServer] [22m[90m    at process.processTicksAndRejections (node:internal/process/task_queues:105:5)[39m
[2m[WebServer] [22mΓ¥î JwtAuthGuard FAILING ΓåÆ No auth token
[2m[WebServer] [22mVALIDATE EMPLOYEE - systemRole = {
[2m[WebServer] [22m  _id: new ObjectId([32m'6929e2de934d8e079e6f55b8'[39m),
[2m[WebServer] [22m  employeeProfileId: new ObjectId([32m'6929e2de934d8e079e6f55b6'[39m),
[2m[WebServer] [22m  roles: [ [32m'department employee'[39m ],
[2m[WebServer] [22m  permissions: [],
[2m[WebServer] [22m  isActive: [33mtrue[39m,
[2m[WebServer] [22m  createdAt: [35m2025-11-28T17:58:54.894Z[39m,
[2m[WebServer] [22m  updatedAt: [35m2025-11-28T17:58:54.894Z[39m,
[2m[WebServer] [22m  __v: [33m0[39m
[2m[WebServer] [22m}
[2m[WebServer] [22mGenerated token: eyJhbGciOiJIUzI1NiIsInR5cCI6IkpXVCJ9.eyJzdWIiOiI2OTI5ZTJkZTkzNGQ4ZTA3OWU2ZjU1YjYiLCJ3b3JrRW1haWwiOiJlbmdlbXAxLndvcmtAZXhhbXBsZS5jb20iLCJyb2xlcyI6WyJkZXBhcnRtZW50IGVtcGxveWVlIl0sInBlcm1pc3Npb25zIjpbXSwicHJpbWFyeURlcGFydG1lbnRJZCI6IjY5Mjc1ZDhhZmMxMTg0YTNiM2U2YzU1ZiIsImVtcGxveWVlTnVtYmVyIjoiRU1QLTEwMjYiLCJpYXQiOjE3NjU5ODI4NDksImV4cCI6MTc2NjA2OTI0OX0.Nj0bcGp2igiznCXpGCNWVkb0NGbVTDQzQ_6uJE-nMRw
[2m[WebServer] [22m GET /leaves [32m200[39m in 20ms[2m (compile: 4ms, render: 17ms)[22m
[2m[WebServer] [22m≡ƒöÑ JwtAuthGuard: canActivate CALLED
[2m[WebServer] [22m≡ƒöì JWT Extractor - All cookies: {
[2m[WebServer] [22m  accessToken: [32m'eyJhbGciOiJIUzI1NiIsInR5cCI6IkpXVCJ9.eyJzdWIiOiI2OTI5ZTJkZTkzNGQ4ZTA3OWU2ZjU1YjYiLCJ3b3JrRW1haWwiOiJlbmdlbXAxLndvcmtAZXhhbXBsZS5jb20iLCJyb2xlcyI6WyJkZXBhcnRtZW50IGVtcGxveWVlIl0sInBlcm1pc3Npb25zIjpbXSwicHJpbWFyeURlcGFydG1lbnRJZCI6IjY5Mjc1ZDhhZmMxMTg0YTNiM2U2YzU1ZiIsImVtcGxveWVlTnVtYmVyIjoiRU1QLTEwMjYiLCJpYXQiOjE3NjU5ODI4NDksImV4cCI6MTc2NjA2OTI0OX0.Nj0bcGp2igiznCXpGCNWVkb0NGbVTDQzQ_6uJE-nMRw'[39m
[2m[WebServer] [22m}
[2m[WebServer] [22m≡ƒöì JWT Extractor - Headers: accessToken=eyJhbGciOiJIUzI1NiIsInR5cCI6IkpXVCJ9.eyJzdWIiOiI2OTI5ZTJkZTkzNGQ4ZTA3OWU2ZjU1YjYiLCJ3b3JrRW1haWwiOiJlbmdlbXAxLndvcmtAZXhhbXBsZS5jb20iLCJyb2xlcyI6WyJkZXBhcnRtZW50IGVtcGxveWVlIl0sInBlcm1pc3Npb25zIjpbXSwicHJpbWFyeURlcGFydG1lbnRJZCI6IjY5Mjc1ZDhhZmMxMTg0YTNiM2U2YzU1ZiIsImVtcGxveWVlTnVtYmVyIjoiRU1QLTEwMjYiLCJpYXQiOjE3NjU5ODI4NDksImV4cCI6MTc2NjA2OTI0OX0.Nj0bcGp2igiznCXpGCNWVkb0NGbVTDQzQ_6uJE-nMRw
[2m[WebServer] [22m≡ƒöì JWT Extractor - accessToken: FOUND
[2m[WebServer] [22mJwtStrategy VALIDATE: {
[2m[WebServer] [22m  sub: [32m'6929e2de934d8e079e6f55b6'[39m,
[2m[WebServer] [22m  workEmail: [32m'engemp1.work@example.com'[39m,
[2m[WebServer] [22m  roles: [ [32m'department employee'[39m ],
[2m[WebServer] [22m  permissions: [],
[2m[WebServer] [22m  primaryDepartmentId: [32m'69275d8afc1184a3b3e6c55f'[39m,
[2m[WebServer] [22m  employeeNumber: [32m'EMP-1026'[39m,
[2m[WebServer] [22m  iat: [33m1765982849[39m,
[2m[WebServer] [22m  exp: [33m1766069249[39m
[2m[WebServer] [22m}
[2m[WebServer] [22m≡ƒöÑ JwtAuthGuard: handleRequest() {
[2m[WebServer] [22m  err: [1mnull[22m,
[2m[WebServer] [22m  user: {
[2m[WebServer] [22m    id: [32m'6929e2de934d8e079e6f55b6'[39m,
[2m[WebServer] [22m    workEmail: [32m'engemp1.work@example.com'[39m,
[2m[WebServer] [22m    roles: [ [32m'department employee'[39m ],
[2m[WebServer] [22m    permissions: [],
[2m[WebServer] [22m    primaryDepartmentId: [32m'69275d8afc1184a3b3e6c55f'[39m,
[2m[WebServer] [22m    employeeNumber: [32m'EMP-1026'[39m
[2m[WebServer] [22m  },
[2m[WebServer] [22m  info: [90mundefined[39m
[2m[WebServer] [22m}
[2m[WebServer] [22mΓ£à JwtAuthGuard SUCCESS ΓåÆ user authenticated: 6929e2de934d8e079e6f55b6
[2m[WebServer] [22m≡ƒöÑ RolesGuard running!
[2m[WebServer] [22m
[2m[WebServer] [22m===== ROLE GUARD =====
[2m[WebServer] [22mRequired roles: [
[2m[WebServer] [22m  [32m'department employee'[39m,
[2m[WebServer] [22m  [32m'HR Employee'[39m,
[2m[WebServer] [22m  [32m'department head'[39m,
[2m[WebServer] [22m  [32m'HR Manager'[39m,
[2m[WebServer] [22m  [32m'HR Admin'[39m,
[2m[WebServer] [22m  [32m'System Admin'[39m
[2m[WebServer] [22m]
[2m[WebServer] [22mUser object: {
[2m[WebServer] [22m  id: [32m'6929e2de934d8e079e6f55b6'[39m,
[2m[WebServer] [22m  workEmail: [32m'engemp1.work@example.com'[39m,
[2m[WebServer] [22m  roles: [ [32m'department employee'[39m ],
[2m[WebServer] [22m  permissions: [],
[2m[WebServer] [22m  primaryDepartmentId: [32m'69275d8afc1184a3b3e6c55f'[39m,
[2m[WebServer] [22m  employeeNumber: [32m'EMP-1026'[39m
[2m[WebServer] [22m}
[2m[WebServer] [22mNormalized user roles: [ [32m'department employee'[39m ]
[2m[WebServer] [22mNormalized required roles: [
[2m[WebServer] [22m  [32m'department employee'[39m,
[2m[WebServer] [22m  [32m'hr employee'[39m,
[2m[WebServer] [22m  [32m'department head'[39m,
[2m[WebServer] [22m  [32m'hr manager'[39m,
[2m[WebServer] [22m  [32m'hr admin'[39m,
[2m[WebServer] [22m  [32m'system admin'[39m
[2m[WebServer] [22m]
[2m[WebServer] [22mHas required role? [33mtrue[39m
[2m[WebServer] [22mΓ£ö ACCESS GRANTED Γ£ö
[2m[WebServer] [22m≡ƒöì [TrackingController] getMyBalances: {
[2m[WebServer] [22m  query: [Object: null prototype] {},
[2m[WebServer] [22m  userId: [32m'6929e2de934d8e079e6f55b6'[39m
[2m[WebServer] [22m}
[2m[WebServer] [22m≡ƒöÑ JwtAuthGuard: canActivate CALLED
[2m[WebServer] [22m≡ƒöì JWT Extractor - All cookies: {
[2m[WebServer] [22m  accessToken: [32m'eyJhbGciOiJIUzI1NiIsInR5cCI6IkpXVCJ9.eyJzdWIiOiI2OTI5ZTJkZTkzNGQ4ZTA3OWU2ZjU1YjYiLCJ3b3JrRW1haWwiOiJlbmdlbXAxLndvcmtAZXhhbXBsZS5jb20iLCJyb2xlcyI6WyJkZXBhcnRtZW50IGVtcGxveWVlIl0sInBlcm1pc3Npb25zIjpbXSwicHJpbWFyeURlcGFydG1lbnRJZCI6IjY5Mjc1ZDhhZmMxMTg0YTNiM2U2YzU1ZiIsImVtcGxveWVlTnVtYmVyIjoiRU1QLTEwMjYiLCJpYXQiOjE3NjU5ODI4NDksImV4cCI6MTc2NjA2OTI0OX0.Nj0bcGp2igiznCXpGCNWVkb0NGbVTDQzQ_6uJE-nMRw'[39m
[2m[WebServer] [22m}
[2m[WebServer] [22m≡ƒöì JWT Extractor - Headers: accessToken=eyJhbGciOiJIUzI1NiIsInR5cCI6IkpXVCJ9.eyJzdWIiOiI2OTI5ZTJkZTkzNGQ4ZTA3OWU2ZjU1YjYiLCJ3b3JrRW1haWwiOiJlbmdlbXAxLndvcmtAZXhhbXBsZS5jb20iLCJyb2xlcyI6WyJkZXBhcnRtZW50IGVtcGxveWVlIl0sInBlcm1pc3Npb25zIjpbXSwicHJpbWFyeURlcGFydG1lbnRJZCI6IjY5Mjc1ZDhhZmMxMTg0YTNiM2U2YzU1ZiIsImVtcGxveWVlTnVtYmVyIjoiRU1QLTEwMjYiLCJpYXQiOjE3NjU5ODI4NDksImV4cCI6MTc2NjA2OTI0OX0.Nj0bcGp2igiznCXpGCNWVkb0NGbVTDQzQ_6uJE-nMRw
[2m[WebServer] [22m≡ƒöì JWT Extractor - accessToken: FOUND
[2m[WebServer] [22mJwtStrategy VALIDATE: {
[2m[WebServer] [22m  sub: [32m'6929e2de934d8e079e6f55b6'[39m,
[2m[WebServer] [22m  workEmail: [32m'engemp1.work@example.com'[39m,
[2m[WebServer] [22m  roles: [ [32m'department employee'[39m ],
[2m[WebServer] [22m  permissions: [],
[2m[WebServer] [22m  primaryDepartmentId: [32m'69275d8afc1184a3b3e6c55f'[39m,
[2m[WebServer] [22m  employeeNumber: [32m'EMP-1026'[39m,
[2m[WebServer] [22m  iat: [33m1765982849[39m,
[2m[WebServer] [22m  exp: [33m1766069249[39m
[2m[WebServer] [22m}
[2m[WebServer] [22m≡ƒöÑ JwtAuthGuard: handleRequest() {
[2m[WebServer] [22m  err: [1mnull[22m,
[2m[WebServer] [22m  user: {
[2m[WebServer] [22m    id: [32m'6929e2de934d8e079e6f55b6'[39m,
[2m[WebServer] [22m    workEmail: [32m'engemp1.work@example.com'[39m,
[2m[WebServer] [22m    roles: [ [32m'department employee'[39m ],
[2m[WebServer] [22m    permissions: [],
[2m[WebServer] [22m    primaryDepartmentId: [32m'69275d8afc1184a3b3e6c55f'[39m,
[2m[WebServer] [22m    employeeNumber: [32m'EMP-1026'[39m
[2m[WebServer] [22m  },
[2m[WebServer] [22m  info: [90mundefined[39m
[2m[WebServer] [22m}
[2m[WebServer] [22mΓ£à JwtAuthGuard SUCCESS ΓåÆ user authenticated: 6929e2de934d8e079e6f55b6
[2m[WebServer] [22m≡ƒöÑ RolesGuard running!
[2m[WebServer] [22m
[2m[WebServer] [22m===== ROLE GUARD =====
[2m[WebServer] [22mRequired roles: [
[2m[WebServer] [22m  [32m'department employee'[39m,
[2m[WebServer] [22m  [32m'HR Employee'[39m,
[2m[WebServer] [22m  [32m'department head'[39m,
[2m[WebServer] [22m  [32m'HR Manager'[39m,
[2m[WebServer] [22m  [32m'HR Admin'[39m,
[2m[WebServer] [22m  [32m'System Admin'[39m
[2m[WebServer] [22m]
[2m[WebServer] [22mUser object: {
[2m[WebServer] [22m  id: [32m'6929e2de934d8e079e6f55b6'[39m,
[2m[WebServer] [22m  workEmail: [32m'engemp1.work@example.com'[39m,
[2m[WebServer] [22m  roles: [ [32m'department employee'[39m ],
[2m[WebServer] [22m  permissions: [],
[2m[WebServer] [22m  primaryDepartmentId: [32m'69275d8afc1184a3b3e6c55f'[39m,
[2m[WebServer] [22m  employeeNumber: [32m'EMP-1026'[39m
[2m[WebServer] [22m}
[2m[WebServer] [22mNormalized user roles: [ [32m'department employee'[39m ]
[2m[WebServer] [22mNormalized required roles: [
[2m[WebServer] [22m  [32m'department employee'[39m,
[2m[WebServer] [22m  [32m'hr employee'[39m,
[2m[WebServer] [22m  [32m'department head'[39m,
[2m[WebServer] [22m  [32m'hr manager'[39m,
[2m[WebServer] [22m  [32m'hr admin'[39m,
[2m[WebServer] [22m  [32m'system admin'[39m
[2m[WebServer] [22m]
[2m[WebServer] [22mHas required role? [33mtrue[39m
[2m[WebServer] [22mΓ£ö ACCESS GRANTED Γ£ö
[2m[WebServer] [22m≡ƒöì [TrackingController] getMyHistory: {
[2m[WebServer] [22m  filters: [Object: null prototype] {},
[2m[WebServer] [22m  userId: [32m'6929e2de934d8e079e6f55b6'[39m
[2m[WebServer] [22m}
Γ£à Login successful
≡ƒÆ░ Testing: REQ-017 (View balance), REQ-035 (Balance details)
[2m[WebServer] [22m GET /leaves/my-leaves [32m200[39m in 55ms[2m (compile: 4ms, render: 51ms)[22m
[2m[WebServer] [22m≡ƒöÑ JwtAuthGuard: canActivate CALLED
[2m[WebServer] [22m≡ƒöì JWT Extractor - All cookies: {
[2m[WebServer] [22m  accessToken: [32m'eyJhbGciOiJIUzI1NiIsInR5cCI6IkpXVCJ9.eyJzdWIiOiI2OTI5ZTJkZTkzNGQ4ZTA3OWU2ZjU1YjYiLCJ3b3JrRW1haWwiOiJlbmdlbXAxLndvcmtAZXhhbXBsZS5jb20iLCJyb2xlcyI6WyJkZXBhcnRtZW50IGVtcGxveWVlIl0sInBlcm1pc3Npb25zIjpbXSwicHJpbWFyeURlcGFydG1lbnRJZCI6IjY5Mjc1ZDhhZmMxMTg0YTNiM2U2YzU1ZiIsImVtcGxveWVlTnVtYmVyIjoiRU1QLTEwMjYiLCJpYXQiOjE3NjU5ODI4NDksImV4cCI6MTc2NjA2OTI0OX0.Nj0bcGp2igiznCXpGCNWVkb0NGbVTDQzQ_6uJE-nMRw'[39m
[2m[WebServer] [22m}
[2m[WebServer] [22m≡ƒöì JWT Extractor - Headers: accessToken=eyJhbGciOiJIUzI1NiIsInR5cCI6IkpXVCJ9.eyJzdWIiOiI2OTI5ZTJkZTkzNGQ4ZTA3OWU2ZjU1YjYiLCJ3b3JrRW1haWwiOiJlbmdlbXAxLndvcmtAZXhhbXBsZS5jb20iLCJyb2xlcyI6WyJkZXBhcnRtZW50IGVtcGxveWVlIl0sInBlcm1pc3Npb25zIjpbXSwicHJpbWFyeURlcGFydG1lbnRJZCI6IjY5Mjc1ZDhhZmMxMTg0YTNiM2U2YzU1ZiIsImVtcGxveWVlTnVtYmVyIjoiRU1QLTEwMjYiLCJpYXQiOjE3NjU5ODI4NDksImV4cCI6MTc2NjA2OTI0OX0.Nj0bcGp2igiznCXpGCNWVkb0NGbVTDQzQ_6uJE-nMRw
[2m[WebServer] [22m≡ƒöì JWT Extractor - accessToken: FOUND
[2m[WebServer] [22mJwtStrategy VALIDATE: {
[2m[WebServer] [22m  sub: [32m'6929e2de934d8e079e6f55b6'[39m,
[2m[WebServer] [22m  workEmail: [32m'engemp1.work@example.com'[39m,
[2m[WebServer] [22m  roles: [ [32m'department employee'[39m ],
[2m[WebServer] [22m  permissions: [],
[2m[WebServer] [22m  primaryDepartmentId: [32m'69275d8afc1184a3b3e6c55f'[39m,
[2m[WebServer] [22m  employeeNumber: [32m'EMP-1026'[39m,
[2m[WebServer] [22m  iat: [33m1765982849[39m,
[2m[WebServer] [22m  exp: [33m1766069249[39m
[2m[WebServer] [22m}
[2m[WebServer] [22m≡ƒöÑ JwtAuthGuard: handleRequest() {
[2m[WebServer] [22m  err: [1mnull[22m,
[2m[WebServer] [22m  user: {
[2m[WebServer] [22m    id: [32m'6929e2de934d8e079e6f55b6'[39m,
[2m[WebServer] [22m    workEmail: [32m'engemp1.work@example.com'[39m,
[2m[WebServer] [22m    roles: [ [32m'department employee'[39m ],
[2m[WebServer] [22m    permissions: [],
[2m[WebServer] [22m    primaryDepartmentId: [32m'69275d8afc1184a3b3e6c55f'[39m,
[2m[WebServer] [22m    employeeNumber: [32m'EMP-1026'[39m
[2m[WebServer] [22m  },
[2m[WebServer] [22m  info: [90mundefined[39m
[2m[WebServer] [22m}
[2m[WebServer] [22mΓ£à JwtAuthGuard SUCCESS ΓåÆ user authenticated: 6929e2de934d8e079e6f55b6
[2m[WebServer] [22m≡ƒöì [LeaveTypeController] findAll
[2m[WebServer] [22m≡ƒöÑ JwtAuthGuard: canActivate CALLED
[2m[WebServer] [22m≡ƒöì JWT Extractor - All cookies: {
[2m[WebServer] [22m  accessToken: [32m'eyJhbGciOiJIUzI1NiIsInR5cCI6IkpXVCJ9.eyJzdWIiOiI2OTI5ZTJkZTkzNGQ4ZTA3OWU2ZjU1YjYiLCJ3b3JrRW1haWwiOiJlbmdlbXAxLndvcmtAZXhhbXBsZS5jb20iLCJyb2xlcyI6WyJkZXBhcnRtZW50IGVtcGxveWVlIl0sInBlcm1pc3Npb25zIjpbXSwicHJpbWFyeURlcGFydG1lbnRJZCI6IjY5Mjc1ZDhhZmMxMTg0YTNiM2U2YzU1ZiIsImVtcGxveWVlTnVtYmVyIjoiRU1QLTEwMjYiLCJpYXQiOjE3NjU5ODI4NDksImV4cCI6MTc2NjA2OTI0OX0.Nj0bcGp2igiznCXpGCNWVkb0NGbVTDQzQ_6uJE-nMRw'[39m
[2m[WebServer] [22m}
[2m[WebServer] [22m≡ƒöì JWT Extractor - Headers: accessToken=eyJhbGciOiJIUzI1NiIsInR5cCI6IkpXVCJ9.eyJzdWIiOiI2OTI5ZTJkZTkzNGQ4ZTA3OWU2ZjU1YjYiLCJ3b3JrRW1haWwiOiJlbmdlbXAxLndvcmtAZXhhbXBsZS5jb20iLCJyb2xlcyI6WyJkZXBhcnRtZW50IGVtcGxveWVlIl0sInBlcm1pc3Npb25zIjpbXSwicHJpbWFyeURlcGFydG1lbnRJZCI6IjY5Mjc1ZDhhZmMxMTg0YTNiM2U2YzU1ZiIsImVtcGxveWVlTnVtYmVyIjoiRU1QLTEwMjYiLCJpYXQiOjE3NjU5ODI4NDksImV4cCI6MTc2NjA2OTI0OX0.Nj0bcGp2igiznCXpGCNWVkb0NGbVTDQzQ_6uJE-nMRw
[2m[WebServer] [22m≡ƒöì JWT Extractor - accessToken: FOUND
[2m[WebServer] [22mJwtStrategy VALIDATE: {
[2m[WebServer] [22m  sub: [32m'6929e2de934d8e079e6f55b6'[39m,
[2m[WebServer] [22m  workEmail: [32m'engemp1.work@example.com'[39m,
[2m[WebServer] [22m  roles: [ [32m'department employee'[39m ],
[2m[WebServer] [22m  permissions: [],
[2m[WebServer] [22m  primaryDepartmentId: [32m'69275d8afc1184a3b3e6c55f'[39m,
[2m[WebServer] [22m  employeeNumber: [32m'EMP-1026'[39m,
[2m[WebServer] [22m  iat: [33m1765982849[39m,
[2m[WebServer] [22m  exp: [33m1766069249[39m
[2m[WebServer] [22m}
[2m[WebServer] [22m≡ƒöÑ JwtAuthGuard: handleRequest() {
[2m[WebServer] [22m  err: [1mnull[22m,
[2m[WebServer] [22m  user: {
[2m[WebServer] [22m    id: [32m'6929e2de934d8e079e6f55b6'[39m,
[2m[WebServer] [22m    workEmail: [32m'engemp1.work@example.com'[39m,
[2m[WebServer] [22m    roles: [ [32m'department employee'[39m ],
[2m[WebServer] [22m    permissions: [],
[2m[WebServer] [22m    primaryDepartmentId: [32m'69275d8afc1184a3b3e6c55f'[39m,
[2m[WebServer] [22m    employeeNumber: [32m'EMP-1026'[39m
[2m[WebServer] [22m  },
[2m[WebServer] [22m  info: [90mundefined[39m
[2m[WebServer] [22m}
[2m[WebServer] [22mΓ£à JwtAuthGuard SUCCESS ΓåÆ user authenticated: 6929e2de934d8e079e6f55b6
[2m[WebServer] [22m≡ƒöÑ RolesGuard running!
[2m[WebServer] [22m
[2m[WebServer] [22m===== ROLE GUARD =====
[2m[WebServer] [22mRequired roles: [
[2m[WebServer] [22m  [32m'department employee'[39m,
[2m[WebServer] [22m  [32m'HR Employee'[39m,
[2m[WebServer] [22m  [32m'department head'[39m,
[2m[WebServer] [22m  [32m'HR Manager'[39m,
[2m[WebServer] [22m  [32m'HR Admin'[39m,
[2m[WebServer] [22m  [32m'System Admin'[39m
[2m[WebServer] [22m]
[2m[WebServer] [22mUser object: {
[2m[WebServer] [22m  id: [32m'6929e2de934d8e079e6f55b6'[39m,
[2m[WebServer] [22m  workEmail: [32m'engemp1.work@example.com'[39m,
[2m[WebServer] [22m  roles: [ [32m'department employee'[39m ],
[2m[WebServer] [22m  permissions: [],
[2m[WebServer] [22m  primaryDepartmentId: [32m'69275d8afc1184a3b3e6c55f'[39m,
[2m[WebServer] [22m  employeeNumber: [32m'EMP-1026'[39m
[2m[WebServer] [22m}
[2m[WebServer] [22mNormalized user roles: [ [32m'department employee'[39m ]
[2m[WebServer] [22mNormalized required roles: [
[2m[WebServer] [22m  [32m'department employee'[39m,
[2m[WebServer] [22m  [32m'hr employee'[39m,
[2m[WebServer] [22m  [32m'department head'[39m,
[2m[WebServer] [22m  [32m'hr manager'[39m,
[2m[WebServer] [22m  [32m'hr admin'[39m,
[2m[WebServer] [22m  [32m'system admin'[39m
[2m[WebServer] [22m]
[2m[WebServer] [22mHas required role? [33mtrue[39m
[2m[WebServer] [22mΓ£ö ACCESS GRANTED Γ£ö
[2m[WebServer] [22m≡ƒöì [TrackingController] getMyBalances: {
[2m[WebServer] [22m  query: [Object: null prototype] {},
[2m[WebServer] [22m  userId: [32m'6929e2de934d8e079e6f55b6'[39m
[2m[WebServer] [22m}
[2m[WebServer] [22m≡ƒöÑ JwtAuthGuard: canActivate CALLED
[2m[WebServer] [22m≡ƒöì JWT Extractor - All cookies: {
[2m[WebServer] [22m  accessToken: [32m'eyJhbGciOiJIUzI1NiIsInR5cCI6IkpXVCJ9.eyJzdWIiOiI2OTI5ZTJkZTkzNGQ4ZTA3OWU2ZjU1YjYiLCJ3b3JrRW1haWwiOiJlbmdlbXAxLndvcmtAZXhhbXBsZS5jb20iLCJyb2xlcyI6WyJkZXBhcnRtZW50IGVtcGxveWVlIl0sInBlcm1pc3Npb25zIjpbXSwicHJpbWFyeURlcGFydG1lbnRJZCI6IjY5Mjc1ZDhhZmMxMTg0YTNiM2U2YzU1ZiIsImVtcGxveWVlTnVtYmVyIjoiRU1QLTEwMjYiLCJpYXQiOjE3NjU5ODI4NDksImV4cCI6MTc2NjA2OTI0OX0.Nj0bcGp2igiznCXpGCNWVkb0NGbVTDQzQ_6uJE-nMRw'[39m
[2m[WebServer] [22m}
[2m[WebServer] [22m≡ƒöì JWT Extractor - Headers: accessToken=eyJhbGciOiJIUzI1NiIsInR5cCI6IkpXVCJ9.eyJzdWIiOiI2OTI5ZTJkZTkzNGQ4ZTA3OWU2ZjU1YjYiLCJ3b3JrRW1haWwiOiJlbmdlbXAxLndvcmtAZXhhbXBsZS5jb20iLCJyb2xlcyI6WyJkZXBhcnRtZW50IGVtcGxveWVlIl0sInBlcm1pc3Npb25zIjpbXSwicHJpbWFyeURlcGFydG1lbnRJZCI6IjY5Mjc1ZDhhZmMxMTg0YTNiM2U2YzU1ZiIsImVtcGxveWVlTnVtYmVyIjoiRU1QLTEwMjYiLCJpYXQiOjE3NjU5ODI4NDksImV4cCI6MTc2NjA2OTI0OX0.Nj0bcGp2igiznCXpGCNWVkb0NGbVTDQzQ_6uJE-nMRw
[2m[WebServer] [22m≡ƒöì JWT Extractor - accessToken: FOUND
[2m[WebServer] [22mJwtStrategy VALIDATE: {
[2m[WebServer] [22m  sub: [32m'6929e2de934d8e079e6f55b6'[39m,
[2m[WebServer] [22m  workEmail: [32m'engemp1.work@example.com'[39m,
[2m[WebServer] [22m  roles: [ [32m'department employee'[39m ],
[2m[WebServer] [22m  permissions: [],
[2m[WebServer] [22m  primaryDepartmentId: [32m'69275d8afc1184a3b3e6c55f'[39m,
[2m[WebServer] [22m  employeeNumber: [32m'EMP-1026'[39m,
[2m[WebServer] [22m  iat: [33m1765982849[39m,
[2m[WebServer] [22m  exp: [33m1766069249[39m
[2m[WebServer] [22m}
[2m[WebServer] [22m≡ƒöÑ JwtAuthGuard: handleRequest() {
[2m[WebServer] [22m  err: [1mnull[22m,
[2m[WebServer] [22m  user: {
[2m[WebServer] [22m    id: [32m'6929e2de934d8e079e6f55b6'[39m,
[2m[WebServer] [22m    workEmail: [32m'engemp1.work@example.com'[39m,
[2m[WebServer] [22m    roles: [ [32m'department employee'[39m ],
[2m[WebServer] [22m    permissions: [],
[2m[WebServer] [22m    primaryDepartmentId: [32m'69275d8afc1184a3b3e6c55f'[39m,
[2m[WebServer] [22m    employeeNumber: [32m'EMP-1026'[39m
[2m[WebServer] [22m  },
[2m[WebServer] [22m  info: [90mundefined[39m
[2m[WebServer] [22m}
[2m[WebServer] [22mΓ£à JwtAuthGuard SUCCESS ΓåÆ user authenticated: 6929e2de934d8e079e6f55b6
[2m[WebServer] [22m≡ƒöÑ RolesGuard running!
[2m[WebServer] [22m
[2m[WebServer] [22m===== ROLE GUARD =====
[2m[WebServer] [22mRequired roles: [
[2m[WebServer] [22m  [32m'department employee'[39m,
[2m[WebServer] [22m  [32m'HR Employee'[39m,
[2m[WebServer] [22m  [32m'department head'[39m,
[2m[WebServer] [22m  [32m'HR Manager'[39m,
[2m[WebServer] [22m  [32m'HR Admin'[39m,
[2m[WebServer] [22m  [32m'System Admin'[39m
[2m[WebServer] [22m]
[2m[WebServer] [22mUser object: {
[2m[WebServer] [22m  id: [32m'6929e2de934d8e079e6f55b6'[39m,
[2m[WebServer] [22m  workEmail: [32m'engemp1.work@example.com'[39m,
[2m[WebServer] [22m  roles: [ [32m'department employee'[39m ],
[2m[WebServer] [22m  permissions: [],
[2m[WebServer] [22m  primaryDepartmentId: [32m'69275d8afc1184a3b3e6c55f'[39m,
[2m[WebServer] [22m  employeeNumber: [32m'EMP-1026'[39m
[2m[WebServer] [22m}
[2m[WebServer] [22mNormalized user roles: [ [32m'department employee'[39m ]
[2m[WebServer] [22mNormalized required roles: [
[2m[WebServer] [22m  [32m'department employee'[39m,
[2m[WebServer] [22m  [32m'hr employee'[39m,
[2m[WebServer] [22m  [32m'department head'[39m,
[2m[WebServer] [22m  [32m'hr manager'[39m,
[2m[WebServer] [22m  [32m'hr admin'[39m,
[2m[WebServer] [22m  [32m'system admin'[39m
[2m[WebServer] [22m]
[2m[WebServer] [22mHas required role? [33mtrue[39m
[2m[WebServer] [22mΓ£ö ACCESS GRANTED Γ£ö
[2m[WebServer] [22m≡ƒöì [RequestsController] getMyRequests: { userId: [90mundefined[39m }
Γ£à Balance view accessible - REQ-017, REQ-035 validated
  Γ£ô   2 [chromium] ΓÇ║ leave-tests.spec.ts:143:7 ΓÇ║ ≡ƒÖï EMPLOYEE 1 (EMP-1026 - Engineering) - All Scenarios ΓÇ║ Γ£à A2: View leave balances (REQ-017, REQ-035) (9.2s)
≡ƒöÉ Logging in as: engemp1.work@example.com
[2m[WebServer] [22m GET /login [32m200[39m in 43ms[2m (compile: 3ms, render: 40ms)[22m
[2m[WebServer] [22m≡ƒöÑ JwtAuthGuard: canActivate CALLED
[2m[WebServer] [22m≡ƒöì JWT Extractor - All cookies: [Object: null prototype] {}
[2m[WebServer] [22m≡ƒöì JWT Extractor - Headers: [90mundefined[39m
[2m[WebServer] [22m≡ƒöì JWT Extractor - accessToken: NOT FOUND
[2m[WebServer] [22m≡ƒöÑ JwtAuthGuard: handleRequest() {
[2m[WebServer] [22m  err: [1mnull[22m,
[2m[WebServer] [22m  user: [33mfalse[39m,
[2m[WebServer] [22m  info: Error: No auth token
[2m[WebServer] [22m      at JwtStrategy.authenticate [90m(C:\Users\Bedon\Desktop\semester-5-software-project\backend\[39mnode_modules\[4mpassport-jwt[24m\lib\strategy.js:96:26[90m)[39m
[2m[WebServer] [22m      at attempt [90m(C:\Users\Bedon\Desktop\semester-5-software-project\backend\[39mnode_modules\[4mpassport[24m\lib\middleware\authenticate.js:378:16[90m)[39m
[2m[WebServer] [22m      at authenticate [90m(C:\Users\Bedon\Desktop\semester-5-software-project\backend\[39mnode_modules\[4mpassport[24m\lib\middleware\authenticate.js:379:7[90m)[39m
[2m[WebServer] [22m      at [90mC:\Users\Bedon\Desktop\semester-5-software-project\backend\[39mnode_modules\[4m@nestjs[24m\passport\dist\auth.guard.js:88:3
[2m[WebServer] [22m      at new Promise (<anonymous>)
[2m[WebServer] [22m      at [90mC:\Users\Bedon\Desktop\semester-5-software-project\backend\[39mnode_modules\[4m@nestjs[24m\passport\dist\auth.guard.js:80:83
[2m[WebServer] [22m      at JwtAuthGuard.canActivate [90m(C:\Users\Bedon\Desktop\semester-5-software-project\backend\[39mnode_modules\[4m@nestjs[24m\passport\dist\auth.guard.js:44:32[90m)[39m
[2m[WebServer] [22m  [90m    at process.processTicksAndRejections (node:internal/process/task_queues:105:5)[39m
[2m[WebServer] [22m}
[2m[WebServer] [22mΓ¥î JwtAuthGuard INFO: Error: No auth token
[2m[WebServer] [22m    at JwtStrategy.authenticate 
[90m(C:\Users\Bedon\Desktop\semester-5-software-project\backend\[39mnode_modules\[4mpassport-jwt[24m\lib\strategy.js:96:26[90m)[39m
[2m[WebServer] [22m    at attempt [90m(C:\Users\Bedon\Desktop\semester-5-software-project\backend\[39mnode_modules\[4mpassport[24m\lib\mi
ddleware\authenticate.js:378:16[90m)[39m
[2m[WebServer] [22m    at authenticate [90m(C:\Users\Bedon\Desktop\semester-5-software-project\backend\[39mnode_modules\[4mpassport[24m\l
ib\middleware\authenticate.js:379:7[90m)[39m
[2m[WebServer] [22m    at 
[90mC:\Users\Bedon\Desktop\semester-5-software-project\backend\[39mnode_modules\[4m@nestjs[24m\passport\dist\auth.guard.js:88:3
[2m[WebServer] [22m    at new Promise (<anonymous>)
[2m[WebServer] [22m    at 
[90mC:\Users\Bedon\Desktop\semester-5-software-project\backend\[39mnode_modules\[4m@nestjs[24m\passport\dist\auth.guard.js:80:83
[2m[WebServer] [22m    at JwtAuthGuard.canActivate [90m(C:\Users\Bedon\Desktop\semester-5-software-project\backend\[39mnode_modules\[4m@ne
stjs[24m\passport\dist\auth.guard.js:44:32[90m)[39m
[2m[WebServer] [22m[90m    at process.processTicksAndRejections (node:internal/process/task_queues:105:5)[39m
[2m[WebServer] [22mΓ¥î JwtAuthGuard FAILING ΓåÆ No auth token
[2m[WebServer] [22mVALIDATE EMPLOYEE - systemRole = {
[2m[WebServer] [22m  _id: new ObjectId([32m'6929e2de934d8e079e6f55b8'[39m),
[2m[WebServer] [22m  employeeProfileId: new ObjectId([32m'6929e2de934d8e079e6f55b6'[39m),
[2m[WebServer] [22m  roles: [ [32m'department employee'[39m ],
[2m[WebServer] [22m  permissions: [],
[2m[WebServer] [22m  isActive: [33mtrue[39m,
[2m[WebServer] [22m  createdAt: [35m2025-11-28T17:58:54.894Z[39m,
[2m[WebServer] [22m  updatedAt: [35m2025-11-28T17:58:54.894Z[39m,
[2m[WebServer] [22m  __v: [33m0[39m
[2m[WebServer] [22m}
[2m[WebServer] [22mGenerated token: eyJhbGciOiJIUzI1NiIsInR5cCI6IkpXVCJ9.eyJzdWIiOiI2OTI5ZTJkZTkzNGQ4ZTA3OWU2ZjU1YjYiLCJ3b3JrRW1haWwiOiJlbmdlbXAxLndvcmtAZXhhbXBsZS5jb20iLCJyb2xlcyI6WyJkZXBhcnRtZW50IGVtcGxveWVlIl0sInBlcm1pc3Npb25zIjpbXSwicHJpbWFyeURlcGFydG1lbnRJZCI6IjY5Mjc1ZDhhZmMxMTg0YTNiM2U2YzU1ZiIsImVtcGxveWVlTnVtYmVyIjoiRU1QLTEwMjYiLCJpYXQiOjE3NjU5ODI4NTgsImV4cCI6MTc2NjA2OTI1OH0.m6fWictMz-L7U6wS9wC7Vi_c9N83t7BWfAl7ckUo8Uk
[2m[WebServer] [22m GET /leaves [32m200[39m in 23ms[2m (compile: 5ms, render: 19ms)[22m
[2m[WebServer] [22m≡ƒöÑ JwtAuthGuard: canActivate CALLED
[2m[WebServer] [22m≡ƒöì JWT Extractor - All cookies: {
[2m[WebServer] [22m  accessToken: [32m'eyJhbGciOiJIUzI1NiIsInR5cCI6IkpXVCJ9.eyJzdWIiOiI2OTI5ZTJkZTkzNGQ4ZTA3OWU2ZjU1YjYiLCJ3b3JrRW1haWwiOiJlbmdlbXAxLndvcmtAZXhhbXBsZS5jb20iLCJyb2xlcyI6WyJkZXBhcnRtZW50IGVtcGxveWVlIl0sInBlcm1pc3Npb25zIjpbXSwicHJpbWFyeURlcGFydG1lbnRJZCI6IjY5Mjc1ZDhhZmMxMTg0YTNiM2U2YzU1ZiIsImVtcGxveWVlTnVtYmVyIjoiRU1QLTEwMjYiLCJpYXQiOjE3NjU5ODI4NTgsImV4cCI6MTc2NjA2OTI1OH0.m6fWictMz-L7U6wS9wC7Vi_c9N83t7BWfAl7ckUo8Uk'[39m
[2m[WebServer] [22m}
[2m[WebServer] [22m≡ƒöì JWT Extractor - Headers: accessToken=eyJhbGciOiJIUzI1NiIsInR5cCI6IkpXVCJ9.eyJzdWIiOiI2OTI5ZTJkZTkzNGQ4ZTA3OWU2ZjU1YjYiLCJ3b3JrRW1haWwiOiJlbmdlbXAxLndvcmtAZXhhbXBsZS5jb20iLCJyb2xlcyI6WyJkZXBhcnRtZW50IGVtcGxveWVlIl0sInBlcm1pc3Npb25zIjpbXSwicHJpbWFyeURlcGFydG1lbnRJZCI6IjY5Mjc1ZDhhZmMxMTg0YTNiM2U2YzU1ZiIsImVtcGxveWVlTnVtYmVyIjoiRU1QLTEwMjYiLCJpYXQiOjE3NjU5ODI4NTgsImV4cCI6MTc2NjA2OTI1OH0.m6fWictMz-L7U6wS9wC7Vi_c9N83t7BWfAl7ckUo8Uk
[2m[WebServer] [22m≡ƒöì JWT Extractor - accessToken: FOUND
[2m[WebServer] [22mJwtStrategy VALIDATE: {
[2m[WebServer] [22m  sub: [32m'6929e2de934d8e079e6f55b6'[39m,
[2m[WebServer] [22m  workEmail: [32m'engemp1.work@example.com'[39m,
[2m[WebServer] [22m  roles: [ [32m'department employee'[39m ],
[2m[WebServer] [22m  permissions: [],
[2m[WebServer] [22m  primaryDepartmentId: [32m'69275d8afc1184a3b3e6c55f'[39m,
[2m[WebServer] [22m  employeeNumber: [32m'EMP-1026'[39m,
[2m[WebServer] [22m  iat: [33m1765982858[39m,
[2m[WebServer] [22m  exp: [33m1766069258[39m
[2m[WebServer] [22m}
[2m[WebServer] [22m≡ƒöÑ JwtAuthGuard: handleRequest() {
[2m[WebServer] [22m  err: [1mnull[22m,
[2m[WebServer] [22m  user: {
[2m[WebServer] [22m    id: [32m'6929e2de934d8e079e6f55b6'[39m,
[2m[WebServer] [22m    workEmail: [32m'engemp1.work@example.com'[39m,
[2m[WebServer] [22m    roles: [ [32m'department employee'[39m ],
[2m[WebServer] [22m    permissions: [],
[2m[WebServer] [22m    primaryDepartmentId: [32m'69275d8afc1184a3b3e6c55f'[39m,
[2m[WebServer] [22m    employeeNumber: [32m'EMP-1026'[39m
[2m[WebServer] [22m  },
[2m[WebServer] [22m  info: [90mundefined[39m
[2m[WebServer] [22m}
[2m[WebServer] [22mΓ£à JwtAuthGuard SUCCESS ΓåÆ user authenticated: 6929e2de934d8e079e6f55b6
[2m[WebServer] [22m≡ƒöÑ RolesGuard running!
[2m[WebServer] [22m
[2m[WebServer] [22m===== ROLE GUARD =====
[2m[WebServer] [22mRequired roles: [
[2m[WebServer] [22m  [32m'department employee'[39m,
[2m[WebServer] [22m  [32m'HR Employee'[39m,
[2m[WebServer] [22m  [32m'department head'[39m,
[2m[WebServer] [22m  [32m'HR Manager'[39m,
[2m[WebServer] [22m  [32m'HR Admin'[39m,
[2m[WebServer] [22m  [32m'System Admin'[39m
[2m[WebServer] [22m]
[2m[WebServer] [22mUser object: {
[2m[WebServer] [22m  id: [32m'6929e2de934d8e079e6f55b6'[39m,
[2m[WebServer] [22m  workEmail: [32m'engemp1.work@example.com'[39m,
[2m[WebServer] [22m  roles: [ [32m'department employee'[39m ],
[2m[WebServer] [22m  permissions: [],
[2m[WebServer] [22m  primaryDepartmentId: [32m'69275d8afc1184a3b3e6c55f'[39m,
[2m[WebServer] [22m  employeeNumber: [32m'EMP-1026'[39m
[2m[WebServer] [22m}
[2m[WebServer] [22mNormalized user roles: [ [32m'department employee'[39m ]
[2m[WebServer] [22mNormalized required roles: [
[2m[WebServer] [22m  [32m'department employee'[39m,
[2m[WebServer] [22m  [32m'hr employee'[39m,
[2m[WebServer] [22m  [32m'department head'[39m,
[2m[WebServer] [22m  [32m'hr manager'[39m,
[2m[WebServer] [22m  [32m'hr admin'[39m,
[2m[WebServer] [22m  [32m'system admin'[39m
[2m[WebServer] [22m]
[2m[WebServer] [22mHas required role? [33mtrue[39m
[2m[WebServer] [22mΓ£ö ACCESS GRANTED Γ£ö
[2m[WebServer] [22m≡ƒöì [TrackingController] getMyBalances: {
[2m[WebServer] [22m  query: [Object: null prototype] {},
[2m[WebServer] [22m  userId: [32m'6929e2de934d8e079e6f55b6'[39m
[2m[WebServer] [22m}
[2m[WebServer] [22m≡ƒöÑ JwtAuthGuard: canActivate CALLED
[2m[WebServer] [22m≡ƒöì JWT Extractor - All cookies: {
[2m[WebServer] [22m  accessToken: [32m'eyJhbGciOiJIUzI1NiIsInR5cCI6IkpXVCJ9.eyJzdWIiOiI2OTI5ZTJkZTkzNGQ4ZTA3OWU2ZjU1YjYiLCJ3b3JrRW1haWwiOiJlbmdlbXAxLndvcmtAZXhhbXBsZS5jb20iLCJyb2xlcyI6WyJkZXBhcnRtZW50IGVtcGxveWVlIl0sInBlcm1pc3Npb25zIjpbXSwicHJpbWFyeURlcGFydG1lbnRJZCI6IjY5Mjc1ZDhhZmMxMTg0YTNiM2U2YzU1ZiIsImVtcGxveWVlTnVtYmVyIjoiRU1QLTEwMjYiLCJpYXQiOjE3NjU5ODI4NTgsImV4cCI6MTc2NjA2OTI1OH0.m6fWictMz-L7U6wS9wC7Vi_c9N83t7BWfAl7ckUo8Uk'[39m
[2m[WebServer] [22m}
[2m[WebServer] [22m≡ƒöì JWT Extractor - Headers: accessToken=eyJhbGciOiJIUzI1NiIsInR5cCI6IkpXVCJ9.eyJzdWIiOiI2OTI5ZTJkZTkzNGQ4ZTA3OWU2ZjU1YjYiLCJ3b3JrRW1haWwiOiJlbmdlbXAxLndvcmtAZXhhbXBsZS5jb20iLCJyb2xlcyI6WyJkZXBhcnRtZW50IGVtcGxveWVlIl0sInBlcm1pc3Npb25zIjpbXSwicHJpbWFyeURlcGFydG1lbnRJZCI6IjY5Mjc1ZDhhZmMxMTg0YTNiM2U2YzU1ZiIsImVtcGxveWVlTnVtYmVyIjoiRU1QLTEwMjYiLCJpYXQiOjE3NjU5ODI4NTgsImV4cCI6MTc2NjA2OTI1OH0.m6fWictMz-L7U6wS9wC7Vi_c9N83t7BWfAl7ckUo8Uk
[2m[WebServer] [22m≡ƒöì JWT Extractor - accessToken: FOUND
[2m[WebServer] [22mJwtStrategy VALIDATE: {
[2m[WebServer] [22m  sub: [32m'6929e2de934d8e079e6f55b6'[39m,
[2m[WebServer] [22m  workEmail: [32m'engemp1.work@example.com'[39m,
[2m[WebServer] [22m  roles: [ [32m'department employee'[39m ],
[2m[WebServer] [22m  permissions: [],
[2m[WebServer] [22m  primaryDepartmentId: [32m'69275d8afc1184a3b3e6c55f'[39m,
[2m[WebServer] [22m  employeeNumber: [32m'EMP-1026'[39m,
[2m[WebServer] [22m  iat: [33m1765982858[39m,
[2m[WebServer] [22m  exp: [33m1766069258[39m
[2m[WebServer] [22m}
[2m[WebServer] [22m≡ƒöÑ JwtAuthGuard: handleRequest() {
[2m[WebServer] [22m  err: [1mnull[22m,
[2m[WebServer] [22m  user: {
[2m[WebServer] [22m    id: [32m'6929e2de934d8e079e6f55b6'[39m,
[2m[WebServer] [22m    workEmail: [32m'engemp1.work@example.com'[39m,
[2m[WebServer] [22m    roles: [ [32m'department employee'[39m ],
[2m[WebServer] [22m    permissions: [],
[2m[WebServer] [22m    primaryDepartmentId: [32m'69275d8afc1184a3b3e6c55f'[39m,
[2m[WebServer] [22m    employeeNumber: [32m'EMP-1026'[39m
[2m[WebServer] [22m  },
[2m[WebServer] [22m  info: [90mundefined[39m
[2m[WebServer] [22m}
[2m[WebServer] [22mΓ£à JwtAuthGuard SUCCESS ΓåÆ user authenticated: 6929e2de934d8e079e6f55b6
[2m[WebServer] [22m≡ƒöÑ RolesGuard running!
[2m[WebServer] [22m
[2m[WebServer] [22m===== ROLE GUARD =====
[2m[WebServer] [22mRequired roles: [
[2m[WebServer] [22m  [32m'department employee'[39m,
[2m[WebServer] [22m  [32m'HR Employee'[39m,
[2m[WebServer] [22m  [32m'department head'[39m,
[2m[WebServer] [22m  [32m'HR Manager'[39m,
[2m[WebServer] [22m  [32m'HR Admin'[39m,
[2m[WebServer] [22m  [32m'System Admin'[39m
[2m[WebServer] [22m]
[2m[WebServer] [22mUser object: {
[2m[WebServer] [22m  id: [32m'6929e2de934d8e079e6f55b6'[39m,
[2m[WebServer] [22m  workEmail: [32m'engemp1.work@example.com'[39m,
[2m[WebServer] [22m  roles: [ [32m'department employee'[39m ],
[2m[WebServer] [22m  permissions: [],
[2m[WebServer] [22m  primaryDepartmentId: [32m'69275d8afc1184a3b3e6c55f'[39m,
[2m[WebServer] [22m  employeeNumber: [32m'EMP-1026'[39m
[2m[WebServer] [22m}
[2m[WebServer] [22mNormalized user roles: [ [32m'department employee'[39m ]
[2m[WebServer] [22mNormalized required roles: [
[2m[WebServer] [22m  [32m'department employee'[39m,
[2m[WebServer] [22m  [32m'hr employee'[39m,
[2m[WebServer] [22m  [32m'department head'[39m,
[2m[WebServer] [22m  [32m'hr manager'[39m,
[2m[WebServer] [22m  [32m'hr admin'[39m,
[2m[WebServer] [22m  [32m'system admin'[39m
[2m[WebServer] [22m]
[2m[WebServer] [22mHas required role? [33mtrue[39m
[2m[WebServer] [22mΓ£ö ACCESS GRANTED Γ£ö
[2m[WebServer] [22m≡ƒöì [TrackingController] getMyHistory: {
[2m[WebServer] [22m  filters: [Object: null prototype] {},
[2m[WebServer] [22m  userId: [32m'6929e2de934d8e079e6f55b6'[39m
[2m[WebServer] [22m}
Γ£à Login successful
≡ƒôï Testing: REQ-026 (History), REQ-027 (Request tracking)
[2m[WebServer] [22m GET /leaves/my-leaves [32m200[39m in 67ms[2m (compile: 12ms, render: 55ms)[22m
[2m[WebServer] [22m≡ƒöÑ JwtAuthGuard: canActivate CALLED
[2m[WebServer] [22m≡ƒöì JWT Extractor - All cookies: {
[2m[WebServer] [22m  accessToken: [32m'eyJhbGciOiJIUzI1NiIsInR5cCI6IkpXVCJ9.eyJzdWIiOiI2OTI5ZTJkZTkzNGQ4ZTA3OWU2ZjU1YjYiLCJ3b3JrRW1haWwiOiJlbmdlbXAxLndvcmtAZXhhbXBsZS5jb20iLCJyb2xlcyI6WyJkZXBhcnRtZW50IGVtcGxveWVlIl0sInBlcm1pc3Npb25zIjpbXSwicHJpbWFyeURlcGFydG1lbnRJZCI6IjY5Mjc1ZDhhZmMxMTg0YTNiM2U2YzU1ZiIsImVtcGxveWVlTnVtYmVyIjoiRU1QLTEwMjYiLCJpYXQiOjE3NjU5ODI4NTgsImV4cCI6MTc2NjA2OTI1OH0.m6fWictMz-L7U6wS9wC7Vi_c9N83t7BWfAl7ckUo8Uk'[39m
[2m[WebServer] [22m}
[2m[WebServer] [22m≡ƒöì JWT Extractor - Headers: accessToken=eyJhbGciOiJIUzI1NiIsInR5cCI6IkpXVCJ9.eyJzdWIiOiI2OTI5ZTJkZTkzNGQ4ZTA3OWU2ZjU1YjYiLCJ3b3JrRW1haWwiOiJlbmdlbXAxLndvcmtAZXhhbXBsZS5jb20iLCJyb2xlcyI6WyJkZXBhcnRtZW50IGVtcGxveWVlIl0sInBlcm1pc3Npb25zIjpbXSwicHJpbWFyeURlcGFydG1lbnRJZCI6IjY5Mjc1ZDhhZmMxMTg0YTNiM2U2YzU1ZiIsImVtcGxveWVlTnVtYmVyIjoiRU1QLTEwMjYiLCJpYXQiOjE3NjU5ODI4NTgsImV4cCI6MTc2NjA2OTI1OH0.m6fWictMz-L7U6wS9wC7Vi_c9N83t7BWfAl7ckUo8Uk
[2m[WebServer] [22m≡ƒöì JWT Extractor - accessToken: FOUND
[2m[WebServer] [22mJwtStrategy VALIDATE: {
[2m[WebServer] [22m  sub: [32m'6929e2de934d8e079e6f55b6'[39m,
[2m[WebServer] [22m  workEmail: [32m'engemp1.work@example.com'[39m,
[2m[WebServer] [22m  roles: [ [32m'department employee'[39m ],
[2m[WebServer] [22m  permissions: [],
[2m[WebServer] [22m  primaryDepartmentId: [32m'69275d8afc1184a3b3e6c55f'[39m,
[2m[WebServer] [22m  employeeNumber: [32m'EMP-1026'[39m,
[2m[WebServer] [22m  iat: [33m1765982858[39m,
[2m[WebServer] [22m  exp: [33m1766069258[39m
[2m[WebServer] [22m}
[2m[WebServer] [22m≡ƒöÑ JwtAuthGuard: handleRequest() {
[2m[WebServer] [22m  err: [1mnull[22m,
[2m[WebServer] [22m  user: {
[2m[WebServer] [22m    id: [32m'6929e2de934d8e079e6f55b6'[39m,
[2m[WebServer] [22m    workEmail: [32m'engemp1.work@example.com'[39m,
[2m[WebServer] [22m    roles: [ [32m'department employee'[39m ],
[2m[WebServer] [22m    permissions: [],
[2m[WebServer] [22m    primaryDepartmentId: [32m'69275d8afc1184a3b3e6c55f'[39m,
[2m[WebServer] [22m    employeeNumber: [32m'EMP-1026'[39m
[2m[WebServer] [22m  },
[2m[WebServer] [22m  info: [90mundefined[39m
[2m[WebServer] [22m}
[2m[WebServer] [22mΓ£à JwtAuthGuard SUCCESS ΓåÆ user authenticated: 6929e2de934d8e079e6f55b6
[2m[WebServer] [22m≡ƒöì [LeaveTypeController] findAll
[2m[WebServer] [22m≡ƒöÑ JwtAuthGuard: canActivate CALLED
[2m[WebServer] [22m≡ƒöì JWT Extractor - All cookies: {
[2m[WebServer] [22m  accessToken: [32m'eyJhbGciOiJIUzI1NiIsInR5cCI6IkpXVCJ9.eyJzdWIiOiI2OTI5ZTJkZTkzNGQ4ZTA3OWU2ZjU1YjYiLCJ3b3JrRW1haWwiOiJlbmdlbXAxLndvcmtAZXhhbXBsZS5jb20iLCJyb2xlcyI6WyJkZXBhcnRtZW50IGVtcGxveWVlIl0sInBlcm1pc3Npb25zIjpbXSwicHJpbWFyeURlcGFydG1lbnRJZCI6IjY5Mjc1ZDhhZmMxMTg0YTNiM2U2YzU1ZiIsImVtcGxveWVlTnVtYmVyIjoiRU1QLTEwMjYiLCJpYXQiOjE3NjU5ODI4NTgsImV4cCI6MTc2NjA2OTI1OH0.m6fWictMz-L7U6wS9wC7Vi_c9N83t7BWfAl7ckUo8Uk'[39m
[2m[WebServer] [22m}
[2m[WebServer] [22m≡ƒöì JWT Extractor - Headers: accessToken=eyJhbGciOiJIUzI1NiIsInR5cCI6IkpXVCJ9.eyJzdWIiOiI2OTI5ZTJkZTkzNGQ4ZTA3OWU2ZjU1YjYiLCJ3b3JrRW1haWwiOiJlbmdlbXAxLndvcmtAZXhhbXBsZS5jb20iLCJyb2xlcyI6WyJkZXBhcnRtZW50IGVtcGxveWVlIl0sInBlcm1pc3Npb25zIjpbXSwicHJpbWFyeURlcGFydG1lbnRJZCI6IjY5Mjc1ZDhhZmMxMTg0YTNiM2U2YzU1ZiIsImVtcGxveWVlTnVtYmVyIjoiRU1QLTEwMjYiLCJpYXQiOjE3NjU5ODI4NTgsImV4cCI6MTc2NjA2OTI1OH0.m6fWictMz-L7U6wS9wC7Vi_c9N83t7BWfAl7ckUo8Uk
[2m[WebServer] [22m≡ƒöì JWT Extractor - accessToken: FOUND
[2m[WebServer] [22mJwtStrategy VALIDATE: {
[2m[WebServer] [22m  sub: [32m'6929e2de934d8e079e6f55b6'[39m,
[2m[WebServer] [22m  workEmail: [32m'engemp1.work@example.com'[39m,
[2m[WebServer] [22m  roles: [ [32m'department employee'[39m ],
[2m[WebServer] [22m  permissions: [],
[2m[WebServer] [22m  primaryDepartmentId: [32m'69275d8afc1184a3b3e6c55f'[39m,
[2m[WebServer] [22m  employeeNumber: [32m'EMP-1026'[39m,
[2m[WebServer] [22m  iat: [33m1765982858[39m,
[2m[WebServer] [22m  exp: [33m1766069258[39m
[2m[WebServer] [22m}
[2m[WebServer] [22m≡ƒöÑ JwtAuthGuard: handleRequest() {
[2m[WebServer] [22m  err: [1mnull[22m,
[2m[WebServer] [22m  user: {
[2m[WebServer] [22m    id: [32m'6929e2de934d8e079e6f55b6'[39m,
[2m[WebServer] [22m    workEmail: [32m'engemp1.work@example.com'[39m,
[2m[WebServer] [22m    roles: [ [32m'department employee'[39m ],
[2m[WebServer] [22m    permissions: [],
[2m[WebServer] [22m    primaryDepartmentId: [32m'69275d8afc1184a3b3e6c55f'[39m,
[2m[WebServer] [22m    employeeNumber: [32m'EMP-1026'[39m
[2m[WebServer] [22m  },
[2m[WebServer] [22m  info: [90mundefined[39m
[2m[WebServer] [22m}
[2m[WebServer] [22mΓ£à JwtAuthGuard SUCCESS ΓåÆ user authenticated: 6929e2de934d8e079e6f55b6
[2m[WebServer] [22m≡ƒöÑ RolesGuard running!
[2m[WebServer] [22m
[2m[WebServer] [22m===== ROLE GUARD =====
[2m[WebServer] [22mRequired roles: [
[2m[WebServer] [22m  [32m'department employee'[39m,
[2m[WebServer] [22m  [32m'HR Employee'[39m,
[2m[WebServer] [22m  [32m'department head'[39m,
[2m[WebServer] [22m  [32m'HR Manager'[39m,
[2m[WebServer] [22m  [32m'HR Admin'[39m,
[2m[WebServer] [22m  [32m'System Admin'[39m
[2m[WebServer] [22m]
[2m[WebServer] [22mUser object: {
[2m[WebServer] [22m  id: [32m'6929e2de934d8e079e6f55b6'[39m,
[2m[WebServer] [22m  workEmail: [32m'engemp1.work@example.com'[39m,
[2m[WebServer] [22m  roles: [ [32m'department employee'[39m ],
[2m[WebServer] [22m  permissions: [],
[2m[WebServer] [22m  primaryDepartmentId: [32m'69275d8afc1184a3b3e6c55f'[39m,
[2m[WebServer] [22m  employeeNumber: [32m'EMP-1026'[39m
[2m[WebServer] [22m}
[2m[WebServer] [22mNormalized user roles: [ [32m'department employee'[39m ]
[2m[WebServer] [22mNormalized required roles: [
[2m[WebServer] [22m  [32m'department employee'[39m,
[2m[WebServer] [22m  [32m'hr employee'[39m,
[2m[WebServer] [22m  [32m'department head'[39m,
[2m[WebServer] [22m  [32m'hr manager'[39m,
[2m[WebServer] [22m  [32m'hr admin'[39m,
[2m[WebServer] [22m  [32m'system admin'[39m
[2m[WebServer] [22m]
[2m[WebServer] [22mHas required role? [33mtrue[39m
[2m[WebServer] [22mΓ£ö ACCESS GRANTED Γ£ö
[2m[WebServer] [22m≡ƒöì [TrackingController] getMyBalances: {
[2m[WebServer] [22m  query: [Object: null prototype] {},
[2m[WebServer] [22m  userId: [32m'6929e2de934d8e079e6f55b6'[39m
[2m[WebServer] [22m}
[2m[WebServer] [22m≡ƒöÑ JwtAuthGuard: canActivate CALLED
[2m[WebServer] [22m≡ƒöì JWT Extractor - All cookies: {
[2m[WebServer] [22m  accessToken: [32m'eyJhbGciOiJIUzI1NiIsInR5cCI6IkpXVCJ9.eyJzdWIiOiI2OTI5ZTJkZTkzNGQ4ZTA3OWU2ZjU1YjYiLCJ3b3JrRW1haWwiOiJlbmdlbXAxLndvcmtAZXhhbXBsZS5jb20iLCJyb2xlcyI6WyJkZXBhcnRtZW50IGVtcGxveWVlIl0sInBlcm1pc3Npb25zIjpbXSwicHJpbWFyeURlcGFydG1lbnRJZCI6IjY5Mjc1ZDhhZmMxMTg0YTNiM2U2YzU1ZiIsImVtcGxveWVlTnVtYmVyIjoiRU1QLTEwMjYiLCJpYXQiOjE3NjU5ODI4NTgsImV4cCI6MTc2NjA2OTI1OH0.m6fWictMz-L7U6wS9wC7Vi_c9N83t7BWfAl7ckUo8Uk'[39m
[2m[WebServer] [22m}
[2m[WebServer] [22m≡ƒöì JWT Extractor - Headers: accessToken=eyJhbGciOiJIUzI1NiIsInR5cCI6IkpXVCJ9.eyJzdWIiOiI2OTI5ZTJkZTkzNGQ4ZTA3OWU2ZjU1YjYiLCJ3b3JrRW1haWwiOiJlbmdlbXAxLndvcmtAZXhhbXBsZS5jb20iLCJyb2xlcyI6WyJkZXBhcnRtZW50IGVtcGxveWVlIl0sInBlcm1pc3Npb25zIjpbXSwicHJpbWFyeURlcGFydG1lbnRJZCI6IjY5Mjc1ZDhhZmMxMTg0YTNiM2U2YzU1ZiIsImVtcGxveWVlTnVtYmVyIjoiRU1QLTEwMjYiLCJpYXQiOjE3NjU5ODI4NTgsImV4cCI6MTc2NjA2OTI1OH0.m6fWictMz-L7U6wS9wC7Vi_c9N83t7BWfAl7ckUo8Uk
[2m[WebServer] [22m≡ƒöì JWT Extractor - accessToken: FOUND
[2m[WebServer] [22mJwtStrategy VALIDATE: {
[2m[WebServer] [22m  sub: [32m'6929e2de934d8e079e6f55b6'[39m,
[2m[WebServer] [22m  workEmail: [32m'engemp1.work@example.com'[39m,
[2m[WebServer] [22m  roles: [ [32m'department employee'[39m ],
[2m[WebServer] [22m  permissions: [],
[2m[WebServer] [22m  primaryDepartmentId: [32m'69275d8afc1184a3b3e6c55f'[39m,
[2m[WebServer] [22m  employeeNumber: [32m'EMP-1026'[39m,
[2m[WebServer] [22m  iat: [33m1765982858[39m,
[2m[WebServer] [22m  exp: [33m1766069258[39m
[2m[WebServer] [22m}
[2m[WebServer] [22m≡ƒöÑ JwtAuthGuard: handleRequest() {
[2m[WebServer] [22m  err: [1mnull[22m,
[2m[WebServer] [22m  user: {
[2m[WebServer] [22m    id: [32m'6929e2de934d8e079e6f55b6'[39m,
[2m[WebServer] [22m    workEmail: [32m'engemp1.work@example.com'[39m,
[2m[WebServer] [22m    roles: [ [32m'department employee'[39m ],
[2m[WebServer] [22m    permissions: [],
[2m[WebServer] [22m    primaryDepartmentId: [32m'69275d8afc1184a3b3e6c55f'[39m,
[2m[WebServer] [22m    employeeNumber: [32m'EMP-1026'[39m
[2m[WebServer] [22m  },
[2m[WebServer] [22m  info: [90mundefined[39m
[2m[WebServer] [22m}
[2m[WebServer] [22mΓ£à JwtAuthGuard SUCCESS ΓåÆ user authenticated: 6929e2de934d8e079e6f55b6
[2m[WebServer] [22m≡ƒöÑ RolesGuard running!
[2m[WebServer] [22m
[2m[WebServer] [22m===== ROLE GUARD =====
[2m[WebServer] [22mRequired roles: [
[2m[WebServer] [22m  [32m'department employee'[39m,
[2m[WebServer] [22m  [32m'HR Employee'[39m,
[2m[WebServer] [22m  [32m'department head'[39m,
[2m[WebServer] [22m  [32m'HR Manager'[39m,
[2m[WebServer] [22m  [32m'HR Admin'[39m,
[2m[WebServer] [22m  [32m'System Admin'[39m
[2m[WebServer] [22m]
[2m[WebServer] [22mUser object: {
[2m[WebServer] [22m  id: [32m'6929e2de934d8e079e6f55b6'[39m,
[2m[WebServer] [22m  workEmail: [32m'engemp1.work@example.com'[39m,
[2m[WebServer] [22m  roles: [ [32m'department employee'[39m ],
[2m[WebServer] [22m  permissions: [],
[2m[WebServer] [22m  primaryDepartmentId: [32m'69275d8afc1184a3b3e6c55f'[39m,
[2m[WebServer] [22m  employeeNumber: [32m'EMP-1026'[39m
[2m[WebServer] [22m}
[2m[WebServer] [22mNormalized user roles: [ [32m'department employee'[39m ]
[2m[WebServer] [22mNormalized required roles: [
[2m[WebServer] [22m  [32m'department employee'[39m,
[2m[WebServer] [22m  [32m'hr employee'[39m,
[2m[WebServer] [22m  [32m'department head'[39m,
[2m[WebServer] [22m  [32m'hr manager'[39m,
[2m[WebServer] [22m  [32m'hr admin'[39m,
[2m[WebServer] [22m  [32m'system admin'[39m
[2m[WebServer] [22m]
[2m[WebServer] [22mHas required role? [33mtrue[39m
[2m[WebServer] [22mΓ£ö ACCESS GRANTED Γ£ö
[2m[WebServer] [22m≡ƒöì [RequestsController] getMyRequests: { userId: [90mundefined[39m }
Γ£à History view accessible - REQ-026, REQ-027 validated
  Γ£ô   3 [chromium] ΓÇ║ leave-tests.spec.ts:153:7 ΓÇ║ ≡ƒÖï EMPLOYEE 1 (EMP-1026 - Engineering) - All Scenarios ΓÇ║ Γ£à A3: View leave history (REQ-026, REQ-027) (9.1s)
≡ƒöÉ Logging in as: engemp1.work@example.com
[2m[WebServer] [22m GET /login [32m200[39m in 33ms[2m (compile: 3ms, render: 30ms)[22m
[2m[WebServer] [22m≡ƒöÑ JwtAuthGuard: canActivate CALLED
[2m[WebServer] [22m≡ƒöì JWT Extractor - All cookies: [Object: null prototype] {}
[2m[WebServer] [22m≡ƒöì JWT Extractor - Headers: [90mundefined[39m
[2m[WebServer] [22m≡ƒöì JWT Extractor - accessToken: NOT FOUND
[2m[WebServer] [22m≡ƒöÑ JwtAuthGuard: handleRequest() {
[2m[WebServer] [22m  err: [1mnull[22m,
[2m[WebServer] [22m  user: [33mfalse[39m,
[2m[WebServer] [22m  info: Error: No auth token
[2m[WebServer] [22m      at JwtStrategy.authenticate [90m(C:\Users\Bedon\Desktop\semester-5-software-project\backend\[39mnode_modules\[4mpassport-jwt[24m\lib\strategy.js:96:26[90m)[39m
[2m[WebServer] [22m      at attempt [90m(C:\Users\Bedon\Desktop\semester-5-software-project\backend\[39mnode_modules\[4mpassport[24m\lib\middleware\authenticate.js:378:16[90m)[39m
[2m[WebServer] [22m      at authenticate [90m(C:\Users\Bedon\Desktop\semester-5-software-project\backend\[39mnode_modules\[4mpassport[24m\lib\middleware\authenticate.js:379:7[90m)[39m
[2m[WebServer] [22m      at [90mC:\Users\Bedon\Desktop\semester-5-software-project\backend\[39mnode_modules\[4m@nestjs[24m\passport\dist\auth.guard.js:88:3
[2m[WebServer] [22m      at new Promise (<anonymous>)
[2m[WebServer] [22m      at [90mC:\Users\Bedon\Desktop\semester-5-software-project\backend\[39mnode_modules\[4m@nestjs[24m\passport\dist\auth.guard.js:80:83
[2m[WebServer] [22m      at JwtAuthGuard.canActivate [90m(C:\Users\Bedon\Desktop\semester-5-software-project\backend\[39mnode_modules\[4m@nestjs[24m\passport\dist\auth.guard.js:44:32[90m)[39m
[2m[WebServer] [22m  [90m    at process.processTicksAndRejections (node:internal/process/task_queues:105:5)[39m
[2m[WebServer] [22m}
[2m[WebServer] [22mΓ¥î JwtAuthGuard INFO: Error: No auth token
[2m[WebServer] [22m    at JwtStrategy.authenticate 
[90m(C:\Users\Bedon\Desktop\semester-5-software-project\backend\[39mnode_modules\[4mpassport-jwt[24m\lib\strategy.js:96:26[90m)[39m
[2m[WebServer] [22m    at attempt [90m(C:\Users\Bedon\Desktop\semester-5-software-project\backend\[39mnode_modules\[4mpassport[24m\lib\mi
ddleware\authenticate.js:378:16[90m)[39m
[2m[WebServer] [22m    at authenticate [90m(C:\Users\Bedon\Desktop\semester-5-software-project\backend\[39mnode_modules\[4mpassport[24m\l
ib\middleware\authenticate.js:379:7[90m)[39m
[2m[WebServer] [22m    at 
[90mC:\Users\Bedon\Desktop\semester-5-software-project\backend\[39mnode_modules\[4m@nestjs[24m\passport\dist\auth.guard.js:88:3
[2m[WebServer] [22m    at new Promise (<anonymous>)
[2m[WebServer] [22m    at 
[90mC:\Users\Bedon\Desktop\semester-5-software-project\backend\[39mnode_modules\[4m@nestjs[24m\passport\dist\auth.guard.js:80:83
[2m[WebServer] [22m    at JwtAuthGuard.canActivate [90m(C:\Users\Bedon\Desktop\semester-5-software-project\backend\[39mnode_modules\[4m@ne
stjs[24m\passport\dist\auth.guard.js:44:32[90m)[39m
[2m[WebServer] [22m[90m    at process.processTicksAndRejections (node:internal/process/task_queues:105:5)[39m
[2m[WebServer] [22mΓ¥î JwtAuthGuard FAILING ΓåÆ No auth token
[2m[WebServer] [22mVALIDATE EMPLOYEE - systemRole = {
[2m[WebServer] [22m  _id: new ObjectId([32m'6929e2de934d8e079e6f55b8'[39m),
[2m[WebServer] [22m  employeeProfileId: new ObjectId([32m'6929e2de934d8e079e6f55b6'[39m),
[2m[WebServer] [22m  roles: [ [32m'department employee'[39m ],
[2m[WebServer] [22m  permissions: [],
[2m[WebServer] [22m  isActive: [33mtrue[39m,
[2m[WebServer] [22m  createdAt: [35m2025-11-28T17:58:54.894Z[39m,
[2m[WebServer] [22m  updatedAt: [35m2025-11-28T17:58:54.894Z[39m,
[2m[WebServer] [22m  __v: [33m0[39m
[2m[WebServer] [22m}
[2m[WebServer] [22mGenerated token: eyJhbGciOiJIUzI1NiIsInR5cCI6IkpXVCJ9.eyJzdWIiOiI2OTI5ZTJkZTkzNGQ4ZTA3OWU2ZjU1YjYiLCJ3b3JrRW1haWwiOiJlbmdlbXAxLndvcmtAZXhhbXBsZS5jb20iLCJyb2xlcyI6WyJkZXBhcnRtZW50IGVtcGxveWVlIl0sInBlcm1pc3Npb25zIjpbXSwicHJpbWFyeURlcGFydG1lbnRJZCI6IjY5Mjc1ZDhhZmMxMTg0YTNiM2U2YzU1ZiIsImVtcGxveWVlTnVtYmVyIjoiRU1QLTEwMjYiLCJpYXQiOjE3NjU5ODI4NjcsImV4cCI6MTc2NjA2OTI2N30.M9sIVdRW0piG6h3OmEFPvAIaKMCAtukCv9ybd1L4BTw
[2m[WebServer] [22m GET /leaves [32m200[39m in 24ms[2m (compile: 4ms, render: 20ms)[22m
[2m[WebServer] [22m≡ƒöÑ JwtAuthGuard: canActivate CALLED
[2m[WebServer] [22m≡ƒöì JWT Extractor - All cookies: {
[2m[WebServer] [22m  accessToken: [32m'eyJhbGciOiJIUzI1NiIsInR5cCI6IkpXVCJ9.eyJzdWIiOiI2OTI5ZTJkZTkzNGQ4ZTA3OWU2ZjU1YjYiLCJ3b3JrRW1haWwiOiJlbmdlbXAxLndvcmtAZXhhbXBsZS5jb20iLCJyb2xlcyI6WyJkZXBhcnRtZW50IGVtcGxveWVlIl0sInBlcm1pc3Npb25zIjpbXSwicHJpbWFyeURlcGFydG1lbnRJZCI6IjY5Mjc1ZDhhZmMxMTg0YTNiM2U2YzU1ZiIsImVtcGxveWVlTnVtYmVyIjoiRU1QLTEwMjYiLCJpYXQiOjE3NjU5ODI4NjcsImV4cCI6MTc2NjA2OTI2N30.M9sIVdRW0piG6h3OmEFPvAIaKMCAtukCv9ybd1L4BTw'[39m
[2m[WebServer] [22m}
[2m[WebServer] [22m≡ƒöì JWT Extractor - Headers: accessToken=eyJhbGciOiJIUzI1NiIsInR5cCI6IkpXVCJ9.eyJzdWIiOiI2OTI5ZTJkZTkzNGQ4ZTA3OWU2ZjU1YjYiLCJ3b3JrRW1haWwiOiJlbmdlbXAxLndvcmtAZXhhbXBsZS5jb20iLCJyb2xlcyI6WyJkZXBhcnRtZW50IGVtcGxveWVlIl0sInBlcm1pc3Npb25zIjpbXSwicHJpbWFyeURlcGFydG1lbnRJZCI6IjY5Mjc1ZDhhZmMxMTg0YTNiM2U2YzU1ZiIsImVtcGxveWVlTnVtYmVyIjoiRU1QLTEwMjYiLCJpYXQiOjE3NjU5ODI4NjcsImV4cCI6MTc2NjA2OTI2N30.M9sIVdRW0piG6h3OmEFPvAIaKMCAtukCv9ybd1L4BTw
[2m[WebServer] [22m≡ƒöì JWT Extractor - accessToken: FOUND
[2m[WebServer] [22mJwtStrategy VALIDATE: {
[2m[WebServer] [22m  sub: [32m'6929e2de934d8e079e6f55b6'[39m,
[2m[WebServer] [22m  workEmail: [32m'engemp1.work@example.com'[39m,
[2m[WebServer] [22m  roles: [ [32m'department employee'[39m ],
[2m[WebServer] [22m  permissions: [],
[2m[WebServer] [22m  primaryDepartmentId: [32m'69275d8afc1184a3b3e6c55f'[39m,
[2m[WebServer] [22m  employeeNumber: [32m'EMP-1026'[39m,
[2m[WebServer] [22m  iat: [33m1765982867[39m,
[2m[WebServer] [22m  exp: [33m1766069267[39m
[2m[WebServer] [22m}
[2m[WebServer] [22m≡ƒöÑ JwtAuthGuard: handleRequest() {
[2m[WebServer] [22m  err: [1mnull[22m,
[2m[WebServer] [22m  user: {
[2m[WebServer] [22m    id: [32m'6929e2de934d8e079e6f55b6'[39m,
[2m[WebServer] [22m    workEmail: [32m'engemp1.work@example.com'[39m,
[2m[WebServer] [22m    roles: [ [32m'department employee'[39m ],
[2m[WebServer] [22m    permissions: [],
[2m[WebServer] [22m    primaryDepartmentId: [32m'69275d8afc1184a3b3e6c55f'[39m,
[2m[WebServer] [22m    employeeNumber: [32m'EMP-1026'[39m
[2m[WebServer] [22m  },
[2m[WebServer] [22m  info: [90mundefined[39m
[2m[WebServer] [22m}
[2m[WebServer] [22mΓ£à JwtAuthGuard SUCCESS ΓåÆ user authenticated: 6929e2de934d8e079e6f55b6
[2m[WebServer] [22m≡ƒöÑ RolesGuard running!
[2m[WebServer] [22m
[2m[WebServer] [22m===== ROLE GUARD =====
[2m[WebServer] [22mRequired roles: [
[2m[WebServer] [22m  [32m'department employee'[39m,
[2m[WebServer] [22m  [32m'HR Employee'[39m,
[2m[WebServer] [22m  [32m'department head'[39m,
[2m[WebServer] [22m  [32m'HR Manager'[39m,
[2m[WebServer] [22m  [32m'HR Admin'[39m,
[2m[WebServer] [22m  [32m'System Admin'[39m
[2m[WebServer] [22m]
[2m[WebServer] [22mUser object: {
[2m[WebServer] [22m  id: [32m'6929e2de934d8e079e6f55b6'[39m,
[2m[WebServer] [22m  workEmail: [32m'engemp1.work@example.com'[39m,
[2m[WebServer] [22m  roles: [ [32m'department employee'[39m ],
[2m[WebServer] [22m  permissions: [],
[2m[WebServer] [22m  primaryDepartmentId: [32m'69275d8afc1184a3b3e6c55f'[39m,
[2m[WebServer] [22m  employeeNumber: [32m'EMP-1026'[39m
[2m[WebServer] [22m}
[2m[WebServer] [22mNormalized user roles: [ [32m'department employee'[39m ]
[2m[WebServer] [22mNormalized required roles: [
[2m[WebServer] [22m  [32m'department employee'[39m,
[2m[WebServer] [22m  [32m'hr employee'[39m,
[2m[WebServer] [22m  [32m'department head'[39m,
[2m[WebServer] [22m  [32m'hr manager'[39m,
[2m[WebServer] [22m  [32m'hr admin'[39m,
[2m[WebServer] [22m  [32m'system admin'[39m
[2m[WebServer] [22m]
[2m[WebServer] [22mHas required role? [33mtrue[39m
[2m[WebServer] [22mΓ£ö ACCESS GRANTED Γ£ö
[2m[WebServer] [22m≡ƒöì [TrackingController] getMyBalances: {
[2m[WebServer] [22m  query: [Object: null prototype] {},
[2m[WebServer] [22m  userId: [32m'6929e2de934d8e079e6f55b6'[39m
[2m[WebServer] [22m}
[2m[WebServer] [22m≡ƒöÑ JwtAuthGuard: canActivate CALLED
[2m[WebServer] [22m≡ƒöì JWT Extractor - All cookies: {
[2m[WebServer] [22m  accessToken: [32m'eyJhbGciOiJIUzI1NiIsInR5cCI6IkpXVCJ9.eyJzdWIiOiI2OTI5ZTJkZTkzNGQ4ZTA3OWU2ZjU1YjYiLCJ3b3JrRW1haWwiOiJlbmdlbXAxLndvcmtAZXhhbXBsZS5jb20iLCJyb2xlcyI6WyJkZXBhcnRtZW50IGVtcGxveWVlIl0sInBlcm1pc3Npb25zIjpbXSwicHJpbWFyeURlcGFydG1lbnRJZCI6IjY5Mjc1ZDhhZmMxMTg0YTNiM2U2YzU1ZiIsImVtcGxveWVlTnVtYmVyIjoiRU1QLTEwMjYiLCJpYXQiOjE3NjU5ODI4NjcsImV4cCI6MTc2NjA2OTI2N30.M9sIVdRW0piG6h3OmEFPvAIaKMCAtukCv9ybd1L4BTw'[39m
[2m[WebServer] [22m}
[2m[WebServer] [22m≡ƒöì JWT Extractor - Headers: accessToken=eyJhbGciOiJIUzI1NiIsInR5cCI6IkpXVCJ9.eyJzdWIiOiI2OTI5ZTJkZTkzNGQ4ZTA3OWU2ZjU1YjYiLCJ3b3JrRW1haWwiOiJlbmdlbXAxLndvcmtAZXhhbXBsZS5jb20iLCJyb2xlcyI6WyJkZXBhcnRtZW50IGVtcGxveWVlIl0sInBlcm1pc3Npb25zIjpbXSwicHJpbWFyeURlcGFydG1lbnRJZCI6IjY5Mjc1ZDhhZmMxMTg0YTNiM2U2YzU1ZiIsImVtcGxveWVlTnVtYmVyIjoiRU1QLTEwMjYiLCJpYXQiOjE3NjU5ODI4NjcsImV4cCI6MTc2NjA2OTI2N30.M9sIVdRW0piG6h3OmEFPvAIaKMCAtukCv9ybd1L4BTw
[2m[WebServer] [22m≡ƒöì JWT Extractor - accessToken: FOUND
[2m[WebServer] [22mJwtStrategy VALIDATE: {
[2m[WebServer] [22m  sub: [32m'6929e2de934d8e079e6f55b6'[39m,
[2m[WebServer] [22m  workEmail: [32m'engemp1.work@example.com'[39m,
[2m[WebServer] [22m  roles: [ [32m'department employee'[39m ],
[2m[WebServer] [22m  permissions: [],
[2m[WebServer] [22m  primaryDepartmentId: [32m'69275d8afc1184a3b3e6c55f'[39m,
[2m[WebServer] [22m  employeeNumber: [32m'EMP-1026'[39m,
[2m[WebServer] [22m  iat: [33m1765982867[39m,
[2m[WebServer] [22m  exp: [33m1766069267[39m
[2m[WebServer] [22m}
[2m[WebServer] [22m≡ƒöÑ JwtAuthGuard: handleRequest() {
[2m[WebServer] [22m  err: [1mnull[22m,
[2m[WebServer] [22m  user: {
[2m[WebServer] [22m    id: [32m'6929e2de934d8e079e6f55b6'[39m,
[2m[WebServer] [22m    workEmail: [32m'engemp1.work@example.com'[39m,
[2m[WebServer] [22m    roles: [ [32m'department employee'[39m ],
[2m[WebServer] [22m    permissions: [],
[2m[WebServer] [22m    primaryDepartmentId: [32m'69275d8afc1184a3b3e6c55f'[39m,
[2m[WebServer] [22m    employeeNumber: [32m'EMP-1026'[39m
[2m[WebServer] [22m  },
[2m[WebServer] [22m  info: [90mundefined[39m
[2m[WebServer] [22m}
[2m[WebServer] [22mΓ£à JwtAuthGuard SUCCESS ΓåÆ user authenticated: 6929e2de934d8e079e6f55b6
[2m[WebServer] [22m≡ƒöÑ RolesGuard running!
[2m[WebServer] [22m
[2m[WebServer] [22m===== ROLE GUARD =====
[2m[WebServer] [22mRequired roles: [
[2m[WebServer] [22m  [32m'department employee'[39m,
[2m[WebServer] [22m  [32m'HR Employee'[39m,
[2m[WebServer] [22m  [32m'department head'[39m,
[2m[WebServer] [22m  [32m'HR Manager'[39m,
[2m[WebServer] [22m  [32m'HR Admin'[39m,
[2m[WebServer] [22m  [32m'System Admin'[39m
[2m[WebServer] [22m]
[2m[WebServer] [22mUser object: {
[2m[WebServer] [22m  id: [32m'6929e2de934d8e079e6f55b6'[39m,
[2m[WebServer] [22m  workEmail: [32m'engemp1.work@example.com'[39m,
[2m[WebServer] [22m  roles: [ [32m'department employee'[39m ],
[2m[WebServer] [22m  permissions: [],
[2m[WebServer] [22m  primaryDepartmentId: [32m'69275d8afc1184a3b3e6c55f'[39m,
[2m[WebServer] [22m  employeeNumber: [32m'EMP-1026'[39m
[2m[WebServer] [22m}
[2m[WebServer] [22mNormalized user roles: [ [32m'department employee'[39m ]
[2m[WebServer] [22mNormalized required roles: [
[2m[WebServer] [22m  [32m'department employee'[39m,
[2m[WebServer] [22m  [32m'hr employee'[39m,
[2m[WebServer] [22m  [32m'department head'[39m,
[2m[WebServer] [22m  [32m'hr manager'[39m,
[2m[WebServer] [22m  [32m'hr admin'[39m,
[2m[WebServer] [22m  [32m'system admin'[39m
[2m[WebServer] [22m]
[2m[WebServer] [22mHas required role? [33mtrue[39m
[2m[WebServer] [22mΓ£ö ACCESS GRANTED Γ£ö
[2m[WebServer] [22m≡ƒöì [TrackingController] getMyHistory: {
[2m[WebServer] [22m  filters: [Object: null prototype] {},
[2m[WebServer] [22m  userId: [32m'6929e2de934d8e079e6f55b6'[39m
[2m[WebServer] [22m}
Γ£à Login successful
≡ƒô¥ Testing: REQ-015 (Submit request), REQ-016 (Select leave type)
[2m[WebServer] [22m GET /leaves/my-leaves [32m200[39m in 43ms[2m (compile: 2ms, render: 41ms)[22m
[2m[WebServer] [22m≡ƒöÑ JwtAuthGuard: canActivate CALLED
[2m[WebServer] [22m≡ƒöì JWT Extractor - All cookies: {
[2m[WebServer] [22m  accessToken: [32m'eyJhbGciOiJIUzI1NiIsInR5cCI6IkpXVCJ9.eyJzdWIiOiI2OTI5ZTJkZTkzNGQ4ZTA3OWU2ZjU1YjYiLCJ3b3JrRW1haWwiOiJlbmdlbXAxLndvcmtAZXhhbXBsZS5jb20iLCJyb2xlcyI6WyJkZXBhcnRtZW50IGVtcGxveWVlIl0sInBlcm1pc3Npb25zIjpbXSwicHJpbWFyeURlcGFydG1lbnRJZCI6IjY5Mjc1ZDhhZmMxMTg0YTNiM2U2YzU1ZiIsImVtcGxveWVlTnVtYmVyIjoiRU1QLTEwMjYiLCJpYXQiOjE3NjU5ODI4NjcsImV4cCI6MTc2NjA2OTI2N30.M9sIVdRW0piG6h3OmEFPvAIaKMCAtukCv9ybd1L4BTw'[39m
[2m[WebServer] [22m}
[2m[WebServer] [22m≡ƒöì JWT Extractor - Headers: accessToken=eyJhbGciOiJIUzI1NiIsInR5cCI6IkpXVCJ9.eyJzdWIiOiI2OTI5ZTJkZTkzNGQ4ZTA3OWU2ZjU1YjYiLCJ3b3JrRW1haWwiOiJlbmdlbXAxLndvcmtAZXhhbXBsZS5jb20iLCJyb2xlcyI6WyJkZXBhcnRtZW50IGVtcGxveWVlIl0sInBlcm1pc3Npb25zIjpbXSwicHJpbWFyeURlcGFydG1lbnRJZCI6IjY5Mjc1ZDhhZmMxMTg0YTNiM2U2YzU1ZiIsImVtcGxveWVlTnVtYmVyIjoiRU1QLTEwMjYiLCJpYXQiOjE3NjU5ODI4NjcsImV4cCI6MTc2NjA2OTI2N30.M9sIVdRW0piG6h3OmEFPvAIaKMCAtukCv9ybd1L4BTw
[2m[WebServer] [22m≡ƒöì JWT Extractor - accessToken: FOUND
[2m[WebServer] [22mJwtStrategy VALIDATE: {
[2m[WebServer] [22m  sub: [32m'6929e2de934d8e079e6f55b6'[39m,
[2m[WebServer] [22m  workEmail: [32m'engemp1.work@example.com'[39m,
[2m[WebServer] [22m  roles: [ [32m'department employee'[39m ],
[2m[WebServer] [22m  permissions: [],
[2m[WebServer] [22m  primaryDepartmentId: [32m'69275d8afc1184a3b3e6c55f'[39m,
[2m[WebServer] [22m  employeeNumber: [32m'EMP-1026'[39m,
[2m[WebServer] [22m  iat: [33m1765982867[39m,
[2m[WebServer] [22m  exp: [33m1766069267[39m
[2m[WebServer] [22m}
[2m[WebServer] [22m≡ƒöÑ JwtAuthGuard: handleRequest() {
[2m[WebServer] [22m  err: [1mnull[22m,
[2m[WebServer] [22m  user: {
[2m[WebServer] [22m    id: [32m'6929e2de934d8e079e6f55b6'[39m,
[2m[WebServer] [22m    workEmail: [32m'engemp1.work@example.com'[39m,
[2m[WebServer] [22m    roles: [ [32m'department employee'[39m ],
[2m[WebServer] [22m    permissions: [],
[2m[WebServer] [22m    primaryDepartmentId: [32m'69275d8afc1184a3b3e6c55f'[39m,
[2m[WebServer] [22m    employeeNumber: [32m'EMP-1026'[39m
[2m[WebServer] [22m  },
[2m[WebServer] [22m  info: [90mundefined[39m
[2m[WebServer] [22m}
[2m[WebServer] [22mΓ£à JwtAuthGuard SUCCESS ΓåÆ user authenticated: 6929e2de934d8e079e6f55b6
[2m[WebServer] [22m≡ƒöì [LeaveTypeController] findAll
[2m[WebServer] [22m≡ƒöÑ JwtAuthGuard: canActivate CALLED
[2m[WebServer] [22m≡ƒöì JWT Extractor - All cookies: {
[2m[WebServer] [22m  accessToken: [32m'eyJhbGciOiJIUzI1NiIsInR5cCI6IkpXVCJ9.eyJzdWIiOiI2OTI5ZTJkZTkzNGQ4ZTA3OWU2ZjU1YjYiLCJ3b3JrRW1haWwiOiJlbmdlbXAxLndvcmtAZXhhbXBsZS5jb20iLCJyb2xlcyI6WyJkZXBhcnRtZW50IGVtcGxveWVlIl0sInBlcm1pc3Npb25zIjpbXSwicHJpbWFyeURlcGFydG1lbnRJZCI6IjY5Mjc1ZDhhZmMxMTg0YTNiM2U2YzU1ZiIsImVtcGxveWVlTnVtYmVyIjoiRU1QLTEwMjYiLCJpYXQiOjE3NjU5ODI4NjcsImV4cCI6MTc2NjA2OTI2N30.M9sIVdRW0piG6h3OmEFPvAIaKMCAtukCv9ybd1L4BTw'[39m
[2m[WebServer] [22m}
[2m[WebServer] [22m≡ƒöì JWT Extractor - Headers: accessToken=eyJhbGciOiJIUzI1NiIsInR5cCI6IkpXVCJ9.eyJzdWIiOiI2OTI5ZTJkZTkzNGQ4ZTA3OWU2ZjU1YjYiLCJ3b3JrRW1haWwiOiJlbmdlbXAxLndvcmtAZXhhbXBsZS5jb20iLCJyb2xlcyI6WyJkZXBhcnRtZW50IGVtcGxveWVlIl0sInBlcm1pc3Npb25zIjpbXSwicHJpbWFyeURlcGFydG1lbnRJZCI6IjY5Mjc1ZDhhZmMxMTg0YTNiM2U2YzU1ZiIsImVtcGxveWVlTnVtYmVyIjoiRU1QLTEwMjYiLCJpYXQiOjE3NjU5ODI4NjcsImV4cCI6MTc2NjA2OTI2N30.M9sIVdRW0piG6h3OmEFPvAIaKMCAtukCv9ybd1L4BTw
[2m[WebServer] [22m≡ƒöì JWT Extractor - accessToken: FOUND
[2m[WebServer] [22mJwtStrategy VALIDATE: {
[2m[WebServer] [22m  sub: [32m'6929e2de934d8e079e6f55b6'[39m,
[2m[WebServer] [22m  workEmail: [32m'engemp1.work@example.com'[39m,
[2m[WebServer] [22m  roles: [ [32m'department employee'[39m ],
[2m[WebServer] [22m  permissions: [],
[2m[WebServer] [22m  primaryDepartmentId: [32m'69275d8afc1184a3b3e6c55f'[39m,
[2m[WebServer] [22m  employeeNumber: [32m'EMP-1026'[39m,
[2m[WebServer] [22m  iat: [33m1765982867[39m,
[2m[WebServer] [22m  exp: [33m1766069267[39m
[2m[WebServer] [22m}
[2m[WebServer] [22m≡ƒöÑ JwtAuthGuard: handleRequest() {
[2m[WebServer] [22m  err: [1mnull[22m,
[2m[WebServer] [22m  user: {
[2m[WebServer] [22m    id: [32m'6929e2de934d8e079e6f55b6'[39m,
[2m[WebServer] [22m    workEmail: [32m'engemp1.work@example.com'[39m,
[2m[WebServer] [22m    roles: [ [32m'department employee'[39m ],
[2m[WebServer] [22m    permissions: [],
[2m[WebServer] [22m    primaryDepartmentId: [32m'69275d8afc1184a3b3e6c55f'[39m,
[2m[WebServer] [22m    employeeNumber: [32m'EMP-1026'[39m
[2m[WebServer] [22m  },
[2m[WebServer] [22m  info: [90mundefined[39m
[2m[WebServer] [22m}
[2m[WebServer] [22mΓ£à JwtAuthGuard SUCCESS ΓåÆ user authenticated: 6929e2de934d8e079e6f55b6
[2m[WebServer] [22m≡ƒöÑ RolesGuard running!
[2m[WebServer] [22m
[2m[WebServer] [22m===== ROLE GUARD =====
[2m[WebServer] [22mRequired roles: [
[2m[WebServer] [22m  [32m'department employee'[39m,
[2m[WebServer] [22m  [32m'HR Employee'[39m,
[2m[WebServer] [22m  [32m'department head'[39m,
[2m[WebServer] [22m  [32m'HR Manager'[39m,
[2m[WebServer] [22m  [32m'HR Admin'[39m,
[2m[WebServer] [22m  [32m'System Admin'[39m
[2m[WebServer] [22m]
[2m[WebServer] [22mUser object: {
[2m[WebServer] [22m  id: [32m'6929e2de934d8e079e6f55b6'[39m,
[2m[WebServer] [22m  workEmail: [32m'engemp1.work@example.com'[39m,
[2m[WebServer] [22m  roles: [ [32m'department employee'[39m ],
[2m[WebServer] [22m  permissions: [],
[2m[WebServer] [22m  primaryDepartmentId: [32m'69275d8afc1184a3b3e6c55f'[39m,
[2m[WebServer] [22m  employeeNumber: [32m'EMP-1026'[39m
[2m[WebServer] [22m}
[2m[WebServer] [22mNormalized user roles: [ [32m'department employee'[39m ]
[2m[WebServer] [22mNormalized required roles: [
[2m[WebServer] [22m  [32m'department employee'[39m,
[2m[WebServer] [22m  [32m'hr employee'[39m,
[2m[WebServer] [22m  [32m'department head'[39m,
[2m[WebServer] [22m  [32m'hr manager'[39m,
[2m[WebServer] [22m  [32m'hr admin'[39m,
[2m[WebServer] [22m  [32m'system admin'[39m
[2m[WebServer] [22m]
[2m[WebServer] [22mHas required role? [33mtrue[39m
[2m[WebServer] [22mΓ£ö ACCESS GRANTED Γ£ö
[2m[WebServer] [22m≡ƒöì [TrackingController] getMyBalances: {
[2m[WebServer] [22m  query: [Object: null prototype] {},
[2m[WebServer] [22m  userId: [32m'6929e2de934d8e079e6f55b6'[39m
[2m[WebServer] [22m}
[2m[WebServer] [22m≡ƒöÑ JwtAuthGuard: canActivate CALLED
[2m[WebServer] [22m≡ƒöì JWT Extractor - All cookies: {
[2m[WebServer] [22m  accessToken: [32m'eyJhbGciOiJIUzI1NiIsInR5cCI6IkpXVCJ9.eyJzdWIiOiI2OTI5ZTJkZTkzNGQ4ZTA3OWU2ZjU1YjYiLCJ3b3JrRW1haWwiOiJlbmdlbXAxLndvcmtAZXhhbXBsZS5jb20iLCJyb2xlcyI6WyJkZXBhcnRtZW50IGVtcGxveWVlIl0sInBlcm1pc3Npb25zIjpbXSwicHJpbWFyeURlcGFydG1lbnRJZCI6IjY5Mjc1ZDhhZmMxMTg0YTNiM2U2YzU1ZiIsImVtcGxveWVlTnVtYmVyIjoiRU1QLTEwMjYiLCJpYXQiOjE3NjU5ODI4NjcsImV4cCI6MTc2NjA2OTI2N30.M9sIVdRW0piG6h3OmEFPvAIaKMCAtukCv9ybd1L4BTw'[39m
[2m[WebServer] [22m}
[2m[WebServer] [22m≡ƒöì JWT Extractor - Headers: accessToken=eyJhbGciOiJIUzI1NiIsInR5cCI6IkpXVCJ9.eyJzdWIiOiI2OTI5ZTJkZTkzNGQ4ZTA3OWU2ZjU1YjYiLCJ3b3JrRW1haWwiOiJlbmdlbXAxLndvcmtAZXhhbXBsZS5jb20iLCJyb2xlcyI6WyJkZXBhcnRtZW50IGVtcGxveWVlIl0sInBlcm1pc3Npb25zIjpbXSwicHJpbWFyeURlcGFydG1lbnRJZCI6IjY5Mjc1ZDhhZmMxMTg0YTNiM2U2YzU1ZiIsImVtcGxveWVlTnVtYmVyIjoiRU1QLTEwMjYiLCJpYXQiOjE3NjU5ODI4NjcsImV4cCI6MTc2NjA2OTI2N30.M9sIVdRW0piG6h3OmEFPvAIaKMCAtukCv9ybd1L4BTw
[2m[WebServer] [22m≡ƒöì JWT Extractor - accessToken: FOUND
[2m[WebServer] [22mJwtStrategy VALIDATE: {
[2m[WebServer] [22m  sub: [32m'6929e2de934d8e079e6f55b6'[39m,
[2m[WebServer] [22m  workEmail: [32m'engemp1.work@example.com'[39m,
[2m[WebServer] [22m  roles: [ [32m'department employee'[39m ],
[2m[WebServer] [22m  permissions: [],
[2m[WebServer] [22m  primaryDepartmentId: [32m'69275d8afc1184a3b3e6c55f'[39m,
[2m[WebServer] [22m  employeeNumber: [32m'EMP-1026'[39m,
[2m[WebServer] [22m  iat: [33m1765982867[39m,
[2m[WebServer] [22m  exp: [33m1766069267[39m
[2m[WebServer] [22m}
[2m[WebServer] [22m≡ƒöÑ JwtAuthGuard: handleRequest() {
[2m[WebServer] [22m  err: [1mnull[22m,
[2m[WebServer] [22m  user: {
[2m[WebServer] [22m    id: [32m'6929e2de934d8e079e6f55b6'[39m,
[2m[WebServer] [22m    workEmail: [32m'engemp1.work@example.com'[39m,
[2m[WebServer] [22m    roles: [ [32m'department employee'[39m ],
[2m[WebServer] [22m    permissions: [],
[2m[WebServer] [22m    primaryDepartmentId: [32m'69275d8afc1184a3b3e6c55f'[39m,
[2m[WebServer] [22m    employeeNumber: [32m'EMP-1026'[39m
[2m[WebServer] [22m  },
[2m[WebServer] [22m  info: [90mundefined[39m
[2m[WebServer] [22m}
[2m[WebServer] [22mΓ£à JwtAuthGuard SUCCESS ΓåÆ user authenticated: 6929e2de934d8e079e6f55b6
[2m[WebServer] [22m≡ƒöÑ RolesGuard running!
[2m[WebServer] [22m
[2m[WebServer] [22m===== ROLE GUARD =====
[2m[WebServer] [22mRequired roles: [
[2m[WebServer] [22m  [32m'department employee'[39m,
[2m[WebServer] [22m  [32m'HR Employee'[39m,
[2m[WebServer] [22m  [32m'department head'[39m,
[2m[WebServer] [22m  [32m'HR Manager'[39m,
[2m[WebServer] [22m  [32m'HR Admin'[39m,
[2m[WebServer] [22m  [32m'System Admin'[39m
[2m[WebServer] [22m]
[2m[WebServer] [22mUser object: {
[2m[WebServer] [22m  id: [32m'6929e2de934d8e079e6f55b6'[39m,
[2m[WebServer] [22m  workEmail: [32m'engemp1.work@example.com'[39m,
[2m[WebServer] [22m  roles: [ [32m'department employee'[39m ],
[2m[WebServer] [22m  permissions: [],
[2m[WebServer] [22m  primaryDepartmentId: [32m'69275d8afc1184a3b3e6c55f'[39m,
[2m[WebServer] [22m  employeeNumber: [32m'EMP-1026'[39m
[2m[WebServer] [22m}
[2m[WebServer] [22mNormalized user roles: [ [32m'department employee'[39m ]
[2m[WebServer] [22mNormalized required roles: [
[2m[WebServer] [22m  [32m'department employee'[39m,
[2m[WebServer] [22m  [32m'hr employee'[39m,
[2m[WebServer] [22m  [32m'department head'[39m,
[2m[WebServer] [22m  [32m'hr manager'[39m,
[2m[WebServer] [22m  [32m'hr admin'[39m,
[2m[WebServer] [22m  [32m'system admin'[39m
[2m[WebServer] [22m]
[2m[WebServer] [22mHas required role? [33mtrue[39m
[2m[WebServer] [22mΓ£ö ACCESS GRANTED Γ£ö
[2m[WebServer] [22m≡ƒöì [RequestsController] getMyRequests: { userId: [90mundefined[39m }
Γ£à Request form accessible - REQ-015, REQ-016 validated
  Γ£ô   4 [chromium] ΓÇ║ leave-tests.spec.ts:165:7 ΓÇ║ ≡ƒÖï EMPLOYEE 1 (EMP-1026 - Engineering) - All Scenarios ΓÇ║ Γ£à B1: Submit annual leave request (REQ-015, REQ-016) (11.0s)
≡ƒöÉ Logging in as: engemp1.work@example.com
[2m[WebServer] [22m GET /login [32m200[39m in 48ms[2m (compile: 2ms, render: 46ms)[22m
[2m[WebServer] [22m≡ƒöÑ JwtAuthGuard: canActivate CALLED
[2m[WebServer] [22m≡ƒöì JWT Extractor - All cookies: [Object: null prototype] {}
[2m[WebServer] [22m≡ƒöì JWT Extractor - Headers: [90mundefined[39m
[2m[WebServer] [22m≡ƒöì JWT Extractor - accessToken: NOT FOUND
[2m[WebServer] [22m≡ƒöÑ JwtAuthGuard: handleRequest() {
[2m[WebServer] [22m  err: [1mnull[22m,
[2m[WebServer] [22m  user: [33mfalse[39m,
[2m[WebServer] [22m  info: Error: No auth token
[2m[WebServer] [22m      at JwtStrategy.authenticate [90m(C:\Users\Bedon\Desktop\semester-5-software-project\backend\[39mnode_modules\[4mpassport-jwt[24m\lib\strategy.js:96:26[90m)[39m
[2m[WebServer] [22m      at attempt [90m(C:\Users\Bedon\Desktop\semester-5-software-project\backend\[39mnode_modules\[4mpassport[24m\lib\middleware\authenticate.js:378:16[90m)[39m
[2m[WebServer] [22m      at authenticate [90m(C:\Users\Bedon\Desktop\semester-5-software-project\backend\[39mnode_modules\[4mpassport[24m\lib\middleware\authenticate.js:379:7[90m)[39m
[2m[WebServer] [22m      at [90mC:\Users\Bedon\Desktop\semester-5-software-project\backend\[39mnode_modules\[4m@nestjs[24m\passport\dist\auth.guard.js:88:3
[2m[WebServer] [22m      at new Promise (<anonymous>)
[2m[WebServer] [22m      at [90mC:\Users\Bedon\Desktop\semester-5-software-project\backend\[39mnode_modules\[4m@nestjs[24m\passport\dist\auth.guard.js:80:83
[2m[WebServer] [22m      at JwtAuthGuard.canActivate [90m(C:\Users\Bedon\Desktop\semester-5-software-project\backend\[39mnode_modules\[4m@nestjs[24m\passport\dist\auth.guard.js:44:32[90m)[39m
[2m[WebServer] [22m  [90m    at process.processTicksAndRejections (node:internal/process/task_queues:105:5)[39m
[2m[WebServer] [22m}
[2m[WebServer] [22mΓ¥î JwtAuthGuard INFO: Error: No auth token
[2m[WebServer] [22m    at JwtStrategy.authenticate 
[90m(C:\Users\Bedon\Desktop\semester-5-software-project\backend\[39mnode_modules\[4mpassport-jwt[24m\lib\strategy.js:96:26[90m)[39m
[2m[WebServer] [22m    at attempt [90m(C:\Users\Bedon\Desktop\semester-5-software-project\backend\[39mnode_modules\[4mpassport[24m\lib\mi
ddleware\authenticate.js:378:16[90m)[39m
[2m[WebServer] [22m    at authenticate [90m(C:\Users\Bedon\Desktop\semester-5-software-project\backend\[39mnode_modules\[4mpassport[24m\l
ib\middleware\authenticate.js:379:7[90m)[39m
[2m[WebServer] [22m    at 
[90mC:\Users\Bedon\Desktop\semester-5-software-project\backend\[39mnode_modules\[4m@nestjs[24m\passport\dist\auth.guard.js:88:3
[2m[WebServer] [22m    at new Promise (<anonymous>)
[2m[WebServer] [22m    at 
[90mC:\Users\Bedon\Desktop\semester-5-software-project\backend\[39mnode_modules\[4m@nestjs[24m\passport\dist\auth.guard.js:80:83
[2m[WebServer] [22m    at JwtAuthGuard.canActivate [90m(C:\Users\Bedon\Desktop\semester-5-software-project\backend\[39mnode_modules\[4m@ne
stjs[24m\passport\dist\auth.guard.js:44:32[90m)[39m
[2m[WebServer] [22m[90m    at process.processTicksAndRejections (node:internal/process/task_queues:105:5)[39m
[2m[WebServer] [22mΓ¥î JwtAuthGuard FAILING ΓåÆ No auth token
[2m[WebServer] [22mVALIDATE EMPLOYEE - systemRole = {
[2m[WebServer] [22m  _id: new ObjectId([32m'6929e2de934d8e079e6f55b8'[39m),
[2m[WebServer] [22m  employeeProfileId: new ObjectId([32m'6929e2de934d8e079e6f55b6'[39m),
[2m[WebServer] [22m  roles: [ [32m'department employee'[39m ],
[2m[WebServer] [22m  permissions: [],
[2m[WebServer] [22m  isActive: [33mtrue[39m,
[2m[WebServer] [22m  createdAt: [35m2025-11-28T17:58:54.894Z[39m,
[2m[WebServer] [22m  updatedAt: [35m2025-11-28T17:58:54.894Z[39m,
[2m[WebServer] [22m  __v: [33m0[39m
[2m[WebServer] [22m}
[2m[WebServer] [22mGenerated token: eyJhbGciOiJIUzI1NiIsInR5cCI6IkpXVCJ9.eyJzdWIiOiI2OTI5ZTJkZTkzNGQ4ZTA3OWU2ZjU1YjYiLCJ3b3JrRW1haWwiOiJlbmdlbXAxLndvcmtAZXhhbXBsZS5jb20iLCJyb2xlcyI6WyJkZXBhcnRtZW50IGVtcGxveWVlIl0sInBlcm1pc3Npb25zIjpbXSwicHJpbWFyeURlcGFydG1lbnRJZCI6IjY5Mjc1ZDhhZmMxMTg0YTNiM2U2YzU1ZiIsImVtcGxveWVlTnVtYmVyIjoiRU1QLTEwMjYiLCJpYXQiOjE3NjU5ODI4NzgsImV4cCI6MTc2NjA2OTI3OH0.zGI5DCIcrF1tnqDQT6gNpbjRQPuZ2lqCQ-U-oT-5MpA
[2m[WebServer] [22m GET /leaves [32m200[39m in 18ms[2m (compile: 3ms, render: 15ms)[22m
[2m[WebServer] [22m≡ƒöÑ JwtAuthGuard: canActivate CALLED
[2m[WebServer] [22m≡ƒöì JWT Extractor - All cookies: {
[2m[WebServer] [22m  accessToken: [32m'eyJhbGciOiJIUzI1NiIsInR5cCI6IkpXVCJ9.eyJzdWIiOiI2OTI5ZTJkZTkzNGQ4ZTA3OWU2ZjU1YjYiLCJ3b3JrRW1haWwiOiJlbmdlbXAxLndvcmtAZXhhbXBsZS5jb20iLCJyb2xlcyI6WyJkZXBhcnRtZW50IGVtcGxveWVlIl0sInBlcm1pc3Npb25zIjpbXSwicHJpbWFyeURlcGFydG1lbnRJZCI6IjY5Mjc1ZDhhZmMxMTg0YTNiM2U2YzU1ZiIsImVtcGxveWVlTnVtYmVyIjoiRU1QLTEwMjYiLCJpYXQiOjE3NjU5ODI4NzgsImV4cCI6MTc2NjA2OTI3OH0.zGI5DCIcrF1tnqDQT6gNpbjRQPuZ2lqCQ-U-oT-5MpA'[39m
[2m[WebServer] [22m}
[2m[WebServer] [22m≡ƒöì JWT Extractor - Headers: accessToken=eyJhbGciOiJIUzI1NiIsInR5cCI6IkpXVCJ9.eyJzdWIiOiI2OTI5ZTJkZTkzNGQ4ZTA3OWU2ZjU1YjYiLCJ3b3JrRW1haWwiOiJlbmdlbXAxLndvcmtAZXhhbXBsZS5jb20iLCJyb2xlcyI6WyJkZXBhcnRtZW50IGVtcGxveWVlIl0sInBlcm1pc3Npb25zIjpbXSwicHJpbWFyeURlcGFydG1lbnRJZCI6IjY5Mjc1ZDhhZmMxMTg0YTNiM2U2YzU1ZiIsImVtcGxveWVlTnVtYmVyIjoiRU1QLTEwMjYiLCJpYXQiOjE3NjU5ODI4NzgsImV4cCI6MTc2NjA2OTI3OH0.zGI5DCIcrF1tnqDQT6gNpbjRQPuZ2lqCQ-U-oT-5MpA
[2m[WebServer] [22m≡ƒöì JWT Extractor - accessToken: FOUND
[2m[WebServer] [22mJwtStrategy VALIDATE: {
[2m[WebServer] [22m  sub: [32m'6929e2de934d8e079e6f55b6'[39m,
[2m[WebServer] [22m  workEmail: [32m'engemp1.work@example.com'[39m,
[2m[WebServer] [22m  roles: [ [32m'department employee'[39m ],
[2m[WebServer] [22m  permissions: [],
[2m[WebServer] [22m  primaryDepartmentId: [32m'69275d8afc1184a3b3e6c55f'[39m,
[2m[WebServer] [22m  employeeNumber: [32m'EMP-1026'[39m,
[2m[WebServer] [22m  iat: [33m1765982878[39m,
[2m[WebServer] [22m  exp: [33m1766069278[39m
[2m[WebServer] [22m}
[2m[WebServer] [22m≡ƒöÑ JwtAuthGuard: handleRequest() {
[2m[WebServer] [22m  err: [1mnull[22m,
[2m[WebServer] [22m  user: {
[2m[WebServer] [22m    id: [32m'6929e2de934d8e079e6f55b6'[39m,
[2m[WebServer] [22m    workEmail: [32m'engemp1.work@example.com'[39m,
[2m[WebServer] [22m    roles: [ [32m'department employee'[39m ],
[2m[WebServer] [22m    permissions: [],
[2m[WebServer] [22m    primaryDepartmentId: [32m'69275d8afc1184a3b3e6c55f'[39m,
[2m[WebServer] [22m    employeeNumber: [32m'EMP-1026'[39m
[2m[WebServer] [22m  },
[2m[WebServer] [22m  info: [90mundefined[39m
[2m[WebServer] [22m}
[2m[WebServer] [22mΓ£à JwtAuthGuard SUCCESS ΓåÆ user authenticated: 6929e2de934d8e079e6f55b6
[2m[WebServer] [22m≡ƒöÑ RolesGuard running!
[2m[WebServer] [22m
[2m[WebServer] [22m===== ROLE GUARD =====
[2m[WebServer] [22mRequired roles: [
[2m[WebServer] [22m  [32m'department employee'[39m,
[2m[WebServer] [22m  [32m'HR Employee'[39m,
[2m[WebServer] [22m  [32m'department head'[39m,
[2m[WebServer] [22m  [32m'HR Manager'[39m,
[2m[WebServer] [22m  [32m'HR Admin'[39m,
[2m[WebServer] [22m  [32m'System Admin'[39m
[2m[WebServer] [22m]
[2m[WebServer] [22mUser object: {
[2m[WebServer] [22m  id: [32m'6929e2de934d8e079e6f55b6'[39m,
[2m[WebServer] [22m  workEmail: [32m'engemp1.work@example.com'[39m,
[2m[WebServer] [22m  roles: [ [32m'department employee'[39m ],
[2m[WebServer] [22m  permissions: [],
[2m[WebServer] [22m  primaryDepartmentId: [32m'69275d8afc1184a3b3e6c55f'[39m,
[2m[WebServer] [22m  employeeNumber: [32m'EMP-1026'[39m
[2m[WebServer] [22m}
[2m[WebServer] [22mNormalized user roles: [ [32m'department employee'[39m ]
[2m[WebServer] [22mNormalized required roles: [
[2m[WebServer] [22m  [32m'department employee'[39m,
[2m[WebServer] [22m  [32m'hr employee'[39m,
[2m[WebServer] [22m  [32m'department head'[39m,
[2m[WebServer] [22m  [32m'hr manager'[39m,
[2m[WebServer] [22m  [32m'hr admin'[39m,
[2m[WebServer] [22m  [32m'system admin'[39m
[2m[WebServer] [22m]
[2m[WebServer] [22mHas required role? [33mtrue[39m
[2m[WebServer] [22mΓ£ö ACCESS GRANTED Γ£ö
[2m[WebServer] [22m≡ƒöì [TrackingController] getMyBalances: {
[2m[WebServer] [22m  query: [Object: null prototype] {},
[2m[WebServer] [22m  userId: [32m'6929e2de934d8e079e6f55b6'[39m
[2m[WebServer] [22m}
[2m[WebServer] [22m≡ƒöÑ JwtAuthGuard: canActivate CALLED
[2m[WebServer] [22m≡ƒöì JWT Extractor - All cookies: {
[2m[WebServer] [22m  accessToken: [32m'eyJhbGciOiJIUzI1NiIsInR5cCI6IkpXVCJ9.eyJzdWIiOiI2OTI5ZTJkZTkzNGQ4ZTA3OWU2ZjU1YjYiLCJ3b3JrRW1haWwiOiJlbmdlbXAxLndvcmtAZXhhbXBsZS5jb20iLCJyb2xlcyI6WyJkZXBhcnRtZW50IGVtcGxveWVlIl0sInBlcm1pc3Npb25zIjpbXSwicHJpbWFyeURlcGFydG1lbnRJZCI6IjY5Mjc1ZDhhZmMxMTg0YTNiM2U2YzU1ZiIsImVtcGxveWVlTnVtYmVyIjoiRU1QLTEwMjYiLCJpYXQiOjE3NjU5ODI4NzgsImV4cCI6MTc2NjA2OTI3OH0.zGI5DCIcrF1tnqDQT6gNpbjRQPuZ2lqCQ-U-oT-5MpA'[39m
[2m[WebServer] [22m}
[2m[WebServer] [22m≡ƒöì JWT Extractor - Headers: accessToken=eyJhbGciOiJIUzI1NiIsInR5cCI6IkpXVCJ9.eyJzdWIiOiI2OTI5ZTJkZTkzNGQ4ZTA3OWU2ZjU1YjYiLCJ3b3JrRW1haWwiOiJlbmdlbXAxLndvcmtAZXhhbXBsZS5jb20iLCJyb2xlcyI6WyJkZXBhcnRtZW50IGVtcGxveWVlIl0sInBlcm1pc3Npb25zIjpbXSwicHJpbWFyeURlcGFydG1lbnRJZCI6IjY5Mjc1ZDhhZmMxMTg0YTNiM2U2YzU1ZiIsImVtcGxveWVlTnVtYmVyIjoiRU1QLTEwMjYiLCJpYXQiOjE3NjU5ODI4NzgsImV4cCI6MTc2NjA2OTI3OH0.zGI5DCIcrF1tnqDQT6gNpbjRQPuZ2lqCQ-U-oT-5MpA
[2m[WebServer] [22m≡ƒöì JWT Extractor - accessToken: FOUND
[2m[WebServer] [22mJwtStrategy VALIDATE: {
[2m[WebServer] [22m  sub: [32m'6929e2de934d8e079e6f55b6'[39m,
[2m[WebServer] [22m  workEmail: [32m'engemp1.work@example.com'[39m,
[2m[WebServer] [22m  roles: [ [32m'department employee'[39m ],
[2m[WebServer] [22m  permissions: [],
[2m[WebServer] [22m  primaryDepartmentId: [32m'69275d8afc1184a3b3e6c55f'[39m,
[2m[WebServer] [22m  employeeNumber: [32m'EMP-1026'[39m,
[2m[WebServer] [22m  iat: [33m1765982878[39m,
[2m[WebServer] [22m  exp: [33m1766069278[39m
[2m[WebServer] [22m}
[2m[WebServer] [22m≡ƒöÑ JwtAuthGuard: handleRequest() {
[2m[WebServer] [22m  err: [1mnull[22m,
[2m[WebServer] [22m  user: {
[2m[WebServer] [22m    id: [32m'6929e2de934d8e079e6f55b6'[39m,
[2m[WebServer] [22m    workEmail: [32m'engemp1.work@example.com'[39m,
[2m[WebServer] [22m    roles: [ [32m'department employee'[39m ],
[2m[WebServer] [22m    permissions: [],
[2m[WebServer] [22m    primaryDepartmentId: [32m'69275d8afc1184a3b3e6c55f'[39m,
[2m[WebServer] [22m    employeeNumber: [32m'EMP-1026'[39m
[2m[WebServer] [22m  },
[2m[WebServer] [22m  info: [90mundefined[39m
[2m[WebServer] [22m}
[2m[WebServer] [22mΓ£à JwtAuthGuard SUCCESS ΓåÆ user authenticated: 6929e2de934d8e079e6f55b6
[2m[WebServer] [22m≡ƒöÑ RolesGuard running!
[2m[WebServer] [22m
[2m[WebServer] [22m===== ROLE GUARD =====
[2m[WebServer] [22mRequired roles: [
[2m[WebServer] [22m  [32m'department employee'[39m,
[2m[WebServer] [22m  [32m'HR Employee'[39m,
[2m[WebServer] [22m  [32m'department head'[39m,
[2m[WebServer] [22m  [32m'HR Manager'[39m,
[2m[WebServer] [22m  [32m'HR Admin'[39m,
[2m[WebServer] [22m  [32m'System Admin'[39m
[2m[WebServer] [22m]
[2m[WebServer] [22mUser object: {
[2m[WebServer] [22m  id: [32m'6929e2de934d8e079e6f55b6'[39m,
[2m[WebServer] [22m  workEmail: [32m'engemp1.work@example.com'[39m,
[2m[WebServer] [22m  roles: [ [32m'department employee'[39m ],
[2m[WebServer] [22m  permissions: [],
[2m[WebServer] [22m  primaryDepartmentId: [32m'69275d8afc1184a3b3e6c55f'[39m,
[2m[WebServer] [22m  employeeNumber: [32m'EMP-1026'[39m
[2m[WebServer] [22m}
[2m[WebServer] [22mNormalized user roles: [ [32m'department employee'[39m ]
[2m[WebServer] [22mNormalized required roles: [
[2m[WebServer] [22m  [32m'department employee'[39m,
[2m[WebServer] [22m  [32m'hr employee'[39m,
[2m[WebServer] [22m  [32m'department head'[39m,
[2m[WebServer] [22m  [32m'hr manager'[39m,
[2m[WebServer] [22m  [32m'hr admin'[39m,
[2m[WebServer] [22m  [32m'system admin'[39m
[2m[WebServer] [22m]
[2m[WebServer] [22mHas required role? [33mtrue[39m
[2m[WebServer] [22mΓ£ö ACCESS GRANTED Γ£ö
[2m[WebServer] [22m≡ƒöì [TrackingController] getMyHistory: {
[2m[WebServer] [22m  filters: [Object: null prototype] {},
[2m[WebServer] [22m  userId: [32m'6929e2de934d8e079e6f55b6'[39m
[2m[WebServer] [22m}
Γ£à Login successful
≡ƒôà Testing: REQ-018 (Date range selection)
[2m[WebServer] [22m GET /leaves/my-leaves [32m200[39m in 43ms[2m (compile: 3ms, render: 40ms)[22m
[2m[WebServer] [22m≡ƒöÑ JwtAuthGuard: canActivate CALLED
[2m[WebServer] [22m≡ƒöì JWT Extractor - All cookies: {
[2m[WebServer] [22m  accessToken: [32m'eyJhbGciOiJIUzI1NiIsInR5cCI6IkpXVCJ9.eyJzdWIiOiI2OTI5ZTJkZTkzNGQ4ZTA3OWU2ZjU1YjYiLCJ3b3JrRW1haWwiOiJlbmdlbXAxLndvcmtAZXhhbXBsZS5jb20iLCJyb2xlcyI6WyJkZXBhcnRtZW50IGVtcGxveWVlIl0sInBlcm1pc3Npb25zIjpbXSwicHJpbWFyeURlcGFydG1lbnRJZCI6IjY5Mjc1ZDhhZmMxMTg0YTNiM2U2YzU1ZiIsImVtcGxveWVlTnVtYmVyIjoiRU1QLTEwMjYiLCJpYXQiOjE3NjU5ODI4NzgsImV4cCI6MTc2NjA2OTI3OH0.zGI5DCIcrF1tnqDQT6gNpbjRQPuZ2lqCQ-U-oT-5MpA'[39m
[2m[WebServer] [22m}
[2m[WebServer] [22m≡ƒöì JWT Extractor - Headers: accessToken=eyJhbGciOiJIUzI1NiIsInR5cCI6IkpXVCJ9.eyJzdWIiOiI2OTI5ZTJkZTkzNGQ4ZTA3OWU2ZjU1YjYiLCJ3b3JrRW1haWwiOiJlbmdlbXAxLndvcmtAZXhhbXBsZS5jb20iLCJyb2xlcyI6WyJkZXBhcnRtZW50IGVtcGxveWVlIl0sInBlcm1pc3Npb25zIjpbXSwicHJpbWFyeURlcGFydG1lbnRJZCI6IjY5Mjc1ZDhhZmMxMTg0YTNiM2U2YzU1ZiIsImVtcGxveWVlTnVtYmVyIjoiRU1QLTEwMjYiLCJpYXQiOjE3NjU5ODI4NzgsImV4cCI6MTc2NjA2OTI3OH0.zGI5DCIcrF1tnqDQT6gNpbjRQPuZ2lqCQ-U-oT-5MpA
[2m[WebServer] [22m≡ƒöì JWT Extractor - accessToken: FOUND
[2m[WebServer] [22mJwtStrategy VALIDATE: {
[2m[WebServer] [22m  sub: [32m'6929e2de934d8e079e6f55b6'[39m,
[2m[WebServer] [22m  workEmail: [32m'engemp1.work@example.com'[39m,
[2m[WebServer] [22m  roles: [ [32m'department employee'[39m ],
[2m[WebServer] [22m  permissions: [],
[2m[WebServer] [22m  primaryDepartmentId: [32m'69275d8afc1184a3b3e6c55f'[39m,
[2m[WebServer] [22m  employeeNumber: [32m'EMP-1026'[39m,
[2m[WebServer] [22m  iat: [33m1765982878[39m,
[2m[WebServer] [22m  exp: [33m1766069278[39m
[2m[WebServer] [22m}
[2m[WebServer] [22m≡ƒöÑ JwtAuthGuard: handleRequest() {
[2m[WebServer] [22m  err: [1mnull[22m,
[2m[WebServer] [22m  user: {
[2m[WebServer] [22m    id: [32m'6929e2de934d8e079e6f55b6'[39m,
[2m[WebServer] [22m    workEmail: [32m'engemp1.work@example.com'[39m,
[2m[WebServer] [22m    roles: [ [32m'department employee'[39m ],
[2m[WebServer] [22m    permissions: [],
[2m[WebServer] [22m    primaryDepartmentId: [32m'69275d8afc1184a3b3e6c55f'[39m,
[2m[WebServer] [22m    employeeNumber: [32m'EMP-1026'[39m
[2m[WebServer] [22m  },
[2m[WebServer] [22m  info: [90mundefined[39m
[2m[WebServer] [22m}
[2m[WebServer] [22mΓ£à JwtAuthGuard SUCCESS ΓåÆ user authenticated: 6929e2de934d8e079e6f55b6
[2m[WebServer] [22m≡ƒöì [LeaveTypeController] findAll
[2m[WebServer] [22m≡ƒöÑ JwtAuthGuard: canActivate CALLED
[2m[WebServer] [22m≡ƒöì JWT Extractor - All cookies: {
[2m[WebServer] [22m  accessToken: [32m'eyJhbGciOiJIUzI1NiIsInR5cCI6IkpXVCJ9.eyJzdWIiOiI2OTI5ZTJkZTkzNGQ4ZTA3OWU2ZjU1YjYiLCJ3b3JrRW1haWwiOiJlbmdlbXAxLndvcmtAZXhhbXBsZS5jb20iLCJyb2xlcyI6WyJkZXBhcnRtZW50IGVtcGxveWVlIl0sInBlcm1pc3Npb25zIjpbXSwicHJpbWFyeURlcGFydG1lbnRJZCI6IjY5Mjc1ZDhhZmMxMTg0YTNiM2U2YzU1ZiIsImVtcGxveWVlTnVtYmVyIjoiRU1QLTEwMjYiLCJpYXQiOjE3NjU5ODI4NzgsImV4cCI6MTc2NjA2OTI3OH0.zGI5DCIcrF1tnqDQT6gNpbjRQPuZ2lqCQ-U-oT-5MpA'[39m
[2m[WebServer] [22m}
[2m[WebServer] [22m≡ƒöì JWT Extractor - Headers: accessToken=eyJhbGciOiJIUzI1NiIsInR5cCI6IkpXVCJ9.eyJzdWIiOiI2OTI5ZTJkZTkzNGQ4ZTA3OWU2ZjU1YjYiLCJ3b3JrRW1haWwiOiJlbmdlbXAxLndvcmtAZXhhbXBsZS5jb20iLCJyb2xlcyI6WyJkZXBhcnRtZW50IGVtcGxveWVlIl0sInBlcm1pc3Npb25zIjpbXSwicHJpbWFyeURlcGFydG1lbnRJZCI6IjY5Mjc1ZDhhZmMxMTg0YTNiM2U2YzU1ZiIsImVtcGxveWVlTnVtYmVyIjoiRU1QLTEwMjYiLCJpYXQiOjE3NjU5ODI4NzgsImV4cCI6MTc2NjA2OTI3OH0.zGI5DCIcrF1tnqDQT6gNpbjRQPuZ2lqCQ-U-oT-5MpA
[2m[WebServer] [22m≡ƒöì JWT Extractor - accessToken: FOUND
[2m[WebServer] [22mJwtStrategy VALIDATE: {
[2m[WebServer] [22m  sub: [32m'6929e2de934d8e079e6f55b6'[39m,
[2m[WebServer] [22m  workEmail: [32m'engemp1.work@example.com'[39m,
[2m[WebServer] [22m  roles: [ [32m'department employee'[39m ],
[2m[WebServer] [22m  permissions: [],
[2m[WebServer] [22m  primaryDepartmentId: [32m'69275d8afc1184a3b3e6c55f'[39m,
[2m[WebServer] [22m  employeeNumber: [32m'EMP-1026'[39m,
[2m[WebServer] [22m  iat: [33m1765982878[39m,
[2m[WebServer] [22m  exp: [33m1766069278[39m
[2m[WebServer] [22m}
[2m[WebServer] [22m≡ƒöÑ JwtAuthGuard: handleRequest() {
[2m[WebServer] [22m  err: [1mnull[22m,
[2m[WebServer] [22m  user: {
[2m[WebServer] [22m    id: [32m'6929e2de934d8e079e6f55b6'[39m,
[2m[WebServer] [22m    workEmail: [32m'engemp1.work@example.com'[39m,
[2m[WebServer] [22m    roles: [ [32m'department employee'[39m ],
[2m[WebServer] [22m    permissions: [],
[2m[WebServer] [22m    primaryDepartmentId: [32m'69275d8afc1184a3b3e6c55f'[39m,
[2m[WebServer] [22m    employeeNumber: [32m'EMP-1026'[39m
[2m[WebServer] [22m  },
[2m[WebServer] [22m  info: [90mundefined[39m
[2m[WebServer] [22m}
[2m[WebServer] [22mΓ£à JwtAuthGuard SUCCESS ΓåÆ user authenticated: 6929e2de934d8e079e6f55b6
[2m[WebServer] [22m≡ƒöÑ RolesGuard running!
[2m[WebServer] [22m
[2m[WebServer] [22m===== ROLE GUARD =====
[2m[WebServer] [22mRequired roles: [
[2m[WebServer] [22m  [32m'department employee'[39m,
[2m[WebServer] [22m  [32m'HR Employee'[39m,
[2m[WebServer] [22m  [32m'department head'[39m,
[2m[WebServer] [22m  [32m'HR Manager'[39m,
[2m[WebServer] [22m  [32m'HR Admin'[39m,
[2m[WebServer] [22m  [32m'System Admin'[39m
[2m[WebServer] [22m]
[2m[WebServer] [22mUser object: {
[2m[WebServer] [22m  id: [32m'6929e2de934d8e079e6f55b6'[39m,
[2m[WebServer] [22m  workEmail: [32m'engemp1.work@example.com'[39m,
[2m[WebServer] [22m  roles: [ [32m'department employee'[39m ],
[2m[WebServer] [22m  permissions: [],
[2m[WebServer] [22m  primaryDepartmentId: [32m'69275d8afc1184a3b3e6c55f'[39m,
[2m[WebServer] [22m  employeeNumber: [32m'EMP-1026'[39m
[2m[WebServer] [22m}
[2m[WebServer] [22mNormalized user roles: [ [32m'department employee'[39m ]
[2m[WebServer] [22mNormalized required roles: [
[2m[WebServer] [22m  [32m'department employee'[39m,
[2m[WebServer] [22m  [32m'hr employee'[39m,
[2m[WebServer] [22m  [32m'department head'[39m,
[2m[WebServer] [22m  [32m'hr manager'[39m,
[2m[WebServer] [22m  [32m'hr admin'[39m,
[2m[WebServer] [22m  [32m'system admin'[39m
[2m[WebServer] [22m]
[2m[WebServer] [22mHas required role? [33mtrue[39m
[2m[WebServer] [22mΓ£ö ACCESS GRANTED Γ£ö
[2m[WebServer] [22m≡ƒöì [TrackingController] getMyBalances: {
[2m[WebServer] [22m  query: [Object: null prototype] {},
[2m[WebServer] [22m  userId: [32m'6929e2de934d8e079e6f55b6'[39m
[2m[WebServer] [22m}
[2m[WebServer] [22m≡ƒöÑ JwtAuthGuard: canActivate CALLED
[2m[WebServer] [22m≡ƒöì JWT Extractor - All cookies: {
[2m[WebServer] [22m  accessToken: [32m'eyJhbGciOiJIUzI1NiIsInR5cCI6IkpXVCJ9.eyJzdWIiOiI2OTI5ZTJkZTkzNGQ4ZTA3OWU2ZjU1YjYiLCJ3b3JrRW1haWwiOiJlbmdlbXAxLndvcmtAZXhhbXBsZS5jb20iLCJyb2xlcyI6WyJkZXBhcnRtZW50IGVtcGxveWVlIl0sInBlcm1pc3Npb25zIjpbXSwicHJpbWFyeURlcGFydG1lbnRJZCI6IjY5Mjc1ZDhhZmMxMTg0YTNiM2U2YzU1ZiIsImVtcGxveWVlTnVtYmVyIjoiRU1QLTEwMjYiLCJpYXQiOjE3NjU5ODI4NzgsImV4cCI6MTc2NjA2OTI3OH0.zGI5DCIcrF1tnqDQT6gNpbjRQPuZ2lqCQ-U-oT-5MpA'[39m
[2m[WebServer] [22m}
[2m[WebServer] [22m≡ƒöì JWT Extractor - Headers: accessToken=eyJhbGciOiJIUzI1NiIsInR5cCI6IkpXVCJ9.eyJzdWIiOiI2OTI5ZTJkZTkzNGQ4ZTA3OWU2ZjU1YjYiLCJ3b3JrRW1haWwiOiJlbmdlbXAxLndvcmtAZXhhbXBsZS5jb20iLCJyb2xlcyI6WyJkZXBhcnRtZW50IGVtcGxveWVlIl0sInBlcm1pc3Npb25zIjpbXSwicHJpbWFyeURlcGFydG1lbnRJZCI6IjY5Mjc1ZDhhZmMxMTg0YTNiM2U2YzU1ZiIsImVtcGxveWVlTnVtYmVyIjoiRU1QLTEwMjYiLCJpYXQiOjE3NjU5ODI4NzgsImV4cCI6MTc2NjA2OTI3OH0.zGI5DCIcrF1tnqDQT6gNpbjRQPuZ2lqCQ-U-oT-5MpA
[2m[WebServer] [22m≡ƒöì JWT Extractor - accessToken: FOUND
[2m[WebServer] [22mJwtStrategy VALIDATE: {
[2m[WebServer] [22m  sub: [32m'6929e2de934d8e079e6f55b6'[39m,
[2m[WebServer] [22m  workEmail: [32m'engemp1.work@example.com'[39m,
[2m[WebServer] [22m  roles: [ [32m'department employee'[39m ],
[2m[WebServer] [22m  permissions: [],
[2m[WebServer] [22m  primaryDepartmentId: [32m'69275d8afc1184a3b3e6c55f'[39m,
[2m[WebServer] [22m  employeeNumber: [32m'EMP-1026'[39m,
[2m[WebServer] [22m  iat: [33m1765982878[39m,
[2m[WebServer] [22m  exp: [33m1766069278[39m
[2m[WebServer] [22m}
[2m[WebServer] [22m≡ƒöÑ JwtAuthGuard: handleRequest() {
[2m[WebServer] [22m  err: [1mnull[22m,
[2m[WebServer] [22m  user: {
[2m[WebServer] [22m    id: [32m'6929e2de934d8e079e6f55b6'[39m,
[2m[WebServer] [22m    workEmail: [32m'engemp1.work@example.com'[39m,
[2m[WebServer] [22m    roles: [ [32m'department employee'[39m ],
[2m[WebServer] [22m    permissions: [],
[2m[WebServer] [22m    primaryDepartmentId: [32m'69275d8afc1184a3b3e6c55f'[39m,
[2m[WebServer] [22m    employeeNumber: [32m'EMP-1026'[39m
[2m[WebServer] [22m  },
[2m[WebServer] [22m  info: [90mundefined[39m
[2m[WebServer] [22m}
[2m[WebServer] [22mΓ£à JwtAuthGuard SUCCESS ΓåÆ user authenticated: 6929e2de934d8e079e6f55b6
[2m[WebServer] [22m≡ƒöÑ RolesGuard running!
[2m[WebServer] [22m
[2m[WebServer] [22m===== ROLE GUARD =====
[2m[WebServer] [22mRequired roles: [
[2m[WebServer] [22m  [32m'department employee'[39m,
[2m[WebServer] [22m  [32m'HR Employee'[39m,
[2m[WebServer] [22m  [32m'department head'[39m,
[2m[WebServer] [22m  [32m'HR Manager'[39m,
[2m[WebServer] [22m  [32m'HR Admin'[39m,
[2m[WebServer] [22m  [32m'System Admin'[39m
[2m[WebServer] [22m]
[2m[WebServer] [22mUser object: {
[2m[WebServer] [22m  id: [32m'6929e2de934d8e079e6f55b6'[39m,
[2m[WebServer] [22m  workEmail: [32m'engemp1.work@example.com'[39m,
[2m[WebServer] [22m  roles: [ [32m'department employee'[39m ],
[2m[WebServer] [22m  permissions: [],
[2m[WebServer] [22m  primaryDepartmentId: [32m'69275d8afc1184a3b3e6c55f'[39m,
[2m[WebServer] [22m  employeeNumber: [32m'EMP-1026'[39m
[2m[WebServer] [22m}
[2m[WebServer] [22mNormalized user roles: [ [32m'department employee'[39m ]
[2m[WebServer] [22mNormalized required roles: [
[2m[WebServer] [22m  [32m'department employee'[39m,
[2m[WebServer] [22m  [32m'hr employee'[39m,
[2m[WebServer] [22m  [32m'department head'[39m,
[2m[WebServer] [22m  [32m'hr manager'[39m,
[2m[WebServer] [22m  [32m'hr admin'[39m,
[2m[WebServer] [22m  [32m'system admin'[39m
[2m[WebServer] [22m]
[2m[WebServer] [22mHas required role? [33mtrue[39m
[2m[WebServer] [22mΓ£ö ACCESS GRANTED Γ£ö
[2m[WebServer] [22m≡ƒöì [RequestsController] getMyRequests: { userId: [90mundefined[39m }
Γ£à Date selection accessible - REQ-018 validated
  Γ£ô   5 [chromium] ΓÇ║ leave-tests.spec.ts:185:7 ΓÇ║ ≡ƒÖï EMPLOYEE 1 (EMP-1026 - Engineering) - All Scenarios ΓÇ║ Γ£à B2: Date range selection (REQ-018) (9.1s)
≡ƒöÉ Logging in as: engemp1.work@example.com
[2m[WebServer] [22m GET /login [32m200[39m in 31ms[2m (compile: 3ms, render: 29ms)[22m
[2m[WebServer] [22m≡ƒöÑ JwtAuthGuard: canActivate CALLED
[2m[WebServer] [22m≡ƒöì JWT Extractor - All cookies: [Object: null prototype] {}
[2m[WebServer] [22m≡ƒöì JWT Extractor - Headers: [90mundefined[39m
[2m[WebServer] [22m≡ƒöì JWT Extractor - accessToken: NOT FOUND
[2m[WebServer] [22m≡ƒöÑ JwtAuthGuard: handleRequest() {
[2m[WebServer] [22m  err: [1mnull[22m,
[2m[WebServer] [22m  user: [33mfalse[39m,
[2m[WebServer] [22m  info: Error: No auth token
[2m[WebServer] [22m      at JwtStrategy.authenticate [90m(C:\Users\Bedon\Desktop\semester-5-software-project\backend\[39mnode_modules\[4mpassport-jwt[24m\lib\strategy.js:96:26[90m)[39m
[2m[WebServer] [22m      at attempt [90m(C:\Users\Bedon\Desktop\semester-5-software-project\backend\[39mnode_modules\[4mpassport[24m\lib\middleware\authenticate.js:378:16[90m)[39m
[2m[WebServer] [22m      at authenticate [90m(C:\Users\Bedon\Desktop\semester-5-software-project\backend\[39mnode_modules\[4mpassport[24m\lib\middleware\authenticate.js:379:7[90m)[39m
[2m[WebServer] [22m      at [90mC:\Users\Bedon\Desktop\semester-5-software-project\backend\[39mnode_modules\[4m@nestjs[24m\passport\dist\auth.guard.js:88:3
[2m[WebServer] [22m      at new Promise (<anonymous>)
[2m[WebServer] [22m      at [90mC:\Users\Bedon\Desktop\semester-5-software-project\backend\[39mnode_modules\[4m@nestjs[24m\passport\dist\auth.guard.js:80:83
[2m[WebServer] [22m      at JwtAuthGuard.canActivate [90m(C:\Users\Bedon\Desktop\semester-5-software-project\backend\[39mnode_modules\[4m@nestjs[24m\passport\dist\auth.guard.js:44:32[90m)[39m
[2m[WebServer] [22m  [90m    at process.processTicksAndRejections (node:internal/process/task_queues:105:5)[39m
[2m[WebServer] [22m}
[2m[WebServer] [22mΓ¥î JwtAuthGuard INFO: Error: No auth token
[2m[WebServer] [22m    at JwtStrategy.authenticate 
[90m(C:\Users\Bedon\Desktop\semester-5-software-project\backend\[39mnode_modules\[4mpassport-jwt[24m\lib\strategy.js:96:26[90m)[39m
[2m[WebServer] [22m    at attempt [90m(C:\Users\Bedon\Desktop\semester-5-software-project\backend\[39mnode_modules\[4mpassport[24m\lib\mi
ddleware\authenticate.js:378:16[90m)[39m
[2m[WebServer] [22m    at authenticate [90m(C:\Users\Bedon\Desktop\semester-5-software-project\backend\[39mnode_modules\[4mpassport[24m\l
ib\middleware\authenticate.js:379:7[90m)[39m
[2m[WebServer] [22m    at 
[90mC:\Users\Bedon\Desktop\semester-5-software-project\backend\[39mnode_modules\[4m@nestjs[24m\passport\dist\auth.guard.js:88:3
[2m[WebServer] [22m    at new Promise (<anonymous>)
[2m[WebServer] [22m    at 
[90mC:\Users\Bedon\Desktop\semester-5-software-project\backend\[39mnode_modules\[4m@nestjs[24m\passport\dist\auth.guard.js:80:83
[2m[WebServer] [22m    at JwtAuthGuard.canActivate [90m(C:\Users\Bedon\Desktop\semester-5-software-project\backend\[39mnode_modules\[4m@ne
stjs[24m\passport\dist\auth.guard.js:44:32[90m)[39m
[2m[WebServer] [22m[90m    at process.processTicksAndRejections (node:internal/process/task_queues:105:5)[39m
[2m[WebServer] [22mΓ¥î JwtAuthGuard FAILING ΓåÆ No auth token
[2m[WebServer] [22mVALIDATE EMPLOYEE - systemRole = {
[2m[WebServer] [22m  _id: new ObjectId([32m'6929e2de934d8e079e6f55b8'[39m),
[2m[WebServer] [22m  employeeProfileId: new ObjectId([32m'6929e2de934d8e079e6f55b6'[39m),
[2m[WebServer] [22m  roles: [ [32m'department employee'[39m ],
[2m[WebServer] [22m  permissions: [],
[2m[WebServer] [22m  isActive: [33mtrue[39m,
[2m[WebServer] [22m  createdAt: [35m2025-11-28T17:58:54.894Z[39m,
[2m[WebServer] [22m  updatedAt: [35m2025-11-28T17:58:54.894Z[39m,
[2m[WebServer] [22m  __v: [33m0[39m
[2m[WebServer] [22m}
[2m[WebServer] [22mGenerated token: eyJhbGciOiJIUzI1NiIsInR5cCI6IkpXVCJ9.eyJzdWIiOiI2OTI5ZTJkZTkzNGQ4ZTA3OWU2ZjU1YjYiLCJ3b3JrRW1haWwiOiJlbmdlbXAxLndvcmtAZXhhbXBsZS5jb20iLCJyb2xlcyI6WyJkZXBhcnRtZW50IGVtcGxveWVlIl0sInBlcm1pc3Npb25zIjpbXSwicHJpbWFyeURlcGFydG1lbnRJZCI6IjY5Mjc1ZDhhZmMxMTg0YTNiM2U2YzU1ZiIsImVtcGxveWVlTnVtYmVyIjoiRU1QLTEwMjYiLCJpYXQiOjE3NjU5ODI4ODcsImV4cCI6MTc2NjA2OTI4N30.DUIWLnHQzCX5pYV-hL7Qoula9V8x29y7a6iYhlnx2y0
[2m[WebServer] [22m GET /leaves [32m200[39m in 19ms[2m (compile: 3ms, render: 16ms)[22m
[2m[WebServer] [22m≡ƒöÑ JwtAuthGuard: canActivate CALLED
[2m[WebServer] [22m≡ƒöì JWT Extractor - All cookies: {
[2m[WebServer] [22m  accessToken: [32m'eyJhbGciOiJIUzI1NiIsInR5cCI6IkpXVCJ9.eyJzdWIiOiI2OTI5ZTJkZTkzNGQ4ZTA3OWU2ZjU1YjYiLCJ3b3JrRW1haWwiOiJlbmdlbXAxLndvcmtAZXhhbXBsZS5jb20iLCJyb2xlcyI6WyJkZXBhcnRtZW50IGVtcGxveWVlIl0sInBlcm1pc3Npb25zIjpbXSwicHJpbWFyeURlcGFydG1lbnRJZCI6IjY5Mjc1ZDhhZmMxMTg0YTNiM2U2YzU1ZiIsImVtcGxveWVlTnVtYmVyIjoiRU1QLTEwMjYiLCJpYXQiOjE3NjU5ODI4ODcsImV4cCI6MTc2NjA2OTI4N30.DUIWLnHQzCX5pYV-hL7Qoula9V8x29y7a6iYhlnx2y0'[39m
[2m[WebServer] [22m}
[2m[WebServer] [22m≡ƒöì JWT Extractor - Headers: accessToken=eyJhbGciOiJIUzI1NiIsInR5cCI6IkpXVCJ9.eyJzdWIiOiI2OTI5ZTJkZTkzNGQ4ZTA3OWU2ZjU1YjYiLCJ3b3JrRW1haWwiOiJlbmdlbXAxLndvcmtAZXhhbXBsZS5jb20iLCJyb2xlcyI6WyJkZXBhcnRtZW50IGVtcGxveWVlIl0sInBlcm1pc3Npb25zIjpbXSwicHJpbWFyeURlcGFydG1lbnRJZCI6IjY5Mjc1ZDhhZmMxMTg0YTNiM2U2YzU1ZiIsImVtcGxveWVlTnVtYmVyIjoiRU1QLTEwMjYiLCJpYXQiOjE3NjU5ODI4ODcsImV4cCI6MTc2NjA2OTI4N30.DUIWLnHQzCX5pYV-hL7Qoula9V8x29y7a6iYhlnx2y0
[2m[WebServer] [22m≡ƒöì JWT Extractor - accessToken: FOUND
[2m[WebServer] [22mJwtStrategy VALIDATE: {
[2m[WebServer] [22m  sub: [32m'6929e2de934d8e079e6f55b6'[39m,
[2m[WebServer] [22m  workEmail: [32m'engemp1.work@example.com'[39m,
[2m[WebServer] [22m  roles: [ [32m'department employee'[39m ],
[2m[WebServer] [22m  permissions: [],
[2m[WebServer] [22m  primaryDepartmentId: [32m'69275d8afc1184a3b3e6c55f'[39m,
[2m[WebServer] [22m  employeeNumber: [32m'EMP-1026'[39m,
[2m[WebServer] [22m  iat: [33m1765982887[39m,
[2m[WebServer] [22m  exp: [33m1766069287[39m
[2m[WebServer] [22m}
[2m[WebServer] [22m≡ƒöÑ JwtAuthGuard: handleRequest() {
[2m[WebServer] [22m  err: [1mnull[22m,
[2m[WebServer] [22m  user: {
[2m[WebServer] [22m    id: [32m'6929e2de934d8e079e6f55b6'[39m,
[2m[WebServer] [22m    workEmail: [32m'engemp1.work@example.com'[39m,
[2m[WebServer] [22m    roles: [ [32m'department employee'[39m ],
[2m[WebServer] [22m    permissions: [],
[2m[WebServer] [22m    primaryDepartmentId: [32m'69275d8afc1184a3b3e6c55f'[39m,
[2m[WebServer] [22m    employeeNumber: [32m'EMP-1026'[39m
[2m[WebServer] [22m  },
[2m[WebServer] [22m  info: [90mundefined[39m
[2m[WebServer] [22m}
[2m[WebServer] [22mΓ£à JwtAuthGuard SUCCESS ΓåÆ user authenticated: 6929e2de934d8e079e6f55b6
[2m[WebServer] [22m≡ƒöÑ RolesGuard running!
[2m[WebServer] [22m
[2m[WebServer] [22m===== ROLE GUARD =====
[2m[WebServer] [22mRequired roles: [
[2m[WebServer] [22m  [32m'department employee'[39m,
[2m[WebServer] [22m  [32m'HR Employee'[39m,
[2m[WebServer] [22m  [32m'department head'[39m,
[2m[WebServer] [22m  [32m'HR Manager'[39m,
[2m[WebServer] [22m  [32m'HR Admin'[39m,
[2m[WebServer] [22m  [32m'System Admin'[39m
[2m[WebServer] [22m]
[2m[WebServer] [22mUser object: {
[2m[WebServer] [22m  id: [32m'6929e2de934d8e079e6f55b6'[39m,
[2m[WebServer] [22m  workEmail: [32m'engemp1.work@example.com'[39m,
[2m[WebServer] [22m  roles: [ [32m'department employee'[39m ],
[2m[WebServer] [22m  permissions: [],
[2m[WebServer] [22m  primaryDepartmentId: [32m'69275d8afc1184a3b3e6c55f'[39m,
[2m[WebServer] [22m  employeeNumber: [32m'EMP-1026'[39m
[2m[WebServer] [22m}
[2m[WebServer] [22mNormalized user roles: [ [32m'department employee'[39m ]
[2m[WebServer] [22mNormalized required roles: [
[2m[WebServer] [22m  [32m'department employee'[39m,
[2m[WebServer] [22m  [32m'hr employee'[39m,
[2m[WebServer] [22m  [32m'department head'[39m,
[2m[WebServer] [22m  [32m'hr manager'[39m,
[2m[WebServer] [22m  [32m'hr admin'[39m,
[2m[WebServer] [22m  [32m'system admin'[39m
[2m[WebServer] [22m]
[2m[WebServer] [22mHas required role? [33mtrue[39m
[2m[WebServer] [22mΓ£ö ACCESS GRANTED Γ£ö
[2m[WebServer] [22m≡ƒöì [TrackingController] getMyBalances: {
[2m[WebServer] [22m  query: [Object: null prototype] {},
[2m[WebServer] [22m  userId: [32m'6929e2de934d8e079e6f55b6'[39m
[2m[WebServer] [22m}
[2m[WebServer] [22m≡ƒöÑ JwtAuthGuard: canActivate CALLED
[2m[WebServer] [22m≡ƒöì JWT Extractor - All cookies: {
[2m[WebServer] [22m  accessToken: [32m'eyJhbGciOiJIUzI1NiIsInR5cCI6IkpXVCJ9.eyJzdWIiOiI2OTI5ZTJkZTkzNGQ4ZTA3OWU2ZjU1YjYiLCJ3b3JrRW1haWwiOiJlbmdlbXAxLndvcmtAZXhhbXBsZS5jb20iLCJyb2xlcyI6WyJkZXBhcnRtZW50IGVtcGxveWVlIl0sInBlcm1pc3Npb25zIjpbXSwicHJpbWFyeURlcGFydG1lbnRJZCI6IjY5Mjc1ZDhhZmMxMTg0YTNiM2U2YzU1ZiIsImVtcGxveWVlTnVtYmVyIjoiRU1QLTEwMjYiLCJpYXQiOjE3NjU5ODI4ODcsImV4cCI6MTc2NjA2OTI4N30.DUIWLnHQzCX5pYV-hL7Qoula9V8x29y7a6iYhlnx2y0'[39m
[2m[WebServer] [22m}
[2m[WebServer] [22m≡ƒöì JWT Extractor - Headers: accessToken=eyJhbGciOiJIUzI1NiIsInR5cCI6IkpXVCJ9.eyJzdWIiOiI2OTI5ZTJkZTkzNGQ4ZTA3OWU2ZjU1YjYiLCJ3b3JrRW1haWwiOiJlbmdlbXAxLndvcmtAZXhhbXBsZS5jb20iLCJyb2xlcyI6WyJkZXBhcnRtZW50IGVtcGxveWVlIl0sInBlcm1pc3Npb25zIjpbXSwicHJpbWFyeURlcGFydG1lbnRJZCI6IjY5Mjc1ZDhhZmMxMTg0YTNiM2U2YzU1ZiIsImVtcGxveWVlTnVtYmVyIjoiRU1QLTEwMjYiLCJpYXQiOjE3NjU5ODI4ODcsImV4cCI6MTc2NjA2OTI4N30.DUIWLnHQzCX5pYV-hL7Qoula9V8x29y7a6iYhlnx2y0
[2m[WebServer] [22m≡ƒöì JWT Extractor - accessToken: FOUND
[2m[WebServer] [22mJwtStrategy VALIDATE: {
[2m[WebServer] [22m  sub: [32m'6929e2de934d8e079e6f55b6'[39m,
[2m[WebServer] [22m  workEmail: [32m'engemp1.work@example.com'[39m,
[2m[WebServer] [22m  roles: [ [32m'department employee'[39m ],
[2m[WebServer] [22m  permissions: [],
[2m[WebServer] [22m  primaryDepartmentId: [32m'69275d8afc1184a3b3e6c55f'[39m,
[2m[WebServer] [22m  employeeNumber: [32m'EMP-1026'[39m,
[2m[WebServer] [22m  iat: [33m1765982887[39m,
[2m[WebServer] [22m  exp: [33m1766069287[39m
[2m[WebServer] [22m}
[2m[WebServer] [22m≡ƒöÑ JwtAuthGuard: handleRequest() {
[2m[WebServer] [22m  err: [1mnull[22m,
[2m[WebServer] [22m  user: {
[2m[WebServer] [22m    id: [32m'6929e2de934d8e079e6f55b6'[39m,
[2m[WebServer] [22m    workEmail: [32m'engemp1.work@example.com'[39m,
[2m[WebServer] [22m    roles: [ [32m'department employee'[39m ],
[2m[WebServer] [22m    permissions: [],
[2m[WebServer] [22m    primaryDepartmentId: [32m'69275d8afc1184a3b3e6c55f'[39m,
[2m[WebServer] [22m    employeeNumber: [32m'EMP-1026'[39m
[2m[WebServer] [22m  },
[2m[WebServer] [22m  info: [90mundefined[39m
[2m[WebServer] [22m}
[2m[WebServer] [22mΓ£à JwtAuthGuard SUCCESS ΓåÆ user authenticated: 6929e2de934d8e079e6f55b6
[2m[WebServer] [22m≡ƒöÑ RolesGuard running!
[2m[WebServer] [22m
[2m[WebServer] [22m===== ROLE GUARD =====
[2m[WebServer] [22mRequired roles: [
[2m[WebServer] [22m  [32m'department employee'[39m,
[2m[WebServer] [22m  [32m'HR Employee'[39m,
[2m[WebServer] [22m  [32m'department head'[39m,
[2m[WebServer] [22m  [32m'HR Manager'[39m,
[2m[WebServer] [22m  [32m'HR Admin'[39m,
[2m[WebServer] [22m  [32m'System Admin'[39m
[2m[WebServer] [22m]
[2m[WebServer] [22mUser object: {
[2m[WebServer] [22m  id: [32m'6929e2de934d8e079e6f55b6'[39m,
[2m[WebServer] [22m  workEmail: [32m'engemp1.work@example.com'[39m,
[2m[WebServer] [22m  roles: [ [32m'department employee'[39m ],
[2m[WebServer] [22m  permissions: [],
[2m[WebServer] [22m  primaryDepartmentId: [32m'69275d8afc1184a3b3e6c55f'[39m,
[2m[WebServer] [22m  employeeNumber: [32m'EMP-1026'[39m
[2m[WebServer] [22m}
[2m[WebServer] [22mNormalized user roles: [ [32m'department employee'[39m ]
[2m[WebServer] [22mNormalized required roles: [
[2m[WebServer] [22m  [32m'department employee'[39m,
[2m[WebServer] [22m  [32m'hr employee'[39m,
[2m[WebServer] [22m  [32m'department head'[39m,
[2m[WebServer] [22m  [32m'hr manager'[39m,
[2m[WebServer] [22m  [32m'hr admin'[39m,
[2m[WebServer] [22m  [32m'system admin'[39m
[2m[WebServer] [22m]
[2m[WebServer] [22mHas required role? [33mtrue[39m
[2m[WebServer] [22mΓ£ö ACCESS GRANTED Γ£ö
[2m[WebServer] [22m≡ƒöì [TrackingController] getMyHistory: {
[2m[WebServer] [22m  filters: [Object: null prototype] {},
[2m[WebServer] [22m  userId: [32m'6929e2de934d8e079e6f55b6'[39m
[2m[WebServer] [22m}
Γ£à Login successful
ΓÅ░ Testing: REQ-019 (Half-day leave)
[2m[WebServer] [22m GET /leaves/my-leaves [32m200[39m in 39ms[2m (compile: 3ms, render: 37ms)[22m
[2m[WebServer] [22m≡ƒöÑ JwtAuthGuard: canActivate CALLED
[2m[WebServer] [22m≡ƒöì JWT Extractor - All cookies: {
[2m[WebServer] [22m  accessToken: [32m'eyJhbGciOiJIUzI1NiIsInR5cCI6IkpXVCJ9.eyJzdWIiOiI2OTI5ZTJkZTkzNGQ4ZTA3OWU2ZjU1YjYiLCJ3b3JrRW1haWwiOiJlbmdlbXAxLndvcmtAZXhhbXBsZS5jb20iLCJyb2xlcyI6WyJkZXBhcnRtZW50IGVtcGxveWVlIl0sInBlcm1pc3Npb25zIjpbXSwicHJpbWFyeURlcGFydG1lbnRJZCI6IjY5Mjc1ZDhhZmMxMTg0YTNiM2U2YzU1ZiIsImVtcGxveWVlTnVtYmVyIjoiRU1QLTEwMjYiLCJpYXQiOjE3NjU5ODI4ODcsImV4cCI6MTc2NjA2OTI4N30.DUIWLnHQzCX5pYV-hL7Qoula9V8x29y7a6iYhlnx2y0'[39m
[2m[WebServer] [22m}
[2m[WebServer] [22m≡ƒöì JWT Extractor - Headers: accessToken=eyJhbGciOiJIUzI1NiIsInR5cCI6IkpXVCJ9.eyJzdWIiOiI2OTI5ZTJkZTkzNGQ4ZTA3OWU2ZjU1YjYiLCJ3b3JrRW1haWwiOiJlbmdlbXAxLndvcmtAZXhhbXBsZS5jb20iLCJyb2xlcyI6WyJkZXBhcnRtZW50IGVtcGxveWVlIl0sInBlcm1pc3Npb25zIjpbXSwicHJpbWFyeURlcGFydG1lbnRJZCI6IjY5Mjc1ZDhhZmMxMTg0YTNiM2U2YzU1ZiIsImVtcGxveWVlTnVtYmVyIjoiRU1QLTEwMjYiLCJpYXQiOjE3NjU5ODI4ODcsImV4cCI6MTc2NjA2OTI4N30.DUIWLnHQzCX5pYV-hL7Qoula9V8x29y7a6iYhlnx2y0
[2m[WebServer] [22m≡ƒöì JWT Extractor - accessToken: FOUND
[2m[WebServer] [22mJwtStrategy VALIDATE: {
[2m[WebServer] [22m  sub: [32m'6929e2de934d8e079e6f55b6'[39m,
[2m[WebServer] [22m  workEmail: [32m'engemp1.work@example.com'[39m,
[2m[WebServer] [22m  roles: [ [32m'department employee'[39m ],
[2m[WebServer] [22m  permissions: [],
[2m[WebServer] [22m  primaryDepartmentId: [32m'69275d8afc1184a3b3e6c55f'[39m,
[2m[WebServer] [22m  employeeNumber: [32m'EMP-1026'[39m,
[2m[WebServer] [22m  iat: [33m1765982887[39m,
[2m[WebServer] [22m  exp: [33m1766069287[39m
[2m[WebServer] [22m}
[2m[WebServer] [22m≡ƒöÑ JwtAuthGuard: handleRequest() {
[2m[WebServer] [22m  err: [1mnull[22m,
[2m[WebServer] [22m  user: {
[2m[WebServer] [22m    id: [32m'6929e2de934d8e079e6f55b6'[39m,
[2m[WebServer] [22m    workEmail: [32m'engemp1.work@example.com'[39m,
[2m[WebServer] [22m    roles: [ [32m'department employee'[39m ],
[2m[WebServer] [22m    permissions: [],
[2m[WebServer] [22m    primaryDepartmentId: [32m'69275d8afc1184a3b3e6c55f'[39m,
[2m[WebServer] [22m    employeeNumber: [32m'EMP-1026'[39m
[2m[WebServer] [22m  },
[2m[WebServer] [22m  info: [90mundefined[39m
[2m[WebServer] [22m}
[2m[WebServer] [22mΓ£à JwtAuthGuard SUCCESS ΓåÆ user authenticated: 6929e2de934d8e079e6f55b6
[2m[WebServer] [22m≡ƒöì [LeaveTypeController] findAll
[2m[WebServer] [22m≡ƒöÑ JwtAuthGuard: canActivate CALLED
[2m[WebServer] [22m≡ƒöì JWT Extractor - All cookies: {
[2m[WebServer] [22m  accessToken: [32m'eyJhbGciOiJIUzI1NiIsInR5cCI6IkpXVCJ9.eyJzdWIiOiI2OTI5ZTJkZTkzNGQ4ZTA3OWU2ZjU1YjYiLCJ3b3JrRW1haWwiOiJlbmdlbXAxLndvcmtAZXhhbXBsZS5jb20iLCJyb2xlcyI6WyJkZXBhcnRtZW50IGVtcGxveWVlIl0sInBlcm1pc3Npb25zIjpbXSwicHJpbWFyeURlcGFydG1lbnRJZCI6IjY5Mjc1ZDhhZmMxMTg0YTNiM2U2YzU1ZiIsImVtcGxveWVlTnVtYmVyIjoiRU1QLTEwMjYiLCJpYXQiOjE3NjU5ODI4ODcsImV4cCI6MTc2NjA2OTI4N30.DUIWLnHQzCX5pYV-hL7Qoula9V8x29y7a6iYhlnx2y0'[39m
[2m[WebServer] [22m}
[2m[WebServer] [22m≡ƒöì JWT Extractor - Headers: accessToken=eyJhbGciOiJIUzI1NiIsInR5cCI6IkpXVCJ9.eyJzdWIiOiI2OTI5ZTJkZTkzNGQ4ZTA3OWU2ZjU1YjYiLCJ3b3JrRW1haWwiOiJlbmdlbXAxLndvcmtAZXhhbXBsZS5jb20iLCJyb2xlcyI6WyJkZXBhcnRtZW50IGVtcGxveWVlIl0sInBlcm1pc3Npb25zIjpbXSwicHJpbWFyeURlcGFydG1lbnRJZCI6IjY5Mjc1ZDhhZmMxMTg0YTNiM2U2YzU1ZiIsImVtcGxveWVlTnVtYmVyIjoiRU1QLTEwMjYiLCJpYXQiOjE3NjU5ODI4ODcsImV4cCI6MTc2NjA2OTI4N30.DUIWLnHQzCX5pYV-hL7Qoula9V8x29y7a6iYhlnx2y0
[2m[WebServer] [22m≡ƒöì JWT Extractor - accessToken: FOUND
[2m[WebServer] [22mJwtStrategy VALIDATE: {
[2m[WebServer] [22m  sub: [32m'6929e2de934d8e079e6f55b6'[39m,
[2m[WebServer] [22m  workEmail: [32m'engemp1.work@example.com'[39m,
[2m[WebServer] [22m  roles: [ [32m'department employee'[39m ],
[2m[WebServer] [22m  permissions: [],
[2m[WebServer] [22m  primaryDepartmentId: [32m'69275d8afc1184a3b3e6c55f'[39m,
[2m[WebServer] [22m  employeeNumber: [32m'EMP-1026'[39m,
[2m[WebServer] [22m  iat: [33m1765982887[39m,
[2m[WebServer] [22m  exp: [33m1766069287[39m
[2m[WebServer] [22m}
[2m[WebServer] [22m≡ƒöÑ JwtAuthGuard: handleRequest() {
[2m[WebServer] [22m  err: [1mnull[22m,
[2m[WebServer] [22m  user: {
[2m[WebServer] [22m    id: [32m'6929e2de934d8e079e6f55b6'[39m,
[2m[WebServer] [22m    workEmail: [32m'engemp1.work@example.com'[39m,
[2m[WebServer] [22m    roles: [ [32m'department employee'[39m ],
[2m[WebServer] [22m    permissions: [],
[2m[WebServer] [22m    primaryDepartmentId: [32m'69275d8afc1184a3b3e6c55f'[39m,
[2m[WebServer] [22m    employeeNumber: [32m'EMP-1026'[39m
[2m[WebServer] [22m  },
[2m[WebServer] [22m  info: [90mundefined[39m
[2m[WebServer] [22m}
[2m[WebServer] [22mΓ£à JwtAuthGuard SUCCESS ΓåÆ user authenticated: 6929e2de934d8e079e6f55b6
[2m[WebServer] [22m≡ƒöÑ RolesGuard running!
[2m[WebServer] [22m
[2m[WebServer] [22m===== ROLE GUARD =====
[2m[WebServer] [22mRequired roles: [
[2m[WebServer] [22m  [32m'department employee'[39m,
[2m[WebServer] [22m  [32m'HR Employee'[39m,
[2m[WebServer] [22m  [32m'department head'[39m,
[2m[WebServer] [22m  [32m'HR Manager'[39m,
[2m[WebServer] [22m  [32m'HR Admin'[39m,
[2m[WebServer] [22m  [32m'System Admin'[39m
[2m[WebServer] [22m]
[2m[WebServer] [22mUser object: {
[2m[WebServer] [22m  id: [32m'6929e2de934d8e079e6f55b6'[39m,
[2m[WebServer] [22m  workEmail: [32m'engemp1.work@example.com'[39m,
[2m[WebServer] [22m  roles: [ [32m'department employee'[39m ],
[2m[WebServer] [22m  permissions: [],
[2m[WebServer] [22m  primaryDepartmentId: [32m'69275d8afc1184a3b3e6c55f'[39m,
[2m[WebServer] [22m  employeeNumber: [32m'EMP-1026'[39m
[2m[WebServer] [22m}
[2m[WebServer] [22mNormalized user roles: [ [32m'department employee'[39m ]
[2m[WebServer] [22mNormalized required roles: [
[2m[WebServer] [22m  [32m'department employee'[39m,
[2m[WebServer] [22m  [32m'hr employee'[39m,
[2m[WebServer] [22m  [32m'department head'[39m,
[2m[WebServer] [22m  [32m'hr manager'[39m,
[2m[WebServer] [22m  [32m'hr admin'[39m,
[2m[WebServer] [22m  [32m'system admin'[39m
[2m[WebServer] [22m]
[2m[WebServer] [22mHas required role? [33mtrue[39m
[2m[WebServer] [22mΓ£ö ACCESS GRANTED Γ£ö
[2m[WebServer] [22m≡ƒöì [TrackingController] getMyBalances: {
[2m[WebServer] [22m  query: [Object: null prototype] {},
[2m[WebServer] [22m  userId: [32m'6929e2de934d8e079e6f55b6'[39m
[2m[WebServer] [22m}
[2m[WebServer] [22m≡ƒöÑ JwtAuthGuard: canActivate CALLED
[2m[WebServer] [22m≡ƒöì JWT Extractor - All cookies: {
[2m[WebServer] [22m  accessToken: [32m'eyJhbGciOiJIUzI1NiIsInR5cCI6IkpXVCJ9.eyJzdWIiOiI2OTI5ZTJkZTkzNGQ4ZTA3OWU2ZjU1YjYiLCJ3b3JrRW1haWwiOiJlbmdlbXAxLndvcmtAZXhhbXBsZS5jb20iLCJyb2xlcyI6WyJkZXBhcnRtZW50IGVtcGxveWVlIl0sInBlcm1pc3Npb25zIjpbXSwicHJpbWFyeURlcGFydG1lbnRJZCI6IjY5Mjc1ZDhhZmMxMTg0YTNiM2U2YzU1ZiIsImVtcGxveWVlTnVtYmVyIjoiRU1QLTEwMjYiLCJpYXQiOjE3NjU5ODI4ODcsImV4cCI6MTc2NjA2OTI4N30.DUIWLnHQzCX5pYV-hL7Qoula9V8x29y7a6iYhlnx2y0'[39m
[2m[WebServer] [22m}
[2m[WebServer] [22m≡ƒöì JWT Extractor - Headers: accessToken=eyJhbGciOiJIUzI1NiIsInR5cCI6IkpXVCJ9.eyJzdWIiOiI2OTI5ZTJkZTkzNGQ4ZTA3OWU2ZjU1YjYiLCJ3b3JrRW1haWwiOiJlbmdlbXAxLndvcmtAZXhhbXBsZS5jb20iLCJyb2xlcyI6WyJkZXBhcnRtZW50IGVtcGxveWVlIl0sInBlcm1pc3Npb25zIjpbXSwicHJpbWFyeURlcGFydG1lbnRJZCI6IjY5Mjc1ZDhhZmMxMTg0YTNiM2U2YzU1ZiIsImVtcGxveWVlTnVtYmVyIjoiRU1QLTEwMjYiLCJpYXQiOjE3NjU5ODI4ODcsImV4cCI6MTc2NjA2OTI4N30.DUIWLnHQzCX5pYV-hL7Qoula9V8x29y7a6iYhlnx2y0
[2m[WebServer] [22m≡ƒöì JWT Extractor - accessToken: FOUND
[2m[WebServer] [22mJwtStrategy VALIDATE: {
[2m[WebServer] [22m  sub: [32m'6929e2de934d8e079e6f55b6'[39m,
[2m[WebServer] [22m  workEmail: [32m'engemp1.work@example.com'[39m,
[2m[WebServer] [22m  roles: [ [32m'department employee'[39m ],
[2m[WebServer] [22m  permissions: [],
[2m[WebServer] [22m  primaryDepartmentId: [32m'69275d8afc1184a3b3e6c55f'[39m,
[2m[WebServer] [22m  employeeNumber: [32m'EMP-1026'[39m,
[2m[WebServer] [22m  iat: [33m1765982887[39m,
[2m[WebServer] [22m  exp: [33m1766069287[39m
[2m[WebServer] [22m}
[2m[WebServer] [22m≡ƒöÑ JwtAuthGuard: handleRequest() {
[2m[WebServer] [22m  err: [1mnull[22m,
[2m[WebServer] [22m  user: {
[2m[WebServer] [22m    id: [32m'6929e2de934d8e079e6f55b6'[39m,
[2m[WebServer] [22m    workEmail: [32m'engemp1.work@example.com'[39m,
[2m[WebServer] [22m    roles: [ [32m'department employee'[39m ],
[2m[WebServer] [22m    permissions: [],
[2m[WebServer] [22m    primaryDepartmentId: [32m'69275d8afc1184a3b3e6c55f'[39m,
[2m[WebServer] [22m    employeeNumber: [32m'EMP-1026'[39m
[2m[WebServer] [22m  },
[2m[WebServer] [22m  info: [90mundefined[39m
[2m[WebServer] [22m}
[2m[WebServer] [22mΓ£à JwtAuthGuard SUCCESS ΓåÆ user authenticated: 6929e2de934d8e079e6f55b6
[2m[WebServer] [22m≡ƒöÑ RolesGuard running!
[2m[WebServer] [22m
[2m[WebServer] [22m===== ROLE GUARD =====
[2m[WebServer] [22mRequired roles: [
[2m[WebServer] [22m  [32m'department employee'[39m,
[2m[WebServer] [22m  [32m'HR Employee'[39m,
[2m[WebServer] [22m  [32m'department head'[39m,
[2m[WebServer] [22m  [32m'HR Manager'[39m,
[2m[WebServer] [22m  [32m'HR Admin'[39m,
[2m[WebServer] [22m  [32m'System Admin'[39m
[2m[WebServer] [22m]
[2m[WebServer] [22mUser object: {
[2m[WebServer] [22m  id: [32m'6929e2de934d8e079e6f55b6'[39m,
[2m[WebServer] [22m  workEmail: [32m'engemp1.work@example.com'[39m,
[2m[WebServer] [22m  roles: [ [32m'department employee'[39m ],
[2m[WebServer] [22m  permissions: [],
[2m[WebServer] [22m  primaryDepartmentId: [32m'69275d8afc1184a3b3e6c55f'[39m,
[2m[WebServer] [22m  employeeNumber: [32m'EMP-1026'[39m
[2m[WebServer] [22m}
[2m[WebServer] [22mNormalized user roles: [ [32m'department employee'[39m ]
[2m[WebServer] [22mNormalized required roles: [
[2m[WebServer] [22m  [32m'department employee'[39m,
[2m[WebServer] [22m  [32m'hr employee'[39m,
[2m[WebServer] [22m  [32m'department head'[39m,
[2m[WebServer] [22m  [32m'hr manager'[39m,
[2m[WebServer] [22m  [32m'hr admin'[39m,
[2m[WebServer] [22m  [32m'system admin'[39m
[2m[WebServer] [22m]
[2m[WebServer] [22mHas required role? [33mtrue[39m
[2m[WebServer] [22mΓ£ö ACCESS GRANTED Γ£ö
[2m[WebServer] [22m≡ƒöì [RequestsController] getMyRequests: { userId: [90mundefined[39m }
Γ£à Half-day option accessible - REQ-019 validated
  Γ£ô   6 [chromium] ΓÇ║ leave-tests.spec.ts:195:7 ΓÇ║ ≡ƒÖï EMPLOYEE 1 (EMP-1026 - Engineering) - All Scenarios ΓÇ║ Γ£à B3: Half-day leave option (REQ-019) (9.1s)
≡ƒöÉ Logging in as: engemp1.work@example.com
[2m[WebServer] [22m GET /login [32m200[39m in 33ms[2m (compile: 3ms, render: 30ms)[22m
[2m[WebServer] [22m≡ƒöÑ JwtAuthGuard: canActivate CALLED
[2m[WebServer] [22m≡ƒöì JWT Extractor - All cookies: [Object: null prototype] {}
[2m[WebServer] [22m≡ƒöì JWT Extractor - Headers: [90mundefined[39m
[2m[WebServer] [22m≡ƒöì JWT Extractor - accessToken: NOT FOUND
[2m[WebServer] [22m≡ƒöÑ JwtAuthGuard: handleRequest() {
[2m[WebServer] [22m  err: [1mnull[22m,
[2m[WebServer] [22m  user: [33mfalse[39m,
[2m[WebServer] [22m  info: Error: No auth token
[2m[WebServer] [22m      at JwtStrategy.authenticate [90m(C:\Users\Bedon\Desktop\semester-5-software-project\backend\[39mnode_modules\[4mpassport-jwt[24m\lib\strategy.js:96:26[90m)[39m
[2m[WebServer] [22m      at attempt [90m(C:\Users\Bedon\Desktop\semester-5-software-project\backend\[39mnode_modules\[4mpassport[24m\lib\middleware\authenticate.js:378:16[90m)[39m
[2m[WebServer] [22m      at authenticate [90m(C:\Users\Bedon\Desktop\semester-5-software-project\backend\[39mnode_modules\[4mpassport[24m\lib\middleware\authenticate.js:379:7[90m)[39m
[2m[WebServer] [22m      at [90mC:\Users\Bedon\Desktop\semester-5-software-project\backend\[39mnode_modules\[4m@nestjs[24m\passport\dist\auth.guard.js:88:3
[2m[WebServer] [22m      at new Promise (<anonymous>)
[2m[WebServer] [22m      at [90mC:\Users\Bedon\Desktop\semester-5-software-project\backend\[39mnode_modules\[4m@nestjs[24m\passport\dist\auth.guard.js:80:83
[2m[WebServer] [22m      at JwtAuthGuard.canActivate [90m(C:\Users\Bedon\Desktop\semester-5-software-project\backend\[39mnode_modules\[4m@nestjs[24m\passport\dist\auth.guard.js:44:32[90m)[39m
[2m[WebServer] [22m  [90m    at process.processTicksAndRejections (node:internal/process/task_queues:105:5)[39m
[2m[WebServer] [22m}
[2m[WebServer] [22mΓ¥î JwtAuthGuard INFO: Error: No auth token
[2m[WebServer] [22m    at JwtStrategy.authenticate 
[90m(C:\Users\Bedon\Desktop\semester-5-software-project\backend\[39mnode_modules\[4mpassport-jwt[24m\lib\strategy.js:96:26[90m)[39m
[2m[WebServer] [22m    at attempt [90m(C:\Users\Bedon\Desktop\semester-5-software-project\backend\[39mnode_modules\[4mpassport[24m\lib\mi
ddleware\authenticate.js:378:16[90m)[39m
[2m[WebServer] [22m    at authenticate [90m(C:\Users\Bedon\Desktop\semester-5-software-project\backend\[39mnode_modules\[4mpassport[24m\l
ib\middleware\authenticate.js:379:7[90m)[39m
[2m[WebServer] [22m    at 
[90mC:\Users\Bedon\Desktop\semester-5-software-project\backend\[39mnode_modules\[4m@nestjs[24m\passport\dist\auth.guard.js:88:3
[2m[WebServer] [22m    at new Promise (<anonymous>)
[2m[WebServer] [22m    at 
[90mC:\Users\Bedon\Desktop\semester-5-software-project\backend\[39mnode_modules\[4m@nestjs[24m\passport\dist\auth.guard.js:80:83
[2m[WebServer] [22m    at JwtAuthGuard.canActivate [90m(C:\Users\Bedon\Desktop\semester-5-software-project\backend\[39mnode_modules\[4m@ne
stjs[24m\passport\dist\auth.guard.js:44:32[90m)[39m
[2m[WebServer] [22m[90m    at process.processTicksAndRejections (node:internal/process/task_queues:105:5)[39m
[2m[WebServer] [22mΓ¥î JwtAuthGuard FAILING ΓåÆ No auth token
[2m[WebServer] [22mVALIDATE EMPLOYEE - systemRole = {
[2m[WebServer] [22m  _id: new ObjectId([32m'6929e2de934d8e079e6f55b8'[39m),
[2m[WebServer] [22m  employeeProfileId: new ObjectId([32m'6929e2de934d8e079e6f55b6'[39m),
[2m[WebServer] [22m  roles: [ [32m'department employee'[39m ],
[2m[WebServer] [22m  permissions: [],
[2m[WebServer] [22m  isActive: [33mtrue[39m,
[2m[WebServer] [22m  createdAt: [35m2025-11-28T17:58:54.894Z[39m,
[2m[WebServer] [22m  updatedAt: [35m2025-11-28T17:58:54.894Z[39m,
[2m[WebServer] [22m  __v: [33m0[39m
[2m[WebServer] [22m}
[2m[WebServer] [22mGenerated token: eyJhbGciOiJIUzI1NiIsInR5cCI6IkpXVCJ9.eyJzdWIiOiI2OTI5ZTJkZTkzNGQ4ZTA3OWU2ZjU1YjYiLCJ3b3JrRW1haWwiOiJlbmdlbXAxLndvcmtAZXhhbXBsZS5jb20iLCJyb2xlcyI6WyJkZXBhcnRtZW50IGVtcGxveWVlIl0sInBlcm1pc3Npb25zIjpbXSwicHJpbWFyeURlcGFydG1lbnRJZCI6IjY5Mjc1ZDhhZmMxMTg0YTNiM2U2YzU1ZiIsImVtcGxveWVlTnVtYmVyIjoiRU1QLTEwMjYiLCJpYXQiOjE3NjU5ODI4OTYsImV4cCI6MTc2NjA2OTI5Nn0.fCX4wfH9RzpGCXyDvVu4JiRUBH_uG_kptmfGcDsUMSw
[2m[WebServer] [22m GET /leaves [32m200[39m in 18ms[2m (compile: 3ms, render: 16ms)[22m
[2m[WebServer] [22m≡ƒöÑ JwtAuthGuard: canActivate CALLED
[2m[WebServer] [22m≡ƒöì JWT Extractor - All cookies: {
[2m[WebServer] [22m  accessToken: [32m'eyJhbGciOiJIUzI1NiIsInR5cCI6IkpXVCJ9.eyJzdWIiOiI2OTI5ZTJkZTkzNGQ4ZTA3OWU2ZjU1YjYiLCJ3b3JrRW1haWwiOiJlbmdlbXAxLndvcmtAZXhhbXBsZS5jb20iLCJyb2xlcyI6WyJkZXBhcnRtZW50IGVtcGxveWVlIl0sInBlcm1pc3Npb25zIjpbXSwicHJpbWFyeURlcGFydG1lbnRJZCI6IjY5Mjc1ZDhhZmMxMTg0YTNiM2U2YzU1ZiIsImVtcGxveWVlTnVtYmVyIjoiRU1QLTEwMjYiLCJpYXQiOjE3NjU5ODI4OTYsImV4cCI6MTc2NjA2OTI5Nn0.fCX4wfH9RzpGCXyDvVu4JiRUBH_uG_kptmfGcDsUMSw'[39m
[2m[WebServer] [22m}
[2m[WebServer] [22m≡ƒöì JWT Extractor - Headers: accessToken=eyJhbGciOiJIUzI1NiIsInR5cCI6IkpXVCJ9.eyJzdWIiOiI2OTI5ZTJkZTkzNGQ4ZTA3OWU2ZjU1YjYiLCJ3b3JrRW1haWwiOiJlbmdlbXAxLndvcmtAZXhhbXBsZS5jb20iLCJyb2xlcyI6WyJkZXBhcnRtZW50IGVtcGxveWVlIl0sInBlcm1pc3Npb25zIjpbXSwicHJpbWFyeURlcGFydG1lbnRJZCI6IjY5Mjc1ZDhhZmMxMTg0YTNiM2U2YzU1ZiIsImVtcGxveWVlTnVtYmVyIjoiRU1QLTEwMjYiLCJpYXQiOjE3NjU5ODI4OTYsImV4cCI6MTc2NjA2OTI5Nn0.fCX4wfH9RzpGCXyDvVu4JiRUBH_uG_kptmfGcDsUMSw
[2m[WebServer] [22m≡ƒöì JWT Extractor - accessToken: FOUND
[2m[WebServer] [22mJwtStrategy VALIDATE: {
[2m[WebServer] [22m  sub: [32m'6929e2de934d8e079e6f55b6'[39m,
[2m[WebServer] [22m  workEmail: [32m'engemp1.work@example.com'[39m,
[2m[WebServer] [22m  roles: [ [32m'department employee'[39m ],
[2m[WebServer] [22m  permissions: [],
[2m[WebServer] [22m  primaryDepartmentId: [32m'69275d8afc1184a3b3e6c55f'[39m,
[2m[WebServer] [22m  employeeNumber: [32m'EMP-1026'[39m,
[2m[WebServer] [22m  iat: [33m1765982896[39m,
[2m[WebServer] [22m  exp: [33m1766069296[39m
[2m[WebServer] [22m}
[2m[WebServer] [22m≡ƒöÑ JwtAuthGuard: handleRequest() {
[2m[WebServer] [22m  err: [1mnull[22m,
[2m[WebServer] [22m  user: {
[2m[WebServer] [22m    id: [32m'6929e2de934d8e079e6f55b6'[39m,
[2m[WebServer] [22m    workEmail: [32m'engemp1.work@example.com'[39m,
[2m[WebServer] [22m    roles: [ [32m'department employee'[39m ],
[2m[WebServer] [22m    permissions: [],
[2m[WebServer] [22m    primaryDepartmentId: [32m'69275d8afc1184a3b3e6c55f'[39m,
[2m[WebServer] [22m    employeeNumber: [32m'EMP-1026'[39m
[2m[WebServer] [22m  },
[2m[WebServer] [22m  info: [90mundefined[39m
[2m[WebServer] [22m}
[2m[WebServer] [22mΓ£à JwtAuthGuard SUCCESS ΓåÆ user authenticated: 6929e2de934d8e079e6f55b6
[2m[WebServer] [22m≡ƒöÑ RolesGuard running!
[2m[WebServer] [22m
[2m[WebServer] [22m===== ROLE GUARD =====
[2m[WebServer] [22mRequired roles: [
[2m[WebServer] [22m  [32m'department employee'[39m,
[2m[WebServer] [22m  [32m'HR Employee'[39m,
[2m[WebServer] [22m  [32m'department head'[39m,
[2m[WebServer] [22m  [32m'HR Manager'[39m,
[2m[WebServer] [22m  [32m'HR Admin'[39m,
[2m[WebServer] [22m  [32m'System Admin'[39m
[2m[WebServer] [22m]
[2m[WebServer] [22mUser object: {
[2m[WebServer] [22m  id: [32m'6929e2de934d8e079e6f55b6'[39m,
[2m[WebServer] [22m  workEmail: [32m'engemp1.work@example.com'[39m,
[2m[WebServer] [22m  roles: [ [32m'department employee'[39m ],
[2m[WebServer] [22m  permissions: [],
[2m[WebServer] [22m  primaryDepartmentId: [32m'69275d8afc1184a3b3e6c55f'[39m,
[2m[WebServer] [22m  employeeNumber: [32m'EMP-1026'[39m
[2m[WebServer] [22m}
[2m[WebServer] [22mNormalized user roles: [ [32m'department employee'[39m ]
[2m[WebServer] [22mNormalized required roles: [
[2m[WebServer] [22m  [32m'department employee'[39m,
[2m[WebServer] [22m  [32m'hr employee'[39m,
[2m[WebServer] [22m  [32m'department head'[39m,
[2m[WebServer] [22m  [32m'hr manager'[39m,
[2m[WebServer] [22m  [32m'hr admin'[39m,
[2m[WebServer] [22m  [32m'system admin'[39m
[2m[WebServer] [22m]
[2m[WebServer] [22mHas required role? [33mtrue[39m
[2m[WebServer] [22mΓ£ö ACCESS GRANTED Γ£ö
[2m[WebServer] [22m≡ƒöì [TrackingController] getMyBalances: {
[2m[WebServer] [22m  query: [Object: null prototype] {},
[2m[WebServer] [22m  userId: [32m'6929e2de934d8e079e6f55b6'[39m
[2m[WebServer] [22m}
[2m[WebServer] [22m≡ƒöÑ JwtAuthGuard: canActivate CALLED
[2m[WebServer] [22m≡ƒöì JWT Extractor - All cookies: {
[2m[WebServer] [22m  accessToken: [32m'eyJhbGciOiJIUzI1NiIsInR5cCI6IkpXVCJ9.eyJzdWIiOiI2OTI5ZTJkZTkzNGQ4ZTA3OWU2ZjU1YjYiLCJ3b3JrRW1haWwiOiJlbmdlbXAxLndvcmtAZXhhbXBsZS5jb20iLCJyb2xlcyI6WyJkZXBhcnRtZW50IGVtcGxveWVlIl0sInBlcm1pc3Npb25zIjpbXSwicHJpbWFyeURlcGFydG1lbnRJZCI6IjY5Mjc1ZDhhZmMxMTg0YTNiM2U2YzU1ZiIsImVtcGxveWVlTnVtYmVyIjoiRU1QLTEwMjYiLCJpYXQiOjE3NjU5ODI4OTYsImV4cCI6MTc2NjA2OTI5Nn0.fCX4wfH9RzpGCXyDvVu4JiRUBH_uG_kptmfGcDsUMSw'[39m
[2m[WebServer] [22m}
[2m[WebServer] [22m≡ƒöì JWT Extractor - Headers: accessToken=eyJhbGciOiJIUzI1NiIsInR5cCI6IkpXVCJ9.eyJzdWIiOiI2OTI5ZTJkZTkzNGQ4ZTA3OWU2ZjU1YjYiLCJ3b3JrRW1haWwiOiJlbmdlbXAxLndvcmtAZXhhbXBsZS5jb20iLCJyb2xlcyI6WyJkZXBhcnRtZW50IGVtcGxveWVlIl0sInBlcm1pc3Npb25zIjpbXSwicHJpbWFyeURlcGFydG1lbnRJZCI6IjY5Mjc1ZDhhZmMxMTg0YTNiM2U2YzU1ZiIsImVtcGxveWVlTnVtYmVyIjoiRU1QLTEwMjYiLCJpYXQiOjE3NjU5ODI4OTYsImV4cCI6MTc2NjA2OTI5Nn0.fCX4wfH9RzpGCXyDvVu4JiRUBH_uG_kptmfGcDsUMSw
[2m[WebServer] [22m≡ƒöì JWT Extractor - accessToken: FOUND
[2m[WebServer] [22mJwtStrategy VALIDATE: {
[2m[WebServer] [22m  sub: [32m'6929e2de934d8e079e6f55b6'[39m,
[2m[WebServer] [22m  workEmail: [32m'engemp1.work@example.com'[39m,
[2m[WebServer] [22m  roles: [ [32m'department employee'[39m ],
[2m[WebServer] [22m  permissions: [],
[2m[WebServer] [22m  primaryDepartmentId: [32m'69275d8afc1184a3b3e6c55f'[39m,
[2m[WebServer] [22m  employeeNumber: [32m'EMP-1026'[39m,
[2m[WebServer] [22m  iat: [33m1765982896[39m,
[2m[WebServer] [22m  exp: [33m1766069296[39m
[2m[WebServer] [22m}
[2m[WebServer] [22m≡ƒöÑ JwtAuthGuard: handleRequest() {
[2m[WebServer] [22m  err: [1mnull[22m,
[2m[WebServer] [22m  user: {
[2m[WebServer] [22m    id: [32m'6929e2de934d8e079e6f55b6'[39m,
[2m[WebServer] [22m    workEmail: [32m'engemp1.work@example.com'[39m,
[2m[WebServer] [22m    roles: [ [32m'department employee'[39m ],
[2m[WebServer] [22m    permissions: [],
[2m[WebServer] [22m    primaryDepartmentId: [32m'69275d8afc1184a3b3e6c55f'[39m,
[2m[WebServer] [22m    employeeNumber: [32m'EMP-1026'[39m
[2m[WebServer] [22m  },
[2m[WebServer] [22m  info: [90mundefined[39m
[2m[WebServer] [22m}
[2m[WebServer] [22mΓ£à JwtAuthGuard SUCCESS ΓåÆ user authenticated: 6929e2de934d8e079e6f55b6
[2m[WebServer] [22m≡ƒöÑ RolesGuard running!
[2m[WebServer] [22m
[2m[WebServer] [22m===== ROLE GUARD =====
[2m[WebServer] [22mRequired roles: [
[2m[WebServer] [22m  [32m'department employee'[39m,
[2m[WebServer] [22m  [32m'HR Employee'[39m,
[2m[WebServer] [22m  [32m'department head'[39m,
[2m[WebServer] [22m  [32m'HR Manager'[39m,
[2m[WebServer] [22m  [32m'HR Admin'[39m,
[2m[WebServer] [22m  [32m'System Admin'[39m
[2m[WebServer] [22m]
[2m[WebServer] [22mUser object: {
[2m[WebServer] [22m  id: [32m'6929e2de934d8e079e6f55b6'[39m,
[2m[WebServer] [22m  workEmail: [32m'engemp1.work@example.com'[39m,
[2m[WebServer] [22m  roles: [ [32m'department employee'[39m ],
[2m[WebServer] [22m  permissions: [],
[2m[WebServer] [22m  primaryDepartmentId: [32m'69275d8afc1184a3b3e6c55f'[39m,
[2m[WebServer] [22m  employeeNumber: [32m'EMP-1026'[39m
[2m[WebServer] [22m}
[2m[WebServer] [22mNormalized user roles: [ [32m'department employee'[39m ]
[2m[WebServer] [22mNormalized required roles: [
[2m[WebServer] [22m  [32m'department employee'[39m,
[2m[WebServer] [22m  [32m'hr employee'[39m,
[2m[WebServer] [22m  [32m'department head'[39m,
[2m[WebServer] [22m  [32m'hr manager'[39m,
[2m[WebServer] [22m  [32m'hr admin'[39m,
[2m[WebServer] [22m  [32m'system admin'[39m
[2m[WebServer] [22m]
[2m[WebServer] [22mHas required role? [33mtrue[39m
[2m[WebServer] [22mΓ£ö ACCESS GRANTED Γ£ö
[2m[WebServer] [22m≡ƒöì [TrackingController] getMyHistory: {
[2m[WebServer] [22m  filters: [Object: null prototype] {},
[2m[WebServer] [22m  userId: [32m'6929e2de934d8e079e6f55b6'[39m
[2m[WebServer] [22m}
Γ£à Login successful
Γ£ì∩╕Å Testing: REQ-016 (Reason field)
[2m[WebServer] [22m GET /leaves/my-leaves [32m200[39m in 45ms[2m (compile: 3ms, render: 42ms)[22m
[2m[WebServer] [22m≡ƒöÑ JwtAuthGuard: canActivate CALLED
[2m[WebServer] [22m≡ƒöì JWT Extractor - All cookies: {
[2m[WebServer] [22m  accessToken: [32m'eyJhbGciOiJIUzI1NiIsInR5cCI6IkpXVCJ9.eyJzdWIiOiI2OTI5ZTJkZTkzNGQ4ZTA3OWU2ZjU1YjYiLCJ3b3JrRW1haWwiOiJlbmdlbXAxLndvcmtAZXhhbXBsZS5jb20iLCJyb2xlcyI6WyJkZXBhcnRtZW50IGVtcGxveWVlIl0sInBlcm1pc3Npb25zIjpbXSwicHJpbWFyeURlcGFydG1lbnRJZCI6IjY5Mjc1ZDhhZmMxMTg0YTNiM2U2YzU1ZiIsImVtcGxveWVlTnVtYmVyIjoiRU1QLTEwMjYiLCJpYXQiOjE3NjU5ODI4OTYsImV4cCI6MTc2NjA2OTI5Nn0.fCX4wfH9RzpGCXyDvVu4JiRUBH_uG_kptmfGcDsUMSw'[39m
[2m[WebServer] [22m}
[2m[WebServer] [22m≡ƒöì JWT Extractor - Headers: accessToken=eyJhbGciOiJIUzI1NiIsInR5cCI6IkpXVCJ9.eyJzdWIiOiI2OTI5ZTJkZTkzNGQ4ZTA3OWU2ZjU1YjYiLCJ3b3JrRW1haWwiOiJlbmdlbXAxLndvcmtAZXhhbXBsZS5jb20iLCJyb2xlcyI6WyJkZXBhcnRtZW50IGVtcGxveWVlIl0sInBlcm1pc3Npb25zIjpbXSwicHJpbWFyeURlcGFydG1lbnRJZCI6IjY5Mjc1ZDhhZmMxMTg0YTNiM2U2YzU1ZiIsImVtcGxveWVlTnVtYmVyIjoiRU1QLTEwMjYiLCJpYXQiOjE3NjU5ODI4OTYsImV4cCI6MTc2NjA2OTI5Nn0.fCX4wfH9RzpGCXyDvVu4JiRUBH_uG_kptmfGcDsUMSw
[2m[WebServer] [22m≡ƒöì JWT Extractor - accessToken: FOUND
[2m[WebServer] [22mJwtStrategy VALIDATE: {
[2m[WebServer] [22m  sub: [32m'6929e2de934d8e079e6f55b6'[39m,
[2m[WebServer] [22m  workEmail: [32m'engemp1.work@example.com'[39m,
[2m[WebServer] [22m  roles: [ [32m'department employee'[39m ],
[2m[WebServer] [22m  permissions: [],
[2m[WebServer] [22m  primaryDepartmentId: [32m'69275d8afc1184a3b3e6c55f'[39m,
[2m[WebServer] [22m  employeeNumber: [32m'EMP-1026'[39m,
[2m[WebServer] [22m  iat: [33m1765982896[39m,
[2m[WebServer] [22m  exp: [33m1766069296[39m
[2m[WebServer] [22m}
[2m[WebServer] [22m≡ƒöÑ JwtAuthGuard: handleRequest() {
[2m[WebServer] [22m  err: [1mnull[22m,
[2m[WebServer] [22m  user: {
[2m[WebServer] [22m    id: [32m'6929e2de934d8e079e6f55b6'[39m,
[2m[WebServer] [22m    workEmail: [32m'engemp1.work@example.com'[39m,
[2m[WebServer] [22m    roles: [ [32m'department employee'[39m ],
[2m[WebServer] [22m    permissions: [],
[2m[WebServer] [22m    primaryDepartmentId: [32m'69275d8afc1184a3b3e6c55f'[39m,
[2m[WebServer] [22m    employeeNumber: [32m'EMP-1026'[39m
[2m[WebServer] [22m  },
[2m[WebServer] [22m  info: [90mundefined[39m
[2m[WebServer] [22m}
[2m[WebServer] [22mΓ£à JwtAuthGuard SUCCESS ΓåÆ user authenticated: 6929e2de934d8e079e6f55b6
[2m[WebServer] [22m≡ƒöì [LeaveTypeController] findAll
[2m[WebServer] [22m≡ƒöÑ JwtAuthGuard: canActivate CALLED
[2m[WebServer] [22m≡ƒöì JWT Extractor - All cookies: {
[2m[WebServer] [22m  accessToken: [32m'eyJhbGciOiJIUzI1NiIsInR5cCI6IkpXVCJ9.eyJzdWIiOiI2OTI5ZTJkZTkzNGQ4ZTA3OWU2ZjU1YjYiLCJ3b3JrRW1haWwiOiJlbmdlbXAxLndvcmtAZXhhbXBsZS5jb20iLCJyb2xlcyI6WyJkZXBhcnRtZW50IGVtcGxveWVlIl0sInBlcm1pc3Npb25zIjpbXSwicHJpbWFyeURlcGFydG1lbnRJZCI6IjY5Mjc1ZDhhZmMxMTg0YTNiM2U2YzU1ZiIsImVtcGxveWVlTnVtYmVyIjoiRU1QLTEwMjYiLCJpYXQiOjE3NjU5ODI4OTYsImV4cCI6MTc2NjA2OTI5Nn0.fCX4wfH9RzpGCXyDvVu4JiRUBH_uG_kptmfGcDsUMSw'[39m
[2m[WebServer] [22m}
[2m[WebServer] [22m≡ƒöì JWT Extractor - Headers: accessToken=eyJhbGciOiJIUzI1NiIsInR5cCI6IkpXVCJ9.eyJzdWIiOiI2OTI5ZTJkZTkzNGQ4ZTA3OWU2ZjU1YjYiLCJ3b3JrRW1haWwiOiJlbmdlbXAxLndvcmtAZXhhbXBsZS5jb20iLCJyb2xlcyI6WyJkZXBhcnRtZW50IGVtcGxveWVlIl0sInBlcm1pc3Npb25zIjpbXSwicHJpbWFyeURlcGFydG1lbnRJZCI6IjY5Mjc1ZDhhZmMxMTg0YTNiM2U2YzU1ZiIsImVtcGxveWVlTnVtYmVyIjoiRU1QLTEwMjYiLCJpYXQiOjE3NjU5ODI4OTYsImV4cCI6MTc2NjA2OTI5Nn0.fCX4wfH9RzpGCXyDvVu4JiRUBH_uG_kptmfGcDsUMSw
[2m[WebServer] [22m≡ƒöì JWT Extractor - accessToken: FOUND
[2m[WebServer] [22mJwtStrategy VALIDATE: {
[2m[WebServer] [22m  sub: [32m'6929e2de934d8e079e6f55b6'[39m,
[2m[WebServer] [22m  workEmail: [32m'engemp1.work@example.com'[39m,
[2m[WebServer] [22m  roles: [ [32m'department employee'[39m ],
[2m[WebServer] [22m  permissions: [],
[2m[WebServer] [22m  primaryDepartmentId: [32m'69275d8afc1184a3b3e6c55f'[39m,
[2m[WebServer] [22m  employeeNumber: [32m'EMP-1026'[39m,
[2m[WebServer] [22m  iat: [33m1765982896[39m,
[2m[WebServer] [22m  exp: [33m1766069296[39m
[2m[WebServer] [22m}
[2m[WebServer] [22m≡ƒöÑ JwtAuthGuard: handleRequest() {
[2m[WebServer] [22m  err: [1mnull[22m,
[2m[WebServer] [22m  user: {
[2m[WebServer] [22m    id: [32m'6929e2de934d8e079e6f55b6'[39m,
[2m[WebServer] [22m    workEmail: [32m'engemp1.work@example.com'[39m,
[2m[WebServer] [22m    roles: [ [32m'department employee'[39m ],
[2m[WebServer] [22m    permissions: [],
[2m[WebServer] [22m    primaryDepartmentId: [32m'69275d8afc1184a3b3e6c55f'[39m,
[2m[WebServer] [22m    employeeNumber: [32m'EMP-1026'[39m
[2m[WebServer] [22m  },
[2m[WebServer] [22m  info: [90mundefined[39m
[2m[WebServer] [22m}
[2m[WebServer] [22mΓ£à JwtAuthGuard SUCCESS ΓåÆ user authenticated: 6929e2de934d8e079e6f55b6
[2m[WebServer] [22m≡ƒöÑ RolesGuard running!
[2m[WebServer] [22m
[2m[WebServer] [22m===== ROLE GUARD =====
[2m[WebServer] [22mRequired roles: [
[2m[WebServer] [22m  [32m'department employee'[39m,
[2m[WebServer] [22m  [32m'HR Employee'[39m,
[2m[WebServer] [22m  [32m'department head'[39m,
[2m[WebServer] [22m  [32m'HR Manager'[39m,
[2m[WebServer] [22m  [32m'HR Admin'[39m,
[2m[WebServer] [22m  [32m'System Admin'[39m
[2m[WebServer] [22m]
[2m[WebServer] [22mUser object: {
[2m[WebServer] [22m  id: [32m'6929e2de934d8e079e6f55b6'[39m,
[2m[WebServer] [22m  workEmail: [32m'engemp1.work@example.com'[39m,
[2m[WebServer] [22m  roles: [ [32m'department employee'[39m ],
[2m[WebServer] [22m  permissions: [],
[2m[WebServer] [22m  primaryDepartmentId: [32m'69275d8afc1184a3b3e6c55f'[39m,
[2m[WebServer] [22m  employeeNumber: [32m'EMP-1026'[39m
[2m[WebServer] [22m}
[2m[WebServer] [22mNormalized user roles: [ [32m'department employee'[39m ]
[2m[WebServer] [22mNormalized required roles: [
[2m[WebServer] [22m  [32m'department employee'[39m,
[2m[WebServer] [22m  [32m'hr employee'[39m,
[2m[WebServer] [22m  [32m'department head'[39m,
[2m[WebServer] [22m  [32m'hr manager'[39m,
[2m[WebServer] [22m  [32m'hr admin'[39m,
[2m[WebServer] [22m  [32m'system admin'[39m
[2m[WebServer] [22m]
[2m[WebServer] [22mHas required role? [33mtrue[39m
[2m[WebServer] [22mΓ£ö ACCESS GRANTED Γ£ö
[2m[WebServer] [22m≡ƒöì [TrackingController] getMyBalances: {
[2m[WebServer] [22m  query: [Object: null prototype] {},
[2m[WebServer] [22m  userId: [32m'6929e2de934d8e079e6f55b6'[39m
[2m[WebServer] [22m}
[2m[WebServer] [22m≡ƒöÑ JwtAuthGuard: canActivate CALLED
[2m[WebServer] [22m≡ƒöì JWT Extractor - All cookies: {
[2m[WebServer] [22m  accessToken: [32m'eyJhbGciOiJIUzI1NiIsInR5cCI6IkpXVCJ9.eyJzdWIiOiI2OTI5ZTJkZTkzNGQ4ZTA3OWU2ZjU1YjYiLCJ3b3JrRW1haWwiOiJlbmdlbXAxLndvcmtAZXhhbXBsZS5jb20iLCJyb2xlcyI6WyJkZXBhcnRtZW50IGVtcGxveWVlIl0sInBlcm1pc3Npb25zIjpbXSwicHJpbWFyeURlcGFydG1lbnRJZCI6IjY5Mjc1ZDhhZmMxMTg0YTNiM2U2YzU1ZiIsImVtcGxveWVlTnVtYmVyIjoiRU1QLTEwMjYiLCJpYXQiOjE3NjU5ODI4OTYsImV4cCI6MTc2NjA2OTI5Nn0.fCX4wfH9RzpGCXyDvVu4JiRUBH_uG_kptmfGcDsUMSw'[39m
[2m[WebServer] [22m}
[2m[WebServer] [22m≡ƒöì JWT Extractor - Headers: accessToken=eyJhbGciOiJIUzI1NiIsInR5cCI6IkpXVCJ9.eyJzdWIiOiI2OTI5ZTJkZTkzNGQ4ZTA3OWU2ZjU1YjYiLCJ3b3JrRW1haWwiOiJlbmdlbXAxLndvcmtAZXhhbXBsZS5jb20iLCJyb2xlcyI6WyJkZXBhcnRtZW50IGVtcGxveWVlIl0sInBlcm1pc3Npb25zIjpbXSwicHJpbWFyeURlcGFydG1lbnRJZCI6IjY5Mjc1ZDhhZmMxMTg0YTNiM2U2YzU1ZiIsImVtcGxveWVlTnVtYmVyIjoiRU1QLTEwMjYiLCJpYXQiOjE3NjU5ODI4OTYsImV4cCI6MTc2NjA2OTI5Nn0.fCX4wfH9RzpGCXyDvVu4JiRUBH_uG_kptmfGcDsUMSw
[2m[WebServer] [22m≡ƒöì JWT Extractor - accessToken: FOUND
[2m[WebServer] [22mJwtStrategy VALIDATE: {
[2m[WebServer] [22m  sub: [32m'6929e2de934d8e079e6f55b6'[39m,
[2m[WebServer] [22m  workEmail: [32m'engemp1.work@example.com'[39m,
[2m[WebServer] [22m  roles: [ [32m'department employee'[39m ],
[2m[WebServer] [22m  permissions: [],
[2m[WebServer] [22m  primaryDepartmentId: [32m'69275d8afc1184a3b3e6c55f'[39m,
[2m[WebServer] [22m  employeeNumber: [32m'EMP-1026'[39m,
[2m[WebServer] [22m  iat: [33m1765982896[39m,
[2m[WebServer] [22m  exp: [33m1766069296[39m
[2m[WebServer] [22m}
[2m[WebServer] [22m≡ƒöÑ JwtAuthGuard: handleRequest() {
[2m[WebServer] [22m  err: [1mnull[22m,
[2m[WebServer] [22m  user: {
[2m[WebServer] [22m    id: [32m'6929e2de934d8e079e6f55b6'[39m,
[2m[WebServer] [22m    workEmail: [32m'engemp1.work@example.com'[39m,
[2m[WebServer] [22m    roles: [ [32m'department employee'[39m ],
[2m[WebServer] [22m    permissions: [],
[2m[WebServer] [22m    primaryDepartmentId: [32m'69275d8afc1184a3b3e6c55f'[39m,
[2m[WebServer] [22m    employeeNumber: [32m'EMP-1026'[39m
[2m[WebServer] [22m  },
[2m[WebServer] [22m  info: [90mundefined[39m
[2m[WebServer] [22m}
[2m[WebServer] [22mΓ£à JwtAuthGuard SUCCESS ΓåÆ user authenticated: 6929e2de934d8e079e6f55b6
[2m[WebServer] [22m≡ƒöÑ RolesGuard running!
[2m[WebServer] [22m
[2m[WebServer] [22m===== ROLE GUARD =====
[2m[WebServer] [22mRequired roles: [
[2m[WebServer] [22m  [32m'department employee'[39m,
[2m[WebServer] [22m  [32m'HR Employee'[39m,
[2m[WebServer] [22m  [32m'department head'[39m,
[2m[WebServer] [22m  [32m'HR Manager'[39m,
[2m[WebServer] [22m  [32m'HR Admin'[39m,
[2m[WebServer] [22m  [32m'System Admin'[39m
[2m[WebServer] [22m]
[2m[WebServer] [22mUser object: {
[2m[WebServer] [22m  id: [32m'6929e2de934d8e079e6f55b6'[39m,
[2m[WebServer] [22m  workEmail: [32m'engemp1.work@example.com'[39m,
[2m[WebServer] [22m  roles: [ [32m'department employee'[39m ],
[2m[WebServer] [22m  permissions: [],
[2m[WebServer] [22m  primaryDepartmentId: [32m'69275d8afc1184a3b3e6c55f'[39m,
[2m[WebServer] [22m  employeeNumber: [32m'EMP-1026'[39m
[2m[WebServer] [22m}
[2m[WebServer] [22mNormalized user roles: [ [32m'department employee'[39m ]
[2m[WebServer] [22mNormalized required roles: [
[2m[WebServer] [22m  [32m'department employee'[39m,
[2m[WebServer] [22m  [32m'hr employee'[39m,
[2m[WebServer] [22m  [32m'department head'[39m,
[2m[WebServer] [22m  [32m'hr manager'[39m,
[2m[WebServer] [22m  [32m'hr admin'[39m,
[2m[WebServer] [22m  [32m'system admin'[39m
[2m[WebServer] [22m]
[2m[WebServer] [22mHas required role? [33mtrue[39m
[2m[WebServer] [22mΓ£ö ACCESS GRANTED Γ£ö
[2m[WebServer] [22m≡ƒöì [RequestsController] getMyRequests: { userId: [90mundefined[39m }
Γ£à Reason field accessible - REQ-016 validated
  Γ£ô   7 [chromium] ΓÇ║ leave-tests.spec.ts:205:7 ΓÇ║ ≡ƒÖï EMPLOYEE 1 (EMP-1026 - Engineering) - All Scenarios ΓÇ║ Γ£à B4: Reason field (REQ-016) (9.0s)
≡ƒöÉ Logging in as: engemp1.work@example.com
[2m[WebServer] [22m GET /login [32m200[39m in 48ms[2m (compile: 3ms, render: 46ms)[22m
[2m[WebServer] [22m≡ƒöÑ JwtAuthGuard: canActivate CALLED
[2m[WebServer] [22m≡ƒöì JWT Extractor - All cookies: [Object: null prototype] {}
[2m[WebServer] [22m≡ƒöì JWT Extractor - Headers: [90mundefined[39m
[2m[WebServer] [22m≡ƒöì JWT Extractor - accessToken: NOT FOUND
[2m[WebServer] [22m≡ƒöÑ JwtAuthGuard: handleRequest() {
[2m[WebServer] [22m  err: [1mnull[22m,
[2m[WebServer] [22m  user: [33mfalse[39m,
[2m[WebServer] [22m  info: Error: No auth token
[2m[WebServer] [22m      at JwtStrategy.authenticate [90m(C:\Users\Bedon\Desktop\semester-5-software-project\backend\[39mnode_modules\[4mpassport-jwt[24m\lib\strategy.js:96:26[90m)[39m
[2m[WebServer] [22m      at attempt [90m(C:\Users\Bedon\Desktop\semester-5-software-project\backend\[39mnode_modules\[4mpassport[24m\lib\middleware\authenticate.js:378:16[90m)[39m
[2m[WebServer] [22m      at authenticate [90m(C:\Users\Bedon\Desktop\semester-5-software-project\backend\[39mnode_modules\[4mpassport[24m\lib\middleware\authenticate.js:379:7[90m)[39m
[2m[WebServer] [22m      at [90mC:\Users\Bedon\Desktop\semester-5-software-project\backend\[39mnode_modules\[4m@nestjs[24m\passport\dist\auth.guard.js:88:3
[2m[WebServer] [22m      at new Promise (<anonymous>)
[2m[WebServer] [22m      at [90mC:\Users\Bedon\Desktop\semester-5-software-project\backend\[39mnode_modules\[4m@nestjs[24m\passport\dist\auth.guard.js:80:83
[2m[WebServer] [22m      at JwtAuthGuard.canActivate [90m(C:\Users\Bedon\Desktop\semester-5-software-project\backend\[39mnode_modules\[4m@nestjs[24m\passport\dist\auth.guard.js:44:32[90m)[39m
[2m[WebServer] [22m  [90m    at process.processTicksAndRejections (node:internal/process/task_queues:105:5)[39m
[2m[WebServer] [22m}
[2m[WebServer] [22mΓ¥î JwtAuthGuard INFO: Error: No auth token
[2m[WebServer] [22m    at JwtStrategy.authenticate 
[90m(C:\Users\Bedon\Desktop\semester-5-software-project\backend\[39mnode_modules\[4mpassport-jwt[24m\lib\strategy.js:96:26[90m)[39m
[2m[WebServer] [22m    at attempt [90m(C:\Users\Bedon\Desktop\semester-5-software-project\backend\[39mnode_modules\[4mpassport[24m\lib\mi
ddleware\authenticate.js:378:16[90m)[39m
[2m[WebServer] [22m    at authenticate [90m(C:\Users\Bedon\Desktop\semester-5-software-project\backend\[39mnode_modules\[4mpassport[24m\l
ib\middleware\authenticate.js:379:7[90m)[39m
[2m[WebServer] [22m    at 
[90mC:\Users\Bedon\Desktop\semester-5-software-project\backend\[39mnode_modules\[4m@nestjs[24m\passport\dist\auth.guard.js:88:3
[2m[WebServer] [22m    at new Promise (<anonymous>)
[2m[WebServer] [22m    at 
[90mC:\Users\Bedon\Desktop\semester-5-software-project\backend\[39mnode_modules\[4m@nestjs[24m\passport\dist\auth.guard.js:80:83
[2m[WebServer] [22m    at JwtAuthGuard.canActivate [90m(C:\Users\Bedon\Desktop\semester-5-software-project\backend\[39mnode_modules\[4m@ne
stjs[24m\passport\dist\auth.guard.js:44:32[90m)[39m
[2m[WebServer] [22m[90m    at process.processTicksAndRejections (node:internal/process/task_queues:105:5)[39m
[2m[WebServer] [22mΓ¥î JwtAuthGuard FAILING ΓåÆ No auth token
[2m[WebServer] [22mVALIDATE EMPLOYEE - systemRole = {
[2m[WebServer] [22m  _id: new ObjectId([32m'6929e2de934d8e079e6f55b8'[39m),
[2m[WebServer] [22m  employeeProfileId: new ObjectId([32m'6929e2de934d8e079e6f55b6'[39m),
[2m[WebServer] [22m  roles: [ [32m'department employee'[39m ],
[2m[WebServer] [22m  permissions: [],
[2m[WebServer] [22m  isActive: [33mtrue[39m,
[2m[WebServer] [22m  createdAt: [35m2025-11-28T17:58:54.894Z[39m,
[2m[WebServer] [22m  updatedAt: [35m2025-11-28T17:58:54.894Z[39m,
[2m[WebServer] [22m  __v: [33m0[39m
[2m[WebServer] [22m}
[2m[WebServer] [22mGenerated token: eyJhbGciOiJIUzI1NiIsInR5cCI6IkpXVCJ9.eyJzdWIiOiI2OTI5ZTJkZTkzNGQ4ZTA3OWU2ZjU1YjYiLCJ3b3JrRW1haWwiOiJlbmdlbXAxLndvcmtAZXhhbXBsZS5jb20iLCJyb2xlcyI6WyJkZXBhcnRtZW50IGVtcGxveWVlIl0sInBlcm1pc3Npb25zIjpbXSwicHJpbWFyeURlcGFydG1lbnRJZCI6IjY5Mjc1ZDhhZmMxMTg0YTNiM2U2YzU1ZiIsImVtcGxveWVlTnVtYmVyIjoiRU1QLTEwMjYiLCJpYXQiOjE3NjU5ODI5MDUsImV4cCI6MTc2NjA2OTMwNX0.I0ukCu-FWmqPRBdbOyqNJbva5H9gmcxq6oplI8sDDvY
[2m[WebServer] [22m GET /leaves [32m200[39m in 17ms[2m (compile: 3ms, render: 15ms)[22m
[2m[WebServer] [22m≡ƒöÑ JwtAuthGuard: canActivate CALLED
[2m[WebServer] [22m≡ƒöì JWT Extractor - All cookies: {
[2m[WebServer] [22m  accessToken: [32m'eyJhbGciOiJIUzI1NiIsInR5cCI6IkpXVCJ9.eyJzdWIiOiI2OTI5ZTJkZTkzNGQ4ZTA3OWU2ZjU1YjYiLCJ3b3JrRW1haWwiOiJlbmdlbXAxLndvcmtAZXhhbXBsZS5jb20iLCJyb2xlcyI6WyJkZXBhcnRtZW50IGVtcGxveWVlIl0sInBlcm1pc3Npb25zIjpbXSwicHJpbWFyeURlcGFydG1lbnRJZCI6IjY5Mjc1ZDhhZmMxMTg0YTNiM2U2YzU1ZiIsImVtcGxveWVlTnVtYmVyIjoiRU1QLTEwMjYiLCJpYXQiOjE3NjU5ODI5MDUsImV4cCI6MTc2NjA2OTMwNX0.I0ukCu-FWmqPRBdbOyqNJbva5H9gmcxq6oplI8sDDvY'[39m
[2m[WebServer] [22m}
[2m[WebServer] [22m≡ƒöì JWT Extractor - Headers: accessToken=eyJhbGciOiJIUzI1NiIsInR5cCI6IkpXVCJ9.eyJzdWIiOiI2OTI5ZTJkZTkzNGQ4ZTA3OWU2ZjU1YjYiLCJ3b3JrRW1haWwiOiJlbmdlbXAxLndvcmtAZXhhbXBsZS5jb20iLCJyb2xlcyI6WyJkZXBhcnRtZW50IGVtcGxveWVlIl0sInBlcm1pc3Npb25zIjpbXSwicHJpbWFyeURlcGFydG1lbnRJZCI6IjY5Mjc1ZDhhZmMxMTg0YTNiM2U2YzU1ZiIsImVtcGxveWVlTnVtYmVyIjoiRU1QLTEwMjYiLCJpYXQiOjE3NjU5ODI5MDUsImV4cCI6MTc2NjA2OTMwNX0.I0ukCu-FWmqPRBdbOyqNJbva5H9gmcxq6oplI8sDDvY
[2m[WebServer] [22m≡ƒöì JWT Extractor - accessToken: FOUND
[2m[WebServer] [22mJwtStrategy VALIDATE: {
[2m[WebServer] [22m  sub: [32m'6929e2de934d8e079e6f55b6'[39m,
[2m[WebServer] [22m  workEmail: [32m'engemp1.work@example.com'[39m,
[2m[WebServer] [22m  roles: [ [32m'department employee'[39m ],
[2m[WebServer] [22m  permissions: [],
[2m[WebServer] [22m  primaryDepartmentId: [32m'69275d8afc1184a3b3e6c55f'[39m,
[2m[WebServer] [22m  employeeNumber: [32m'EMP-1026'[39m,
[2m[WebServer] [22m  iat: [33m1765982905[39m,
[2m[WebServer] [22m  exp: [33m1766069305[39m
[2m[WebServer] [22m}
[2m[WebServer] [22m≡ƒöÑ JwtAuthGuard: handleRequest() {
[2m[WebServer] [22m  err: [1mnull[22m,
[2m[WebServer] [22m  user: {
[2m[WebServer] [22m    id: [32m'6929e2de934d8e079e6f55b6'[39m,
[2m[WebServer] [22m    workEmail: [32m'engemp1.work@example.com'[39m,
[2m[WebServer] [22m    roles: [ [32m'department employee'[39m ],
[2m[WebServer] [22m    permissions: [],
[2m[WebServer] [22m    primaryDepartmentId: [32m'69275d8afc1184a3b3e6c55f'[39m,
[2m[WebServer] [22m    employeeNumber: [32m'EMP-1026'[39m
[2m[WebServer] [22m  },
[2m[WebServer] [22m  info: [90mundefined[39m
[2m[WebServer] [22m}
[2m[WebServer] [22mΓ£à JwtAuthGuard SUCCESS ΓåÆ user authenticated: 6929e2de934d8e079e6f55b6
[2m[WebServer] [22m≡ƒöÑ RolesGuard running!
[2m[WebServer] [22m
[2m[WebServer] [22m===== ROLE GUARD =====
[2m[WebServer] [22mRequired roles: [
[2m[WebServer] [22m  [32m'department employee'[39m,
[2m[WebServer] [22m  [32m'HR Employee'[39m,
[2m[WebServer] [22m  [32m'department head'[39m,
[2m[WebServer] [22m  [32m'HR Manager'[39m,
[2m[WebServer] [22m  [32m'HR Admin'[39m,
[2m[WebServer] [22m  [32m'System Admin'[39m
[2m[WebServer] [22m]
[2m[WebServer] [22mUser object: {
[2m[WebServer] [22m  id: [32m'6929e2de934d8e079e6f55b6'[39m,
[2m[WebServer] [22m  workEmail: [32m'engemp1.work@example.com'[39m,
[2m[WebServer] [22m  roles: [ [32m'department employee'[39m ],
[2m[WebServer] [22m  permissions: [],
[2m[WebServer] [22m  primaryDepartmentId: [32m'69275d8afc1184a3b3e6c55f'[39m,
[2m[WebServer] [22m  employeeNumber: [32m'EMP-1026'[39m
[2m[WebServer] [22m}
[2m[WebServer] [22mNormalized user roles: [ [32m'department employee'[39m ]
[2m[WebServer] [22mNormalized required roles: [
[2m[WebServer] [22m  [32m'department employee'[39m,
[2m[WebServer] [22m  [32m'hr employee'[39m,
[2m[WebServer] [22m  [32m'department head'[39m,
[2m[WebServer] [22m  [32m'hr manager'[39m,
[2m[WebServer] [22m  [32m'hr admin'[39m,
[2m[WebServer] [22m  [32m'system admin'[39m
[2m[WebServer] [22m]
[2m[WebServer] [22mHas required role? [33mtrue[39m
[2m[WebServer] [22mΓ£ö ACCESS GRANTED Γ£ö
[2m[WebServer] [22m≡ƒöì [TrackingController] getMyBalances: {
[2m[WebServer] [22m  query: [Object: null prototype] {},
[2m[WebServer] [22m  userId: [32m'6929e2de934d8e079e6f55b6'[39m
[2m[WebServer] [22m}
[2m[WebServer] [22m≡ƒöÑ JwtAuthGuard: canActivate CALLED
[2m[WebServer] [22m≡ƒöì JWT Extractor - All cookies: {
[2m[WebServer] [22m  accessToken: [32m'eyJhbGciOiJIUzI1NiIsInR5cCI6IkpXVCJ9.eyJzdWIiOiI2OTI5ZTJkZTkzNGQ4ZTA3OWU2ZjU1YjYiLCJ3b3JrRW1haWwiOiJlbmdlbXAxLndvcmtAZXhhbXBsZS5jb20iLCJyb2xlcyI6WyJkZXBhcnRtZW50IGVtcGxveWVlIl0sInBlcm1pc3Npb25zIjpbXSwicHJpbWFyeURlcGFydG1lbnRJZCI6IjY5Mjc1ZDhhZmMxMTg0YTNiM2U2YzU1ZiIsImVtcGxveWVlTnVtYmVyIjoiRU1QLTEwMjYiLCJpYXQiOjE3NjU5ODI5MDUsImV4cCI6MTc2NjA2OTMwNX0.I0ukCu-FWmqPRBdbOyqNJbva5H9gmcxq6oplI8sDDvY'[39m
[2m[WebServer] [22m}
[2m[WebServer] [22m≡ƒöì JWT Extractor - Headers: accessToken=eyJhbGciOiJIUzI1NiIsInR5cCI6IkpXVCJ9.eyJzdWIiOiI2OTI5ZTJkZTkzNGQ4ZTA3OWU2ZjU1YjYiLCJ3b3JrRW1haWwiOiJlbmdlbXAxLndvcmtAZXhhbXBsZS5jb20iLCJyb2xlcyI6WyJkZXBhcnRtZW50IGVtcGxveWVlIl0sInBlcm1pc3Npb25zIjpbXSwicHJpbWFyeURlcGFydG1lbnRJZCI6IjY5Mjc1ZDhhZmMxMTg0YTNiM2U2YzU1ZiIsImVtcGxveWVlTnVtYmVyIjoiRU1QLTEwMjYiLCJpYXQiOjE3NjU5ODI5MDUsImV4cCI6MTc2NjA2OTMwNX0.I0ukCu-FWmqPRBdbOyqNJbva5H9gmcxq6oplI8sDDvY
[2m[WebServer] [22m≡ƒöì JWT Extractor - accessToken: FOUND
[2m[WebServer] [22mJwtStrategy VALIDATE: {
[2m[WebServer] [22m  sub: [32m'6929e2de934d8e079e6f55b6'[39m,
[2m[WebServer] [22m  workEmail: [32m'engemp1.work@example.com'[39m,
[2m[WebServer] [22m  roles: [ [32m'department employee'[39m ],
[2m[WebServer] [22m  permissions: [],
[2m[WebServer] [22m  primaryDepartmentId: [32m'69275d8afc1184a3b3e6c55f'[39m,
[2m[WebServer] [22m  employeeNumber: [32m'EMP-1026'[39m,
[2m[WebServer] [22m  iat: [33m1765982905[39m,
[2m[WebServer] [22m  exp: [33m1766069305[39m
[2m[WebServer] [22m}
[2m[WebServer] [22m≡ƒöÑ JwtAuthGuard: handleRequest() {
[2m[WebServer] [22m  err: [1mnull[22m,
[2m[WebServer] [22m  user: {
[2m[WebServer] [22m    id: [32m'6929e2de934d8e079e6f55b6'[39m,
[2m[WebServer] [22m    workEmail: [32m'engemp1.work@example.com'[39m,
[2m[WebServer] [22m    roles: [ [32m'department employee'[39m ],
[2m[WebServer] [22m    permissions: [],
[2m[WebServer] [22m    primaryDepartmentId: [32m'69275d8afc1184a3b3e6c55f'[39m,
[2m[WebServer] [22m    employeeNumber: [32m'EMP-1026'[39m
[2m[WebServer] [22m  },
[2m[WebServer] [22m  info: [90mundefined[39m
[2m[WebServer] [22m}
[2m[WebServer] [22mΓ£à JwtAuthGuard SUCCESS ΓåÆ user authenticated: 6929e2de934d8e079e6f55b6
[2m[WebServer] [22m≡ƒöÑ RolesGuard running!
[2m[WebServer] [22m
[2m[WebServer] [22m===== ROLE GUARD =====
[2m[WebServer] [22mRequired roles: [
[2m[WebServer] [22m  [32m'department employee'[39m,
[2m[WebServer] [22m  [32m'HR Employee'[39m,
[2m[WebServer] [22m  [32m'department head'[39m,
[2m[WebServer] [22m  [32m'HR Manager'[39m,
[2m[WebServer] [22m  [32m'HR Admin'[39m,
[2m[WebServer] [22m  [32m'System Admin'[39m
[2m[WebServer] [22m]
[2m[WebServer] [22mUser object: {
[2m[WebServer] [22m  id: [32m'6929e2de934d8e079e6f55b6'[39m,
[2m[WebServer] [22m  workEmail: [32m'engemp1.work@example.com'[39m,
[2m[WebServer] [22m  roles: [ [32m'department employee'[39m ],
[2m[WebServer] [22m  permissions: [],
[2m[WebServer] [22m  primaryDepartmentId: [32m'69275d8afc1184a3b3e6c55f'[39m,
[2m[WebServer] [22m  employeeNumber: [32m'EMP-1026'[39m
[2m[WebServer] [22m}
[2m[WebServer] [22mNormalized user roles: [ [32m'department employee'[39m ]
[2m[WebServer] [22mNormalized required roles: [
[2m[WebServer] [22m  [32m'department employee'[39m,
[2m[WebServer] [22m  [32m'hr employee'[39m,
[2m[WebServer] [22m  [32m'department head'[39m,
[2m[WebServer] [22m  [32m'hr manager'[39m,
[2m[WebServer] [22m  [32m'hr admin'[39m,
[2m[WebServer] [22m  [32m'system admin'[39m
[2m[WebServer] [22m]
[2m[WebServer] [22mHas required role? [33mtrue[39m
[2m[WebServer] [22mΓ£ö ACCESS GRANTED Γ£ö
[2m[WebServer] [22m≡ƒöì [TrackingController] getMyHistory: {
[2m[WebServer] [22m  filters: [Object: null prototype] {},
[2m[WebServer] [22m  userId: [32m'6929e2de934d8e079e6f55b6'[39m
[2m[WebServer] [22m}
Γ£à Login successful
ΓÜá∩╕Å Testing: REQ-020 (Balance validation)
[2m[WebServer] [22m GET /leaves/my-leaves [32m200[39m in 43ms[2m (compile: 3ms, render: 40ms)[22m
[2m[WebServer] [22m≡ƒöÑ JwtAuthGuard: canActivate CALLED
[2m[WebServer] [22m≡ƒöì JWT Extractor - All cookies: {
[2m[WebServer] [22m  accessToken: [32m'eyJhbGciOiJIUzI1NiIsInR5cCI6IkpXVCJ9.eyJzdWIiOiI2OTI5ZTJkZTkzNGQ4ZTA3OWU2ZjU1YjYiLCJ3b3JrRW1haWwiOiJlbmdlbXAxLndvcmtAZXhhbXBsZS5jb20iLCJyb2xlcyI6WyJkZXBhcnRtZW50IGVtcGxveWVlIl0sInBlcm1pc3Npb25zIjpbXSwicHJpbWFyeURlcGFydG1lbnRJZCI6IjY5Mjc1ZDhhZmMxMTg0YTNiM2U2YzU1ZiIsImVtcGxveWVlTnVtYmVyIjoiRU1QLTEwMjYiLCJpYXQiOjE3NjU5ODI5MDUsImV4cCI6MTc2NjA2OTMwNX0.I0ukCu-FWmqPRBdbOyqNJbva5H9gmcxq6oplI8sDDvY'[39m
[2m[WebServer] [22m}
[2m[WebServer] [22m≡ƒöì JWT Extractor - Headers: accessToken=eyJhbGciOiJIUzI1NiIsInR5cCI6IkpXVCJ9.eyJzdWIiOiI2OTI5ZTJkZTkzNGQ4ZTA3OWU2ZjU1YjYiLCJ3b3JrRW1haWwiOiJlbmdlbXAxLndvcmtAZXhhbXBsZS5jb20iLCJyb2xlcyI6WyJkZXBhcnRtZW50IGVtcGxveWVlIl0sInBlcm1pc3Npb25zIjpbXSwicHJpbWFyeURlcGFydG1lbnRJZCI6IjY5Mjc1ZDhhZmMxMTg0YTNiM2U2YzU1ZiIsImVtcGxveWVlTnVtYmVyIjoiRU1QLTEwMjYiLCJpYXQiOjE3NjU5ODI5MDUsImV4cCI6MTc2NjA2OTMwNX0.I0ukCu-FWmqPRBdbOyqNJbva5H9gmcxq6oplI8sDDvY
[2m[WebServer] [22m≡ƒöì JWT Extractor - accessToken: FOUND
[2m[WebServer] [22mJwtStrategy VALIDATE: {
[2m[WebServer] [22m  sub: [32m'6929e2de934d8e079e6f55b6'[39m,
[2m[WebServer] [22m  workEmail: [32m'engemp1.work@example.com'[39m,
[2m[WebServer] [22m  roles: [ [32m'department employee'[39m ],
[2m[WebServer] [22m  permissions: [],
[2m[WebServer] [22m  primaryDepartmentId: [32m'69275d8afc1184a3b3e6c55f'[39m,
[2m[WebServer] [22m  employeeNumber: [32m'EMP-1026'[39m,
[2m[WebServer] [22m  iat: [33m1765982905[39m,
[2m[WebServer] [22m  exp: [33m1766069305[39m
[2m[WebServer] [22m}
[2m[WebServer] [22m≡ƒöÑ JwtAuthGuard: handleRequest() {
[2m[WebServer] [22m  err: [1mnull[22m,
[2m[WebServer] [22m  user: {
[2m[WebServer] [22m    id: [32m'6929e2de934d8e079e6f55b6'[39m,
[2m[WebServer] [22m    workEmail: [32m'engemp1.work@example.com'[39m,
[2m[WebServer] [22m    roles: [ [32m'department employee'[39m ],
[2m[WebServer] [22m    permissions: [],
[2m[WebServer] [22m    primaryDepartmentId: [32m'69275d8afc1184a3b3e6c55f'[39m,
[2m[WebServer] [22m    employeeNumber: [32m'EMP-1026'[39m
[2m[WebServer] [22m  },
[2m[WebServer] [22m  info: [90mundefined[39m
[2m[WebServer] [22m}
[2m[WebServer] [22mΓ£à JwtAuthGuard SUCCESS ΓåÆ user authenticated: 6929e2de934d8e079e6f55b6
[2m[WebServer] [22m≡ƒöì [LeaveTypeController] findAll
[2m[WebServer] [22m≡ƒöÑ JwtAuthGuard: canActivate CALLED
[2m[WebServer] [22m≡ƒöì JWT Extractor - All cookies: {
[2m[WebServer] [22m  accessToken: [32m'eyJhbGciOiJIUzI1NiIsInR5cCI6IkpXVCJ9.eyJzdWIiOiI2OTI5ZTJkZTkzNGQ4ZTA3OWU2ZjU1YjYiLCJ3b3JrRW1haWwiOiJlbmdlbXAxLndvcmtAZXhhbXBsZS5jb20iLCJyb2xlcyI6WyJkZXBhcnRtZW50IGVtcGxveWVlIl0sInBlcm1pc3Npb25zIjpbXSwicHJpbWFyeURlcGFydG1lbnRJZCI6IjY5Mjc1ZDhhZmMxMTg0YTNiM2U2YzU1ZiIsImVtcGxveWVlTnVtYmVyIjoiRU1QLTEwMjYiLCJpYXQiOjE3NjU5ODI5MDUsImV4cCI6MTc2NjA2OTMwNX0.I0ukCu-FWmqPRBdbOyqNJbva5H9gmcxq6oplI8sDDvY'[39m
[2m[WebServer] [22m}
[2m[WebServer] [22m≡ƒöì JWT Extractor - Headers: accessToken=eyJhbGciOiJIUzI1NiIsInR5cCI6IkpXVCJ9.eyJzdWIiOiI2OTI5ZTJkZTkzNGQ4ZTA3OWU2ZjU1YjYiLCJ3b3JrRW1haWwiOiJlbmdlbXAxLndvcmtAZXhhbXBsZS5jb20iLCJyb2xlcyI6WyJkZXBhcnRtZW50IGVtcGxveWVlIl0sInBlcm1pc3Npb25zIjpbXSwicHJpbWFyeURlcGFydG1lbnRJZCI6IjY5Mjc1ZDhhZmMxMTg0YTNiM2U2YzU1ZiIsImVtcGxveWVlTnVtYmVyIjoiRU1QLTEwMjYiLCJpYXQiOjE3NjU5ODI5MDUsImV4cCI6MTc2NjA2OTMwNX0.I0ukCu-FWmqPRBdbOyqNJbva5H9gmcxq6oplI8sDDvY
[2m[WebServer] [22m≡ƒöì JWT Extractor - accessToken: FOUND
[2m[WebServer] [22mJwtStrategy VALIDATE: {
[2m[WebServer] [22m  sub: [32m'6929e2de934d8e079e6f55b6'[39m,
[2m[WebServer] [22m  workEmail: [32m'engemp1.work@example.com'[39m,
[2m[WebServer] [22m  roles: [ [32m'department employee'[39m ],
[2m[WebServer] [22m  permissions: [],
[2m[WebServer] [22m  primaryDepartmentId: [32m'69275d8afc1184a3b3e6c55f'[39m,
[2m[WebServer] [22m  employeeNumber: [32m'EMP-1026'[39m,
[2m[WebServer] [22m  iat: [33m1765982905[39m,
[2m[WebServer] [22m  exp: [33m1766069305[39m
[2m[WebServer] [22m}
[2m[WebServer] [22m≡ƒöÑ JwtAuthGuard: handleRequest() {
[2m[WebServer] [22m  err: [1mnull[22m,
[2m[WebServer] [22m  user: {
[2m[WebServer] [22m    id: [32m'6929e2de934d8e079e6f55b6'[39m,
[2m[WebServer] [22m    workEmail: [32m'engemp1.work@example.com'[39m,
[2m[WebServer] [22m    roles: [ [32m'department employee'[39m ],
[2m[WebServer] [22m    permissions: [],
[2m[WebServer] [22m    primaryDepartmentId: [32m'69275d8afc1184a3b3e6c55f'[39m,
[2m[WebServer] [22m    employeeNumber: [32m'EMP-1026'[39m
[2m[WebServer] [22m  },
[2m[WebServer] [22m  info: [90mundefined[39m
[2m[WebServer] [22m}
[2m[WebServer] [22mΓ£à JwtAuthGuard SUCCESS ΓåÆ user authenticated: 6929e2de934d8e079e6f55b6
[2m[WebServer] [22m≡ƒöÑ RolesGuard running!
[2m[WebServer] [22m
[2m[WebServer] [22m===== ROLE GUARD =====
[2m[WebServer] [22mRequired roles: [
[2m[WebServer] [22m  [32m'department employee'[39m,
[2m[WebServer] [22m  [32m'HR Employee'[39m,
[2m[WebServer] [22m  [32m'department head'[39m,
[2m[WebServer] [22m  [32m'HR Manager'[39m,
[2m[WebServer] [22m  [32m'HR Admin'[39m,
[2m[WebServer] [22m  [32m'System Admin'[39m
[2m[WebServer] [22m]
[2m[WebServer] [22mUser object: {
[2m[WebServer] [22m  id: [32m'6929e2de934d8e079e6f55b6'[39m,
[2m[WebServer] [22m  workEmail: [32m'engemp1.work@example.com'[39m,
[2m[WebServer] [22m  roles: [ [32m'department employee'[39m ],
[2m[WebServer] [22m  permissions: [],
[2m[WebServer] [22m  primaryDepartmentId: [32m'69275d8afc1184a3b3e6c55f'[39m,
[2m[WebServer] [22m  employeeNumber: [32m'EMP-1026'[39m
[2m[WebServer] [22m}
[2m[WebServer] [22mNormalized user roles: [ [32m'department employee'[39m ]
[2m[WebServer] [22mNormalized required roles: [
[2m[WebServer] [22m  [32m'department employee'[39m,
[2m[WebServer] [22m  [32m'hr employee'[39m,
[2m[WebServer] [22m  [32m'department head'[39m,
[2m[WebServer] [22m  [32m'hr manager'[39m,
[2m[WebServer] [22m  [32m'hr admin'[39m,
[2m[WebServer] [22m  [32m'system admin'[39m
[2m[WebServer] [22m]
[2m[WebServer] [22mHas required role? [33mtrue[39m
[2m[WebServer] [22mΓ£ö ACCESS GRANTED Γ£ö
[2m[WebServer] [22m≡ƒöì [TrackingController] getMyBalances: {
[2m[WebServer] [22m  query: [Object: null prototype] {},
[2m[WebServer] [22m  userId: [32m'6929e2de934d8e079e6f55b6'[39m
[2m[WebServer] [22m}
[2m[WebServer] [22m≡ƒöÑ JwtAuthGuard: canActivate CALLED
[2m[WebServer] [22m≡ƒöì JWT Extractor - All cookies: {
[2m[WebServer] [22m  accessToken: [32m'eyJhbGciOiJIUzI1NiIsInR5cCI6IkpXVCJ9.eyJzdWIiOiI2OTI5ZTJkZTkzNGQ4ZTA3OWU2ZjU1YjYiLCJ3b3JrRW1haWwiOiJlbmdlbXAxLndvcmtAZXhhbXBsZS5jb20iLCJyb2xlcyI6WyJkZXBhcnRtZW50IGVtcGxveWVlIl0sInBlcm1pc3Npb25zIjpbXSwicHJpbWFyeURlcGFydG1lbnRJZCI6IjY5Mjc1ZDhhZmMxMTg0YTNiM2U2YzU1ZiIsImVtcGxveWVlTnVtYmVyIjoiRU1QLTEwMjYiLCJpYXQiOjE3NjU5ODI5MDUsImV4cCI6MTc2NjA2OTMwNX0.I0ukCu-FWmqPRBdbOyqNJbva5H9gmcxq6oplI8sDDvY'[39m
[2m[WebServer] [22m}
[2m[WebServer] [22m≡ƒöì JWT Extractor - Headers: accessToken=eyJhbGciOiJIUzI1NiIsInR5cCI6IkpXVCJ9.eyJzdWIiOiI2OTI5ZTJkZTkzNGQ4ZTA3OWU2ZjU1YjYiLCJ3b3JrRW1haWwiOiJlbmdlbXAxLndvcmtAZXhhbXBsZS5jb20iLCJyb2xlcyI6WyJkZXBhcnRtZW50IGVtcGxveWVlIl0sInBlcm1pc3Npb25zIjpbXSwicHJpbWFyeURlcGFydG1lbnRJZCI6IjY5Mjc1ZDhhZmMxMTg0YTNiM2U2YzU1ZiIsImVtcGxveWVlTnVtYmVyIjoiRU1QLTEwMjYiLCJpYXQiOjE3NjU5ODI5MDUsImV4cCI6MTc2NjA2OTMwNX0.I0ukCu-FWmqPRBdbOyqNJbva5H9gmcxq6oplI8sDDvY
[2m[WebServer] [22m≡ƒöì JWT Extractor - accessToken: FOUND
[2m[WebServer] [22mJwtStrategy VALIDATE: {
[2m[WebServer] [22m  sub: [32m'6929e2de934d8e079e6f55b6'[39m,
[2m[WebServer] [22m  workEmail: [32m'engemp1.work@example.com'[39m,
[2m[WebServer] [22m  roles: [ [32m'department employee'[39m ],
[2m[WebServer] [22m  permissions: [],
[2m[WebServer] [22m  primaryDepartmentId: [32m'69275d8afc1184a3b3e6c55f'[39m,
[2m[WebServer] [22m  employeeNumber: [32m'EMP-1026'[39m,
[2m[WebServer] [22m  iat: [33m1765982905[39m,
[2m[WebServer] [22m  exp: [33m1766069305[39m
[2m[WebServer] [22m}
[2m[WebServer] [22m≡ƒöÑ JwtAuthGuard: handleRequest() {
[2m[WebServer] [22m  err: [1mnull[22m,
[2m[WebServer] [22m  user: {
[2m[WebServer] [22m    id: [32m'6929e2de934d8e079e6f55b6'[39m,
[2m[WebServer] [22m    workEmail: [32m'engemp1.work@example.com'[39m,
[2m[WebServer] [22m    roles: [ [32m'department employee'[39m ],
[2m[WebServer] [22m    permissions: [],
[2m[WebServer] [22m    primaryDepartmentId: [32m'69275d8afc1184a3b3e6c55f'[39m,
[2m[WebServer] [22m    employeeNumber: [32m'EMP-1026'[39m
[2m[WebServer] [22m  },
[2m[WebServer] [22m  info: [90mundefined[39m
[2m[WebServer] [22m}
[2m[WebServer] [22mΓ£à JwtAuthGuard SUCCESS ΓåÆ user authenticated: 6929e2de934d8e079e6f55b6
[2m[WebServer] [22m≡ƒöÑ RolesGuard running!
[2m[WebServer] [22m
[2m[WebServer] [22m===== ROLE GUARD =====
[2m[WebServer] [22mRequired roles: [
[2m[WebServer] [22m  [32m'department employee'[39m,
[2m[WebServer] [22m  [32m'HR Employee'[39m,
[2m[WebServer] [22m  [32m'department head'[39m,
[2m[WebServer] [22m  [32m'HR Manager'[39m,
[2m[WebServer] [22m  [32m'HR Admin'[39m,
[2m[WebServer] [22m  [32m'System Admin'[39m
[2m[WebServer] [22m]
[2m[WebServer] [22mUser object: {
[2m[WebServer] [22m  id: [32m'6929e2de934d8e079e6f55b6'[39m,
[2m[WebServer] [22m  workEmail: [32m'engemp1.work@example.com'[39m,
[2m[WebServer] [22m  roles: [ [32m'department employee'[39m ],
[2m[WebServer] [22m  permissions: [],
[2m[WebServer] [22m  primaryDepartmentId: [32m'69275d8afc1184a3b3e6c55f'[39m,
[2m[WebServer] [22m  employeeNumber: [32m'EMP-1026'[39m
[2m[WebServer] [22m}
[2m[WebServer] [22mNormalized user roles: [ [32m'department employee'[39m ]
[2m[WebServer] [22mNormalized required roles: [
[2m[WebServer] [22m  [32m'department employee'[39m,
[2m[WebServer] [22m  [32m'hr employee'[39m,
[2m[WebServer] [22m  [32m'department head'[39m,
[2m[WebServer] [22m  [32m'hr manager'[39m,
[2m[WebServer] [22m  [32m'hr admin'[39m,
[2m[WebServer] [22m  [32m'system admin'[39m
[2m[WebServer] [22m]
[2m[WebServer] [22mHas required role? [33mtrue[39m
[2m[WebServer] [22mΓ£ö ACCESS GRANTED Γ£ö
[2m[WebServer] [22m≡ƒöì [RequestsController] getMyRequests: { userId: [90mundefined[39m }
Γ£à Balance validation accessible - REQ-020 validated
  Γ£ô   8 [chromium] ΓÇ║ leave-tests.spec.ts:217:7 ΓÇ║ ≡ƒÖï EMPLOYEE 1 (EMP-1026 - Engineering) - All Scenarios ΓÇ║ Γ£à C1: Insufficient balance check (REQ-020) (9.1s)
≡ƒöÉ Logging in as: engemp1.work@example.com
[2m[WebServer] [22m GET /login [32m200[39m in 38ms[2m (compile: 3ms, render: 35ms)[22m
[2m[WebServer] [22m≡ƒöÑ JwtAuthGuard: canActivate CALLED
[2m[WebServer] [22m≡ƒöì JWT Extractor - All cookies: [Object: null prototype] {}
[2m[WebServer] [22m≡ƒöì JWT Extractor - Headers: [90mundefined[39m
[2m[WebServer] [22m≡ƒöì JWT Extractor - accessToken: NOT FOUND
[2m[WebServer] [22m≡ƒöÑ JwtAuthGuard: handleRequest() {
[2m[WebServer] [22m  err: [1mnull[22m,
[2m[WebServer] [22m  user: [33mfalse[39m,
[2m[WebServer] [22m  info: Error: No auth token
[2m[WebServer] [22m      at JwtStrategy.authenticate [90m(C:\Users\Bedon\Desktop\semester-5-software-project\backend\[39mnode_modules\[4mpassport-jwt[24m\lib\strategy.js:96:26[90m)[39m
[2m[WebServer] [22m      at attempt [90m(C:\Users\Bedon\Desktop\semester-5-software-project\backend\[39mnode_modules\[4mpassport[24m\lib\middleware\authenticate.js:378:16[90m)[39m
[2m[WebServer] [22m      at authenticate [90m(C:\Users\Bedon\Desktop\semester-5-software-project\backend\[39mnode_modules\[4mpassport[24m\lib\middleware\authenticate.js:379:7[90m)[39m
[2m[WebServer] [22m      at [90mC:\Users\Bedon\Desktop\semester-5-software-project\backend\[39mnode_modules\[4m@nestjs[24m\passport\dist\auth.guard.js:88:3
[2m[WebServer] [22m      at new Promise (<anonymous>)
[2m[WebServer] [22m      at [90mC:\Users\Bedon\Desktop\semester-5-software-project\backend\[39mnode_modules\[4m@nestjs[24m\passport\dist\auth.guard.js:80:83
[2m[WebServer] [22m      at JwtAuthGuard.canActivate [90m(C:\Users\Bedon\Desktop\semester-5-software-project\backend\[39mnode_modules\[4m@nestjs[24m\passport\dist\auth.guard.js:44:32[90m)[39m
[2m[WebServer] [22m  [90m    at process.processTicksAndRejections (node:internal/process/task_queues:105:5)[39m
[2m[WebServer] [22m}
[2m[WebServer] [22mΓ¥î JwtAuthGuard INFO: Error: No auth token
[2m[WebServer] [22m    at JwtStrategy.authenticate 
[90m(C:\Users\Bedon\Desktop\semester-5-software-project\backend\[39mnode_modules\[4mpassport-jwt[24m\lib\strategy.js:96:26[90m)[39m
[2m[WebServer] [22m    at attempt [90m(C:\Users\Bedon\Desktop\semester-5-software-project\backend\[39mnode_modules\[4mpassport[24m\lib\mi
ddleware\authenticate.js:378:16[90m)[39m
[2m[WebServer] [22m    at authenticate [90m(C:\Users\Bedon\Desktop\semester-5-software-project\backend\[39mnode_modules\[4mpassport[24m\l
ib\middleware\authenticate.js:379:7[90m)[39m
[2m[WebServer] [22m    at 
[90mC:\Users\Bedon\Desktop\semester-5-software-project\backend\[39mnode_modules\[4m@nestjs[24m\passport\dist\auth.guard.js:88:3
[2m[WebServer] [22m    at new Promise (<anonymous>)
[2m[WebServer] [22m    at 
[90mC:\Users\Bedon\Desktop\semester-5-software-project\backend\[39mnode_modules\[4m@nestjs[24m\passport\dist\auth.guard.js:80:83
[2m[WebServer] [22m    at JwtAuthGuard.canActivate [90m(C:\Users\Bedon\Desktop\semester-5-software-project\backend\[39mnode_modules\[4m@ne
stjs[24m\passport\dist\auth.guard.js:44:32[90m)[39m
[2m[WebServer] [22m[90m    at process.processTicksAndRejections (node:internal/process/task_queues:105:5)[39m
[2m[WebServer] [22mΓ¥î JwtAuthGuard FAILING ΓåÆ No auth token
[2m[WebServer] [22mVALIDATE EMPLOYEE - systemRole = {
[2m[WebServer] [22m  _id: new ObjectId([32m'6929e2de934d8e079e6f55b8'[39m),
[2m[WebServer] [22m  employeeProfileId: new ObjectId([32m'6929e2de934d8e079e6f55b6'[39m),
[2m[WebServer] [22m  roles: [ [32m'department employee'[39m ],
[2m[WebServer] [22m  permissions: [],
[2m[WebServer] [22m  isActive: [33mtrue[39m,
[2m[WebServer] [22m  createdAt: [35m2025-11-28T17:58:54.894Z[39m,
[2m[WebServer] [22m  updatedAt: [35m2025-11-28T17:58:54.894Z[39m,
[2m[WebServer] [22m  __v: [33m0[39m
[2m[WebServer] [22m}
[2m[WebServer] [22mGenerated token: eyJhbGciOiJIUzI1NiIsInR5cCI6IkpXVCJ9.eyJzdWIiOiI2OTI5ZTJkZTkzNGQ4ZTA3OWU2ZjU1YjYiLCJ3b3JrRW1haWwiOiJlbmdlbXAxLndvcmtAZXhhbXBsZS5jb20iLCJyb2xlcyI6WyJkZXBhcnRtZW50IGVtcGxveWVlIl0sInBlcm1pc3Npb25zIjpbXSwicHJpbWFyeURlcGFydG1lbnRJZCI6IjY5Mjc1ZDhhZmMxMTg0YTNiM2U2YzU1ZiIsImVtcGxveWVlTnVtYmVyIjoiRU1QLTEwMjYiLCJpYXQiOjE3NjU5ODI5MTUsImV4cCI6MTc2NjA2OTMxNX0.6Xw0BaLty821hvAPSjyj3ipWnpdydtaz-Jh8K3qCBT8
[2m[WebServer] [22m GET /leaves [32m200[39m in 18ms[2m (compile: 2ms, render: 16ms)[22m
[2m[WebServer] [22m≡ƒöÑ JwtAuthGuard: canActivate CALLED
[2m[WebServer] [22m≡ƒöì JWT Extractor - All cookies: {
[2m[WebServer] [22m  accessToken: [32m'eyJhbGciOiJIUzI1NiIsInR5cCI6IkpXVCJ9.eyJzdWIiOiI2OTI5ZTJkZTkzNGQ4ZTA3OWU2ZjU1YjYiLCJ3b3JrRW1haWwiOiJlbmdlbXAxLndvcmtAZXhhbXBsZS5jb20iLCJyb2xlcyI6WyJkZXBhcnRtZW50IGVtcGxveWVlIl0sInBlcm1pc3Npb25zIjpbXSwicHJpbWFyeURlcGFydG1lbnRJZCI6IjY5Mjc1ZDhhZmMxMTg0YTNiM2U2YzU1ZiIsImVtcGxveWVlTnVtYmVyIjoiRU1QLTEwMjYiLCJpYXQiOjE3NjU5ODI5MTUsImV4cCI6MTc2NjA2OTMxNX0.6Xw0BaLty821hvAPSjyj3ipWnpdydtaz-Jh8K3qCBT8'[39m
[2m[WebServer] [22m}
[2m[WebServer] [22m≡ƒöì JWT Extractor - Headers: accessToken=eyJhbGciOiJIUzI1NiIsInR5cCI6IkpXVCJ9.eyJzdWIiOiI2OTI5ZTJkZTkzNGQ4ZTA3OWU2ZjU1YjYiLCJ3b3JrRW1haWwiOiJlbmdlbXAxLndvcmtAZXhhbXBsZS5jb20iLCJyb2xlcyI6WyJkZXBhcnRtZW50IGVtcGxveWVlIl0sInBlcm1pc3Npb25zIjpbXSwicHJpbWFyeURlcGFydG1lbnRJZCI6IjY5Mjc1ZDhhZmMxMTg0YTNiM2U2YzU1ZiIsImVtcGxveWVlTnVtYmVyIjoiRU1QLTEwMjYiLCJpYXQiOjE3NjU5ODI5MTUsImV4cCI6MTc2NjA2OTMxNX0.6Xw0BaLty821hvAPSjyj3ipWnpdydtaz-Jh8K3qCBT8
[2m[WebServer] [22m≡ƒöì JWT Extractor - accessToken: FOUND
[2m[WebServer] [22mJwtStrategy VALIDATE: {
[2m[WebServer] [22m  sub: [32m'6929e2de934d8e079e6f55b6'[39m,
[2m[WebServer] [22m  workEmail: [32m'engemp1.work@example.com'[39m,
[2m[WebServer] [22m  roles: [ [32m'department employee'[39m ],
[2m[WebServer] [22m  permissions: [],
[2m[WebServer] [22m  primaryDepartmentId: [32m'69275d8afc1184a3b3e6c55f'[39m,
[2m[WebServer] [22m  employeeNumber: [32m'EMP-1026'[39m,
[2m[WebServer] [22m  iat: [33m1765982915[39m,
[2m[WebServer] [22m  exp: [33m1766069315[39m
[2m[WebServer] [22m}
[2m[WebServer] [22m≡ƒöÑ JwtAuthGuard: handleRequest() {
[2m[WebServer] [22m  err: [1mnull[22m,
[2m[WebServer] [22m  user: {
[2m[WebServer] [22m    id: [32m'6929e2de934d8e079e6f55b6'[39m,
[2m[WebServer] [22m    workEmail: [32m'engemp1.work@example.com'[39m,
[2m[WebServer] [22m    roles: [ [32m'department employee'[39m ],
[2m[WebServer] [22m    permissions: [],
[2m[WebServer] [22m    primaryDepartmentId: [32m'69275d8afc1184a3b3e6c55f'[39m,
[2m[WebServer] [22m    employeeNumber: [32m'EMP-1026'[39m
[2m[WebServer] [22m  },
[2m[WebServer] [22m  info: [90mundefined[39m
[2m[WebServer] [22m}
[2m[WebServer] [22mΓ£à JwtAuthGuard SUCCESS ΓåÆ user authenticated: 6929e2de934d8e079e6f55b6
[2m[WebServer] [22m≡ƒöÑ RolesGuard running!
[2m[WebServer] [22m
[2m[WebServer] [22m===== ROLE GUARD =====
[2m[WebServer] [22mRequired roles: [
[2m[WebServer] [22m  [32m'department employee'[39m,
[2m[WebServer] [22m  [32m'HR Employee'[39m,
[2m[WebServer] [22m  [32m'department head'[39m,
[2m[WebServer] [22m  [32m'HR Manager'[39m,
[2m[WebServer] [22m  [32m'HR Admin'[39m,
[2m[WebServer] [22m  [32m'System Admin'[39m
[2m[WebServer] [22m]
[2m[WebServer] [22mUser object: {
[2m[WebServer] [22m  id: [32m'6929e2de934d8e079e6f55b6'[39m,
[2m[WebServer] [22m  workEmail: [32m'engemp1.work@example.com'[39m,
[2m[WebServer] [22m  roles: [ [32m'department employee'[39m ],
[2m[WebServer] [22m  permissions: [],
[2m[WebServer] [22m  primaryDepartmentId: [32m'69275d8afc1184a3b3e6c55f'[39m,
[2m[WebServer] [22m  employeeNumber: [32m'EMP-1026'[39m
[2m[WebServer] [22m}
[2m[WebServer] [22mNormalized user roles: [ [32m'department employee'[39m ]
[2m[WebServer] [22mNormalized required roles: [
[2m[WebServer] [22m  [32m'department employee'[39m,
[2m[WebServer] [22m  [32m'hr employee'[39m,
[2m[WebServer] [22m  [32m'department head'[39m,
[2m[WebServer] [22m  [32m'hr manager'[39m,
[2m[WebServer] [22m  [32m'hr admin'[39m,
[2m[WebServer] [22m  [32m'system admin'[39m
[2m[WebServer] [22m]
[2m[WebServer] [22mHas required role? [33mtrue[39m
[2m[WebServer] [22mΓ£ö ACCESS GRANTED Γ£ö
[2m[WebServer] [22m≡ƒöì [TrackingController] getMyBalances: {
[2m[WebServer] [22m  query: [Object: null prototype] {},
[2m[WebServer] [22m  userId: [32m'6929e2de934d8e079e6f55b6'[39m
[2m[WebServer] [22m}
[2m[WebServer] [22m≡ƒöÑ JwtAuthGuard: canActivate CALLED
[2m[WebServer] [22m≡ƒöì JWT Extractor - All cookies: {
[2m[WebServer] [22m  accessToken: [32m'eyJhbGciOiJIUzI1NiIsInR5cCI6IkpXVCJ9.eyJzdWIiOiI2OTI5ZTJkZTkzNGQ4ZTA3OWU2ZjU1YjYiLCJ3b3JrRW1haWwiOiJlbmdlbXAxLndvcmtAZXhhbXBsZS5jb20iLCJyb2xlcyI6WyJkZXBhcnRtZW50IGVtcGxveWVlIl0sInBlcm1pc3Npb25zIjpbXSwicHJpbWFyeURlcGFydG1lbnRJZCI6IjY5Mjc1ZDhhZmMxMTg0YTNiM2U2YzU1ZiIsImVtcGxveWVlTnVtYmVyIjoiRU1QLTEwMjYiLCJpYXQiOjE3NjU5ODI5MTUsImV4cCI6MTc2NjA2OTMxNX0.6Xw0BaLty821hvAPSjyj3ipWnpdydtaz-Jh8K3qCBT8'[39m
[2m[WebServer] [22m}
[2m[WebServer] [22m≡ƒöì JWT Extractor - Headers: accessToken=eyJhbGciOiJIUzI1NiIsInR5cCI6IkpXVCJ9.eyJzdWIiOiI2OTI5ZTJkZTkzNGQ4ZTA3OWU2ZjU1YjYiLCJ3b3JrRW1haWwiOiJlbmdlbXAxLndvcmtAZXhhbXBsZS5jb20iLCJyb2xlcyI6WyJkZXBhcnRtZW50IGVtcGxveWVlIl0sInBlcm1pc3Npb25zIjpbXSwicHJpbWFyeURlcGFydG1lbnRJZCI6IjY5Mjc1ZDhhZmMxMTg0YTNiM2U2YzU1ZiIsImVtcGxveWVlTnVtYmVyIjoiRU1QLTEwMjYiLCJpYXQiOjE3NjU5ODI5MTUsImV4cCI6MTc2NjA2OTMxNX0.6Xw0BaLty821hvAPSjyj3ipWnpdydtaz-Jh8K3qCBT8
[2m[WebServer] [22m≡ƒöì JWT Extractor - accessToken: FOUND
[2m[WebServer] [22mJwtStrategy VALIDATE: {
[2m[WebServer] [22m  sub: [32m'6929e2de934d8e079e6f55b6'[39m,
[2m[WebServer] [22m  workEmail: [32m'engemp1.work@example.com'[39m,
[2m[WebServer] [22m  roles: [ [32m'department employee'[39m ],
[2m[WebServer] [22m  permissions: [],
[2m[WebServer] [22m  primaryDepartmentId: [32m'69275d8afc1184a3b3e6c55f'[39m,
[2m[WebServer] [22m  employeeNumber: [32m'EMP-1026'[39m,
[2m[WebServer] [22m  iat: [33m1765982915[39m,
[2m[WebServer] [22m  exp: [33m1766069315[39m
[2m[WebServer] [22m}
[2m[WebServer] [22m≡ƒöÑ JwtAuthGuard: handleRequest() {
[2m[WebServer] [22m  err: [1mnull[22m,
[2m[WebServer] [22m  user: {
[2m[WebServer] [22m    id: [32m'6929e2de934d8e079e6f55b6'[39m,
[2m[WebServer] [22m    workEmail: [32m'engemp1.work@example.com'[39m,
[2m[WebServer] [22m    roles: [ [32m'department employee'[39m ],
[2m[WebServer] [22m    permissions: [],
[2m[WebServer] [22m    primaryDepartmentId: [32m'69275d8afc1184a3b3e6c55f'[39m,
[2m[WebServer] [22m    employeeNumber: [32m'EMP-1026'[39m
[2m[WebServer] [22m  },
[2m[WebServer] [22m  info: [90mundefined[39m
[2m[WebServer] [22m}
[2m[WebServer] [22mΓ£à JwtAuthGuard SUCCESS ΓåÆ user authenticated: 6929e2de934d8e079e6f55b6
[2m[WebServer] [22m≡ƒöÑ RolesGuard running!
[2m[WebServer] [22m
[2m[WebServer] [22m===== ROLE GUARD =====
[2m[WebServer] [22mRequired roles: [
[2m[WebServer] [22m  [32m'department employee'[39m,
[2m[WebServer] [22m  [32m'HR Employee'[39m,
[2m[WebServer] [22m  [32m'department head'[39m,
[2m[WebServer] [22m  [32m'HR Manager'[39m,
[2m[WebServer] [22m  [32m'HR Admin'[39m,
[2m[WebServer] [22m  [32m'System Admin'[39m
[2m[WebServer] [22m]
[2m[WebServer] [22mUser object: {
[2m[WebServer] [22m  id: [32m'6929e2de934d8e079e6f55b6'[39m,
[2m[WebServer] [22m  workEmail: [32m'engemp1.work@example.com'[39m,
[2m[WebServer] [22m  roles: [ [32m'department employee'[39m ],
[2m[WebServer] [22m  permissions: [],
[2m[WebServer] [22m  primaryDepartmentId: [32m'69275d8afc1184a3b3e6c55f'[39m,
[2m[WebServer] [22m  employeeNumber: [32m'EMP-1026'[39m
[2m[WebServer] [22m}
[2m[WebServer] [22mNormalized user roles: [ [32m'department employee'[39m ]
[2m[WebServer] [22mNormalized required roles: [
[2m[WebServer] [22m  [32m'department employee'[39m,
[2m[WebServer] [22m  [32m'hr employee'[39m,
[2m[WebServer] [22m  [32m'department head'[39m,
[2m[WebServer] [22m  [32m'hr manager'[39m,
[2m[WebServer] [22m  [32m'hr admin'[39m,
[2m[WebServer] [22m  [32m'system admin'[39m
[2m[WebServer] [22m]
[2m[WebServer] [22mHas required role? [33mtrue[39m
[2m[WebServer] [22mΓ£ö ACCESS GRANTED Γ£ö
[2m[WebServer] [22m≡ƒöì [TrackingController] getMyHistory: {
[2m[WebServer] [22m  filters: [Object: null prototype] {},
[2m[WebServer] [22m  userId: [32m'6929e2de934d8e079e6f55b6'[39m
[2m[WebServer] [22m}
Γ£à Login successful
≡ƒÆ╕ Testing: REQ-021, REQ-022 (Unpaid conversion)
[2m[WebServer] [22m GET /leaves/my-leaves [32m200[39m in 44ms[2m (compile: 2ms, render: 42ms)[22m
[2m[WebServer] [22m≡ƒöÑ JwtAuthGuard: canActivate CALLED
[2m[WebServer] [22m≡ƒöì JWT Extractor - All cookies: {
[2m[WebServer] [22m  accessToken: [32m'eyJhbGciOiJIUzI1NiIsInR5cCI6IkpXVCJ9.eyJzdWIiOiI2OTI5ZTJkZTkzNGQ4ZTA3OWU2ZjU1YjYiLCJ3b3JrRW1haWwiOiJlbmdlbXAxLndvcmtAZXhhbXBsZS5jb20iLCJyb2xlcyI6WyJkZXBhcnRtZW50IGVtcGxveWVlIl0sInBlcm1pc3Npb25zIjpbXSwicHJpbWFyeURlcGFydG1lbnRJZCI6IjY5Mjc1ZDhhZmMxMTg0YTNiM2U2YzU1ZiIsImVtcGxveWVlTnVtYmVyIjoiRU1QLTEwMjYiLCJpYXQiOjE3NjU5ODI5MTUsImV4cCI6MTc2NjA2OTMxNX0.6Xw0BaLty821hvAPSjyj3ipWnpdydtaz-Jh8K3qCBT8'[39m
[2m[WebServer] [22m}
[2m[WebServer] [22m≡ƒöì JWT Extractor - Headers: accessToken=eyJhbGciOiJIUzI1NiIsInR5cCI6IkpXVCJ9.eyJzdWIiOiI2OTI5ZTJkZTkzNGQ4ZTA3OWU2ZjU1YjYiLCJ3b3JrRW1haWwiOiJlbmdlbXAxLndvcmtAZXhhbXBsZS5jb20iLCJyb2xlcyI6WyJkZXBhcnRtZW50IGVtcGxveWVlIl0sInBlcm1pc3Npb25zIjpbXSwicHJpbWFyeURlcGFydG1lbnRJZCI6IjY5Mjc1ZDhhZmMxMTg0YTNiM2U2YzU1ZiIsImVtcGxveWVlTnVtYmVyIjoiRU1QLTEwMjYiLCJpYXQiOjE3NjU5ODI5MTUsImV4cCI6MTc2NjA2OTMxNX0.6Xw0BaLty821hvAPSjyj3ipWnpdydtaz-Jh8K3qCBT8
[2m[WebServer] [22m≡ƒöì JWT Extractor - accessToken: FOUND
[2m[WebServer] [22mJwtStrategy VALIDATE: {
[2m[WebServer] [22m  sub: [32m'6929e2de934d8e079e6f55b6'[39m,
[2m[WebServer] [22m  workEmail: [32m'engemp1.work@example.com'[39m,
[2m[WebServer] [22m  roles: [ [32m'department employee'[39m ],
[2m[WebServer] [22m  permissions: [],
[2m[WebServer] [22m  primaryDepartmentId: [32m'69275d8afc1184a3b3e6c55f'[39m,
[2m[WebServer] [22m  employeeNumber: [32m'EMP-1026'[39m,
[2m[WebServer] [22m  iat: [33m1765982915[39m,
[2m[WebServer] [22m  exp: [33m1766069315[39m
[2m[WebServer] [22m}
[2m[WebServer] [22m≡ƒöÑ JwtAuthGuard: handleRequest() {
[2m[WebServer] [22m  err: [1mnull[22m,
[2m[WebServer] [22m  user: {
[2m[WebServer] [22m    id: [32m'6929e2de934d8e079e6f55b6'[39m,
[2m[WebServer] [22m    workEmail: [32m'engemp1.work@example.com'[39m,
[2m[WebServer] [22m    roles: [ [32m'department employee'[39m ],
[2m[WebServer] [22m    permissions: [],
[2m[WebServer] [22m    primaryDepartmentId: [32m'69275d8afc1184a3b3e6c55f'[39m,
[2m[WebServer] [22m    employeeNumber: [32m'EMP-1026'[39m
[2m[WebServer] [22m  },
[2m[WebServer] [22m  info: [90mundefined[39m
[2m[WebServer] [22m}
[2m[WebServer] [22mΓ£à JwtAuthGuard SUCCESS ΓåÆ user authenticated: 6929e2de934d8e079e6f55b6
[2m[WebServer] [22m≡ƒöì [LeaveTypeController] findAll
[2m[WebServer] [22m≡ƒöÑ JwtAuthGuard: canActivate CALLED
[2m[WebServer] [22m≡ƒöì JWT Extractor - All cookies: {
[2m[WebServer] [22m  accessToken: [32m'eyJhbGciOiJIUzI1NiIsInR5cCI6IkpXVCJ9.eyJzdWIiOiI2OTI5ZTJkZTkzNGQ4ZTA3OWU2ZjU1YjYiLCJ3b3JrRW1haWwiOiJlbmdlbXAxLndvcmtAZXhhbXBsZS5jb20iLCJyb2xlcyI6WyJkZXBhcnRtZW50IGVtcGxveWVlIl0sInBlcm1pc3Npb25zIjpbXSwicHJpbWFyeURlcGFydG1lbnRJZCI6IjY5Mjc1ZDhhZmMxMTg0YTNiM2U2YzU1ZiIsImVtcGxveWVlTnVtYmVyIjoiRU1QLTEwMjYiLCJpYXQiOjE3NjU5ODI5MTUsImV4cCI6MTc2NjA2OTMxNX0.6Xw0BaLty821hvAPSjyj3ipWnpdydtaz-Jh8K3qCBT8'[39m
[2m[WebServer] [22m}
[2m[WebServer] [22m≡ƒöì JWT Extractor - Headers: accessToken=eyJhbGciOiJIUzI1NiIsInR5cCI6IkpXVCJ9.eyJzdWIiOiI2OTI5ZTJkZTkzNGQ4ZTA3OWU2ZjU1YjYiLCJ3b3JrRW1haWwiOiJlbmdlbXAxLndvcmtAZXhhbXBsZS5jb20iLCJyb2xlcyI6WyJkZXBhcnRtZW50IGVtcGxveWVlIl0sInBlcm1pc3Npb25zIjpbXSwicHJpbWFyeURlcGFydG1lbnRJZCI6IjY5Mjc1ZDhhZmMxMTg0YTNiM2U2YzU1ZiIsImVtcGxveWVlTnVtYmVyIjoiRU1QLTEwMjYiLCJpYXQiOjE3NjU5ODI5MTUsImV4cCI6MTc2NjA2OTMxNX0.6Xw0BaLty821hvAPSjyj3ipWnpdydtaz-Jh8K3qCBT8
[2m[WebServer] [22m≡ƒöì JWT Extractor - accessToken: FOUND
[2m[WebServer] [22mJwtStrategy VALIDATE: {
[2m[WebServer] [22m  sub: [32m'6929e2de934d8e079e6f55b6'[39m,
[2m[WebServer] [22m  workEmail: [32m'engemp1.work@example.com'[39m,
[2m[WebServer] [22m  roles: [ [32m'department employee'[39m ],
[2m[WebServer] [22m  permissions: [],
[2m[WebServer] [22m  primaryDepartmentId: [32m'69275d8afc1184a3b3e6c55f'[39m,
[2m[WebServer] [22m  employeeNumber: [32m'EMP-1026'[39m,
[2m[WebServer] [22m  iat: [33m1765982915[39m,
[2m[WebServer] [22m  exp: [33m1766069315[39m
[2m[WebServer] [22m}
[2m[WebServer] [22m≡ƒöÑ JwtAuthGuard: handleRequest() {
[2m[WebServer] [22m  err: [1mnull[22m,
[2m[WebServer] [22m  user: {
[2m[WebServer] [22m    id: [32m'6929e2de934d8e079e6f55b6'[39m,
[2m[WebServer] [22m    workEmail: [32m'engemp1.work@example.com'[39m,
[2m[WebServer] [22m    roles: [ [32m'department employee'[39m ],
[2m[WebServer] [22m    permissions: [],
[2m[WebServer] [22m    primaryDepartmentId: [32m'69275d8afc1184a3b3e6c55f'[39m,
[2m[WebServer] [22m    employeeNumber: [32m'EMP-1026'[39m
[2m[WebServer] [22m  },
[2m[WebServer] [22m  info: [90mundefined[39m
[2m[WebServer] [22m}
[2m[WebServer] [22mΓ£à JwtAuthGuard SUCCESS ΓåÆ user authenticated: 6929e2de934d8e079e6f55b6
[2m[WebServer] [22m≡ƒöÑ RolesGuard running!
[2m[WebServer] [22m
[2m[WebServer] [22m===== ROLE GUARD =====
[2m[WebServer] [22mRequired roles: [
[2m[WebServer] [22m  [32m'department employee'[39m,
[2m[WebServer] [22m  [32m'HR Employee'[39m,
[2m[WebServer] [22m  [32m'department head'[39m,
[2m[WebServer] [22m  [32m'HR Manager'[39m,
[2m[WebServer] [22m  [32m'HR Admin'[39m,
[2m[WebServer] [22m  [32m'System Admin'[39m
[2m[WebServer] [22m]
[2m[WebServer] [22mUser object: {
[2m[WebServer] [22m  id: [32m'6929e2de934d8e079e6f55b6'[39m,
[2m[WebServer] [22m  workEmail: [32m'engemp1.work@example.com'[39m,
[2m[WebServer] [22m  roles: [ [32m'department employee'[39m ],
[2m[WebServer] [22m  permissions: [],
[2m[WebServer] [22m  primaryDepartmentId: [32m'69275d8afc1184a3b3e6c55f'[39m,
[2m[WebServer] [22m  employeeNumber: [32m'EMP-1026'[39m
[2m[WebServer] [22m}
[2m[WebServer] [22mNormalized user roles: [ [32m'department employee'[39m ]
[2m[WebServer] [22mNormalized required roles: [
[2m[WebServer] [22m  [32m'department employee'[39m,
[2m[WebServer] [22m  [32m'hr employee'[39m,
[2m[WebServer] [22m  [32m'department head'[39m,
[2m[WebServer] [22m  [32m'hr manager'[39m,
[2m[WebServer] [22m  [32m'hr admin'[39m,
[2m[WebServer] [22m  [32m'system admin'[39m
[2m[WebServer] [22m]
[2m[WebServer] [22mHas required role? [33mtrue[39m
[2m[WebServer] [22mΓ£ö ACCESS GRANTED Γ£ö
[2m[WebServer] [22m≡ƒöì [TrackingController] getMyBalances: {
[2m[WebServer] [22m  query: [Object: null prototype] {},
[2m[WebServer] [22m  userId: [32m'6929e2de934d8e079e6f55b6'[39m
[2m[WebServer] [22m}
[2m[WebServer] [22m≡ƒöÑ JwtAuthGuard: canActivate CALLED
[2m[WebServer] [22m≡ƒöì JWT Extractor - All cookies: {
[2m[WebServer] [22m  accessToken: [32m'eyJhbGciOiJIUzI1NiIsInR5cCI6IkpXVCJ9.eyJzdWIiOiI2OTI5ZTJkZTkzNGQ4ZTA3OWU2ZjU1YjYiLCJ3b3JrRW1haWwiOiJlbmdlbXAxLndvcmtAZXhhbXBsZS5jb20iLCJyb2xlcyI6WyJkZXBhcnRtZW50IGVtcGxveWVlIl0sInBlcm1pc3Npb25zIjpbXSwicHJpbWFyeURlcGFydG1lbnRJZCI6IjY5Mjc1ZDhhZmMxMTg0YTNiM2U2YzU1ZiIsImVtcGxveWVlTnVtYmVyIjoiRU1QLTEwMjYiLCJpYXQiOjE3NjU5ODI5MTUsImV4cCI6MTc2NjA2OTMxNX0.6Xw0BaLty821hvAPSjyj3ipWnpdydtaz-Jh8K3qCBT8'[39m
[2m[WebServer] [22m}
[2m[WebServer] [22m≡ƒöì JWT Extractor - Headers: accessToken=eyJhbGciOiJIUzI1NiIsInR5cCI6IkpXVCJ9.eyJzdWIiOiI2OTI5ZTJkZTkzNGQ4ZTA3OWU2ZjU1YjYiLCJ3b3JrRW1haWwiOiJlbmdlbXAxLndvcmtAZXhhbXBsZS5jb20iLCJyb2xlcyI6WyJkZXBhcnRtZW50IGVtcGxveWVlIl0sInBlcm1pc3Npb25zIjpbXSwicHJpbWFyeURlcGFydG1lbnRJZCI6IjY5Mjc1ZDhhZmMxMTg0YTNiM2U2YzU1ZiIsImVtcGxveWVlTnVtYmVyIjoiRU1QLTEwMjYiLCJpYXQiOjE3NjU5ODI5MTUsImV4cCI6MTc2NjA2OTMxNX0.6Xw0BaLty821hvAPSjyj3ipWnpdydtaz-Jh8K3qCBT8
[2m[WebServer] [22m≡ƒöì JWT Extractor - accessToken: FOUND
[2m[WebServer] [22mJwtStrategy VALIDATE: {
[2m[WebServer] [22m  sub: [32m'6929e2de934d8e079e6f55b6'[39m,
[2m[WebServer] [22m  workEmail: [32m'engemp1.work@example.com'[39m,
[2m[WebServer] [22m  roles: [ [32m'department employee'[39m ],
[2m[WebServer] [22m  permissions: [],
[2m[WebServer] [22m  primaryDepartmentId: [32m'69275d8afc1184a3b3e6c55f'[39m,
[2m[WebServer] [22m  employeeNumber: [32m'EMP-1026'[39m,
[2m[WebServer] [22m  iat: [33m1765982915[39m,
[2m[WebServer] [22m  exp: [33m1766069315[39m
[2m[WebServer] [22m}
[2m[WebServer] [22m≡ƒöÑ JwtAuthGuard: handleRequest() {
[2m[WebServer] [22m  err: [1mnull[22m,
[2m[WebServer] [22m  user: {
[2m[WebServer] [22m    id: [32m'6929e2de934d8e079e6f55b6'[39m,
[2m[WebServer] [22m    workEmail: [32m'engemp1.work@example.com'[39m,
[2m[WebServer] [22m    roles: [ [32m'department employee'[39m ],
[2m[WebServer] [22m    permissions: [],
[2m[WebServer] [22m    primaryDepartmentId: [32m'69275d8afc1184a3b3e6c55f'[39m,
[2m[WebServer] [22m    employeeNumber: [32m'EMP-1026'[39m
[2m[WebServer] [22m  },
[2m[WebServer] [22m  info: [90mundefined[39m
[2m[WebServer] [22m}
[2m[WebServer] [22mΓ£à JwtAuthGuard SUCCESS ΓåÆ user authenticated: 6929e2de934d8e079e6f55b6
[2m[WebServer] [22m≡ƒöÑ RolesGuard running!
[2m[WebServer] [22m
[2m[WebServer] [22m===== ROLE GUARD =====
[2m[WebServer] [22mRequired roles: [
[2m[WebServer] [22m  [32m'department employee'[39m,
[2m[WebServer] [22m  [32m'HR Employee'[39m,
[2m[WebServer] [22m  [32m'department head'[39m,
[2m[WebServer] [22m  [32m'HR Manager'[39m,
[2m[WebServer] [22m  [32m'HR Admin'[39m,
[2m[WebServer] [22m  [32m'System Admin'[39m
[2m[WebServer] [22m]
[2m[WebServer] [22mUser object: {
[2m[WebServer] [22m  id: [32m'6929e2de934d8e079e6f55b6'[39m,
[2m[WebServer] [22m  workEmail: [32m'engemp1.work@example.com'[39m,
[2m[WebServer] [22m  roles: [ [32m'department employee'[39m ],
[2m[WebServer] [22m  permissions: [],
[2m[WebServer] [22m  primaryDepartmentId: [32m'69275d8afc1184a3b3e6c55f'[39m,
[2m[WebServer] [22m  employeeNumber: [32m'EMP-1026'[39m
[2m[WebServer] [22m}
[2m[WebServer] [22mNormalized user roles: [ [32m'department employee'[39m ]
[2m[WebServer] [22mNormalized required roles: [
[2m[WebServer] [22m  [32m'department employee'[39m,
[2m[WebServer] [22m  [32m'hr employee'[39m,
[2m[WebServer] [22m  [32m'department head'[39m,
[2m[WebServer] [22m  [32m'hr manager'[39m,
[2m[WebServer] [22m  [32m'hr admin'[39m,
[2m[WebServer] [22m  [32m'system admin'[39m
[2m[WebServer] [22m]
[2m[WebServer] [22mHas required role? [33mtrue[39m
[2m[WebServer] [22mΓ£ö ACCESS GRANTED Γ£ö
[2m[WebServer] [22m≡ƒöì [RequestsController] getMyRequests: { userId: [90mundefined[39m }
Γ£à Unpaid conversion logic accessible - REQ-021, REQ-022 validated
  Γ£ô   9 [chromium] ΓÇ║ leave-tests.spec.ts:227:7 ΓÇ║ ≡ƒÖï EMPLOYEE 1 (EMP-1026 - Engineering) - All Scenarios ΓÇ║ Γ£à C2: Unpaid leave conversion (REQ-021, REQ-022) (9.0s)
≡ƒöÉ Logging in as: engemp1.work@example.com
[2m[WebServer] [22m GET /login [32m200[39m in 37ms[2m (compile: 2ms, render: 35ms)[22m
[2m[WebServer] [22m≡ƒöÑ JwtAuthGuard: canActivate CALLED
[2m[WebServer] [22m≡ƒöì JWT Extractor - All cookies: [Object: null prototype] {}
[2m[WebServer] [22m≡ƒöì JWT Extractor - Headers: [90mundefined[39m
[2m[WebServer] [22m≡ƒöì JWT Extractor - accessToken: NOT FOUND
[2m[WebServer] [22m≡ƒöÑ JwtAuthGuard: handleRequest() {
[2m[WebServer] [22m  err: [1mnull[22m,
[2m[WebServer] [22m  user: [33mfalse[39m,
[2m[WebServer] [22m  info: Error: No auth token
[2m[WebServer] [22m      at JwtStrategy.authenticate [90m(C:\Users\Bedon\Desktop\semester-5-software-project\backend\[39mnode_modules\[4mpassport-jwt[24m\lib\strategy.js:96:26[90m)[39m
[2m[WebServer] [22m      at attempt [90m(C:\Users\Bedon\Desktop\semester-5-software-project\backend\[39mnode_modules\[4mpassport[24m\lib\middleware\authenticate.js:378:16[90m)[39m
[2m[WebServer] [22m      at authenticate [90m(C:\Users\Bedon\Desktop\semester-5-software-project\backend\[39mnode_modules\[4mpassport[24m\lib\middleware\authenticate.js:379:7[90m)[39m
[2m[WebServer] [22m      at [90mC:\Users\Bedon\Desktop\semester-5-software-project\backend\[39mnode_modules\[4m@nestjs[24m\passport\dist\auth.guard.js:88:3
[2m[WebServer] [22m      at new Promise (<anonymous>)
[2m[WebServer] [22m      at [90mC:\Users\Bedon\Desktop\semester-5-software-project\backend\[39mnode_modules\[4m@nestjs[24m\passport\dist\auth.guard.js:80:83
[2m[WebServer] [22m      at JwtAuthGuard.canActivate [90m(C:\Users\Bedon\Desktop\semester-5-software-project\backend\[39mnode_modules\[4m@nestjs[24m\passport\dist\auth.guard.js:44:32[90m)[39m
[2m[WebServer] [22m  [90m    at process.processTicksAndRejections (node:internal/process/task_queues:105:5)[39m
[2m[WebServer] [22m}
[2m[WebServer] [22mΓ¥î JwtAuthGuard INFO: Error: No auth token
[2m[WebServer] [22m    at JwtStrategy.authenticate 
[90m(C:\Users\Bedon\Desktop\semester-5-software-project\backend\[39mnode_modules\[4mpassport-jwt[24m\lib\strategy.js:96:26[90m)[39m
[2m[WebServer] [22m    at attempt [90m(C:\Users\Bedon\Desktop\semester-5-software-project\backend\[39mnode_modules\[4mpassport[24m\lib\mi
ddleware\authenticate.js:378:16[90m)[39m
[2m[WebServer] [22m    at authenticate [90m(C:\Users\Bedon\Desktop\semester-5-software-project\backend\[39mnode_modules\[4mpassport[24m\l
ib\middleware\authenticate.js:379:7[90m)[39m
[2m[WebServer] [22m    at 
[90mC:\Users\Bedon\Desktop\semester-5-software-project\backend\[39mnode_modules\[4m@nestjs[24m\passport\dist\auth.guard.js:88:3
[2m[WebServer] [22m    at new Promise (<anonymous>)
[2m[WebServer] [22m    at 
[90mC:\Users\Bedon\Desktop\semester-5-software-project\backend\[39mnode_modules\[4m@nestjs[24m\passport\dist\auth.guard.js:80:83
[2m[WebServer] [22m    at JwtAuthGuard.canActivate [90m(C:\Users\Bedon\Desktop\semester-5-software-project\backend\[39mnode_modules\[4m@ne
stjs[24m\passport\dist\auth.guard.js:44:32[90m)[39m
[2m[WebServer] [22m[90m    at process.processTicksAndRejections (node:internal/process/task_queues:105:5)[39m
[2m[WebServer] [22mΓ¥î JwtAuthGuard FAILING ΓåÆ No auth token
[2m[WebServer] [22mVALIDATE EMPLOYEE - systemRole = {
[2m[WebServer] [22m  _id: new ObjectId([32m'6929e2de934d8e079e6f55b8'[39m),
[2m[WebServer] [22m  employeeProfileId: new ObjectId([32m'6929e2de934d8e079e6f55b6'[39m),
[2m[WebServer] [22m  roles: [ [32m'department employee'[39m ],
[2m[WebServer] [22m  permissions: [],
[2m[WebServer] [22m  isActive: [33mtrue[39m,
[2m[WebServer] [22m  createdAt: [35m2025-11-28T17:58:54.894Z[39m,
[2m[WebServer] [22m  updatedAt: [35m2025-11-28T17:58:54.894Z[39m,
[2m[WebServer] [22m  __v: [33m0[39m
[2m[WebServer] [22m}
[2m[WebServer] [22mGenerated token: eyJhbGciOiJIUzI1NiIsInR5cCI6IkpXVCJ9.eyJzdWIiOiI2OTI5ZTJkZTkzNGQ4ZTA3OWU2ZjU1YjYiLCJ3b3JrRW1haWwiOiJlbmdlbXAxLndvcmtAZXhhbXBsZS5jb20iLCJyb2xlcyI6WyJkZXBhcnRtZW50IGVtcGxveWVlIl0sInBlcm1pc3Npb25zIjpbXSwicHJpbWFyeURlcGFydG1lbnRJZCI6IjY5Mjc1ZDhhZmMxMTg0YTNiM2U2YzU1ZiIsImVtcGxveWVlTnVtYmVyIjoiRU1QLTEwMjYiLCJpYXQiOjE3NjU5ODI5MjQsImV4cCI6MTc2NjA2OTMyNH0.iPSEhxo8hyY7t-EQwO4Iws7qPb3pRIQ5BcGgXLf_h0M
[2m[WebServer] [22m GET /leaves [32m200[39m in 20ms[2m (compile: 3ms, render: 17ms)[22m
[2m[WebServer] [22m≡ƒöÑ JwtAuthGuard: canActivate CALLED
[2m[WebServer] [22m≡ƒöì JWT Extractor - All cookies: {
[2m[WebServer] [22m  accessToken: [32m'eyJhbGciOiJIUzI1NiIsInR5cCI6IkpXVCJ9.eyJzdWIiOiI2OTI5ZTJkZTkzNGQ4ZTA3OWU2ZjU1YjYiLCJ3b3JrRW1haWwiOiJlbmdlbXAxLndvcmtAZXhhbXBsZS5jb20iLCJyb2xlcyI6WyJkZXBhcnRtZW50IGVtcGxveWVlIl0sInBlcm1pc3Npb25zIjpbXSwicHJpbWFyeURlcGFydG1lbnRJZCI6IjY5Mjc1ZDhhZmMxMTg0YTNiM2U2YzU1ZiIsImVtcGxveWVlTnVtYmVyIjoiRU1QLTEwMjYiLCJpYXQiOjE3NjU5ODI5MjQsImV4cCI6MTc2NjA2OTMyNH0.iPSEhxo8hyY7t-EQwO4Iws7qPb3pRIQ5BcGgXLf_h0M'[39m
[2m[WebServer] [22m}
[2m[WebServer] [22m≡ƒöì JWT Extractor - Headers: accessToken=eyJhbGciOiJIUzI1NiIsInR5cCI6IkpXVCJ9.eyJzdWIiOiI2OTI5ZTJkZTkzNGQ4ZTA3OWU2ZjU1YjYiLCJ3b3JrRW1haWwiOiJlbmdlbXAxLndvcmtAZXhhbXBsZS5jb20iLCJyb2xlcyI6WyJkZXBhcnRtZW50IGVtcGxveWVlIl0sInBlcm1pc3Npb25zIjpbXSwicHJpbWFyeURlcGFydG1lbnRJZCI6IjY5Mjc1ZDhhZmMxMTg0YTNiM2U2YzU1ZiIsImVtcGxveWVlTnVtYmVyIjoiRU1QLTEwMjYiLCJpYXQiOjE3NjU5ODI5MjQsImV4cCI6MTc2NjA2OTMyNH0.iPSEhxo8hyY7t-EQwO4Iws7qPb3pRIQ5BcGgXLf_h0M
[2m[WebServer] [22m≡ƒöì JWT Extractor - accessToken: FOUND
[2m[WebServer] [22mJwtStrategy VALIDATE: {
[2m[WebServer] [22m  sub: [32m'6929e2de934d8e079e6f55b6'[39m,
[2m[WebServer] [22m  workEmail: [32m'engemp1.work@example.com'[39m,
[2m[WebServer] [22m  roles: [ [32m'department employee'[39m ],
[2m[WebServer] [22m  permissions: [],
[2m[WebServer] [22m  primaryDepartmentId: [32m'69275d8afc1184a3b3e6c55f'[39m,
[2m[WebServer] [22m  employeeNumber: [32m'EMP-1026'[39m,
[2m[WebServer] [22m  iat: [33m1765982924[39m,
[2m[WebServer] [22m  exp: [33m1766069324[39m
[2m[WebServer] [22m}
[2m[WebServer] [22m≡ƒöÑ JwtAuthGuard: handleRequest() {
[2m[WebServer] [22m  err: [1mnull[22m,
[2m[WebServer] [22m  user: {
[2m[WebServer] [22m    id: [32m'6929e2de934d8e079e6f55b6'[39m,
[2m[WebServer] [22m    workEmail: [32m'engemp1.work@example.com'[39m,
[2m[WebServer] [22m    roles: [ [32m'department employee'[39m ],
[2m[WebServer] [22m    permissions: [],
[2m[WebServer] [22m    primaryDepartmentId: [32m'69275d8afc1184a3b3e6c55f'[39m,
[2m[WebServer] [22m    employeeNumber: [32m'EMP-1026'[39m
[2m[WebServer] [22m  },
[2m[WebServer] [22m  info: [90mundefined[39m
[2m[WebServer] [22m}
[2m[WebServer] [22mΓ£à JwtAuthGuard SUCCESS ΓåÆ user authenticated: 6929e2de934d8e079e6f55b6
[2m[WebServer] [22m≡ƒöÑ RolesGuard running!
[2m[WebServer] [22m
[2m[WebServer] [22m===== ROLE GUARD =====
[2m[WebServer] [22mRequired roles: [
[2m[WebServer] [22m  [32m'department employee'[39m,
[2m[WebServer] [22m  [32m'HR Employee'[39m,
[2m[WebServer] [22m  [32m'department head'[39m,
[2m[WebServer] [22m  [32m'HR Manager'[39m,
[2m[WebServer] [22m  [32m'HR Admin'[39m,
[2m[WebServer] [22m  [32m'System Admin'[39m
[2m[WebServer] [22m]
[2m[WebServer] [22mUser object: {
[2m[WebServer] [22m  id: [32m'6929e2de934d8e079e6f55b6'[39m,
[2m[WebServer] [22m  workEmail: [32m'engemp1.work@example.com'[39m,
[2m[WebServer] [22m  roles: [ [32m'department employee'[39m ],
[2m[WebServer] [22m  permissions: [],
[2m[WebServer] [22m  primaryDepartmentId: [32m'69275d8afc1184a3b3e6c55f'[39m,
[2m[WebServer] [22m  employeeNumber: [32m'EMP-1026'[39m
[2m[WebServer] [22m}
[2m[WebServer] [22mNormalized user roles: [ [32m'department employee'[39m ]
[2m[WebServer] [22mNormalized required roles: [
[2m[WebServer] [22m  [32m'department employee'[39m,
[2m[WebServer] [22m  [32m'hr employee'[39m,
[2m[WebServer] [22m  [32m'department head'[39m,
[2m[WebServer] [22m  [32m'hr manager'[39m,
[2m[WebServer] [22m  [32m'hr admin'[39m,
[2m[WebServer] [22m  [32m'system admin'[39m
[2m[WebServer] [22m]
[2m[WebServer] [22mHas required role? [33mtrue[39m
[2m[WebServer] [22mΓ£ö ACCESS GRANTED Γ£ö
[2m[WebServer] [22m≡ƒöì [TrackingController] getMyBalances: {
[2m[WebServer] [22m  query: [Object: null prototype] {},
[2m[WebServer] [22m  userId: [32m'6929e2de934d8e079e6f55b6'[39m
[2m[WebServer] [22m}
[2m[WebServer] [22m≡ƒöÑ JwtAuthGuard: canActivate CALLED
[2m[WebServer] [22m≡ƒöì JWT Extractor - All cookies: {
[2m[WebServer] [22m  accessToken: [32m'eyJhbGciOiJIUzI1NiIsInR5cCI6IkpXVCJ9.eyJzdWIiOiI2OTI5ZTJkZTkzNGQ4ZTA3OWU2ZjU1YjYiLCJ3b3JrRW1haWwiOiJlbmdlbXAxLndvcmtAZXhhbXBsZS5jb20iLCJyb2xlcyI6WyJkZXBhcnRtZW50IGVtcGxveWVlIl0sInBlcm1pc3Npb25zIjpbXSwicHJpbWFyeURlcGFydG1lbnRJZCI6IjY5Mjc1ZDhhZmMxMTg0YTNiM2U2YzU1ZiIsImVtcGxveWVlTnVtYmVyIjoiRU1QLTEwMjYiLCJpYXQiOjE3NjU5ODI5MjQsImV4cCI6MTc2NjA2OTMyNH0.iPSEhxo8hyY7t-EQwO4Iws7qPb3pRIQ5BcGgXLf_h0M'[39m
[2m[WebServer] [22m}
[2m[WebServer] [22m≡ƒöì JWT Extractor - Headers: accessToken=eyJhbGciOiJIUzI1NiIsInR5cCI6IkpXVCJ9.eyJzdWIiOiI2OTI5ZTJkZTkzNGQ4ZTA3OWU2ZjU1YjYiLCJ3b3JrRW1haWwiOiJlbmdlbXAxLndvcmtAZXhhbXBsZS5jb20iLCJyb2xlcyI6WyJkZXBhcnRtZW50IGVtcGxveWVlIl0sInBlcm1pc3Npb25zIjpbXSwicHJpbWFyeURlcGFydG1lbnRJZCI6IjY5Mjc1ZDhhZmMxMTg0YTNiM2U2YzU1ZiIsImVtcGxveWVlTnVtYmVyIjoiRU1QLTEwMjYiLCJpYXQiOjE3NjU5ODI5MjQsImV4cCI6MTc2NjA2OTMyNH0.iPSEhxo8hyY7t-EQwO4Iws7qPb3pRIQ5BcGgXLf_h0M
[2m[WebServer] [22m≡ƒöì JWT Extractor - accessToken: FOUND
[2m[WebServer] [22mJwtStrategy VALIDATE: {
[2m[WebServer] [22m  sub: [32m'6929e2de934d8e079e6f55b6'[39m,
[2m[WebServer] [22m  workEmail: [32m'engemp1.work@example.com'[39m,
[2m[WebServer] [22m  roles: [ [32m'department employee'[39m ],
[2m[WebServer] [22m  permissions: [],
[2m[WebServer] [22m  primaryDepartmentId: [32m'69275d8afc1184a3b3e6c55f'[39m,
[2m[WebServer] [22m  employeeNumber: [32m'EMP-1026'[39m,
[2m[WebServer] [22m  iat: [33m1765982924[39m,
[2m[WebServer] [22m  exp: [33m1766069324[39m
[2m[WebServer] [22m}
[2m[WebServer] [22m≡ƒöÑ JwtAuthGuard: handleRequest() {
[2m[WebServer] [22m  err: [1mnull[22m,
[2m[WebServer] [22m  user: {
[2m[WebServer] [22m    id: [32m'6929e2de934d8e079e6f55b6'[39m,
[2m[WebServer] [22m    workEmail: [32m'engemp1.work@example.com'[39m,
[2m[WebServer] [22m    roles: [ [32m'department employee'[39m ],
[2m[WebServer] [22m    permissions: [],
[2m[WebServer] [22m    primaryDepartmentId: [32m'69275d8afc1184a3b3e6c55f'[39m,
[2m[WebServer] [22m    employeeNumber: [32m'EMP-1026'[39m
[2m[WebServer] [22m  },
[2m[WebServer] [22m  info: [90mundefined[39m
[2m[WebServer] [22m}
[2m[WebServer] [22mΓ£à JwtAuthGuard SUCCESS ΓåÆ user authenticated: 6929e2de934d8e079e6f55b6
[2m[WebServer] [22m≡ƒöÑ RolesGuard running!
[2m[WebServer] [22m
[2m[WebServer] [22m===== ROLE GUARD =====
[2m[WebServer] [22mRequired roles: [
[2m[WebServer] [22m  [32m'department employee'[39m,
[2m[WebServer] [22m  [32m'HR Employee'[39m,
[2m[WebServer] [22m  [32m'department head'[39m,
[2m[WebServer] [22m  [32m'HR Manager'[39m,
[2m[WebServer] [22m  [32m'HR Admin'[39m,
[2m[WebServer] [22m  [32m'System Admin'[39m
[2m[WebServer] [22m]
[2m[WebServer] [22mUser object: {
[2m[WebServer] [22m  id: [32m'6929e2de934d8e079e6f55b6'[39m,
[2m[WebServer] [22m  workEmail: [32m'engemp1.work@example.com'[39m,
[2m[WebServer] [22m  roles: [ [32m'department employee'[39m ],
[2m[WebServer] [22m  permissions: [],
[2m[WebServer] [22m  primaryDepartmentId: [32m'69275d8afc1184a3b3e6c55f'[39m,
[2m[WebServer] [22m  employeeNumber: [32m'EMP-1026'[39m
[2m[WebServer] [22m}
[2m[WebServer] [22mNormalized user roles: [ [32m'department employee'[39m ]
[2m[WebServer] [22mNormalized required roles: [
[2m[WebServer] [22m  [32m'department employee'[39m,
[2m[WebServer] [22m  [32m'hr employee'[39m,
[2m[WebServer] [22m  [32m'department head'[39m,
[2m[WebServer] [22m  [32m'hr manager'[39m,
[2m[WebServer] [22m  [32m'hr admin'[39m,
[2m[WebServer] [22m  [32m'system admin'[39m
[2m[WebServer] [22m]
[2m[WebServer] [22mHas required role? [33mtrue[39m
[2m[WebServer] [22mΓ£ö ACCESS GRANTED Γ£ö
[2m[WebServer] [22m≡ƒöì [TrackingController] getMyHistory: {
[2m[WebServer] [22m  filters: [Object: null prototype] {},
[2m[WebServer] [22m  userId: [32m'6929e2de934d8e079e6f55b6'[39m
[2m[WebServer] [22m}
Γ£à Login successful
Γ£Å∩╕Å Testing: REQ-023 (Modify draft)
[2m[WebServer] [22m GET /leaves/my-leaves [32m200[39m in 41ms[2m (compile: 2ms, render: 39ms)[22m
[2m[WebServer] [22m≡ƒöÑ JwtAuthGuard: canActivate CALLED
[2m[WebServer] [22m≡ƒöì JWT Extractor - All cookies: {
[2m[WebServer] [22m  accessToken: [32m'eyJhbGciOiJIUzI1NiIsInR5cCI6IkpXVCJ9.eyJzdWIiOiI2OTI5ZTJkZTkzNGQ4ZTA3OWU2ZjU1YjYiLCJ3b3JrRW1haWwiOiJlbmdlbXAxLndvcmtAZXhhbXBsZS5jb20iLCJyb2xlcyI6WyJkZXBhcnRtZW50IGVtcGxveWVlIl0sInBlcm1pc3Npb25zIjpbXSwicHJpbWFyeURlcGFydG1lbnRJZCI6IjY5Mjc1ZDhhZmMxMTg0YTNiM2U2YzU1ZiIsImVtcGxveWVlTnVtYmVyIjoiRU1QLTEwMjYiLCJpYXQiOjE3NjU5ODI5MjQsImV4cCI6MTc2NjA2OTMyNH0.iPSEhxo8hyY7t-EQwO4Iws7qPb3pRIQ5BcGgXLf_h0M'[39m
[2m[WebServer] [22m}
[2m[WebServer] [22m≡ƒöì JWT Extractor - Headers: accessToken=eyJhbGciOiJIUzI1NiIsInR5cCI6IkpXVCJ9.eyJzdWIiOiI2OTI5ZTJkZTkzNGQ4ZTA3OWU2ZjU1YjYiLCJ3b3JrRW1haWwiOiJlbmdlbXAxLndvcmtAZXhhbXBsZS5jb20iLCJyb2xlcyI6WyJkZXBhcnRtZW50IGVtcGxveWVlIl0sInBlcm1pc3Npb25zIjpbXSwicHJpbWFyeURlcGFydG1lbnRJZCI6IjY5Mjc1ZDhhZmMxMTg0YTNiM2U2YzU1ZiIsImVtcGxveWVlTnVtYmVyIjoiRU1QLTEwMjYiLCJpYXQiOjE3NjU5ODI5MjQsImV4cCI6MTc2NjA2OTMyNH0.iPSEhxo8hyY7t-EQwO4Iws7qPb3pRIQ5BcGgXLf_h0M
[2m[WebServer] [22m≡ƒöì JWT Extractor - accessToken: FOUND
[2m[WebServer] [22mJwtStrategy VALIDATE: {
[2m[WebServer] [22m  sub: [32m'6929e2de934d8e079e6f55b6'[39m,
[2m[WebServer] [22m  workEmail: [32m'engemp1.work@example.com'[39m,
[2m[WebServer] [22m  roles: [ [32m'department employee'[39m ],
[2m[WebServer] [22m  permissions: [],
[2m[WebServer] [22m  primaryDepartmentId: [32m'69275d8afc1184a3b3e6c55f'[39m,
[2m[WebServer] [22m  employeeNumber: [32m'EMP-1026'[39m,
[2m[WebServer] [22m  iat: [33m1765982924[39m,
[2m[WebServer] [22m  exp: [33m1766069324[39m
[2m[WebServer] [22m}
[2m[WebServer] [22m≡ƒöÑ JwtAuthGuard: handleRequest() {
[2m[WebServer] [22m  err: [1mnull[22m,
[2m[WebServer] [22m  user: {
[2m[WebServer] [22m    id: [32m'6929e2de934d8e079e6f55b6'[39m,
[2m[WebServer] [22m    workEmail: [32m'engemp1.work@example.com'[39m,
[2m[WebServer] [22m    roles: [ [32m'department employee'[39m ],
[2m[WebServer] [22m    permissions: [],
[2m[WebServer] [22m    primaryDepartmentId: [32m'69275d8afc1184a3b3e6c55f'[39m,
[2m[WebServer] [22m    employeeNumber: [32m'EMP-1026'[39m
[2m[WebServer] [22m  },
[2m[WebServer] [22m  info: [90mundefined[39m
[2m[WebServer] [22m}
[2m[WebServer] [22mΓ£à JwtAuthGuard SUCCESS ΓåÆ user authenticated: 6929e2de934d8e079e6f55b6
[2m[WebServer] [22m≡ƒöì [LeaveTypeController] findAll
[2m[WebServer] [22m≡ƒöÑ JwtAuthGuard: canActivate CALLED
[2m[WebServer] [22m≡ƒöì JWT Extractor - All cookies: {
[2m[WebServer] [22m  accessToken: [32m'eyJhbGciOiJIUzI1NiIsInR5cCI6IkpXVCJ9.eyJzdWIiOiI2OTI5ZTJkZTkzNGQ4ZTA3OWU2ZjU1YjYiLCJ3b3JrRW1haWwiOiJlbmdlbXAxLndvcmtAZXhhbXBsZS5jb20iLCJyb2xlcyI6WyJkZXBhcnRtZW50IGVtcGxveWVlIl0sInBlcm1pc3Npb25zIjpbXSwicHJpbWFyeURlcGFydG1lbnRJZCI6IjY5Mjc1ZDhhZmMxMTg0YTNiM2U2YzU1ZiIsImVtcGxveWVlTnVtYmVyIjoiRU1QLTEwMjYiLCJpYXQiOjE3NjU5ODI5MjQsImV4cCI6MTc2NjA2OTMyNH0.iPSEhxo8hyY7t-EQwO4Iws7qPb3pRIQ5BcGgXLf_h0M'[39m
[2m[WebServer] [22m}
[2m[WebServer] [22m≡ƒöì JWT Extractor - Headers: accessToken=eyJhbGciOiJIUzI1NiIsInR5cCI6IkpXVCJ9.eyJzdWIiOiI2OTI5ZTJkZTkzNGQ4ZTA3OWU2ZjU1YjYiLCJ3b3JrRW1haWwiOiJlbmdlbXAxLndvcmtAZXhhbXBsZS5jb20iLCJyb2xlcyI6WyJkZXBhcnRtZW50IGVtcGxveWVlIl0sInBlcm1pc3Npb25zIjpbXSwicHJpbWFyeURlcGFydG1lbnRJZCI6IjY5Mjc1ZDhhZmMxMTg0YTNiM2U2YzU1ZiIsImVtcGxveWVlTnVtYmVyIjoiRU1QLTEwMjYiLCJpYXQiOjE3NjU5ODI5MjQsImV4cCI6MTc2NjA2OTMyNH0.iPSEhxo8hyY7t-EQwO4Iws7qPb3pRIQ5BcGgXLf_h0M
[2m[WebServer] [22m≡ƒöì JWT Extractor - accessToken: FOUND
[2m[WebServer] [22mJwtStrategy VALIDATE: {
[2m[WebServer] [22m  sub: [32m'6929e2de934d8e079e6f55b6'[39m,
[2m[WebServer] [22m  workEmail: [32m'engemp1.work@example.com'[39m,
[2m[WebServer] [22m  roles: [ [32m'department employee'[39m ],
[2m[WebServer] [22m  permissions: [],
[2m[WebServer] [22m  primaryDepartmentId: [32m'69275d8afc1184a3b3e6c55f'[39m,
[2m[WebServer] [22m  employeeNumber: [32m'EMP-1026'[39m,
[2m[WebServer] [22m  iat: [33m1765982924[39m,
[2m[WebServer] [22m  exp: [33m1766069324[39m
[2m[WebServer] [22m}
[2m[WebServer] [22m≡ƒöÑ JwtAuthGuard: handleRequest() {
[2m[WebServer] [22m  err: [1mnull[22m,
[2m[WebServer] [22m  user: {
[2m[WebServer] [22m    id: [32m'6929e2de934d8e079e6f55b6'[39m,
[2m[WebServer] [22m    workEmail: [32m'engemp1.work@example.com'[39m,
[2m[WebServer] [22m    roles: [ [32m'department employee'[39m ],
[2m[WebServer] [22m    permissions: [],
[2m[WebServer] [22m    primaryDepartmentId: [32m'69275d8afc1184a3b3e6c55f'[39m,
[2m[WebServer] [22m    employeeNumber: [32m'EMP-1026'[39m
[2m[WebServer] [22m  },
[2m[WebServer] [22m  info: [90mundefined[39m
[2m[WebServer] [22m}
[2m[WebServer] [22mΓ£à JwtAuthGuard SUCCESS ΓåÆ user authenticated: 6929e2de934d8e079e6f55b6
[2m[WebServer] [22m≡ƒöÑ RolesGuard running!
[2m[WebServer] [22m
[2m[WebServer] [22m===== ROLE GUARD =====
[2m[WebServer] [22mRequired roles: [
[2m[WebServer] [22m  [32m'department employee'[39m,
[2m[WebServer] [22m  [32m'HR Employee'[39m,
[2m[WebServer] [22m  [32m'department head'[39m,
[2m[WebServer] [22m  [32m'HR Manager'[39m,
[2m[WebServer] [22m  [32m'HR Admin'[39m,
[2m[WebServer] [22m  [32m'System Admin'[39m
[2m[WebServer] [22m]
[2m[WebServer] [22mUser object: {
[2m[WebServer] [22m  id: [32m'6929e2de934d8e079e6f55b6'[39m,
[2m[WebServer] [22m  workEmail: [32m'engemp1.work@example.com'[39m,
[2m[WebServer] [22m  roles: [ [32m'department employee'[39m ],
[2m[WebServer] [22m  permissions: [],
[2m[WebServer] [22m  primaryDepartmentId: [32m'69275d8afc1184a3b3e6c55f'[39m,
[2m[WebServer] [22m  employeeNumber: [32m'EMP-1026'[39m
[2m[WebServer] [22m}
[2m[WebServer] [22mNormalized user roles: [ [32m'department employee'[39m ]
[2m[WebServer] [22mNormalized required roles: [
[2m[WebServer] [22m  [32m'department employee'[39m,
[2m[WebServer] [22m  [32m'hr employee'[39m,
[2m[WebServer] [22m  [32m'department head'[39m,
[2m[WebServer] [22m  [32m'hr manager'[39m,
[2m[WebServer] [22m  [32m'hr admin'[39m,
[2m[WebServer] [22m  [32m'system admin'[39m
[2m[WebServer] [22m]
[2m[WebServer] [22mHas required role? [33mtrue[39m
[2m[WebServer] [22mΓ£ö ACCESS GRANTED Γ£ö
[2m[WebServer] [22m≡ƒöì [TrackingController] getMyBalances: {
[2m[WebServer] [22m  query: [Object: null prototype] {},
[2m[WebServer] [22m  userId: [32m'6929e2de934d8e079e6f55b6'[39m
[2m[WebServer] [22m}
[2m[WebServer] [22m≡ƒöÑ JwtAuthGuard: canActivate CALLED
[2m[WebServer] [22m≡ƒöì JWT Extractor - All cookies: {
[2m[WebServer] [22m  accessToken: [32m'eyJhbGciOiJIUzI1NiIsInR5cCI6IkpXVCJ9.eyJzdWIiOiI2OTI5ZTJkZTkzNGQ4ZTA3OWU2ZjU1YjYiLCJ3b3JrRW1haWwiOiJlbmdlbXAxLndvcmtAZXhhbXBsZS5jb20iLCJyb2xlcyI6WyJkZXBhcnRtZW50IGVtcGxveWVlIl0sInBlcm1pc3Npb25zIjpbXSwicHJpbWFyeURlcGFydG1lbnRJZCI6IjY5Mjc1ZDhhZmMxMTg0YTNiM2U2YzU1ZiIsImVtcGxveWVlTnVtYmVyIjoiRU1QLTEwMjYiLCJpYXQiOjE3NjU5ODI5MjQsImV4cCI6MTc2NjA2OTMyNH0.iPSEhxo8hyY7t-EQwO4Iws7qPb3pRIQ5BcGgXLf_h0M'[39m
[2m[WebServer] [22m}
[2m[WebServer] [22m≡ƒöì JWT Extractor - Headers: accessToken=eyJhbGciOiJIUzI1NiIsInR5cCI6IkpXVCJ9.eyJzdWIiOiI2OTI5ZTJkZTkzNGQ4ZTA3OWU2ZjU1YjYiLCJ3b3JrRW1haWwiOiJlbmdlbXAxLndvcmtAZXhhbXBsZS5jb20iLCJyb2xlcyI6WyJkZXBhcnRtZW50IGVtcGxveWVlIl0sInBlcm1pc3Npb25zIjpbXSwicHJpbWFyeURlcGFydG1lbnRJZCI6IjY5Mjc1ZDhhZmMxMTg0YTNiM2U2YzU1ZiIsImVtcGxveWVlTnVtYmVyIjoiRU1QLTEwMjYiLCJpYXQiOjE3NjU5ODI5MjQsImV4cCI6MTc2NjA2OTMyNH0.iPSEhxo8hyY7t-EQwO4Iws7qPb3pRIQ5BcGgXLf_h0M
[2m[WebServer] [22m≡ƒöì JWT Extractor - accessToken: FOUND
[2m[WebServer] [22mJwtStrategy VALIDATE: {
[2m[WebServer] [22m  sub: [32m'6929e2de934d8e079e6f55b6'[39m,
[2m[WebServer] [22m  workEmail: [32m'engemp1.work@example.com'[39m,
[2m[WebServer] [22m  roles: [ [32m'department employee'[39m ],
[2m[WebServer] [22m  permissions: [],
[2m[WebServer] [22m  primaryDepartmentId: [32m'69275d8afc1184a3b3e6c55f'[39m,
[2m[WebServer] [22m  employeeNumber: [32m'EMP-1026'[39m,
[2m[WebServer] [22m  iat: [33m1765982924[39m,
[2m[WebServer] [22m  exp: [33m1766069324[39m
[2m[WebServer] [22m}
[2m[WebServer] [22m≡ƒöÑ JwtAuthGuard: handleRequest() {
[2m[WebServer] [22m  err: [1mnull[22m,
[2m[WebServer] [22m  user: {
[2m[WebServer] [22m    id: [32m'6929e2de934d8e079e6f55b6'[39m,
[2m[WebServer] [22m    workEmail: [32m'engemp1.work@example.com'[39m,
[2m[WebServer] [22m    roles: [ [32m'department employee'[39m ],
[2m[WebServer] [22m    permissions: [],
[2m[WebServer] [22m    primaryDepartmentId: [32m'69275d8afc1184a3b3e6c55f'[39m,
[2m[WebServer] [22m    employeeNumber: [32m'EMP-1026'[39m
[2m[WebServer] [22m  },
[2m[WebServer] [22m  info: [90mundefined[39m
[2m[WebServer] [22m}
[2m[WebServer] [22mΓ£à JwtAuthGuard SUCCESS ΓåÆ user authenticated: 6929e2de934d8e079e6f55b6
[2m[WebServer] [22m≡ƒöÑ RolesGuard running!
[2m[WebServer] [22m
[2m[WebServer] [22m===== ROLE GUARD =====
[2m[WebServer] [22mRequired roles: [
[2m[WebServer] [22m  [32m'department employee'[39m,
[2m[WebServer] [22m  [32m'HR Employee'[39m,
[2m[WebServer] [22m  [32m'department head'[39m,
[2m[WebServer] [22m  [32m'HR Manager'[39m,
[2m[WebServer] [22m  [32m'HR Admin'[39m,
[2m[WebServer] [22m  [32m'System Admin'[39m
[2m[WebServer] [22m]
[2m[WebServer] [22mUser object: {
[2m[WebServer] [22m  id: [32m'6929e2de934d8e079e6f55b6'[39m,
[2m[WebServer] [22m  workEmail: [32m'engemp1.work@example.com'[39m,
[2m[WebServer] [22m  roles: [ [32m'department employee'[39m ],
[2m[WebServer] [22m  permissions: [],
[2m[WebServer] [22m  primaryDepartmentId: [32m'69275d8afc1184a3b3e6c55f'[39m,
[2m[WebServer] [22m  employeeNumber: [32m'EMP-1026'[39m
[2m[WebServer] [22m}
[2m[WebServer] [22mNormalized user roles: [ [32m'department employee'[39m ]
[2m[WebServer] [22mNormalized required roles: [
[2m[WebServer] [22m  [32m'department employee'[39m,
[2m[WebServer] [22m  [32m'hr employee'[39m,
[2m[WebServer] [22m  [32m'department head'[39m,
[2m[WebServer] [22m  [32m'hr manager'[39m,
[2m[WebServer] [22m  [32m'hr admin'[39m,
[2m[WebServer] [22m  [32m'system admin'[39m
[2m[WebServer] [22m]
[2m[WebServer] [22mHas required role? [33mtrue[39m
[2m[WebServer] [22mΓ£ö ACCESS GRANTED Γ£ö
[2m[WebServer] [22m≡ƒöì [RequestsController] getMyRequests: { userId: [90mundefined[39m }
Γ£à Draft modification accessible - REQ-023 validated
  Γ£ô  10 [chromium] ΓÇ║ leave-tests.spec.ts:239:7 ΓÇ║ ≡ƒÖï EMPLOYEE 1 (EMP-1026 - Engineering) - All Scenarios ΓÇ║ Γ£à D1: Modify draft request (REQ-023) (9.0s)
≡ƒöÉ Logging in as: engemp1.work@example.com
[2m[WebServer] [22m GET /login [32m200[39m in 33ms[2m (compile: 3ms, render: 31ms)[22m
[2m[WebServer] [22m≡ƒöÑ JwtAuthGuard: canActivate CALLED
[2m[WebServer] [22m≡ƒöì JWT Extractor - All cookies: [Object: null prototype] {}
[2m[WebServer] [22m≡ƒöì JWT Extractor - Headers: [90mundefined[39m
[2m[WebServer] [22m≡ƒöì JWT Extractor - accessToken: NOT FOUND
[2m[WebServer] [22m≡ƒöÑ JwtAuthGuard: handleRequest() {
[2m[WebServer] [22m  err: [1mnull[22m,
[2m[WebServer] [22m  user: [33mfalse[39m,
[2m[WebServer] [22m  info: Error: No auth token
[2m[WebServer] [22m      at JwtStrategy.authenticate [90m(C:\Users\Bedon\Desktop\semester-5-software-project\backend\[39mnode_modules\[4mpassport-jwt[24m\lib\strategy.js:96:26[90m)[39m
[2m[WebServer] [22m      at attempt [90m(C:\Users\Bedon\Desktop\semester-5-software-project\backend\[39mnode_modules\[4mpassport[24m\lib\middleware\authenticate.js:378:16[90m)[39m
[2m[WebServer] [22m      at authenticate [90m(C:\Users\Bedon\Desktop\semester-5-software-project\backend\[39mnode_modules\[4mpassport[24m\lib\middleware\authenticate.js:379:7[90m)[39m
[2m[WebServer] [22m      at [90mC:\Users\Bedon\Desktop\semester-5-software-project\backend\[39mnode_modules\[4m@nestjs[24m\passport\dist\auth.guard.js:88:3
[2m[WebServer] [22m      at new Promise (<anonymous>)
[2m[WebServer] [22m      at [90mC:\Users\Bedon\Desktop\semester-5-software-project\backend\[39mnode_modules\[4m@nestjs[24m\passport\dist\auth.guard.js:80:83
[2m[WebServer] [22m      at JwtAuthGuard.canActivate [90m(C:\Users\Bedon\Desktop\semester-5-software-project\backend\[39mnode_modules\[4m@nestjs[24m\passport\dist\auth.guard.js:44:32[90m)[39m
[2m[WebServer] [22m  [90m    at process.processTicksAndRejections (node:internal/process/task_queues:105:5)[39m
[2m[WebServer] [22m}
[2m[WebServer] [22mΓ¥î JwtAuthGuard INFO: Error: No auth token
[2m[WebServer] [22m    at JwtStrategy.authenticate 
[90m(C:\Users\Bedon\Desktop\semester-5-software-project\backend\[39mnode_modules\[4mpassport-jwt[24m\lib\strategy.js:96:26[90m)[39m
[2m[WebServer] [22m    at attempt [90m(C:\Users\Bedon\Desktop\semester-5-software-project\backend\[39mnode_modules\[4mpassport[24m\lib\mi
ddleware\authenticate.js:378:16[90m)[39m
[2m[WebServer] [22m    at authenticate [90m(C:\Users\Bedon\Desktop\semester-5-software-project\backend\[39mnode_modules\[4mpassport[24m\l
ib\middleware\authenticate.js:379:7[90m)[39m
[2m[WebServer] [22m    at 
[90mC:\Users\Bedon\Desktop\semester-5-software-project\backend\[39mnode_modules\[4m@nestjs[24m\passport\dist\auth.guard.js:88:3
[2m[WebServer] [22m    at new Promise (<anonymous>)
[2m[WebServer] [22m    at 
[90mC:\Users\Bedon\Desktop\semester-5-software-project\backend\[39mnode_modules\[4m@nestjs[24m\passport\dist\auth.guard.js:80:83
[2m[WebServer] [22m    at JwtAuthGuard.canActivate [90m(C:\Users\Bedon\Desktop\semester-5-software-project\backend\[39mnode_modules\[4m@ne
stjs[24m\passport\dist\auth.guard.js:44:32[90m)[39m
[2m[WebServer] [22m[90m    at process.processTicksAndRejections (node:internal/process/task_queues:105:5)[39m
[2m[WebServer] [22mΓ¥î JwtAuthGuard FAILING ΓåÆ No auth token
[2m[WebServer] [22mVALIDATE EMPLOYEE - systemRole = {
[2m[WebServer] [22m  _id: new ObjectId([32m'6929e2de934d8e079e6f55b8'[39m),
[2m[WebServer] [22m  employeeProfileId: new ObjectId([32m'6929e2de934d8e079e6f55b6'[39m),
[2m[WebServer] [22m  roles: [ [32m'department employee'[39m ],
[2m[WebServer] [22m  permissions: [],
[2m[WebServer] [22m  isActive: [33mtrue[39m,
[2m[WebServer] [22m  createdAt: [35m2025-11-28T17:58:54.894Z[39m,
[2m[WebServer] [22m  updatedAt: [35m2025-11-28T17:58:54.894Z[39m,
[2m[WebServer] [22m  __v: [33m0[39m
[2m[WebServer] [22m}
[2m[WebServer] [22mGenerated token: eyJhbGciOiJIUzI1NiIsInR5cCI6IkpXVCJ9.eyJzdWIiOiI2OTI5ZTJkZTkzNGQ4ZTA3OWU2ZjU1YjYiLCJ3b3JrRW1haWwiOiJlbmdlbXAxLndvcmtAZXhhbXBsZS5jb20iLCJyb2xlcyI6WyJkZXBhcnRtZW50IGVtcGxveWVlIl0sInBlcm1pc3Npb25zIjpbXSwicHJpbWFyeURlcGFydG1lbnRJZCI6IjY5Mjc1ZDhhZmMxMTg0YTNiM2U2YzU1ZiIsImVtcGxveWVlTnVtYmVyIjoiRU1QLTEwMjYiLCJpYXQiOjE3NjU5ODI5MzMsImV4cCI6MTc2NjA2OTMzM30.Hh8th0AInf4mtTPNBS17ydNCL9ieqs9tn9NVqmyITIo
[2m[WebServer] [22m GET /leaves [32m200[39m in 21ms[2m (compile: 3ms, render: 18ms)[22m
[2m[WebServer] [22m≡ƒöÑ JwtAuthGuard: canActivate CALLED
[2m[WebServer] [22m≡ƒöì JWT Extractor - All cookies: {
[2m[WebServer] [22m  accessToken: [32m'eyJhbGciOiJIUzI1NiIsInR5cCI6IkpXVCJ9.eyJzdWIiOiI2OTI5ZTJkZTkzNGQ4ZTA3OWU2ZjU1YjYiLCJ3b3JrRW1haWwiOiJlbmdlbXAxLndvcmtAZXhhbXBsZS5jb20iLCJyb2xlcyI6WyJkZXBhcnRtZW50IGVtcGxveWVlIl0sInBlcm1pc3Npb25zIjpbXSwicHJpbWFyeURlcGFydG1lbnRJZCI6IjY5Mjc1ZDhhZmMxMTg0YTNiM2U2YzU1ZiIsImVtcGxveWVlTnVtYmVyIjoiRU1QLTEwMjYiLCJpYXQiOjE3NjU5ODI5MzMsImV4cCI6MTc2NjA2OTMzM30.Hh8th0AInf4mtTPNBS17ydNCL9ieqs9tn9NVqmyITIo'[39m
[2m[WebServer] [22m}
[2m[WebServer] [22m≡ƒöì JWT Extractor - Headers: accessToken=eyJhbGciOiJIUzI1NiIsInR5cCI6IkpXVCJ9.eyJzdWIiOiI2OTI5ZTJkZTkzNGQ4ZTA3OWU2ZjU1YjYiLCJ3b3JrRW1haWwiOiJlbmdlbXAxLndvcmtAZXhhbXBsZS5jb20iLCJyb2xlcyI6WyJkZXBhcnRtZW50IGVtcGxveWVlIl0sInBlcm1pc3Npb25zIjpbXSwicHJpbWFyeURlcGFydG1lbnRJZCI6IjY5Mjc1ZDhhZmMxMTg0YTNiM2U2YzU1ZiIsImVtcGxveWVlTnVtYmVyIjoiRU1QLTEwMjYiLCJpYXQiOjE3NjU5ODI5MzMsImV4cCI6MTc2NjA2OTMzM30.Hh8th0AInf4mtTPNBS17ydNCL9ieqs9tn9NVqmyITIo
[2m[WebServer] [22m≡ƒöì JWT Extractor - accessToken: FOUND
[2m[WebServer] [22mJwtStrategy VALIDATE: {
[2m[WebServer] [22m  sub: [32m'6929e2de934d8e079e6f55b6'[39m,
[2m[WebServer] [22m  workEmail: [32m'engemp1.work@example.com'[39m,
[2m[WebServer] [22m  roles: [ [32m'department employee'[39m ],
[2m[WebServer] [22m  permissions: [],
[2m[WebServer] [22m  primaryDepartmentId: [32m'69275d8afc1184a3b3e6c55f'[39m,
[2m[WebServer] [22m  employeeNumber: [32m'EMP-1026'[39m,
[2m[WebServer] [22m  iat: [33m1765982933[39m,
[2m[WebServer] [22m  exp: [33m1766069333[39m
[2m[WebServer] [22m}
[2m[WebServer] [22m≡ƒöÑ JwtAuthGuard: handleRequest() {
[2m[WebServer] [22m  err: [1mnull[22m,
[2m[WebServer] [22m  user: {
[2m[WebServer] [22m    id: [32m'6929e2de934d8e079e6f55b6'[39m,
[2m[WebServer] [22m    workEmail: [32m'engemp1.work@example.com'[39m,
[2m[WebServer] [22m    roles: [ [32m'department employee'[39m ],
[2m[WebServer] [22m    permissions: [],
[2m[WebServer] [22m    primaryDepartmentId: [32m'69275d8afc1184a3b3e6c55f'[39m,
[2m[WebServer] [22m    employeeNumber: [32m'EMP-1026'[39m
[2m[WebServer] [22m  },
[2m[WebServer] [22m  info: [90mundefined[39m
[2m[WebServer] [22m}
[2m[WebServer] [22mΓ£à JwtAuthGuard SUCCESS ΓåÆ user authenticated: 6929e2de934d8e079e6f55b6
[2m[WebServer] [22m≡ƒöÑ RolesGuard running!
[2m[WebServer] [22m
[2m[WebServer] [22m===== ROLE GUARD =====
[2m[WebServer] [22mRequired roles: [
[2m[WebServer] [22m  [32m'department employee'[39m,
[2m[WebServer] [22m  [32m'HR Employee'[39m,
[2m[WebServer] [22m  [32m'department head'[39m,
[2m[WebServer] [22m  [32m'HR Manager'[39m,
[2m[WebServer] [22m  [32m'HR Admin'[39m,
[2m[WebServer] [22m  [32m'System Admin'[39m
[2m[WebServer] [22m]
[2m[WebServer] [22mUser object: {
[2m[WebServer] [22m  id: [32m'6929e2de934d8e079e6f55b6'[39m,
[2m[WebServer] [22m  workEmail: [32m'engemp1.work@example.com'[39m,
[2m[WebServer] [22m  roles: [ [32m'department employee'[39m ],
[2m[WebServer] [22m  permissions: [],
[2m[WebServer] [22m  primaryDepartmentId: [32m'69275d8afc1184a3b3e6c55f'[39m,
[2m[WebServer] [22m  employeeNumber: [32m'EMP-1026'[39m
[2m[WebServer] [22m}
[2m[WebServer] [22mNormalized user roles: [ [32m'department employee'[39m ]
[2m[WebServer] [22mNormalized required roles: [
[2m[WebServer] [22m  [32m'department employee'[39m,
[2m[WebServer] [22m  [32m'hr employee'[39m,
[2m[WebServer] [22m  [32m'department head'[39m,
[2m[WebServer] [22m  [32m'hr manager'[39m,
[2m[WebServer] [22m  [32m'hr admin'[39m,
[2m[WebServer] [22m  [32m'system admin'[39m
[2m[WebServer] [22m]
[2m[WebServer] [22mHas required role? [33mtrue[39m
[2m[WebServer] [22mΓ£ö ACCESS GRANTED Γ£ö
[2m[WebServer] [22m≡ƒöì [TrackingController] getMyBalances: {
[2m[WebServer] [22m  query: [Object: null prototype] {},
[2m[WebServer] [22m  userId: [32m'6929e2de934d8e079e6f55b6'[39m
[2m[WebServer] [22m}
[2m[WebServer] [22m≡ƒöÑ JwtAuthGuard: canActivate CALLED
[2m[WebServer] [22m≡ƒöì JWT Extractor - All cookies: {
[2m[WebServer] [22m  accessToken: [32m'eyJhbGciOiJIUzI1NiIsInR5cCI6IkpXVCJ9.eyJzdWIiOiI2OTI5ZTJkZTkzNGQ4ZTA3OWU2ZjU1YjYiLCJ3b3JrRW1haWwiOiJlbmdlbXAxLndvcmtAZXhhbXBsZS5jb20iLCJyb2xlcyI6WyJkZXBhcnRtZW50IGVtcGxveWVlIl0sInBlcm1pc3Npb25zIjpbXSwicHJpbWFyeURlcGFydG1lbnRJZCI6IjY5Mjc1ZDhhZmMxMTg0YTNiM2U2YzU1ZiIsImVtcGxveWVlTnVtYmVyIjoiRU1QLTEwMjYiLCJpYXQiOjE3NjU5ODI5MzMsImV4cCI6MTc2NjA2OTMzM30.Hh8th0AInf4mtTPNBS17ydNCL9ieqs9tn9NVqmyITIo'[39m
[2m[WebServer] [22m}
[2m[WebServer] [22m≡ƒöì JWT Extractor - Headers: accessToken=eyJhbGciOiJIUzI1NiIsInR5cCI6IkpXVCJ9.eyJzdWIiOiI2OTI5ZTJkZTkzNGQ4ZTA3OWU2ZjU1YjYiLCJ3b3JrRW1haWwiOiJlbmdlbXAxLndvcmtAZXhhbXBsZS5jb20iLCJyb2xlcyI6WyJkZXBhcnRtZW50IGVtcGxveWVlIl0sInBlcm1pc3Npb25zIjpbXSwicHJpbWFyeURlcGFydG1lbnRJZCI6IjY5Mjc1ZDhhZmMxMTg0YTNiM2U2YzU1ZiIsImVtcGxveWVlTnVtYmVyIjoiRU1QLTEwMjYiLCJpYXQiOjE3NjU5ODI5MzMsImV4cCI6MTc2NjA2OTMzM30.Hh8th0AInf4mtTPNBS17ydNCL9ieqs9tn9NVqmyITIo
[2m[WebServer] [22m≡ƒöì JWT Extractor - accessToken: FOUND
[2m[WebServer] [22mJwtStrategy VALIDATE: {
[2m[WebServer] [22m  sub: [32m'6929e2de934d8e079e6f55b6'[39m,
[2m[WebServer] [22m  workEmail: [32m'engemp1.work@example.com'[39m,
[2m[WebServer] [22m  roles: [ [32m'department employee'[39m ],
[2m[WebServer] [22m  permissions: [],
[2m[WebServer] [22m  primaryDepartmentId: [32m'69275d8afc1184a3b3e6c55f'[39m,
[2m[WebServer] [22m  employeeNumber: [32m'EMP-1026'[39m,
[2m[WebServer] [22m  iat: [33m1765982933[39m,
[2m[WebServer] [22m  exp: [33m1766069333[39m
[2m[WebServer] [22m}
[2m[WebServer] [22m≡ƒöÑ JwtAuthGuard: handleRequest() {
[2m[WebServer] [22m  err: [1mnull[22m,
[2m[WebServer] [22m  user: {
[2m[WebServer] [22m    id: [32m'6929e2de934d8e079e6f55b6'[39m,
[2m[WebServer] [22m    workEmail: [32m'engemp1.work@example.com'[39m,
[2m[WebServer] [22m    roles: [ [32m'department employee'[39m ],
[2m[WebServer] [22m    permissions: [],
[2m[WebServer] [22m    primaryDepartmentId: [32m'69275d8afc1184a3b3e6c55f'[39m,
[2m[WebServer] [22m    employeeNumber: [32m'EMP-1026'[39m
[2m[WebServer] [22m  },
[2m[WebServer] [22m  info: [90mundefined[39m
[2m[WebServer] [22m}
[2m[WebServer] [22mΓ£à JwtAuthGuard SUCCESS ΓåÆ user authenticated: 6929e2de934d8e079e6f55b6
[2m[WebServer] [22m≡ƒöÑ RolesGuard running!
[2m[WebServer] [22m
[2m[WebServer] [22m===== ROLE GUARD =====
[2m[WebServer] [22mRequired roles: [
[2m[WebServer] [22m  [32m'department employee'[39m,
[2m[WebServer] [22m  [32m'HR Employee'[39m,
[2m[WebServer] [22m  [32m'department head'[39m,
[2m[WebServer] [22m  [32m'HR Manager'[39m,
[2m[WebServer] [22m  [32m'HR Admin'[39m,
[2m[WebServer] [22m  [32m'System Admin'[39m
[2m[WebServer] [22m]
[2m[WebServer] [22mUser object: {
[2m[WebServer] [22m  id: [32m'6929e2de934d8e079e6f55b6'[39m,
[2m[WebServer] [22m  workEmail: [32m'engemp1.work@example.com'[39m,
[2m[WebServer] [22m  roles: [ [32m'department employee'[39m ],
[2m[WebServer] [22m  permissions: [],
[2m[WebServer] [22m  primaryDepartmentId: [32m'69275d8afc1184a3b3e6c55f'[39m,
[2m[WebServer] [22m  employeeNumber: [32m'EMP-1026'[39m
[2m[WebServer] [22m}
[2m[WebServer] [22mNormalized user roles: [ [32m'department employee'[39m ]
[2m[WebServer] [22mNormalized required roles: [
[2m[WebServer] [22m  [32m'department employee'[39m,
[2m[WebServer] [22m  [32m'hr employee'[39m,
[2m[WebServer] [22m  [32m'department head'[39m,
[2m[WebServer] [22m  [32m'hr manager'[39m,
[2m[WebServer] [22m  [32m'hr admin'[39m,
[2m[WebServer] [22m  [32m'system admin'[39m
[2m[WebServer] [22m]
[2m[WebServer] [22mHas required role? [33mtrue[39m
[2m[WebServer] [22mΓ£ö ACCESS GRANTED Γ£ö
[2m[WebServer] [22m≡ƒöì [TrackingController] getMyHistory: {
[2m[WebServer] [22m  filters: [Object: null prototype] {},
[2m[WebServer] [22m  userId: [32m'6929e2de934d8e079e6f55b6'[39m
[2m[WebServer] [22m}
Γ£à Login successful
≡ƒæÇ Testing: REQ-024 (View details)
[2m[WebServer] [22m GET /leaves/my-leaves [32m200[39m in 38ms[2m (compile: 3ms, render: 35ms)[22m
[2m[WebServer] [22m≡ƒöÑ JwtAuthGuard: canActivate CALLED
[2m[WebServer] [22m≡ƒöì JWT Extractor - All cookies: {
[2m[WebServer] [22m  accessToken: [32m'eyJhbGciOiJIUzI1NiIsInR5cCI6IkpXVCJ9.eyJzdWIiOiI2OTI5ZTJkZTkzNGQ4ZTA3OWU2ZjU1YjYiLCJ3b3JrRW1haWwiOiJlbmdlbXAxLndvcmtAZXhhbXBsZS5jb20iLCJyb2xlcyI6WyJkZXBhcnRtZW50IGVtcGxveWVlIl0sInBlcm1pc3Npb25zIjpbXSwicHJpbWFyeURlcGFydG1lbnRJZCI6IjY5Mjc1ZDhhZmMxMTg0YTNiM2U2YzU1ZiIsImVtcGxveWVlTnVtYmVyIjoiRU1QLTEwMjYiLCJpYXQiOjE3NjU5ODI5MzMsImV4cCI6MTc2NjA2OTMzM30.Hh8th0AInf4mtTPNBS17ydNCL9ieqs9tn9NVqmyITIo'[39m
[2m[WebServer] [22m}
[2m[WebServer] [22m≡ƒöì JWT Extractor - Headers: accessToken=eyJhbGciOiJIUzI1NiIsInR5cCI6IkpXVCJ9.eyJzdWIiOiI2OTI5ZTJkZTkzNGQ4ZTA3OWU2ZjU1YjYiLCJ3b3JrRW1haWwiOiJlbmdlbXAxLndvcmtAZXhhbXBsZS5jb20iLCJyb2xlcyI6WyJkZXBhcnRtZW50IGVtcGxveWVlIl0sInBlcm1pc3Npb25zIjpbXSwicHJpbWFyeURlcGFydG1lbnRJZCI6IjY5Mjc1ZDhhZmMxMTg0YTNiM2U2YzU1ZiIsImVtcGxveWVlTnVtYmVyIjoiRU1QLTEwMjYiLCJpYXQiOjE3NjU5ODI5MzMsImV4cCI6MTc2NjA2OTMzM30.Hh8th0AInf4mtTPNBS17ydNCL9ieqs9tn9NVqmyITIo
[2m[WebServer] [22m≡ƒöì JWT Extractor - accessToken: FOUND
[2m[WebServer] [22mJwtStrategy VALIDATE: {
[2m[WebServer] [22m  sub: [32m'6929e2de934d8e079e6f55b6'[39m,
[2m[WebServer] [22m  workEmail: [32m'engemp1.work@example.com'[39m,
[2m[WebServer] [22m  roles: [ [32m'department employee'[39m ],
[2m[WebServer] [22m  permissions: [],
[2m[WebServer] [22m  primaryDepartmentId: [32m'69275d8afc1184a3b3e6c55f'[39m,
[2m[WebServer] [22m  employeeNumber: [32m'EMP-1026'[39m,
[2m[WebServer] [22m  iat: [33m1765982933[39m,
[2m[WebServer] [22m  exp: [33m1766069333[39m
[2m[WebServer] [22m}
[2m[WebServer] [22m≡ƒöÑ JwtAuthGuard: handleRequest() {
[2m[WebServer] [22m  err: [1mnull[22m,
[2m[WebServer] [22m  user: {
[2m[WebServer] [22m    id: [32m'6929e2de934d8e079e6f55b6'[39m,
[2m[WebServer] [22m    workEmail: [32m'engemp1.work@example.com'[39m,
[2m[WebServer] [22m    roles: [ [32m'department employee'[39m ],
[2m[WebServer] [22m    permissions: [],
[2m[WebServer] [22m    primaryDepartmentId: [32m'69275d8afc1184a3b3e6c55f'[39m,
[2m[WebServer] [22m    employeeNumber: [32m'EMP-1026'[39m
[2m[WebServer] [22m  },
[2m[WebServer] [22m  info: [90mundefined[39m
[2m[WebServer] [22m}
[2m[WebServer] [22mΓ£à JwtAuthGuard SUCCESS ΓåÆ user authenticated: 6929e2de934d8e079e6f55b6
[2m[WebServer] [22m≡ƒöì [LeaveTypeController] findAll
[2m[WebServer] [22m≡ƒöÑ JwtAuthGuard: canActivate CALLED
[2m[WebServer] [22m≡ƒöì JWT Extractor - All cookies: {
[2m[WebServer] [22m  accessToken: [32m'eyJhbGciOiJIUzI1NiIsInR5cCI6IkpXVCJ9.eyJzdWIiOiI2OTI5ZTJkZTkzNGQ4ZTA3OWU2ZjU1YjYiLCJ3b3JrRW1haWwiOiJlbmdlbXAxLndvcmtAZXhhbXBsZS5jb20iLCJyb2xlcyI6WyJkZXBhcnRtZW50IGVtcGxveWVlIl0sInBlcm1pc3Npb25zIjpbXSwicHJpbWFyeURlcGFydG1lbnRJZCI6IjY5Mjc1ZDhhZmMxMTg0YTNiM2U2YzU1ZiIsImVtcGxveWVlTnVtYmVyIjoiRU1QLTEwMjYiLCJpYXQiOjE3NjU5ODI5MzMsImV4cCI6MTc2NjA2OTMzM30.Hh8th0AInf4mtTPNBS17ydNCL9ieqs9tn9NVqmyITIo'[39m
[2m[WebServer] [22m}
[2m[WebServer] [22m≡ƒöì JWT Extractor - Headers: accessToken=eyJhbGciOiJIUzI1NiIsInR5cCI6IkpXVCJ9.eyJzdWIiOiI2OTI5ZTJkZTkzNGQ4ZTA3OWU2ZjU1YjYiLCJ3b3JrRW1haWwiOiJlbmdlbXAxLndvcmtAZXhhbXBsZS5jb20iLCJyb2xlcyI6WyJkZXBhcnRtZW50IGVtcGxveWVlIl0sInBlcm1pc3Npb25zIjpbXSwicHJpbWFyeURlcGFydG1lbnRJZCI6IjY5Mjc1ZDhhZmMxMTg0YTNiM2U2YzU1ZiIsImVtcGxveWVlTnVtYmVyIjoiRU1QLTEwMjYiLCJpYXQiOjE3NjU5ODI5MzMsImV4cCI6MTc2NjA2OTMzM30.Hh8th0AInf4mtTPNBS17ydNCL9ieqs9tn9NVqmyITIo
[2m[WebServer] [22m≡ƒöì JWT Extractor - accessToken: FOUND
[2m[WebServer] [22mJwtStrategy VALIDATE: {
[2m[WebServer] [22m  sub: [32m'6929e2de934d8e079e6f55b6'[39m,
[2m[WebServer] [22m  workEmail: [32m'engemp1.work@example.com'[39m,
[2m[WebServer] [22m  roles: [ [32m'department employee'[39m ],
[2m[WebServer] [22m  permissions: [],
[2m[WebServer] [22m  primaryDepartmentId: [32m'69275d8afc1184a3b3e6c55f'[39m,
[2m[WebServer] [22m  employeeNumber: [32m'EMP-1026'[39m,
[2m[WebServer] [22m  iat: [33m1765982933[39m,
[2m[WebServer] [22m  exp: [33m1766069333[39m
[2m[WebServer] [22m}
[2m[WebServer] [22m≡ƒöÑ JwtAuthGuard: handleRequest() {
[2m[WebServer] [22m  err: [1mnull[22m,
[2m[WebServer] [22m  user: {
[2m[WebServer] [22m    id: [32m'6929e2de934d8e079e6f55b6'[39m,
[2m[WebServer] [22m    workEmail: [32m'engemp1.work@example.com'[39m,
[2m[WebServer] [22m    roles: [ [32m'department employee'[39m ],
[2m[WebServer] [22m    permissions: [],
[2m[WebServer] [22m    primaryDepartmentId: [32m'69275d8afc1184a3b3e6c55f'[39m,
[2m[WebServer] [22m    employeeNumber: [32m'EMP-1026'[39m
[2m[WebServer] [22m  },
[2m[WebServer] [22m  info: [90mundefined[39m
[2m[WebServer] [22m}
[2m[WebServer] [22mΓ£à JwtAuthGuard SUCCESS ΓåÆ user authenticated: 6929e2de934d8e079e6f55b6
[2m[WebServer] [22m≡ƒöÑ RolesGuard running!
[2m[WebServer] [22m
[2m[WebServer] [22m===== ROLE GUARD =====
[2m[WebServer] [22mRequired roles: [
[2m[WebServer] [22m  [32m'department employee'[39m,
[2m[WebServer] [22m  [32m'HR Employee'[39m,
[2m[WebServer] [22m  [32m'department head'[39m,
[2m[WebServer] [22m  [32m'HR Manager'[39m,
[2m[WebServer] [22m  [32m'HR Admin'[39m,
[2m[WebServer] [22m  [32m'System Admin'[39m
[2m[WebServer] [22m]
[2m[WebServer] [22mUser object: {
[2m[WebServer] [22m  id: [32m'6929e2de934d8e079e6f55b6'[39m,
[2m[WebServer] [22m  workEmail: [32m'engemp1.work@example.com'[39m,
[2m[WebServer] [22m  roles: [ [32m'department employee'[39m ],
[2m[WebServer] [22m  permissions: [],
[2m[WebServer] [22m  primaryDepartmentId: [32m'69275d8afc1184a3b3e6c55f'[39m,
[2m[WebServer] [22m  employeeNumber: [32m'EMP-1026'[39m
[2m[WebServer] [22m}
[2m[WebServer] [22mNormalized user roles: [ [32m'department employee'[39m ]
[2m[WebServer] [22mNormalized required roles: [
[2m[WebServer] [22m  [32m'department employee'[39m,
[2m[WebServer] [22m  [32m'hr employee'[39m,
[2m[WebServer] [22m  [32m'department head'[39m,
[2m[WebServer] [22m  [32m'hr manager'[39m,
[2m[WebServer] [22m  [32m'hr admin'[39m,
[2m[WebServer] [22m  [32m'system admin'[39m
[2m[WebServer] [22m]
[2m[WebServer] [22mHas required role? [33mtrue[39m
[2m[WebServer] [22mΓ£ö ACCESS GRANTED Γ£ö
[2m[WebServer] [22m≡ƒöì [TrackingController] getMyBalances: {
[2m[WebServer] [22m  query: [Object: null prototype] {},
[2m[WebServer] [22m  userId: [32m'6929e2de934d8e079e6f55b6'[39m
[2m[WebServer] [22m}
[2m[WebServer] [22m≡ƒöÑ JwtAuthGuard: canActivate CALLED
[2m[WebServer] [22m≡ƒöì JWT Extractor - All cookies: {
[2m[WebServer] [22m  accessToken: [32m'eyJhbGciOiJIUzI1NiIsInR5cCI6IkpXVCJ9.eyJzdWIiOiI2OTI5ZTJkZTkzNGQ4ZTA3OWU2ZjU1YjYiLCJ3b3JrRW1haWwiOiJlbmdlbXAxLndvcmtAZXhhbXBsZS5jb20iLCJyb2xlcyI6WyJkZXBhcnRtZW50IGVtcGxveWVlIl0sInBlcm1pc3Npb25zIjpbXSwicHJpbWFyeURlcGFydG1lbnRJZCI6IjY5Mjc1ZDhhZmMxMTg0YTNiM2U2YzU1ZiIsImVtcGxveWVlTnVtYmVyIjoiRU1QLTEwMjYiLCJpYXQiOjE3NjU5ODI5MzMsImV4cCI6MTc2NjA2OTMzM30.Hh8th0AInf4mtTPNBS17ydNCL9ieqs9tn9NVqmyITIo'[39m
[2m[WebServer] [22m}
[2m[WebServer] [22m≡ƒöì JWT Extractor - Headers: accessToken=eyJhbGciOiJIUzI1NiIsInR5cCI6IkpXVCJ9.eyJzdWIiOiI2OTI5ZTJkZTkzNGQ4ZTA3OWU2ZjU1YjYiLCJ3b3JrRW1haWwiOiJlbmdlbXAxLndvcmtAZXhhbXBsZS5jb20iLCJyb2xlcyI6WyJkZXBhcnRtZW50IGVtcGxveWVlIl0sInBlcm1pc3Npb25zIjpbXSwicHJpbWFyeURlcGFydG1lbnRJZCI6IjY5Mjc1ZDhhZmMxMTg0YTNiM2U2YzU1ZiIsImVtcGxveWVlTnVtYmVyIjoiRU1QLTEwMjYiLCJpYXQiOjE3NjU5ODI5MzMsImV4cCI6MTc2NjA2OTMzM30.Hh8th0AInf4mtTPNBS17ydNCL9ieqs9tn9NVqmyITIo
[2m[WebServer] [22m≡ƒöì JWT Extractor - accessToken: FOUND
[2m[WebServer] [22mJwtStrategy VALIDATE: {
[2m[WebServer] [22m  sub: [32m'6929e2de934d8e079e6f55b6'[39m,
[2m[WebServer] [22m  workEmail: [32m'engemp1.work@example.com'[39m,
[2m[WebServer] [22m  roles: [ [32m'department employee'[39m ],
[2m[WebServer] [22m  permissions: [],
[2m[WebServer] [22m  primaryDepartmentId: [32m'69275d8afc1184a3b3e6c55f'[39m,
[2m[WebServer] [22m  employeeNumber: [32m'EMP-1026'[39m,
[2m[WebServer] [22m  iat: [33m1765982933[39m,
[2m[WebServer] [22m  exp: [33m1766069333[39m
[2m[WebServer] [22m}
[2m[WebServer] [22m≡ƒöÑ JwtAuthGuard: handleRequest() {
[2m[WebServer] [22m  err: [1mnull[22m,
[2m[WebServer] [22m  user: {
[2m[WebServer] [22m    id: [32m'6929e2de934d8e079e6f55b6'[39m,
[2m[WebServer] [22m    workEmail: [32m'engemp1.work@example.com'[39m,
[2m[WebServer] [22m    roles: [ [32m'department employee'[39m ],
[2m[WebServer] [22m    permissions: [],
[2m[WebServer] [22m    primaryDepartmentId: [32m'69275d8afc1184a3b3e6c55f'[39m,
[2m[WebServer] [22m    employeeNumber: [32m'EMP-1026'[39m
[2m[WebServer] [22m  },
[2m[WebServer] [22m  info: [90mundefined[39m
[2m[WebServer] [22m}
[2m[WebServer] [22mΓ£à JwtAuthGuard SUCCESS ΓåÆ user authenticated: 6929e2de934d8e079e6f55b6
[2m[WebServer] [22m≡ƒöÑ RolesGuard running!
[2m[WebServer] [22m
[2m[WebServer] [22m===== ROLE GUARD =====
[2m[WebServer] [22mRequired roles: [
[2m[WebServer] [22m  [32m'department employee'[39m,
[2m[WebServer] [22m  [32m'HR Employee'[39m,
[2m[WebServer] [22m  [32m'department head'[39m,
[2m[WebServer] [22m  [32m'HR Manager'[39m,
[2m[WebServer] [22m  [32m'HR Admin'[39m,
[2m[WebServer] [22m  [32m'System Admin'[39m
[2m[WebServer] [22m]
[2m[WebServer] [22mUser object: {
[2m[WebServer] [22m  id: [32m'6929e2de934d8e079e6f55b6'[39m,
[2m[WebServer] [22m  workEmail: [32m'engemp1.work@example.com'[39m,
[2m[WebServer] [22m  roles: [ [32m'department employee'[39m ],
[2m[WebServer] [22m  permissions: [],
[2m[WebServer] [22m  primaryDepartmentId: [32m'69275d8afc1184a3b3e6c55f'[39m,
[2m[WebServer] [22m  employeeNumber: [32m'EMP-1026'[39m
[2m[WebServer] [22m}
[2m[WebServer] [22mNormalized user roles: [ [32m'department employee'[39m ]
[2m[WebServer] [22mNormalized required roles: [
[2m[WebServer] [22m  [32m'department employee'[39m,
[2m[WebServer] [22m  [32m'hr employee'[39m,
[2m[WebServer] [22m  [32m'department head'[39m,
[2m[WebServer] [22m  [32m'hr manager'[39m,
[2m[WebServer] [22m  [32m'hr admin'[39m,
[2m[WebServer] [22m  [32m'system admin'[39m
[2m[WebServer] [22m]
[2m[WebServer] [22mHas required role? [33mtrue[39m
[2m[WebServer] [22mΓ£ö ACCESS GRANTED Γ£ö
[2m[WebServer] [22m≡ƒöì [RequestsController] getMyRequests: { userId: [90mundefined[39m }
Γ£à Request details accessible - REQ-024 validated
  Γ£ô  11 [chromium] ΓÇ║ leave-tests.spec.ts:249:7 ΓÇ║ ≡ƒÖï EMPLOYEE 1 (EMP-1026 - Engineering) - All Scenarios ΓÇ║ Γ£à D2: View request details (REQ-024) (9.0s)
≡ƒöÉ Logging in as: engemp1.work@example.com
[2m[WebServer] [22m GET /login [32m200[39m in 36ms[2m (compile: 3ms, render: 33ms)[22m
[2m[WebServer] [22m≡ƒöÑ JwtAuthGuard: canActivate CALLED
[2m[WebServer] [22m≡ƒöì JWT Extractor - All cookies: [Object: null prototype] {}
[2m[WebServer] [22m≡ƒöì JWT Extractor - Headers: [90mundefined[39m
[2m[WebServer] [22m≡ƒöì JWT Extractor - accessToken: NOT FOUND
[2m[WebServer] [22m≡ƒöÑ JwtAuthGuard: handleRequest() {
[2m[WebServer] [22m  err: [1mnull[22m,
[2m[WebServer] [22m  user: [33mfalse[39m,
[2m[WebServer] [22m  info: Error: No auth token
[2m[WebServer] [22m      at JwtStrategy.authenticate [90m(C:\Users\Bedon\Desktop\semester-5-software-project\backend\[39mnode_modules\[4mpassport-jwt[24m\lib\strategy.js:96:26[90m)[39m
[2m[WebServer] [22m      at attempt [90m(C:\Users\Bedon\Desktop\semester-5-software-project\backend\[39mnode_modules\[4mpassport[24m\lib\middleware\authenticate.js:378:16[90m)[39m
[2m[WebServer] [22m      at authenticate [90m(C:\Users\Bedon\Desktop\semester-5-software-project\backend\[39mnode_modules\[4mpassport[24m\lib\middleware\authenticate.js:379:7[90m)[39m
[2m[WebServer] [22m      at [90mC:\Users\Bedon\Desktop\semester-5-software-project\backend\[39mnode_modules\[4m@nestjs[24m\passport\dist\auth.guard.js:88:3
[2m[WebServer] [22m      at new Promise (<anonymous>)
[2m[WebServer] [22m      at [90mC:\Users\Bedon\Desktop\semester-5-software-project\backend\[39mnode_modules\[4m@nestjs[24m\passport\dist\auth.guard.js:80:83
[2m[WebServer] [22m      at JwtAuthGuard.canActivate [90m(C:\Users\Bedon\Desktop\semester-5-software-project\backend\[39mnode_modules\[4m@nestjs[24m\passport\dist\auth.guard.js:44:32[90m)[39m
[2m[WebServer] [22m  [90m    at process.processTicksAndRejections (node:internal/process/task_queues:105:5)[39m
[2m[WebServer] [22m}
[2m[WebServer] [22mΓ¥î JwtAuthGuard INFO: Error: No auth token
[2m[WebServer] [22m    at JwtStrategy.authenticate 
[90m(C:\Users\Bedon\Desktop\semester-5-software-project\backend\[39mnode_modules\[4mpassport-jwt[24m\lib\strategy.js:96:26[90m)[39m
[2m[WebServer] [22m    at attempt [90m(C:\Users\Bedon\Desktop\semester-5-software-project\backend\[39mnode_modules\[4mpassport[24m\lib\mi
ddleware\authenticate.js:378:16[90m)[39m
[2m[WebServer] [22m    at authenticate [90m(C:\Users\Bedon\Desktop\semester-5-software-project\backend\[39mnode_modules\[4mpassport[24m\l
ib\middleware\authenticate.js:379:7[90m)[39m
[2m[WebServer] [22m    at 
[90mC:\Users\Bedon\Desktop\semester-5-software-project\backend\[39mnode_modules\[4m@nestjs[24m\passport\dist\auth.guard.js:88:3
[2m[WebServer] [22m    at new Promise (<anonymous>)
[2m[WebServer] [22m    at 
[90mC:\Users\Bedon\Desktop\semester-5-software-project\backend\[39mnode_modules\[4m@nestjs[24m\passport\dist\auth.guard.js:80:83
[2m[WebServer] [22m    at JwtAuthGuard.canActivate [90m(C:\Users\Bedon\Desktop\semester-5-software-project\backend\[39mnode_modules\[4m@ne
stjs[24m\passport\dist\auth.guard.js:44:32[90m)[39m
[2m[WebServer] [22m[90m    at process.processTicksAndRejections (node:internal/process/task_queues:105:5)[39m
[2m[WebServer] [22mΓ¥î JwtAuthGuard FAILING ΓåÆ No auth token
[2m[WebServer] [22mVALIDATE EMPLOYEE - systemRole = {
[2m[WebServer] [22m  _id: new ObjectId([32m'6929e2de934d8e079e6f55b8'[39m),
[2m[WebServer] [22m  employeeProfileId: new ObjectId([32m'6929e2de934d8e079e6f55b6'[39m),
[2m[WebServer] [22m  roles: [ [32m'department employee'[39m ],
[2m[WebServer] [22m  permissions: [],
[2m[WebServer] [22m  isActive: [33mtrue[39m,
[2m[WebServer] [22m  createdAt: [35m2025-11-28T17:58:54.894Z[39m,
[2m[WebServer] [22m  updatedAt: [35m2025-11-28T17:58:54.894Z[39m,
[2m[WebServer] [22m  __v: [33m0[39m
[2m[WebServer] [22m}
[2m[WebServer] [22mGenerated token: eyJhbGciOiJIUzI1NiIsInR5cCI6IkpXVCJ9.eyJzdWIiOiI2OTI5ZTJkZTkzNGQ4ZTA3OWU2ZjU1YjYiLCJ3b3JrRW1haWwiOiJlbmdlbXAxLndvcmtAZXhhbXBsZS5jb20iLCJyb2xlcyI6WyJkZXBhcnRtZW50IGVtcGxveWVlIl0sInBlcm1pc3Npb25zIjpbXSwicHJpbWFyeURlcGFydG1lbnRJZCI6IjY5Mjc1ZDhhZmMxMTg0YTNiM2U2YzU1ZiIsImVtcGxveWVlTnVtYmVyIjoiRU1QLTEwMjYiLCJpYXQiOjE3NjU5ODI5NDIsImV4cCI6MTc2NjA2OTM0Mn0.-UoTGm8_6l8qntt89ovMKIpLVKOQoW7w2pDoP0ghxXk
[2m[WebServer] [22m GET /leaves [32m200[39m in 17ms[2m (compile: 3ms, render: 14ms)[22m
[2m[WebServer] [22m≡ƒöÑ JwtAuthGuard: canActivate CALLED
[2m[WebServer] [22m≡ƒöì JWT Extractor - All cookies: {
[2m[WebServer] [22m  accessToken: [32m'eyJhbGciOiJIUzI1NiIsInR5cCI6IkpXVCJ9.eyJzdWIiOiI2OTI5ZTJkZTkzNGQ4ZTA3OWU2ZjU1YjYiLCJ3b3JrRW1haWwiOiJlbmdlbXAxLndvcmtAZXhhbXBsZS5jb20iLCJyb2xlcyI6WyJkZXBhcnRtZW50IGVtcGxveWVlIl0sInBlcm1pc3Npb25zIjpbXSwicHJpbWFyeURlcGFydG1lbnRJZCI6IjY5Mjc1ZDhhZmMxMTg0YTNiM2U2YzU1ZiIsImVtcGxveWVlTnVtYmVyIjoiRU1QLTEwMjYiLCJpYXQiOjE3NjU5ODI5NDIsImV4cCI6MTc2NjA2OTM0Mn0.-UoTGm8_6l8qntt89ovMKIpLVKOQoW7w2pDoP0ghxXk'[39m
[2m[WebServer] [22m}
[2m[WebServer] [22m≡ƒöì JWT Extractor - Headers: accessToken=eyJhbGciOiJIUzI1NiIsInR5cCI6IkpXVCJ9.eyJzdWIiOiI2OTI5ZTJkZTkzNGQ4ZTA3OWU2ZjU1YjYiLCJ3b3JrRW1haWwiOiJlbmdlbXAxLndvcmtAZXhhbXBsZS5jb20iLCJyb2xlcyI6WyJkZXBhcnRtZW50IGVtcGxveWVlIl0sInBlcm1pc3Npb25zIjpbXSwicHJpbWFyeURlcGFydG1lbnRJZCI6IjY5Mjc1ZDhhZmMxMTg0YTNiM2U2YzU1ZiIsImVtcGxveWVlTnVtYmVyIjoiRU1QLTEwMjYiLCJpYXQiOjE3NjU5ODI5NDIsImV4cCI6MTc2NjA2OTM0Mn0.-UoTGm8_6l8qntt89ovMKIpLVKOQoW7w2pDoP0ghxXk
[2m[WebServer] [22m≡ƒöì JWT Extractor - accessToken: FOUND
[2m[WebServer] [22mJwtStrategy VALIDATE: {
[2m[WebServer] [22m  sub: [32m'6929e2de934d8e079e6f55b6'[39m,
[2m[WebServer] [22m  workEmail: [32m'engemp1.work@example.com'[39m,
[2m[WebServer] [22m  roles: [ [32m'department employee'[39m ],
[2m[WebServer] [22m  permissions: [],
[2m[WebServer] [22m  primaryDepartmentId: [32m'69275d8afc1184a3b3e6c55f'[39m,
[2m[WebServer] [22m  employeeNumber: [32m'EMP-1026'[39m,
[2m[WebServer] [22m  iat: [33m1765982942[39m,
[2m[WebServer] [22m  exp: [33m1766069342[39m
[2m[WebServer] [22m}
[2m[WebServer] [22m≡ƒöÑ JwtAuthGuard: handleRequest() {
[2m[WebServer] [22m  err: [1mnull[22m,
[2m[WebServer] [22m  user: {
[2m[WebServer] [22m    id: [32m'6929e2de934d8e079e6f55b6'[39m,
[2m[WebServer] [22m    workEmail: [32m'engemp1.work@example.com'[39m,
[2m[WebServer] [22m    roles: [ [32m'department employee'[39m ],
[2m[WebServer] [22m    permissions: [],
[2m[WebServer] [22m    primaryDepartmentId: [32m'69275d8afc1184a3b3e6c55f'[39m,
[2m[WebServer] [22m    employeeNumber: [32m'EMP-1026'[39m
[2m[WebServer] [22m  },
[2m[WebServer] [22m  info: [90mundefined[39m
[2m[WebServer] [22m}
[2m[WebServer] [22mΓ£à JwtAuthGuard SUCCESS ΓåÆ user authenticated: 6929e2de934d8e079e6f55b6
[2m[WebServer] [22m≡ƒöÑ RolesGuard running!
[2m[WebServer] [22m
[2m[WebServer] [22m===== ROLE GUARD =====
[2m[WebServer] [22mRequired roles: [
[2m[WebServer] [22m  [32m'department employee'[39m,
[2m[WebServer] [22m  [32m'HR Employee'[39m,
[2m[WebServer] [22m  [32m'department head'[39m,
[2m[WebServer] [22m  [32m'HR Manager'[39m,
[2m[WebServer] [22m  [32m'HR Admin'[39m,
[2m[WebServer] [22m  [32m'System Admin'[39m
[2m[WebServer] [22m]
[2m[WebServer] [22mUser object: {
[2m[WebServer] [22m  id: [32m'6929e2de934d8e079e6f55b6'[39m,
[2m[WebServer] [22m  workEmail: [32m'engemp1.work@example.com'[39m,
[2m[WebServer] [22m  roles: [ [32m'department employee'[39m ],
[2m[WebServer] [22m  permissions: [],
[2m[WebServer] [22m  primaryDepartmentId: [32m'69275d8afc1184a3b3e6c55f'[39m,
[2m[WebServer] [22m  employeeNumber: [32m'EMP-1026'[39m
[2m[WebServer] [22m}
[2m[WebServer] [22mNormalized user roles: [ [32m'department employee'[39m ]
[2m[WebServer] [22mNormalized required roles: [
[2m[WebServer] [22m  [32m'department employee'[39m,
[2m[WebServer] [22m  [32m'hr employee'[39m,
[2m[WebServer] [22m  [32m'department head'[39m,
[2m[WebServer] [22m  [32m'hr manager'[39m,
[2m[WebServer] [22m  [32m'hr admin'[39m,
[2m[WebServer] [22m  [32m'system admin'[39m
[2m[WebServer] [22m]
[2m[WebServer] [22mHas required role? [33mtrue[39m
[2m[WebServer] [22mΓ£ö ACCESS GRANTED Γ£ö
[2m[WebServer] [22m≡ƒöì [TrackingController] getMyBalances: {
[2m[WebServer] [22m  query: [Object: null prototype] {},
[2m[WebServer] [22m  userId: [32m'6929e2de934d8e079e6f55b6'[39m
[2m[WebServer] [22m}
[2m[WebServer] [22m≡ƒöÑ JwtAuthGuard: canActivate CALLED
[2m[WebServer] [22m≡ƒöì JWT Extractor - All cookies: {
[2m[WebServer] [22m  accessToken: [32m'eyJhbGciOiJIUzI1NiIsInR5cCI6IkpXVCJ9.eyJzdWIiOiI2OTI5ZTJkZTkzNGQ4ZTA3OWU2ZjU1YjYiLCJ3b3JrRW1haWwiOiJlbmdlbXAxLndvcmtAZXhhbXBsZS5jb20iLCJyb2xlcyI6WyJkZXBhcnRtZW50IGVtcGxveWVlIl0sInBlcm1pc3Npb25zIjpbXSwicHJpbWFyeURlcGFydG1lbnRJZCI6IjY5Mjc1ZDhhZmMxMTg0YTNiM2U2YzU1ZiIsImVtcGxveWVlTnVtYmVyIjoiRU1QLTEwMjYiLCJpYXQiOjE3NjU5ODI5NDIsImV4cCI6MTc2NjA2OTM0Mn0.-UoTGm8_6l8qntt89ovMKIpLVKOQoW7w2pDoP0ghxXk'[39m
[2m[WebServer] [22m}
[2m[WebServer] [22m≡ƒöì JWT Extractor - Headers: accessToken=eyJhbGciOiJIUzI1NiIsInR5cCI6IkpXVCJ9.eyJzdWIiOiI2OTI5ZTJkZTkzNGQ4ZTA3OWU2ZjU1YjYiLCJ3b3JrRW1haWwiOiJlbmdlbXAxLndvcmtAZXhhbXBsZS5jb20iLCJyb2xlcyI6WyJkZXBhcnRtZW50IGVtcGxveWVlIl0sInBlcm1pc3Npb25zIjpbXSwicHJpbWFyeURlcGFydG1lbnRJZCI6IjY5Mjc1ZDhhZmMxMTg0YTNiM2U2YzU1ZiIsImVtcGxveWVlTnVtYmVyIjoiRU1QLTEwMjYiLCJpYXQiOjE3NjU5ODI5NDIsImV4cCI6MTc2NjA2OTM0Mn0.-UoTGm8_6l8qntt89ovMKIpLVKOQoW7w2pDoP0ghxXk
[2m[WebServer] [22m≡ƒöì JWT Extractor - accessToken: FOUND
[2m[WebServer] [22mJwtStrategy VALIDATE: {
[2m[WebServer] [22m  sub: [32m'6929e2de934d8e079e6f55b6'[39m,
[2m[WebServer] [22m  workEmail: [32m'engemp1.work@example.com'[39m,
[2m[WebServer] [22m  roles: [ [32m'department employee'[39m ],
[2m[WebServer] [22m  permissions: [],
[2m[WebServer] [22m  primaryDepartmentId: [32m'69275d8afc1184a3b3e6c55f'[39m,
[2m[WebServer] [22m  employeeNumber: [32m'EMP-1026'[39m,
[2m[WebServer] [22m  iat: [33m1765982942[39m,
[2m[WebServer] [22m  exp: [33m1766069342[39m
[2m[WebServer] [22m}
[2m[WebServer] [22m≡ƒöÑ JwtAuthGuard: handleRequest() {
[2m[WebServer] [22m  err: [1mnull[22m,
[2m[WebServer] [22m  user: {
[2m[WebServer] [22m    id: [32m'6929e2de934d8e079e6f55b6'[39m,
[2m[WebServer] [22m    workEmail: [32m'engemp1.work@example.com'[39m,
[2m[WebServer] [22m    roles: [ [32m'department employee'[39m ],
[2m[WebServer] [22m    permissions: [],
[2m[WebServer] [22m    primaryDepartmentId: [32m'69275d8afc1184a3b3e6c55f'[39m,
[2m[WebServer] [22m    employeeNumber: [32m'EMP-1026'[39m
[2m[WebServer] [22m  },
[2m[WebServer] [22m  info: [90mundefined[39m
[2m[WebServer] [22m}
[2m[WebServer] [22mΓ£à JwtAuthGuard SUCCESS ΓåÆ user authenticated: 6929e2de934d8e079e6f55b6
[2m[WebServer] [22m≡ƒöÑ RolesGuard running!
[2m[WebServer] [22m
[2m[WebServer] [22m===== ROLE GUARD =====
[2m[WebServer] [22mRequired roles: [
[2m[WebServer] [22m  [32m'department employee'[39m,
[2m[WebServer] [22m  [32m'HR Employee'[39m,
[2m[WebServer] [22m  [32m'department head'[39m,
[2m[WebServer] [22m  [32m'HR Manager'[39m,
[2m[WebServer] [22m  [32m'HR Admin'[39m,
[2m[WebServer] [22m  [32m'System Admin'[39m
[2m[WebServer] [22m]
[2m[WebServer] [22mUser object: {
[2m[WebServer] [22m  id: [32m'6929e2de934d8e079e6f55b6'[39m,
[2m[WebServer] [22m  workEmail: [32m'engemp1.work@example.com'[39m,
[2m[WebServer] [22m  roles: [ [32m'department employee'[39m ],
[2m[WebServer] [22m  permissions: [],
[2m[WebServer] [22m  primaryDepartmentId: [32m'69275d8afc1184a3b3e6c55f'[39m,
[2m[WebServer] [22m  employeeNumber: [32m'EMP-1026'[39m
[2m[WebServer] [22m}
[2m[WebServer] [22mNormalized user roles: [ [32m'department employee'[39m ]
[2m[WebServer] [22mNormalized required roles: [
[2m[WebServer] [22m  [32m'department employee'[39m,
[2m[WebServer] [22m  [32m'hr employee'[39m,
[2m[WebServer] [22m  [32m'department head'[39m,
[2m[WebServer] [22m  [32m'hr manager'[39m,
[2m[WebServer] [22m  [32m'hr admin'[39m,
[2m[WebServer] [22m  [32m'system admin'[39m
[2m[WebServer] [22m]
[2m[WebServer] [22mHas required role? [33mtrue[39m
[2m[WebServer] [22mΓ£ö ACCESS GRANTED Γ£ö
[2m[WebServer] [22m≡ƒöì [TrackingController] getMyHistory: {
[2m[WebServer] [22m  filters: [Object: null prototype] {},
[2m[WebServer] [22m  userId: [32m'6929e2de934d8e079e6f55b6'[39m
[2m[WebServer] [22m}
Γ£à Login successful
Γ¥î Testing: REQ-025 (Cancel request)
[2m[WebServer] [22m GET /leaves/my-leaves [32m200[39m in 39ms[2m (compile: 2ms, render: 37ms)[22m
[2m[WebServer] [22m≡ƒöÑ JwtAuthGuard: canActivate CALLED
[2m[WebServer] [22m≡ƒöì JWT Extractor - All cookies: {
[2m[WebServer] [22m  accessToken: [32m'eyJhbGciOiJIUzI1NiIsInR5cCI6IkpXVCJ9.eyJzdWIiOiI2OTI5ZTJkZTkzNGQ4ZTA3OWU2ZjU1YjYiLCJ3b3JrRW1haWwiOiJlbmdlbXAxLndvcmtAZXhhbXBsZS5jb20iLCJyb2xlcyI6WyJkZXBhcnRtZW50IGVtcGxveWVlIl0sInBlcm1pc3Npb25zIjpbXSwicHJpbWFyeURlcGFydG1lbnRJZCI6IjY5Mjc1ZDhhZmMxMTg0YTNiM2U2YzU1ZiIsImVtcGxveWVlTnVtYmVyIjoiRU1QLTEwMjYiLCJpYXQiOjE3NjU5ODI5NDIsImV4cCI6MTc2NjA2OTM0Mn0.-UoTGm8_6l8qntt89ovMKIpLVKOQoW7w2pDoP0ghxXk'[39m
[2m[WebServer] [22m}
[2m[WebServer] [22m≡ƒöì JWT Extractor - Headers: accessToken=eyJhbGciOiJIUzI1NiIsInR5cCI6IkpXVCJ9.eyJzdWIiOiI2OTI5ZTJkZTkzNGQ4ZTA3OWU2ZjU1YjYiLCJ3b3JrRW1haWwiOiJlbmdlbXAxLndvcmtAZXhhbXBsZS5jb20iLCJyb2xlcyI6WyJkZXBhcnRtZW50IGVtcGxveWVlIl0sInBlcm1pc3Npb25zIjpbXSwicHJpbWFyeURlcGFydG1lbnRJZCI6IjY5Mjc1ZDhhZmMxMTg0YTNiM2U2YzU1ZiIsImVtcGxveWVlTnVtYmVyIjoiRU1QLTEwMjYiLCJpYXQiOjE3NjU5ODI5NDIsImV4cCI6MTc2NjA2OTM0Mn0.-UoTGm8_6l8qntt89ovMKIpLVKOQoW7w2pDoP0ghxXk
[2m[WebServer] [22m≡ƒöì JWT Extractor - accessToken: FOUND
[2m[WebServer] [22mJwtStrategy VALIDATE: {
[2m[WebServer] [22m  sub: [32m'6929e2de934d8e079e6f55b6'[39m,
[2m[WebServer] [22m  workEmail: [32m'engemp1.work@example.com'[39m,
[2m[WebServer] [22m  roles: [ [32m'department employee'[39m ],
[2m[WebServer] [22m  permissions: [],
[2m[WebServer] [22m  primaryDepartmentId: [32m'69275d8afc1184a3b3e6c55f'[39m,
[2m[WebServer] [22m  employeeNumber: [32m'EMP-1026'[39m,
[2m[WebServer] [22m  iat: [33m1765982942[39m,
[2m[WebServer] [22m  exp: [33m1766069342[39m
[2m[WebServer] [22m}
[2m[WebServer] [22m≡ƒöÑ JwtAuthGuard: handleRequest() {
[2m[WebServer] [22m  err: [1mnull[22m,
[2m[WebServer] [22m  user: {
[2m[WebServer] [22m    id: [32m'6929e2de934d8e079e6f55b6'[39m,
[2m[WebServer] [22m    workEmail: [32m'engemp1.work@example.com'[39m,
[2m[WebServer] [22m    roles: [ [32m'department employee'[39m ],
[2m[WebServer] [22m    permissions: [],
[2m[WebServer] [22m    primaryDepartmentId: [32m'69275d8afc1184a3b3e6c55f'[39m,
[2m[WebServer] [22m    employeeNumber: [32m'EMP-1026'[39m
[2m[WebServer] [22m  },
[2m[WebServer] [22m  info: [90mundefined[39m
[2m[WebServer] [22m}
[2m[WebServer] [22mΓ£à JwtAuthGuard SUCCESS ΓåÆ user authenticated: 6929e2de934d8e079e6f55b6
[2m[WebServer] [22m≡ƒöì [LeaveTypeController] findAll
[2m[WebServer] [22m≡ƒöÑ JwtAuthGuard: canActivate CALLED
[2m[WebServer] [22m≡ƒöì JWT Extractor - All cookies: {
[2m[WebServer] [22m  accessToken: [32m'eyJhbGciOiJIUzI1NiIsInR5cCI6IkpXVCJ9.eyJzdWIiOiI2OTI5ZTJkZTkzNGQ4ZTA3OWU2ZjU1YjYiLCJ3b3JrRW1haWwiOiJlbmdlbXAxLndvcmtAZXhhbXBsZS5jb20iLCJyb2xlcyI6WyJkZXBhcnRtZW50IGVtcGxveWVlIl0sInBlcm1pc3Npb25zIjpbXSwicHJpbWFyeURlcGFydG1lbnRJZCI6IjY5Mjc1ZDhhZmMxMTg0YTNiM2U2YzU1ZiIsImVtcGxveWVlTnVtYmVyIjoiRU1QLTEwMjYiLCJpYXQiOjE3NjU5ODI5NDIsImV4cCI6MTc2NjA2OTM0Mn0.-UoTGm8_6l8qntt89ovMKIpLVKOQoW7w2pDoP0ghxXk'[39m
[2m[WebServer] [22m}
[2m[WebServer] [22m≡ƒöì JWT Extractor - Headers: accessToken=eyJhbGciOiJIUzI1NiIsInR5cCI6IkpXVCJ9.eyJzdWIiOiI2OTI5ZTJkZTkzNGQ4ZTA3OWU2ZjU1YjYiLCJ3b3JrRW1haWwiOiJlbmdlbXAxLndvcmtAZXhhbXBsZS5jb20iLCJyb2xlcyI6WyJkZXBhcnRtZW50IGVtcGxveWVlIl0sInBlcm1pc3Npb25zIjpbXSwicHJpbWFyeURlcGFydG1lbnRJZCI6IjY5Mjc1ZDhhZmMxMTg0YTNiM2U2YzU1ZiIsImVtcGxveWVlTnVtYmVyIjoiRU1QLTEwMjYiLCJpYXQiOjE3NjU5ODI5NDIsImV4cCI6MTc2NjA2OTM0Mn0.-UoTGm8_6l8qntt89ovMKIpLVKOQoW7w2pDoP0ghxXk
[2m[WebServer] [22m≡ƒöì JWT Extractor - accessToken: FOUND
[2m[WebServer] [22mJwtStrategy VALIDATE: {
[2m[WebServer] [22m  sub: [32m'6929e2de934d8e079e6f55b6'[39m,
[2m[WebServer] [22m  workEmail: [32m'engemp1.work@example.com'[39m,
[2m[WebServer] [22m  roles: [ [32m'department employee'[39m ],
[2m[WebServer] [22m  permissions: [],
[2m[WebServer] [22m  primaryDepartmentId: [32m'69275d8afc1184a3b3e6c55f'[39m,
[2m[WebServer] [22m  employeeNumber: [32m'EMP-1026'[39m,
[2m[WebServer] [22m  iat: [33m1765982942[39m,
[2m[WebServer] [22m  exp: [33m1766069342[39m
[2m[WebServer] [22m}
[2m[WebServer] [22m≡ƒöÑ JwtAuthGuard: handleRequest() {
[2m[WebServer] [22m  err: [1mnull[22m,
[2m[WebServer] [22m  user: {
[2m[WebServer] [22m    id: [32m'6929e2de934d8e079e6f55b6'[39m,
[2m[WebServer] [22m    workEmail: [32m'engemp1.work@example.com'[39m,
[2m[WebServer] [22m    roles: [ [32m'department employee'[39m ],
[2m[WebServer] [22m    permissions: [],
[2m[WebServer] [22m    primaryDepartmentId: [32m'69275d8afc1184a3b3e6c55f'[39m,
[2m[WebServer] [22m    employeeNumber: [32m'EMP-1026'[39m
[2m[WebServer] [22m  },
[2m[WebServer] [22m  info: [90mundefined[39m
[2m[WebServer] [22m}
[2m[WebServer] [22mΓ£à JwtAuthGuard SUCCESS ΓåÆ user authenticated: 6929e2de934d8e079e6f55b6
[2m[WebServer] [22m≡ƒöÑ RolesGuard running!
[2m[WebServer] [22m
[2m[WebServer] [22m===== ROLE GUARD =====
[2m[WebServer] [22mRequired roles: [
[2m[WebServer] [22m  [32m'department employee'[39m,
[2m[WebServer] [22m  [32m'HR Employee'[39m,
[2m[WebServer] [22m  [32m'department head'[39m,
[2m[WebServer] [22m  [32m'HR Manager'[39m,
[2m[WebServer] [22m  [32m'HR Admin'[39m,
[2m[WebServer] [22m  [32m'System Admin'[39m
[2m[WebServer] [22m]
[2m[WebServer] [22mUser object: {
[2m[WebServer] [22m  id: [32m'6929e2de934d8e079e6f55b6'[39m,
[2m[WebServer] [22m  workEmail: [32m'engemp1.work@example.com'[39m,
[2m[WebServer] [22m  roles: [ [32m'department employee'[39m ],
[2m[WebServer] [22m  permissions: [],
[2m[WebServer] [22m  primaryDepartmentId: [32m'69275d8afc1184a3b3e6c55f'[39m,
[2m[WebServer] [22m  employeeNumber: [32m'EMP-1026'[39m
[2m[WebServer] [22m}
[2m[WebServer] [22mNormalized user roles: [ [32m'department employee'[39m ]
[2m[WebServer] [22mNormalized required roles: [
[2m[WebServer] [22m  [32m'department employee'[39m,
[2m[WebServer] [22m  [32m'hr employee'[39m,
[2m[WebServer] [22m  [32m'department head'[39m,
[2m[WebServer] [22m  [32m'hr manager'[39m,
[2m[WebServer] [22m  [32m'hr admin'[39m,
[2m[WebServer] [22m  [32m'system admin'[39m
[2m[WebServer] [22m]
[2m[WebServer] [22mHas required role? [33mtrue[39m
[2m[WebServer] [22mΓ£ö ACCESS GRANTED Γ£ö
[2m[WebServer] [22m≡ƒöì [TrackingController] getMyBalances: {
[2m[WebServer] [22m  query: [Object: null prototype] {},
[2m[WebServer] [22m  userId: [32m'6929e2de934d8e079e6f55b6'[39m
[2m[WebServer] [22m}
[2m[WebServer] [22m≡ƒöÑ JwtAuthGuard: canActivate CALLED
[2m[WebServer] [22m≡ƒöì JWT Extractor - All cookies: {
[2m[WebServer] [22m  accessToken: [32m'eyJhbGciOiJIUzI1NiIsInR5cCI6IkpXVCJ9.eyJzdWIiOiI2OTI5ZTJkZTkzNGQ4ZTA3OWU2ZjU1YjYiLCJ3b3JrRW1haWwiOiJlbmdlbXAxLndvcmtAZXhhbXBsZS5jb20iLCJyb2xlcyI6WyJkZXBhcnRtZW50IGVtcGxveWVlIl0sInBlcm1pc3Npb25zIjpbXSwicHJpbWFyeURlcGFydG1lbnRJZCI6IjY5Mjc1ZDhhZmMxMTg0YTNiM2U2YzU1ZiIsImVtcGxveWVlTnVtYmVyIjoiRU1QLTEwMjYiLCJpYXQiOjE3NjU5ODI5NDIsImV4cCI6MTc2NjA2OTM0Mn0.-UoTGm8_6l8qntt89ovMKIpLVKOQoW7w2pDoP0ghxXk'[39m
[2m[WebServer] [22m}
[2m[WebServer] [22m≡ƒöì JWT Extractor - Headers: accessToken=eyJhbGciOiJIUzI1NiIsInR5cCI6IkpXVCJ9.eyJzdWIiOiI2OTI5ZTJkZTkzNGQ4ZTA3OWU2ZjU1YjYiLCJ3b3JrRW1haWwiOiJlbmdlbXAxLndvcmtAZXhhbXBsZS5jb20iLCJyb2xlcyI6WyJkZXBhcnRtZW50IGVtcGxveWVlIl0sInBlcm1pc3Npb25zIjpbXSwicHJpbWFyeURlcGFydG1lbnRJZCI6IjY5Mjc1ZDhhZmMxMTg0YTNiM2U2YzU1ZiIsImVtcGxveWVlTnVtYmVyIjoiRU1QLTEwMjYiLCJpYXQiOjE3NjU5ODI5NDIsImV4cCI6MTc2NjA2OTM0Mn0.-UoTGm8_6l8qntt89ovMKIpLVKOQoW7w2pDoP0ghxXk
[2m[WebServer] [22m≡ƒöì JWT Extractor - accessToken: FOUND
[2m[WebServer] [22mJwtStrategy VALIDATE: {
[2m[WebServer] [22m  sub: [32m'6929e2de934d8e079e6f55b6'[39m,
[2m[WebServer] [22m  workEmail: [32m'engemp1.work@example.com'[39m,
[2m[WebServer] [22m  roles: [ [32m'department employee'[39m ],
[2m[WebServer] [22m  permissions: [],
[2m[WebServer] [22m  primaryDepartmentId: [32m'69275d8afc1184a3b3e6c55f'[39m,
[2m[WebServer] [22m  employeeNumber: [32m'EMP-1026'[39m,
[2m[WebServer] [22m  iat: [33m1765982942[39m,
[2m[WebServer] [22m  exp: [33m1766069342[39m
[2m[WebServer] [22m}
[2m[WebServer] [22m≡ƒöÑ JwtAuthGuard: handleRequest() {
[2m[WebServer] [22m  err: [1mnull[22m,
[2m[WebServer] [22m  user: {
[2m[WebServer] [22m    id: [32m'6929e2de934d8e079e6f55b6'[39m,
[2m[WebServer] [22m    workEmail: [32m'engemp1.work@example.com'[39m,
[2m[WebServer] [22m    roles: [ [32m'department employee'[39m ],
[2m[WebServer] [22m    permissions: [],
[2m[WebServer] [22m    primaryDepartmentId: [32m'69275d8afc1184a3b3e6c55f'[39m,
[2m[WebServer] [22m    employeeNumber: [32m'EMP-1026'[39m
[2m[WebServer] [22m  },
[2m[WebServer] [22m  info: [90mundefined[39m
[2m[WebServer] [22m}
[2m[WebServer] [22mΓ£à JwtAuthGuard SUCCESS ΓåÆ user authenticated: 6929e2de934d8e079e6f55b6
[2m[WebServer] [22m≡ƒöÑ RolesGuard running!
[2m[WebServer] [22m
[2m[WebServer] [22m===== ROLE GUARD =====
[2m[WebServer] [22mRequired roles: [
[2m[WebServer] [22m  [32m'department employee'[39m,
[2m[WebServer] [22m  [32m'HR Employee'[39m,
[2m[WebServer] [22m  [32m'department head'[39m,
[2m[WebServer] [22m  [32m'HR Manager'[39m,
[2m[WebServer] [22m  [32m'HR Admin'[39m,
[2m[WebServer] [22m  [32m'System Admin'[39m
[2m[WebServer] [22m]
[2m[WebServer] [22mUser object: {
[2m[WebServer] [22m  id: [32m'6929e2de934d8e079e6f55b6'[39m,
[2m[WebServer] [22m  workEmail: [32m'engemp1.work@example.com'[39m,
[2m[WebServer] [22m  roles: [ [32m'department employee'[39m ],
[2m[WebServer] [22m  permissions: [],
[2m[WebServer] [22m  primaryDepartmentId: [32m'69275d8afc1184a3b3e6c55f'[39m,
[2m[WebServer] [22m  employeeNumber: [32m'EMP-1026'[39m
[2m[WebServer] [22m}
[2m[WebServer] [22mNormalized user roles: [ [32m'department employee'[39m ]
[2m[WebServer] [22mNormalized required roles: [
[2m[WebServer] [22m  [32m'department employee'[39m,
[2m[WebServer] [22m  [32m'hr employee'[39m,
[2m[WebServer] [22m  [32m'department head'[39m,
[2m[WebServer] [22m  [32m'hr manager'[39m,
[2m[WebServer] [22m  [32m'hr admin'[39m,
[2m[WebServer] [22m  [32m'system admin'[39m
[2m[WebServer] [22m]
[2m[WebServer] [22mHas required role? [33mtrue[39m
[2m[WebServer] [22mΓ£ö ACCESS GRANTED Γ£ö
[2m[WebServer] [22m≡ƒöì [RequestsController] getMyRequests: { userId: [90mundefined[39m }
Γ£à Cancellation flow accessible - REQ-025 validated
  Γ£ô  12 [chromium] ΓÇ║ leave-tests.spec.ts:259:7 ΓÇ║ ≡ƒÖï EMPLOYEE 1 (EMP-1026 - Engineering) - All Scenarios ΓÇ║ Γ£à D3: Cancel pending request (REQ-025) (9.0s)
≡ƒöÉ Logging in as: engemp1.work@example.com
[2m[WebServer] [22m GET /login [32m200[39m in 41ms[2m (compile: 2ms, render: 39ms)[22m
[2m[WebServer] [22m≡ƒöÑ JwtAuthGuard: canActivate CALLED
[2m[WebServer] [22m≡ƒöì JWT Extractor - All cookies: [Object: null prototype] {}
[2m[WebServer] [22m≡ƒöì JWT Extractor - Headers: [90mundefined[39m
[2m[WebServer] [22m≡ƒöì JWT Extractor - accessToken: NOT FOUND
[2m[WebServer] [22m≡ƒöÑ JwtAuthGuard: handleRequest() {
[2m[WebServer] [22m  err: [1mnull[22m,
[2m[WebServer] [22m  user: [33mfalse[39m,
[2m[WebServer] [22m  info: Error: No auth token
[2m[WebServer] [22m      at JwtStrategy.authenticate [90m(C:\Users\Bedon\Desktop\semester-5-software-project\backend\[39mnode_modules\[4mpassport-jwt[24m\lib\strategy.js:96:26[90m)[39m
[2m[WebServer] [22m      at attempt [90m(C:\Users\Bedon\Desktop\semester-5-software-project\backend\[39mnode_modules\[4mpassport[24m\lib\middleware\authenticate.js:378:16[90m)[39m
[2m[WebServer] [22m      at authenticate [90m(C:\Users\Bedon\Desktop\semester-5-software-project\backend\[39mnode_modules\[4mpassport[24m\lib\middleware\authenticate.js:379:7[90m)[39m
[2m[WebServer] [22m      at [90mC:\Users\Bedon\Desktop\semester-5-software-project\backend\[39mnode_modules\[4m@nestjs[24m\passport\dist\auth.guard.js:88:3
[2m[WebServer] [22m      at new Promise (<anonymous>)
[2m[WebServer] [22m      at [90mC:\Users\Bedon\Desktop\semester-5-software-project\backend\[39mnode_modules\[4m@nestjs[24m\passport\dist\auth.guard.js:80:83
[2m[WebServer] [22m      at JwtAuthGuard.canActivate [90m(C:\Users\Bedon\Desktop\semester-5-software-project\backend\[39mnode_modules\[4m@nestjs[24m\passport\dist\auth.guard.js:44:32[90m)[39m
[2m[WebServer] [22m  [90m    at process.processTicksAndRejections (node:internal/process/task_queues:105:5)[39m
[2m[WebServer] [22m}
[2m[WebServer] [22mΓ¥î JwtAuthGuard INFO: Error: No auth token
[2m[WebServer] [22m    at JwtStrategy.authenticate 
[90m(C:\Users\Bedon\Desktop\semester-5-software-project\backend\[39mnode_modules\[4mpassport-jwt[24m\lib\strategy.js:96:26[90m)[39m
[2m[WebServer] [22m    at attempt [90m(C:\Users\Bedon\Desktop\semester-5-software-project\backend\[39mnode_modules\[4mpassport[24m\lib\mi
ddleware\authenticate.js:378:16[90m)[39m
[2m[WebServer] [22m    at authenticate [90m(C:\Users\Bedon\Desktop\semester-5-software-project\backend\[39mnode_modules\[4mpassport[24m\l
ib\middleware\authenticate.js:379:7[90m)[39m
[2m[WebServer] [22m    at 
[90mC:\Users\Bedon\Desktop\semester-5-software-project\backend\[39mnode_modules\[4m@nestjs[24m\passport\dist\auth.guard.js:88:3
[2m[WebServer] [22m    at new Promise (<anonymous>)
[2m[WebServer] [22m    at 
[90mC:\Users\Bedon\Desktop\semester-5-software-project\backend\[39mnode_modules\[4m@nestjs[24m\passport\dist\auth.guard.js:80:83
[2m[WebServer] [22m    at JwtAuthGuard.canActivate [90m(C:\Users\Bedon\Desktop\semester-5-software-project\backend\[39mnode_modules\[4m@ne
stjs[24m\passport\dist\auth.guard.js:44:32[90m)[39m
[2m[WebServer] [22m[90m    at process.processTicksAndRejections (node:internal/process/task_queues:105:5)[39m
[2m[WebServer] [22mΓ¥î JwtAuthGuard FAILING ΓåÆ No auth token
[2m[WebServer] [22mVALIDATE EMPLOYEE - systemRole = {
[2m[WebServer] [22m  _id: new ObjectId([32m'6929e2de934d8e079e6f55b8'[39m),
[2m[WebServer] [22m  employeeProfileId: new ObjectId([32m'6929e2de934d8e079e6f55b6'[39m),
[2m[WebServer] [22m  roles: [ [32m'department employee'[39m ],
[2m[WebServer] [22m  permissions: [],
[2m[WebServer] [22m  isActive: [33mtrue[39m,
[2m[WebServer] [22m  createdAt: [35m2025-11-28T17:58:54.894Z[39m,
[2m[WebServer] [22m  updatedAt: [35m2025-11-28T17:58:54.894Z[39m,
[2m[WebServer] [22m  __v: [33m0[39m
[2m[WebServer] [22m}
[2m[WebServer] [22mGenerated token: eyJhbGciOiJIUzI1NiIsInR5cCI6IkpXVCJ9.eyJzdWIiOiI2OTI5ZTJkZTkzNGQ4ZTA3OWU2ZjU1YjYiLCJ3b3JrRW1haWwiOiJlbmdlbXAxLndvcmtAZXhhbXBsZS5jb20iLCJyb2xlcyI6WyJkZXBhcnRtZW50IGVtcGxveWVlIl0sInBlcm1pc3Npb25zIjpbXSwicHJpbWFyeURlcGFydG1lbnRJZCI6IjY5Mjc1ZDhhZmMxMTg0YTNiM2U2YzU1ZiIsImVtcGxveWVlTnVtYmVyIjoiRU1QLTEwMjYiLCJpYXQiOjE3NjU5ODI5NTEsImV4cCI6MTc2NjA2OTM1MX0.TG-WoGaaedD9KrG4Rmm9cJiXaPUNTXcdNNWnHma4f1g
[2m[WebServer] [22m GET /leaves [32m200[39m in 16ms[2m (compile: 3ms, render: 13ms)[22m
[2m[WebServer] [22m≡ƒöÑ JwtAuthGuard: canActivate CALLED
[2m[WebServer] [22m≡ƒöì JWT Extractor - All cookies: {
[2m[WebServer] [22m  accessToken: [32m'eyJhbGciOiJIUzI1NiIsInR5cCI6IkpXVCJ9.eyJzdWIiOiI2OTI5ZTJkZTkzNGQ4ZTA3OWU2ZjU1YjYiLCJ3b3JrRW1haWwiOiJlbmdlbXAxLndvcmtAZXhhbXBsZS5jb20iLCJyb2xlcyI6WyJkZXBhcnRtZW50IGVtcGxveWVlIl0sInBlcm1pc3Npb25zIjpbXSwicHJpbWFyeURlcGFydG1lbnRJZCI6IjY5Mjc1ZDhhZmMxMTg0YTNiM2U2YzU1ZiIsImVtcGxveWVlTnVtYmVyIjoiRU1QLTEwMjYiLCJpYXQiOjE3NjU5ODI5NTEsImV4cCI6MTc2NjA2OTM1MX0.TG-WoGaaedD9KrG4Rmm9cJiXaPUNTXcdNNWnHma4f1g'[39m
[2m[WebServer] [22m}
[2m[WebServer] [22m≡ƒöì JWT Extractor - Headers: accessToken=eyJhbGciOiJIUzI1NiIsInR5cCI6IkpXVCJ9.eyJzdWIiOiI2OTI5ZTJkZTkzNGQ4ZTA3OWU2ZjU1YjYiLCJ3b3JrRW1haWwiOiJlbmdlbXAxLndvcmtAZXhhbXBsZS5jb20iLCJyb2xlcyI6WyJkZXBhcnRtZW50IGVtcGxveWVlIl0sInBlcm1pc3Npb25zIjpbXSwicHJpbWFyeURlcGFydG1lbnRJZCI6IjY5Mjc1ZDhhZmMxMTg0YTNiM2U2YzU1ZiIsImVtcGxveWVlTnVtYmVyIjoiRU1QLTEwMjYiLCJpYXQiOjE3NjU5ODI5NTEsImV4cCI6MTc2NjA2OTM1MX0.TG-WoGaaedD9KrG4Rmm9cJiXaPUNTXcdNNWnHma4f1g
[2m[WebServer] [22m≡ƒöì JWT Extractor - accessToken: FOUND
[2m[WebServer] [22mJwtStrategy VALIDATE: {
[2m[WebServer] [22m  sub: [32m'6929e2de934d8e079e6f55b6'[39m,
[2m[WebServer] [22m  workEmail: [32m'engemp1.work@example.com'[39m,
[2m[WebServer] [22m  roles: [ [32m'department employee'[39m ],
[2m[WebServer] [22m  permissions: [],
[2m[WebServer] [22m  primaryDepartmentId: [32m'69275d8afc1184a3b3e6c55f'[39m,
[2m[WebServer] [22m  employeeNumber: [32m'EMP-1026'[39m,
[2m[WebServer] [22m  iat: [33m1765982951[39m,
[2m[WebServer] [22m  exp: [33m1766069351[39m
[2m[WebServer] [22m}
[2m[WebServer] [22m≡ƒöÑ JwtAuthGuard: handleRequest() {
[2m[WebServer] [22m  err: [1mnull[22m,
[2m[WebServer] [22m  user: {
[2m[WebServer] [22m    id: [32m'6929e2de934d8e079e6f55b6'[39m,
[2m[WebServer] [22m    workEmail: [32m'engemp1.work@example.com'[39m,
[2m[WebServer] [22m    roles: [ [32m'department employee'[39m ],
[2m[WebServer] [22m    permissions: [],
[2m[WebServer] [22m    primaryDepartmentId: [32m'69275d8afc1184a3b3e6c55f'[39m,
[2m[WebServer] [22m    employeeNumber: [32m'EMP-1026'[39m
[2m[WebServer] [22m  },
[2m[WebServer] [22m  info: [90mundefined[39m
[2m[WebServer] [22m}
[2m[WebServer] [22mΓ£à JwtAuthGuard SUCCESS ΓåÆ user authenticated: 6929e2de934d8e079e6f55b6
[2m[WebServer] [22m≡ƒöÑ RolesGuard running!
[2m[WebServer] [22m
[2m[WebServer] [22m===== ROLE GUARD =====
[2m[WebServer] [22mRequired roles: [
[2m[WebServer] [22m  [32m'department employee'[39m,
[2m[WebServer] [22m  [32m'HR Employee'[39m,
[2m[WebServer] [22m  [32m'department head'[39m,
[2m[WebServer] [22m  [32m'HR Manager'[39m,
[2m[WebServer] [22m  [32m'HR Admin'[39m,
[2m[WebServer] [22m  [32m'System Admin'[39m
[2m[WebServer] [22m]
[2m[WebServer] [22mUser object: {
[2m[WebServer] [22m  id: [32m'6929e2de934d8e079e6f55b6'[39m,
[2m[WebServer] [22m  workEmail: [32m'engemp1.work@example.com'[39m,
[2m[WebServer] [22m  roles: [ [32m'department employee'[39m ],
[2m[WebServer] [22m  permissions: [],
[2m[WebServer] [22m  primaryDepartmentId: [32m'69275d8afc1184a3b3e6c55f'[39m,
[2m[WebServer] [22m  employeeNumber: [32m'EMP-1026'[39m
[2m[WebServer] [22m}
[2m[WebServer] [22mNormalized user roles: [ [32m'department employee'[39m ]
[2m[WebServer] [22mNormalized required roles: [
[2m[WebServer] [22m  [32m'department employee'[39m,
[2m[WebServer] [22m  [32m'hr employee'[39m,
[2m[WebServer] [22m  [32m'department head'[39m,
[2m[WebServer] [22m  [32m'hr manager'[39m,
[2m[WebServer] [22m  [32m'hr admin'[39m,
[2m[WebServer] [22m  [32m'system admin'[39m
[2m[WebServer] [22m]
[2m[WebServer] [22mHas required role? [33mtrue[39m
[2m[WebServer] [22mΓ£ö ACCESS GRANTED Γ£ö
[2m[WebServer] [22m≡ƒöì [TrackingController] getMyBalances: {
[2m[WebServer] [22m  query: [Object: null prototype] {},
[2m[WebServer] [22m  userId: [32m'6929e2de934d8e079e6f55b6'[39m
[2m[WebServer] [22m}
[2m[WebServer] [22m≡ƒöÑ JwtAuthGuard: canActivate CALLED
[2m[WebServer] [22m≡ƒöì JWT Extractor - All cookies: {
[2m[WebServer] [22m  accessToken: [32m'eyJhbGciOiJIUzI1NiIsInR5cCI6IkpXVCJ9.eyJzdWIiOiI2OTI5ZTJkZTkzNGQ4ZTA3OWU2ZjU1YjYiLCJ3b3JrRW1haWwiOiJlbmdlbXAxLndvcmtAZXhhbXBsZS5jb20iLCJyb2xlcyI6WyJkZXBhcnRtZW50IGVtcGxveWVlIl0sInBlcm1pc3Npb25zIjpbXSwicHJpbWFyeURlcGFydG1lbnRJZCI6IjY5Mjc1ZDhhZmMxMTg0YTNiM2U2YzU1ZiIsImVtcGxveWVlTnVtYmVyIjoiRU1QLTEwMjYiLCJpYXQiOjE3NjU5ODI5NTEsImV4cCI6MTc2NjA2OTM1MX0.TG-WoGaaedD9KrG4Rmm9cJiXaPUNTXcdNNWnHma4f1g'[39m
[2m[WebServer] [22m}
[2m[WebServer] [22m≡ƒöì JWT Extractor - Headers: accessToken=eyJhbGciOiJIUzI1NiIsInR5cCI6IkpXVCJ9.eyJzdWIiOiI2OTI5ZTJkZTkzNGQ4ZTA3OWU2ZjU1YjYiLCJ3b3JrRW1haWwiOiJlbmdlbXAxLndvcmtAZXhhbXBsZS5jb20iLCJyb2xlcyI6WyJkZXBhcnRtZW50IGVtcGxveWVlIl0sInBlcm1pc3Npb25zIjpbXSwicHJpbWFyeURlcGFydG1lbnRJZCI6IjY5Mjc1ZDhhZmMxMTg0YTNiM2U2YzU1ZiIsImVtcGxveWVlTnVtYmVyIjoiRU1QLTEwMjYiLCJpYXQiOjE3NjU5ODI5NTEsImV4cCI6MTc2NjA2OTM1MX0.TG-WoGaaedD9KrG4Rmm9cJiXaPUNTXcdNNWnHma4f1g
[2m[WebServer] [22m≡ƒöì JWT Extractor - accessToken: FOUND
[2m[WebServer] [22mJwtStrategy VALIDATE: {
[2m[WebServer] [22m  sub: [32m'6929e2de934d8e079e6f55b6'[39m,
[2m[WebServer] [22m  workEmail: [32m'engemp1.work@example.com'[39m,
[2m[WebServer] [22m  roles: [ [32m'department employee'[39m ],
[2m[WebServer] [22m  permissions: [],
[2m[WebServer] [22m  primaryDepartmentId: [32m'69275d8afc1184a3b3e6c55f'[39m,
[2m[WebServer] [22m  employeeNumber: [32m'EMP-1026'[39m,
[2m[WebServer] [22m  iat: [33m1765982951[39m,
[2m[WebServer] [22m  exp: [33m1766069351[39m
[2m[WebServer] [22m}
[2m[WebServer] [22m≡ƒöÑ JwtAuthGuard: handleRequest() {
[2m[WebServer] [22m  err: [1mnull[22m,
[2m[WebServer] [22m  user: {
[2m[WebServer] [22m    id: [32m'6929e2de934d8e079e6f55b6'[39m,
[2m[WebServer] [22m    workEmail: [32m'engemp1.work@example.com'[39m,
[2m[WebServer] [22m    roles: [ [32m'department employee'[39m ],
[2m[WebServer] [22m    permissions: [],
[2m[WebServer] [22m    primaryDepartmentId: [32m'69275d8afc1184a3b3e6c55f'[39m,
[2m[WebServer] [22m    employeeNumber: [32m'EMP-1026'[39m
[2m[WebServer] [22m  },
[2m[WebServer] [22m  info: [90mundefined[39m
[2m[WebServer] [22m}
[2m[WebServer] [22mΓ£à JwtAuthGuard SUCCESS ΓåÆ user authenticated: 6929e2de934d8e079e6f55b6
[2m[WebServer] [22m≡ƒöÑ RolesGuard running!
[2m[WebServer] [22m
[2m[WebServer] [22m===== ROLE GUARD =====
[2m[WebServer] [22mRequired roles: [
[2m[WebServer] [22m  [32m'department employee'[39m,
[2m[WebServer] [22m  [32m'HR Employee'[39m,
[2m[WebServer] [22m  [32m'department head'[39m,
[2m[WebServer] [22m  [32m'HR Manager'[39m,
[2m[WebServer] [22m  [32m'HR Admin'[39m,
[2m[WebServer] [22m  [32m'System Admin'[39m
[2m[WebServer] [22m]
[2m[WebServer] [22mUser object: {
[2m[WebServer] [22m  id: [32m'6929e2de934d8e079e6f55b6'[39m,
[2m[WebServer] [22m  workEmail: [32m'engemp1.work@example.com'[39m,
[2m[WebServer] [22m  roles: [ [32m'department employee'[39m ],
[2m[WebServer] [22m  permissions: [],
[2m[WebServer] [22m  primaryDepartmentId: [32m'69275d8afc1184a3b3e6c55f'[39m,
[2m[WebServer] [22m  employeeNumber: [32m'EMP-1026'[39m
[2m[WebServer] [22m}
[2m[WebServer] [22mNormalized user roles: [ [32m'department employee'[39m ]
[2m[WebServer] [22mNormalized required roles: [
[2m[WebServer] [22m  [32m'department employee'[39m,
[2m[WebServer] [22m  [32m'hr employee'[39m,
[2m[WebServer] [22m  [32m'department head'[39m,
[2m[WebServer] [22m  [32m'hr manager'[39m,
[2m[WebServer] [22m  [32m'hr admin'[39m,
[2m[WebServer] [22m  [32m'system admin'[39m
[2m[WebServer] [22m]
[2m[WebServer] [22mHas required role? [33mtrue[39m
[2m[WebServer] [22mΓ£ö ACCESS GRANTED Γ£ö
[2m[WebServer] [22m≡ƒöì [TrackingController] getMyHistory: {
[2m[WebServer] [22m  filters: [Object: null prototype] {},
[2m[WebServer] [22m  userId: [32m'6929e2de934d8e079e6f55b6'[39m
[2m[WebServer] [22m}
Γ£à Login successful
≡ƒôÄ Testing: REQ-028 (Document upload)
[2m[WebServer] [22m GET /leaves/my-leaves [32m200[39m in 47ms[2m (compile: 3ms, render: 44ms)[22m
[2m[WebServer] [22m≡ƒöÑ JwtAuthGuard: canActivate CALLED
[2m[WebServer] [22m≡ƒöì JWT Extractor - All cookies: {
[2m[WebServer] [22m  accessToken: [32m'eyJhbGciOiJIUzI1NiIsInR5cCI6IkpXVCJ9.eyJzdWIiOiI2OTI5ZTJkZTkzNGQ4ZTA3OWU2ZjU1YjYiLCJ3b3JrRW1haWwiOiJlbmdlbXAxLndvcmtAZXhhbXBsZS5jb20iLCJyb2xlcyI6WyJkZXBhcnRtZW50IGVtcGxveWVlIl0sInBlcm1pc3Npb25zIjpbXSwicHJpbWFyeURlcGFydG1lbnRJZCI6IjY5Mjc1ZDhhZmMxMTg0YTNiM2U2YzU1ZiIsImVtcGxveWVlTnVtYmVyIjoiRU1QLTEwMjYiLCJpYXQiOjE3NjU5ODI5NTEsImV4cCI6MTc2NjA2OTM1MX0.TG-WoGaaedD9KrG4Rmm9cJiXaPUNTXcdNNWnHma4f1g'[39m
[2m[WebServer] [22m}
[2m[WebServer] [22m≡ƒöì JWT Extractor - Headers: accessToken=eyJhbGciOiJIUzI1NiIsInR5cCI6IkpXVCJ9.eyJzdWIiOiI2OTI5ZTJkZTkzNGQ4ZTA3OWU2ZjU1YjYiLCJ3b3JrRW1haWwiOiJlbmdlbXAxLndvcmtAZXhhbXBsZS5jb20iLCJyb2xlcyI6WyJkZXBhcnRtZW50IGVtcGxveWVlIl0sInBlcm1pc3Npb25zIjpbXSwicHJpbWFyeURlcGFydG1lbnRJZCI6IjY5Mjc1ZDhhZmMxMTg0YTNiM2U2YzU1ZiIsImVtcGxveWVlTnVtYmVyIjoiRU1QLTEwMjYiLCJpYXQiOjE3NjU5ODI5NTEsImV4cCI6MTc2NjA2OTM1MX0.TG-WoGaaedD9KrG4Rmm9cJiXaPUNTXcdNNWnHma4f1g
[2m[WebServer] [22m≡ƒöì JWT Extractor - accessToken: FOUND
[2m[WebServer] [22mJwtStrategy VALIDATE: {
[2m[WebServer] [22m  sub: [32m'6929e2de934d8e079e6f55b6'[39m,
[2m[WebServer] [22m  workEmail: [32m'engemp1.work@example.com'[39m,
[2m[WebServer] [22m  roles: [ [32m'department employee'[39m ],
[2m[WebServer] [22m  permissions: [],
[2m[WebServer] [22m  primaryDepartmentId: [32m'69275d8afc1184a3b3e6c55f'[39m,
[2m[WebServer] [22m  employeeNumber: [32m'EMP-1026'[39m,
[2m[WebServer] [22m  iat: [33m1765982951[39m,
[2m[WebServer] [22m  exp: [33m1766069351[39m
[2m[WebServer] [22m}
[2m[WebServer] [22m≡ƒöÑ JwtAuthGuard: handleRequest() {
[2m[WebServer] [22m  err: [1mnull[22m,
[2m[WebServer] [22m  user: {
[2m[WebServer] [22m    id: [32m'6929e2de934d8e079e6f55b6'[39m,
[2m[WebServer] [22m    workEmail: [32m'engemp1.work@example.com'[39m,
[2m[WebServer] [22m    roles: [ [32m'department employee'[39m ],
[2m[WebServer] [22m    permissions: [],
[2m[WebServer] [22m    primaryDepartmentId: [32m'69275d8afc1184a3b3e6c55f'[39m,
[2m[WebServer] [22m    employeeNumber: [32m'EMP-1026'[39m
[2m[WebServer] [22m  },
[2m[WebServer] [22m  info: [90mundefined[39m
[2m[WebServer] [22m}
[2m[WebServer] [22mΓ£à JwtAuthGuard SUCCESS ΓåÆ user authenticated: 6929e2de934d8e079e6f55b6
[2m[WebServer] [22m≡ƒöì [LeaveTypeController] findAll
[2m[WebServer] [22m≡ƒöÑ JwtAuthGuard: canActivate CALLED
[2m[WebServer] [22m≡ƒöì JWT Extractor - All cookies: {
[2m[WebServer] [22m  accessToken: [32m'eyJhbGciOiJIUzI1NiIsInR5cCI6IkpXVCJ9.eyJzdWIiOiI2OTI5ZTJkZTkzNGQ4ZTA3OWU2ZjU1YjYiLCJ3b3JrRW1haWwiOiJlbmdlbXAxLndvcmtAZXhhbXBsZS5jb20iLCJyb2xlcyI6WyJkZXBhcnRtZW50IGVtcGxveWVlIl0sInBlcm1pc3Npb25zIjpbXSwicHJpbWFyeURlcGFydG1lbnRJZCI6IjY5Mjc1ZDhhZmMxMTg0YTNiM2U2YzU1ZiIsImVtcGxveWVlTnVtYmVyIjoiRU1QLTEwMjYiLCJpYXQiOjE3NjU5ODI5NTEsImV4cCI6MTc2NjA2OTM1MX0.TG-WoGaaedD9KrG4Rmm9cJiXaPUNTXcdNNWnHma4f1g'[39m
[2m[WebServer] [22m}
[2m[WebServer] [22m≡ƒöì JWT Extractor - Headers: accessToken=eyJhbGciOiJIUzI1NiIsInR5cCI6IkpXVCJ9.eyJzdWIiOiI2OTI5ZTJkZTkzNGQ4ZTA3OWU2ZjU1YjYiLCJ3b3JrRW1haWwiOiJlbmdlbXAxLndvcmtAZXhhbXBsZS5jb20iLCJyb2xlcyI6WyJkZXBhcnRtZW50IGVtcGxveWVlIl0sInBlcm1pc3Npb25zIjpbXSwicHJpbWFyeURlcGFydG1lbnRJZCI6IjY5Mjc1ZDhhZmMxMTg0YTNiM2U2YzU1ZiIsImVtcGxveWVlTnVtYmVyIjoiRU1QLTEwMjYiLCJpYXQiOjE3NjU5ODI5NTEsImV4cCI6MTc2NjA2OTM1MX0.TG-WoGaaedD9KrG4Rmm9cJiXaPUNTXcdNNWnHma4f1g
[2m[WebServer] [22m≡ƒöì JWT Extractor - accessToken: FOUND
[2m[WebServer] [22mJwtStrategy VALIDATE: {
[2m[WebServer] [22m  sub: [32m'6929e2de934d8e079e6f55b6'[39m,
[2m[WebServer] [22m  workEmail: [32m'engemp1.work@example.com'[39m,
[2m[WebServer] [22m  roles: [ [32m'department employee'[39m ],
[2m[WebServer] [22m  permissions: [],
[2m[WebServer] [22m  primaryDepartmentId: [32m'69275d8afc1184a3b3e6c55f'[39m,
[2m[WebServer] [22m  employeeNumber: [32m'EMP-1026'[39m,
[2m[WebServer] [22m  iat: [33m1765982951[39m,
[2m[WebServer] [22m  exp: [33m1766069351[39m
[2m[WebServer] [22m}
[2m[WebServer] [22m≡ƒöÑ JwtAuthGuard: handleRequest() {
[2m[WebServer] [22m  err: [1mnull[22m,
[2m[WebServer] [22m  user: {
[2m[WebServer] [22m    id: [32m'6929e2de934d8e079e6f55b6'[39m,
[2m[WebServer] [22m    workEmail: [32m'engemp1.work@example.com'[39m,
[2m[WebServer] [22m    roles: [ [32m'department employee'[39m ],
[2m[WebServer] [22m    permissions: [],
[2m[WebServer] [22m    primaryDepartmentId: [32m'69275d8afc1184a3b3e6c55f'[39m,
[2m[WebServer] [22m    employeeNumber: [32m'EMP-1026'[39m
[2m[WebServer] [22m  },
[2m[WebServer] [22m  info: [90mundefined[39m
[2m[WebServer] [22m}
[2m[WebServer] [22mΓ£à JwtAuthGuard SUCCESS ΓåÆ user authenticated: 6929e2de934d8e079e6f55b6
[2m[WebServer] [22m≡ƒöÑ RolesGuard running!
[2m[WebServer] [22m
[2m[WebServer] [22m===== ROLE GUARD =====
[2m[WebServer] [22mRequired roles: [
[2m[WebServer] [22m  [32m'department employee'[39m,
[2m[WebServer] [22m  [32m'HR Employee'[39m,
[2m[WebServer] [22m  [32m'department head'[39m,
[2m[WebServer] [22m  [32m'HR Manager'[39m,
[2m[WebServer] [22m  [32m'HR Admin'[39m,
[2m[WebServer] [22m  [32m'System Admin'[39m
[2m[WebServer] [22m]
[2m[WebServer] [22mUser object: {
[2m[WebServer] [22m  id: [32m'6929e2de934d8e079e6f55b6'[39m,
[2m[WebServer] [22m  workEmail: [32m'engemp1.work@example.com'[39m,
[2m[WebServer] [22m  roles: [ [32m'department employee'[39m ],
[2m[WebServer] [22m  permissions: [],
[2m[WebServer] [22m  primaryDepartmentId: [32m'69275d8afc1184a3b3e6c55f'[39m,
[2m[WebServer] [22m  employeeNumber: [32m'EMP-1026'[39m
[2m[WebServer] [22m}
[2m[WebServer] [22mNormalized user roles: [ [32m'department employee'[39m ]
[2m[WebServer] [22mNormalized required roles: [
[2m[WebServer] [22m  [32m'department employee'[39m,
[2m[WebServer] [22m  [32m'hr employee'[39m,
[2m[WebServer] [22m  [32m'department head'[39m,
[2m[WebServer] [22m  [32m'hr manager'[39m,
[2m[WebServer] [22m  [32m'hr admin'[39m,
[2m[WebServer] [22m  [32m'system admin'[39m
[2m[WebServer] [22m]
[2m[WebServer] [22mHas required role? [33mtrue[39m
[2m[WebServer] [22mΓ£ö ACCESS GRANTED Γ£ö
[2m[WebServer] [22m≡ƒöì [TrackingController] getMyBalances: {
[2m[WebServer] [22m  query: [Object: null prototype] {},
[2m[WebServer] [22m  userId: [32m'6929e2de934d8e079e6f55b6'[39m
[2m[WebServer] [22m}
[2m[WebServer] [22m≡ƒöÑ JwtAuthGuard: canActivate CALLED
[2m[WebServer] [22m≡ƒöì JWT Extractor - All cookies: {
[2m[WebServer] [22m  accessToken: [32m'eyJhbGciOiJIUzI1NiIsInR5cCI6IkpXVCJ9.eyJzdWIiOiI2OTI5ZTJkZTkzNGQ4ZTA3OWU2ZjU1YjYiLCJ3b3JrRW1haWwiOiJlbmdlbXAxLndvcmtAZXhhbXBsZS5jb20iLCJyb2xlcyI6WyJkZXBhcnRtZW50IGVtcGxveWVlIl0sInBlcm1pc3Npb25zIjpbXSwicHJpbWFyeURlcGFydG1lbnRJZCI6IjY5Mjc1ZDhhZmMxMTg0YTNiM2U2YzU1ZiIsImVtcGxveWVlTnVtYmVyIjoiRU1QLTEwMjYiLCJpYXQiOjE3NjU5ODI5NTEsImV4cCI6MTc2NjA2OTM1MX0.TG-WoGaaedD9KrG4Rmm9cJiXaPUNTXcdNNWnHma4f1g'[39m
[2m[WebServer] [22m}
[2m[WebServer] [22m≡ƒöì JWT Extractor - Headers: accessToken=eyJhbGciOiJIUzI1NiIsInR5cCI6IkpXVCJ9.eyJzdWIiOiI2OTI5ZTJkZTkzNGQ4ZTA3OWU2ZjU1YjYiLCJ3b3JrRW1haWwiOiJlbmdlbXAxLndvcmtAZXhhbXBsZS5jb20iLCJyb2xlcyI6WyJkZXBhcnRtZW50IGVtcGxveWVlIl0sInBlcm1pc3Npb25zIjpbXSwicHJpbWFyeURlcGFydG1lbnRJZCI6IjY5Mjc1ZDhhZmMxMTg0YTNiM2U2YzU1ZiIsImVtcGxveWVlTnVtYmVyIjoiRU1QLTEwMjYiLCJpYXQiOjE3NjU5ODI5NTEsImV4cCI6MTc2NjA2OTM1MX0.TG-WoGaaedD9KrG4Rmm9cJiXaPUNTXcdNNWnHma4f1g
[2m[WebServer] [22m≡ƒöì JWT Extractor - accessToken: FOUND
[2m[WebServer] [22mJwtStrategy VALIDATE: {
[2m[WebServer] [22m  sub: [32m'6929e2de934d8e079e6f55b6'[39m,
[2m[WebServer] [22m  workEmail: [32m'engemp1.work@example.com'[39m,
[2m[WebServer] [22m  roles: [ [32m'department employee'[39m ],
[2m[WebServer] [22m  permissions: [],
[2m[WebServer] [22m  primaryDepartmentId: [32m'69275d8afc1184a3b3e6c55f'[39m,
[2m[WebServer] [22m  employeeNumber: [32m'EMP-1026'[39m,
[2m[WebServer] [22m  iat: [33m1765982951[39m,
[2m[WebServer] [22m  exp: [33m1766069351[39m
[2m[WebServer] [22m}
[2m[WebServer] [22m≡ƒöÑ JwtAuthGuard: handleRequest() {
[2m[WebServer] [22m  err: [1mnull[22m,
[2m[WebServer] [22m  user: {
[2m[WebServer] [22m    id: [32m'6929e2de934d8e079e6f55b6'[39m,
[2m[WebServer] [22m    workEmail: [32m'engemp1.work@example.com'[39m,
[2m[WebServer] [22m    roles: [ [32m'department employee'[39m ],
[2m[WebServer] [22m    permissions: [],
[2m[WebServer] [22m    primaryDepartmentId: [32m'69275d8afc1184a3b3e6c55f'[39m,
[2m[WebServer] [22m    employeeNumber: [32m'EMP-1026'[39m
[2m[WebServer] [22m  },
[2m[WebServer] [22m  info: [90mundefined[39m
[2m[WebServer] [22m}
[2m[WebServer] [22mΓ£à JwtAuthGuard SUCCESS ΓåÆ user authenticated: 6929e2de934d8e079e6f55b6
[2m[WebServer] [22m≡ƒöÑ RolesGuard running!
[2m[WebServer] [22m
[2m[WebServer] [22m===== ROLE GUARD =====
[2m[WebServer] [22mRequired roles: [
[2m[WebServer] [22m  [32m'department employee'[39m,
[2m[WebServer] [22m  [32m'HR Employee'[39m,
[2m[WebServer] [22m  [32m'department head'[39m,
[2m[WebServer] [22m  [32m'HR Manager'[39m,
[2m[WebServer] [22m  [32m'HR Admin'[39m,
[2m[WebServer] [22m  [32m'System Admin'[39m
[2m[WebServer] [22m]
[2m[WebServer] [22mUser object: {
[2m[WebServer] [22m  id: [32m'6929e2de934d8e079e6f55b6'[39m,
[2m[WebServer] [22m  workEmail: [32m'engemp1.work@example.com'[39m,
[2m[WebServer] [22m  roles: [ [32m'department employee'[39m ],
[2m[WebServer] [22m  permissions: [],
[2m[WebServer] [22m  primaryDepartmentId: [32m'69275d8afc1184a3b3e6c55f'[39m,
[2m[WebServer] [22m  employeeNumber: [32m'EMP-1026'[39m
[2m[WebServer] [22m}
[2m[WebServer] [22mNormalized user roles: [ [32m'department employee'[39m ]
[2m[WebServer] [22mNormalized required roles: [
[2m[WebServer] [22m  [32m'department employee'[39m,
[2m[WebServer] [22m  [32m'hr employee'[39m,
[2m[WebServer] [22m  [32m'department head'[39m,
[2m[WebServer] [22m  [32m'hr manager'[39m,
[2m[WebServer] [22m  [32m'hr admin'[39m,
[2m[WebServer] [22m  [32m'system admin'[39m
[2m[WebServer] [22m]
[2m[WebServer] [22mHas required role? [33mtrue[39m
[2m[WebServer] [22mΓ£ö ACCESS GRANTED Γ£ö
[2m[WebServer] [22m≡ƒöì [RequestsController] getMyRequests: { userId: [90mundefined[39m }
Γ£à Document upload accessible - REQ-028 validated
  Γ£ô  13 [chromium] ΓÇ║ leave-tests.spec.ts:271:7 ΓÇ║ ≡ƒÖï EMPLOYEE 1 (EMP-1026 - Engineering) - All Scenarios ΓÇ║ Γ£à E1: Upload supporting documents (REQ-028) (9.1s)
≡ƒöÉ Logging in as: engemp1.work@example.com
[2m[WebServer] [22m GET /login [32m200[39m in 33ms[2m (compile: 3ms, render: 31ms)[22m
[2m[WebServer] [22m≡ƒöÑ JwtAuthGuard: canActivate CALLED
[2m[WebServer] [22m≡ƒöì JWT Extractor - All cookies: [Object: null prototype] {}
[2m[WebServer] [22m≡ƒöì JWT Extractor - Headers: [90mundefined[39m
[2m[WebServer] [22m≡ƒöì JWT Extractor - accessToken: NOT FOUND
[2m[WebServer] [22m≡ƒöÑ JwtAuthGuard: handleRequest() {
[2m[WebServer] [22m  err: [1mnull[22m,
[2m[WebServer] [22m  user: [33mfalse[39m,
[2m[WebServer] [22m  info: Error: No auth token
[2m[WebServer] [22m      at JwtStrategy.authenticate [90m(C:\Users\Bedon\Desktop\semester-5-software-project\backend\[39mnode_modules\[4mpassport-jwt[24m\lib\strategy.js:96:26[90m)[39m
[2m[WebServer] [22m      at attempt [90m(C:\Users\Bedon\Desktop\semester-5-software-project\backend\[39mnode_modules\[4mpassport[24m\lib\middleware\authenticate.js:378:16[90m)[39m
[2m[WebServer] [22m      at authenticate [90m(C:\Users\Bedon\Desktop\semester-5-software-project\backend\[39mnode_modules\[4mpassport[24m\lib\middleware\authenticate.js:379:7[90m)[39m
[2m[WebServer] [22m      at [90mC:\Users\Bedon\Desktop\semester-5-software-project\backend\[39mnode_modules\[4m@nestjs[24m\passport\dist\auth.guard.js:88:3
[2m[WebServer] [22m      at new Promise (<anonymous>)
[2m[WebServer] [22m      at [90mC:\Users\Bedon\Desktop\semester-5-software-project\backend\[39mnode_modules\[4m@nestjs[24m\passport\dist\auth.guard.js:80:83
[2m[WebServer] [22m      at JwtAuthGuard.canActivate [90m(C:\Users\Bedon\Desktop\semester-5-software-project\backend\[39mnode_modules\[4m@nestjs[24m\passport\dist\auth.guard.js:44:32[90m)[39m
[2m[WebServer] [22m  [90m    at process.processTicksAndRejections (node:internal/process/task_queues:105:5)[39m
[2m[WebServer] [22m}
[2m[WebServer] [22mΓ¥î JwtAuthGuard INFO: Error: No auth token
[2m[WebServer] [22m    at JwtStrategy.authenticate 
[90m(C:\Users\Bedon\Desktop\semester-5-software-project\backend\[39mnode_modules\[4mpassport-jwt[24m\lib\strategy.js:96:26[90m)[39m
[2m[WebServer] [22m    at attempt [90m(C:\Users\Bedon\Desktop\semester-5-software-project\backend\[39mnode_modules\[4mpassport[24m\lib\mi
ddleware\authenticate.js:378:16[90m)[39m
[2m[WebServer] [22m    at authenticate [90m(C:\Users\Bedon\Desktop\semester-5-software-project\backend\[39mnode_modules\[4mpassport[24m\l
ib\middleware\authenticate.js:379:7[90m)[39m
[2m[WebServer] [22m    at 
[90mC:\Users\Bedon\Desktop\semester-5-software-project\backend\[39mnode_modules\[4m@nestjs[24m\passport\dist\auth.guard.js:88:3
[2m[WebServer] [22m    at new Promise (<anonymous>)
[2m[WebServer] [22m    at 
[90mC:\Users\Bedon\Desktop\semester-5-software-project\backend\[39mnode_modules\[4m@nestjs[24m\passport\dist\auth.guard.js:80:83
[2m[WebServer] [22m    at JwtAuthGuard.canActivate [90m(C:\Users\Bedon\Desktop\semester-5-software-project\backend\[39mnode_modules\[4m@ne
stjs[24m\passport\dist\auth.guard.js:44:32[90m)[39m
[2m[WebServer] [22m[90m    at process.processTicksAndRejections (node:internal/process/task_queues:105:5)[39m
[2m[WebServer] [22mΓ¥î JwtAuthGuard FAILING ΓåÆ No auth token
[2m[WebServer] [22mVALIDATE EMPLOYEE - systemRole = {
[2m[WebServer] [22m  _id: new ObjectId([32m'6929e2de934d8e079e6f55b8'[39m),
[2m[WebServer] [22m  employeeProfileId: new ObjectId([32m'6929e2de934d8e079e6f55b6'[39m),
[2m[WebServer] [22m  roles: [ [32m'department employee'[39m ],
[2m[WebServer] [22m  permissions: [],
[2m[WebServer] [22m  isActive: [33mtrue[39m,
[2m[WebServer] [22m  createdAt: [35m2025-11-28T17:58:54.894Z[39m,
[2m[WebServer] [22m  updatedAt: [35m2025-11-28T17:58:54.894Z[39m,
[2m[WebServer] [22m  __v: [33m0[39m
[2m[WebServer] [22m}
[2m[WebServer] [22mGenerated token: eyJhbGciOiJIUzI1NiIsInR5cCI6IkpXVCJ9.eyJzdWIiOiI2OTI5ZTJkZTkzNGQ4ZTA3OWU2ZjU1YjYiLCJ3b3JrRW1haWwiOiJlbmdlbXAxLndvcmtAZXhhbXBsZS5jb20iLCJyb2xlcyI6WyJkZXBhcnRtZW50IGVtcGxveWVlIl0sInBlcm1pc3Npb25zIjpbXSwicHJpbWFyeURlcGFydG1lbnRJZCI6IjY5Mjc1ZDhhZmMxMTg0YTNiM2U2YzU1ZiIsImVtcGxveWVlTnVtYmVyIjoiRU1QLTEwMjYiLCJpYXQiOjE3NjU5ODI5NjAsImV4cCI6MTc2NjA2OTM2MH0.rQDU6Ju9nNI7S_EKJVbgdyDd3iERQpEgZjhmPPJVd2A
[2m[WebServer] [22m GET /leaves [32m200[39m in 17ms[2m (compile: 3ms, render: 13ms)[22m
[2m[WebServer] [22m≡ƒöÑ JwtAuthGuard: canActivate CALLED
[2m[WebServer] [22m≡ƒöì JWT Extractor - All cookies: {
[2m[WebServer] [22m  accessToken: [32m'eyJhbGciOiJIUzI1NiIsInR5cCI6IkpXVCJ9.eyJzdWIiOiI2OTI5ZTJkZTkzNGQ4ZTA3OWU2ZjU1YjYiLCJ3b3JrRW1haWwiOiJlbmdlbXAxLndvcmtAZXhhbXBsZS5jb20iLCJyb2xlcyI6WyJkZXBhcnRtZW50IGVtcGxveWVlIl0sInBlcm1pc3Npb25zIjpbXSwicHJpbWFyeURlcGFydG1lbnRJZCI6IjY5Mjc1ZDhhZmMxMTg0YTNiM2U2YzU1ZiIsImVtcGxveWVlTnVtYmVyIjoiRU1QLTEwMjYiLCJpYXQiOjE3NjU5ODI5NjAsImV4cCI6MTc2NjA2OTM2MH0.rQDU6Ju9nNI7S_EKJVbgdyDd3iERQpEgZjhmPPJVd2A'[39m
[2m[WebServer] [22m}
[2m[WebServer] [22m≡ƒöì JWT Extractor - Headers: accessToken=eyJhbGciOiJIUzI1NiIsInR5cCI6IkpXVCJ9.eyJzdWIiOiI2OTI5ZTJkZTkzNGQ4ZTA3OWU2ZjU1YjYiLCJ3b3JrRW1haWwiOiJlbmdlbXAxLndvcmtAZXhhbXBsZS5jb20iLCJyb2xlcyI6WyJkZXBhcnRtZW50IGVtcGxveWVlIl0sInBlcm1pc3Npb25zIjpbXSwicHJpbWFyeURlcGFydG1lbnRJZCI6IjY5Mjc1ZDhhZmMxMTg0YTNiM2U2YzU1ZiIsImVtcGxveWVlTnVtYmVyIjoiRU1QLTEwMjYiLCJpYXQiOjE3NjU5ODI5NjAsImV4cCI6MTc2NjA2OTM2MH0.rQDU6Ju9nNI7S_EKJVbgdyDd3iERQpEgZjhmPPJVd2A
[2m[WebServer] [22m≡ƒöì JWT Extractor - accessToken: FOUND
[2m[WebServer] [22mJwtStrategy VALIDATE: {
[2m[WebServer] [22m  sub: [32m'6929e2de934d8e079e6f55b6'[39m,
[2m[WebServer] [22m  workEmail: [32m'engemp1.work@example.com'[39m,
[2m[WebServer] [22m  roles: [ [32m'department employee'[39m ],
[2m[WebServer] [22m  permissions: [],
[2m[WebServer] [22m  primaryDepartmentId: [32m'69275d8afc1184a3b3e6c55f'[39m,
[2m[WebServer] [22m  employeeNumber: [32m'EMP-1026'[39m,
[2m[WebServer] [22m  iat: [33m1765982960[39m,
[2m[WebServer] [22m  exp: [33m1766069360[39m
[2m[WebServer] [22m}
[2m[WebServer] [22m≡ƒöÑ JwtAuthGuard: handleRequest() {
[2m[WebServer] [22m  err: [1mnull[22m,
[2m[WebServer] [22m  user: {
[2m[WebServer] [22m    id: [32m'6929e2de934d8e079e6f55b6'[39m,
[2m[WebServer] [22m    workEmail: [32m'engemp1.work@example.com'[39m,
[2m[WebServer] [22m    roles: [ [32m'department employee'[39m ],
[2m[WebServer] [22m    permissions: [],
[2m[WebServer] [22m    primaryDepartmentId: [32m'69275d8afc1184a3b3e6c55f'[39m,
[2m[WebServer] [22m    employeeNumber: [32m'EMP-1026'[39m
[2m[WebServer] [22m  },
[2m[WebServer] [22m  info: [90mundefined[39m
[2m[WebServer] [22m}
[2m[WebServer] [22mΓ£à JwtAuthGuard SUCCESS ΓåÆ user authenticated: 6929e2de934d8e079e6f55b6
[2m[WebServer] [22m≡ƒöÑ RolesGuard running!
[2m[WebServer] [22m
[2m[WebServer] [22m===== ROLE GUARD =====
[2m[WebServer] [22mRequired roles: [
[2m[WebServer] [22m  [32m'department employee'[39m,
[2m[WebServer] [22m  [32m'HR Employee'[39m,
[2m[WebServer] [22m  [32m'department head'[39m,
[2m[WebServer] [22m  [32m'HR Manager'[39m,
[2m[WebServer] [22m  [32m'HR Admin'[39m,
[2m[WebServer] [22m  [32m'System Admin'[39m
[2m[WebServer] [22m]
[2m[WebServer] [22mUser object: {
[2m[WebServer] [22m  id: [32m'6929e2de934d8e079e6f55b6'[39m,
[2m[WebServer] [22m  workEmail: [32m'engemp1.work@example.com'[39m,
[2m[WebServer] [22m  roles: [ [32m'department employee'[39m ],
[2m[WebServer] [22m  permissions: [],
[2m[WebServer] [22m  primaryDepartmentId: [32m'69275d8afc1184a3b3e6c55f'[39m,
[2m[WebServer] [22m  employeeNumber: [32m'EMP-1026'[39m
[2m[WebServer] [22m}
[2m[WebServer] [22mNormalized user roles: [ [32m'department employee'[39m ]
[2m[WebServer] [22mNormalized required roles: [
[2m[WebServer] [22m  [32m'department employee'[39m,
[2m[WebServer] [22m  [32m'hr employee'[39m,
[2m[WebServer] [22m  [32m'department head'[39m,
[2m[WebServer] [22m  [32m'hr manager'[39m,
[2m[WebServer] [22m  [32m'hr admin'[39m,
[2m[WebServer] [22m  [32m'system admin'[39m
[2m[WebServer] [22m]
[2m[WebServer] [22mHas required role? [33mtrue[39m
[2m[WebServer] [22mΓ£ö ACCESS GRANTED Γ£ö
[2m[WebServer] [22m≡ƒöì [TrackingController] getMyBalances: {
[2m[WebServer] [22m  query: [Object: null prototype] {},
[2m[WebServer] [22m  userId: [32m'6929e2de934d8e079e6f55b6'[39m
[2m[WebServer] [22m}
[2m[WebServer] [22m≡ƒöÑ JwtAuthGuard: canActivate CALLED
[2m[WebServer] [22m≡ƒöì JWT Extractor - All cookies: {
[2m[WebServer] [22m  accessToken: [32m'eyJhbGciOiJIUzI1NiIsInR5cCI6IkpXVCJ9.eyJzdWIiOiI2OTI5ZTJkZTkzNGQ4ZTA3OWU2ZjU1YjYiLCJ3b3JrRW1haWwiOiJlbmdlbXAxLndvcmtAZXhhbXBsZS5jb20iLCJyb2xlcyI6WyJkZXBhcnRtZW50IGVtcGxveWVlIl0sInBlcm1pc3Npb25zIjpbXSwicHJpbWFyeURlcGFydG1lbnRJZCI6IjY5Mjc1ZDhhZmMxMTg0YTNiM2U2YzU1ZiIsImVtcGxveWVlTnVtYmVyIjoiRU1QLTEwMjYiLCJpYXQiOjE3NjU5ODI5NjAsImV4cCI6MTc2NjA2OTM2MH0.rQDU6Ju9nNI7S_EKJVbgdyDd3iERQpEgZjhmPPJVd2A'[39m
[2m[WebServer] [22m}
[2m[WebServer] [22m≡ƒöì JWT Extractor - Headers: accessToken=eyJhbGciOiJIUzI1NiIsInR5cCI6IkpXVCJ9.eyJzdWIiOiI2OTI5ZTJkZTkzNGQ4ZTA3OWU2ZjU1YjYiLCJ3b3JrRW1haWwiOiJlbmdlbXAxLndvcmtAZXhhbXBsZS5jb20iLCJyb2xlcyI6WyJkZXBhcnRtZW50IGVtcGxveWVlIl0sInBlcm1pc3Npb25zIjpbXSwicHJpbWFyeURlcGFydG1lbnRJZCI6IjY5Mjc1ZDhhZmMxMTg0YTNiM2U2YzU1ZiIsImVtcGxveWVlTnVtYmVyIjoiRU1QLTEwMjYiLCJpYXQiOjE3NjU5ODI5NjAsImV4cCI6MTc2NjA2OTM2MH0.rQDU6Ju9nNI7S_EKJVbgdyDd3iERQpEgZjhmPPJVd2A
[2m[WebServer] [22m≡ƒöì JWT Extractor - accessToken: FOUND
[2m[WebServer] [22mJwtStrategy VALIDATE: {
[2m[WebServer] [22m  sub: [32m'6929e2de934d8e079e6f55b6'[39m,
[2m[WebServer] [22m  workEmail: [32m'engemp1.work@example.com'[39m,
[2m[WebServer] [22m  roles: [ [32m'department employee'[39m ],
[2m[WebServer] [22m  permissions: [],
[2m[WebServer] [22m  primaryDepartmentId: [32m'69275d8afc1184a3b3e6c55f'[39m,
[2m[WebServer] [22m  employeeNumber: [32m'EMP-1026'[39m,
[2m[WebServer] [22m  iat: [33m1765982960[39m,
[2m[WebServer] [22m  exp: [33m1766069360[39m
[2m[WebServer] [22m}
[2m[WebServer] [22m≡ƒöÑ JwtAuthGuard: handleRequest() {
[2m[WebServer] [22m  err: [1mnull[22m,
[2m[WebServer] [22m  user: {
[2m[WebServer] [22m    id: [32m'6929e2de934d8e079e6f55b6'[39m,
[2m[WebServer] [22m    workEmail: [32m'engemp1.work@example.com'[39m,
[2m[WebServer] [22m    roles: [ [32m'department employee'[39m ],
[2m[WebServer] [22m    permissions: [],
[2m[WebServer] [22m    primaryDepartmentId: [32m'69275d8afc1184a3b3e6c55f'[39m,
[2m[WebServer] [22m    employeeNumber: [32m'EMP-1026'[39m
[2m[WebServer] [22m  },
[2m[WebServer] [22m  info: [90mundefined[39m
[2m[WebServer] [22m}
[2m[WebServer] [22mΓ£à JwtAuthGuard SUCCESS ΓåÆ user authenticated: 6929e2de934d8e079e6f55b6
[2m[WebServer] [22m≡ƒöÑ RolesGuard running!
[2m[WebServer] [22m
[2m[WebServer] [22m===== ROLE GUARD =====
[2m[WebServer] [22mRequired roles: [
[2m[WebServer] [22m  [32m'department employee'[39m,
[2m[WebServer] [22m  [32m'HR Employee'[39m,
[2m[WebServer] [22m  [32m'department head'[39m,
[2m[WebServer] [22m  [32m'HR Manager'[39m,
[2m[WebServer] [22m  [32m'HR Admin'[39m,
[2m[WebServer] [22m  [32m'System Admin'[39m
[2m[WebServer] [22m]
[2m[WebServer] [22mUser object: {
[2m[WebServer] [22m  id: [32m'6929e2de934d8e079e6f55b6'[39m,
[2m[WebServer] [22m  workEmail: [32m'engemp1.work@example.com'[39m,
[2m[WebServer] [22m  roles: [ [32m'department employee'[39m ],
[2m[WebServer] [22m  permissions: [],
[2m[WebServer] [22m  primaryDepartmentId: [32m'69275d8afc1184a3b3e6c55f'[39m,
[2m[WebServer] [22m  employeeNumber: [32m'EMP-1026'[39m
[2m[WebServer] [22m}
[2m[WebServer] [22mNormalized user roles: [ [32m'department employee'[39m ]
[2m[WebServer] [22mNormalized required roles: [
[2m[WebServer] [22m  [32m'department employee'[39m,
[2m[WebServer] [22m  [32m'hr employee'[39m,
[2m[WebServer] [22m  [32m'department head'[39m,
[2m[WebServer] [22m  [32m'hr manager'[39m,
[2m[WebServer] [22m  [32m'hr admin'[39m,
[2m[WebServer] [22m  [32m'system admin'[39m
[2m[WebServer] [22m]
[2m[WebServer] [22mHas required role? [33mtrue[39m
[2m[WebServer] [22mΓ£ö ACCESS GRANTED Γ£ö
[2m[WebServer] [22m≡ƒöì [TrackingController] getMyHistory: {
[2m[WebServer] [22m  filters: [Object: null prototype] {},
[2m[WebServer] [22m  userId: [32m'6929e2de934d8e079e6f55b6'[39m
[2m[WebServer] [22m}
Γ£à Login successful
≡ƒöö Testing: REQ-029 (Notifications)
[2m[WebServer] [22m GET /leaves/my-leaves [32m200[39m in 48ms[2m (compile: 2ms, render: 46ms)[22m
[2m[WebServer] [22m≡ƒöÑ JwtAuthGuard: canActivate CALLED
[2m[WebServer] [22m≡ƒöì JWT Extractor - All cookies: {
[2m[WebServer] [22m  accessToken: [32m'eyJhbGciOiJIUzI1NiIsInR5cCI6IkpXVCJ9.eyJzdWIiOiI2OTI5ZTJkZTkzNGQ4ZTA3OWU2ZjU1YjYiLCJ3b3JrRW1haWwiOiJlbmdlbXAxLndvcmtAZXhhbXBsZS5jb20iLCJyb2xlcyI6WyJkZXBhcnRtZW50IGVtcGxveWVlIl0sInBlcm1pc3Npb25zIjpbXSwicHJpbWFyeURlcGFydG1lbnRJZCI6IjY5Mjc1ZDhhZmMxMTg0YTNiM2U2YzU1ZiIsImVtcGxveWVlTnVtYmVyIjoiRU1QLTEwMjYiLCJpYXQiOjE3NjU5ODI5NjAsImV4cCI6MTc2NjA2OTM2MH0.rQDU6Ju9nNI7S_EKJVbgdyDd3iERQpEgZjhmPPJVd2A'[39m
[2m[WebServer] [22m}
[2m[WebServer] [22m≡ƒöì JWT Extractor - Headers: accessToken=eyJhbGciOiJIUzI1NiIsInR5cCI6IkpXVCJ9.eyJzdWIiOiI2OTI5ZTJkZTkzNGQ4ZTA3OWU2ZjU1YjYiLCJ3b3JrRW1haWwiOiJlbmdlbXAxLndvcmtAZXhhbXBsZS5jb20iLCJyb2xlcyI6WyJkZXBhcnRtZW50IGVtcGxveWVlIl0sInBlcm1pc3Npb25zIjpbXSwicHJpbWFyeURlcGFydG1lbnRJZCI6IjY5Mjc1ZDhhZmMxMTg0YTNiM2U2YzU1ZiIsImVtcGxveWVlTnVtYmVyIjoiRU1QLTEwMjYiLCJpYXQiOjE3NjU5ODI5NjAsImV4cCI6MTc2NjA2OTM2MH0.rQDU6Ju9nNI7S_EKJVbgdyDd3iERQpEgZjhmPPJVd2A
[2m[WebServer] [22m≡ƒöì JWT Extractor - accessToken: FOUND
[2m[WebServer] [22mJwtStrategy VALIDATE: {
[2m[WebServer] [22m  sub: [32m'6929e2de934d8e079e6f55b6'[39m,
[2m[WebServer] [22m  workEmail: [32m'engemp1.work@example.com'[39m,
[2m[WebServer] [22m  roles: [ [32m'department employee'[39m ],
[2m[WebServer] [22m  permissions: [],
[2m[WebServer] [22m  primaryDepartmentId: [32m'69275d8afc1184a3b3e6c55f'[39m,
[2m[WebServer] [22m  employeeNumber: [32m'EMP-1026'[39m,
[2m[WebServer] [22m  iat: [33m1765982960[39m,
[2m[WebServer] [22m  exp: [33m1766069360[39m
[2m[WebServer] [22m}
[2m[WebServer] [22m≡ƒöÑ JwtAuthGuard: handleRequest() {
[2m[WebServer] [22m  err: [1mnull[22m,
[2m[WebServer] [22m  user: {
[2m[WebServer] [22m    id: [32m'6929e2de934d8e079e6f55b6'[39m,
[2m[WebServer] [22m    workEmail: [32m'engemp1.work@example.com'[39m,
[2m[WebServer] [22m    roles: [ [32m'department employee'[39m ],
[2m[WebServer] [22m    permissions: [],
[2m[WebServer] [22m    primaryDepartmentId: [32m'69275d8afc1184a3b3e6c55f'[39m,
[2m[WebServer] [22m    employeeNumber: [32m'EMP-1026'[39m
[2m[WebServer] [22m  },
[2m[WebServer] [22m  info: [90mundefined[39m
[2m[WebServer] [22m}
[2m[WebServer] [22mΓ£à JwtAuthGuard SUCCESS ΓåÆ user authenticated: 6929e2de934d8e079e6f55b6
[2m[WebServer] [22m≡ƒöì [LeaveTypeController] findAll
[2m[WebServer] [22m≡ƒöÑ JwtAuthGuard: canActivate CALLED
[2m[WebServer] [22m≡ƒöì JWT Extractor - All cookies: {
[2m[WebServer] [22m  accessToken: [32m'eyJhbGciOiJIUzI1NiIsInR5cCI6IkpXVCJ9.eyJzdWIiOiI2OTI5ZTJkZTkzNGQ4ZTA3OWU2ZjU1YjYiLCJ3b3JrRW1haWwiOiJlbmdlbXAxLndvcmtAZXhhbXBsZS5jb20iLCJyb2xlcyI6WyJkZXBhcnRtZW50IGVtcGxveWVlIl0sInBlcm1pc3Npb25zIjpbXSwicHJpbWFyeURlcGFydG1lbnRJZCI6IjY5Mjc1ZDhhZmMxMTg0YTNiM2U2YzU1ZiIsImVtcGxveWVlTnVtYmVyIjoiRU1QLTEwMjYiLCJpYXQiOjE3NjU5ODI5NjAsImV4cCI6MTc2NjA2OTM2MH0.rQDU6Ju9nNI7S_EKJVbgdyDd3iERQpEgZjhmPPJVd2A'[39m
[2m[WebServer] [22m}
[2m[WebServer] [22m≡ƒöì JWT Extractor - Headers: accessToken=eyJhbGciOiJIUzI1NiIsInR5cCI6IkpXVCJ9.eyJzdWIiOiI2OTI5ZTJkZTkzNGQ4ZTA3OWU2ZjU1YjYiLCJ3b3JrRW1haWwiOiJlbmdlbXAxLndvcmtAZXhhbXBsZS5jb20iLCJyb2xlcyI6WyJkZXBhcnRtZW50IGVtcGxveWVlIl0sInBlcm1pc3Npb25zIjpbXSwicHJpbWFyeURlcGFydG1lbnRJZCI6IjY5Mjc1ZDhhZmMxMTg0YTNiM2U2YzU1ZiIsImVtcGxveWVlTnVtYmVyIjoiRU1QLTEwMjYiLCJpYXQiOjE3NjU5ODI5NjAsImV4cCI6MTc2NjA2OTM2MH0.rQDU6Ju9nNI7S_EKJVbgdyDd3iERQpEgZjhmPPJVd2A
[2m[WebServer] [22m≡ƒöì JWT Extractor - accessToken: FOUND
[2m[WebServer] [22mJwtStrategy VALIDATE: {
[2m[WebServer] [22m  sub: [32m'6929e2de934d8e079e6f55b6'[39m,
[2m[WebServer] [22m  workEmail: [32m'engemp1.work@example.com'[39m,
[2m[WebServer] [22m  roles: [ [32m'department employee'[39m ],
[2m[WebServer] [22m  permissions: [],
[2m[WebServer] [22m  primaryDepartmentId: [32m'69275d8afc1184a3b3e6c55f'[39m,
[2m[WebServer] [22m  employeeNumber: [32m'EMP-1026'[39m,
[2m[WebServer] [22m  iat: [33m1765982960[39m,
[2m[WebServer] [22m  exp: [33m1766069360[39m
[2m[WebServer] [22m}
[2m[WebServer] [22m≡ƒöÑ JwtAuthGuard: handleRequest() {
[2m[WebServer] [22m  err: [1mnull[22m,
[2m[WebServer] [22m  user: {
[2m[WebServer] [22m    id: [32m'6929e2de934d8e079e6f55b6'[39m,
[2m[WebServer] [22m    workEmail: [32m'engemp1.work@example.com'[39m,
[2m[WebServer] [22m    roles: [ [32m'department employee'[39m ],
[2m[WebServer] [22m    permissions: [],
[2m[WebServer] [22m    primaryDepartmentId: [32m'69275d8afc1184a3b3e6c55f'[39m,
[2m[WebServer] [22m    employeeNumber: [32m'EMP-1026'[39m
[2m[WebServer] [22m  },
[2m[WebServer] [22m  info: [90mundefined[39m
[2m[WebServer] [22m}
[2m[WebServer] [22mΓ£à JwtAuthGuard SUCCESS ΓåÆ user authenticated: 6929e2de934d8e079e6f55b6
[2m[WebServer] [22m≡ƒöÑ RolesGuard running!
[2m[WebServer] [22m
[2m[WebServer] [22m===== ROLE GUARD =====
[2m[WebServer] [22mRequired roles: [
[2m[WebServer] [22m  [32m'department employee'[39m,
[2m[WebServer] [22m  [32m'HR Employee'[39m,
[2m[WebServer] [22m  [32m'department head'[39m,
[2m[WebServer] [22m  [32m'HR Manager'[39m,
[2m[WebServer] [22m  [32m'HR Admin'[39m,
[2m[WebServer] [22m  [32m'System Admin'[39m
[2m[WebServer] [22m]
[2m[WebServer] [22mUser object: {
[2m[WebServer] [22m  id: [32m'6929e2de934d8e079e6f55b6'[39m,
[2m[WebServer] [22m  workEmail: [32m'engemp1.work@example.com'[39m,
[2m[WebServer] [22m  roles: [ [32m'department employee'[39m ],
[2m[WebServer] [22m  permissions: [],
[2m[WebServer] [22m  primaryDepartmentId: [32m'69275d8afc1184a3b3e6c55f'[39m,
[2m[WebServer] [22m  employeeNumber: [32m'EMP-1026'[39m
[2m[WebServer] [22m}
[2m[WebServer] [22mNormalized user roles: [ [32m'department employee'[39m ]
[2m[WebServer] [22mNormalized required roles: [
[2m[WebServer] [22m  [32m'department employee'[39m,
[2m[WebServer] [22m  [32m'hr employee'[39m,
[2m[WebServer] [22m  [32m'department head'[39m,
[2m[WebServer] [22m  [32m'hr manager'[39m,
[2m[WebServer] [22m  [32m'hr admin'[39m,
[2m[WebServer] [22m  [32m'system admin'[39m
[2m[WebServer] [22m]
[2m[WebServer] [22mHas required role? [33mtrue[39m
[2m[WebServer] [22mΓ£ö ACCESS GRANTED Γ£ö
[2m[WebServer] [22m≡ƒöì [TrackingController] getMyBalances: {
[2m[WebServer] [22m  query: [Object: null prototype] {},
[2m[WebServer] [22m  userId: [32m'6929e2de934d8e079e6f55b6'[39m
[2m[WebServer] [22m}
[2m[WebServer] [22m≡ƒöÑ JwtAuthGuard: canActivate CALLED
[2m[WebServer] [22m≡ƒöì JWT Extractor - All cookies: {
[2m[WebServer] [22m  accessToken: [32m'eyJhbGciOiJIUzI1NiIsInR5cCI6IkpXVCJ9.eyJzdWIiOiI2OTI5ZTJkZTkzNGQ4ZTA3OWU2ZjU1YjYiLCJ3b3JrRW1haWwiOiJlbmdlbXAxLndvcmtAZXhhbXBsZS5jb20iLCJyb2xlcyI6WyJkZXBhcnRtZW50IGVtcGxveWVlIl0sInBlcm1pc3Npb25zIjpbXSwicHJpbWFyeURlcGFydG1lbnRJZCI6IjY5Mjc1ZDhhZmMxMTg0YTNiM2U2YzU1ZiIsImVtcGxveWVlTnVtYmVyIjoiRU1QLTEwMjYiLCJpYXQiOjE3NjU5ODI5NjAsImV4cCI6MTc2NjA2OTM2MH0.rQDU6Ju9nNI7S_EKJVbgdyDd3iERQpEgZjhmPPJVd2A'[39m
[2m[WebServer] [22m}
[2m[WebServer] [22m≡ƒöì JWT Extractor - Headers: accessToken=eyJhbGciOiJIUzI1NiIsInR5cCI6IkpXVCJ9.eyJzdWIiOiI2OTI5ZTJkZTkzNGQ4ZTA3OWU2ZjU1YjYiLCJ3b3JrRW1haWwiOiJlbmdlbXAxLndvcmtAZXhhbXBsZS5jb20iLCJyb2xlcyI6WyJkZXBhcnRtZW50IGVtcGxveWVlIl0sInBlcm1pc3Npb25zIjpbXSwicHJpbWFyeURlcGFydG1lbnRJZCI6IjY5Mjc1ZDhhZmMxMTg0YTNiM2U2YzU1ZiIsImVtcGxveWVlTnVtYmVyIjoiRU1QLTEwMjYiLCJpYXQiOjE3NjU5ODI5NjAsImV4cCI6MTc2NjA2OTM2MH0.rQDU6Ju9nNI7S_EKJVbgdyDd3iERQpEgZjhmPPJVd2A
[2m[WebServer] [22m≡ƒöì JWT Extractor - accessToken: FOUND
[2m[WebServer] [22mJwtStrategy VALIDATE: {
[2m[WebServer] [22m  sub: [32m'6929e2de934d8e079e6f55b6'[39m,
[2m[WebServer] [22m  workEmail: [32m'engemp1.work@example.com'[39m,
[2m[WebServer] [22m  roles: [ [32m'department employee'[39m ],
[2m[WebServer] [22m  permissions: [],
[2m[WebServer] [22m  primaryDepartmentId: [32m'69275d8afc1184a3b3e6c55f'[39m,
[2m[WebServer] [22m  employeeNumber: [32m'EMP-1026'[39m,
[2m[WebServer] [22m  iat: [33m1765982960[39m,
[2m[WebServer] [22m  exp: [33m1766069360[39m
[2m[WebServer] [22m}
[2m[WebServer] [22m≡ƒöÑ JwtAuthGuard: handleRequest() {
[2m[WebServer] [22m  err: [1mnull[22m,
[2m[WebServer] [22m  user: {
[2m[WebServer] [22m    id: [32m'6929e2de934d8e079e6f55b6'[39m,
[2m[WebServer] [22m    workEmail: [32m'engemp1.work@example.com'[39m,
[2m[WebServer] [22m    roles: [ [32m'department employee'[39m ],
[2m[WebServer] [22m    permissions: [],
[2m[WebServer] [22m    primaryDepartmentId: [32m'69275d8afc1184a3b3e6c55f'[39m,
[2m[WebServer] [22m    employeeNumber: [32m'EMP-1026'[39m
[2m[WebServer] [22m  },
[2m[WebServer] [22m  info: [90mundefined[39m
[2m[WebServer] [22m}
[2m[WebServer] [22mΓ£à JwtAuthGuard SUCCESS ΓåÆ user authenticated: 6929e2de934d8e079e6f55b6
[2m[WebServer] [22m≡ƒöÑ RolesGuard running!
[2m[WebServer] [22m
[2m[WebServer] [22m===== ROLE GUARD =====
[2m[WebServer] [22mRequired roles: [
[2m[WebServer] [22m  [32m'department employee'[39m,
[2m[WebServer] [22m  [32m'HR Employee'[39m,
[2m[WebServer] [22m  [32m'department head'[39m,
[2m[WebServer] [22m  [32m'HR Manager'[39m,
[2m[WebServer] [22m  [32m'HR Admin'[39m,
[2m[WebServer] [22m  [32m'System Admin'[39m
[2m[WebServer] [22m]
[2m[WebServer] [22mUser object: {
[2m[WebServer] [22m  id: [32m'6929e2de934d8e079e6f55b6'[39m,
[2m[WebServer] [22m  workEmail: [32m'engemp1.work@example.com'[39m,
[2m[WebServer] [22m  roles: [ [32m'department employee'[39m ],
[2m[WebServer] [22m  permissions: [],
[2m[WebServer] [22m  primaryDepartmentId: [32m'69275d8afc1184a3b3e6c55f'[39m,
[2m[WebServer] [22m  employeeNumber: [32m'EMP-1026'[39m
[2m[WebServer] [22m}
[2m[WebServer] [22mNormalized user roles: [ [32m'department employee'[39m ]
[2m[WebServer] [22mNormalized required roles: [
[2m[WebServer] [22m  [32m'department employee'[39m,
[2m[WebServer] [22m  [32m'hr employee'[39m,
[2m[WebServer] [22m  [32m'department head'[39m,
[2m[WebServer] [22m  [32m'hr manager'[39m,
[2m[WebServer] [22m  [32m'hr admin'[39m,
[2m[WebServer] [22m  [32m'system admin'[39m
[2m[WebServer] [22m]
[2m[WebServer] [22mHas required role? [33mtrue[39m
[2m[WebServer] [22mΓ£ö ACCESS GRANTED Γ£ö
[2m[WebServer] [22m≡ƒöì [RequestsController] getMyRequests: { userId: [90mundefined[39m }
Γ£à Notifications accessible - REQ-029 validated
  Γ£ô  14 [chromium] ΓÇ║ leave-tests.spec.ts:283:7 ΓÇ║ ≡ƒÖï EMPLOYEE 1 (EMP-1026 - Engineering) - All Scenarios ΓÇ║ Γ£à F1: Receive notifications (REQ-029) (9.0s)
≡ƒöÉ Logging in as: engemp1.work@example.com
[2m[WebServer] [22m GET /login [32m200[39m in 33ms[2m (compile: 3ms, render: 31ms)[22m
[2m[WebServer] [22m≡ƒöÑ JwtAuthGuard: canActivate CALLED
[2m[WebServer] [22m≡ƒöì JWT Extractor - All cookies: [Object: null prototype] {}
[2m[WebServer] [22m≡ƒöì JWT Extractor - Headers: [90mundefined[39m
[2m[WebServer] [22m≡ƒöì JWT Extractor - accessToken: NOT FOUND
[2m[WebServer] [22m≡ƒöÑ JwtAuthGuard: handleRequest() {
[2m[WebServer] [22m  err: [1mnull[22m,
[2m[WebServer] [22m  user: [33mfalse[39m,
[2m[WebServer] [22m  info: Error: No auth token
[2m[WebServer] [22m      at JwtStrategy.authenticate [90m(C:\Users\Bedon\Desktop\semester-5-software-project\backend\[39mnode_modules\[4mpassport-jwt[24m\lib\strategy.js:96:26[90m)[39m
[2m[WebServer] [22m      at attempt [90m(C:\Users\Bedon\Desktop\semester-5-software-project\backend\[39mnode_modules\[4mpassport[24m\lib\middleware\authenticate.js:378:16[90m)[39m
[2m[WebServer] [22m      at authenticate [90m(C:\Users\Bedon\Desktop\semester-5-software-project\backend\[39mnode_modules\[4mpassport[24m\lib\middleware\authenticate.js:379:7[90m)[39m
[2m[WebServer] [22m      at [90mC:\Users\Bedon\Desktop\semester-5-software-project\backend\[39mnode_modules\[4m@nestjs[24m\passport\dist\auth.guard.js:88:3
[2m[WebServer] [22m      at new Promise (<anonymous>)
[2m[WebServer] [22m      at [90mC:\Users\Bedon\Desktop\semester-5-software-project\backend\[39mnode_modules\[4m@nestjs[24m\passport\dist\auth.guard.js:80:83
[2m[WebServer] [22m      at JwtAuthGuard.canActivate [90m(C:\Users\Bedon\Desktop\semester-5-software-project\backend\[39mnode_modules\[4m@nestjs[24m\passport\dist\auth.guard.js:44:32[90m)[39m
[2m[WebServer] [22m  [90m    at process.processTicksAndRejections (node:internal/process/task_queues:105:5)[39m
[2m[WebServer] [22m}
[2m[WebServer] [22mΓ¥î JwtAuthGuard INFO: Error: No auth token
[2m[WebServer] [22m    at JwtStrategy.authenticate 
[90m(C:\Users\Bedon\Desktop\semester-5-software-project\backend\[39mnode_modules\[4mpassport-jwt[24m\lib\strategy.js:96:26[90m)[39m
[2m[WebServer] [22m    at attempt [90m(C:\Users\Bedon\Desktop\semester-5-software-project\backend\[39mnode_modules\[4mpassport[24m\lib\mi
ddleware\authenticate.js:378:16[90m)[39m
[2m[WebServer] [22m    at authenticate [90m(C:\Users\Bedon\Desktop\semester-5-software-project\backend\[39mnode_modules\[4mpassport[24m\l
ib\middleware\authenticate.js:379:7[90m)[39m
[2m[WebServer] [22m    at 
[90mC:\Users\Bedon\Desktop\semester-5-software-project\backend\[39mnode_modules\[4m@nestjs[24m\passport\dist\auth.guard.js:88:3
[2m[WebServer] [22m    at new Promise (<anonymous>)
[2m[WebServer] [22m    at 
[90mC:\Users\Bedon\Desktop\semester-5-software-project\backend\[39mnode_modules\[4m@nestjs[24m\passport\dist\auth.guard.js:80:83
[2m[WebServer] [22m    at JwtAuthGuard.canActivate [90m(C:\Users\Bedon\Desktop\semester-5-software-project\backend\[39mnode_modules\[4m@ne
stjs[24m\passport\dist\auth.guard.js:44:32[90m)[39m
[2m[WebServer] [22m[90m    at process.processTicksAndRejections (node:internal/process/task_queues:105:5)[39m
[2m[WebServer] [22mΓ¥î JwtAuthGuard FAILING ΓåÆ No auth token
[2m[WebServer] [22mVALIDATE EMPLOYEE - systemRole = {
[2m[WebServer] [22m  _id: new ObjectId([32m'6929e2de934d8e079e6f55b8'[39m),
[2m[WebServer] [22m  employeeProfileId: new ObjectId([32m'6929e2de934d8e079e6f55b6'[39m),
[2m[WebServer] [22m  roles: [ [32m'department employee'[39m ],
[2m[WebServer] [22m  permissions: [],
[2m[WebServer] [22m  isActive: [33mtrue[39m,
[2m[WebServer] [22m  createdAt: [35m2025-11-28T17:58:54.894Z[39m,
[2m[WebServer] [22m  updatedAt: [35m2025-11-28T17:58:54.894Z[39m,
[2m[WebServer] [22m  __v: [33m0[39m
[2m[WebServer] [22m}
[2m[WebServer] [22mGenerated token: eyJhbGciOiJIUzI1NiIsInR5cCI6IkpXVCJ9.eyJzdWIiOiI2OTI5ZTJkZTkzNGQ4ZTA3OWU2ZjU1YjYiLCJ3b3JrRW1haWwiOiJlbmdlbXAxLndvcmtAZXhhbXBsZS5jb20iLCJyb2xlcyI6WyJkZXBhcnRtZW50IGVtcGxveWVlIl0sInBlcm1pc3Npb25zIjpbXSwicHJpbWFyeURlcGFydG1lbnRJZCI6IjY5Mjc1ZDhhZmMxMTg0YTNiM2U2YzU1ZiIsImVtcGxveWVlTnVtYmVyIjoiRU1QLTEwMjYiLCJpYXQiOjE3NjU5ODI5NjksImV4cCI6MTc2NjA2OTM2OX0.IrYyczGiDBRrGNt92GSKzs0Iyyd7HOHHFEWnAjP2oZg
[2m[WebServer] [22m GET /leaves [32m200[39m in 16ms[2m (compile: 3ms, render: 14ms)[22m
[2m[WebServer] [22m≡ƒöÑ JwtAuthGuard: canActivate CALLED
[2m[WebServer] [22m≡ƒöì JWT Extractor - All cookies: {
[2m[WebServer] [22m  accessToken: [32m'eyJhbGciOiJIUzI1NiIsInR5cCI6IkpXVCJ9.eyJzdWIiOiI2OTI5ZTJkZTkzNGQ4ZTA3OWU2ZjU1YjYiLCJ3b3JrRW1haWwiOiJlbmdlbXAxLndvcmtAZXhhbXBsZS5jb20iLCJyb2xlcyI6WyJkZXBhcnRtZW50IGVtcGxveWVlIl0sInBlcm1pc3Npb25zIjpbXSwicHJpbWFyeURlcGFydG1lbnRJZCI6IjY5Mjc1ZDhhZmMxMTg0YTNiM2U2YzU1ZiIsImVtcGxveWVlTnVtYmVyIjoiRU1QLTEwMjYiLCJpYXQiOjE3NjU5ODI5NjksImV4cCI6MTc2NjA2OTM2OX0.IrYyczGiDBRrGNt92GSKzs0Iyyd7HOHHFEWnAjP2oZg'[39m
[2m[WebServer] [22m}
[2m[WebServer] [22m≡ƒöì JWT Extractor - Headers: accessToken=eyJhbGciOiJIUzI1NiIsInR5cCI6IkpXVCJ9.eyJzdWIiOiI2OTI5ZTJkZTkzNGQ4ZTA3OWU2ZjU1YjYiLCJ3b3JrRW1haWwiOiJlbmdlbXAxLndvcmtAZXhhbXBsZS5jb20iLCJyb2xlcyI6WyJkZXBhcnRtZW50IGVtcGxveWVlIl0sInBlcm1pc3Npb25zIjpbXSwicHJpbWFyeURlcGFydG1lbnRJZCI6IjY5Mjc1ZDhhZmMxMTg0YTNiM2U2YzU1ZiIsImVtcGxveWVlTnVtYmVyIjoiRU1QLTEwMjYiLCJpYXQiOjE3NjU5ODI5NjksImV4cCI6MTc2NjA2OTM2OX0.IrYyczGiDBRrGNt92GSKzs0Iyyd7HOHHFEWnAjP2oZg
[2m[WebServer] [22m≡ƒöì JWT Extractor - accessToken: FOUND
[2m[WebServer] [22mJwtStrategy VALIDATE: {
[2m[WebServer] [22m  sub: [32m'6929e2de934d8e079e6f55b6'[39m,
[2m[WebServer] [22m  workEmail: [32m'engemp1.work@example.com'[39m,
[2m[WebServer] [22m  roles: [ [32m'department employee'[39m ],
[2m[WebServer] [22m  permissions: [],
[2m[WebServer] [22m  primaryDepartmentId: [32m'69275d8afc1184a3b3e6c55f'[39m,
[2m[WebServer] [22m  employeeNumber: [32m'EMP-1026'[39m,
[2m[WebServer] [22m  iat: [33m1765982969[39m,
[2m[WebServer] [22m  exp: [33m1766069369[39m
[2m[WebServer] [22m}
[2m[WebServer] [22m≡ƒöÑ JwtAuthGuard: handleRequest() {
[2m[WebServer] [22m  err: [1mnull[22m,
[2m[WebServer] [22m  user: {
[2m[WebServer] [22m    id: [32m'6929e2de934d8e079e6f55b6'[39m,
[2m[WebServer] [22m    workEmail: [32m'engemp1.work@example.com'[39m,
[2m[WebServer] [22m    roles: [ [32m'department employee'[39m ],
[2m[WebServer] [22m    permissions: [],
[2m[WebServer] [22m    primaryDepartmentId: [32m'69275d8afc1184a3b3e6c55f'[39m,
[2m[WebServer] [22m    employeeNumber: [32m'EMP-1026'[39m
[2m[WebServer] [22m  },
[2m[WebServer] [22m  info: [90mundefined[39m
[2m[WebServer] [22m}
[2m[WebServer] [22mΓ£à JwtAuthGuard SUCCESS ΓåÆ user authenticated: 6929e2de934d8e079e6f55b6
[2m[WebServer] [22m≡ƒöÑ RolesGuard running!
[2m[WebServer] [22m
[2m[WebServer] [22m===== ROLE GUARD =====
[2m[WebServer] [22mRequired roles: [
[2m[WebServer] [22m  [32m'department employee'[39m,
[2m[WebServer] [22m  [32m'HR Employee'[39m,
[2m[WebServer] [22m  [32m'department head'[39m,
[2m[WebServer] [22m  [32m'HR Manager'[39m,
[2m[WebServer] [22m  [32m'HR Admin'[39m,
[2m[WebServer] [22m  [32m'System Admin'[39m
[2m[WebServer] [22m]
[2m[WebServer] [22mUser object: {
[2m[WebServer] [22m  id: [32m'6929e2de934d8e079e6f55b6'[39m,
[2m[WebServer] [22m  workEmail: [32m'engemp1.work@example.com'[39m,
[2m[WebServer] [22m  roles: [ [32m'department employee'[39m ],
[2m[WebServer] [22m  permissions: [],
[2m[WebServer] [22m  primaryDepartmentId: [32m'69275d8afc1184a3b3e6c55f'[39m,
[2m[WebServer] [22m  employeeNumber: [32m'EMP-1026'[39m
[2m[WebServer] [22m}
[2m[WebServer] [22mNormalized user roles: [ [32m'department employee'[39m ]
[2m[WebServer] [22mNormalized required roles: [
[2m[WebServer] [22m  [32m'department employee'[39m,
[2m[WebServer] [22m  [32m'hr employee'[39m,
[2m[WebServer] [22m  [32m'department head'[39m,
[2m[WebServer] [22m  [32m'hr manager'[39m,
[2m[WebServer] [22m  [32m'hr admin'[39m,
[2m[WebServer] [22m  [32m'system admin'[39m
[2m[WebServer] [22m]
[2m[WebServer] [22mHas required role? [33mtrue[39m
[2m[WebServer] [22mΓ£ö ACCESS GRANTED Γ£ö
[2m[WebServer] [22m≡ƒöì [TrackingController] getMyBalances: {
[2m[WebServer] [22m  query: [Object: null prototype] {},
[2m[WebServer] [22m  userId: [32m'6929e2de934d8e079e6f55b6'[39m
[2m[WebServer] [22m}
[2m[WebServer] [22m≡ƒöÑ JwtAuthGuard: canActivate CALLED
[2m[WebServer] [22m≡ƒöì JWT Extractor - All cookies: {
[2m[WebServer] [22m  accessToken: [32m'eyJhbGciOiJIUzI1NiIsInR5cCI6IkpXVCJ9.eyJzdWIiOiI2OTI5ZTJkZTkzNGQ4ZTA3OWU2ZjU1YjYiLCJ3b3JrRW1haWwiOiJlbmdlbXAxLndvcmtAZXhhbXBsZS5jb20iLCJyb2xlcyI6WyJkZXBhcnRtZW50IGVtcGxveWVlIl0sInBlcm1pc3Npb25zIjpbXSwicHJpbWFyeURlcGFydG1lbnRJZCI6IjY5Mjc1ZDhhZmMxMTg0YTNiM2U2YzU1ZiIsImVtcGxveWVlTnVtYmVyIjoiRU1QLTEwMjYiLCJpYXQiOjE3NjU5ODI5NjksImV4cCI6MTc2NjA2OTM2OX0.IrYyczGiDBRrGNt92GSKzs0Iyyd7HOHHFEWnAjP2oZg'[39m
[2m[WebServer] [22m}
[2m[WebServer] [22m≡ƒöì JWT Extractor - Headers: accessToken=eyJhbGciOiJIUzI1NiIsInR5cCI6IkpXVCJ9.eyJzdWIiOiI2OTI5ZTJkZTkzNGQ4ZTA3OWU2ZjU1YjYiLCJ3b3JrRW1haWwiOiJlbmdlbXAxLndvcmtAZXhhbXBsZS5jb20iLCJyb2xlcyI6WyJkZXBhcnRtZW50IGVtcGxveWVlIl0sInBlcm1pc3Npb25zIjpbXSwicHJpbWFyeURlcGFydG1lbnRJZCI6IjY5Mjc1ZDhhZmMxMTg0YTNiM2U2YzU1ZiIsImVtcGxveWVlTnVtYmVyIjoiRU1QLTEwMjYiLCJpYXQiOjE3NjU5ODI5NjksImV4cCI6MTc2NjA2OTM2OX0.IrYyczGiDBRrGNt92GSKzs0Iyyd7HOHHFEWnAjP2oZg
[2m[WebServer] [22m≡ƒöì JWT Extractor - accessToken: FOUND
[2m[WebServer] [22mJwtStrategy VALIDATE: {
[2m[WebServer] [22m  sub: [32m'6929e2de934d8e079e6f55b6'[39m,
[2m[WebServer] [22m  workEmail: [32m'engemp1.work@example.com'[39m,
[2m[WebServer] [22m  roles: [ [32m'department employee'[39m ],
[2m[WebServer] [22m  permissions: [],
[2m[WebServer] [22m  primaryDepartmentId: [32m'69275d8afc1184a3b3e6c55f'[39m,
[2m[WebServer] [22m  employeeNumber: [32m'EMP-1026'[39m,
[2m[WebServer] [22m  iat: [33m1765982969[39m,
[2m[WebServer] [22m  exp: [33m1766069369[39m
[2m[WebServer] [22m}
[2m[WebServer] [22m≡ƒöÑ JwtAuthGuard: handleRequest() {
[2m[WebServer] [22m  err: [1mnull[22m,
[2m[WebServer] [22m  user: {
[2m[WebServer] [22m    id: [32m'6929e2de934d8e079e6f55b6'[39m,
[2m[WebServer] [22m    workEmail: [32m'engemp1.work@example.com'[39m,
[2m[WebServer] [22m    roles: [ [32m'department employee'[39m ],
[2m[WebServer] [22m    permissions: [],
[2m[WebServer] [22m    primaryDepartmentId: [32m'69275d8afc1184a3b3e6c55f'[39m,
[2m[WebServer] [22m    employeeNumber: [32m'EMP-1026'[39m
[2m[WebServer] [22m  },
[2m[WebServer] [22m  info: [90mundefined[39m
[2m[WebServer] [22m}
[2m[WebServer] [22mΓ£à JwtAuthGuard SUCCESS ΓåÆ user authenticated: 6929e2de934d8e079e6f55b6
[2m[WebServer] [22m≡ƒöÑ RolesGuard running!
[2m[WebServer] [22m
[2m[WebServer] [22m===== ROLE GUARD =====
[2m[WebServer] [22mRequired roles: [
[2m[WebServer] [22m  [32m'department employee'[39m,
[2m[WebServer] [22m  [32m'HR Employee'[39m,
[2m[WebServer] [22m  [32m'department head'[39m,
[2m[WebServer] [22m  [32m'HR Manager'[39m,
[2m[WebServer] [22m  [32m'HR Admin'[39m,
[2m[WebServer] [22m  [32m'System Admin'[39m
[2m[WebServer] [22m]
[2m[WebServer] [22mUser object: {
[2m[WebServer] [22m  id: [32m'6929e2de934d8e079e6f55b6'[39m,
[2m[WebServer] [22m  workEmail: [32m'engemp1.work@example.com'[39m,
[2m[WebServer] [22m  roles: [ [32m'department employee'[39m ],
[2m[WebServer] [22m  permissions: [],
[2m[WebServer] [22m  primaryDepartmentId: [32m'69275d8afc1184a3b3e6c55f'[39m,
[2m[WebServer] [22m  employeeNumber: [32m'EMP-1026'[39m
[2m[WebServer] [22m}
[2m[WebServer] [22mNormalized user roles: [ [32m'department employee'[39m ]
[2m[WebServer] [22mNormalized required roles: [
[2m[WebServer] [22m  [32m'department employee'[39m,
[2m[WebServer] [22m  [32m'hr employee'[39m,
[2m[WebServer] [22m  [32m'department head'[39m,
[2m[WebServer] [22m  [32m'hr manager'[39m,
[2m[WebServer] [22m  [32m'hr admin'[39m,
[2m[WebServer] [22m  [32m'system admin'[39m
[2m[WebServer] [22m]
[2m[WebServer] [22mHas required role? [33mtrue[39m
[2m[WebServer] [22mΓ£ö ACCESS GRANTED Γ£ö
[2m[WebServer] [22m≡ƒöì [TrackingController] getMyHistory: {
[2m[WebServer] [22m  filters: [Object: null prototype] {},
[2m[WebServer] [22m  userId: [32m'6929e2de934d8e079e6f55b6'[39m
[2m[WebServer] [22m}
Γ£à Login successful
≡ƒÜ½ Testing: REQ-008 (Blocked periods)
[2m[WebServer] [22m GET /leaves/my-leaves [32m200[39m in 52ms[2m (compile: 3ms, render: 49ms)[22m
[2m[WebServer] [22m≡ƒöÑ JwtAuthGuard: canActivate CALLED
[2m[WebServer] [22m≡ƒöì JWT Extractor - All cookies: {
[2m[WebServer] [22m  accessToken: [32m'eyJhbGciOiJIUzI1NiIsInR5cCI6IkpXVCJ9.eyJzdWIiOiI2OTI5ZTJkZTkzNGQ4ZTA3OWU2ZjU1YjYiLCJ3b3JrRW1haWwiOiJlbmdlbXAxLndvcmtAZXhhbXBsZS5jb20iLCJyb2xlcyI6WyJkZXBhcnRtZW50IGVtcGxveWVlIl0sInBlcm1pc3Npb25zIjpbXSwicHJpbWFyeURlcGFydG1lbnRJZCI6IjY5Mjc1ZDhhZmMxMTg0YTNiM2U2YzU1ZiIsImVtcGxveWVlTnVtYmVyIjoiRU1QLTEwMjYiLCJpYXQiOjE3NjU5ODI5NjksImV4cCI6MTc2NjA2OTM2OX0.IrYyczGiDBRrGNt92GSKzs0Iyyd7HOHHFEWnAjP2oZg'[39m
[2m[WebServer] [22m}
[2m[WebServer] [22m≡ƒöì JWT Extractor - Headers: accessToken=eyJhbGciOiJIUzI1NiIsInR5cCI6IkpXVCJ9.eyJzdWIiOiI2OTI5ZTJkZTkzNGQ4ZTA3OWU2ZjU1YjYiLCJ3b3JrRW1haWwiOiJlbmdlbXAxLndvcmtAZXhhbXBsZS5jb20iLCJyb2xlcyI6WyJkZXBhcnRtZW50IGVtcGxveWVlIl0sInBlcm1pc3Npb25zIjpbXSwicHJpbWFyeURlcGFydG1lbnRJZCI6IjY5Mjc1ZDhhZmMxMTg0YTNiM2U2YzU1ZiIsImVtcGxveWVlTnVtYmVyIjoiRU1QLTEwMjYiLCJpYXQiOjE3NjU5ODI5NjksImV4cCI6MTc2NjA2OTM2OX0.IrYyczGiDBRrGNt92GSKzs0Iyyd7HOHHFEWnAjP2oZg
[2m[WebServer] [22m≡ƒöì JWT Extractor - accessToken: FOUND
[2m[WebServer] [22mJwtStrategy VALIDATE: {
[2m[WebServer] [22m  sub: [32m'6929e2de934d8e079e6f55b6'[39m,
[2m[WebServer] [22m  workEmail: [32m'engemp1.work@example.com'[39m,
[2m[WebServer] [22m  roles: [ [32m'department employee'[39m ],
[2m[WebServer] [22m  permissions: [],
[2m[WebServer] [22m  primaryDepartmentId: [32m'69275d8afc1184a3b3e6c55f'[39m,
[2m[WebServer] [22m  employeeNumber: [32m'EMP-1026'[39m,
[2m[WebServer] [22m  iat: [33m1765982969[39m,
[2m[WebServer] [22m  exp: [33m1766069369[39m
[2m[WebServer] [22m}
[2m[WebServer] [22m≡ƒöÑ JwtAuthGuard: handleRequest() {
[2m[WebServer] [22m  err: [1mnull[22m,
[2m[WebServer] [22m  user: {
[2m[WebServer] [22m    id: [32m'6929e2de934d8e079e6f55b6'[39m,
[2m[WebServer] [22m    workEmail: [32m'engemp1.work@example.com'[39m,
[2m[WebServer] [22m    roles: [ [32m'department employee'[39m ],
[2m[WebServer] [22m    permissions: [],
[2m[WebServer] [22m    primaryDepartmentId: [32m'69275d8afc1184a3b3e6c55f'[39m,
[2m[WebServer] [22m    employeeNumber: [32m'EMP-1026'[39m
[2m[WebServer] [22m  },
[2m[WebServer] [22m  info: [90mundefined[39m
[2m[WebServer] [22m}
[2m[WebServer] [22mΓ£à JwtAuthGuard SUCCESS ΓåÆ user authenticated: 6929e2de934d8e079e6f55b6
[2m[WebServer] [22m≡ƒöì [LeaveTypeController] findAll
[2m[WebServer] [22m≡ƒöÑ JwtAuthGuard: canActivate CALLED
[2m[WebServer] [22m≡ƒöì JWT Extractor - All cookies: {
[2m[WebServer] [22m  accessToken: [32m'eyJhbGciOiJIUzI1NiIsInR5cCI6IkpXVCJ9.eyJzdWIiOiI2OTI5ZTJkZTkzNGQ4ZTA3OWU2ZjU1YjYiLCJ3b3JrRW1haWwiOiJlbmdlbXAxLndvcmtAZXhhbXBsZS5jb20iLCJyb2xlcyI6WyJkZXBhcnRtZW50IGVtcGxveWVlIl0sInBlcm1pc3Npb25zIjpbXSwicHJpbWFyeURlcGFydG1lbnRJZCI6IjY5Mjc1ZDhhZmMxMTg0YTNiM2U2YzU1ZiIsImVtcGxveWVlTnVtYmVyIjoiRU1QLTEwMjYiLCJpYXQiOjE3NjU5ODI5NjksImV4cCI6MTc2NjA2OTM2OX0.IrYyczGiDBRrGNt92GSKzs0Iyyd7HOHHFEWnAjP2oZg'[39m
[2m[WebServer] [22m}
[2m[WebServer] [22m≡ƒöì JWT Extractor - Headers: accessToken=eyJhbGciOiJIUzI1NiIsInR5cCI6IkpXVCJ9.eyJzdWIiOiI2OTI5ZTJkZTkzNGQ4ZTA3OWU2ZjU1YjYiLCJ3b3JrRW1haWwiOiJlbmdlbXAxLndvcmtAZXhhbXBsZS5jb20iLCJyb2xlcyI6WyJkZXBhcnRtZW50IGVtcGxveWVlIl0sInBlcm1pc3Npb25zIjpbXSwicHJpbWFyeURlcGFydG1lbnRJZCI6IjY5Mjc1ZDhhZmMxMTg0YTNiM2U2YzU1ZiIsImVtcGxveWVlTnVtYmVyIjoiRU1QLTEwMjYiLCJpYXQiOjE3NjU5ODI5NjksImV4cCI6MTc2NjA2OTM2OX0.IrYyczGiDBRrGNt92GSKzs0Iyyd7HOHHFEWnAjP2oZg
[2m[WebServer] [22m≡ƒöì JWT Extractor - accessToken: FOUND
[2m[WebServer] [22mJwtStrategy VALIDATE: {
[2m[WebServer] [22m  sub: [32m'6929e2de934d8e079e6f55b6'[39m,
[2m[WebServer] [22m  workEmail: [32m'engemp1.work@example.com'[39m,
[2m[WebServer] [22m  roles: [ [32m'department employee'[39m ],
[2m[WebServer] [22m  permissions: [],
[2m[WebServer] [22m  primaryDepartmentId: [32m'69275d8afc1184a3b3e6c55f'[39m,
[2m[WebServer] [22m  employeeNumber: [32m'EMP-1026'[39m,
[2m[WebServer] [22m  iat: [33m1765982969[39m,
[2m[WebServer] [22m  exp: [33m1766069369[39m
[2m[WebServer] [22m}
[2m[WebServer] [22m≡ƒöÑ JwtAuthGuard: handleRequest() {
[2m[WebServer] [22m  err: [1mnull[22m,
[2m[WebServer] [22m  user: {
[2m[WebServer] [22m    id: [32m'6929e2de934d8e079e6f55b6'[39m,
[2m[WebServer] [22m    workEmail: [32m'engemp1.work@example.com'[39m,
[2m[WebServer] [22m    roles: [ [32m'department employee'[39m ],
[2m[WebServer] [22m    permissions: [],
[2m[WebServer] [22m    primaryDepartmentId: [32m'69275d8afc1184a3b3e6c55f'[39m,
[2m[WebServer] [22m    employeeNumber: [32m'EMP-1026'[39m
[2m[WebServer] [22m  },
[2m[WebServer] [22m  info: [90mundefined[39m
[2m[WebServer] [22m}
[2m[WebServer] [22mΓ£à JwtAuthGuard SUCCESS ΓåÆ user authenticated: 6929e2de934d8e079e6f55b6
[2m[WebServer] [22m≡ƒöÑ RolesGuard running!
[2m[WebServer] [22m
[2m[WebServer] [22m===== ROLE GUARD =====
[2m[WebServer] [22mRequired roles: [
[2m[WebServer] [22m  [32m'department employee'[39m,
[2m[WebServer] [22m  [32m'HR Employee'[39m,
[2m[WebServer] [22m  [32m'department head'[39m,
[2m[WebServer] [22m  [32m'HR Manager'[39m,
[2m[WebServer] [22m  [32m'HR Admin'[39m,
[2m[WebServer] [22m  [32m'System Admin'[39m
[2m[WebServer] [22m]
[2m[WebServer] [22mUser object: {
[2m[WebServer] [22m  id: [32m'6929e2de934d8e079e6f55b6'[39m,
[2m[WebServer] [22m  workEmail: [32m'engemp1.work@example.com'[39m,
[2m[WebServer] [22m  roles: [ [32m'department employee'[39m ],
[2m[WebServer] [22m  permissions: [],
[2m[WebServer] [22m  primaryDepartmentId: [32m'69275d8afc1184a3b3e6c55f'[39m,
[2m[WebServer] [22m  employeeNumber: [32m'EMP-1026'[39m
[2m[WebServer] [22m}
[2m[WebServer] [22mNormalized user roles: [ [32m'department employee'[39m ]
[2m[WebServer] [22mNormalized required roles: [
[2m[WebServer] [22m  [32m'department employee'[39m,
[2m[WebServer] [22m  [32m'hr employee'[39m,
[2m[WebServer] [22m  [32m'department head'[39m,
[2m[WebServer] [22m  [32m'hr manager'[39m,
[2m[WebServer] [22m  [32m'hr admin'[39m,
[2m[WebServer] [22m  [32m'system admin'[39m
[2m[WebServer] [22m]
[2m[WebServer] [22mHas required role? [33mtrue[39m
[2m[WebServer] [22mΓ£ö ACCESS GRANTED Γ£ö
[2m[WebServer] [22m≡ƒöì [TrackingController] getMyBalances: {
[2m[WebServer] [22m  query: [Object: null prototype] {},
[2m[WebServer] [22m  userId: [32m'6929e2de934d8e079e6f55b6'[39m
[2m[WebServer] [22m}
[2m[WebServer] [22m≡ƒöÑ JwtAuthGuard: canActivate CALLED
[2m[WebServer] [22m≡ƒöì JWT Extractor - All cookies: {
[2m[WebServer] [22m  accessToken: [32m'eyJhbGciOiJIUzI1NiIsInR5cCI6IkpXVCJ9.eyJzdWIiOiI2OTI5ZTJkZTkzNGQ4ZTA3OWU2ZjU1YjYiLCJ3b3JrRW1haWwiOiJlbmdlbXAxLndvcmtAZXhhbXBsZS5jb20iLCJyb2xlcyI6WyJkZXBhcnRtZW50IGVtcGxveWVlIl0sInBlcm1pc3Npb25zIjpbXSwicHJpbWFyeURlcGFydG1lbnRJZCI6IjY5Mjc1ZDhhZmMxMTg0YTNiM2U2YzU1ZiIsImVtcGxveWVlTnVtYmVyIjoiRU1QLTEwMjYiLCJpYXQiOjE3NjU5ODI5NjksImV4cCI6MTc2NjA2OTM2OX0.IrYyczGiDBRrGNt92GSKzs0Iyyd7HOHHFEWnAjP2oZg'[39m
[2m[WebServer] [22m}
[2m[WebServer] [22m≡ƒöì JWT Extractor - Headers: accessToken=eyJhbGciOiJIUzI1NiIsInR5cCI6IkpXVCJ9.eyJzdWIiOiI2OTI5ZTJkZTkzNGQ4ZTA3OWU2ZjU1YjYiLCJ3b3JrRW1haWwiOiJlbmdlbXAxLndvcmtAZXhhbXBsZS5jb20iLCJyb2xlcyI6WyJkZXBhcnRtZW50IGVtcGxveWVlIl0sInBlcm1pc3Npb25zIjpbXSwicHJpbWFyeURlcGFydG1lbnRJZCI6IjY5Mjc1ZDhhZmMxMTg0YTNiM2U2YzU1ZiIsImVtcGxveWVlTnVtYmVyIjoiRU1QLTEwMjYiLCJpYXQiOjE3NjU5ODI5NjksImV4cCI6MTc2NjA2OTM2OX0.IrYyczGiDBRrGNt92GSKzs0Iyyd7HOHHFEWnAjP2oZg
[2m[WebServer] [22m≡ƒöì JWT Extractor - accessToken: FOUND
[2m[WebServer] [22mJwtStrategy VALIDATE: {
[2m[WebServer] [22m  sub: [32m'6929e2de934d8e079e6f55b6'[39m,
[2m[WebServer] [22m  workEmail: [32m'engemp1.work@example.com'[39m,
[2m[WebServer] [22m  roles: [ [32m'department employee'[39m ],
[2m[WebServer] [22m  permissions: [],
[2m[WebServer] [22m  primaryDepartmentId: [32m'69275d8afc1184a3b3e6c55f'[39m,
[2m[WebServer] [22m  employeeNumber: [32m'EMP-1026'[39m,
[2m[WebServer] [22m  iat: [33m1765982969[39m,
[2m[WebServer] [22m  exp: [33m1766069369[39m
[2m[WebServer] [22m}
[2m[WebServer] [22m≡ƒöÑ JwtAuthGuard: handleRequest() {
[2m[WebServer] [22m  err: [1mnull[22m,
[2m[WebServer] [22m  user: {
[2m[WebServer] [22m    id: [32m'6929e2de934d8e079e6f55b6'[39m,
[2m[WebServer] [22m    workEmail: [32m'engemp1.work@example.com'[39m,
[2m[WebServer] [22m    roles: [ [32m'department employee'[39m ],
[2m[WebServer] [22m    permissions: [],
[2m[WebServer] [22m    primaryDepartmentId: [32m'69275d8afc1184a3b3e6c55f'[39m,
[2m[WebServer] [22m    employeeNumber: [32m'EMP-1026'[39m
[2m[WebServer] [22m  },
[2m[WebServer] [22m  info: [90mundefined[39m
[2m[WebServer] [22m}
[2m[WebServer] [22mΓ£à JwtAuthGuard SUCCESS ΓåÆ user authenticated: 6929e2de934d8e079e6f55b6
[2m[WebServer] [22m≡ƒöÑ RolesGuard running!
[2m[WebServer] [22m
[2m[WebServer] [22m===== ROLE GUARD =====
[2m[WebServer] [22mRequired roles: [
[2m[WebServer] [22m  [32m'department employee'[39m,
[2m[WebServer] [22m  [32m'HR Employee'[39m,
[2m[WebServer] [22m  [32m'department head'[39m,
[2m[WebServer] [22m  [32m'HR Manager'[39m,
[2m[WebServer] [22m  [32m'HR Admin'[39m,
[2m[WebServer] [22m  [32m'System Admin'[39m
[2m[WebServer] [22m]
[2m[WebServer] [22mUser object: {
[2m[WebServer] [22m  id: [32m'6929e2de934d8e079e6f55b6'[39m,
[2m[WebServer] [22m  workEmail: [32m'engemp1.work@example.com'[39m,
[2m[WebServer] [22m  roles: [ [32m'department employee'[39m ],
[2m[WebServer] [22m  permissions: [],
[2m[WebServer] [22m  primaryDepartmentId: [32m'69275d8afc1184a3b3e6c55f'[39m,
[2m[WebServer] [22m  employeeNumber: [32m'EMP-1026'[39m
[2m[WebServer] [22m}
[2m[WebServer] [22mNormalized user roles: [ [32m'department employee'[39m ]
[2m[WebServer] [22mNormalized required roles: [
[2m[WebServer] [22m  [32m'department employee'[39m,
[2m[WebServer] [22m  [32m'hr employee'[39m,
[2m[WebServer] [22m  [32m'department head'[39m,
[2m[WebServer] [22m  [32m'hr manager'[39m,
[2m[WebServer] [22m  [32m'hr admin'[39m,
[2m[WebServer] [22m  [32m'system admin'[39m
[2m[WebServer] [22m]
[2m[WebServer] [22mHas required role? [33mtrue[39m
[2m[WebServer] [22mΓ£ö ACCESS GRANTED Γ£ö
[2m[WebServer] [22m≡ƒöì [RequestsController] getMyRequests: { userId: [90mundefined[39m }
Γ£à Blocked period check accessible - REQ-008 validated
  Γ£ô  15 [chromium] ΓÇ║ leave-tests.spec.ts:295:7 ΓÇ║ ≡ƒÖï EMPLOYEE 1 (EMP-1026 - Engineering) - All Scenarios ΓÇ║ Γ£à G1: Blocked period validation (REQ-008) (9.0s)
≡ƒöÉ Logging in as: engemp1.work@example.com
[2m[WebServer] [22m GET /login [32m200[39m in 38ms[2m (compile: 2ms, render: 36ms)[22m
[2m[WebServer] [22m≡ƒöÑ JwtAuthGuard: canActivate CALLED
[2m[WebServer] [22m≡ƒöì JWT Extractor - All cookies: [Object: null prototype] {}
[2m[WebServer] [22m≡ƒöì JWT Extractor - Headers: [90mundefined[39m
[2m[WebServer] [22m≡ƒöì JWT Extractor - accessToken: NOT FOUND
[2m[WebServer] [22m≡ƒöÑ JwtAuthGuard: handleRequest() {
[2m[WebServer] [22m  err: [1mnull[22m,
[2m[WebServer] [22m  user: [33mfalse[39m,
[2m[WebServer] [22m  info: Error: No auth token
[2m[WebServer] [22m      at JwtStrategy.authenticate [90m(C:\Users\Bedon\Desktop\semester-5-software-project\backend\[39mnode_modules\[4mpassport-jwt[24m\lib\strategy.js:96:26[90m)[39m
[2m[WebServer] [22m      at attempt [90m(C:\Users\Bedon\Desktop\semester-5-software-project\backend\[39mnode_modules\[4mpassport[24m\lib\middleware\authenticate.js:378:16[90m)[39m
[2m[WebServer] [22m      at authenticate [90m(C:\Users\Bedon\Desktop\semester-5-software-project\backend\[39mnode_modules\[4mpassport[24m\lib\middleware\authenticate.js:379:7[90m)[39m
[2m[WebServer] [22m      at [90mC:\Users\Bedon\Desktop\semester-5-software-project\backend\[39mnode_modules\[4m@nestjs[24m\passport\dist\auth.guard.js:88:3
[2m[WebServer] [22m      at new Promise (<anonymous>)
[2m[WebServer] [22m      at [90mC:\Users\Bedon\Desktop\semester-5-software-project\backend\[39mnode_modules\[4m@nestjs[24m\passport\dist\auth.guard.js:80:83
[2m[WebServer] [22m      at JwtAuthGuard.canActivate [90m(C:\Users\Bedon\Desktop\semester-5-software-project\backend\[39mnode_modules\[4m@nestjs[24m\passport\dist\auth.guard.js:44:32[90m)[39m
[2m[WebServer] [22m  [90m    at process.processTicksAndRejections (node:internal/process/task_queues:105:5)[39m
[2m[WebServer] [22m}
[2m[WebServer] [22mΓ¥î JwtAuthGuard INFO: Error: No auth token
[2m[WebServer] [22m    at JwtStrategy.authenticate 
[90m(C:\Users\Bedon\Desktop\semester-5-software-project\backend\[39mnode_modules\[4mpassport-jwt[24m\lib\strategy.js:96:26[90m)[39m
[2m[WebServer] [22m    at attempt [90m(C:\Users\Bedon\Desktop\semester-5-software-project\backend\[39mnode_modules\[4mpassport[24m\lib\mi
ddleware\authenticate.js:378:16[90m)[39m
[2m[WebServer] [22m    at authenticate [90m(C:\Users\Bedon\Desktop\semester-5-software-project\backend\[39mnode_modules\[4mpassport[24m\l
ib\middleware\authenticate.js:379:7[90m)[39m
[2m[WebServer] [22m    at 
[90mC:\Users\Bedon\Desktop\semester-5-software-project\backend\[39mnode_modules\[4m@nestjs[24m\passport\dist\auth.guard.js:88:3
[2m[WebServer] [22m    at new Promise (<anonymous>)
[2m[WebServer] [22m    at 
[90mC:\Users\Bedon\Desktop\semester-5-software-project\backend\[39mnode_modules\[4m@nestjs[24m\passport\dist\auth.guard.js:80:83
[2m[WebServer] [22m    at JwtAuthGuard.canActivate [90m(C:\Users\Bedon\Desktop\semester-5-software-project\backend\[39mnode_modules\[4m@ne
stjs[24m\passport\dist\auth.guard.js:44:32[90m)[39m
[2m[WebServer] [22m[90m    at process.processTicksAndRejections (node:internal/process/task_queues:105:5)[39m
[2m[WebServer] [22mΓ¥î JwtAuthGuard FAILING ΓåÆ No auth token
[2m[WebServer] [22mVALIDATE EMPLOYEE - systemRole = {
[2m[WebServer] [22m  _id: new ObjectId([32m'6929e2de934d8e079e6f55b8'[39m),
[2m[WebServer] [22m  employeeProfileId: new ObjectId([32m'6929e2de934d8e079e6f55b6'[39m),
[2m[WebServer] [22m  roles: [ [32m'department employee'[39m ],
[2m[WebServer] [22m  permissions: [],
[2m[WebServer] [22m  isActive: [33mtrue[39m,
[2m[WebServer] [22m  createdAt: [35m2025-11-28T17:58:54.894Z[39m,
[2m[WebServer] [22m  updatedAt: [35m2025-11-28T17:58:54.894Z[39m,
[2m[WebServer] [22m  __v: [33m0[39m
[2m[WebServer] [22m}
[2m[WebServer] [22mGenerated token: eyJhbGciOiJIUzI1NiIsInR5cCI6IkpXVCJ9.eyJzdWIiOiI2OTI5ZTJkZTkzNGQ4ZTA3OWU2ZjU1YjYiLCJ3b3JrRW1haWwiOiJlbmdlbXAxLndvcmtAZXhhbXBsZS5jb20iLCJyb2xlcyI6WyJkZXBhcnRtZW50IGVtcGxveWVlIl0sInBlcm1pc3Npb25zIjpbXSwicHJpbWFyeURlcGFydG1lbnRJZCI6IjY5Mjc1ZDhhZmMxMTg0YTNiM2U2YzU1ZiIsImVtcGxveWVlTnVtYmVyIjoiRU1QLTEwMjYiLCJpYXQiOjE3NjU5ODI5NzgsImV4cCI6MTc2NjA2OTM3OH0.482e9Syg1Cn7Jr_rgFmmHaY-GVIDzaNzfj1PEwSwiZ0
[2m[WebServer] [22m GET /leaves [32m200[39m in 17ms[2m (compile: 3ms, render: 15ms)[22m
[2m[WebServer] [22m≡ƒöÑ JwtAuthGuard: canActivate CALLED
[2m[WebServer] [22m≡ƒöì JWT Extractor - All cookies: {
[2m[WebServer] [22m  accessToken: [32m'eyJhbGciOiJIUzI1NiIsInR5cCI6IkpXVCJ9.eyJzdWIiOiI2OTI5ZTJkZTkzNGQ4ZTA3OWU2ZjU1YjYiLCJ3b3JrRW1haWwiOiJlbmdlbXAxLndvcmtAZXhhbXBsZS5jb20iLCJyb2xlcyI6WyJkZXBhcnRtZW50IGVtcGxveWVlIl0sInBlcm1pc3Npb25zIjpbXSwicHJpbWFyeURlcGFydG1lbnRJZCI6IjY5Mjc1ZDhhZmMxMTg0YTNiM2U2YzU1ZiIsImVtcGxveWVlTnVtYmVyIjoiRU1QLTEwMjYiLCJpYXQiOjE3NjU5ODI5NzgsImV4cCI6MTc2NjA2OTM3OH0.482e9Syg1Cn7Jr_rgFmmHaY-GVIDzaNzfj1PEwSwiZ0'[39m
[2m[WebServer] [22m}
[2m[WebServer] [22m≡ƒöì JWT Extractor - Headers: accessToken=eyJhbGciOiJIUzI1NiIsInR5cCI6IkpXVCJ9.eyJzdWIiOiI2OTI5ZTJkZTkzNGQ4ZTA3OWU2ZjU1YjYiLCJ3b3JrRW1haWwiOiJlbmdlbXAxLndvcmtAZXhhbXBsZS5jb20iLCJyb2xlcyI6WyJkZXBhcnRtZW50IGVtcGxveWVlIl0sInBlcm1pc3Npb25zIjpbXSwicHJpbWFyeURlcGFydG1lbnRJZCI6IjY5Mjc1ZDhhZmMxMTg0YTNiM2U2YzU1ZiIsImVtcGxveWVlTnVtYmVyIjoiRU1QLTEwMjYiLCJpYXQiOjE3NjU5ODI5NzgsImV4cCI6MTc2NjA2OTM3OH0.482e9Syg1Cn7Jr_rgFmmHaY-GVIDzaNzfj1PEwSwiZ0
[2m[WebServer] [22m≡ƒöì JWT Extractor - accessToken: FOUND
[2m[WebServer] [22mJwtStrategy VALIDATE: {
[2m[WebServer] [22m  sub: [32m'6929e2de934d8e079e6f55b6'[39m,
[2m[WebServer] [22m  workEmail: [32m'engemp1.work@example.com'[39m,
[2m[WebServer] [22m  roles: [ [32m'department employee'[39m ],
[2m[WebServer] [22m  permissions: [],
[2m[WebServer] [22m  primaryDepartmentId: [32m'69275d8afc1184a3b3e6c55f'[39m,
[2m[WebServer] [22m  employeeNumber: [32m'EMP-1026'[39m,
[2m[WebServer] [22m  iat: [33m1765982978[39m,
[2m[WebServer] [22m  exp: [33m1766069378[39m
[2m[WebServer] [22m}
[2m[WebServer] [22m≡ƒöÑ JwtAuthGuard: handleRequest() {
[2m[WebServer] [22m  err: [1mnull[22m,
[2m[WebServer] [22m  user: {
[2m[WebServer] [22m    id: [32m'6929e2de934d8e079e6f55b6'[39m,
[2m[WebServer] [22m    workEmail: [32m'engemp1.work@example.com'[39m,
[2m[WebServer] [22m    roles: [ [32m'department employee'[39m ],
[2m[WebServer] [22m    permissions: [],
[2m[WebServer] [22m    primaryDepartmentId: [32m'69275d8afc1184a3b3e6c55f'[39m,
[2m[WebServer] [22m    employeeNumber: [32m'EMP-1026'[39m
[2m[WebServer] [22m  },
[2m[WebServer] [22m  info: [90mundefined[39m
[2m[WebServer] [22m}
[2m[WebServer] [22mΓ£à JwtAuthGuard SUCCESS ΓåÆ user authenticated: 6929e2de934d8e079e6f55b6
[2m[WebServer] [22m≡ƒöÑ RolesGuard running!
[2m[WebServer] [22m
[2m[WebServer] [22m===== ROLE GUARD =====
[2m[WebServer] [22mRequired roles: [
[2m[WebServer] [22m  [32m'department employee'[39m,
[2m[WebServer] [22m  [32m'HR Employee'[39m,
[2m[WebServer] [22m  [32m'department head'[39m,
[2m[WebServer] [22m  [32m'HR Manager'[39m,
[2m[WebServer] [22m  [32m'HR Admin'[39m,
[2m[WebServer] [22m  [32m'System Admin'[39m
[2m[WebServer] [22m]
[2m[WebServer] [22mUser object: {
[2m[WebServer] [22m  id: [32m'6929e2de934d8e079e6f55b6'[39m,
[2m[WebServer] [22m  workEmail: [32m'engemp1.work@example.com'[39m,
[2m[WebServer] [22m  roles: [ [32m'department employee'[39m ],
[2m[WebServer] [22m  permissions: [],
[2m[WebServer] [22m  primaryDepartmentId: [32m'69275d8afc1184a3b3e6c55f'[39m,
[2m[WebServer] [22m  employeeNumber: [32m'EMP-1026'[39m
[2m[WebServer] [22m}
[2m[WebServer] [22mNormalized user roles: [ [32m'department employee'[39m ]
[2m[WebServer] [22mNormalized required roles: [
[2m[WebServer] [22m  [32m'department employee'[39m,
[2m[WebServer] [22m  [32m'hr employee'[39m,
[2m[WebServer] [22m  [32m'department head'[39m,
[2m[WebServer] [22m  [32m'hr manager'[39m,
[2m[WebServer] [22m  [32m'hr admin'[39m,
[2m[WebServer] [22m  [32m'system admin'[39m
[2m[WebServer] [22m]
[2m[WebServer] [22mHas required role? [33mtrue[39m
[2m[WebServer] [22mΓ£ö ACCESS GRANTED Γ£ö
[2m[WebServer] [22m≡ƒöì [TrackingController] getMyBalances: {
[2m[WebServer] [22m  query: [Object: null prototype] {},
[2m[WebServer] [22m  userId: [32m'6929e2de934d8e079e6f55b6'[39m
[2m[WebServer] [22m}
[2m[WebServer] [22m≡ƒöÑ JwtAuthGuard: canActivate CALLED
[2m[WebServer] [22m≡ƒöì JWT Extractor - All cookies: {
[2m[WebServer] [22m  accessToken: [32m'eyJhbGciOiJIUzI1NiIsInR5cCI6IkpXVCJ9.eyJzdWIiOiI2OTI5ZTJkZTkzNGQ4ZTA3OWU2ZjU1YjYiLCJ3b3JrRW1haWwiOiJlbmdlbXAxLndvcmtAZXhhbXBsZS5jb20iLCJyb2xlcyI6WyJkZXBhcnRtZW50IGVtcGxveWVlIl0sInBlcm1pc3Npb25zIjpbXSwicHJpbWFyeURlcGFydG1lbnRJZCI6IjY5Mjc1ZDhhZmMxMTg0YTNiM2U2YzU1ZiIsImVtcGxveWVlTnVtYmVyIjoiRU1QLTEwMjYiLCJpYXQiOjE3NjU5ODI5NzgsImV4cCI6MTc2NjA2OTM3OH0.482e9Syg1Cn7Jr_rgFmmHaY-GVIDzaNzfj1PEwSwiZ0'[39m
[2m[WebServer] [22m}
[2m[WebServer] [22m≡ƒöì JWT Extractor - Headers: accessToken=eyJhbGciOiJIUzI1NiIsInR5cCI6IkpXVCJ9.eyJzdWIiOiI2OTI5ZTJkZTkzNGQ4ZTA3OWU2ZjU1YjYiLCJ3b3JrRW1haWwiOiJlbmdlbXAxLndvcmtAZXhhbXBsZS5jb20iLCJyb2xlcyI6WyJkZXBhcnRtZW50IGVtcGxveWVlIl0sInBlcm1pc3Npb25zIjpbXSwicHJpbWFyeURlcGFydG1lbnRJZCI6IjY5Mjc1ZDhhZmMxMTg0YTNiM2U2YzU1ZiIsImVtcGxveWVlTnVtYmVyIjoiRU1QLTEwMjYiLCJpYXQiOjE3NjU5ODI5NzgsImV4cCI6MTc2NjA2OTM3OH0.482e9Syg1Cn7Jr_rgFmmHaY-GVIDzaNzfj1PEwSwiZ0
[2m[WebServer] [22m≡ƒöì JWT Extractor - accessToken: FOUND
[2m[WebServer] [22mJwtStrategy VALIDATE: {
[2m[WebServer] [22m  sub: [32m'6929e2de934d8e079e6f55b6'[39m,
[2m[WebServer] [22m  workEmail: [32m'engemp1.work@example.com'[39m,
[2m[WebServer] [22m  roles: [ [32m'department employee'[39m ],
[2m[WebServer] [22m  permissions: [],
[2m[WebServer] [22m  primaryDepartmentId: [32m'69275d8afc1184a3b3e6c55f'[39m,
[2m[WebServer] [22m  employeeNumber: [32m'EMP-1026'[39m,
[2m[WebServer] [22m  iat: [33m1765982978[39m,
[2m[WebServer] [22m  exp: [33m1766069378[39m
[2m[WebServer] [22m}
[2m[WebServer] [22m≡ƒöÑ JwtAuthGuard: handleRequest() {
[2m[WebServer] [22m  err: [1mnull[22m,
[2m[WebServer] [22m  user: {
[2m[WebServer] [22m    id: [32m'6929e2de934d8e079e6f55b6'[39m,
[2m[WebServer] [22m    workEmail: [32m'engemp1.work@example.com'[39m,
[2m[WebServer] [22m    roles: [ [32m'department employee'[39m ],
[2m[WebServer] [22m    permissions: [],
[2m[WebServer] [22m    primaryDepartmentId: [32m'69275d8afc1184a3b3e6c55f'[39m,
[2m[WebServer] [22m    employeeNumber: [32m'EMP-1026'[39m
[2m[WebServer] [22m  },
[2m[WebServer] [22m  info: [90mundefined[39m
[2m[WebServer] [22m}
[2m[WebServer] [22mΓ£à JwtAuthGuard SUCCESS ΓåÆ user authenticated: 6929e2de934d8e079e6f55b6
[2m[WebServer] [22m≡ƒöÑ RolesGuard running!
[2m[WebServer] [22m
[2m[WebServer] [22m===== ROLE GUARD =====
[2m[WebServer] [22mRequired roles: [
[2m[WebServer] [22m  [32m'department employee'[39m,
[2m[WebServer] [22m  [32m'HR Employee'[39m,
[2m[WebServer] [22m  [32m'department head'[39m,
[2m[WebServer] [22m  [32m'HR Manager'[39m,
[2m[WebServer] [22m  [32m'HR Admin'[39m,
[2m[WebServer] [22m  [32m'System Admin'[39m
[2m[WebServer] [22m]
[2m[WebServer] [22mUser object: {
[2m[WebServer] [22m  id: [32m'6929e2de934d8e079e6f55b6'[39m,
[2m[WebServer] [22m  workEmail: [32m'engemp1.work@example.com'[39m,
[2m[WebServer] [22m  roles: [ [32m'department employee'[39m ],
[2m[WebServer] [22m  permissions: [],
[2m[WebServer] [22m  primaryDepartmentId: [32m'69275d8afc1184a3b3e6c55f'[39m,
[2m[WebServer] [22m  employeeNumber: [32m'EMP-1026'[39m
[2m[WebServer] [22m}
[2m[WebServer] [22mNormalized user roles: [ [32m'department employee'[39m ]
[2m[WebServer] [22mNormalized required roles: [
[2m[WebServer] [22m  [32m'department employee'[39m,
[2m[WebServer] [22m  [32m'hr employee'[39m,
[2m[WebServer] [22m  [32m'department head'[39m,
[2m[WebServer] [22m  [32m'hr manager'[39m,
[2m[WebServer] [22m  [32m'hr admin'[39m,
[2m[WebServer] [22m  [32m'system admin'[39m
[2m[WebServer] [22m]
[2m[WebServer] [22mHas required role? [33mtrue[39m
[2m[WebServer] [22mΓ£ö ACCESS GRANTED Γ£ö
[2m[WebServer] [22m≡ƒöì [TrackingController] getMyHistory: {
[2m[WebServer] [22m  filters: [Object: null prototype] {},
[2m[WebServer] [22m  userId: [32m'6929e2de934d8e079e6f55b6'[39m
[2m[WebServer] [22m}
Γ£à Login successful
≡ƒöä Testing: REQ-030 (Returned requests)
[2m[WebServer] [22m GET /leaves/my-leaves [32m200[39m in 42ms[2m (compile: 2ms, render: 40ms)[22m
[2m[WebServer] [22m≡ƒöÑ JwtAuthGuard: canActivate CALLED
[2m[WebServer] [22m≡ƒöì JWT Extractor - All cookies: {
[2m[WebServer] [22m  accessToken: [32m'eyJhbGciOiJIUzI1NiIsInR5cCI6IkpXVCJ9.eyJzdWIiOiI2OTI5ZTJkZTkzNGQ4ZTA3OWU2ZjU1YjYiLCJ3b3JrRW1haWwiOiJlbmdlbXAxLndvcmtAZXhhbXBsZS5jb20iLCJyb2xlcyI6WyJkZXBhcnRtZW50IGVtcGxveWVlIl0sInBlcm1pc3Npb25zIjpbXSwicHJpbWFyeURlcGFydG1lbnRJZCI6IjY5Mjc1ZDhhZmMxMTg0YTNiM2U2YzU1ZiIsImVtcGxveWVlTnVtYmVyIjoiRU1QLTEwMjYiLCJpYXQiOjE3NjU5ODI5NzgsImV4cCI6MTc2NjA2OTM3OH0.482e9Syg1Cn7Jr_rgFmmHaY-GVIDzaNzfj1PEwSwiZ0'[39m
[2m[WebServer] [22m}
[2m[WebServer] [22m≡ƒöì JWT Extractor - Headers: accessToken=eyJhbGciOiJIUzI1NiIsInR5cCI6IkpXVCJ9.eyJzdWIiOiI2OTI5ZTJkZTkzNGQ4ZTA3OWU2ZjU1YjYiLCJ3b3JrRW1haWwiOiJlbmdlbXAxLndvcmtAZXhhbXBsZS5jb20iLCJyb2xlcyI6WyJkZXBhcnRtZW50IGVtcGxveWVlIl0sInBlcm1pc3Npb25zIjpbXSwicHJpbWFyeURlcGFydG1lbnRJZCI6IjY5Mjc1ZDhhZmMxMTg0YTNiM2U2YzU1ZiIsImVtcGxveWVlTnVtYmVyIjoiRU1QLTEwMjYiLCJpYXQiOjE3NjU5ODI5NzgsImV4cCI6MTc2NjA2OTM3OH0.482e9Syg1Cn7Jr_rgFmmHaY-GVIDzaNzfj1PEwSwiZ0
[2m[WebServer] [22m≡ƒöì JWT Extractor - accessToken: FOUND
[2m[WebServer] [22mJwtStrategy VALIDATE: {
[2m[WebServer] [22m  sub: [32m'6929e2de934d8e079e6f55b6'[39m,
[2m[WebServer] [22m  workEmail: [32m'engemp1.work@example.com'[39m,
[2m[WebServer] [22m  roles: [ [32m'department employee'[39m ],
[2m[WebServer] [22m  permissions: [],
[2m[WebServer] [22m  primaryDepartmentId: [32m'69275d8afc1184a3b3e6c55f'[39m,
[2m[WebServer] [22m  employeeNumber: [32m'EMP-1026'[39m,
[2m[WebServer] [22m  iat: [33m1765982978[39m,
[2m[WebServer] [22m  exp: [33m1766069378[39m
[2m[WebServer] [22m}
[2m[WebServer] [22m≡ƒöÑ JwtAuthGuard: handleRequest() {
[2m[WebServer] [22m  err: [1mnull[22m,
[2m[WebServer] [22m  user: {
[2m[WebServer] [22m    id: [32m'6929e2de934d8e079e6f55b6'[39m,
[2m[WebServer] [22m    workEmail: [32m'engemp1.work@example.com'[39m,
[2m[WebServer] [22m    roles: [ [32m'department employee'[39m ],
[2m[WebServer] [22m    permissions: [],
[2m[WebServer] [22m    primaryDepartmentId: [32m'69275d8afc1184a3b3e6c55f'[39m,
[2m[WebServer] [22m    employeeNumber: [32m'EMP-1026'[39m
[2m[WebServer] [22m  },
[2m[WebServer] [22m  info: [90mundefined[39m
[2m[WebServer] [22m}
[2m[WebServer] [22mΓ£à JwtAuthGuard SUCCESS ΓåÆ user authenticated: 6929e2de934d8e079e6f55b6
[2m[WebServer] [22m≡ƒöì [LeaveTypeController] findAll
[2m[WebServer] [22m≡ƒöÑ JwtAuthGuard: canActivate CALLED
[2m[WebServer] [22m≡ƒöì JWT Extractor - All cookies: {
[2m[WebServer] [22m  accessToken: [32m'eyJhbGciOiJIUzI1NiIsInR5cCI6IkpXVCJ9.eyJzdWIiOiI2OTI5ZTJkZTkzNGQ4ZTA3OWU2ZjU1YjYiLCJ3b3JrRW1haWwiOiJlbmdlbXAxLndvcmtAZXhhbXBsZS5jb20iLCJyb2xlcyI6WyJkZXBhcnRtZW50IGVtcGxveWVlIl0sInBlcm1pc3Npb25zIjpbXSwicHJpbWFyeURlcGFydG1lbnRJZCI6IjY5Mjc1ZDhhZmMxMTg0YTNiM2U2YzU1ZiIsImVtcGxveWVlTnVtYmVyIjoiRU1QLTEwMjYiLCJpYXQiOjE3NjU5ODI5NzgsImV4cCI6MTc2NjA2OTM3OH0.482e9Syg1Cn7Jr_rgFmmHaY-GVIDzaNzfj1PEwSwiZ0'[39m
[2m[WebServer] [22m}
[2m[WebServer] [22m≡ƒöì JWT Extractor - Headers: accessToken=eyJhbGciOiJIUzI1NiIsInR5cCI6IkpXVCJ9.eyJzdWIiOiI2OTI5ZTJkZTkzNGQ4ZTA3OWU2ZjU1YjYiLCJ3b3JrRW1haWwiOiJlbmdlbXAxLndvcmtAZXhhbXBsZS5jb20iLCJyb2xlcyI6WyJkZXBhcnRtZW50IGVtcGxveWVlIl0sInBlcm1pc3Npb25zIjpbXSwicHJpbWFyeURlcGFydG1lbnRJZCI6IjY5Mjc1ZDhhZmMxMTg0YTNiM2U2YzU1ZiIsImVtcGxveWVlTnVtYmVyIjoiRU1QLTEwMjYiLCJpYXQiOjE3NjU5ODI5NzgsImV4cCI6MTc2NjA2OTM3OH0.482e9Syg1Cn7Jr_rgFmmHaY-GVIDzaNzfj1PEwSwiZ0
[2m[WebServer] [22m≡ƒöì JWT Extractor - accessToken: FOUND
[2m[WebServer] [22mJwtStrategy VALIDATE: {
[2m[WebServer] [22m  sub: [32m'6929e2de934d8e079e6f55b6'[39m,
[2m[WebServer] [22m  workEmail: [32m'engemp1.work@example.com'[39m,
[2m[WebServer] [22m  roles: [ [32m'department employee'[39m ],
[2m[WebServer] [22m  permissions: [],
[2m[WebServer] [22m  primaryDepartmentId: [32m'69275d8afc1184a3b3e6c55f'[39m,
[2m[WebServer] [22m  employeeNumber: [32m'EMP-1026'[39m,
[2m[WebServer] [22m  iat: [33m1765982978[39m,
[2m[WebServer] [22m  exp: [33m1766069378[39m
[2m[WebServer] [22m}
[2m[WebServer] [22m≡ƒöÑ JwtAuthGuard: handleRequest() {
[2m[WebServer] [22m  err: [1mnull[22m,
[2m[WebServer] [22m  user: {
[2m[WebServer] [22m    id: [32m'6929e2de934d8e079e6f55b6'[39m,
[2m[WebServer] [22m    workEmail: [32m'engemp1.work@example.com'[39m,
[2m[WebServer] [22m    roles: [ [32m'department employee'[39m ],
[2m[WebServer] [22m    permissions: [],
[2m[WebServer] [22m    primaryDepartmentId: [32m'69275d8afc1184a3b3e6c55f'[39m,
[2m[WebServer] [22m    employeeNumber: [32m'EMP-1026'[39m
[2m[WebServer] [22m  },
[2m[WebServer] [22m  info: [90mundefined[39m
[2m[WebServer] [22m}
[2m[WebServer] [22mΓ£à JwtAuthGuard SUCCESS ΓåÆ user authenticated: 6929e2de934d8e079e6f55b6
[2m[WebServer] [22m≡ƒöÑ RolesGuard running!
[2m[WebServer] [22m
[2m[WebServer] [22m===== ROLE GUARD =====
[2m[WebServer] [22mRequired roles: [
[2m[WebServer] [22m  [32m'department employee'[39m,
[2m[WebServer] [22m  [32m'HR Employee'[39m,
[2m[WebServer] [22m  [32m'department head'[39m,
[2m[WebServer] [22m  [32m'HR Manager'[39m,
[2m[WebServer] [22m  [32m'HR Admin'[39m,
[2m[WebServer] [22m  [32m'System Admin'[39m
[2m[WebServer] [22m]
[2m[WebServer] [22mUser object: {
[2m[WebServer] [22m  id: [32m'6929e2de934d8e079e6f55b6'[39m,
[2m[WebServer] [22m  workEmail: [32m'engemp1.work@example.com'[39m,
[2m[WebServer] [22m  roles: [ [32m'department employee'[39m ],
[2m[WebServer] [22m  permissions: [],
[2m[WebServer] [22m  primaryDepartmentId: [32m'69275d8afc1184a3b3e6c55f'[39m,
[2m[WebServer] [22m  employeeNumber: [32m'EMP-1026'[39m
[2m[WebServer] [22m}
[2m[WebServer] [22mNormalized user roles: [ [32m'department employee'[39m ]
[2m[WebServer] [22mNormalized required roles: [
[2m[WebServer] [22m  [32m'department employee'[39m,
[2m[WebServer] [22m  [32m'hr employee'[39m,
[2m[WebServer] [22m  [32m'department head'[39m,
[2m[WebServer] [22m  [32m'hr manager'[39m,
[2m[WebServer] [22m  [32m'hr admin'[39m,
[2m[WebServer] [22m  [32m'system admin'[39m
[2m[WebServer] [22m]
[2m[WebServer] [22mHas required role? [33mtrue[39m
[2m[WebServer] [22mΓ£ö ACCESS GRANTED Γ£ö
[2m[WebServer] [22m≡ƒöì [TrackingController] getMyBalances: {
[2m[WebServer] [22m  query: [Object: null prototype] {},
[2m[WebServer] [22m  userId: [32m'6929e2de934d8e079e6f55b6'[39m
[2m[WebServer] [22m}
[2m[WebServer] [22m≡ƒöÑ JwtAuthGuard: canActivate CALLED
[2m[WebServer] [22m≡ƒöì JWT Extractor - All cookies: {
[2m[WebServer] [22m  accessToken: [32m'eyJhbGciOiJIUzI1NiIsInR5cCI6IkpXVCJ9.eyJzdWIiOiI2OTI5ZTJkZTkzNGQ4ZTA3OWU2ZjU1YjYiLCJ3b3JrRW1haWwiOiJlbmdlbXAxLndvcmtAZXhhbXBsZS5jb20iLCJyb2xlcyI6WyJkZXBhcnRtZW50IGVtcGxveWVlIl0sInBlcm1pc3Npb25zIjpbXSwicHJpbWFyeURlcGFydG1lbnRJZCI6IjY5Mjc1ZDhhZmMxMTg0YTNiM2U2YzU1ZiIsImVtcGxveWVlTnVtYmVyIjoiRU1QLTEwMjYiLCJpYXQiOjE3NjU5ODI5NzgsImV4cCI6MTc2NjA2OTM3OH0.482e9Syg1Cn7Jr_rgFmmHaY-GVIDzaNzfj1PEwSwiZ0'[39m
[2m[WebServer] [22m}
[2m[WebServer] [22m≡ƒöì JWT Extractor - Headers: accessToken=eyJhbGciOiJIUzI1NiIsInR5cCI6IkpXVCJ9.eyJzdWIiOiI2OTI5ZTJkZTkzNGQ4ZTA3OWU2ZjU1YjYiLCJ3b3JrRW1haWwiOiJlbmdlbXAxLndvcmtAZXhhbXBsZS5jb20iLCJyb2xlcyI6WyJkZXBhcnRtZW50IGVtcGxveWVlIl0sInBlcm1pc3Npb25zIjpbXSwicHJpbWFyeURlcGFydG1lbnRJZCI6IjY5Mjc1ZDhhZmMxMTg0YTNiM2U2YzU1ZiIsImVtcGxveWVlTnVtYmVyIjoiRU1QLTEwMjYiLCJpYXQiOjE3NjU5ODI5NzgsImV4cCI6MTc2NjA2OTM3OH0.482e9Syg1Cn7Jr_rgFmmHaY-GVIDzaNzfj1PEwSwiZ0
[2m[WebServer] [22m≡ƒöì JWT Extractor - accessToken: FOUND
[2m[WebServer] [22mJwtStrategy VALIDATE: {
[2m[WebServer] [22m  sub: [32m'6929e2de934d8e079e6f55b6'[39m,
[2m[WebServer] [22m  workEmail: [32m'engemp1.work@example.com'[39m,
[2m[WebServer] [22m  roles: [ [32m'department employee'[39m ],
[2m[WebServer] [22m  permissions: [],
[2m[WebServer] [22m  primaryDepartmentId: [32m'69275d8afc1184a3b3e6c55f'[39m,
[2m[WebServer] [22m  employeeNumber: [32m'EMP-1026'[39m,
[2m[WebServer] [22m  iat: [33m1765982978[39m,
[2m[WebServer] [22m  exp: [33m1766069378[39m
[2m[WebServer] [22m}
[2m[WebServer] [22m≡ƒöÑ JwtAuthGuard: handleRequest() {
[2m[WebServer] [22m  err: [1mnull[22m,
[2m[WebServer] [22m  user: {
[2m[WebServer] [22m    id: [32m'6929e2de934d8e079e6f55b6'[39m,
[2m[WebServer] [22m    workEmail: [32m'engemp1.work@example.com'[39m,
[2m[WebServer] [22m    roles: [ [32m'department employee'[39m ],
[2m[WebServer] [22m    permissions: [],
[2m[WebServer] [22m    primaryDepartmentId: [32m'69275d8afc1184a3b3e6c55f'[39m,
[2m[WebServer] [22m    employeeNumber: [32m'EMP-1026'[39m
[2m[WebServer] [22m  },
[2m[WebServer] [22m  info: [90mundefined[39m
[2m[WebServer] [22m}
[2m[WebServer] [22mΓ£à JwtAuthGuard SUCCESS ΓåÆ user authenticated: 6929e2de934d8e079e6f55b6
[2m[WebServer] [22m≡ƒöÑ RolesGuard running!
[2m[WebServer] [22m
[2m[WebServer] [22m===== ROLE GUARD =====
[2m[WebServer] [22mRequired roles: [
[2m[WebServer] [22m  [32m'department employee'[39m,
[2m[WebServer] [22m  [32m'HR Employee'[39m,
[2m[WebServer] [22m  [32m'department head'[39m,
[2m[WebServer] [22m  [32m'HR Manager'[39m,
[2m[WebServer] [22m  [32m'HR Admin'[39m,
[2m[WebServer] [22m  [32m'System Admin'[39m
[2m[WebServer] [22m]
[2m[WebServer] [22mUser object: {
[2m[WebServer] [22m  id: [32m'6929e2de934d8e079e6f55b6'[39m,
[2m[WebServer] [22m  workEmail: [32m'engemp1.work@example.com'[39m,
[2m[WebServer] [22m  roles: [ [32m'department employee'[39m ],
[2m[WebServer] [22m  permissions: [],
[2m[WebServer] [22m  primaryDepartmentId: [32m'69275d8afc1184a3b3e6c55f'[39m,
[2m[WebServer] [22m  employeeNumber: [32m'EMP-1026'[39m
[2m[WebServer] [22m}
[2m[WebServer] [22mNormalized user roles: [ [32m'department employee'[39m ]
[2m[WebServer] [22mNormalized required roles: [
[2m[WebServer] [22m  [32m'department employee'[39m,
[2m[WebServer] [22m  [32m'hr employee'[39m,
[2m[WebServer] [22m  [32m'department head'[39m,
[2m[WebServer] [22m  [32m'hr manager'[39m,
[2m[WebServer] [22m  [32m'hr admin'[39m,
[2m[WebServer] [22m  [32m'system admin'[39m
[2m[WebServer] [22m]
[2m[WebServer] [22mHas required role? [33mtrue[39m
[2m[WebServer] [22mΓ£ö ACCESS GRANTED Γ£ö
[2m[WebServer] [22m≡ƒöì [RequestsController] getMyRequests: { userId: [90mundefined[39m }
Γ£à Returned request handling accessible - REQ-030 validated
  Γ£ô  16 [chromium] ΓÇ║ leave-tests.spec.ts:307:7 ΓÇ║ ≡ƒÖï EMPLOYEE 1 (EMP-1026 - Engineering) - All Scenarios ΓÇ║ Γ£à H1: Handle returned request (REQ-030) (9.1s)
≡ƒöÉ Logging in as: financeemp1.work@example.com
[2m[WebServer] [22m GET /login [32m200[39m in 43ms[2m (compile: 3ms, render: 40ms)[22m
[2m[WebServer] [22m≡ƒöÑ JwtAuthGuard: canActivate CALLED
[2m[WebServer] [22m≡ƒöì JWT Extractor - All cookies: [Object: null prototype] {}
[2m[WebServer] [22m≡ƒöì JWT Extractor - Headers: [90mundefined[39m
[2m[WebServer] [22m≡ƒöì JWT Extractor - accessToken: NOT FOUND
[2m[WebServer] [22m≡ƒöÑ JwtAuthGuard: handleRequest() {
[2m[WebServer] [22m  err: [1mnull[22m,
[2m[WebServer] [22m  user: [33mfalse[39m,
[2m[WebServer] [22m  info: Error: No auth token
[2m[WebServer] [22m      at JwtStrategy.authenticate [90m(C:\Users\Bedon\Desktop\semester-5-software-project\backend\[39mnode_modules\[4mpassport-jwt[24m\lib\strategy.js:96:26[90m)[39m
[2m[WebServer] [22m      at attempt [90m(C:\Users\Bedon\Desktop\semester-5-software-project\backend\[39mnode_modules\[4mpassport[24m\lib\middleware\authenticate.js:378:16[90m)[39m
[2m[WebServer] [22m      at authenticate [90m(C:\Users\Bedon\Desktop\semester-5-software-project\backend\[39mnode_modules\[4mpassport[24m\lib\middleware\authenticate.js:379:7[90m)[39m
[2m[WebServer] [22m      at [90mC:\Users\Bedon\Desktop\semester-5-software-project\backend\[39mnode_modules\[4m@nestjs[24m\passport\dist\auth.guard.js:88:3
[2m[WebServer] [22m      at new Promise (<anonymous>)
[2m[WebServer] [22m      at [90mC:\Users\Bedon\Desktop\semester-5-software-project\backend\[39mnode_modules\[4m@nestjs[24m\passport\dist\auth.guard.js:80:83
[2m[WebServer] [22m      at JwtAuthGuard.canActivate [90m(C:\Users\Bedon\Desktop\semester-5-software-project\backend\[39mnode_modules\[4m@nestjs[24m\passport\dist\auth.guard.js:44:32[90m)[39m
[2m[WebServer] [22m  [90m    at process.processTicksAndRejections (node:internal/process/task_queues:105:5)[39m
[2m[WebServer] [22m}
[2m[WebServer] [22mΓ¥î JwtAuthGuard INFO: Error: No auth token
[2m[WebServer] [22m    at JwtStrategy.authenticate 
[90m(C:\Users\Bedon\Desktop\semester-5-software-project\backend\[39mnode_modules\[4mpassport-jwt[24m\lib\strategy.js:96:26[90m)[39m
[2m[WebServer] [22m    at attempt [90m(C:\Users\Bedon\Desktop\semester-5-software-project\backend\[39mnode_modules\[4mpassport[24m\lib\mi
ddleware\authenticate.js:378:16[90m)[39m
[2m[WebServer] [22m    at authenticate [90m(C:\Users\Bedon\Desktop\semester-5-software-project\backend\[39mnode_modules\[4mpassport[24m\l
ib\middleware\authenticate.js:379:7[90m)[39m
[2m[WebServer] [22m    at 
[90mC:\Users\Bedon\Desktop\semester-5-software-project\backend\[39mnode_modules\[4m@nestjs[24m\passport\dist\auth.guard.js:88:3
[2m[WebServer] [22m    at new Promise (<anonymous>)
[2m[WebServer] [22m    at 
[90mC:\Users\Bedon\Desktop\semester-5-software-project\backend\[39mnode_modules\[4m@nestjs[24m\passport\dist\auth.guard.js:80:83
[2m[WebServer] [22m    at JwtAuthGuard.canActivate [90m(C:\Users\Bedon\Desktop\semester-5-software-project\backend\[39mnode_modules\[4m@ne
stjs[24m\passport\dist\auth.guard.js:44:32[90m)[39m
[2m[WebServer] [22m[90m    at process.processTicksAndRejections (node:internal/process/task_queues:105:5)[39m
[2m[WebServer] [22mΓ¥î JwtAuthGuard FAILING ΓåÆ No auth token
[2m[WebServer] [22mVALIDATE EMPLOYEE - systemRole = {
[2m[WebServer] [22m  _id: new ObjectId([32m'6929e329934d8e079e6f55bd'[39m),
[2m[WebServer] [22m  employeeProfileId: new ObjectId([32m'6929e329934d8e079e6f55bb'[39m),
[2m[WebServer] [22m  roles: [ [32m'department employee'[39m ],
[2m[WebServer] [22m  permissions: [],
[2m[WebServer] [22m  isActive: [33mtrue[39m,
[2m[WebServer] [22m  createdAt: [35m2025-11-28T18:00:09.867Z[39m,
[2m[WebServer] [22m  updatedAt: [35m2025-11-28T18:00:09.867Z[39m,
[2m[WebServer] [22m  __v: [33m0[39m
[2m[WebServer] [22m}
[2m[WebServer] [22mGenerated token: eyJhbGciOiJIUzI1NiIsInR5cCI6IkpXVCJ9.eyJzdWIiOiI2OTI5ZTMyOTkzNGQ4ZTA3OWU2ZjU1YmIiLCJ3b3JrRW1haWwiOiJmaW5hbmNlZW1wMS53b3JrQGV4YW1wbGUuY29tIiwicm9sZXMiOlsiZGVwYXJ0bWVudCBlbXBsb3llZSJdLCJwZXJtaXNzaW9ucyI6W10sInByaW1hcnlEZXBhcnRtZW50SWQiOiI2OTI5ZTEwNzk5YmUxYTc5MzlhMmUwNGUiLCJlbXBsb3llZU51bWJlciI6IkVNUC0xMDI3IiwiaWF0IjoxNzY1OTgyOTg3LCJleHAiOjE3NjYwNjkzODd9.3r6emL2Dyk2cr_HA3FF1LxBtX7zNwNftUYN2MgIenls
[2m[WebServer] [22m GET /leaves [32m200[39m in 17ms[2m (compile: 3ms, render: 15ms)[22m
[2m[WebServer] [22m≡ƒöÑ JwtAuthGuard: canActivate CALLED
[2m[WebServer] [22m≡ƒöì JWT Extractor - All cookies: {
[2m[WebServer] [22m  accessToken: [32m'eyJhbGciOiJIUzI1NiIsInR5cCI6IkpXVCJ9.eyJzdWIiOiI2OTI5ZTMyOTkzNGQ4ZTA3OWU2ZjU1YmIiLCJ3b3JrRW1haWwiOiJmaW5hbmNlZW1wMS53b3JrQGV4YW1wbGUuY29tIiwicm9sZXMiOlsiZGVwYXJ0bWVudCBlbXBsb3llZSJdLCJwZXJtaXNzaW9ucyI6W10sInByaW1hcnlEZXBhcnRtZW50SWQiOiI2OTI5ZTEwNzk5YmUxYTc5MzlhMmUwNGUiLCJlbXBsb3llZU51bWJlciI6IkVNUC0xMDI3IiwiaWF0IjoxNzY1OTgyOTg3LCJleHAiOjE3NjYwNjkzODd9.3r6emL2Dyk2cr_HA3FF1LxBtX7zNwNftUYN2MgIenls'[39m
[2m[WebServer] [22m}
[2m[WebServer] [22m≡ƒöì JWT Extractor - Headers: accessToken=eyJhbGciOiJIUzI1NiIsInR5cCI6IkpXVCJ9.eyJzdWIiOiI2OTI5ZTMyOTkzNGQ4ZTA3OWU2ZjU1YmIiLCJ3b3JrRW1haWwiOiJmaW5hbmNlZW1wMS53b3JrQGV4YW1wbGUuY29tIiwicm9sZXMiOlsiZGVwYXJ0bWVudCBlbXBsb3llZSJdLCJwZXJtaXNzaW9ucyI6W10sInByaW1hcnlEZXBhcnRtZW50SWQiOiI2OTI5ZTEwNzk5YmUxYTc5MzlhMmUwNGUiLCJlbXBsb3llZU51bWJlciI6IkVNUC0xMDI3IiwiaWF0IjoxNzY1OTgyOTg3LCJleHAiOjE3NjYwNjkzODd9.3r6emL2Dyk2cr_HA3FF1LxBtX7zNwNftUYN2MgIenls
[2m[WebServer] [22m≡ƒöì JWT Extractor - accessToken: FOUND
[2m[WebServer] [22mJwtStrategy VALIDATE: {
[2m[WebServer] [22m  sub: [32m'6929e329934d8e079e6f55bb'[39m,
[2m[WebServer] [22m  workEmail: [32m'financeemp1.work@example.com'[39m,
[2m[WebServer] [22m  roles: [ [32m'department employee'[39m ],
[2m[WebServer] [22m  permissions: [],
[2m[WebServer] [22m  primaryDepartmentId: [32m'6929e10799be1a7939a2e04e'[39m,
[2m[WebServer] [22m  employeeNumber: [32m'EMP-1027'[39m,
[2m[WebServer] [22m  iat: [33m1765982987[39m,
[2m[WebServer] [22m  exp: [33m1766069387[39m
[2m[WebServer] [22m}
[2m[WebServer] [22m≡ƒöÑ JwtAuthGuard: handleRequest() {
[2m[WebServer] [22m  err: [1mnull[22m,
[2m[WebServer] [22m  user: {
[2m[WebServer] [22m    id: [32m'6929e329934d8e079e6f55bb'[39m,
[2m[WebServer] [22m    workEmail: [32m'financeemp1.work@example.com'[39m,
[2m[WebServer] [22m    roles: [ [32m'department employee'[39m ],
[2m[WebServer] [22m    permissions: [],
[2m[WebServer] [22m    primaryDepartmentId: [32m'6929e10799be1a7939a2e04e'[39m,
[2m[WebServer] [22m    employeeNumber: [32m'EMP-1027'[39m
[2m[WebServer] [22m  },
[2m[WebServer] [22m  info: [90mundefined[39m
[2m[WebServer] [22m}
[2m[WebServer] [22mΓ£à JwtAuthGuard SUCCESS ΓåÆ user authenticated: 6929e329934d8e079e6f55bb
[2m[WebServer] [22m≡ƒöÑ RolesGuard running!
[2m[WebServer] [22m
[2m[WebServer] [22m===== ROLE GUARD =====
[2m[WebServer] [22mRequired roles: [
[2m[WebServer] [22m  [32m'department employee'[39m,
[2m[WebServer] [22m  [32m'HR Employee'[39m,
[2m[WebServer] [22m  [32m'department head'[39m,
[2m[WebServer] [22m  [32m'HR Manager'[39m,
[2m[WebServer] [22m  [32m'HR Admin'[39m,
[2m[WebServer] [22m  [32m'System Admin'[39m
[2m[WebServer] [22m]
[2m[WebServer] [22mUser object: {
[2m[WebServer] [22m  id: [32m'6929e329934d8e079e6f55bb'[39m,
[2m[WebServer] [22m  workEmail: [32m'financeemp1.work@example.com'[39m,
[2m[WebServer] [22m  roles: [ [32m'department employee'[39m ],
[2m[WebServer] [22m  permissions: [],
[2m[WebServer] [22m  primaryDepartmentId: [32m'6929e10799be1a7939a2e04e'[39m,
[2m[WebServer] [22m  employeeNumber: [32m'EMP-1027'[39m
[2m[WebServer] [22m}
[2m[WebServer] [22mNormalized user roles: [ [32m'department employee'[39m ]
[2m[WebServer] [22mNormalized required roles: [
[2m[WebServer] [22m  [32m'department employee'[39m,
[2m[WebServer] [22m  [32m'hr employee'[39m,
[2m[WebServer] [22m  [32m'department head'[39m,
[2m[WebServer] [22m  [32m'hr manager'[39m,
[2m[WebServer] [22m  [32m'hr admin'[39m,
[2m[WebServer] [22m  [32m'system admin'[39m
[2m[WebServer] [22m]
[2m[WebServer] [22mHas required role? [33mtrue[39m
[2m[WebServer] [22mΓ£ö ACCESS GRANTED Γ£ö
[2m[WebServer] [22m≡ƒöì [TrackingController] getMyBalances: {
[2m[WebServer] [22m  query: [Object: null prototype] {},
[2m[WebServer] [22m  userId: [32m'6929e329934d8e079e6f55bb'[39m
[2m[WebServer] [22m}
[2m[WebServer] [22m≡ƒöÑ JwtAuthGuard: canActivate CALLED
[2m[WebServer] [22m≡ƒöì JWT Extractor - All cookies: {
[2m[WebServer] [22m  accessToken: [32m'eyJhbGciOiJIUzI1NiIsInR5cCI6IkpXVCJ9.eyJzdWIiOiI2OTI5ZTMyOTkzNGQ4ZTA3OWU2ZjU1YmIiLCJ3b3JrRW1haWwiOiJmaW5hbmNlZW1wMS53b3JrQGV4YW1wbGUuY29tIiwicm9sZXMiOlsiZGVwYXJ0bWVudCBlbXBsb3llZSJdLCJwZXJtaXNzaW9ucyI6W10sInByaW1hcnlEZXBhcnRtZW50SWQiOiI2OTI5ZTEwNzk5YmUxYTc5MzlhMmUwNGUiLCJlbXBsb3llZU51bWJlciI6IkVNUC0xMDI3IiwiaWF0IjoxNzY1OTgyOTg3LCJleHAiOjE3NjYwNjkzODd9.3r6emL2Dyk2cr_HA3FF1LxBtX7zNwNftUYN2MgIenls'[39m
[2m[WebServer] [22m}
[2m[WebServer] [22m≡ƒöì JWT Extractor - Headers: accessToken=eyJhbGciOiJIUzI1NiIsInR5cCI6IkpXVCJ9.eyJzdWIiOiI2OTI5ZTMyOTkzNGQ4ZTA3OWU2ZjU1YmIiLCJ3b3JrRW1haWwiOiJmaW5hbmNlZW1wMS53b3JrQGV4YW1wbGUuY29tIiwicm9sZXMiOlsiZGVwYXJ0bWVudCBlbXBsb3llZSJdLCJwZXJtaXNzaW9ucyI6W10sInByaW1hcnlEZXBhcnRtZW50SWQiOiI2OTI5ZTEwNzk5YmUxYTc5MzlhMmUwNGUiLCJlbXBsb3llZU51bWJlciI6IkVNUC0xMDI3IiwiaWF0IjoxNzY1OTgyOTg3LCJleHAiOjE3NjYwNjkzODd9.3r6emL2Dyk2cr_HA3FF1LxBtX7zNwNftUYN2MgIenls
[2m[WebServer] [22m≡ƒöì JWT Extractor - accessToken: FOUND
[2m[WebServer] [22mJwtStrategy VALIDATE: {
[2m[WebServer] [22m  sub: [32m'6929e329934d8e079e6f55bb'[39m,
[2m[WebServer] [22m  workEmail: [32m'financeemp1.work@example.com'[39m,
[2m[WebServer] [22m  roles: [ [32m'department employee'[39m ],
[2m[WebServer] [22m  permissions: [],
[2m[WebServer] [22m  primaryDepartmentId: [32m'6929e10799be1a7939a2e04e'[39m,
[2m[WebServer] [22m  employeeNumber: [32m'EMP-1027'[39m,
[2m[WebServer] [22m  iat: [33m1765982987[39m,
[2m[WebServer] [22m  exp: [33m1766069387[39m
[2m[WebServer] [22m}
[2m[WebServer] [22m≡ƒöÑ JwtAuthGuard: handleRequest() {
[2m[WebServer] [22m  err: [1mnull[22m,
[2m[WebServer] [22m  user: {
[2m[WebServer] [22m    id: [32m'6929e329934d8e079e6f55bb'[39m,
[2m[WebServer] [22m    workEmail: [32m'financeemp1.work@example.com'[39m,
[2m[WebServer] [22m    roles: [ [32m'department employee'[39m ],
[2m[WebServer] [22m    permissions: [],
[2m[WebServer] [22m    primaryDepartmentId: [32m'6929e10799be1a7939a2e04e'[39m,
[2m[WebServer] [22m    employeeNumber: [32m'EMP-1027'[39m
[2m[WebServer] [22m  },
[2m[WebServer] [22m  info: [90mundefined[39m
[2m[WebServer] [22m}
[2m[WebServer] [22mΓ£à JwtAuthGuard SUCCESS ΓåÆ user authenticated: 6929e329934d8e079e6f55bb
[2m[WebServer] [22m≡ƒöÑ RolesGuard running!
[2m[WebServer] [22m
[2m[WebServer] [22m===== ROLE GUARD =====
[2m[WebServer] [22mRequired roles: [
[2m[WebServer] [22m  [32m'department employee'[39m,
[2m[WebServer] [22m  [32m'HR Employee'[39m,
[2m[WebServer] [22m  [32m'department head'[39m,
[2m[WebServer] [22m  [32m'HR Manager'[39m,
[2m[WebServer] [22m  [32m'HR Admin'[39m,
[2m[WebServer] [22m  [32m'System Admin'[39m
[2m[WebServer] [22m]
[2m[WebServer] [22mUser object: {
[2m[WebServer] [22m  id: [32m'6929e329934d8e079e6f55bb'[39m,
[2m[WebServer] [22m  workEmail: [32m'financeemp1.work@example.com'[39m,
[2m[WebServer] [22m  roles: [ [32m'department employee'[39m ],
[2m[WebServer] [22m  permissions: [],
[2m[WebServer] [22m  primaryDepartmentId: [32m'6929e10799be1a7939a2e04e'[39m,
[2m[WebServer] [22m  employeeNumber: [32m'EMP-1027'[39m
[2m[WebServer] [22m}
[2m[WebServer] [22mNormalized user roles: [ [32m'department employee'[39m ]
[2m[WebServer] [22mNormalized required roles: [
[2m[WebServer] [22m  [32m'department employee'[39m,
[2m[WebServer] [22m  [32m'hr employee'[39m,
[2m[WebServer] [22m  [32m'department head'[39m,
[2m[WebServer] [22m  [32m'hr manager'[39m,
[2m[WebServer] [22m  [32m'hr admin'[39m,
[2m[WebServer] [22m  [32m'system admin'[39m
[2m[WebServer] [22m]
[2m[WebServer] [22mHas required role? [33mtrue[39m
[2m[WebServer] [22mΓ£ö ACCESS GRANTED Γ£ö
[2m[WebServer] [22m≡ƒöì [TrackingController] getMyHistory: {
[2m[WebServer] [22m  filters: [Object: null prototype] {},
[2m[WebServer] [22m  userId: [32m'6929e329934d8e079e6f55bb'[39m
[2m[WebServer] [22m}
Γ£à Login successful
ΓÜá∩╕Å Testing: REQ-017 (Low balance display)
[2m[WebServer] [22m GET /leaves/my-leaves [32m200[39m in 42ms[2m (compile: 2ms, render: 40ms)[22m
[2m[WebServer] [22m≡ƒöÑ JwtAuthGuard: canActivate CALLED
[2m[WebServer] [22m≡ƒöì JWT Extractor - All cookies: {
[2m[WebServer] [22m  accessToken: [32m'eyJhbGciOiJIUzI1NiIsInR5cCI6IkpXVCJ9.eyJzdWIiOiI2OTI5ZTMyOTkzNGQ4ZTA3OWU2ZjU1YmIiLCJ3b3JrRW1haWwiOiJmaW5hbmNlZW1wMS53b3JrQGV4YW1wbGUuY29tIiwicm9sZXMiOlsiZGVwYXJ0bWVudCBlbXBsb3llZSJdLCJwZXJtaXNzaW9ucyI6W10sInByaW1hcnlEZXBhcnRtZW50SWQiOiI2OTI5ZTEwNzk5YmUxYTc5MzlhMmUwNGUiLCJlbXBsb3llZU51bWJlciI6IkVNUC0xMDI3IiwiaWF0IjoxNzY1OTgyOTg3LCJleHAiOjE3NjYwNjkzODd9.3r6emL2Dyk2cr_HA3FF1LxBtX7zNwNftUYN2MgIenls'[39m
[2m[WebServer] [22m}
[2m[WebServer] [22m≡ƒöì JWT Extractor - Headers: accessToken=eyJhbGciOiJIUzI1NiIsInR5cCI6IkpXVCJ9.eyJzdWIiOiI2OTI5ZTMyOTkzNGQ4ZTA3OWU2ZjU1YmIiLCJ3b3JrRW1haWwiOiJmaW5hbmNlZW1wMS53b3JrQGV4YW1wbGUuY29tIiwicm9sZXMiOlsiZGVwYXJ0bWVudCBlbXBsb3llZSJdLCJwZXJtaXNzaW9ucyI6W10sInByaW1hcnlEZXBhcnRtZW50SWQiOiI2OTI5ZTEwNzk5YmUxYTc5MzlhMmUwNGUiLCJlbXBsb3llZU51bWJlciI6IkVNUC0xMDI3IiwiaWF0IjoxNzY1OTgyOTg3LCJleHAiOjE3NjYwNjkzODd9.3r6emL2Dyk2cr_HA3FF1LxBtX7zNwNftUYN2MgIenls
[2m[WebServer] [22m≡ƒöì JWT Extractor - accessToken: FOUND
[2m[WebServer] [22mJwtStrategy VALIDATE: {
[2m[WebServer] [22m  sub: [32m'6929e329934d8e079e6f55bb'[39m,
[2m[WebServer] [22m  workEmail: [32m'financeemp1.work@example.com'[39m,
[2m[WebServer] [22m  roles: [ [32m'department employee'[39m ],
[2m[WebServer] [22m  permissions: [],
[2m[WebServer] [22m  primaryDepartmentId: [32m'6929e10799be1a7939a2e04e'[39m,
[2m[WebServer] [22m  employeeNumber: [32m'EMP-1027'[39m,
[2m[WebServer] [22m  iat: [33m1765982987[39m,
[2m[WebServer] [22m  exp: [33m1766069387[39m
[2m[WebServer] [22m}
[2m[WebServer] [22m≡ƒöÑ JwtAuthGuard: handleRequest() {
[2m[WebServer] [22m  err: [1mnull[22m,
[2m[WebServer] [22m  user: {
[2m[WebServer] [22m    id: [32m'6929e329934d8e079e6f55bb'[39m,
[2m[WebServer] [22m    workEmail: [32m'financeemp1.work@example.com'[39m,
[2m[WebServer] [22m    roles: [ [32m'department employee'[39m ],
[2m[WebServer] [22m    permissions: [],
[2m[WebServer] [22m    primaryDepartmentId: [32m'6929e10799be1a7939a2e04e'[39m,
[2m[WebServer] [22m    employeeNumber: [32m'EMP-1027'[39m
[2m[WebServer] [22m  },
[2m[WebServer] [22m  info: [90mundefined[39m
[2m[WebServer] [22m}
[2m[WebServer] [22mΓ£à JwtAuthGuard SUCCESS ΓåÆ user authenticated: 6929e329934d8e079e6f55bb
[2m[WebServer] [22m≡ƒöì [LeaveTypeController] findAll
[2m[WebServer] [22m≡ƒöÑ JwtAuthGuard: canActivate CALLED
[2m[WebServer] [22m≡ƒöì JWT Extractor - All cookies: {
[2m[WebServer] [22m  accessToken: [32m'eyJhbGciOiJIUzI1NiIsInR5cCI6IkpXVCJ9.eyJzdWIiOiI2OTI5ZTMyOTkzNGQ4ZTA3OWU2ZjU1YmIiLCJ3b3JrRW1haWwiOiJmaW5hbmNlZW1wMS53b3JrQGV4YW1wbGUuY29tIiwicm9sZXMiOlsiZGVwYXJ0bWVudCBlbXBsb3llZSJdLCJwZXJtaXNzaW9ucyI6W10sInByaW1hcnlEZXBhcnRtZW50SWQiOiI2OTI5ZTEwNzk5YmUxYTc5MzlhMmUwNGUiLCJlbXBsb3llZU51bWJlciI6IkVNUC0xMDI3IiwiaWF0IjoxNzY1OTgyOTg3LCJleHAiOjE3NjYwNjkzODd9.3r6emL2Dyk2cr_HA3FF1LxBtX7zNwNftUYN2MgIenls'[39m
[2m[WebServer] [22m}
[2m[WebServer] [22m≡ƒöì JWT Extractor - Headers: accessToken=eyJhbGciOiJIUzI1NiIsInR5cCI6IkpXVCJ9.eyJzdWIiOiI2OTI5ZTMyOTkzNGQ4ZTA3OWU2ZjU1YmIiLCJ3b3JrRW1haWwiOiJmaW5hbmNlZW1wMS53b3JrQGV4YW1wbGUuY29tIiwicm9sZXMiOlsiZGVwYXJ0bWVudCBlbXBsb3llZSJdLCJwZXJtaXNzaW9ucyI6W10sInByaW1hcnlEZXBhcnRtZW50SWQiOiI2OTI5ZTEwNzk5YmUxYTc5MzlhMmUwNGUiLCJlbXBsb3llZU51bWJlciI6IkVNUC0xMDI3IiwiaWF0IjoxNzY1OTgyOTg3LCJleHAiOjE3NjYwNjkzODd9.3r6emL2Dyk2cr_HA3FF1LxBtX7zNwNftUYN2MgIenls
[2m[WebServer] [22m≡ƒöì JWT Extractor - accessToken: FOUND
[2m[WebServer] [22mJwtStrategy VALIDATE: {
[2m[WebServer] [22m  sub: [32m'6929e329934d8e079e6f55bb'[39m,
[2m[WebServer] [22m  workEmail: [32m'financeemp1.work@example.com'[39m,
[2m[WebServer] [22m  roles: [ [32m'department employee'[39m ],
[2m[WebServer] [22m  permissions: [],
[2m[WebServer] [22m  primaryDepartmentId: [32m'6929e10799be1a7939a2e04e'[39m,
[2m[WebServer] [22m  employeeNumber: [32m'EMP-1027'[39m,
[2m[WebServer] [22m  iat: [33m1765982987[39m,
[2m[WebServer] [22m  exp: [33m1766069387[39m
[2m[WebServer] [22m}
[2m[WebServer] [22m≡ƒöÑ JwtAuthGuard: handleRequest() {
[2m[WebServer] [22m  err: [1mnull[22m,
[2m[WebServer] [22m  user: {
[2m[WebServer] [22m    id: [32m'6929e329934d8e079e6f55bb'[39m,
[2m[WebServer] [22m    workEmail: [32m'financeemp1.work@example.com'[39m,
[2m[WebServer] [22m    roles: [ [32m'department employee'[39m ],
[2m[WebServer] [22m    permissions: [],
[2m[WebServer] [22m    primaryDepartmentId: [32m'6929e10799be1a7939a2e04e'[39m,
[2m[WebServer] [22m    employeeNumber: [32m'EMP-1027'[39m
[2m[WebServer] [22m  },
[2m[WebServer] [22m  info: [90mundefined[39m
[2m[WebServer] [22m}
[2m[WebServer] [22mΓ£à JwtAuthGuard SUCCESS ΓåÆ user authenticated: 6929e329934d8e079e6f55bb
[2m[WebServer] [22m≡ƒöÑ RolesGuard running!
[2m[WebServer] [22m
[2m[WebServer] [22m===== ROLE GUARD =====
[2m[WebServer] [22mRequired roles: [
[2m[WebServer] [22m  [32m'department employee'[39m,
[2m[WebServer] [22m  [32m'HR Employee'[39m,
[2m[WebServer] [22m  [32m'department head'[39m,
[2m[WebServer] [22m  [32m'HR Manager'[39m,
[2m[WebServer] [22m  [32m'HR Admin'[39m,
[2m[WebServer] [22m  [32m'System Admin'[39m
[2m[WebServer] [22m]
[2m[WebServer] [22mUser object: {
[2m[WebServer] [22m  id: [32m'6929e329934d8e079e6f55bb'[39m,
[2m[WebServer] [22m  workEmail: [32m'financeemp1.work@example.com'[39m,
[2m[WebServer] [22m  roles: [ [32m'department employee'[39m ],
[2m[WebServer] [22m  permissions: [],
[2m[WebServer] [22m  primaryDepartmentId: [32m'6929e10799be1a7939a2e04e'[39m,
[2m[WebServer] [22m  employeeNumber: [32m'EMP-1027'[39m
[2m[WebServer] [22m}
[2m[WebServer] [22mNormalized user roles: [ [32m'department employee'[39m ]
[2m[WebServer] [22mNormalized required roles: [
[2m[WebServer] [22m  [32m'department employee'[39m,
[2m[WebServer] [22m  [32m'hr employee'[39m,
[2m[WebServer] [22m  [32m'department head'[39m,
[2m[WebServer] [22m  [32m'hr manager'[39m,
[2m[WebServer] [22m  [32m'hr admin'[39m,
[2m[WebServer] [22m  [32m'system admin'[39m
[2m[WebServer] [22m]
[2m[WebServer] [22mHas required role? [33mtrue[39m
[2m[WebServer] [22mΓ£ö ACCESS GRANTED Γ£ö
[2m[WebServer] [22m≡ƒöì [TrackingController] getMyBalances: {
[2m[WebServer] [22m  query: [Object: null prototype] {},
[2m[WebServer] [22m  userId: [32m'6929e329934d8e079e6f55bb'[39m
[2m[WebServer] [22m}
[2m[WebServer] [22m≡ƒöÑ JwtAuthGuard: canActivate CALLED
[2m[WebServer] [22m≡ƒöì JWT Extractor - All cookies: {
[2m[WebServer] [22m  accessToken: [32m'eyJhbGciOiJIUzI1NiIsInR5cCI6IkpXVCJ9.eyJzdWIiOiI2OTI5ZTMyOTkzNGQ4ZTA3OWU2ZjU1YmIiLCJ3b3JrRW1haWwiOiJmaW5hbmNlZW1wMS53b3JrQGV4YW1wbGUuY29tIiwicm9sZXMiOlsiZGVwYXJ0bWVudCBlbXBsb3llZSJdLCJwZXJtaXNzaW9ucyI6W10sInByaW1hcnlEZXBhcnRtZW50SWQiOiI2OTI5ZTEwNzk5YmUxYTc5MzlhMmUwNGUiLCJlbXBsb3llZU51bWJlciI6IkVNUC0xMDI3IiwiaWF0IjoxNzY1OTgyOTg3LCJleHAiOjE3NjYwNjkzODd9.3r6emL2Dyk2cr_HA3FF1LxBtX7zNwNftUYN2MgIenls'[39m
[2m[WebServer] [22m}
[2m[WebServer] [22m≡ƒöì JWT Extractor - Headers: accessToken=eyJhbGciOiJIUzI1NiIsInR5cCI6IkpXVCJ9.eyJzdWIiOiI2OTI5ZTMyOTkzNGQ4ZTA3OWU2ZjU1YmIiLCJ3b3JrRW1haWwiOiJmaW5hbmNlZW1wMS53b3JrQGV4YW1wbGUuY29tIiwicm9sZXMiOlsiZGVwYXJ0bWVudCBlbXBsb3llZSJdLCJwZXJtaXNzaW9ucyI6W10sInByaW1hcnlEZXBhcnRtZW50SWQiOiI2OTI5ZTEwNzk5YmUxYTc5MzlhMmUwNGUiLCJlbXBsb3llZU51bWJlciI6IkVNUC0xMDI3IiwiaWF0IjoxNzY1OTgyOTg3LCJleHAiOjE3NjYwNjkzODd9.3r6emL2Dyk2cr_HA3FF1LxBtX7zNwNftUYN2MgIenls
[2m[WebServer] [22m≡ƒöì JWT Extractor - accessToken: FOUND
[2m[WebServer] [22mJwtStrategy VALIDATE: {
[2m[WebServer] [22m  sub: [32m'6929e329934d8e079e6f55bb'[39m,
[2m[WebServer] [22m  workEmail: [32m'financeemp1.work@example.com'[39m,
[2m[WebServer] [22m  roles: [ [32m'department employee'[39m ],
[2m[WebServer] [22m  permissions: [],
[2m[WebServer] [22m  primaryDepartmentId: [32m'6929e10799be1a7939a2e04e'[39m,
[2m[WebServer] [22m  employeeNumber: [32m'EMP-1027'[39m,
[2m[WebServer] [22m  iat: [33m1765982987[39m,
[2m[WebServer] [22m  exp: [33m1766069387[39m
[2m[WebServer] [22m}
[2m[WebServer] [22m≡ƒöÑ JwtAuthGuard: handleRequest() {
[2m[WebServer] [22m  err: [1mnull[22m,
[2m[WebServer] [22m  user: {
[2m[WebServer] [22m    id: [32m'6929e329934d8e079e6f55bb'[39m,
[2m[WebServer] [22m    workEmail: [32m'financeemp1.work@example.com'[39m,
[2m[WebServer] [22m    roles: [ [32m'department employee'[39m ],
[2m[WebServer] [22m    permissions: [],
[2m[WebServer] [22m    primaryDepartmentId: [32m'6929e10799be1a7939a2e04e'[39m,
[2m[WebServer] [22m    employeeNumber: [32m'EMP-1027'[39m
[2m[WebServer] [22m  },
[2m[WebServer] [22m  info: [90mundefined[39m
[2m[WebServer] [22m}
[2m[WebServer] [22mΓ£à JwtAuthGuard SUCCESS ΓåÆ user authenticated: 6929e329934d8e079e6f55bb
[2m[WebServer] [22m≡ƒöÑ RolesGuard running!
[2m[WebServer] [22m
[2m[WebServer] [22m===== ROLE GUARD =====
[2m[WebServer] [22mRequired roles: [
[2m[WebServer] [22m  [32m'department employee'[39m,
[2m[WebServer] [22m  [32m'HR Employee'[39m,
[2m[WebServer] [22m  [32m'department head'[39m,
[2m[WebServer] [22m  [32m'HR Manager'[39m,
[2m[WebServer] [22m  [32m'HR Admin'[39m,
[2m[WebServer] [22m  [32m'System Admin'[39m
[2m[WebServer] [22m]
[2m[WebServer] [22mUser object: {
[2m[WebServer] [22m  id: [32m'6929e329934d8e079e6f55bb'[39m,
[2m[WebServer] [22m  workEmail: [32m'financeemp1.work@example.com'[39m,
[2m[WebServer] [22m  roles: [ [32m'department employee'[39m ],
[2m[WebServer] [22m  permissions: [],
[2m[WebServer] [22m  primaryDepartmentId: [32m'6929e10799be1a7939a2e04e'[39m,
[2m[WebServer] [22m  employeeNumber: [32m'EMP-1027'[39m
[2m[WebServer] [22m}
[2m[WebServer] [22mNormalized user roles: [ [32m'department employee'[39m ]
[2m[WebServer] [22mNormalized required roles: [
[2m[WebServer] [22m  [32m'department employee'[39m,
[2m[WebServer] [22m  [32m'hr employee'[39m,
[2m[WebServer] [22m  [32m'department head'[39m,
[2m[WebServer] [22m  [32m'hr manager'[39m,
[2m[WebServer] [22m  [32m'hr admin'[39m,
[2m[WebServer] [22m  [32m'system admin'[39m
[2m[WebServer] [22m]
[2m[WebServer] [22mHas required role? [33mtrue[39m
[2m[WebServer] [22mΓ£ö ACCESS GRANTED Γ£ö
[2m[WebServer] [22m≡ƒöì [RequestsController] getMyRequests: { userId: [90mundefined[39m }
Γ£à Low balance visible - REQ-017 validated
  Γ£ô  17 [chromium] ΓÇ║ leave-tests.spec.ts:329:7 ΓÇ║ ≡ƒÖïΓÇìΓÖÇ∩╕Å EMPLOYEE 2 (EMP-1027 - Finance) - Low Balance & Special Leave ΓÇ║ Γ£à I1: View low balance warning (REQ-017) (9.1s)
≡ƒöÉ Logging in as: financeemp1.work@example.com
[2m[WebServer] [22m GET /login [32m200[39m in 35ms[2m (compile: 2ms, render: 33ms)[22m
[2m[WebServer] [22m≡ƒöÑ JwtAuthGuard: canActivate CALLED
[2m[WebServer] [22m≡ƒöì JWT Extractor - All cookies: [Object: null prototype] {}
[2m[WebServer] [22m≡ƒöì JWT Extractor - Headers: [90mundefined[39m
[2m[WebServer] [22m≡ƒöì JWT Extractor - accessToken: NOT FOUND
[2m[WebServer] [22m≡ƒöÑ JwtAuthGuard: handleRequest() {
[2m[WebServer] [22m  err: [1mnull[22m,
[2m[WebServer] [22m  user: [33mfalse[39m,
[2m[WebServer] [22m  info: Error: No auth token
[2m[WebServer] [22m      at JwtStrategy.authenticate [90m(C:\Users\Bedon\Desktop\semester-5-software-project\backend\[39mnode_modules\[4mpassport-jwt[24m\lib\strategy.js:96:26[90m)[39m
[2m[WebServer] [22m      at attempt [90m(C:\Users\Bedon\Desktop\semester-5-software-project\backend\[39mnode_modules\[4mpassport[24m\lib\middleware\authenticate.js:378:16[90m)[39m
[2m[WebServer] [22m      at authenticate [90m(C:\Users\Bedon\Desktop\semester-5-software-project\backend\[39mnode_modules\[4mpassport[24m\lib\middleware\authenticate.js:379:7[90m)[39m
[2m[WebServer] [22m      at [90mC:\Users\Bedon\Desktop\semester-5-software-project\backend\[39mnode_modules\[4m@nestjs[24m\passport\dist\auth.guard.js:88:3
[2m[WebServer] [22m      at new Promise (<anonymous>)
[2m[WebServer] [22m      at [90mC:\Users\Bedon\Desktop\semester-5-software-project\backend\[39mnode_modules\[4m@nestjs[24m\passport\dist\auth.guard.js:80:83
[2m[WebServer] [22m      at JwtAuthGuard.canActivate [90m(C:\Users\Bedon\Desktop\semester-5-software-project\backend\[39mnode_modules\[4m@nestjs[24m\passport\dist\auth.guard.js:44:32[90m)[39m
[2m[WebServer] [22m  [90m    at process.processTicksAndRejections (node:internal/process/task_queues:105:5)[39m
[2m[WebServer] [22m}
[2m[WebServer] [22mΓ¥î JwtAuthGuard INFO: Error: No auth token
[2m[WebServer] [22m    at JwtStrategy.authenticate 
[90m(C:\Users\Bedon\Desktop\semester-5-software-project\backend\[39mnode_modules\[4mpassport-jwt[24m\lib\strategy.js:96:26[90m)[39m
[2m[WebServer] [22m    at attempt [90m(C:\Users\Bedon\Desktop\semester-5-software-project\backend\[39mnode_modules\[4mpassport[24m\lib\mi
ddleware\authenticate.js:378:16[90m)[39m
[2m[WebServer] [22m    at authenticate [90m(C:\Users\Bedon\Desktop\semester-5-software-project\backend\[39mnode_modules\[4mpassport[24m\l
ib\middleware\authenticate.js:379:7[90m)[39m
[2m[WebServer] [22m    at 
[90mC:\Users\Bedon\Desktop\semester-5-software-project\backend\[39mnode_modules\[4m@nestjs[24m\passport\dist\auth.guard.js:88:3
[2m[WebServer] [22m    at new Promise (<anonymous>)
[2m[WebServer] [22m    at 
[90mC:\Users\Bedon\Desktop\semester-5-software-project\backend\[39mnode_modules\[4m@nestjs[24m\passport\dist\auth.guard.js:80:83
[2m[WebServer] [22m    at JwtAuthGuard.canActivate [90m(C:\Users\Bedon\Desktop\semester-5-software-project\backend\[39mnode_modules\[4m@ne
stjs[24m\passport\dist\auth.guard.js:44:32[90m)[39m
[2m[WebServer] [22m[90m    at process.processTicksAndRejections (node:internal/process/task_queues:105:5)[39m
[2m[WebServer] [22mΓ¥î JwtAuthGuard FAILING ΓåÆ No auth token
[2m[WebServer] [22mVALIDATE EMPLOYEE - systemRole = {
[2m[WebServer] [22m  _id: new ObjectId([32m'6929e329934d8e079e6f55bd'[39m),
[2m[WebServer] [22m  employeeProfileId: new ObjectId([32m'6929e329934d8e079e6f55bb'[39m),
[2m[WebServer] [22m  roles: [ [32m'department employee'[39m ],
[2m[WebServer] [22m  permissions: [],
[2m[WebServer] [22m  isActive: [33mtrue[39m,
[2m[WebServer] [22m  createdAt: [35m2025-11-28T18:00:09.867Z[39m,
[2m[WebServer] [22m  updatedAt: [35m2025-11-28T18:00:09.867Z[39m,
[2m[WebServer] [22m  __v: [33m0[39m
[2m[WebServer] [22m}
[2m[WebServer] [22mGenerated token: eyJhbGciOiJIUzI1NiIsInR5cCI6IkpXVCJ9.eyJzdWIiOiI2OTI5ZTMyOTkzNGQ4ZTA3OWU2ZjU1YmIiLCJ3b3JrRW1haWwiOiJmaW5hbmNlZW1wMS53b3JrQGV4YW1wbGUuY29tIiwicm9sZXMiOlsiZGVwYXJ0bWVudCBlbXBsb3llZSJdLCJwZXJtaXNzaW9ucyI6W10sInByaW1hcnlEZXBhcnRtZW50SWQiOiI2OTI5ZTEwNzk5YmUxYTc5MzlhMmUwNGUiLCJlbXBsb3llZU51bWJlciI6IkVNUC0xMDI3IiwiaWF0IjoxNzY1OTgyOTk2LCJleHAiOjE3NjYwNjkzOTZ9.FHSV-vZL22Lojw86-vxeyRtOJIoZcYr26NKbxu8-Kkg
[2m[WebServer] [22m GET /leaves [32m200[39m in 21ms[2m (compile: 4ms, render: 17ms)[22m
[2m[WebServer] [22m≡ƒöÑ JwtAuthGuard: canActivate CALLED
[2m[WebServer] [22m≡ƒöì JWT Extractor - All cookies: {
[2m[WebServer] [22m  accessToken: [32m'eyJhbGciOiJIUzI1NiIsInR5cCI6IkpXVCJ9.eyJzdWIiOiI2OTI5ZTMyOTkzNGQ4ZTA3OWU2ZjU1YmIiLCJ3b3JrRW1haWwiOiJmaW5hbmNlZW1wMS53b3JrQGV4YW1wbGUuY29tIiwicm9sZXMiOlsiZGVwYXJ0bWVudCBlbXBsb3llZSJdLCJwZXJtaXNzaW9ucyI6W10sInByaW1hcnlEZXBhcnRtZW50SWQiOiI2OTI5ZTEwNzk5YmUxYTc5MzlhMmUwNGUiLCJlbXBsb3llZU51bWJlciI6IkVNUC0xMDI3IiwiaWF0IjoxNzY1OTgyOTk2LCJleHAiOjE3NjYwNjkzOTZ9.FHSV-vZL22Lojw86-vxeyRtOJIoZcYr26NKbxu8-Kkg'[39m
[2m[WebServer] [22m}
[2m[WebServer] [22m≡ƒöì JWT Extractor - Headers: accessToken=eyJhbGciOiJIUzI1NiIsInR5cCI6IkpXVCJ9.eyJzdWIiOiI2OTI5ZTMyOTkzNGQ4ZTA3OWU2ZjU1YmIiLCJ3b3JrRW1haWwiOiJmaW5hbmNlZW1wMS53b3JrQGV4YW1wbGUuY29tIiwicm9sZXMiOlsiZGVwYXJ0bWVudCBlbXBsb3llZSJdLCJwZXJtaXNzaW9ucyI6W10sInByaW1hcnlEZXBhcnRtZW50SWQiOiI2OTI5ZTEwNzk5YmUxYTc5MzlhMmUwNGUiLCJlbXBsb3llZU51bWJlciI6IkVNUC0xMDI3IiwiaWF0IjoxNzY1OTgyOTk2LCJleHAiOjE3NjYwNjkzOTZ9.FHSV-vZL22Lojw86-vxeyRtOJIoZcYr26NKbxu8-Kkg
[2m[WebServer] [22m≡ƒöì JWT Extractor - accessToken: FOUND
[2m[WebServer] [22mJwtStrategy VALIDATE: {
[2m[WebServer] [22m  sub: [32m'6929e329934d8e079e6f55bb'[39m,
[2m[WebServer] [22m  workEmail: [32m'financeemp1.work@example.com'[39m,
[2m[WebServer] [22m  roles: [ [32m'department employee'[39m ],
[2m[WebServer] [22m  permissions: [],
[2m[WebServer] [22m  primaryDepartmentId: [32m'6929e10799be1a7939a2e04e'[39m,
[2m[WebServer] [22m  employeeNumber: [32m'EMP-1027'[39m,
[2m[WebServer] [22m  iat: [33m1765982996[39m,
[2m[WebServer] [22m  exp: [33m1766069396[39m
[2m[WebServer] [22m}
[2m[WebServer] [22m≡ƒöÑ JwtAuthGuard: handleRequest() {
[2m[WebServer] [22m  err: [1mnull[22m,
[2m[WebServer] [22m  user: {
[2m[WebServer] [22m    id: [32m'6929e329934d8e079e6f55bb'[39m,
[2m[WebServer] [22m    workEmail: [32m'financeemp1.work@example.com'[39m,
[2m[WebServer] [22m    roles: [ [32m'department employee'[39m ],
[2m[WebServer] [22m    permissions: [],
[2m[WebServer] [22m    primaryDepartmentId: [32m'6929e10799be1a7939a2e04e'[39m,
[2m[WebServer] [22m    employeeNumber: [32m'EMP-1027'[39m
[2m[WebServer] [22m  },
[2m[WebServer] [22m  info: [90mundefined[39m
[2m[WebServer] [22m}
[2m[WebServer] [22mΓ£à JwtAuthGuard SUCCESS ΓåÆ user authenticated: 6929e329934d8e079e6f55bb
[2m[WebServer] [22m≡ƒöÑ RolesGuard running!
[2m[WebServer] [22m
[2m[WebServer] [22m===== ROLE GUARD =====
[2m[WebServer] [22mRequired roles: [
[2m[WebServer] [22m  [32m'department employee'[39m,
[2m[WebServer] [22m  [32m'HR Employee'[39m,
[2m[WebServer] [22m  [32m'department head'[39m,
[2m[WebServer] [22m  [32m'HR Manager'[39m,
[2m[WebServer] [22m  [32m'HR Admin'[39m,
[2m[WebServer] [22m  [32m'System Admin'[39m
[2m[WebServer] [22m]
[2m[WebServer] [22mUser object: {
[2m[WebServer] [22m  id: [32m'6929e329934d8e079e6f55bb'[39m,
[2m[WebServer] [22m  workEmail: [32m'financeemp1.work@example.com'[39m,
[2m[WebServer] [22m  roles: [ [32m'department employee'[39m ],
[2m[WebServer] [22m  permissions: [],
[2m[WebServer] [22m  primaryDepartmentId: [32m'6929e10799be1a7939a2e04e'[39m,
[2m[WebServer] [22m  employeeNumber: [32m'EMP-1027'[39m
[2m[WebServer] [22m}
[2m[WebServer] [22mNormalized user roles: [ [32m'department employee'[39m ]
[2m[WebServer] [22mNormalized required roles: [
[2m[WebServer] [22m  [32m'department employee'[39m,
[2m[WebServer] [22m  [32m'hr employee'[39m,
[2m[WebServer] [22m  [32m'department head'[39m,
[2m[WebServer] [22m  [32m'hr manager'[39m,
[2m[WebServer] [22m  [32m'hr admin'[39m,
[2m[WebServer] [22m  [32m'system admin'[39m
[2m[WebServer] [22m]
[2m[WebServer] [22mHas required role? [33mtrue[39m
[2m[WebServer] [22mΓ£ö ACCESS GRANTED Γ£ö
[2m[WebServer] [22m≡ƒöì [TrackingController] getMyBalances: {
[2m[WebServer] [22m  query: [Object: null prototype] {},
[2m[WebServer] [22m  userId: [32m'6929e329934d8e079e6f55bb'[39m
[2m[WebServer] [22m}
[2m[WebServer] [22m≡ƒöÑ JwtAuthGuard: canActivate CALLED
[2m[WebServer] [22m≡ƒöì JWT Extractor - All cookies: {
[2m[WebServer] [22m  accessToken: [32m'eyJhbGciOiJIUzI1NiIsInR5cCI6IkpXVCJ9.eyJzdWIiOiI2OTI5ZTMyOTkzNGQ4ZTA3OWU2ZjU1YmIiLCJ3b3JrRW1haWwiOiJmaW5hbmNlZW1wMS53b3JrQGV4YW1wbGUuY29tIiwicm9sZXMiOlsiZGVwYXJ0bWVudCBlbXBsb3llZSJdLCJwZXJtaXNzaW9ucyI6W10sInByaW1hcnlEZXBhcnRtZW50SWQiOiI2OTI5ZTEwNzk5YmUxYTc5MzlhMmUwNGUiLCJlbXBsb3llZU51bWJlciI6IkVNUC0xMDI3IiwiaWF0IjoxNzY1OTgyOTk2LCJleHAiOjE3NjYwNjkzOTZ9.FHSV-vZL22Lojw86-vxeyRtOJIoZcYr26NKbxu8-Kkg'[39m
[2m[WebServer] [22m}
[2m[WebServer] [22m≡ƒöì JWT Extractor - Headers: accessToken=eyJhbGciOiJIUzI1NiIsInR5cCI6IkpXVCJ9.eyJzdWIiOiI2OTI5ZTMyOTkzNGQ4ZTA3OWU2ZjU1YmIiLCJ3b3JrRW1haWwiOiJmaW5hbmNlZW1wMS53b3JrQGV4YW1wbGUuY29tIiwicm9sZXMiOlsiZGVwYXJ0bWVudCBlbXBsb3llZSJdLCJwZXJtaXNzaW9ucyI6W10sInByaW1hcnlEZXBhcnRtZW50SWQiOiI2OTI5ZTEwNzk5YmUxYTc5MzlhMmUwNGUiLCJlbXBsb3llZU51bWJlciI6IkVNUC0xMDI3IiwiaWF0IjoxNzY1OTgyOTk2LCJleHAiOjE3NjYwNjkzOTZ9.FHSV-vZL22Lojw86-vxeyRtOJIoZcYr26NKbxu8-Kkg
[2m[WebServer] [22m≡ƒöì JWT Extractor - accessToken: FOUND
[2m[WebServer] [22mJwtStrategy VALIDATE: {
[2m[WebServer] [22m  sub: [32m'6929e329934d8e079e6f55bb'[39m,
[2m[WebServer] [22m  workEmail: [32m'financeemp1.work@example.com'[39m,
[2m[WebServer] [22m  roles: [ [32m'department employee'[39m ],
[2m[WebServer] [22m  permissions: [],
[2m[WebServer] [22m  primaryDepartmentId: [32m'6929e10799be1a7939a2e04e'[39m,
[2m[WebServer] [22m  employeeNumber: [32m'EMP-1027'[39m,
[2m[WebServer] [22m  iat: [33m1765982996[39m,
[2m[WebServer] [22m  exp: [33m1766069396[39m
[2m[WebServer] [22m}
[2m[WebServer] [22m≡ƒöÑ JwtAuthGuard: handleRequest() {
[2m[WebServer] [22m  err: [1mnull[22m,
[2m[WebServer] [22m  user: {
[2m[WebServer] [22m    id: [32m'6929e329934d8e079e6f55bb'[39m,
[2m[WebServer] [22m    workEmail: [32m'financeemp1.work@example.com'[39m,
[2m[WebServer] [22m    roles: [ [32m'department employee'[39m ],
[2m[WebServer] [22m    permissions: [],
[2m[WebServer] [22m    primaryDepartmentId: [32m'6929e10799be1a7939a2e04e'[39m,
[2m[WebServer] [22m    employeeNumber: [32m'EMP-1027'[39m
[2m[WebServer] [22m  },
[2m[WebServer] [22m  info: [90mundefined[39m
[2m[WebServer] [22m}
[2m[WebServer] [22mΓ£à JwtAuthGuard SUCCESS ΓåÆ user authenticated: 6929e329934d8e079e6f55bb
[2m[WebServer] [22m≡ƒöÑ RolesGuard running!
[2m[WebServer] [22m
[2m[WebServer] [22m===== ROLE GUARD =====
[2m[WebServer] [22mRequired roles: [
[2m[WebServer] [22m  [32m'department employee'[39m,
[2m[WebServer] [22m  [32m'HR Employee'[39m,
[2m[WebServer] [22m  [32m'department head'[39m,
[2m[WebServer] [22m  [32m'HR Manager'[39m,
[2m[WebServer] [22m  [32m'HR Admin'[39m,
[2m[WebServer] [22m  [32m'System Admin'[39m
[2m[WebServer] [22m]
[2m[WebServer] [22mUser object: {
[2m[WebServer] [22m  id: [32m'6929e329934d8e079e6f55bb'[39m,
[2m[WebServer] [22m  workEmail: [32m'financeemp1.work@example.com'[39m,
[2m[WebServer] [22m  roles: [ [32m'department employee'[39m ],
[2m[WebServer] [22m  permissions: [],
[2m[WebServer] [22m  primaryDepartmentId: [32m'6929e10799be1a7939a2e04e'[39m,
[2m[WebServer] [22m  employeeNumber: [32m'EMP-1027'[39m
[2m[WebServer] [22m}
[2m[WebServer] [22mNormalized user roles: [ [32m'department employee'[39m ]
[2m[WebServer] [22mNormalized required roles: [
[2m[WebServer] [22m  [32m'department employee'[39m,
[2m[WebServer] [22m  [32m'hr employee'[39m,
[2m[WebServer] [22m  [32m'department head'[39m,
[2m[WebServer] [22m  [32m'hr manager'[39m,
[2m[WebServer] [22m  [32m'hr admin'[39m,
[2m[WebServer] [22m  [32m'system admin'[39m
[2m[WebServer] [22m]
[2m[WebServer] [22mHas required role? [33mtrue[39m
[2m[WebServer] [22mΓ£ö ACCESS GRANTED Γ£ö
[2m[WebServer] [22m≡ƒöì [TrackingController] getMyHistory: {
[2m[WebServer] [22m  filters: [Object: null prototype] {},
[2m[WebServer] [22m  userId: [32m'6929e329934d8e079e6f55bb'[39m
[2m[WebServer] [22m}
Γ£à Login successful
≡ƒÆ╕ Testing: REQ-021, REQ-022 (Unpaid conversion)
[2m[WebServer] [22m GET /leaves/my-leaves [32m200[39m in 47ms[2m (compile: 3ms, render: 44ms)[22m
[2m[WebServer] [22m≡ƒöÑ JwtAuthGuard: canActivate CALLED
[2m[WebServer] [22m≡ƒöì JWT Extractor - All cookies: {
[2m[WebServer] [22m  accessToken: [32m'eyJhbGciOiJIUzI1NiIsInR5cCI6IkpXVCJ9.eyJzdWIiOiI2OTI5ZTMyOTkzNGQ4ZTA3OWU2ZjU1YmIiLCJ3b3JrRW1haWwiOiJmaW5hbmNlZW1wMS53b3JrQGV4YW1wbGUuY29tIiwicm9sZXMiOlsiZGVwYXJ0bWVudCBlbXBsb3llZSJdLCJwZXJtaXNzaW9ucyI6W10sInByaW1hcnlEZXBhcnRtZW50SWQiOiI2OTI5ZTEwNzk5YmUxYTc5MzlhMmUwNGUiLCJlbXBsb3llZU51bWJlciI6IkVNUC0xMDI3IiwiaWF0IjoxNzY1OTgyOTk2LCJleHAiOjE3NjYwNjkzOTZ9.FHSV-vZL22Lojw86-vxeyRtOJIoZcYr26NKbxu8-Kkg'[39m
[2m[WebServer] [22m}
[2m[WebServer] [22m≡ƒöì JWT Extractor - Headers: accessToken=eyJhbGciOiJIUzI1NiIsInR5cCI6IkpXVCJ9.eyJzdWIiOiI2OTI5ZTMyOTkzNGQ4ZTA3OWU2ZjU1YmIiLCJ3b3JrRW1haWwiOiJmaW5hbmNlZW1wMS53b3JrQGV4YW1wbGUuY29tIiwicm9sZXMiOlsiZGVwYXJ0bWVudCBlbXBsb3llZSJdLCJwZXJtaXNzaW9ucyI6W10sInByaW1hcnlEZXBhcnRtZW50SWQiOiI2OTI5ZTEwNzk5YmUxYTc5MzlhMmUwNGUiLCJlbXBsb3llZU51bWJlciI6IkVNUC0xMDI3IiwiaWF0IjoxNzY1OTgyOTk2LCJleHAiOjE3NjYwNjkzOTZ9.FHSV-vZL22Lojw86-vxeyRtOJIoZcYr26NKbxu8-Kkg
[2m[WebServer] [22m≡ƒöì JWT Extractor - accessToken: FOUND
[2m[WebServer] [22mJwtStrategy VALIDATE: {
[2m[WebServer] [22m  sub: [32m'6929e329934d8e079e6f55bb'[39m,
[2m[WebServer] [22m  workEmail: [32m'financeemp1.work@example.com'[39m,
[2m[WebServer] [22m  roles: [ [32m'department employee'[39m ],
[2m[WebServer] [22m  permissions: [],
[2m[WebServer] [22m  primaryDepartmentId: [32m'6929e10799be1a7939a2e04e'[39m,
[2m[WebServer] [22m  employeeNumber: [32m'EMP-1027'[39m,
[2m[WebServer] [22m  iat: [33m1765982996[39m,
[2m[WebServer] [22m  exp: [33m1766069396[39m
[2m[WebServer] [22m}
[2m[WebServer] [22m≡ƒöÑ JwtAuthGuard: handleRequest() {
[2m[WebServer] [22m  err: [1mnull[22m,
[2m[WebServer] [22m  user: {
[2m[WebServer] [22m    id: [32m'6929e329934d8e079e6f55bb'[39m,
[2m[WebServer] [22m    workEmail: [32m'financeemp1.work@example.com'[39m,
[2m[WebServer] [22m    roles: [ [32m'department employee'[39m ],
[2m[WebServer] [22m    permissions: [],
[2m[WebServer] [22m    primaryDepartmentId: [32m'6929e10799be1a7939a2e04e'[39m,
[2m[WebServer] [22m    employeeNumber: [32m'EMP-1027'[39m
[2m[WebServer] [22m  },
[2m[WebServer] [22m  info: [90mundefined[39m
[2m[WebServer] [22m}
[2m[WebServer] [22mΓ£à JwtAuthGuard SUCCESS ΓåÆ user authenticated: 6929e329934d8e079e6f55bb
[2m[WebServer] [22m≡ƒöì [LeaveTypeController] findAll
[2m[WebServer] [22m≡ƒöÑ JwtAuthGuard: canActivate CALLED
[2m[WebServer] [22m≡ƒöì JWT Extractor - All cookies: {
[2m[WebServer] [22m  accessToken: [32m'eyJhbGciOiJIUzI1NiIsInR5cCI6IkpXVCJ9.eyJzdWIiOiI2OTI5ZTMyOTkzNGQ4ZTA3OWU2ZjU1YmIiLCJ3b3JrRW1haWwiOiJmaW5hbmNlZW1wMS53b3JrQGV4YW1wbGUuY29tIiwicm9sZXMiOlsiZGVwYXJ0bWVudCBlbXBsb3llZSJdLCJwZXJtaXNzaW9ucyI6W10sInByaW1hcnlEZXBhcnRtZW50SWQiOiI2OTI5ZTEwNzk5YmUxYTc5MzlhMmUwNGUiLCJlbXBsb3llZU51bWJlciI6IkVNUC0xMDI3IiwiaWF0IjoxNzY1OTgyOTk2LCJleHAiOjE3NjYwNjkzOTZ9.FHSV-vZL22Lojw86-vxeyRtOJIoZcYr26NKbxu8-Kkg'[39m
[2m[WebServer] [22m}
[2m[WebServer] [22m≡ƒöì JWT Extractor - Headers: accessToken=eyJhbGciOiJIUzI1NiIsInR5cCI6IkpXVCJ9.eyJzdWIiOiI2OTI5ZTMyOTkzNGQ4ZTA3OWU2ZjU1YmIiLCJ3b3JrRW1haWwiOiJmaW5hbmNlZW1wMS53b3JrQGV4YW1wbGUuY29tIiwicm9sZXMiOlsiZGVwYXJ0bWVudCBlbXBsb3llZSJdLCJwZXJtaXNzaW9ucyI6W10sInByaW1hcnlEZXBhcnRtZW50SWQiOiI2OTI5ZTEwNzk5YmUxYTc5MzlhMmUwNGUiLCJlbXBsb3llZU51bWJlciI6IkVNUC0xMDI3IiwiaWF0IjoxNzY1OTgyOTk2LCJleHAiOjE3NjYwNjkzOTZ9.FHSV-vZL22Lojw86-vxeyRtOJIoZcYr26NKbxu8-Kkg
[2m[WebServer] [22m≡ƒöì JWT Extractor - accessToken: FOUND
[2m[WebServer] [22mJwtStrategy VALIDATE: {
[2m[WebServer] [22m  sub: [32m'6929e329934d8e079e6f55bb'[39m,
[2m[WebServer] [22m  workEmail: [32m'financeemp1.work@example.com'[39m,
[2m[WebServer] [22m  roles: [ [32m'department employee'[39m ],
[2m[WebServer] [22m  permissions: [],
[2m[WebServer] [22m  primaryDepartmentId: [32m'6929e10799be1a7939a2e04e'[39m,
[2m[WebServer] [22m  employeeNumber: [32m'EMP-1027'[39m,
[2m[WebServer] [22m  iat: [33m1765982996[39m,
[2m[WebServer] [22m  exp: [33m1766069396[39m
[2m[WebServer] [22m}
[2m[WebServer] [22m≡ƒöÑ JwtAuthGuard: handleRequest() {
[2m[WebServer] [22m  err: [1mnull[22m,
[2m[WebServer] [22m  user: {
[2m[WebServer] [22m    id: [32m'6929e329934d8e079e6f55bb'[39m,
[2m[WebServer] [22m    workEmail: [32m'financeemp1.work@example.com'[39m,
[2m[WebServer] [22m    roles: [ [32m'department employee'[39m ],
[2m[WebServer] [22m    permissions: [],
[2m[WebServer] [22m    primaryDepartmentId: [32m'6929e10799be1a7939a2e04e'[39m,
[2m[WebServer] [22m    employeeNumber: [32m'EMP-1027'[39m
[2m[WebServer] [22m  },
[2m[WebServer] [22m  info: [90mundefined[39m
[2m[WebServer] [22m}
[2m[WebServer] [22mΓ£à JwtAuthGuard SUCCESS ΓåÆ user authenticated: 6929e329934d8e079e6f55bb
[2m[WebServer] [22m≡ƒöÑ RolesGuard running!
[2m[WebServer] [22m
[2m[WebServer] [22m===== ROLE GUARD =====
[2m[WebServer] [22mRequired roles: [
[2m[WebServer] [22m  [32m'department employee'[39m,
[2m[WebServer] [22m  [32m'HR Employee'[39m,
[2m[WebServer] [22m  [32m'department head'[39m,
[2m[WebServer] [22m  [32m'HR Manager'[39m,
[2m[WebServer] [22m  [32m'HR Admin'[39m,
[2m[WebServer] [22m  [32m'System Admin'[39m
[2m[WebServer] [22m]
[2m[WebServer] [22mUser object: {
[2m[WebServer] [22m  id: [32m'6929e329934d8e079e6f55bb'[39m,
[2m[WebServer] [22m  workEmail: [32m'financeemp1.work@example.com'[39m,
[2m[WebServer] [22m  roles: [ [32m'department employee'[39m ],
[2m[WebServer] [22m  permissions: [],
[2m[WebServer] [22m  primaryDepartmentId: [32m'6929e10799be1a7939a2e04e'[39m,
[2m[WebServer] [22m  employeeNumber: [32m'EMP-1027'[39m
[2m[WebServer] [22m}
[2m[WebServer] [22mNormalized user roles: [ [32m'department employee'[39m ]
[2m[WebServer] [22mNormalized required roles: [
[2m[WebServer] [22m  [32m'department employee'[39m,
[2m[WebServer] [22m  [32m'hr employee'[39m,
[2m[WebServer] [22m  [32m'department head'[39m,
[2m[WebServer] [22m  [32m'hr manager'[39m,
[2m[WebServer] [22m  [32m'hr admin'[39m,
[2m[WebServer] [22m  [32m'system admin'[39m
[2m[WebServer] [22m]
[2m[WebServer] [22mHas required role? [33mtrue[39m
[2m[WebServer] [22mΓ£ö ACCESS GRANTED Γ£ö
[2m[WebServer] [22m≡ƒöì [TrackingController] getMyBalances: {
[2m[WebServer] [22m  query: [Object: null prototype] {},
[2m[WebServer] [22m  userId: [32m'6929e329934d8e079e6f55bb'[39m
[2m[WebServer] [22m}
[2m[WebServer] [22m≡ƒöÑ JwtAuthGuard: canActivate CALLED
[2m[WebServer] [22m≡ƒöì JWT Extractor - All cookies: {
[2m[WebServer] [22m  accessToken: [32m'eyJhbGciOiJIUzI1NiIsInR5cCI6IkpXVCJ9.eyJzdWIiOiI2OTI5ZTMyOTkzNGQ4ZTA3OWU2ZjU1YmIiLCJ3b3JrRW1haWwiOiJmaW5hbmNlZW1wMS53b3JrQGV4YW1wbGUuY29tIiwicm9sZXMiOlsiZGVwYXJ0bWVudCBlbXBsb3llZSJdLCJwZXJtaXNzaW9ucyI6W10sInByaW1hcnlEZXBhcnRtZW50SWQiOiI2OTI5ZTEwNzk5YmUxYTc5MzlhMmUwNGUiLCJlbXBsb3llZU51bWJlciI6IkVNUC0xMDI3IiwiaWF0IjoxNzY1OTgyOTk2LCJleHAiOjE3NjYwNjkzOTZ9.FHSV-vZL22Lojw86-vxeyRtOJIoZcYr26NKbxu8-Kkg'[39m
[2m[WebServer] [22m}
[2m[WebServer] [22m≡ƒöì JWT Extractor - Headers: accessToken=eyJhbGciOiJIUzI1NiIsInR5cCI6IkpXVCJ9.eyJzdWIiOiI2OTI5ZTMyOTkzNGQ4ZTA3OWU2ZjU1YmIiLCJ3b3JrRW1haWwiOiJmaW5hbmNlZW1wMS53b3JrQGV4YW1wbGUuY29tIiwicm9sZXMiOlsiZGVwYXJ0bWVudCBlbXBsb3llZSJdLCJwZXJtaXNzaW9ucyI6W10sInByaW1hcnlEZXBhcnRtZW50SWQiOiI2OTI5ZTEwNzk5YmUxYTc5MzlhMmUwNGUiLCJlbXBsb3llZU51bWJlciI6IkVNUC0xMDI3IiwiaWF0IjoxNzY1OTgyOTk2LCJleHAiOjE3NjYwNjkzOTZ9.FHSV-vZL22Lojw86-vxeyRtOJIoZcYr26NKbxu8-Kkg
[2m[WebServer] [22m≡ƒöì JWT Extractor - accessToken: FOUND
[2m[WebServer] [22mJwtStrategy VALIDATE: {
[2m[WebServer] [22m  sub: [32m'6929e329934d8e079e6f55bb'[39m,
[2m[WebServer] [22m  workEmail: [32m'financeemp1.work@example.com'[39m,
[2m[WebServer] [22m  roles: [ [32m'department employee'[39m ],
[2m[WebServer] [22m  permissions: [],
[2m[WebServer] [22m  primaryDepartmentId: [32m'6929e10799be1a7939a2e04e'[39m,
[2m[WebServer] [22m  employeeNumber: [32m'EMP-1027'[39m,
[2m[WebServer] [22m  iat: [33m1765982996[39m,
[2m[WebServer] [22m  exp: [33m1766069396[39m
[2m[WebServer] [22m}
[2m[WebServer] [22m≡ƒöÑ JwtAuthGuard: handleRequest() {
[2m[WebServer] [22m  err: [1mnull[22m,
[2m[WebServer] [22m  user: {
[2m[WebServer] [22m    id: [32m'6929e329934d8e079e6f55bb'[39m,
[2m[WebServer] [22m    workEmail: [32m'financeemp1.work@example.com'[39m,
[2m[WebServer] [22m    roles: [ [32m'department employee'[39m ],
[2m[WebServer] [22m    permissions: [],
[2m[WebServer] [22m    primaryDepartmentId: [32m'6929e10799be1a7939a2e04e'[39m,
[2m[WebServer] [22m    employeeNumber: [32m'EMP-1027'[39m
[2m[WebServer] [22m  },
[2m[WebServer] [22m  info: [90mundefined[39m
[2m[WebServer] [22m}
[2m[WebServer] [22mΓ£à JwtAuthGuard SUCCESS ΓåÆ user authenticated: 6929e329934d8e079e6f55bb
[2m[WebServer] [22m≡ƒöÑ RolesGuard running!
[2m[WebServer] [22m
[2m[WebServer] [22m===== ROLE GUARD =====
[2m[WebServer] [22mRequired roles: [
[2m[WebServer] [22m  [32m'department employee'[39m,
[2m[WebServer] [22m  [32m'HR Employee'[39m,
[2m[WebServer] [22m  [32m'department head'[39m,
[2m[WebServer] [22m  [32m'HR Manager'[39m,
[2m[WebServer] [22m  [32m'HR Admin'[39m,
[2m[WebServer] [22m  [32m'System Admin'[39m
[2m[WebServer] [22m]
[2m[WebServer] [22mUser object: {
[2m[WebServer] [22m  id: [32m'6929e329934d8e079e6f55bb'[39m,
[2m[WebServer] [22m  workEmail: [32m'financeemp1.work@example.com'[39m,
[2m[WebServer] [22m  roles: [ [32m'department employee'[39m ],
[2m[WebServer] [22m  permissions: [],
[2m[WebServer] [22m  primaryDepartmentId: [32m'6929e10799be1a7939a2e04e'[39m,
[2m[WebServer] [22m  employeeNumber: [32m'EMP-1027'[39m
[2m[WebServer] [22m}
[2m[WebServer] [22mNormalized user roles: [ [32m'department employee'[39m ]
[2m[WebServer] [22mNormalized required roles: [
[2m[WebServer] [22m  [32m'department employee'[39m,
[2m[WebServer] [22m  [32m'hr employee'[39m,
[2m[WebServer] [22m  [32m'department head'[39m,
[2m[WebServer] [22m  [32m'hr manager'[39m,
[2m[WebServer] [22m  [32m'hr admin'[39m,
[2m[WebServer] [22m  [32m'system admin'[39m
[2m[WebServer] [22m]
[2m[WebServer] [22mHas required role? [33mtrue[39m
[2m[WebServer] [22mΓ£ö ACCESS GRANTED Γ£ö
[2m[WebServer] [22m≡ƒöì [RequestsController] getMyRequests: { userId: [90mundefined[39m }
Γ£à Unpaid conversion accessible - REQ-021, REQ-022 validated
  Γ£ô  18 [chromium] ΓÇ║ leave-tests.spec.ts:339:7 ΓÇ║ ≡ƒÖïΓÇìΓÖÇ∩╕Å EMPLOYEE 2 (EMP-1027 - Finance) - Low Balance & Special Leave ΓÇ║ Γ£à I2: Unpaid leave conversion (REQ-021, REQ-022) (9.2s)
≡ƒöÉ Logging in as: financeemp1.work@example.com
[2m[WebServer] [22m GET /login [32m200[39m in 36ms[2m (compile: 2ms, render: 34ms)[22m
[2m[WebServer] [22m≡ƒöÑ JwtAuthGuard: canActivate CALLED
[2m[WebServer] [22m≡ƒöì JWT Extractor - All cookies: [Object: null prototype] {}
[2m[WebServer] [22m≡ƒöì JWT Extractor - Headers: [90mundefined[39m
[2m[WebServer] [22m≡ƒöì JWT Extractor - accessToken: NOT FOUND
[2m[WebServer] [22m≡ƒöÑ JwtAuthGuard: handleRequest() {
[2m[WebServer] [22m  err: [1mnull[22m,
[2m[WebServer] [22m  user: [33mfalse[39m,
[2m[WebServer] [22m  info: Error: No auth token
[2m[WebServer] [22m      at JwtStrategy.authenticate [90m(C:\Users\Bedon\Desktop\semester-5-software-project\backend\[39mnode_modules\[4mpassport-jwt[24m\lib\strategy.js:96:26[90m)[39m
[2m[WebServer] [22m      at attempt [90m(C:\Users\Bedon\Desktop\semester-5-software-project\backend\[39mnode_modules\[4mpassport[24m\lib\middleware\authenticate.js:378:16[90m)[39m
[2m[WebServer] [22m      at authenticate [90m(C:\Users\Bedon\Desktop\semester-5-software-project\backend\[39mnode_modules\[4mpassport[24m\lib\middleware\authenticate.js:379:7[90m)[39m
[2m[WebServer] [22m      at [90mC:\Users\Bedon\Desktop\semester-5-software-project\backend\[39mnode_modules\[4m@nestjs[24m\passport\dist\auth.guard.js:88:3
[2m[WebServer] [22m      at new Promise (<anonymous>)
[2m[WebServer] [22m      at [90mC:\Users\Bedon\Desktop\semester-5-software-project\backend\[39mnode_modules\[4m@nestjs[24m\passport\dist\auth.guard.js:80:83
[2m[WebServer] [22m      at JwtAuthGuard.canActivate [90m(C:\Users\Bedon\Desktop\semester-5-software-project\backend\[39mnode_modules\[4m@nestjs[24m\passport\dist\auth.guard.js:44:32[90m)[39m
[2m[WebServer] [22m  [90m    at process.processTicksAndRejections (node:internal/process/task_queues:105:5)[39m
[2m[WebServer] [22m}
[2m[WebServer] [22mΓ¥î JwtAuthGuard INFO: Error: No auth token
[2m[WebServer] [22m    at JwtStrategy.authenticate 
[90m(C:\Users\Bedon\Desktop\semester-5-software-project\backend\[39mnode_modules\[4mpassport-jwt[24m\lib\strategy.js:96:26[90m)[39m
[2m[WebServer] [22m    at attempt [90m(C:\Users\Bedon\Desktop\semester-5-software-project\backend\[39mnode_modules\[4mpassport[24m\lib\mi
ddleware\authenticate.js:378:16[90m)[39m
[2m[WebServer] [22m    at authenticate [90m(C:\Users\Bedon\Desktop\semester-5-software-project\backend\[39mnode_modules\[4mpassport[24m\l
ib\middleware\authenticate.js:379:7[90m)[39m
[2m[WebServer] [22m    at 
[90mC:\Users\Bedon\Desktop\semester-5-software-project\backend\[39mnode_modules\[4m@nestjs[24m\passport\dist\auth.guard.js:88:3
[2m[WebServer] [22m    at new Promise (<anonymous>)
[2m[WebServer] [22m    at 
[90mC:\Users\Bedon\Desktop\semester-5-software-project\backend\[39mnode_modules\[4m@nestjs[24m\passport\dist\auth.guard.js:80:83
[2m[WebServer] [22m    at JwtAuthGuard.canActivate [90m(C:\Users\Bedon\Desktop\semester-5-software-project\backend\[39mnode_modules\[4m@ne
stjs[24m\passport\dist\auth.guard.js:44:32[90m)[39m
[2m[WebServer] [22m[90m    at process.processTicksAndRejections (node:internal/process/task_queues:105:5)[39m
[2m[WebServer] [22mΓ¥î JwtAuthGuard FAILING ΓåÆ No auth token
[2m[WebServer] [22mVALIDATE EMPLOYEE - systemRole = {
[2m[WebServer] [22m  _id: new ObjectId([32m'6929e329934d8e079e6f55bd'[39m),
[2m[WebServer] [22m  employeeProfileId: new ObjectId([32m'6929e329934d8e079e6f55bb'[39m),
[2m[WebServer] [22m  roles: [ [32m'department employee'[39m ],
[2m[WebServer] [22m  permissions: [],
[2m[WebServer] [22m  isActive: [33mtrue[39m,
[2m[WebServer] [22m  createdAt: [35m2025-11-28T18:00:09.867Z[39m,
[2m[WebServer] [22m  updatedAt: [35m2025-11-28T18:00:09.867Z[39m,
[2m[WebServer] [22m  __v: [33m0[39m
[2m[WebServer] [22m}
[2m[WebServer] [22mGenerated token: eyJhbGciOiJIUzI1NiIsInR5cCI6IkpXVCJ9.eyJzdWIiOiI2OTI5ZTMyOTkzNGQ4ZTA3OWU2ZjU1YmIiLCJ3b3JrRW1haWwiOiJmaW5hbmNlZW1wMS53b3JrQGV4YW1wbGUuY29tIiwicm9sZXMiOlsiZGVwYXJ0bWVudCBlbXBsb3llZSJdLCJwZXJtaXNzaW9ucyI6W10sInByaW1hcnlEZXBhcnRtZW50SWQiOiI2OTI5ZTEwNzk5YmUxYTc5MzlhMmUwNGUiLCJlbXBsb3llZU51bWJlciI6IkVNUC0xMDI3IiwiaWF0IjoxNzY1OTgzMDA1LCJleHAiOjE3NjYwNjk0MDV9.oM1g06a1HOaHjE3dmLu5lG590VQeR3IykMpZ64dZTU4
[2m[WebServer] [22m GET /leaves [32m200[39m in 22ms[2m (compile: 3ms, render: 19ms)[22m
[2m[WebServer] [22m≡ƒöÑ JwtAuthGuard: canActivate CALLED
[2m[WebServer] [22m≡ƒöì JWT Extractor - All cookies: {
[2m[WebServer] [22m  accessToken: [32m'eyJhbGciOiJIUzI1NiIsInR5cCI6IkpXVCJ9.eyJzdWIiOiI2OTI5ZTMyOTkzNGQ4ZTA3OWU2ZjU1YmIiLCJ3b3JrRW1haWwiOiJmaW5hbmNlZW1wMS53b3JrQGV4YW1wbGUuY29tIiwicm9sZXMiOlsiZGVwYXJ0bWVudCBlbXBsb3llZSJdLCJwZXJtaXNzaW9ucyI6W10sInByaW1hcnlEZXBhcnRtZW50SWQiOiI2OTI5ZTEwNzk5YmUxYTc5MzlhMmUwNGUiLCJlbXBsb3llZU51bWJlciI6IkVNUC0xMDI3IiwiaWF0IjoxNzY1OTgzMDA1LCJleHAiOjE3NjYwNjk0MDV9.oM1g06a1HOaHjE3dmLu5lG590VQeR3IykMpZ64dZTU4'[39m
[2m[WebServer] [22m}
[2m[WebServer] [22m≡ƒöì JWT Extractor - Headers: accessToken=eyJhbGciOiJIUzI1NiIsInR5cCI6IkpXVCJ9.eyJzdWIiOiI2OTI5ZTMyOTkzNGQ4ZTA3OWU2ZjU1YmIiLCJ3b3JrRW1haWwiOiJmaW5hbmNlZW1wMS53b3JrQGV4YW1wbGUuY29tIiwicm9sZXMiOlsiZGVwYXJ0bWVudCBlbXBsb3llZSJdLCJwZXJtaXNzaW9ucyI6W10sInByaW1hcnlEZXBhcnRtZW50SWQiOiI2OTI5ZTEwNzk5YmUxYTc5MzlhMmUwNGUiLCJlbXBsb3llZU51bWJlciI6IkVNUC0xMDI3IiwiaWF0IjoxNzY1OTgzMDA1LCJleHAiOjE3NjYwNjk0MDV9.oM1g06a1HOaHjE3dmLu5lG590VQeR3IykMpZ64dZTU4
[2m[WebServer] [22m≡ƒöì JWT Extractor - accessToken: FOUND
[2m[WebServer] [22mJwtStrategy VALIDATE: {
[2m[WebServer] [22m  sub: [32m'6929e329934d8e079e6f55bb'[39m,
[2m[WebServer] [22m  workEmail: [32m'financeemp1.work@example.com'[39m,
[2m[WebServer] [22m  roles: [ [32m'department employee'[39m ],
[2m[WebServer] [22m  permissions: [],
[2m[WebServer] [22m  primaryDepartmentId: [32m'6929e10799be1a7939a2e04e'[39m,
[2m[WebServer] [22m  employeeNumber: [32m'EMP-1027'[39m,
[2m[WebServer] [22m  iat: [33m1765983005[39m,
[2m[WebServer] [22m  exp: [33m1766069405[39m
[2m[WebServer] [22m}
[2m[WebServer] [22m≡ƒöÑ JwtAuthGuard: handleRequest() {
[2m[WebServer] [22m  err: [1mnull[22m,
[2m[WebServer] [22m  user: {
[2m[WebServer] [22m    id: [32m'6929e329934d8e079e6f55bb'[39m,
[2m[WebServer] [22m    workEmail: [32m'financeemp1.work@example.com'[39m,
[2m[WebServer] [22m    roles: [ [32m'department employee'[39m ],
[2m[WebServer] [22m    permissions: [],
[2m[WebServer] [22m    primaryDepartmentId: [32m'6929e10799be1a7939a2e04e'[39m,
[2m[WebServer] [22m    employeeNumber: [32m'EMP-1027'[39m
[2m[WebServer] [22m  },
[2m[WebServer] [22m  info: [90mundefined[39m
[2m[WebServer] [22m}
[2m[WebServer] [22mΓ£à JwtAuthGuard SUCCESS ΓåÆ user authenticated: 6929e329934d8e079e6f55bb
[2m[WebServer] [22m≡ƒöÑ RolesGuard running!
[2m[WebServer] [22m
[2m[WebServer] [22m===== ROLE GUARD =====
[2m[WebServer] [22mRequired roles: [
[2m[WebServer] [22m  [32m'department employee'[39m,
[2m[WebServer] [22m  [32m'HR Employee'[39m,
[2m[WebServer] [22m  [32m'department head'[39m,
[2m[WebServer] [22m  [32m'HR Manager'[39m,
[2m[WebServer] [22m  [32m'HR Admin'[39m,
[2m[WebServer] [22m  [32m'System Admin'[39m
[2m[WebServer] [22m]
[2m[WebServer] [22mUser object: {
[2m[WebServer] [22m  id: [32m'6929e329934d8e079e6f55bb'[39m,
[2m[WebServer] [22m  workEmail: [32m'financeemp1.work@example.com'[39m,
[2m[WebServer] [22m  roles: [ [32m'department employee'[39m ],
[2m[WebServer] [22m  permissions: [],
[2m[WebServer] [22m  primaryDepartmentId: [32m'6929e10799be1a7939a2e04e'[39m,
[2m[WebServer] [22m  employeeNumber: [32m'EMP-1027'[39m
[2m[WebServer] [22m}
[2m[WebServer] [22mNormalized user roles: [ [32m'department employee'[39m ]
[2m[WebServer] [22mNormalized required roles: [
[2m[WebServer] [22m  [32m'department employee'[39m,
[2m[WebServer] [22m  [32m'hr employee'[39m,
[2m[WebServer] [22m  [32m'department head'[39m,
[2m[WebServer] [22m  [32m'hr manager'[39m,
[2m[WebServer] [22m  [32m'hr admin'[39m,
[2m[WebServer] [22m  [32m'system admin'[39m
[2m[WebServer] [22m]
[2m[WebServer] [22mHas required role? [33mtrue[39m
[2m[WebServer] [22mΓ£ö ACCESS GRANTED Γ£ö
[2m[WebServer] [22m≡ƒöì [TrackingController] getMyBalances: {
[2m[WebServer] [22m  query: [Object: null prototype] {},
[2m[WebServer] [22m  userId: [32m'6929e329934d8e079e6f55bb'[39m
[2m[WebServer] [22m}
[2m[WebServer] [22m≡ƒöÑ JwtAuthGuard: canActivate CALLED
[2m[WebServer] [22m≡ƒöì JWT Extractor - All cookies: {
[2m[WebServer] [22m  accessToken: [32m'eyJhbGciOiJIUzI1NiIsInR5cCI6IkpXVCJ9.eyJzdWIiOiI2OTI5ZTMyOTkzNGQ4ZTA3OWU2ZjU1YmIiLCJ3b3JrRW1haWwiOiJmaW5hbmNlZW1wMS53b3JrQGV4YW1wbGUuY29tIiwicm9sZXMiOlsiZGVwYXJ0bWVudCBlbXBsb3llZSJdLCJwZXJtaXNzaW9ucyI6W10sInByaW1hcnlEZXBhcnRtZW50SWQiOiI2OTI5ZTEwNzk5YmUxYTc5MzlhMmUwNGUiLCJlbXBsb3llZU51bWJlciI6IkVNUC0xMDI3IiwiaWF0IjoxNzY1OTgzMDA1LCJleHAiOjE3NjYwNjk0MDV9.oM1g06a1HOaHjE3dmLu5lG590VQeR3IykMpZ64dZTU4'[39m
[2m[WebServer] [22m}
[2m[WebServer] [22m≡ƒöì JWT Extractor - Headers: accessToken=eyJhbGciOiJIUzI1NiIsInR5cCI6IkpXVCJ9.eyJzdWIiOiI2OTI5ZTMyOTkzNGQ4ZTA3OWU2ZjU1YmIiLCJ3b3JrRW1haWwiOiJmaW5hbmNlZW1wMS53b3JrQGV4YW1wbGUuY29tIiwicm9sZXMiOlsiZGVwYXJ0bWVudCBlbXBsb3llZSJdLCJwZXJtaXNzaW9ucyI6W10sInByaW1hcnlEZXBhcnRtZW50SWQiOiI2OTI5ZTEwNzk5YmUxYTc5MzlhMmUwNGUiLCJlbXBsb3llZU51bWJlciI6IkVNUC0xMDI3IiwiaWF0IjoxNzY1OTgzMDA1LCJleHAiOjE3NjYwNjk0MDV9.oM1g06a1HOaHjE3dmLu5lG590VQeR3IykMpZ64dZTU4
[2m[WebServer] [22m≡ƒöì JWT Extractor - accessToken: FOUND
[2m[WebServer] [22mJwtStrategy VALIDATE: {
[2m[WebServer] [22m  sub: [32m'6929e329934d8e079e6f55bb'[39m,
[2m[WebServer] [22m  workEmail: [32m'financeemp1.work@example.com'[39m,
[2m[WebServer] [22m  roles: [ [32m'department employee'[39m ],
[2m[WebServer] [22m  permissions: [],
[2m[WebServer] [22m  primaryDepartmentId: [32m'6929e10799be1a7939a2e04e'[39m,
[2m[WebServer] [22m  employeeNumber: [32m'EMP-1027'[39m,
[2m[WebServer] [22m  iat: [33m1765983005[39m,
[2m[WebServer] [22m  exp: [33m1766069405[39m
[2m[WebServer] [22m}
[2m[WebServer] [22m≡ƒöÑ JwtAuthGuard: handleRequest() {
[2m[WebServer] [22m  err: [1mnull[22m,
[2m[WebServer] [22m  user: {
[2m[WebServer] [22m    id: [32m'6929e329934d8e079e6f55bb'[39m,
[2m[WebServer] [22m    workEmail: [32m'financeemp1.work@example.com'[39m,
[2m[WebServer] [22m    roles: [ [32m'department employee'[39m ],
[2m[WebServer] [22m    permissions: [],
[2m[WebServer] [22m    primaryDepartmentId: [32m'6929e10799be1a7939a2e04e'[39m,
[2m[WebServer] [22m    employeeNumber: [32m'EMP-1027'[39m
[2m[WebServer] [22m  },
[2m[WebServer] [22m  info: [90mundefined[39m
[2m[WebServer] [22m}
[2m[WebServer] [22mΓ£à JwtAuthGuard SUCCESS ΓåÆ user authenticated: 6929e329934d8e079e6f55bb
[2m[WebServer] [22m≡ƒöÑ RolesGuard running!
[2m[WebServer] [22m
[2m[WebServer] [22m===== ROLE GUARD =====
[2m[WebServer] [22mRequired roles: [
[2m[WebServer] [22m  [32m'department employee'[39m,
[2m[WebServer] [22m  [32m'HR Employee'[39m,
[2m[WebServer] [22m  [32m'department head'[39m,
[2m[WebServer] [22m  [32m'HR Manager'[39m,
[2m[WebServer] [22m  [32m'HR Admin'[39m,
[2m[WebServer] [22m  [32m'System Admin'[39m
[2m[WebServer] [22m]
[2m[WebServer] [22mUser object: {
[2m[WebServer] [22m  id: [32m'6929e329934d8e079e6f55bb'[39m,
[2m[WebServer] [22m  workEmail: [32m'financeemp1.work@example.com'[39m,
[2m[WebServer] [22m  roles: [ [32m'department employee'[39m ],
[2m[WebServer] [22m  permissions: [],
[2m[WebServer] [22m  primaryDepartmentId: [32m'6929e10799be1a7939a2e04e'[39m,
[2m[WebServer] [22m  employeeNumber: [32m'EMP-1027'[39m
[2m[WebServer] [22m}
[2m[WebServer] [22mNormalized user roles: [ [32m'department employee'[39m ]
[2m[WebServer] [22mNormalized required roles: [
[2m[WebServer] [22m  [32m'department employee'[39m,
[2m[WebServer] [22m  [32m'hr employee'[39m,
[2m[WebServer] [22m  [32m'department head'[39m,
[2m[WebServer] [22m  [32m'hr manager'[39m,
[2m[WebServer] [22m  [32m'hr admin'[39m,
[2m[WebServer] [22m  [32m'system admin'[39m
[2m[WebServer] [22m]
[2m[WebServer] [22mHas required role? [33mtrue[39m
[2m[WebServer] [22mΓ£ö ACCESS GRANTED Γ£ö
[2m[WebServer] [22m≡ƒöì [TrackingController] getMyHistory: {
[2m[WebServer] [22m  filters: [Object: null prototype] {},
[2m[WebServer] [22m  userId: [32m'6929e329934d8e079e6f55bb'[39m
[2m[WebServer] [22m}
Γ£à Login successful
≡ƒñ░ Testing: REQ-012 (Maternity leave)
[2m[WebServer] [22m GET /leaves/my-leaves [32m200[39m in 40ms[2m (compile: 3ms, render: 38ms)[22m
[2m[WebServer] [22m≡ƒöÑ JwtAuthGuard: canActivate CALLED
[2m[WebServer] [22m≡ƒöì JWT Extractor - All cookies: {
[2m[WebServer] [22m  accessToken: [32m'eyJhbGciOiJIUzI1NiIsInR5cCI6IkpXVCJ9.eyJzdWIiOiI2OTI5ZTMyOTkzNGQ4ZTA3OWU2ZjU1YmIiLCJ3b3JrRW1haWwiOiJmaW5hbmNlZW1wMS53b3JrQGV4YW1wbGUuY29tIiwicm9sZXMiOlsiZGVwYXJ0bWVudCBlbXBsb3llZSJdLCJwZXJtaXNzaW9ucyI6W10sInByaW1hcnlEZXBhcnRtZW50SWQiOiI2OTI5ZTEwNzk5YmUxYTc5MzlhMmUwNGUiLCJlbXBsb3llZU51bWJlciI6IkVNUC0xMDI3IiwiaWF0IjoxNzY1OTgzMDA1LCJleHAiOjE3NjYwNjk0MDV9.oM1g06a1HOaHjE3dmLu5lG590VQeR3IykMpZ64dZTU4'[39m
[2m[WebServer] [22m}
[2m[WebServer] [22m≡ƒöì JWT Extractor - Headers: accessToken=eyJhbGciOiJIUzI1NiIsInR5cCI6IkpXVCJ9.eyJzdWIiOiI2OTI5ZTMyOTkzNGQ4ZTA3OWU2ZjU1YmIiLCJ3b3JrRW1haWwiOiJmaW5hbmNlZW1wMS53b3JrQGV4YW1wbGUuY29tIiwicm9sZXMiOlsiZGVwYXJ0bWVudCBlbXBsb3llZSJdLCJwZXJtaXNzaW9ucyI6W10sInByaW1hcnlEZXBhcnRtZW50SWQiOiI2OTI5ZTEwNzk5YmUxYTc5MzlhMmUwNGUiLCJlbXBsb3llZU51bWJlciI6IkVNUC0xMDI3IiwiaWF0IjoxNzY1OTgzMDA1LCJleHAiOjE3NjYwNjk0MDV9.oM1g06a1HOaHjE3dmLu5lG590VQeR3IykMpZ64dZTU4
[2m[WebServer] [22m≡ƒöì JWT Extractor - accessToken: FOUND
[2m[WebServer] [22mJwtStrategy VALIDATE: {
[2m[WebServer] [22m  sub: [32m'6929e329934d8e079e6f55bb'[39m,
[2m[WebServer] [22m  workEmail: [32m'financeemp1.work@example.com'[39m,
[2m[WebServer] [22m  roles: [ [32m'department employee'[39m ],
[2m[WebServer] [22m  permissions: [],
[2m[WebServer] [22m  primaryDepartmentId: [32m'6929e10799be1a7939a2e04e'[39m,
[2m[WebServer] [22m  employeeNumber: [32m'EMP-1027'[39m,
[2m[WebServer] [22m  iat: [33m1765983005[39m,
[2m[WebServer] [22m  exp: [33m1766069405[39m
[2m[WebServer] [22m}
[2m[WebServer] [22m≡ƒöÑ JwtAuthGuard: handleRequest() {
[2m[WebServer] [22m  err: [1mnull[22m,
[2m[WebServer] [22m  user: {
[2m[WebServer] [22m    id: [32m'6929e329934d8e079e6f55bb'[39m,
[2m[WebServer] [22m    workEmail: [32m'financeemp1.work@example.com'[39m,
[2m[WebServer] [22m    roles: [ [32m'department employee'[39m ],
[2m[WebServer] [22m    permissions: [],
[2m[WebServer] [22m    primaryDepartmentId: [32m'6929e10799be1a7939a2e04e'[39m,
[2m[WebServer] [22m    employeeNumber: [32m'EMP-1027'[39m
[2m[WebServer] [22m  },
[2m[WebServer] [22m  info: [90mundefined[39m
[2m[WebServer] [22m}
[2m[WebServer] [22mΓ£à JwtAuthGuard SUCCESS ΓåÆ user authenticated: 6929e329934d8e079e6f55bb
[2m[WebServer] [22m≡ƒöì [LeaveTypeController] findAll
[2m[WebServer] [22m≡ƒöÑ JwtAuthGuard: canActivate CALLED
[2m[WebServer] [22m≡ƒöì JWT Extractor - All cookies: {
[2m[WebServer] [22m  accessToken: [32m'eyJhbGciOiJIUzI1NiIsInR5cCI6IkpXVCJ9.eyJzdWIiOiI2OTI5ZTMyOTkzNGQ4ZTA3OWU2ZjU1YmIiLCJ3b3JrRW1haWwiOiJmaW5hbmNlZW1wMS53b3JrQGV4YW1wbGUuY29tIiwicm9sZXMiOlsiZGVwYXJ0bWVudCBlbXBsb3llZSJdLCJwZXJtaXNzaW9ucyI6W10sInByaW1hcnlEZXBhcnRtZW50SWQiOiI2OTI5ZTEwNzk5YmUxYTc5MzlhMmUwNGUiLCJlbXBsb3llZU51bWJlciI6IkVNUC0xMDI3IiwiaWF0IjoxNzY1OTgzMDA1LCJleHAiOjE3NjYwNjk0MDV9.oM1g06a1HOaHjE3dmLu5lG590VQeR3IykMpZ64dZTU4'[39m
[2m[WebServer] [22m}
[2m[WebServer] [22m≡ƒöì JWT Extractor - Headers: accessToken=eyJhbGciOiJIUzI1NiIsInR5cCI6IkpXVCJ9.eyJzdWIiOiI2OTI5ZTMyOTkzNGQ4ZTA3OWU2ZjU1YmIiLCJ3b3JrRW1haWwiOiJmaW5hbmNlZW1wMS53b3JrQGV4YW1wbGUuY29tIiwicm9sZXMiOlsiZGVwYXJ0bWVudCBlbXBsb3llZSJdLCJwZXJtaXNzaW9ucyI6W10sInByaW1hcnlEZXBhcnRtZW50SWQiOiI2OTI5ZTEwNzk5YmUxYTc5MzlhMmUwNGUiLCJlbXBsb3llZU51bWJlciI6IkVNUC0xMDI3IiwiaWF0IjoxNzY1OTgzMDA1LCJleHAiOjE3NjYwNjk0MDV9.oM1g06a1HOaHjE3dmLu5lG590VQeR3IykMpZ64dZTU4
[2m[WebServer] [22m≡ƒöì JWT Extractor - accessToken: FOUND
[2m[WebServer] [22mJwtStrategy VALIDATE: {
[2m[WebServer] [22m  sub: [32m'6929e329934d8e079e6f55bb'[39m,
[2m[WebServer] [22m  workEmail: [32m'financeemp1.work@example.com'[39m,
[2m[WebServer] [22m  roles: [ [32m'department employee'[39m ],
[2m[WebServer] [22m  permissions: [],
[2m[WebServer] [22m  primaryDepartmentId: [32m'6929e10799be1a7939a2e04e'[39m,
[2m[WebServer] [22m  employeeNumber: [32m'EMP-1027'[39m,
[2m[WebServer] [22m  iat: [33m1765983005[39m,
[2m[WebServer] [22m  exp: [33m1766069405[39m
[2m[WebServer] [22m}
[2m[WebServer] [22m≡ƒöÑ JwtAuthGuard: handleRequest() {
[2m[WebServer] [22m  err: [1mnull[22m,
[2m[WebServer] [22m  user: {
[2m[WebServer] [22m    id: [32m'6929e329934d8e079e6f55bb'[39m,
[2m[WebServer] [22m    workEmail: [32m'financeemp1.work@example.com'[39m,
[2m[WebServer] [22m    roles: [ [32m'department employee'[39m ],
[2m[WebServer] [22m    permissions: [],
[2m[WebServer] [22m    primaryDepartmentId: [32m'6929e10799be1a7939a2e04e'[39m,
[2m[WebServer] [22m    employeeNumber: [32m'EMP-1027'[39m
[2m[WebServer] [22m  },
[2m[WebServer] [22m  info: [90mundefined[39m
[2m[WebServer] [22m}
[2m[WebServer] [22mΓ£à JwtAuthGuard SUCCESS ΓåÆ user authenticated: 6929e329934d8e079e6f55bb
[2m[WebServer] [22m≡ƒöÑ RolesGuard running!
[2m[WebServer] [22m
[2m[WebServer] [22m===== ROLE GUARD =====
[2m[WebServer] [22mRequired roles: [
[2m[WebServer] [22m  [32m'department employee'[39m,
[2m[WebServer] [22m  [32m'HR Employee'[39m,
[2m[WebServer] [22m  [32m'department head'[39m,
[2m[WebServer] [22m  [32m'HR Manager'[39m,
[2m[WebServer] [22m  [32m'HR Admin'[39m,
[2m[WebServer] [22m  [32m'System Admin'[39m
[2m[WebServer] [22m]
[2m[WebServer] [22mUser object: {
[2m[WebServer] [22m  id: [32m'6929e329934d8e079e6f55bb'[39m,
[2m[WebServer] [22m  workEmail: [32m'financeemp1.work@example.com'[39m,
[2m[WebServer] [22m  roles: [ [32m'department employee'[39m ],
[2m[WebServer] [22m  permissions: [],
[2m[WebServer] [22m  primaryDepartmentId: [32m'6929e10799be1a7939a2e04e'[39m,
[2m[WebServer] [22m  employeeNumber: [32m'EMP-1027'[39m
[2m[WebServer] [22m}
[2m[WebServer] [22mNormalized user roles: [ [32m'department employee'[39m ]
[2m[WebServer] [22mNormalized required roles: [
[2m[WebServer] [22m  [32m'department employee'[39m,
[2m[WebServer] [22m  [32m'hr employee'[39m,
[2m[WebServer] [22m  [32m'department head'[39m,
[2m[WebServer] [22m  [32m'hr manager'[39m,
[2m[WebServer] [22m  [32m'hr admin'[39m,
[2m[WebServer] [22m  [32m'system admin'[39m
[2m[WebServer] [22m]
[2m[WebServer] [22mHas required role? [33mtrue[39m
[2m[WebServer] [22mΓ£ö ACCESS GRANTED Γ£ö
[2m[WebServer] [22m≡ƒöì [TrackingController] getMyBalances: {
[2m[WebServer] [22m  query: [Object: null prototype] {},
[2m[WebServer] [22m  userId: [32m'6929e329934d8e079e6f55bb'[39m
[2m[WebServer] [22m}
[2m[WebServer] [22m≡ƒöÑ JwtAuthGuard: canActivate CALLED
[2m[WebServer] [22m≡ƒöì JWT Extractor - All cookies: {
[2m[WebServer] [22m  accessToken: [32m'eyJhbGciOiJIUzI1NiIsInR5cCI6IkpXVCJ9.eyJzdWIiOiI2OTI5ZTMyOTkzNGQ4ZTA3OWU2ZjU1YmIiLCJ3b3JrRW1haWwiOiJmaW5hbmNlZW1wMS53b3JrQGV4YW1wbGUuY29tIiwicm9sZXMiOlsiZGVwYXJ0bWVudCBlbXBsb3llZSJdLCJwZXJtaXNzaW9ucyI6W10sInByaW1hcnlEZXBhcnRtZW50SWQiOiI2OTI5ZTEwNzk5YmUxYTc5MzlhMmUwNGUiLCJlbXBsb3llZU51bWJlciI6IkVNUC0xMDI3IiwiaWF0IjoxNzY1OTgzMDA1LCJleHAiOjE3NjYwNjk0MDV9.oM1g06a1HOaHjE3dmLu5lG590VQeR3IykMpZ64dZTU4'[39m
[2m[WebServer] [22m}
[2m[WebServer] [22m≡ƒöì JWT Extractor - Headers: accessToken=eyJhbGciOiJIUzI1NiIsInR5cCI6IkpXVCJ9.eyJzdWIiOiI2OTI5ZTMyOTkzNGQ4ZTA3OWU2ZjU1YmIiLCJ3b3JrRW1haWwiOiJmaW5hbmNlZW1wMS53b3JrQGV4YW1wbGUuY29tIiwicm9sZXMiOlsiZGVwYXJ0bWVudCBlbXBsb3llZSJdLCJwZXJtaXNzaW9ucyI6W10sInByaW1hcnlEZXBhcnRtZW50SWQiOiI2OTI5ZTEwNzk5YmUxYTc5MzlhMmUwNGUiLCJlbXBsb3llZU51bWJlciI6IkVNUC0xMDI3IiwiaWF0IjoxNzY1OTgzMDA1LCJleHAiOjE3NjYwNjk0MDV9.oM1g06a1HOaHjE3dmLu5lG590VQeR3IykMpZ64dZTU4
[2m[WebServer] [22m≡ƒöì JWT Extractor - accessToken: FOUND
[2m[WebServer] [22mJwtStrategy VALIDATE: {
[2m[WebServer] [22m  sub: [32m'6929e329934d8e079e6f55bb'[39m,
[2m[WebServer] [22m  workEmail: [32m'financeemp1.work@example.com'[39m,
[2m[WebServer] [22m  roles: [ [32m'department employee'[39m ],
[2m[WebServer] [22m  permissions: [],
[2m[WebServer] [22m  primaryDepartmentId: [32m'6929e10799be1a7939a2e04e'[39m,
[2m[WebServer] [22m  employeeNumber: [32m'EMP-1027'[39m,
[2m[WebServer] [22m  iat: [33m1765983005[39m,
[2m[WebServer] [22m  exp: [33m1766069405[39m
[2m[WebServer] [22m}
[2m[WebServer] [22m≡ƒöÑ JwtAuthGuard: handleRequest() {
[2m[WebServer] [22m  err: [1mnull[22m,
[2m[WebServer] [22m  user: {
[2m[WebServer] [22m    id: [32m'6929e329934d8e079e6f55bb'[39m,
[2m[WebServer] [22m    workEmail: [32m'financeemp1.work@example.com'[39m,
[2m[WebServer] [22m    roles: [ [32m'department employee'[39m ],
[2m[WebServer] [22m    permissions: [],
[2m[WebServer] [22m    primaryDepartmentId: [32m'6929e10799be1a7939a2e04e'[39m,
[2m[WebServer] [22m    employeeNumber: [32m'EMP-1027'[39m
[2m[WebServer] [22m  },
[2m[WebServer] [22m  info: [90mundefined[39m
[2m[WebServer] [22m}
[2m[WebServer] [22mΓ£à JwtAuthGuard SUCCESS ΓåÆ user authenticated: 6929e329934d8e079e6f55bb
[2m[WebServer] [22m≡ƒöÑ RolesGuard running!
[2m[WebServer] [22m
[2m[WebServer] [22m===== ROLE GUARD =====
[2m[WebServer] [22mRequired roles: [
[2m[WebServer] [22m  [32m'department employee'[39m,
[2m[WebServer] [22m  [32m'HR Employee'[39m,
[2m[WebServer] [22m  [32m'department head'[39m,
[2m[WebServer] [22m  [32m'HR Manager'[39m,
[2m[WebServer] [22m  [32m'HR Admin'[39m,
[2m[WebServer] [22m  [32m'System Admin'[39m
[2m[WebServer] [22m]
[2m[WebServer] [22mUser object: {
[2m[WebServer] [22m  id: [32m'6929e329934d8e079e6f55bb'[39m,
[2m[WebServer] [22m  workEmail: [32m'financeemp1.work@example.com'[39m,
[2m[WebServer] [22m  roles: [ [32m'department employee'[39m ],
[2m[WebServer] [22m  permissions: [],
[2m[WebServer] [22m  primaryDepartmentId: [32m'6929e10799be1a7939a2e04e'[39m,
[2m[WebServer] [22m  employeeNumber: [32m'EMP-1027'[39m
[2m[WebServer] [22m}
[2m[WebServer] [22mNormalized user roles: [ [32m'department employee'[39m ]
[2m[WebServer] [22mNormalized required roles: [
[2m[WebServer] [22m  [32m'department employee'[39m,
[2m[WebServer] [22m  [32m'hr employee'[39m,
[2m[WebServer] [22m  [32m'department head'[39m,
[2m[WebServer] [22m  [32m'hr manager'[39m,
[2m[WebServer] [22m  [32m'hr admin'[39m,
[2m[WebServer] [22m  [32m'system admin'[39m
[2m[WebServer] [22m]
[2m[WebServer] [22mHas required role? [33mtrue[39m
[2m[WebServer] [22mΓ£ö ACCESS GRANTED Γ£ö
[2m[WebServer] [22m≡ƒöì [RequestsController] getMyRequests: { userId: [90mundefined[39m }
Γ£à Maternity leave accessible - REQ-012 validated
  Γ£ô  19 [chromium] ΓÇ║ leave-tests.spec.ts:349:7 ΓÇ║ ≡ƒÖïΓÇìΓÖÇ∩╕Å EMPLOYEE 2 (EMP-1027 - Finance) - Low Balance & Special Leave ΓÇ║ Γ£à I3: Maternity leave (REQ-012) (9.0s)
≡ƒöÉ Logging in as: financeemp1.work@example.com
[2m[WebServer] [22m GET /login [32m200[39m in 32ms[2m (compile: 2ms, render: 30ms)[22m
[2m[WebServer] [22m≡ƒöÑ JwtAuthGuard: canActivate CALLED
[2m[WebServer] [22m≡ƒöì JWT Extractor - All cookies: [Object: null prototype] {}
[2m[WebServer] [22m≡ƒöì JWT Extractor - Headers: [90mundefined[39m
[2m[WebServer] [22m≡ƒöì JWT Extractor - accessToken: NOT FOUND
[2m[WebServer] [22m≡ƒöÑ JwtAuthGuard: handleRequest() {
[2m[WebServer] [22m  err: [1mnull[22m,
[2m[WebServer] [22m  user: [33mfalse[39m,
[2m[WebServer] [22m  info: Error: No auth token
[2m[WebServer] [22m      at JwtStrategy.authenticate [90m(C:\Users\Bedon\Desktop\semester-5-software-project\backend\[39mnode_modules\[4mpassport-jwt[24m\lib\strategy.js:96:26[90m)[39m
[2m[WebServer] [22m      at attempt [90m(C:\Users\Bedon\Desktop\semester-5-software-project\backend\[39mnode_modules\[4mpassport[24m\lib\middleware\authenticate.js:378:16[90m)[39m
[2m[WebServer] [22m      at authenticate [90m(C:\Users\Bedon\Desktop\semester-5-software-project\backend\[39mnode_modules\[4mpassport[24m\lib\middleware\authenticate.js:379:7[90m)[39m
[2m[WebServer] [22m      at [90mC:\Users\Bedon\Desktop\semester-5-software-project\backend\[39mnode_modules\[4m@nestjs[24m\passport\dist\auth.guard.js:88:3
[2m[WebServer] [22m      at new Promise (<anonymous>)
[2m[WebServer] [22m      at [90mC:\Users\Bedon\Desktop\semester-5-software-project\backend\[39mnode_modules\[4m@nestjs[24m\passport\dist\auth.guard.js:80:83
[2m[WebServer] [22m      at JwtAuthGuard.canActivate [90m(C:\Users\Bedon\Desktop\semester-5-software-project\backend\[39mnode_modules\[4m@nestjs[24m\passport\dist\auth.guard.js:44:32[90m)[39m
[2m[WebServer] [22m  [90m    at process.processTicksAndRejections (node:internal/process/task_queues:105:5)[39m
[2m[WebServer] [22m}
[2m[WebServer] [22mΓ¥î JwtAuthGuard INFO: Error: No auth token
[2m[WebServer] [22m    at JwtStrategy.authenticate 
[90m(C:\Users\Bedon\Desktop\semester-5-software-project\backend\[39mnode_modules\[4mpassport-jwt[24m\lib\strategy.js:96:26[90m)[39m
[2m[WebServer] [22m    at attempt [90m(C:\Users\Bedon\Desktop\semester-5-software-project\backend\[39mnode_modules\[4mpassport[24m\lib\mi
ddleware\authenticate.js:378:16[90m)[39m
[2m[WebServer] [22m    at authenticate [90m(C:\Users\Bedon\Desktop\semester-5-software-project\backend\[39mnode_modules\[4mpassport[24m\l
ib\middleware\authenticate.js:379:7[90m)[39m
[2m[WebServer] [22m    at 
[90mC:\Users\Bedon\Desktop\semester-5-software-project\backend\[39mnode_modules\[4m@nestjs[24m\passport\dist\auth.guard.js:88:3
[2m[WebServer] [22m    at new Promise (<anonymous>)
[2m[WebServer] [22m    at 
[90mC:\Users\Bedon\Desktop\semester-5-software-project\backend\[39mnode_modules\[4m@nestjs[24m\passport\dist\auth.guard.js:80:83
[2m[WebServer] [22m    at JwtAuthGuard.canActivate [90m(C:\Users\Bedon\Desktop\semester-5-software-project\backend\[39mnode_modules\[4m@ne
stjs[24m\passport\dist\auth.guard.js:44:32[90m)[39m
[2m[WebServer] [22m[90m    at process.processTicksAndRejections (node:internal/process/task_queues:105:5)[39m
[2m[WebServer] [22mΓ¥î JwtAuthGuard FAILING ΓåÆ No auth token
[2m[WebServer] [22mVALIDATE EMPLOYEE - systemRole = {
[2m[WebServer] [22m  _id: new ObjectId([32m'6929e329934d8e079e6f55bd'[39m),
[2m[WebServer] [22m  employeeProfileId: new ObjectId([32m'6929e329934d8e079e6f55bb'[39m),
[2m[WebServer] [22m  roles: [ [32m'department employee'[39m ],
[2m[WebServer] [22m  permissions: [],
[2m[WebServer] [22m  isActive: [33mtrue[39m,
[2m[WebServer] [22m  createdAt: [35m2025-11-28T18:00:09.867Z[39m,
[2m[WebServer] [22m  updatedAt: [35m2025-11-28T18:00:09.867Z[39m,
[2m[WebServer] [22m  __v: [33m0[39m
[2m[WebServer] [22m}
[2m[WebServer] [22mGenerated token: eyJhbGciOiJIUzI1NiIsInR5cCI6IkpXVCJ9.eyJzdWIiOiI2OTI5ZTMyOTkzNGQ4ZTA3OWU2ZjU1YmIiLCJ3b3JrRW1haWwiOiJmaW5hbmNlZW1wMS53b3JrQGV4YW1wbGUuY29tIiwicm9sZXMiOlsiZGVwYXJ0bWVudCBlbXBsb3llZSJdLCJwZXJtaXNzaW9ucyI6W10sInByaW1hcnlEZXBhcnRtZW50SWQiOiI2OTI5ZTEwNzk5YmUxYTc5MzlhMmUwNGUiLCJlbXBsb3llZU51bWJlciI6IkVNUC0xMDI3IiwiaWF0IjoxNzY1OTgzMDE0LCJleHAiOjE3NjYwNjk0MTR9.pSbjLNgqNjppFee-EhQ2n8_hydc7nKfk2eXdOGAYj4I
[2m[WebServer] [22m GET /leaves [32m200[39m in 18ms[2m (compile: 3ms, render: 15ms)[22m
[2m[WebServer] [22m≡ƒöÑ JwtAuthGuard: canActivate CALLED
[2m[WebServer] [22m≡ƒöì JWT Extractor - All cookies: {
[2m[WebServer] [22m  accessToken: [32m'eyJhbGciOiJIUzI1NiIsInR5cCI6IkpXVCJ9.eyJzdWIiOiI2OTI5ZTMyOTkzNGQ4ZTA3OWU2ZjU1YmIiLCJ3b3JrRW1haWwiOiJmaW5hbmNlZW1wMS53b3JrQGV4YW1wbGUuY29tIiwicm9sZXMiOlsiZGVwYXJ0bWVudCBlbXBsb3llZSJdLCJwZXJtaXNzaW9ucyI6W10sInByaW1hcnlEZXBhcnRtZW50SWQiOiI2OTI5ZTEwNzk5YmUxYTc5MzlhMmUwNGUiLCJlbXBsb3llZU51bWJlciI6IkVNUC0xMDI3IiwiaWF0IjoxNzY1OTgzMDE0LCJleHAiOjE3NjYwNjk0MTR9.pSbjLNgqNjppFee-EhQ2n8_hydc7nKfk2eXdOGAYj4I'[39m
[2m[WebServer] [22m}
[2m[WebServer] [22m≡ƒöì JWT Extractor - Headers: accessToken=eyJhbGciOiJIUzI1NiIsInR5cCI6IkpXVCJ9.eyJzdWIiOiI2OTI5ZTMyOTkzNGQ4ZTA3OWU2ZjU1YmIiLCJ3b3JrRW1haWwiOiJmaW5hbmNlZW1wMS53b3JrQGV4YW1wbGUuY29tIiwicm9sZXMiOlsiZGVwYXJ0bWVudCBlbXBsb3llZSJdLCJwZXJtaXNzaW9ucyI6W10sInByaW1hcnlEZXBhcnRtZW50SWQiOiI2OTI5ZTEwNzk5YmUxYTc5MzlhMmUwNGUiLCJlbXBsb3llZU51bWJlciI6IkVNUC0xMDI3IiwiaWF0IjoxNzY1OTgzMDE0LCJleHAiOjE3NjYwNjk0MTR9.pSbjLNgqNjppFee-EhQ2n8_hydc7nKfk2eXdOGAYj4I
[2m[WebServer] [22m≡ƒöì JWT Extractor - accessToken: FOUND
[2m[WebServer] [22mJwtStrategy VALIDATE: {
[2m[WebServer] [22m  sub: [32m'6929e329934d8e079e6f55bb'[39m,
[2m[WebServer] [22m  workEmail: [32m'financeemp1.work@example.com'[39m,
[2m[WebServer] [22m  roles: [ [32m'department employee'[39m ],
[2m[WebServer] [22m  permissions: [],
[2m[WebServer] [22m  primaryDepartmentId: [32m'6929e10799be1a7939a2e04e'[39m,
[2m[WebServer] [22m  employeeNumber: [32m'EMP-1027'[39m,
[2m[WebServer] [22m  iat: [33m1765983014[39m,
[2m[WebServer] [22m  exp: [33m1766069414[39m
[2m[WebServer] [22m}
[2m[WebServer] [22m≡ƒöÑ JwtAuthGuard: handleRequest() {
[2m[WebServer] [22m  err: [1mnull[22m,
[2m[WebServer] [22m  user: {
[2m[WebServer] [22m    id: [32m'6929e329934d8e079e6f55bb'[39m,
[2m[WebServer] [22m    workEmail: [32m'financeemp1.work@example.com'[39m,
[2m[WebServer] [22m    roles: [ [32m'department employee'[39m ],
[2m[WebServer] [22m    permissions: [],
[2m[WebServer] [22m    primaryDepartmentId: [32m'6929e10799be1a7939a2e04e'[39m,
[2m[WebServer] [22m    employeeNumber: [32m'EMP-1027'[39m
[2m[WebServer] [22m  },
[2m[WebServer] [22m  info: [90mundefined[39m
[2m[WebServer] [22m}
[2m[WebServer] [22mΓ£à JwtAuthGuard SUCCESS ΓåÆ user authenticated: 6929e329934d8e079e6f55bb
[2m[WebServer] [22m≡ƒöÑ RolesGuard running!
[2m[WebServer] [22m
[2m[WebServer] [22m===== ROLE GUARD =====
[2m[WebServer] [22mRequired roles: [
[2m[WebServer] [22m  [32m'department employee'[39m,
[2m[WebServer] [22m  [32m'HR Employee'[39m,
[2m[WebServer] [22m  [32m'department head'[39m,
[2m[WebServer] [22m  [32m'HR Manager'[39m,
[2m[WebServer] [22m  [32m'HR Admin'[39m,
[2m[WebServer] [22m  [32m'System Admin'[39m
[2m[WebServer] [22m]
[2m[WebServer] [22mUser object: {
[2m[WebServer] [22m  id: [32m'6929e329934d8e079e6f55bb'[39m,
[2m[WebServer] [22m  workEmail: [32m'financeemp1.work@example.com'[39m,
[2m[WebServer] [22m  roles: [ [32m'department employee'[39m ],
[2m[WebServer] [22m  permissions: [],
[2m[WebServer] [22m  primaryDepartmentId: [32m'6929e10799be1a7939a2e04e'[39m,
[2m[WebServer] [22m  employeeNumber: [32m'EMP-1027'[39m
[2m[WebServer] [22m}
[2m[WebServer] [22mNormalized user roles: [ [32m'department employee'[39m ]
[2m[WebServer] [22mNormalized required roles: [
[2m[WebServer] [22m  [32m'department employee'[39m,
[2m[WebServer] [22m  [32m'hr employee'[39m,
[2m[WebServer] [22m  [32m'department head'[39m,
[2m[WebServer] [22m  [32m'hr manager'[39m,
[2m[WebServer] [22m  [32m'hr admin'[39m,
[2m[WebServer] [22m  [32m'system admin'[39m
[2m[WebServer] [22m]
[2m[WebServer] [22mHas required role? [33mtrue[39m
[2m[WebServer] [22mΓ£ö ACCESS GRANTED Γ£ö
[2m[WebServer] [22m≡ƒöì [TrackingController] getMyBalances: {
[2m[WebServer] [22m  query: [Object: null prototype] {},
[2m[WebServer] [22m  userId: [32m'6929e329934d8e079e6f55bb'[39m
[2m[WebServer] [22m}
[2m[WebServer] [22m≡ƒöÑ JwtAuthGuard: canActivate CALLED
[2m[WebServer] [22m≡ƒöì JWT Extractor - All cookies: {
[2m[WebServer] [22m  accessToken: [32m'eyJhbGciOiJIUzI1NiIsInR5cCI6IkpXVCJ9.eyJzdWIiOiI2OTI5ZTMyOTkzNGQ4ZTA3OWU2ZjU1YmIiLCJ3b3JrRW1haWwiOiJmaW5hbmNlZW1wMS53b3JrQGV4YW1wbGUuY29tIiwicm9sZXMiOlsiZGVwYXJ0bWVudCBlbXBsb3llZSJdLCJwZXJtaXNzaW9ucyI6W10sInByaW1hcnlEZXBhcnRtZW50SWQiOiI2OTI5ZTEwNzk5YmUxYTc5MzlhMmUwNGUiLCJlbXBsb3llZU51bWJlciI6IkVNUC0xMDI3IiwiaWF0IjoxNzY1OTgzMDE0LCJleHAiOjE3NjYwNjk0MTR9.pSbjLNgqNjppFee-EhQ2n8_hydc7nKfk2eXdOGAYj4I'[39m
[2m[WebServer] [22m}
[2m[WebServer] [22m≡ƒöì JWT Extractor - Headers: accessToken=eyJhbGciOiJIUzI1NiIsInR5cCI6IkpXVCJ9.eyJzdWIiOiI2OTI5ZTMyOTkzNGQ4ZTA3OWU2ZjU1YmIiLCJ3b3JrRW1haWwiOiJmaW5hbmNlZW1wMS53b3JrQGV4YW1wbGUuY29tIiwicm9sZXMiOlsiZGVwYXJ0bWVudCBlbXBsb3llZSJdLCJwZXJtaXNzaW9ucyI6W10sInByaW1hcnlEZXBhcnRtZW50SWQiOiI2OTI5ZTEwNzk5YmUxYTc5MzlhMmUwNGUiLCJlbXBsb3llZU51bWJlciI6IkVNUC0xMDI3IiwiaWF0IjoxNzY1OTgzMDE0LCJleHAiOjE3NjYwNjk0MTR9.pSbjLNgqNjppFee-EhQ2n8_hydc7nKfk2eXdOGAYj4I
[2m[WebServer] [22m≡ƒöì JWT Extractor - accessToken: FOUND
[2m[WebServer] [22mJwtStrategy VALIDATE: {
[2m[WebServer] [22m  sub: [32m'6929e329934d8e079e6f55bb'[39m,
[2m[WebServer] [22m  workEmail: [32m'financeemp1.work@example.com'[39m,
[2m[WebServer] [22m  roles: [ [32m'department employee'[39m ],
[2m[WebServer] [22m  permissions: [],
[2m[WebServer] [22m  primaryDepartmentId: [32m'6929e10799be1a7939a2e04e'[39m,
[2m[WebServer] [22m  employeeNumber: [32m'EMP-1027'[39m,
[2m[WebServer] [22m  iat: [33m1765983014[39m,
[2m[WebServer] [22m  exp: [33m1766069414[39m
[2m[WebServer] [22m}
[2m[WebServer] [22m≡ƒöÑ JwtAuthGuard: handleRequest() {
[2m[WebServer] [22m  err: [1mnull[22m,
[2m[WebServer] [22m  user: {
[2m[WebServer] [22m    id: [32m'6929e329934d8e079e6f55bb'[39m,
[2m[WebServer] [22m    workEmail: [32m'financeemp1.work@example.com'[39m,
[2m[WebServer] [22m    roles: [ [32m'department employee'[39m ],
[2m[WebServer] [22m    permissions: [],
[2m[WebServer] [22m    primaryDepartmentId: [32m'6929e10799be1a7939a2e04e'[39m,
[2m[WebServer] [22m    employeeNumber: [32m'EMP-1027'[39m
[2m[WebServer] [22m  },
[2m[WebServer] [22m  info: [90mundefined[39m
[2m[WebServer] [22m}
[2m[WebServer] [22mΓ£à JwtAuthGuard SUCCESS ΓåÆ user authenticated: 6929e329934d8e079e6f55bb
[2m[WebServer] [22m≡ƒöÑ RolesGuard running!
[2m[WebServer] [22m
[2m[WebServer] [22m===== ROLE GUARD =====
[2m[WebServer] [22mRequired roles: [
[2m[WebServer] [22m  [32m'department employee'[39m,
[2m[WebServer] [22m  [32m'HR Employee'[39m,
[2m[WebServer] [22m  [32m'department head'[39m,
[2m[WebServer] [22m  [32m'HR Manager'[39m,
[2m[WebServer] [22m  [32m'HR Admin'[39m,
[2m[WebServer] [22m  [32m'System Admin'[39m
[2m[WebServer] [22m]
[2m[WebServer] [22mUser object: {
[2m[WebServer] [22m  id: [32m'6929e329934d8e079e6f55bb'[39m,
[2m[WebServer] [22m  workEmail: [32m'financeemp1.work@example.com'[39m,
[2m[WebServer] [22m  roles: [ [32m'department employee'[39m ],
[2m[WebServer] [22m  permissions: [],
[2m[WebServer] [22m  primaryDepartmentId: [32m'6929e10799be1a7939a2e04e'[39m,
[2m[WebServer] [22m  employeeNumber: [32m'EMP-1027'[39m
[2m[WebServer] [22m}
[2m[WebServer] [22mNormalized user roles: [ [32m'department employee'[39m ]
[2m[WebServer] [22mNormalized required roles: [
[2m[WebServer] [22m  [32m'department employee'[39m,
[2m[WebServer] [22m  [32m'hr employee'[39m,
[2m[WebServer] [22m  [32m'department head'[39m,
[2m[WebServer] [22m  [32m'hr manager'[39m,
[2m[WebServer] [22m  [32m'hr admin'[39m,
[2m[WebServer] [22m  [32m'system admin'[39m
[2m[WebServer] [22m]
[2m[WebServer] [22mHas required role? [33mtrue[39m
[2m[WebServer] [22mΓ£ö ACCESS GRANTED Γ£ö
[2m[WebServer] [22m≡ƒöì [TrackingController] getMyHistory: {
[2m[WebServer] [22m  filters: [Object: null prototype] {},
[2m[WebServer] [22m  userId: [32m'6929e329934d8e079e6f55bb'[39m
[2m[WebServer] [22m}
Γ£à Login successful
≡ƒôä Testing: REQ-028 (Medical certificate)
[2m[WebServer] [22m GET /leaves/my-leaves [32m200[39m in 49ms[2m (compile: 3ms, render: 47ms)[22m
[2m[WebServer] [22m≡ƒöÑ JwtAuthGuard: canActivate CALLED
[2m[WebServer] [22m≡ƒöì JWT Extractor - All cookies: {
[2m[WebServer] [22m  accessToken: [32m'eyJhbGciOiJIUzI1NiIsInR5cCI6IkpXVCJ9.eyJzdWIiOiI2OTI5ZTMyOTkzNGQ4ZTA3OWU2ZjU1YmIiLCJ3b3JrRW1haWwiOiJmaW5hbmNlZW1wMS53b3JrQGV4YW1wbGUuY29tIiwicm9sZXMiOlsiZGVwYXJ0bWVudCBlbXBsb3llZSJdLCJwZXJtaXNzaW9ucyI6W10sInByaW1hcnlEZXBhcnRtZW50SWQiOiI2OTI5ZTEwNzk5YmUxYTc5MzlhMmUwNGUiLCJlbXBsb3llZU51bWJlciI6IkVNUC0xMDI3IiwiaWF0IjoxNzY1OTgzMDE0LCJleHAiOjE3NjYwNjk0MTR9.pSbjLNgqNjppFee-EhQ2n8_hydc7nKfk2eXdOGAYj4I'[39m
[2m[WebServer] [22m}
[2m[WebServer] [22m≡ƒöì JWT Extractor - Headers: accessToken=eyJhbGciOiJIUzI1NiIsInR5cCI6IkpXVCJ9.eyJzdWIiOiI2OTI5ZTMyOTkzNGQ4ZTA3OWU2ZjU1YmIiLCJ3b3JrRW1haWwiOiJmaW5hbmNlZW1wMS53b3JrQGV4YW1wbGUuY29tIiwicm9sZXMiOlsiZGVwYXJ0bWVudCBlbXBsb3llZSJdLCJwZXJtaXNzaW9ucyI6W10sInByaW1hcnlEZXBhcnRtZW50SWQiOiI2OTI5ZTEwNzk5YmUxYTc5MzlhMmUwNGUiLCJlbXBsb3llZU51bWJlciI6IkVNUC0xMDI3IiwiaWF0IjoxNzY1OTgzMDE0LCJleHAiOjE3NjYwNjk0MTR9.pSbjLNgqNjppFee-EhQ2n8_hydc7nKfk2eXdOGAYj4I
[2m[WebServer] [22m≡ƒöì JWT Extractor - accessToken: FOUND
[2m[WebServer] [22mJwtStrategy VALIDATE: {
[2m[WebServer] [22m  sub: [32m'6929e329934d8e079e6f55bb'[39m,
[2m[WebServer] [22m  workEmail: [32m'financeemp1.work@example.com'[39m,
[2m[WebServer] [22m  roles: [ [32m'department employee'[39m ],
[2m[WebServer] [22m  permissions: [],
[2m[WebServer] [22m  primaryDepartmentId: [32m'6929e10799be1a7939a2e04e'[39m,
[2m[WebServer] [22m  employeeNumber: [32m'EMP-1027'[39m,
[2m[WebServer] [22m  iat: [33m1765983014[39m,
[2m[WebServer] [22m  exp: [33m1766069414[39m
[2m[WebServer] [22m}
[2m[WebServer] [22m≡ƒöÑ JwtAuthGuard: handleRequest() {
[2m[WebServer] [22m  err: [1mnull[22m,
[2m[WebServer] [22m  user: {
[2m[WebServer] [22m    id: [32m'6929e329934d8e079e6f55bb'[39m,
[2m[WebServer] [22m    workEmail: [32m'financeemp1.work@example.com'[39m,
[2m[WebServer] [22m    roles: [ [32m'department employee'[39m ],
[2m[WebServer] [22m    permissions: [],
[2m[WebServer] [22m    primaryDepartmentId: [32m'6929e10799be1a7939a2e04e'[39m,
[2m[WebServer] [22m    employeeNumber: [32m'EMP-1027'[39m
[2m[WebServer] [22m  },
[2m[WebServer] [22m  info: [90mundefined[39m
[2m[WebServer] [22m}
[2m[WebServer] [22mΓ£à JwtAuthGuard SUCCESS ΓåÆ user authenticated: 6929e329934d8e079e6f55bb
[2m[WebServer] [22m≡ƒöì [LeaveTypeController] findAll
[2m[WebServer] [22m≡ƒöÑ JwtAuthGuard: canActivate CALLED
[2m[WebServer] [22m≡ƒöì JWT Extractor - All cookies: {
[2m[WebServer] [22m  accessToken: [32m'eyJhbGciOiJIUzI1NiIsInR5cCI6IkpXVCJ9.eyJzdWIiOiI2OTI5ZTMyOTkzNGQ4ZTA3OWU2ZjU1YmIiLCJ3b3JrRW1haWwiOiJmaW5hbmNlZW1wMS53b3JrQGV4YW1wbGUuY29tIiwicm9sZXMiOlsiZGVwYXJ0bWVudCBlbXBsb3llZSJdLCJwZXJtaXNzaW9ucyI6W10sInByaW1hcnlEZXBhcnRtZW50SWQiOiI2OTI5ZTEwNzk5YmUxYTc5MzlhMmUwNGUiLCJlbXBsb3llZU51bWJlciI6IkVNUC0xMDI3IiwiaWF0IjoxNzY1OTgzMDE0LCJleHAiOjE3NjYwNjk0MTR9.pSbjLNgqNjppFee-EhQ2n8_hydc7nKfk2eXdOGAYj4I'[39m
[2m[WebServer] [22m}
[2m[WebServer] [22m≡ƒöì JWT Extractor - Headers: accessToken=eyJhbGciOiJIUzI1NiIsInR5cCI6IkpXVCJ9.eyJzdWIiOiI2OTI5ZTMyOTkzNGQ4ZTA3OWU2ZjU1YmIiLCJ3b3JrRW1haWwiOiJmaW5hbmNlZW1wMS53b3JrQGV4YW1wbGUuY29tIiwicm9sZXMiOlsiZGVwYXJ0bWVudCBlbXBsb3llZSJdLCJwZXJtaXNzaW9ucyI6W10sInByaW1hcnlEZXBhcnRtZW50SWQiOiI2OTI5ZTEwNzk5YmUxYTc5MzlhMmUwNGUiLCJlbXBsb3llZU51bWJlciI6IkVNUC0xMDI3IiwiaWF0IjoxNzY1OTgzMDE0LCJleHAiOjE3NjYwNjk0MTR9.pSbjLNgqNjppFee-EhQ2n8_hydc7nKfk2eXdOGAYj4I
[2m[WebServer] [22m≡ƒöì JWT Extractor - accessToken: FOUND
[2m[WebServer] [22mJwtStrategy VALIDATE: {
[2m[WebServer] [22m  sub: [32m'6929e329934d8e079e6f55bb'[39m,
[2m[WebServer] [22m  workEmail: [32m'financeemp1.work@example.com'[39m,
[2m[WebServer] [22m  roles: [ [32m'department employee'[39m ],
[2m[WebServer] [22m  permissions: [],
[2m[WebServer] [22m  primaryDepartmentId: [32m'6929e10799be1a7939a2e04e'[39m,
[2m[WebServer] [22m  employeeNumber: [32m'EMP-1027'[39m,
[2m[WebServer] [22m  iat: [33m1765983014[39m,
[2m[WebServer] [22m  exp: [33m1766069414[39m
[2m[WebServer] [22m}
[2m[WebServer] [22m≡ƒöÑ JwtAuthGuard: handleRequest() {
[2m[WebServer] [22m  err: [1mnull[22m,
[2m[WebServer] [22m  user: {
[2m[WebServer] [22m    id: [32m'6929e329934d8e079e6f55bb'[39m,
[2m[WebServer] [22m    workEmail: [32m'financeemp1.work@example.com'[39m,
[2m[WebServer] [22m    roles: [ [32m'department employee'[39m ],
[2m[WebServer] [22m    permissions: [],
[2m[WebServer] [22m    primaryDepartmentId: [32m'6929e10799be1a7939a2e04e'[39m,
[2m[WebServer] [22m    employeeNumber: [32m'EMP-1027'[39m
[2m[WebServer] [22m  },
[2m[WebServer] [22m  info: [90mundefined[39m
[2m[WebServer] [22m}
[2m[WebServer] [22mΓ£à JwtAuthGuard SUCCESS ΓåÆ user authenticated: 6929e329934d8e079e6f55bb
[2m[WebServer] [22m≡ƒöÑ RolesGuard running!
[2m[WebServer] [22m
[2m[WebServer] [22m===== ROLE GUARD =====
[2m[WebServer] [22mRequired roles: [
[2m[WebServer] [22m  [32m'department employee'[39m,
[2m[WebServer] [22m  [32m'HR Employee'[39m,
[2m[WebServer] [22m  [32m'department head'[39m,
[2m[WebServer] [22m  [32m'HR Manager'[39m,
[2m[WebServer] [22m  [32m'HR Admin'[39m,
[2m[WebServer] [22m  [32m'System Admin'[39m
[2m[WebServer] [22m]
[2m[WebServer] [22mUser object: {
[2m[WebServer] [22m  id: [32m'6929e329934d8e079e6f55bb'[39m,
[2m[WebServer] [22m  workEmail: [32m'financeemp1.work@example.com'[39m,
[2m[WebServer] [22m  roles: [ [32m'department employee'[39m ],
[2m[WebServer] [22m  permissions: [],
[2m[WebServer] [22m  primaryDepartmentId: [32m'6929e10799be1a7939a2e04e'[39m,
[2m[WebServer] [22m  employeeNumber: [32m'EMP-1027'[39m
[2m[WebServer] [22m}
[2m[WebServer] [22mNormalized user roles: [ [32m'department employee'[39m ]
[2m[WebServer] [22mNormalized required roles: [
[2m[WebServer] [22m  [32m'department employee'[39m,
[2m[WebServer] [22m  [32m'hr employee'[39m,
[2m[WebServer] [22m  [32m'department head'[39m,
[2m[WebServer] [22m  [32m'hr manager'[39m,
[2m[WebServer] [22m  [32m'hr admin'[39m,
[2m[WebServer] [22m  [32m'system admin'[39m
[2m[WebServer] [22m]
[2m[WebServer] [22mHas required role? [33mtrue[39m
[2m[WebServer] [22mΓ£ö ACCESS GRANTED Γ£ö
[2m[WebServer] [22m≡ƒöì [TrackingController] getMyBalances: {
[2m[WebServer] [22m  query: [Object: null prototype] {},
[2m[WebServer] [22m  userId: [32m'6929e329934d8e079e6f55bb'[39m
[2m[WebServer] [22m}
[2m[WebServer] [22m≡ƒöÑ JwtAuthGuard: canActivate CALLED
[2m[WebServer] [22m≡ƒöì JWT Extractor - All cookies: {
[2m[WebServer] [22m  accessToken: [32m'eyJhbGciOiJIUzI1NiIsInR5cCI6IkpXVCJ9.eyJzdWIiOiI2OTI5ZTMyOTkzNGQ4ZTA3OWU2ZjU1YmIiLCJ3b3JrRW1haWwiOiJmaW5hbmNlZW1wMS53b3JrQGV4YW1wbGUuY29tIiwicm9sZXMiOlsiZGVwYXJ0bWVudCBlbXBsb3llZSJdLCJwZXJtaXNzaW9ucyI6W10sInByaW1hcnlEZXBhcnRtZW50SWQiOiI2OTI5ZTEwNzk5YmUxYTc5MzlhMmUwNGUiLCJlbXBsb3llZU51bWJlciI6IkVNUC0xMDI3IiwiaWF0IjoxNzY1OTgzMDE0LCJleHAiOjE3NjYwNjk0MTR9.pSbjLNgqNjppFee-EhQ2n8_hydc7nKfk2eXdOGAYj4I'[39m
[2m[WebServer] [22m}
[2m[WebServer] [22m≡ƒöì JWT Extractor - Headers: accessToken=eyJhbGciOiJIUzI1NiIsInR5cCI6IkpXVCJ9.eyJzdWIiOiI2OTI5ZTMyOTkzNGQ4ZTA3OWU2ZjU1YmIiLCJ3b3JrRW1haWwiOiJmaW5hbmNlZW1wMS53b3JrQGV4YW1wbGUuY29tIiwicm9sZXMiOlsiZGVwYXJ0bWVudCBlbXBsb3llZSJdLCJwZXJtaXNzaW9ucyI6W10sInByaW1hcnlEZXBhcnRtZW50SWQiOiI2OTI5ZTEwNzk5YmUxYTc5MzlhMmUwNGUiLCJlbXBsb3llZU51bWJlciI6IkVNUC0xMDI3IiwiaWF0IjoxNzY1OTgzMDE0LCJleHAiOjE3NjYwNjk0MTR9.pSbjLNgqNjppFee-EhQ2n8_hydc7nKfk2eXdOGAYj4I
[2m[WebServer] [22m≡ƒöì JWT Extractor - accessToken: FOUND
[2m[WebServer] [22mJwtStrategy VALIDATE: {
[2m[WebServer] [22m  sub: [32m'6929e329934d8e079e6f55bb'[39m,
[2m[WebServer] [22m  workEmail: [32m'financeemp1.work@example.com'[39m,
[2m[WebServer] [22m  roles: [ [32m'department employee'[39m ],
[2m[WebServer] [22m  permissions: [],
[2m[WebServer] [22m  primaryDepartmentId: [32m'6929e10799be1a7939a2e04e'[39m,
[2m[WebServer] [22m  employeeNumber: [32m'EMP-1027'[39m,
[2m[WebServer] [22m  iat: [33m1765983014[39m,
[2m[WebServer] [22m  exp: [33m1766069414[39m
[2m[WebServer] [22m}
[2m[WebServer] [22m≡ƒöÑ JwtAuthGuard: handleRequest() {
[2m[WebServer] [22m  err: [1mnull[22m,
[2m[WebServer] [22m  user: {
[2m[WebServer] [22m    id: [32m'6929e329934d8e079e6f55bb'[39m,
[2m[WebServer] [22m    workEmail: [32m'financeemp1.work@example.com'[39m,
[2m[WebServer] [22m    roles: [ [32m'department employee'[39m ],
[2m[WebServer] [22m    permissions: [],
[2m[WebServer] [22m    primaryDepartmentId: [32m'6929e10799be1a7939a2e04e'[39m,
[2m[WebServer] [22m    employeeNumber: [32m'EMP-1027'[39m
[2m[WebServer] [22m  },
[2m[WebServer] [22m  info: [90mundefined[39m
[2m[WebServer] [22m}
[2m[WebServer] [22mΓ£à JwtAuthGuard SUCCESS ΓåÆ user authenticated: 6929e329934d8e079e6f55bb
[2m[WebServer] [22m≡ƒöÑ RolesGuard running!
[2m[WebServer] [22m
[2m[WebServer] [22m===== ROLE GUARD =====
[2m[WebServer] [22mRequired roles: [
[2m[WebServer] [22m  [32m'department employee'[39m,
[2m[WebServer] [22m  [32m'HR Employee'[39m,
[2m[WebServer] [22m  [32m'department head'[39m,
[2m[WebServer] [22m  [32m'HR Manager'[39m,
[2m[WebServer] [22m  [32m'HR Admin'[39m,
[2m[WebServer] [22m  [32m'System Admin'[39m
[2m[WebServer] [22m]
[2m[WebServer] [22mUser object: {
[2m[WebServer] [22m  id: [32m'6929e329934d8e079e6f55bb'[39m,
[2m[WebServer] [22m  workEmail: [32m'financeemp1.work@example.com'[39m,
[2m[WebServer] [22m  roles: [ [32m'department employee'[39m ],
[2m[WebServer] [22m  permissions: [],
[2m[WebServer] [22m  primaryDepartmentId: [32m'6929e10799be1a7939a2e04e'[39m,
[2m[WebServer] [22m  employeeNumber: [32m'EMP-1027'[39m
[2m[WebServer] [22m}
[2m[WebServer] [22mNormalized user roles: [ [32m'department employee'[39m ]
[2m[WebServer] [22mNormalized required roles: [
[2m[WebServer] [22m  [32m'department employee'[39m,
[2m[WebServer] [22m  [32m'hr employee'[39m,
[2m[WebServer] [22m  [32m'department head'[39m,
[2m[WebServer] [22m  [32m'hr manager'[39m,
[2m[WebServer] [22m  [32m'hr admin'[39m,
[2m[WebServer] [22m  [32m'system admin'[39m
[2m[WebServer] [22m]
[2m[WebServer] [22mHas required role? [33mtrue[39m
[2m[WebServer] [22mΓ£ö ACCESS GRANTED Γ£ö
[2m[WebServer] [22m≡ƒöì [RequestsController] getMyRequests: { userId: [90mundefined[39m }
Γ£à Documentation upload accessible - REQ-028 validated
  Γ£ô  20 [chromium] ΓÇ║ leave-tests.spec.ts:359:7 ΓÇ║ ≡ƒÖïΓÇìΓÖÇ∩╕Å EMPLOYEE 2 (EMP-1027 - Finance) - Low Balance & Special Leave ΓÇ║ Γ£à I4: Medical documentation (REQ-028) (9.0s)
≡ƒöÉ Logging in as: engmanager.work@example.com
[2m[WebServer] [22m GET /login [32m200[39m in 41ms[2m (compile: 2ms, render: 39ms)[22m
[2m[WebServer] [22m≡ƒöÑ JwtAuthGuard: canActivate CALLED
[2m[WebServer] [22m≡ƒöì JWT Extractor - All cookies: [Object: null prototype] {}
[2m[WebServer] [22m≡ƒöì JWT Extractor - Headers: [90mundefined[39m
[2m[WebServer] [22m≡ƒöì JWT Extractor - accessToken: NOT FOUND
[2m[WebServer] [22m≡ƒöÑ JwtAuthGuard: handleRequest() {
[2m[WebServer] [22m  err: [1mnull[22m,
[2m[WebServer] [22m  user: [33mfalse[39m,
[2m[WebServer] [22m  info: Error: No auth token
[2m[WebServer] [22m      at JwtStrategy.authenticate [90m(C:\Users\Bedon\Desktop\semester-5-software-project\backend\[39mnode_modules\[4mpassport-jwt[24m\lib\strategy.js:96:26[90m)[39m
[2m[WebServer] [22m      at attempt [90m(C:\Users\Bedon\Desktop\semester-5-software-project\backend\[39mnode_modules\[4mpassport[24m\lib\middleware\authenticate.js:378:16[90m)[39m
[2m[WebServer] [22m      at authenticate [90m(C:\Users\Bedon\Desktop\semester-5-software-project\backend\[39mnode_modules\[4mpassport[24m\lib\middleware\authenticate.js:379:7[90m)[39m
[2m[WebServer] [22m      at [90mC:\Users\Bedon\Desktop\semester-5-software-project\backend\[39mnode_modules\[4m@nestjs[24m\passport\dist\auth.guard.js:88:3
[2m[WebServer] [22m      at new Promise (<anonymous>)
[2m[WebServer] [22m      at [90mC:\Users\Bedon\Desktop\semester-5-software-project\backend\[39mnode_modules\[4m@nestjs[24m\passport\dist\auth.guard.js:80:83
[2m[WebServer] [22m      at JwtAuthGuard.canActivate [90m(C:\Users\Bedon\Desktop\semester-5-software-project\backend\[39mnode_modules\[4m@nestjs[24m\passport\dist\auth.guard.js:44:32[90m)[39m
[2m[WebServer] [22m  [90m    at process.processTicksAndRejections (node:internal/process/task_queues:105:5)[39m
[2m[WebServer] [22m}
[2m[WebServer] [22mΓ¥î JwtAuthGuard INFO: Error: No auth token
[2m[WebServer] [22m    at JwtStrategy.authenticate 
[90m(C:\Users\Bedon\Desktop\semester-5-software-project\backend\[39mnode_modules\[4mpassport-jwt[24m\lib\strategy.js:96:26[90m)[39m
[2m[WebServer] [22m    at attempt [90m(C:\Users\Bedon\Desktop\semester-5-software-project\backend\[39mnode_modules\[4mpassport[24m\lib\mi
ddleware\authenticate.js:378:16[90m)[39m
[2m[WebServer] [22m    at authenticate [90m(C:\Users\Bedon\Desktop\semester-5-software-project\backend\[39mnode_modules\[4mpassport[24m\l
ib\middleware\authenticate.js:379:7[90m)[39m
[2m[WebServer] [22m    at 
[90mC:\Users\Bedon\Desktop\semester-5-software-project\backend\[39mnode_modules\[4m@nestjs[24m\passport\dist\auth.guard.js:88:3
[2m[WebServer] [22m    at new Promise (<anonymous>)
[2m[WebServer] [22m    at 
[90mC:\Users\Bedon\Desktop\semester-5-software-project\backend\[39mnode_modules\[4m@nestjs[24m\passport\dist\auth.guard.js:80:83
[2m[WebServer] [22m    at JwtAuthGuard.canActivate [90m(C:\Users\Bedon\Desktop\semester-5-software-project\backend\[39mnode_modules\[4m@ne
stjs[24m\passport\dist\auth.guard.js:44:32[90m)[39m
[2m[WebServer] [22m[90m    at process.processTicksAndRejections (node:internal/process/task_queues:105:5)[39m
[2m[WebServer] [22mΓ¥î JwtAuthGuard FAILING ΓåÆ No auth token
[2m[WebServer] [22mVALIDATE EMPLOYEE - systemRole = {
[2m[WebServer] [22m  _id: new ObjectId([32m'6929e2c0934d8e079e6f55b3'[39m),
[2m[WebServer] [22m  employeeProfileId: new ObjectId([32m'6929e2c0934d8e079e6f55b1'[39m),
[2m[WebServer] [22m  roles: [ [32m'department head'[39m ],
[2m[WebServer] [22m  permissions: [],
[2m[WebServer] [22m  isActive: [33mtrue[39m,
[2m[WebServer] [22m  createdAt: [35m2025-11-28T17:58:24.325Z[39m,
[2m[WebServer] [22m  updatedAt: [35m2025-11-28T17:58:24.325Z[39m,
[2m[WebServer] [22m  __v: [33m0[39m
[2m[WebServer] [22m}
[2m[WebServer] [22mGenerated token: eyJhbGciOiJIUzI1NiIsInR5cCI6IkpXVCJ9.eyJzdWIiOiI2OTI5ZTJjMDkzNGQ4ZTA3OWU2ZjU1YjEiLCJ3b3JrRW1haWwiOiJlbmdtYW5hZ2VyLndvcmtAZXhhbXBsZS5jb20iLCJyb2xlcyI6WyJkZXBhcnRtZW50IGhlYWQiXSwicGVybWlzc2lvbnMiOltdLCJwcmltYXJ5RGVwYXJ0bWVudElkIjoiNjkyNzVkOGFmYzExODRhM2IzZTZjNTVmIiwiZW1wbG95ZWVOdW1iZXIiOiJFTVAtMTAyNSIsImlhdCI6MTc2NTk4MzAyMywiZXhwIjoxNzY2MDY5NDIzfQ.m7wE876B6loAbJndzFN9wfqD4gKUwmF8fve8BtIvnSU
[2m[WebServer] [22m GET /leaves [32m200[39m in 20ms[2m (compile: 3ms, render: 17ms)[22m
[2m[WebServer] [22m≡ƒöÑ JwtAuthGuard: canActivate CALLED
[2m[WebServer] [22m≡ƒöì JWT Extractor - All cookies: {
[2m[WebServer] [22m  accessToken: [32m'eyJhbGciOiJIUzI1NiIsInR5cCI6IkpXVCJ9.eyJzdWIiOiI2OTI5ZTJjMDkzNGQ4ZTA3OWU2ZjU1YjEiLCJ3b3JrRW1haWwiOiJlbmdtYW5hZ2VyLndvcmtAZXhhbXBsZS5jb20iLCJyb2xlcyI6WyJkZXBhcnRtZW50IGhlYWQiXSwicGVybWlzc2lvbnMiOltdLCJwcmltYXJ5RGVwYXJ0bWVudElkIjoiNjkyNzVkOGFmYzExODRhM2IzZTZjNTVmIiwiZW1wbG95ZWVOdW1iZXIiOiJFTVAtMTAyNSIsImlhdCI6MTc2NTk4MzAyMywiZXhwIjoxNzY2MDY5NDIzfQ.m7wE876B6loAbJndzFN9wfqD4gKUwmF8fve8BtIvnSU'[39m
[2m[WebServer] [22m}
[2m[WebServer] [22m≡ƒöì JWT Extractor - Headers: accessToken=eyJhbGciOiJIUzI1NiIsInR5cCI6IkpXVCJ9.eyJzdWIiOiI2OTI5ZTJjMDkzNGQ4ZTA3OWU2ZjU1YjEiLCJ3b3JrRW1haWwiOiJlbmdtYW5hZ2VyLndvcmtAZXhhbXBsZS5jb20iLCJyb2xlcyI6WyJkZXBhcnRtZW50IGhlYWQiXSwicGVybWlzc2lvbnMiOltdLCJwcmltYXJ5RGVwYXJ0bWVudElkIjoiNjkyNzVkOGFmYzExODRhM2IzZTZjNTVmIiwiZW1wbG95ZWVOdW1iZXIiOiJFTVAtMTAyNSIsImlhdCI6MTc2NTk4MzAyMywiZXhwIjoxNzY2MDY5NDIzfQ.m7wE876B6loAbJndzFN9wfqD4gKUwmF8fve8BtIvnSU
[2m[WebServer] [22m≡ƒöì JWT Extractor - accessToken: FOUND
[2m[WebServer] [22mJwtStrategy VALIDATE: {
[2m[WebServer] [22m  sub: [32m'6929e2c0934d8e079e6f55b1'[39m,
[2m[WebServer] [22m  workEmail: [32m'engmanager.work@example.com'[39m,
[2m[WebServer] [22m  roles: [ [32m'department head'[39m ],
[2m[WebServer] [22m  permissions: [],
[2m[WebServer] [22m  primaryDepartmentId: [32m'69275d8afc1184a3b3e6c55f'[39m,
[2m[WebServer] [22m  employeeNumber: [32m'EMP-1025'[39m,
[2m[WebServer] [22m  iat: [33m1765983023[39m,
[2m[WebServer] [22m  exp: [33m1766069423[39m
[2m[WebServer] [22m}
[2m[WebServer] [22m≡ƒöÑ JwtAuthGuard: handleRequest() {
[2m[WebServer] [22m  err: [1mnull[22m,
[2m[WebServer] [22m  user: {
[2m[WebServer] [22m    id: [32m'6929e2c0934d8e079e6f55b1'[39m,
[2m[WebServer] [22m    workEmail: [32m'engmanager.work@example.com'[39m,
[2m[WebServer] [22m    roles: [ [32m'department head'[39m ],
[2m[WebServer] [22m    permissions: [],
[2m[WebServer] [22m    primaryDepartmentId: [32m'69275d8afc1184a3b3e6c55f'[39m,
[2m[WebServer] [22m    employeeNumber: [32m'EMP-1025'[39m
[2m[WebServer] [22m  },
[2m[WebServer] [22m  info: [90mundefined[39m
[2m[WebServer] [22m}
[2m[WebServer] [22mΓ£à JwtAuthGuard SUCCESS ΓåÆ user authenticated: 6929e2c0934d8e079e6f55b1
[2m[WebServer] [22m≡ƒöÑ RolesGuard running!
[2m[WebServer] [22m
[2m[WebServer] [22m===== ROLE GUARD =====
[2m[WebServer] [22mRequired roles: [
[2m[WebServer] [22m  [32m'department employee'[39m,
[2m[WebServer] [22m  [32m'HR Employee'[39m,
[2m[WebServer] [22m  [32m'department head'[39m,
[2m[WebServer] [22m  [32m'HR Manager'[39m,
[2m[WebServer] [22m  [32m'HR Admin'[39m,
[2m[WebServer] [22m  [32m'System Admin'[39m
[2m[WebServer] [22m]
[2m[WebServer] [22mUser object: {
[2m[WebServer] [22m  id: [32m'6929e2c0934d8e079e6f55b1'[39m,
[2m[WebServer] [22m  workEmail: [32m'engmanager.work@example.com'[39m,
[2m[WebServer] [22m  roles: [ [32m'department head'[39m ],
[2m[WebServer] [22m  permissions: [],
[2m[WebServer] [22m  primaryDepartmentId: [32m'69275d8afc1184a3b3e6c55f'[39m,
[2m[WebServer] [22m  employeeNumber: [32m'EMP-1025'[39m
[2m[WebServer] [22m}
[2m[WebServer] [22mNormalized user roles: [ [32m'department head'[39m ]
[2m[WebServer] [22mNormalized required roles: [
[2m[WebServer] [22m  [32m'department employee'[39m,
[2m[WebServer] [22m  [32m'hr employee'[39m,
[2m[WebServer] [22m  [32m'department head'[39m,
[2m[WebServer] [22m  [32m'hr manager'[39m,
[2m[WebServer] [22m  [32m'hr admin'[39m,
[2m[WebServer] [22m  [32m'system admin'[39m
[2m[WebServer] [22m]
[2m[WebServer] [22mHas required role? [33mtrue[39m
[2m[WebServer] [22mΓ£ö ACCESS GRANTED Γ£ö
[2m[WebServer] [22m≡ƒöì [TrackingController] getMyBalances: {
[2m[WebServer] [22m  query: [Object: null prototype] {},
[2m[WebServer] [22m  userId: [32m'6929e2c0934d8e079e6f55b1'[39m
[2m[WebServer] [22m}
[2m[WebServer] [22m≡ƒöÑ JwtAuthGuard: canActivate CALLED
[2m[WebServer] [22m≡ƒöì JWT Extractor - All cookies: {
[2m[WebServer] [22m  accessToken: [32m'eyJhbGciOiJIUzI1NiIsInR5cCI6IkpXVCJ9.eyJzdWIiOiI2OTI5ZTJjMDkzNGQ4ZTA3OWU2ZjU1YjEiLCJ3b3JrRW1haWwiOiJlbmdtYW5hZ2VyLndvcmtAZXhhbXBsZS5jb20iLCJyb2xlcyI6WyJkZXBhcnRtZW50IGhlYWQiXSwicGVybWlzc2lvbnMiOltdLCJwcmltYXJ5RGVwYXJ0bWVudElkIjoiNjkyNzVkOGFmYzExODRhM2IzZTZjNTVmIiwiZW1wbG95ZWVOdW1iZXIiOiJFTVAtMTAyNSIsImlhdCI6MTc2NTk4MzAyMywiZXhwIjoxNzY2MDY5NDIzfQ.m7wE876B6loAbJndzFN9wfqD4gKUwmF8fve8BtIvnSU'[39m
[2m[WebServer] [22m}
[2m[WebServer] [22m≡ƒöì JWT Extractor - Headers: accessToken=eyJhbGciOiJIUzI1NiIsInR5cCI6IkpXVCJ9.eyJzdWIiOiI2OTI5ZTJjMDkzNGQ4ZTA3OWU2ZjU1YjEiLCJ3b3JrRW1haWwiOiJlbmdtYW5hZ2VyLndvcmtAZXhhbXBsZS5jb20iLCJyb2xlcyI6WyJkZXBhcnRtZW50IGhlYWQiXSwicGVybWlzc2lvbnMiOltdLCJwcmltYXJ5RGVwYXJ0bWVudElkIjoiNjkyNzVkOGFmYzExODRhM2IzZTZjNTVmIiwiZW1wbG95ZWVOdW1iZXIiOiJFTVAtMTAyNSIsImlhdCI6MTc2NTk4MzAyMywiZXhwIjoxNzY2MDY5NDIzfQ.m7wE876B6loAbJndzFN9wfqD4gKUwmF8fve8BtIvnSU
[2m[WebServer] [22m≡ƒöì JWT Extractor - accessToken: FOUND
[2m[WebServer] [22mJwtStrategy VALIDATE: {
[2m[WebServer] [22m  sub: [32m'6929e2c0934d8e079e6f55b1'[39m,
[2m[WebServer] [22m  workEmail: [32m'engmanager.work@example.com'[39m,
[2m[WebServer] [22m  roles: [ [32m'department head'[39m ],
[2m[WebServer] [22m  permissions: [],
[2m[WebServer] [22m  primaryDepartmentId: [32m'69275d8afc1184a3b3e6c55f'[39m,
[2m[WebServer] [22m  employeeNumber: [32m'EMP-1025'[39m,
[2m[WebServer] [22m  iat: [33m1765983023[39m,
[2m[WebServer] [22m  exp: [33m1766069423[39m
[2m[WebServer] [22m}
[2m[WebServer] [22m≡ƒöÑ JwtAuthGuard: handleRequest() {
[2m[WebServer] [22m  err: [1mnull[22m,
[2m[WebServer] [22m  user: {
[2m[WebServer] [22m    id: [32m'6929e2c0934d8e079e6f55b1'[39m,
[2m[WebServer] [22m    workEmail: [32m'engmanager.work@example.com'[39m,
[2m[WebServer] [22m    roles: [ [32m'department head'[39m ],
[2m[WebServer] [22m    permissions: [],
[2m[WebServer] [22m    primaryDepartmentId: [32m'69275d8afc1184a3b3e6c55f'[39m,
[2m[WebServer] [22m    employeeNumber: [32m'EMP-1025'[39m
[2m[WebServer] [22m  },
[2m[WebServer] [22m  info: [90mundefined[39m
[2m[WebServer] [22m}
[2m[WebServer] [22mΓ£à JwtAuthGuard SUCCESS ΓåÆ user authenticated: 6929e2c0934d8e079e6f55b1
[2m[WebServer] [22m≡ƒöÑ RolesGuard running!
[2m[WebServer] [22m
[2m[WebServer] [22m===== ROLE GUARD =====
[2m[WebServer] [22mRequired roles: [
[2m[WebServer] [22m  [32m'department employee'[39m,
[2m[WebServer] [22m  [32m'HR Employee'[39m,
[2m[WebServer] [22m  [32m'department head'[39m,
[2m[WebServer] [22m  [32m'HR Manager'[39m,
[2m[WebServer] [22m  [32m'HR Admin'[39m,
[2m[WebServer] [22m  [32m'System Admin'[39m
[2m[WebServer] [22m]
[2m[WebServer] [22mUser object: {
[2m[WebServer] [22m  id: [32m'6929e2c0934d8e079e6f55b1'[39m,
[2m[WebServer] [22m  workEmail: [32m'engmanager.work@example.com'[39m,
[2m[WebServer] [22m  roles: [ [32m'department head'[39m ],
[2m[WebServer] [22m  permissions: [],
[2m[WebServer] [22m  primaryDepartmentId: [32m'69275d8afc1184a3b3e6c55f'[39m,
[2m[WebServer] [22m  employeeNumber: [32m'EMP-1025'[39m
[2m[WebServer] [22m}
[2m[WebServer] [22mNormalized user roles: [ [32m'department head'[39m ]
[2m[WebServer] [22mNormalized required roles: [
[2m[WebServer] [22m  [32m'department employee'[39m,
[2m[WebServer] [22m  [32m'hr employee'[39m,
[2m[WebServer] [22m  [32m'department head'[39m,
[2m[WebServer] [22m  [32m'hr manager'[39m,
[2m[WebServer] [22m  [32m'hr admin'[39m,
[2m[WebServer] [22m  [32m'system admin'[39m
[2m[WebServer] [22m]
[2m[WebServer] [22mHas required role? [33mtrue[39m
[2m[WebServer] [22mΓ£ö ACCESS GRANTED Γ£ö
[2m[WebServer] [22m≡ƒöì [TrackingController] getMyHistory: {
[2m[WebServer] [22m  filters: [Object: null prototype] {},
[2m[WebServer] [22m  userId: [32m'6929e2c0934d8e079e6f55b1'[39m
[2m[WebServer] [22m}
Γ£à Login successful
≡ƒæÑ Testing: REQ-005 (View team requests)
[2m[WebServer] [22m GET /leaves/team [32m200[39m in 387ms[2m (compile: 319ms, render: 69ms)[22m
[2m[WebServer] [22m≡ƒöÑ JwtAuthGuard: canActivate CALLED
[2m[WebServer] [22m≡ƒöì JWT Extractor - All cookies: {
[2m[WebServer] [22m  accessToken: [32m'eyJhbGciOiJIUzI1NiIsInR5cCI6IkpXVCJ9.eyJzdWIiOiI2OTI5ZTJjMDkzNGQ4ZTA3OWU2ZjU1YjEiLCJ3b3JrRW1haWwiOiJlbmdtYW5hZ2VyLndvcmtAZXhhbXBsZS5jb20iLCJyb2xlcyI6WyJkZXBhcnRtZW50IGhlYWQiXSwicGVybWlzc2lvbnMiOltdLCJwcmltYXJ5RGVwYXJ0bWVudElkIjoiNjkyNzVkOGFmYzExODRhM2IzZTZjNTVmIiwiZW1wbG95ZWVOdW1iZXIiOiJFTVAtMTAyNSIsImlhdCI6MTc2NTk4MzAyMywiZXhwIjoxNzY2MDY5NDIzfQ.m7wE876B6loAbJndzFN9wfqD4gKUwmF8fve8BtIvnSU'[39m
[2m[WebServer] [22m}
[2m[WebServer] [22m≡ƒöì JWT Extractor - Headers: accessToken=eyJhbGciOiJIUzI1NiIsInR5cCI6IkpXVCJ9.eyJzdWIiOiI2OTI5ZTJjMDkzNGQ4ZTA3OWU2ZjU1YjEiLCJ3b3JrRW1haWwiOiJlbmdtYW5hZ2VyLndvcmtAZXhhbXBsZS5jb20iLCJyb2xlcyI6WyJkZXBhcnRtZW50IGhlYWQiXSwicGVybWlzc2lvbnMiOltdLCJwcmltYXJ5RGVwYXJ0bWVudElkIjoiNjkyNzVkOGFmYzExODRhM2IzZTZjNTVmIiwiZW1wbG95ZWVOdW1iZXIiOiJFTVAtMTAyNSIsImlhdCI6MTc2NTk4MzAyMywiZXhwIjoxNzY2MDY5NDIzfQ.m7wE876B6loAbJndzFN9wfqD4gKUwmF8fve8BtIvnSU
[2m[WebServer] [22m≡ƒöì JWT Extractor - accessToken: FOUND
[2m[WebServer] [22mJwtStrategy VALIDATE: {
[2m[WebServer] [22m  sub: [32m'6929e2c0934d8e079e6f55b1'[39m,
[2m[WebServer] [22m  workEmail: [32m'engmanager.work@example.com'[39m,
[2m[WebServer] [22m  roles: [ [32m'department head'[39m ],
[2m[WebServer] [22m  permissions: [],
[2m[WebServer] [22m  primaryDepartmentId: [32m'69275d8afc1184a3b3e6c55f'[39m,
[2m[WebServer] [22m  employeeNumber: [32m'EMP-1025'[39m,
[2m[WebServer] [22m  iat: [33m1765983023[39m,
[2m[WebServer] [22m  exp: [33m1766069423[39m
[2m[WebServer] [22m}
[2m[WebServer] [22m≡ƒöÑ JwtAuthGuard: handleRequest() {
[2m[WebServer] [22m  err: [1mnull[22m,
[2m[WebServer] [22m  user: {
[2m[WebServer] [22m    id: [32m'6929e2c0934d8e079e6f55b1'[39m,
[2m[WebServer] [22m    workEmail: [32m'engmanager.work@example.com'[39m,
[2m[WebServer] [22m    roles: [ [32m'department head'[39m ],
[2m[WebServer] [22m    permissions: [],
[2m[WebServer] [22m    primaryDepartmentId: [32m'69275d8afc1184a3b3e6c55f'[39m,
[2m[WebServer] [22m    employeeNumber: [32m'EMP-1025'[39m
[2m[WebServer] [22m  },
[2m[WebServer] [22m  info: [90mundefined[39m
[2m[WebServer] [22m}
[2m[WebServer] [22mΓ£à JwtAuthGuard SUCCESS ΓåÆ user authenticated: 6929e2c0934d8e079e6f55b1
[2m[WebServer] [22m≡ƒöÑ JwtAuthGuard: canActivate CALLED
[2m[WebServer] [22m≡ƒöì JWT Extractor - All cookies: {
[2m[WebServer] [22m  accessToken: [32m'eyJhbGciOiJIUzI1NiIsInR5cCI6IkpXVCJ9.eyJzdWIiOiI2OTI5ZTJjMDkzNGQ4ZTA3OWU2ZjU1YjEiLCJ3b3JrRW1haWwiOiJlbmdtYW5hZ2VyLndvcmtAZXhhbXBsZS5jb20iLCJyb2xlcyI6WyJkZXBhcnRtZW50IGhlYWQiXSwicGVybWlzc2lvbnMiOltdLCJwcmltYXJ5RGVwYXJ0bWVudElkIjoiNjkyNzVkOGFmYzExODRhM2IzZTZjNTVmIiwiZW1wbG95ZWVOdW1iZXIiOiJFTVAtMTAyNSIsImlhdCI6MTc2NTk4MzAyMywiZXhwIjoxNzY2MDY5NDIzfQ.m7wE876B6loAbJndzFN9wfqD4gKUwmF8fve8BtIvnSU'[39m
[2m[WebServer] [22m}
[2m[WebServer] [22m≡ƒöì JWT Extractor - Headers: accessToken=eyJhbGciOiJIUzI1NiIsInR5cCI6IkpXVCJ9.eyJzdWIiOiI2OTI5ZTJjMDkzNGQ4ZTA3OWU2ZjU1YjEiLCJ3b3JrRW1haWwiOiJlbmdtYW5hZ2VyLndvcmtAZXhhbXBsZS5jb20iLCJyb2xlcyI6WyJkZXBhcnRtZW50IGhlYWQiXSwicGVybWlzc2lvbnMiOltdLCJwcmltYXJ5RGVwYXJ0bWVudElkIjoiNjkyNzVkOGFmYzExODRhM2IzZTZjNTVmIiwiZW1wbG95ZWVOdW1iZXIiOiJFTVAtMTAyNSIsImlhdCI6MTc2NTk4MzAyMywiZXhwIjoxNzY2MDY5NDIzfQ.m7wE876B6loAbJndzFN9wfqD4gKUwmF8fve8BtIvnSU
[2m[WebServer] [22m≡ƒöì JWT Extractor - accessToken: FOUND
[2m[WebServer] [22mJwtStrategy VALIDATE: {
[2m[WebServer] [22m  sub: [32m'6929e2c0934d8e079e6f55b1'[39m,
[2m[WebServer] [22m  workEmail: [32m'engmanager.work@example.com'[39m,
[2m[WebServer] [22m  roles: [ [32m'department head'[39m ],
[2m[WebServer] [22m  permissions: [],
[2m[WebServer] [22m  primaryDepartmentId: [32m'69275d8afc1184a3b3e6c55f'[39m,
[2m[WebServer] [22m  employeeNumber: [32m'EMP-1025'[39m,
[2m[WebServer] [22m  iat: [33m1765983023[39m,
[2m[WebServer] [22m  exp: [33m1766069423[39m
[2m[WebServer] [22m}
[2m[WebServer] [22m≡ƒöÑ JwtAuthGuard: handleRequest() {
[2m[WebServer] [22m  err: [1mnull[22m,
[2m[WebServer] [22m  user: {
[2m[WebServer] [22m    id: [32m'6929e2c0934d8e079e6f55b1'[39m,
[2m[WebServer] [22m    workEmail: [32m'engmanager.work@example.com'[39m,
[2m[WebServer] [22m    roles: [ [32m'department head'[39m ],
[2m[WebServer] [22m    permissions: [],
[2m[WebServer] [22m    primaryDepartmentId: [32m'69275d8afc1184a3b3e6c55f'[39m,
[2m[WebServer] [22m    employeeNumber: [32m'EMP-1025'[39m
[2m[WebServer] [22m  },
[2m[WebServer] [22m  info: [90mundefined[39m
[2m[WebServer] [22m}
[2m[WebServer] [22mΓ£à JwtAuthGuard SUCCESS ΓåÆ user authenticated: 6929e2c0934d8e079e6f55b1
[2m[WebServer] [22m≡ƒöÑ RolesGuard running!
[2m[WebServer] [22m
[2m[WebServer] [22m===== ROLE GUARD =====
[2m[WebServer] [22mRequired roles: [ [32m'department head'[39m, [32m'HR Manager'[39m ]
[2m[WebServer] [22mUser object: {
[2m[WebServer] [22m  id: [32m'6929e2c0934d8e079e6f55b1'[39m,
[2m[WebServer] [22m  workEmail: [32m'engmanager.work@example.com'[39m,
[2m[WebServer] [22m  roles: [ [32m'department head'[39m ],
[2m[WebServer] [22m  permissions: [],
[2m[WebServer] [22m  primaryDepartmentId: [32m'69275d8afc1184a3b3e6c55f'[39m,
[2m[WebServer] [22m  employeeNumber: [32m'EMP-1025'[39m
[2m[WebServer] [22m}
[2m[WebServer] [22mNormalized user roles: [ [32m'department head'[39m ]
[2m[WebServer] [22mNormalized required roles: [ [32m'department head'[39m, [32m'hr manager'[39m ]
[2m[WebServer] [22mHas required role? [33mtrue[39m
[2m[WebServer] [22mΓ£ö ACCESS GRANTED Γ£ö
[2m[WebServer] [22m≡ƒöì [RequestsController] getTeamRequests: { managerId: [90mundefined[39m }
[2m[WebServer] [22m≡ƒöÑ JwtAuthGuard: canActivate CALLED
[2m[WebServer] [22m≡ƒöì JWT Extractor - All cookies: {
[2m[WebServer] [22m  accessToken: [32m'eyJhbGciOiJIUzI1NiIsInR5cCI6IkpXVCJ9.eyJzdWIiOiI2OTI5ZTJjMDkzNGQ4ZTA3OWU2ZjU1YjEiLCJ3b3JrRW1haWwiOiJlbmdtYW5hZ2VyLndvcmtAZXhhbXBsZS5jb20iLCJyb2xlcyI6WyJkZXBhcnRtZW50IGhlYWQiXSwicGVybWlzc2lvbnMiOltdLCJwcmltYXJ5RGVwYXJ0bWVudElkIjoiNjkyNzVkOGFmYzExODRhM2IzZTZjNTVmIiwiZW1wbG95ZWVOdW1iZXIiOiJFTVAtMTAyNSIsImlhdCI6MTc2NTk4MzAyMywiZXhwIjoxNzY2MDY5NDIzfQ.m7wE876B6loAbJndzFN9wfqD4gKUwmF8fve8BtIvnSU'[39m
[2m[WebServer] [22m}
[2m[WebServer] [22m≡ƒöì JWT Extractor - Headers: accessToken=eyJhbGciOiJIUzI1NiIsInR5cCI6IkpXVCJ9.eyJzdWIiOiI2OTI5ZTJjMDkzNGQ4ZTA3OWU2ZjU1YjEiLCJ3b3JrRW1haWwiOiJlbmdtYW5hZ2VyLndvcmtAZXhhbXBsZS5jb20iLCJyb2xlcyI6WyJkZXBhcnRtZW50IGhlYWQiXSwicGVybWlzc2lvbnMiOltdLCJwcmltYXJ5RGVwYXJ0bWVudElkIjoiNjkyNzVkOGFmYzExODRhM2IzZTZjNTVmIiwiZW1wbG95ZWVOdW1iZXIiOiJFTVAtMTAyNSIsImlhdCI6MTc2NTk4MzAyMywiZXhwIjoxNzY2MDY5NDIzfQ.m7wE876B6loAbJndzFN9wfqD4gKUwmF8fve8BtIvnSU
[2m[WebServer] [22m≡ƒöì JWT Extractor - accessToken: FOUND
[2m[WebServer] [22mJwtStrategy VALIDATE: {
[2m[WebServer] [22m  sub: [32m'6929e2c0934d8e079e6f55b1'[39m,
[2m[WebServer] [22m  workEmail: [32m'engmanager.work@example.com'[39m,
[2m[WebServer] [22m  roles: [ [32m'department head'[39m ],
[2m[WebServer] [22m  permissions: [],
[2m[WebServer] [22m  primaryDepartmentId: [32m'69275d8afc1184a3b3e6c55f'[39m,
[2m[WebServer] [22m  employeeNumber: [32m'EMP-1025'[39m,
[2m[WebServer] [22m  iat: [33m1765983023[39m,
[2m[WebServer] [22m  exp: [33m1766069423[39m
[2m[WebServer] [22m}
[2m[WebServer] [22m≡ƒöÑ JwtAuthGuard: handleRequest() {
[2m[WebServer] [22m  err: [1mnull[22m,
[2m[WebServer] [22m  user: {
[2m[WebServer] [22m    id: [32m'6929e2c0934d8e079e6f55b1'[39m,
[2m[WebServer] [22m    workEmail: [32m'engmanager.work@example.com'[39m,
[2m[WebServer] [22m    roles: [ [32m'department head'[39m ],
[2m[WebServer] [22m    permissions: [],
[2m[WebServer] [22m    primaryDepartmentId: [32m'69275d8afc1184a3b3e6c55f'[39m,
[2m[WebServer] [22m    employeeNumber: [32m'EMP-1025'[39m
[2m[WebServer] [22m  },
[2m[WebServer] [22m  info: [90mundefined[39m
[2m[WebServer] [22m}
[2m[WebServer] [22mΓ£à JwtAuthGuard SUCCESS ΓåÆ user authenticated: 6929e2c0934d8e079e6f55b1
[2m[WebServer] [22m≡ƒöÑ RolesGuard running!
[2m[WebServer] [22m
[2m[WebServer] [22m===== ROLE GUARD =====
[2m[WebServer] [22mRequired roles: [ [32m'department head'[39m, [32m'HR Manager'[39m ]
[2m[WebServer] [22mUser object: {
[2m[WebServer] [22m  id: [32m'6929e2c0934d8e079e6f55b1'[39m,
[2m[WebServer] [22m  workEmail: [32m'engmanager.work@example.com'[39m,
[2m[WebServer] [22m  roles: [ [32m'department head'[39m ],
[2m[WebServer] [22m  permissions: [],
[2m[WebServer] [22m  primaryDepartmentId: [32m'69275d8afc1184a3b3e6c55f'[39m,
[2m[WebServer] [22m  employeeNumber: [32m'EMP-1025'[39m
[2m[WebServer] [22m}
[2m[WebServer] [22mNormalized user roles: [ [32m'department head'[39m ]
[2m[WebServer] [22mNormalized required roles: [ [32m'department head'[39m, [32m'hr manager'[39m ]
[2m[WebServer] [22mHas required role? [33mtrue[39m
[2m[WebServer] [22mΓ£ö ACCESS GRANTED Γ£ö
[2m[WebServer] [22m≡ƒöì [TrackingController] getTeamBalances: {
[2m[WebServer] [22m  filters: [Object: null prototype] {},
[2m[WebServer] [22m  managerId: [32m'6929e2c0934d8e079e6f55b1'[39m
[2m[WebServer] [22m}
[2m[WebServer] [22mDepartment ID from logged in user: 69275d8afc1184a3b3e6c55f
Γ£à Team requests visible - REQ-005 validated
  Γ£ô  21 [chromium] ΓÇ║ leave-tests.spec.ts:381:7 ΓÇ║ ≡ƒæ¿ΓÇì≡ƒÆ╝ MANAGER (EMP-1025 - Engineering) - Approval & Team Management ΓÇ║ Γ£à J1: View team leave requests (REQ-005) (9.6s)
≡ƒöÉ Logging in as: engmanager.work@example.com
[2m[WebServer] [22m GET /login [32m200[39m in 52ms[2m (compile: 2ms, render: 50ms)[22m
[2m[WebServer] [22m≡ƒöÑ JwtAuthGuard: canActivate CALLED
[2m[WebServer] [22m≡ƒöì JWT Extractor - All cookies: [Object: null prototype] {}
[2m[WebServer] [22m≡ƒöì JWT Extractor - Headers: [90mundefined[39m
[2m[WebServer] [22m≡ƒöì JWT Extractor - accessToken: NOT FOUND
[2m[WebServer] [22m≡ƒöÑ JwtAuthGuard: handleRequest() {
[2m[WebServer] [22m  err: [1mnull[22m,
[2m[WebServer] [22m  user: [33mfalse[39m,
[2m[WebServer] [22m  info: Error: No auth token
[2m[WebServer] [22m      at JwtStrategy.authenticate [90m(C:\Users\Bedon\Desktop\semester-5-software-project\backend\[39mnode_modules\[4mpassport-jwt[24m\lib\strategy.js:96:26[90m)[39m
[2m[WebServer] [22m      at attempt [90m(C:\Users\Bedon\Desktop\semester-5-software-project\backend\[39mnode_modules\[4mpassport[24m\lib\middleware\authenticate.js:378:16[90m)[39m
[2m[WebServer] [22m      at authenticate [90m(C:\Users\Bedon\Desktop\semester-5-software-project\backend\[39mnode_modules\[4mpassport[24m\lib\middleware\authenticate.js:379:7[90m)[39m
[2m[WebServer] [22m      at [90mC:\Users\Bedon\Desktop\semester-5-software-project\backend\[39mnode_modules\[4m@nestjs[24m\passport\dist\auth.guard.js:88:3
[2m[WebServer] [22m      at new Promise (<anonymous>)
[2m[WebServer] [22m      at [90mC:\Users\Bedon\Desktop\semester-5-software-project\backend\[39mnode_modules\[4m@nestjs[24m\passport\dist\auth.guard.js:80:83
[2m[WebServer] [22m      at JwtAuthGuard.canActivate [90m(C:\Users\Bedon\Desktop\semester-5-software-project\backend\[39mnode_modules\[4m@nestjs[24m\passport\dist\auth.guard.js:44:32[90m)[39m
[2m[WebServer] [22m  [90m    at process.processTicksAndRejections (node:internal/process/task_queues:105:5)[39m
[2m[WebServer] [22m}
[2m[WebServer] [22mΓ¥î JwtAuthGuard INFO: Error: No auth token
[2m[WebServer] [22m    at JwtStrategy.authenticate 
[90m(C:\Users\Bedon\Desktop\semester-5-software-project\backend\[39mnode_modules\[4mpassport-jwt[24m\lib\strategy.js:96:26[90m)[39m
[2m[WebServer] [22m    at attempt [90m(C:\Users\Bedon\Desktop\semester-5-software-project\backend\[39mnode_modules\[4mpassport[24m\lib\mi
ddleware\authenticate.js:378:16[90m)[39m
[2m[WebServer] [22m    at authenticate [90m(C:\Users\Bedon\Desktop\semester-5-software-project\backend\[39mnode_modules\[4mpassport[24m\l
ib\middleware\authenticate.js:379:7[90m)[39m
[2m[WebServer] [22m    at 
[90mC:\Users\Bedon\Desktop\semester-5-software-project\backend\[39mnode_modules\[4m@nestjs[24m\passport\dist\auth.guard.js:88:3
[2m[WebServer] [22m    at new Promise (<anonymous>)
[2m[WebServer] [22m    at 
[90mC:\Users\Bedon\Desktop\semester-5-software-project\backend\[39mnode_modules\[4m@nestjs[24m\passport\dist\auth.guard.js:80:83
[2m[WebServer] [22m    at JwtAuthGuard.canActivate [90m(C:\Users\Bedon\Desktop\semester-5-software-project\backend\[39mnode_modules\[4m@ne
stjs[24m\passport\dist\auth.guard.js:44:32[90m)[39m
[2m[WebServer] [22m[90m    at process.processTicksAndRejections (node:internal/process/task_queues:105:5)[39m
[2m[WebServer] [22mΓ¥î JwtAuthGuard FAILING ΓåÆ No auth token
[2m[WebServer] [22mVALIDATE EMPLOYEE - systemRole = {
[2m[WebServer] [22m  _id: new ObjectId([32m'6929e2c0934d8e079e6f55b3'[39m),
[2m[WebServer] [22m  employeeProfileId: new ObjectId([32m'6929e2c0934d8e079e6f55b1'[39m),
[2m[WebServer] [22m  roles: [ [32m'department head'[39m ],
[2m[WebServer] [22m  permissions: [],
[2m[WebServer] [22m  isActive: [33mtrue[39m,
[2m[WebServer] [22m  createdAt: [35m2025-11-28T17:58:24.325Z[39m,
[2m[WebServer] [22m  updatedAt: [35m2025-11-28T17:58:24.325Z[39m,
[2m[WebServer] [22m  __v: [33m0[39m
[2m[WebServer] [22m}
[2m[WebServer] [22mGenerated token: eyJhbGciOiJIUzI1NiIsInR5cCI6IkpXVCJ9.eyJzdWIiOiI2OTI5ZTJjMDkzNGQ4ZTA3OWU2ZjU1YjEiLCJ3b3JrRW1haWwiOiJlbmdtYW5hZ2VyLndvcmtAZXhhbXBsZS5jb20iLCJyb2xlcyI6WyJkZXBhcnRtZW50IGhlYWQiXSwicGVybWlzc2lvbnMiOltdLCJwcmltYXJ5RGVwYXJ0bWVudElkIjoiNjkyNzVkOGFmYzExODRhM2IzZTZjNTVmIiwiZW1wbG95ZWVOdW1iZXIiOiJFTVAtMTAyNSIsImlhdCI6MTc2NTk4MzAzMywiZXhwIjoxNzY2MDY5NDMzfQ.8qaKhwthLiQ3vp-KVEurQq6WIzI09dpsb9o_SH71ujU
[2m[WebServer] [22m GET /leaves [32m200[39m in 18ms[2m (compile: 4ms, render: 15ms)[22m
[2m[WebServer] [22m≡ƒöÑ JwtAuthGuard: canActivate CALLED
[2m[WebServer] [22m≡ƒöì JWT Extractor - All cookies: {
[2m[WebServer] [22m  accessToken: [32m'eyJhbGciOiJIUzI1NiIsInR5cCI6IkpXVCJ9.eyJzdWIiOiI2OTI5ZTJjMDkzNGQ4ZTA3OWU2ZjU1YjEiLCJ3b3JrRW1haWwiOiJlbmdtYW5hZ2VyLndvcmtAZXhhbXBsZS5jb20iLCJyb2xlcyI6WyJkZXBhcnRtZW50IGhlYWQiXSwicGVybWlzc2lvbnMiOltdLCJwcmltYXJ5RGVwYXJ0bWVudElkIjoiNjkyNzVkOGFmYzExODRhM2IzZTZjNTVmIiwiZW1wbG95ZWVOdW1iZXIiOiJFTVAtMTAyNSIsImlhdCI6MTc2NTk4MzAzMywiZXhwIjoxNzY2MDY5NDMzfQ.8qaKhwthLiQ3vp-KVEurQq6WIzI09dpsb9o_SH71ujU'[39m
[2m[WebServer] [22m}
[2m[WebServer] [22m≡ƒöì JWT Extractor - Headers: accessToken=eyJhbGciOiJIUzI1NiIsInR5cCI6IkpXVCJ9.eyJzdWIiOiI2OTI5ZTJjMDkzNGQ4ZTA3OWU2ZjU1YjEiLCJ3b3JrRW1haWwiOiJlbmdtYW5hZ2VyLndvcmtAZXhhbXBsZS5jb20iLCJyb2xlcyI6WyJkZXBhcnRtZW50IGhlYWQiXSwicGVybWlzc2lvbnMiOltdLCJwcmltYXJ5RGVwYXJ0bWVudElkIjoiNjkyNzVkOGFmYzExODRhM2IzZTZjNTVmIiwiZW1wbG95ZWVOdW1iZXIiOiJFTVAtMTAyNSIsImlhdCI6MTc2NTk4MzAzMywiZXhwIjoxNzY2MDY5NDMzfQ.8qaKhwthLiQ3vp-KVEurQq6WIzI09dpsb9o_SH71ujU
[2m[WebServer] [22m≡ƒöì JWT Extractor - accessToken: FOUND
[2m[WebServer] [22mJwtStrategy VALIDATE: {
[2m[WebServer] [22m  sub: [32m'6929e2c0934d8e079e6f55b1'[39m,
[2m[WebServer] [22m  workEmail: [32m'engmanager.work@example.com'[39m,
[2m[WebServer] [22m  roles: [ [32m'department head'[39m ],
[2m[WebServer] [22m  permissions: [],
[2m[WebServer] [22m  primaryDepartmentId: [32m'69275d8afc1184a3b3e6c55f'[39m,
[2m[WebServer] [22m  employeeNumber: [32m'EMP-1025'[39m,
[2m[WebServer] [22m  iat: [33m1765983033[39m,
[2m[WebServer] [22m  exp: [33m1766069433[39m
[2m[WebServer] [22m}
[2m[WebServer] [22m≡ƒöÑ JwtAuthGuard: handleRequest() {
[2m[WebServer] [22m  err: [1mnull[22m,
[2m[WebServer] [22m  user: {
[2m[WebServer] [22m    id: [32m'6929e2c0934d8e079e6f55b1'[39m,
[2m[WebServer] [22m    workEmail: [32m'engmanager.work@example.com'[39m,
[2m[WebServer] [22m    roles: [ [32m'department head'[39m ],
[2m[WebServer] [22m    permissions: [],
[2m[WebServer] [22m    primaryDepartmentId: [32m'69275d8afc1184a3b3e6c55f'[39m,
[2m[WebServer] [22m    employeeNumber: [32m'EMP-1025'[39m
[2m[WebServer] [22m  },
[2m[WebServer] [22m  info: [90mundefined[39m
[2m[WebServer] [22m}
[2m[WebServer] [22mΓ£à JwtAuthGuard SUCCESS ΓåÆ user authenticated: 6929e2c0934d8e079e6f55b1
[2m[WebServer] [22m≡ƒöÑ RolesGuard running!
[2m[WebServer] [22m
[2m[WebServer] [22m===== ROLE GUARD =====
[2m[WebServer] [22mRequired roles: [
[2m[WebServer] [22m  [32m'department employee'[39m,
[2m[WebServer] [22m  [32m'HR Employee'[39m,
[2m[WebServer] [22m  [32m'department head'[39m,
[2m[WebServer] [22m  [32m'HR Manager'[39m,
[2m[WebServer] [22m  [32m'HR Admin'[39m,
[2m[WebServer] [22m  [32m'System Admin'[39m
[2m[WebServer] [22m]
[2m[WebServer] [22mUser object: {
[2m[WebServer] [22m  id: [32m'6929e2c0934d8e079e6f55b1'[39m,
[2m[WebServer] [22m  workEmail: [32m'engmanager.work@example.com'[39m,
[2m[WebServer] [22m  roles: [ [32m'department head'[39m ],
[2m[WebServer] [22m  permissions: [],
[2m[WebServer] [22m  primaryDepartmentId: [32m'69275d8afc1184a3b3e6c55f'[39m,
[2m[WebServer] [22m  employeeNumber: [32m'EMP-1025'[39m
[2m[WebServer] [22m}
[2m[WebServer] [22mNormalized user roles: [ [32m'department head'[39m ]
[2m[WebServer] [22mNormalized required roles: [
[2m[WebServer] [22m  [32m'department employee'[39m,
[2m[WebServer] [22m  [32m'hr employee'[39m,
[2m[WebServer] [22m  [32m'department head'[39m,
[2m[WebServer] [22m  [32m'hr manager'[39m,
[2m[WebServer] [22m  [32m'hr admin'[39m,
[2m[WebServer] [22m  [32m'system admin'[39m
[2m[WebServer] [22m]
[2m[WebServer] [22mHas required role? [33mtrue[39m
[2m[WebServer] [22mΓ£ö ACCESS GRANTED Γ£ö
[2m[WebServer] [22m≡ƒöì [TrackingController] getMyBalances: {
[2m[WebServer] [22m  query: [Object: null prototype] {},
[2m[WebServer] [22m  userId: [32m'6929e2c0934d8e079e6f55b1'[39m
[2m[WebServer] [22m}
[2m[WebServer] [22m≡ƒöÑ JwtAuthGuard: canActivate CALLED
[2m[WebServer] [22m≡ƒöì JWT Extractor - All cookies: {
[2m[WebServer] [22m  accessToken: [32m'eyJhbGciOiJIUzI1NiIsInR5cCI6IkpXVCJ9.eyJzdWIiOiI2OTI5ZTJjMDkzNGQ4ZTA3OWU2ZjU1YjEiLCJ3b3JrRW1haWwiOiJlbmdtYW5hZ2VyLndvcmtAZXhhbXBsZS5jb20iLCJyb2xlcyI6WyJkZXBhcnRtZW50IGhlYWQiXSwicGVybWlzc2lvbnMiOltdLCJwcmltYXJ5RGVwYXJ0bWVudElkIjoiNjkyNzVkOGFmYzExODRhM2IzZTZjNTVmIiwiZW1wbG95ZWVOdW1iZXIiOiJFTVAtMTAyNSIsImlhdCI6MTc2NTk4MzAzMywiZXhwIjoxNzY2MDY5NDMzfQ.8qaKhwthLiQ3vp-KVEurQq6WIzI09dpsb9o_SH71ujU'[39m
[2m[WebServer] [22m}
[2m[WebServer] [22m≡ƒöì JWT Extractor - Headers: accessToken=eyJhbGciOiJIUzI1NiIsInR5cCI6IkpXVCJ9.eyJzdWIiOiI2OTI5ZTJjMDkzNGQ4ZTA3OWU2ZjU1YjEiLCJ3b3JrRW1haWwiOiJlbmdtYW5hZ2VyLndvcmtAZXhhbXBsZS5jb20iLCJyb2xlcyI6WyJkZXBhcnRtZW50IGhlYWQiXSwicGVybWlzc2lvbnMiOltdLCJwcmltYXJ5RGVwYXJ0bWVudElkIjoiNjkyNzVkOGFmYzExODRhM2IzZTZjNTVmIiwiZW1wbG95ZWVOdW1iZXIiOiJFTVAtMTAyNSIsImlhdCI6MTc2NTk4MzAzMywiZXhwIjoxNzY2MDY5NDMzfQ.8qaKhwthLiQ3vp-KVEurQq6WIzI09dpsb9o_SH71ujU
[2m[WebServer] [22m≡ƒöì JWT Extractor - accessToken: FOUND
[2m[WebServer] [22mJwtStrategy VALIDATE: {
[2m[WebServer] [22m  sub: [32m'6929e2c0934d8e079e6f55b1'[39m,
[2m[WebServer] [22m  workEmail: [32m'engmanager.work@example.com'[39m,
[2m[WebServer] [22m  roles: [ [32m'department head'[39m ],
[2m[WebServer] [22m  permissions: [],
[2m[WebServer] [22m  primaryDepartmentId: [32m'69275d8afc1184a3b3e6c55f'[39m,
[2m[WebServer] [22m  employeeNumber: [32m'EMP-1025'[39m,
[2m[WebServer] [22m  iat: [33m1765983033[39m,
[2m[WebServer] [22m  exp: [33m1766069433[39m
[2m[WebServer] [22m}
[2m[WebServer] [22m≡ƒöÑ JwtAuthGuard: handleRequest() {
[2m[WebServer] [22m  err: [1mnull[22m,
[2m[WebServer] [22m  user: {
[2m[WebServer] [22m    id: [32m'6929e2c0934d8e079e6f55b1'[39m,
[2m[WebServer] [22m    workEmail: [32m'engmanager.work@example.com'[39m,
[2m[WebServer] [22m    roles: [ [32m'department head'[39m ],
[2m[WebServer] [22m    permissions: [],
[2m[WebServer] [22m    primaryDepartmentId: [32m'69275d8afc1184a3b3e6c55f'[39m,
[2m[WebServer] [22m    employeeNumber: [32m'EMP-1025'[39m
[2m[WebServer] [22m  },
[2m[WebServer] [22m  info: [90mundefined[39m
[2m[WebServer] [22m}
[2m[WebServer] [22mΓ£à JwtAuthGuard SUCCESS ΓåÆ user authenticated: 6929e2c0934d8e079e6f55b1
[2m[WebServer] [22m≡ƒöÑ RolesGuard running!
[2m[WebServer] [22m
[2m[WebServer] [22m===== ROLE GUARD =====
[2m[WebServer] [22mRequired roles: [
[2m[WebServer] [22m  [32m'department employee'[39m,
[2m[WebServer] [22m  [32m'HR Employee'[39m,
[2m[WebServer] [22m  [32m'department head'[39m,
[2m[WebServer] [22m  [32m'HR Manager'[39m,
[2m[WebServer] [22m  [32m'HR Admin'[39m,
[2m[WebServer] [22m  [32m'System Admin'[39m
[2m[WebServer] [22m]
[2m[WebServer] [22mUser object: {
[2m[WebServer] [22m  id: [32m'6929e2c0934d8e079e6f55b1'[39m,
[2m[WebServer] [22m  workEmail: [32m'engmanager.work@example.com'[39m,
[2m[WebServer] [22m  roles: [ [32m'department head'[39m ],
[2m[WebServer] [22m  permissions: [],
[2m[WebServer] [22m  primaryDepartmentId: [32m'69275d8afc1184a3b3e6c55f'[39m,
[2m[WebServer] [22m  employeeNumber: [32m'EMP-1025'[39m
[2m[WebServer] [22m}
[2m[WebServer] [22mNormalized user roles: [ [32m'department head'[39m ]
[2m[WebServer] [22mNormalized required roles: [
[2m[WebServer] [22m  [32m'department employee'[39m,
[2m[WebServer] [22m  [32m'hr employee'[39m,
[2m[WebServer] [22m  [32m'department head'[39m,
[2m[WebServer] [22m  [32m'hr manager'[39m,
[2m[WebServer] [22m  [32m'hr admin'[39m,
[2m[WebServer] [22m  [32m'system admin'[39m
[2m[WebServer] [22m]
[2m[WebServer] [22mHas required role? [33mtrue[39m
[2m[WebServer] [22mΓ£ö ACCESS GRANTED Γ£ö
[2m[WebServer] [22m≡ƒöì [TrackingController] getMyHistory: {
[2m[WebServer] [22m  filters: [Object: null prototype] {},
[2m[WebServer] [22m  userId: [32m'6929e2c0934d8e079e6f55b1'[39m
[2m[WebServer] [22m}
Γ£à Login successful
Γ£à Testing: REQ-006 (Approve request)
[2m[WebServer] [22m GET /leaves/team [32m200[39m in 42ms[2m (compile: 3ms, render: 39ms)[22m
[2m[WebServer] [22m≡ƒöÑ JwtAuthGuard: canActivate CALLED
[2m[WebServer] [22m≡ƒöì JWT Extractor - All cookies: {
[2m[WebServer] [22m  accessToken: [32m'eyJhbGciOiJIUzI1NiIsInR5cCI6IkpXVCJ9.eyJzdWIiOiI2OTI5ZTJjMDkzNGQ4ZTA3OWU2ZjU1YjEiLCJ3b3JrRW1haWwiOiJlbmdtYW5hZ2VyLndvcmtAZXhhbXBsZS5jb20iLCJyb2xlcyI6WyJkZXBhcnRtZW50IGhlYWQiXSwicGVybWlzc2lvbnMiOltdLCJwcmltYXJ5RGVwYXJ0bWVudElkIjoiNjkyNzVkOGFmYzExODRhM2IzZTZjNTVmIiwiZW1wbG95ZWVOdW1iZXIiOiJFTVAtMTAyNSIsImlhdCI6MTc2NTk4MzAzMywiZXhwIjoxNzY2MDY5NDMzfQ.8qaKhwthLiQ3vp-KVEurQq6WIzI09dpsb9o_SH71ujU'[39m
[2m[WebServer] [22m}
[2m[WebServer] [22m≡ƒöì JWT Extractor - Headers: accessToken=eyJhbGciOiJIUzI1NiIsInR5cCI6IkpXVCJ9.eyJzdWIiOiI2OTI5ZTJjMDkzNGQ4ZTA3OWU2ZjU1YjEiLCJ3b3JrRW1haWwiOiJlbmdtYW5hZ2VyLndvcmtAZXhhbXBsZS5jb20iLCJyb2xlcyI6WyJkZXBhcnRtZW50IGhlYWQiXSwicGVybWlzc2lvbnMiOltdLCJwcmltYXJ5RGVwYXJ0bWVudElkIjoiNjkyNzVkOGFmYzExODRhM2IzZTZjNTVmIiwiZW1wbG95ZWVOdW1iZXIiOiJFTVAtMTAyNSIsImlhdCI6MTc2NTk4MzAzMywiZXhwIjoxNzY2MDY5NDMzfQ.8qaKhwthLiQ3vp-KVEurQq6WIzI09dpsb9o_SH71ujU
[2m[WebServer] [22m≡ƒöì JWT Extractor - accessToken: FOUND
[2m[WebServer] [22mJwtStrategy VALIDATE: {
[2m[WebServer] [22m  sub: [32m'6929e2c0934d8e079e6f55b1'[39m,
[2m[WebServer] [22m  workEmail: [32m'engmanager.work@example.com'[39m,
[2m[WebServer] [22m  roles: [ [32m'department head'[39m ],
[2m[WebServer] [22m  permissions: [],
[2m[WebServer] [22m  primaryDepartmentId: [32m'69275d8afc1184a3b3e6c55f'[39m,
[2m[WebServer] [22m  employeeNumber: [32m'EMP-1025'[39m,
[2m[WebServer] [22m  iat: [33m1765983033[39m,
[2m[WebServer] [22m  exp: [33m1766069433[39m
[2m[WebServer] [22m}
[2m[WebServer] [22m≡ƒöÑ JwtAuthGuard: handleRequest() {
[2m[WebServer] [22m  err: [1mnull[22m,
[2m[WebServer] [22m  user: {
[2m[WebServer] [22m    id: [32m'6929e2c0934d8e079e6f55b1'[39m,
[2m[WebServer] [22m    workEmail: [32m'engmanager.work@example.com'[39m,
[2m[WebServer] [22m    roles: [ [32m'department head'[39m ],
[2m[WebServer] [22m    permissions: [],
[2m[WebServer] [22m    primaryDepartmentId: [32m'69275d8afc1184a3b3e6c55f'[39m,
[2m[WebServer] [22m    employeeNumber: [32m'EMP-1025'[39m
[2m[WebServer] [22m  },
[2m[WebServer] [22m  info: [90mundefined[39m
[2m[WebServer] [22m}
[2m[WebServer] [22mΓ£à JwtAuthGuard SUCCESS ΓåÆ user authenticated: 6929e2c0934d8e079e6f55b1
[2m[WebServer] [22m≡ƒöÑ JwtAuthGuard: canActivate CALLED
[2m[WebServer] [22m≡ƒöì JWT Extractor - All cookies: {
[2m[WebServer] [22m  accessToken: [32m'eyJhbGciOiJIUzI1NiIsInR5cCI6IkpXVCJ9.eyJzdWIiOiI2OTI5ZTJjMDkzNGQ4ZTA3OWU2ZjU1YjEiLCJ3b3JrRW1haWwiOiJlbmdtYW5hZ2VyLndvcmtAZXhhbXBsZS5jb20iLCJyb2xlcyI6WyJkZXBhcnRtZW50IGhlYWQiXSwicGVybWlzc2lvbnMiOltdLCJwcmltYXJ5RGVwYXJ0bWVudElkIjoiNjkyNzVkOGFmYzExODRhM2IzZTZjNTVmIiwiZW1wbG95ZWVOdW1iZXIiOiJFTVAtMTAyNSIsImlhdCI6MTc2NTk4MzAzMywiZXhwIjoxNzY2MDY5NDMzfQ.8qaKhwthLiQ3vp-KVEurQq6WIzI09dpsb9o_SH71ujU'[39m
[2m[WebServer] [22m}
[2m[WebServer] [22m≡ƒöì JWT Extractor - Headers: accessToken=eyJhbGciOiJIUzI1NiIsInR5cCI6IkpXVCJ9.eyJzdWIiOiI2OTI5ZTJjMDkzNGQ4ZTA3OWU2ZjU1YjEiLCJ3b3JrRW1haWwiOiJlbmdtYW5hZ2VyLndvcmtAZXhhbXBsZS5jb20iLCJyb2xlcyI6WyJkZXBhcnRtZW50IGhlYWQiXSwicGVybWlzc2lvbnMiOltdLCJwcmltYXJ5RGVwYXJ0bWVudElkIjoiNjkyNzVkOGFmYzExODRhM2IzZTZjNTVmIiwiZW1wbG95ZWVOdW1iZXIiOiJFTVAtMTAyNSIsImlhdCI6MTc2NTk4MzAzMywiZXhwIjoxNzY2MDY5NDMzfQ.8qaKhwthLiQ3vp-KVEurQq6WIzI09dpsb9o_SH71ujU
[2m[WebServer] [22m≡ƒöì JWT Extractor - accessToken: FOUND
[2m[WebServer] [22mJwtStrategy VALIDATE: {
[2m[WebServer] [22m  sub: [32m'6929e2c0934d8e079e6f55b1'[39m,
[2m[WebServer] [22m  workEmail: [32m'engmanager.work@example.com'[39m,
[2m[WebServer] [22m  roles: [ [32m'department head'[39m ],
[2m[WebServer] [22m  permissions: [],
[2m[WebServer] [22m  primaryDepartmentId: [32m'69275d8afc1184a3b3e6c55f'[39m,
[2m[WebServer] [22m  employeeNumber: [32m'EMP-1025'[39m,
[2m[WebServer] [22m  iat: [33m1765983033[39m,
[2m[WebServer] [22m  exp: [33m1766069433[39m
[2m[WebServer] [22m}
[2m[WebServer] [22m≡ƒöÑ JwtAuthGuard: handleRequest() {
[2m[WebServer] [22m  err: [1mnull[22m,
[2m[WebServer] [22m  user: {
[2m[WebServer] [22m    id: [32m'6929e2c0934d8e079e6f55b1'[39m,
[2m[WebServer] [22m    workEmail: [32m'engmanager.work@example.com'[39m,
[2m[WebServer] [22m    roles: [ [32m'department head'[39m ],
[2m[WebServer] [22m    permissions: [],
[2m[WebServer] [22m    primaryDepartmentId: [32m'69275d8afc1184a3b3e6c55f'[39m,
[2m[WebServer] [22m    employeeNumber: [32m'EMP-1025'[39m
[2m[WebServer] [22m  },
[2m[WebServer] [22m  info: [90mundefined[39m
[2m[WebServer] [22m}
[2m[WebServer] [22mΓ£à JwtAuthGuard SUCCESS ΓåÆ user authenticated: 6929e2c0934d8e079e6f55b1
[2m[WebServer] [22m≡ƒöÑ RolesGuard running!
[2m[WebServer] [22m
[2m[WebServer] [22m===== ROLE GUARD =====
[2m[WebServer] [22mRequired roles: [ [32m'department head'[39m, [32m'HR Manager'[39m ]
[2m[WebServer] [22mUser object: {
[2m[WebServer] [22m  id: [32m'6929e2c0934d8e079e6f55b1'[39m,
[2m[WebServer] [22m  workEmail: [32m'engmanager.work@example.com'[39m,
[2m[WebServer] [22m  roles: [ [32m'department head'[39m ],
[2m[WebServer] [22m  permissions: [],
[2m[WebServer] [22m  primaryDepartmentId: [32m'69275d8afc1184a3b3e6c55f'[39m,
[2m[WebServer] [22m  employeeNumber: [32m'EMP-1025'[39m
[2m[WebServer] [22m}
[2m[WebServer] [22mNormalized user roles: [ [32m'department head'[39m ]
[2m[WebServer] [22mNormalized required roles: [ [32m'department head'[39m, [32m'hr manager'[39m ]
[2m[WebServer] [22mHas required role? [33mtrue[39m
[2m[WebServer] [22mΓ£ö ACCESS GRANTED Γ£ö
[2m[WebServer] [22m≡ƒöì [RequestsController] getTeamRequests: { managerId: [90mundefined[39m }
[2m[WebServer] [22m≡ƒöÑ JwtAuthGuard: canActivate CALLED
[2m[WebServer] [22m≡ƒöì JWT Extractor - All cookies: {
[2m[WebServer] [22m  accessToken: [32m'eyJhbGciOiJIUzI1NiIsInR5cCI6IkpXVCJ9.eyJzdWIiOiI2OTI5ZTJjMDkzNGQ4ZTA3OWU2ZjU1YjEiLCJ3b3JrRW1haWwiOiJlbmdtYW5hZ2VyLndvcmtAZXhhbXBsZS5jb20iLCJyb2xlcyI6WyJkZXBhcnRtZW50IGhlYWQiXSwicGVybWlzc2lvbnMiOltdLCJwcmltYXJ5RGVwYXJ0bWVudElkIjoiNjkyNzVkOGFmYzExODRhM2IzZTZjNTVmIiwiZW1wbG95ZWVOdW1iZXIiOiJFTVAtMTAyNSIsImlhdCI6MTc2NTk4MzAzMywiZXhwIjoxNzY2MDY5NDMzfQ.8qaKhwthLiQ3vp-KVEurQq6WIzI09dpsb9o_SH71ujU'[39m
[2m[WebServer] [22m}
[2m[WebServer] [22m≡ƒöì JWT Extractor - Headers: accessToken=eyJhbGciOiJIUzI1NiIsInR5cCI6IkpXVCJ9.eyJzdWIiOiI2OTI5ZTJjMDkzNGQ4ZTA3OWU2ZjU1YjEiLCJ3b3JrRW1haWwiOiJlbmdtYW5hZ2VyLndvcmtAZXhhbXBsZS5jb20iLCJyb2xlcyI6WyJkZXBhcnRtZW50IGhlYWQiXSwicGVybWlzc2lvbnMiOltdLCJwcmltYXJ5RGVwYXJ0bWVudElkIjoiNjkyNzVkOGFmYzExODRhM2IzZTZjNTVmIiwiZW1wbG95ZWVOdW1iZXIiOiJFTVAtMTAyNSIsImlhdCI6MTc2NTk4MzAzMywiZXhwIjoxNzY2MDY5NDMzfQ.8qaKhwthLiQ3vp-KVEurQq6WIzI09dpsb9o_SH71ujU
[2m[WebServer] [22m≡ƒöì JWT Extractor - accessToken: FOUND
[2m[WebServer] [22mJwtStrategy VALIDATE: {
[2m[WebServer] [22m  sub: [32m'6929e2c0934d8e079e6f55b1'[39m,
[2m[WebServer] [22m  workEmail: [32m'engmanager.work@example.com'[39m,
[2m[WebServer] [22m  roles: [ [32m'department head'[39m ],
[2m[WebServer] [22m  permissions: [],
[2m[WebServer] [22m  primaryDepartmentId: [32m'69275d8afc1184a3b3e6c55f'[39m,
[2m[WebServer] [22m  employeeNumber: [32m'EMP-1025'[39m,
[2m[WebServer] [22m  iat: [33m1765983033[39m,
[2m[WebServer] [22m  exp: [33m1766069433[39m
[2m[WebServer] [22m}
[2m[WebServer] [22m≡ƒöÑ JwtAuthGuard: handleRequest() {
[2m[WebServer] [22m  err: [1mnull[22m,
[2m[WebServer] [22m  user: {
[2m[WebServer] [22m    id: [32m'6929e2c0934d8e079e6f55b1'[39m,
[2m[WebServer] [22m    workEmail: [32m'engmanager.work@example.com'[39m,
[2m[WebServer] [22m    roles: [ [32m'department head'[39m ],
[2m[WebServer] [22m    permissions: [],
[2m[WebServer] [22m    primaryDepartmentId: [32m'69275d8afc1184a3b3e6c55f'[39m,
[2m[WebServer] [22m    employeeNumber: [32m'EMP-1025'[39m
[2m[WebServer] [22m  },
[2m[WebServer] [22m  info: [90mundefined[39m
[2m[WebServer] [22m}
[2m[WebServer] [22mΓ£à JwtAuthGuard SUCCESS ΓåÆ user authenticated: 6929e2c0934d8e079e6f55b1
[2m[WebServer] [22m≡ƒöÑ RolesGuard running!
[2m[WebServer] [22m
[2m[WebServer] [22m===== ROLE GUARD =====
[2m[WebServer] [22mRequired roles: [ [32m'department head'[39m, [32m'HR Manager'[39m ]
[2m[WebServer] [22mUser object: {
[2m[WebServer] [22m  id: [32m'6929e2c0934d8e079e6f55b1'[39m,
[2m[WebServer] [22m  workEmail: [32m'engmanager.work@example.com'[39m,
[2m[WebServer] [22m  roles: [ [32m'department head'[39m ],
[2m[WebServer] [22m  permissions: [],
[2m[WebServer] [22m  primaryDepartmentId: [32m'69275d8afc1184a3b3e6c55f'[39m,
[2m[WebServer] [22m  employeeNumber: [32m'EMP-1025'[39m
[2m[WebServer] [22m}
[2m[WebServer] [22mNormalized user roles: [ [32m'department head'[39m ]
[2m[WebServer] [22mNormalized required roles: [ [32m'department head'[39m, [32m'hr manager'[39m ]
[2m[WebServer] [22mHas required role? [33mtrue[39m
[2m[WebServer] [22mΓ£ö ACCESS GRANTED Γ£ö
[2m[WebServer] [22m≡ƒöì [TrackingController] getTeamBalances: {
[2m[WebServer] [22m  filters: [Object: null prototype] {},
[2m[WebServer] [22m  managerId: [32m'6929e2c0934d8e079e6f55b1'[39m
[2m[WebServer] [22m}
[2m[WebServer] [22mDepartment ID from logged in user: 69275d8afc1184a3b3e6c55f
Γ£à Approval flow accessible - REQ-006 validated
  Γ£ô  22 [chromium] ΓÇ║ leave-tests.spec.ts:391:7 ΓÇ║ ≡ƒæ¿ΓÇì≡ƒÆ╝ MANAGER (EMP-1025 - Engineering) - Approval & Team Management ΓÇ║ Γ£à J2: Approve leave request (REQ-006) (9.4s)
≡ƒöÉ Logging in as: engmanager.work@example.com
[2m[WebServer] [22m GET /login [32m200[39m in 67ms[2m (compile: 3ms, render: 64ms)[22m
[2m[WebServer] [22m≡ƒöÑ JwtAuthGuard: canActivate CALLED
[2m[WebServer] [22m≡ƒöì JWT Extractor - All cookies: [Object: null prototype] {}
[2m[WebServer] [22m≡ƒöì JWT Extractor - Headers: [90mundefined[39m
[2m[WebServer] [22m≡ƒöì JWT Extractor - accessToken: NOT FOUND
[2m[WebServer] [22mΓ¥î JwtAuthGuard INFO: Error: No auth token
[2m[WebServer] [22m    at JwtStrategy.authenticate 
[90m(C:\Users\Bedon\Desktop\semester-5-software-project\backend\[39mnode_modules\[4mpassport-jwt[24m\lib\strategy.js:96:26[90m)[39m
[2m[WebServer] [22m    at attempt [90m(C:\Users\Bedon\Desktop\semester-5-software-project\backend\[39mnode_modules\[4mpassport[24m\lib\mi
ddleware\authenticate.js:378:16[90m)[39m
[2m[WebServer] [22m    at authenticate [90m(C:\Users\Bedon\Desktop\semester-5-software-project\backend\[39mnode_modules\[4mpassport[24m\l
ib\middleware\authenticate.js:379:7[90m)[39m
[2m[WebServer] [22m    at 
[90mC:\Users\Bedon\Desktop\semester-5-software-project\backend\[39mnode_modules\[4m@nestjs[24m\passport\dist\auth.guard.js:88:3
[2m[WebServer] [22m    at new Promise (<anonymous>)
[2m[WebServer] [22m    at 
[90mC:\Users\Bedon\Desktop\semester-5-software-project\backend\[39mnode_modules\[4m@nestjs[24m\passport\dist\auth.guard.js:80:83
[2m[WebServer] [22m    at JwtAuthGuard.canActivate [90m(C:\Users\Bedon\Desktop\semester-5-software-project\backend\[39mnode_modules\[4m@ne
stjs[24m\passport\dist\auth.guard.js:44:32[90m)[39m
[2m[WebServer] [22m[90m    at process.processTicksAndRejections (node:internal/process/task_queues:105:5)[39m
[2m[WebServer] [22m≡ƒöÑ JwtAuthGuard: handleRequest() {
[2m[WebServer] [22m  err: [1mnull[22m,
[2m[WebServer] [22m  user: [33mfalse[39m,
[2m[WebServer] [22m  info: Error: No auth token
[2m[WebServer] [22m      at JwtStrategy.authenticate [90m(C:\Users\Bedon\Desktop\semester-5-software-project\backend\[39mnode_modules\[4mpassport-jwt[24m\lib\strategy.js:96:26[90m)[39m
[2m[WebServer] [22m      at attempt [90m(C:\Users\Bedon\Desktop\semester-5-software-project\backend\[39mnode_modules\[4mpassport[24m\lib\middleware\authenticate.js:378:16[90m)[39m
[2m[WebServer] [22m      at authenticate [90m(C:\Users\Bedon\Desktop\semester-5-software-project\backend\[39mnode_modules\[4mpassport[24m\lib\middleware\authenticate.js:379:7[90m)[39m
[2m[WebServer] [22m      at [90mC:\Users\Bedon\Desktop\semester-5-software-project\backend\[39mnode_modules\[4m@nestjs[24m\passport\dist\auth.guard.js:88:3
[2m[WebServer] [22m      at new Promise (<anonymous>)
[2m[WebServer] [22m      at [90mC:\Users\Bedon\Desktop\semester-5-software-project\backend\[39mnode_modules\[4m@nestjs[24m\passport\dist\auth.guard.js:80:83
[2m[WebServer] [22m      at JwtAuthGuard.canActivate [90m(C:\Users\Bedon\Desktop\semester-5-software-project\backend\[39mnode_modules\[4m@nestjs[24m\passport\dist\auth.guard.js:44:32[90m)[39m
[2m[WebServer] [22m  [90m    at process.processTicksAndRejections (node:internal/process/task_queues:105:5)[39m
[2m[WebServer] [22m}
[2m[WebServer] [22mΓ¥î JwtAuthGuard FAILING ΓåÆ No auth token
[2m[WebServer] [22mVALIDATE EMPLOYEE - systemRole = {
[2m[WebServer] [22m  _id: new ObjectId([32m'6929e2c0934d8e079e6f55b3'[39m),
[2m[WebServer] [22m  employeeProfileId: new ObjectId([32m'6929e2c0934d8e079e6f55b1'[39m),
[2m[WebServer] [22m  roles: [ [32m'department head'[39m ],
[2m[WebServer] [22m  permissions: [],
[2m[WebServer] [22m  isActive: [33mtrue[39m,
[2m[WebServer] [22m  createdAt: [35m2025-11-28T17:58:24.325Z[39m,
[2m[WebServer] [22m  updatedAt: [35m2025-11-28T17:58:24.325Z[39m,
[2m[WebServer] [22m  __v: [33m0[39m
[2m[WebServer] [22m}
[2m[WebServer] [22mGenerated token: eyJhbGciOiJIUzI1NiIsInR5cCI6IkpXVCJ9.eyJzdWIiOiI2OTI5ZTJjMDkzNGQ4ZTA3OWU2ZjU1YjEiLCJ3b3JrRW1haWwiOiJlbmdtYW5hZ2VyLndvcmtAZXhhbXBsZS5jb20iLCJyb2xlcyI6WyJkZXBhcnRtZW50IGhlYWQiXSwicGVybWlzc2lvbnMiOltdLCJwcmltYXJ5RGVwYXJ0bWVudElkIjoiNjkyNzVkOGFmYzExODRhM2IzZTZjNTVmIiwiZW1wbG95ZWVOdW1iZXIiOiJFTVAtMTAyNSIsImlhdCI6MTc2NTk4MzA0MiwiZXhwIjoxNzY2MDY5NDQyfQ.kPVQfmN9-qizAJCm8zIqpdUurj6lDB41U6BvCN82F8I
[2m[WebServer] [22m GET /leaves [32m200[39m in 18ms[2m (compile: 3ms, render: 15ms)[22m
[2m[WebServer] [22m≡ƒöÑ JwtAuthGuard: canActivate CALLED
[2m[WebServer] [22m≡ƒöì JWT Extractor - All cookies: {
[2m[WebServer] [22m  accessToken: [32m'eyJhbGciOiJIUzI1NiIsInR5cCI6IkpXVCJ9.eyJzdWIiOiI2OTI5ZTJjMDkzNGQ4ZTA3OWU2ZjU1YjEiLCJ3b3JrRW1haWwiOiJlbmdtYW5hZ2VyLndvcmtAZXhhbXBsZS5jb20iLCJyb2xlcyI6WyJkZXBhcnRtZW50IGhlYWQiXSwicGVybWlzc2lvbnMiOltdLCJwcmltYXJ5RGVwYXJ0bWVudElkIjoiNjkyNzVkOGFmYzExODRhM2IzZTZjNTVmIiwiZW1wbG95ZWVOdW1iZXIiOiJFTVAtMTAyNSIsImlhdCI6MTc2NTk4MzA0MiwiZXhwIjoxNzY2MDY5NDQyfQ.kPVQfmN9-qizAJCm8zIqpdUurj6lDB41U6BvCN82F8I'[39m
[2m[WebServer] [22m}
[2m[WebServer] [22m≡ƒöì JWT Extractor - Headers: accessToken=eyJhbGciOiJIUzI1NiIsInR5cCI6IkpXVCJ9.eyJzdWIiOiI2OTI5ZTJjMDkzNGQ4ZTA3OWU2ZjU1YjEiLCJ3b3JrRW1haWwiOiJlbmdtYW5hZ2VyLndvcmtAZXhhbXBsZS5jb20iLCJyb2xlcyI6WyJkZXBhcnRtZW50IGhlYWQiXSwicGVybWlzc2lvbnMiOltdLCJwcmltYXJ5RGVwYXJ0bWVudElkIjoiNjkyNzVkOGFmYzExODRhM2IzZTZjNTVmIiwiZW1wbG95ZWVOdW1iZXIiOiJFTVAtMTAyNSIsImlhdCI6MTc2NTk4MzA0MiwiZXhwIjoxNzY2MDY5NDQyfQ.kPVQfmN9-qizAJCm8zIqpdUurj6lDB41U6BvCN82F8I
[2m[WebServer] [22m≡ƒöì JWT Extractor - accessToken: FOUND
[2m[WebServer] [22mJwtStrategy VALIDATE: {
[2m[WebServer] [22m  sub: [32m'6929e2c0934d8e079e6f55b1'[39m,
[2m[WebServer] [22m  workEmail: [32m'engmanager.work@example.com'[39m,
[2m[WebServer] [22m  roles: [ [32m'department head'[39m ],
[2m[WebServer] [22m  permissions: [],
[2m[WebServer] [22m  primaryDepartmentId: [32m'69275d8afc1184a3b3e6c55f'[39m,
[2m[WebServer] [22m  employeeNumber: [32m'EMP-1025'[39m,
[2m[WebServer] [22m  iat: [33m1765983042[39m,
[2m[WebServer] [22m  exp: [33m1766069442[39m
[2m[WebServer] [22m}
[2m[WebServer] [22m≡ƒöÑ JwtAuthGuard: handleRequest() {
[2m[WebServer] [22m  err: [1mnull[22m,
[2m[WebServer] [22m  user: {
[2m[WebServer] [22m    id: [32m'6929e2c0934d8e079e6f55b1'[39m,
[2m[WebServer] [22m    workEmail: [32m'engmanager.work@example.com'[39m,
[2m[WebServer] [22m    roles: [ [32m'department head'[39m ],
[2m[WebServer] [22m    permissions: [],
[2m[WebServer] [22m    primaryDepartmentId: [32m'69275d8afc1184a3b3e6c55f'[39m,
[2m[WebServer] [22m    employeeNumber: [32m'EMP-1025'[39m
[2m[WebServer] [22m  },
[2m[WebServer] [22m  info: [90mundefined[39m
[2m[WebServer] [22m}
[2m[WebServer] [22mΓ£à JwtAuthGuard SUCCESS ΓåÆ user authenticated: 6929e2c0934d8e079e6f55b1
[2m[WebServer] [22m≡ƒöÑ RolesGuard running!
[2m[WebServer] [22m
[2m[WebServer] [22m===== ROLE GUARD =====
[2m[WebServer] [22mRequired roles: [
[2m[WebServer] [22m  [32m'department employee'[39m,
[2m[WebServer] [22m  [32m'HR Employee'[39m,
[2m[WebServer] [22m  [32m'department head'[39m,
[2m[WebServer] [22m  [32m'HR Manager'[39m,
[2m[WebServer] [22m  [32m'HR Admin'[39m,
[2m[WebServer] [22m  [32m'System Admin'[39m
[2m[WebServer] [22m]
[2m[WebServer] [22mUser object: {
[2m[WebServer] [22m  id: [32m'6929e2c0934d8e079e6f55b1'[39m,
[2m[WebServer] [22m  workEmail: [32m'engmanager.work@example.com'[39m,
[2m[WebServer] [22m  roles: [ [32m'department head'[39m ],
[2m[WebServer] [22m  permissions: [],
[2m[WebServer] [22m  primaryDepartmentId: [32m'69275d8afc1184a3b3e6c55f'[39m,
[2m[WebServer] [22m  employeeNumber: [32m'EMP-1025'[39m
[2m[WebServer] [22m}
[2m[WebServer] [22mNormalized user roles: [ [32m'department head'[39m ]
[2m[WebServer] [22mNormalized required roles: [
[2m[WebServer] [22m  [32m'department employee'[39m,
[2m[WebServer] [22m  [32m'hr employee'[39m,
[2m[WebServer] [22m  [32m'department head'[39m,
[2m[WebServer] [22m  [32m'hr manager'[39m,
[2m[WebServer] [22m  [32m'hr admin'[39m,
[2m[WebServer] [22m  [32m'system admin'[39m
[2m[WebServer] [22m]
[2m[WebServer] [22mHas required role? [33mtrue[39m
[2m[WebServer] [22mΓ£ö ACCESS GRANTED Γ£ö
[2m[WebServer] [22m≡ƒöì [TrackingController] getMyBalances: {
[2m[WebServer] [22m  query: [Object: null prototype] {},
[2m[WebServer] [22m  userId: [32m'6929e2c0934d8e079e6f55b1'[39m
[2m[WebServer] [22m}
[2m[WebServer] [22m≡ƒöÑ JwtAuthGuard: canActivate CALLED
[2m[WebServer] [22m≡ƒöì JWT Extractor - All cookies: {
[2m[WebServer] [22m  accessToken: [32m'eyJhbGciOiJIUzI1NiIsInR5cCI6IkpXVCJ9.eyJzdWIiOiI2OTI5ZTJjMDkzNGQ4ZTA3OWU2ZjU1YjEiLCJ3b3JrRW1haWwiOiJlbmdtYW5hZ2VyLndvcmtAZXhhbXBsZS5jb20iLCJyb2xlcyI6WyJkZXBhcnRtZW50IGhlYWQiXSwicGVybWlzc2lvbnMiOltdLCJwcmltYXJ5RGVwYXJ0bWVudElkIjoiNjkyNzVkOGFmYzExODRhM2IzZTZjNTVmIiwiZW1wbG95ZWVOdW1iZXIiOiJFTVAtMTAyNSIsImlhdCI6MTc2NTk4MzA0MiwiZXhwIjoxNzY2MDY5NDQyfQ.kPVQfmN9-qizAJCm8zIqpdUurj6lDB41U6BvCN82F8I'[39m
[2m[WebServer] [22m}
[2m[WebServer] [22m≡ƒöì JWT Extractor - Headers: accessToken=eyJhbGciOiJIUzI1NiIsInR5cCI6IkpXVCJ9.eyJzdWIiOiI2OTI5ZTJjMDkzNGQ4ZTA3OWU2ZjU1YjEiLCJ3b3JrRW1haWwiOiJlbmdtYW5hZ2VyLndvcmtAZXhhbXBsZS5jb20iLCJyb2xlcyI6WyJkZXBhcnRtZW50IGhlYWQiXSwicGVybWlzc2lvbnMiOltdLCJwcmltYXJ5RGVwYXJ0bWVudElkIjoiNjkyNzVkOGFmYzExODRhM2IzZTZjNTVmIiwiZW1wbG95ZWVOdW1iZXIiOiJFTVAtMTAyNSIsImlhdCI6MTc2NTk4MzA0MiwiZXhwIjoxNzY2MDY5NDQyfQ.kPVQfmN9-qizAJCm8zIqpdUurj6lDB41U6BvCN82F8I
[2m[WebServer] [22m≡ƒöì JWT Extractor - accessToken: FOUND
[2m[WebServer] [22mJwtStrategy VALIDATE: {
[2m[WebServer] [22m  sub: [32m'6929e2c0934d8e079e6f55b1'[39m,
[2m[WebServer] [22m  workEmail: [32m'engmanager.work@example.com'[39m,
[2m[WebServer] [22m  roles: [ [32m'department head'[39m ],
[2m[WebServer] [22m  permissions: [],
[2m[WebServer] [22m  primaryDepartmentId: [32m'69275d8afc1184a3b3e6c55f'[39m,
[2m[WebServer] [22m  employeeNumber: [32m'EMP-1025'[39m,
[2m[WebServer] [22m  iat: [33m1765983042[39m,
[2m[WebServer] [22m  exp: [33m1766069442[39m
[2m[WebServer] [22m}
[2m[WebServer] [22m≡ƒöÑ JwtAuthGuard: handleRequest() {
[2m[WebServer] [22m  err: [1mnull[22m,
[2m[WebServer] [22m  user: {
[2m[WebServer] [22m    id: [32m'6929e2c0934d8e079e6f55b1'[39m,
[2m[WebServer] [22m    workEmail: [32m'engmanager.work@example.com'[39m,
[2m[WebServer] [22m    roles: [ [32m'department head'[39m ],
[2m[WebServer] [22m    permissions: [],
[2m[WebServer] [22m    primaryDepartmentId: [32m'69275d8afc1184a3b3e6c55f'[39m,
[2m[WebServer] [22m    employeeNumber: [32m'EMP-1025'[39m
[2m[WebServer] [22m  },
[2m[WebServer] [22m  info: [90mundefined[39m
[2m[WebServer] [22m}
[2m[WebServer] [22mΓ£à JwtAuthGuard SUCCESS ΓåÆ user authenticated: 6929e2c0934d8e079e6f55b1
[2m[WebServer] [22m≡ƒöÑ RolesGuard running!
[2m[WebServer] [22m
[2m[WebServer] [22m===== ROLE GUARD =====
[2m[WebServer] [22mRequired roles: [
[2m[WebServer] [22m  [32m'department employee'[39m,
[2m[WebServer] [22m  [32m'HR Employee'[39m,
[2m[WebServer] [22m  [32m'department head'[39m,
[2m[WebServer] [22m  [32m'HR Manager'[39m,
[2m[WebServer] [22m  [32m'HR Admin'[39m,
[2m[WebServer] [22m  [32m'System Admin'[39m
[2m[WebServer] [22m]
[2m[WebServer] [22mUser object: {
[2m[WebServer] [22m  id: [32m'6929e2c0934d8e079e6f55b1'[39m,
[2m[WebServer] [22m  workEmail: [32m'engmanager.work@example.com'[39m,
[2m[WebServer] [22m  roles: [ [32m'department head'[39m ],
[2m[WebServer] [22m  permissions: [],
[2m[WebServer] [22m  primaryDepartmentId: [32m'69275d8afc1184a3b3e6c55f'[39m,
[2m[WebServer] [22m  employeeNumber: [32m'EMP-1025'[39m
[2m[WebServer] [22m}
[2m[WebServer] [22mNormalized user roles: [ [32m'department head'[39m ]
[2m[WebServer] [22mNormalized required roles: [
[2m[WebServer] [22m  [32m'department employee'[39m,
[2m[WebServer] [22m  [32m'hr employee'[39m,
[2m[WebServer] [22m  [32m'department head'[39m,
[2m[WebServer] [22m  [32m'hr manager'[39m,
[2m[WebServer] [22m  [32m'hr admin'[39m,
[2m[WebServer] [22m  [32m'system admin'[39m
[2m[WebServer] [22m]
[2m[WebServer] [22mHas required role? [33mtrue[39m
[2m[WebServer] [22mΓ£ö ACCESS GRANTED Γ£ö
[2m[WebServer] [22m≡ƒöì [TrackingController] getMyHistory: {
[2m[WebServer] [22m  filters: [Object: null prototype] {},
[2m[WebServer] [22m  userId: [32m'6929e2c0934d8e079e6f55b1'[39m
[2m[WebServer] [22m}
Γ£à Login successful
Γ¥î Testing: REQ-006 (Reject request)
[2m[WebServer] [22m GET /leaves/team [32m200[39m in 49ms[2m (compile: 3ms, render: 46ms)[22m
[2m[WebServer] [22m≡ƒöÑ JwtAuthGuard: canActivate CALLED
[2m[WebServer] [22m≡ƒöì JWT Extractor - All cookies: {
[2m[WebServer] [22m  accessToken: [32m'eyJhbGciOiJIUzI1NiIsInR5cCI6IkpXVCJ9.eyJzdWIiOiI2OTI5ZTJjMDkzNGQ4ZTA3OWU2ZjU1YjEiLCJ3b3JrRW1haWwiOiJlbmdtYW5hZ2VyLndvcmtAZXhhbXBsZS5jb20iLCJyb2xlcyI6WyJkZXBhcnRtZW50IGhlYWQiXSwicGVybWlzc2lvbnMiOltdLCJwcmltYXJ5RGVwYXJ0bWVudElkIjoiNjkyNzVkOGFmYzExODRhM2IzZTZjNTVmIiwiZW1wbG95ZWVOdW1iZXIiOiJFTVAtMTAyNSIsImlhdCI6MTc2NTk4MzA0MiwiZXhwIjoxNzY2MDY5NDQyfQ.kPVQfmN9-qizAJCm8zIqpdUurj6lDB41U6BvCN82F8I'[39m
[2m[WebServer] [22m}
[2m[WebServer] [22m≡ƒöì JWT Extractor - Headers: accessToken=eyJhbGciOiJIUzI1NiIsInR5cCI6IkpXVCJ9.eyJzdWIiOiI2OTI5ZTJjMDkzNGQ4ZTA3OWU2ZjU1YjEiLCJ3b3JrRW1haWwiOiJlbmdtYW5hZ2VyLndvcmtAZXhhbXBsZS5jb20iLCJyb2xlcyI6WyJkZXBhcnRtZW50IGhlYWQiXSwicGVybWlzc2lvbnMiOltdLCJwcmltYXJ5RGVwYXJ0bWVudElkIjoiNjkyNzVkOGFmYzExODRhM2IzZTZjNTVmIiwiZW1wbG95ZWVOdW1iZXIiOiJFTVAtMTAyNSIsImlhdCI6MTc2NTk4MzA0MiwiZXhwIjoxNzY2MDY5NDQyfQ.kPVQfmN9-qizAJCm8zIqpdUurj6lDB41U6BvCN82F8I
[2m[WebServer] [22m≡ƒöì JWT Extractor - accessToken: FOUND
[2m[WebServer] [22mJwtStrategy VALIDATE: {
[2m[WebServer] [22m  sub: [32m'6929e2c0934d8e079e6f55b1'[39m,
[2m[WebServer] [22m  workEmail: [32m'engmanager.work@example.com'[39m,
[2m[WebServer] [22m  roles: [ [32m'department head'[39m ],
[2m[WebServer] [22m  permissions: [],
[2m[WebServer] [22m  primaryDepartmentId: [32m'69275d8afc1184a3b3e6c55f'[39m,
[2m[WebServer] [22m  employeeNumber: [32m'EMP-1025'[39m,
[2m[WebServer] [22m  iat: [33m1765983042[39m,
[2m[WebServer] [22m  exp: [33m1766069442[39m
[2m[WebServer] [22m}
[2m[WebServer] [22m≡ƒöÑ JwtAuthGuard: handleRequest() {
[2m[WebServer] [22m  err: [1mnull[22m,
[2m[WebServer] [22m  user: {
[2m[WebServer] [22m    id: [32m'6929e2c0934d8e079e6f55b1'[39m,
[2m[WebServer] [22m    workEmail: [32m'engmanager.work@example.com'[39m,
[2m[WebServer] [22m    roles: [ [32m'department head'[39m ],
[2m[WebServer] [22m    permissions: [],
[2m[WebServer] [22m    primaryDepartmentId: [32m'69275d8afc1184a3b3e6c55f'[39m,
[2m[WebServer] [22m    employeeNumber: [32m'EMP-1025'[39m
[2m[WebServer] [22m  },
[2m[WebServer] [22m  info: [90mundefined[39m
[2m[WebServer] [22m}
[2m[WebServer] [22mΓ£à JwtAuthGuard SUCCESS ΓåÆ user authenticated: 6929e2c0934d8e079e6f55b1
[2m[WebServer] [22m≡ƒöÑ JwtAuthGuard: canActivate CALLED
[2m[WebServer] [22m≡ƒöì JWT Extractor - All cookies: {
[2m[WebServer] [22m  accessToken: [32m'eyJhbGciOiJIUzI1NiIsInR5cCI6IkpXVCJ9.eyJzdWIiOiI2OTI5ZTJjMDkzNGQ4ZTA3OWU2ZjU1YjEiLCJ3b3JrRW1haWwiOiJlbmdtYW5hZ2VyLndvcmtAZXhhbXBsZS5jb20iLCJyb2xlcyI6WyJkZXBhcnRtZW50IGhlYWQiXSwicGVybWlzc2lvbnMiOltdLCJwcmltYXJ5RGVwYXJ0bWVudElkIjoiNjkyNzVkOGFmYzExODRhM2IzZTZjNTVmIiwiZW1wbG95ZWVOdW1iZXIiOiJFTVAtMTAyNSIsImlhdCI6MTc2NTk4MzA0MiwiZXhwIjoxNzY2MDY5NDQyfQ.kPVQfmN9-qizAJCm8zIqpdUurj6lDB41U6BvCN82F8I'[39m
[2m[WebServer] [22m}
[2m[WebServer] [22m≡ƒöì JWT Extractor - Headers: accessToken=eyJhbGciOiJIUzI1NiIsInR5cCI6IkpXVCJ9.eyJzdWIiOiI2OTI5ZTJjMDkzNGQ4ZTA3OWU2ZjU1YjEiLCJ3b3JrRW1haWwiOiJlbmdtYW5hZ2VyLndvcmtAZXhhbXBsZS5jb20iLCJyb2xlcyI6WyJkZXBhcnRtZW50IGhlYWQiXSwicGVybWlzc2lvbnMiOltdLCJwcmltYXJ5RGVwYXJ0bWVudElkIjoiNjkyNzVkOGFmYzExODRhM2IzZTZjNTVmIiwiZW1wbG95ZWVOdW1iZXIiOiJFTVAtMTAyNSIsImlhdCI6MTc2NTk4MzA0MiwiZXhwIjoxNzY2MDY5NDQyfQ.kPVQfmN9-qizAJCm8zIqpdUurj6lDB41U6BvCN82F8I
[2m[WebServer] [22m≡ƒöì JWT Extractor - accessToken: FOUND
[2m[WebServer] [22mJwtStrategy VALIDATE: {
[2m[WebServer] [22m  sub: [32m'6929e2c0934d8e079e6f55b1'[39m,
[2m[WebServer] [22m  workEmail: [32m'engmanager.work@example.com'[39m,
[2m[WebServer] [22m  roles: [ [32m'department head'[39m ],
[2m[WebServer] [22m  permissions: [],
[2m[WebServer] [22m  primaryDepartmentId: [32m'69275d8afc1184a3b3e6c55f'[39m,
[2m[WebServer] [22m  employeeNumber: [32m'EMP-1025'[39m,
[2m[WebServer] [22m  iat: [33m1765983042[39m,
[2m[WebServer] [22m  exp: [33m1766069442[39m
[2m[WebServer] [22m}
[2m[WebServer] [22m≡ƒöÑ JwtAuthGuard: handleRequest() {
[2m[WebServer] [22m  err: [1mnull[22m,
[2m[WebServer] [22m  user: {
[2m[WebServer] [22m    id: [32m'6929e2c0934d8e079e6f55b1'[39m,
[2m[WebServer] [22m    workEmail: [32m'engmanager.work@example.com'[39m,
[2m[WebServer] [22m    roles: [ [32m'department head'[39m ],
[2m[WebServer] [22m    permissions: [],
[2m[WebServer] [22m    primaryDepartmentId: [32m'69275d8afc1184a3b3e6c55f'[39m,
[2m[WebServer] [22m    employeeNumber: [32m'EMP-1025'[39m
[2m[WebServer] [22m  },
[2m[WebServer] [22m  info: [90mundefined[39m
[2m[WebServer] [22m}
[2m[WebServer] [22mΓ£à JwtAuthGuard SUCCESS ΓåÆ user authenticated: 6929e2c0934d8e079e6f55b1
[2m[WebServer] [22m≡ƒöÑ RolesGuard running!
[2m[WebServer] [22m
[2m[WebServer] [22m===== ROLE GUARD =====
[2m[WebServer] [22mRequired roles: [ [32m'department head'[39m, [32m'HR Manager'[39m ]
[2m[WebServer] [22mUser object: {
[2m[WebServer] [22m  id: [32m'6929e2c0934d8e079e6f55b1'[39m,
[2m[WebServer] [22m  workEmail: [32m'engmanager.work@example.com'[39m,
[2m[WebServer] [22m  roles: [ [32m'department head'[39m ],
[2m[WebServer] [22m  permissions: [],
[2m[WebServer] [22m  primaryDepartmentId: [32m'69275d8afc1184a3b3e6c55f'[39m,
[2m[WebServer] [22m  employeeNumber: [32m'EMP-1025'[39m
[2m[WebServer] [22m}
[2m[WebServer] [22mNormalized user roles: [ [32m'department head'[39m ]
[2m[WebServer] [22mNormalized required roles: [ [32m'department head'[39m, [32m'hr manager'[39m ]
[2m[WebServer] [22mHas required role? [33mtrue[39m
[2m[WebServer] [22mΓ£ö ACCESS GRANTED Γ£ö
[2m[WebServer] [22m≡ƒöì [RequestsController] getTeamRequests: { managerId: [90mundefined[39m }
[2m[WebServer] [22m≡ƒöÑ JwtAuthGuard: canActivate CALLED
[2m[WebServer] [22m≡ƒöì JWT Extractor - All cookies: {
[2m[WebServer] [22m  accessToken: [32m'eyJhbGciOiJIUzI1NiIsInR5cCI6IkpXVCJ9.eyJzdWIiOiI2OTI5ZTJjMDkzNGQ4ZTA3OWU2ZjU1YjEiLCJ3b3JrRW1haWwiOiJlbmdtYW5hZ2VyLndvcmtAZXhhbXBsZS5jb20iLCJyb2xlcyI6WyJkZXBhcnRtZW50IGhlYWQiXSwicGVybWlzc2lvbnMiOltdLCJwcmltYXJ5RGVwYXJ0bWVudElkIjoiNjkyNzVkOGFmYzExODRhM2IzZTZjNTVmIiwiZW1wbG95ZWVOdW1iZXIiOiJFTVAtMTAyNSIsImlhdCI6MTc2NTk4MzA0MiwiZXhwIjoxNzY2MDY5NDQyfQ.kPVQfmN9-qizAJCm8zIqpdUurj6lDB41U6BvCN82F8I'[39m
[2m[WebServer] [22m}
[2m[WebServer] [22m≡ƒöì JWT Extractor - Headers: accessToken=eyJhbGciOiJIUzI1NiIsInR5cCI6IkpXVCJ9.eyJzdWIiOiI2OTI5ZTJjMDkzNGQ4ZTA3OWU2ZjU1YjEiLCJ3b3JrRW1haWwiOiJlbmdtYW5hZ2VyLndvcmtAZXhhbXBsZS5jb20iLCJyb2xlcyI6WyJkZXBhcnRtZW50IGhlYWQiXSwicGVybWlzc2lvbnMiOltdLCJwcmltYXJ5RGVwYXJ0bWVudElkIjoiNjkyNzVkOGFmYzExODRhM2IzZTZjNTVmIiwiZW1wbG95ZWVOdW1iZXIiOiJFTVAtMTAyNSIsImlhdCI6MTc2NTk4MzA0MiwiZXhwIjoxNzY2MDY5NDQyfQ.kPVQfmN9-qizAJCm8zIqpdUurj6lDB41U6BvCN82F8I
[2m[WebServer] [22m≡ƒöì JWT Extractor - accessToken: FOUND
[2m[WebServer] [22mJwtStrategy VALIDATE: {
[2m[WebServer] [22m  sub: [32m'6929e2c0934d8e079e6f55b1'[39m,
[2m[WebServer] [22m  workEmail: [32m'engmanager.work@example.com'[39m,
[2m[WebServer] [22m  roles: [ [32m'department head'[39m ],
[2m[WebServer] [22m  permissions: [],
[2m[WebServer] [22m  primaryDepartmentId: [32m'69275d8afc1184a3b3e6c55f'[39m,
[2m[WebServer] [22m  employeeNumber: [32m'EMP-1025'[39m,
[2m[WebServer] [22m  iat: [33m1765983042[39m,
[2m[WebServer] [22m  exp: [33m1766069442[39m
[2m[WebServer] [22m}
[2m[WebServer] [22m≡ƒöÑ JwtAuthGuard: handleRequest() {
[2m[WebServer] [22m  err: [1mnull[22m,
[2m[WebServer] [22m  user: {
[2m[WebServer] [22m    id: [32m'6929e2c0934d8e079e6f55b1'[39m,
[2m[WebServer] [22m    workEmail: [32m'engmanager.work@example.com'[39m,
[2m[WebServer] [22m    roles: [ [32m'department head'[39m ],
[2m[WebServer] [22m    permissions: [],
[2m[WebServer] [22m    primaryDepartmentId: [32m'69275d8afc1184a3b3e6c55f'[39m,
[2m[WebServer] [22m    employeeNumber: [32m'EMP-1025'[39m
[2m[WebServer] [22m  },
[2m[WebServer] [22m  info: [90mundefined[39m
[2m[WebServer] [22m}
[2m[WebServer] [22mΓ£à JwtAuthGuard SUCCESS ΓåÆ user authenticated: 6929e2c0934d8e079e6f55b1
[2m[WebServer] [22m≡ƒöÑ RolesGuard running!
[2m[WebServer] [22m
[2m[WebServer] [22m===== ROLE GUARD =====
[2m[WebServer] [22mRequired roles: [ [32m'department head'[39m, [32m'HR Manager'[39m ]
[2m[WebServer] [22mUser object: {
[2m[WebServer] [22m  id: [32m'6929e2c0934d8e079e6f55b1'[39m,
[2m[WebServer] [22m  workEmail: [32m'engmanager.work@example.com'[39m,
[2m[WebServer] [22m  roles: [ [32m'department head'[39m ],
[2m[WebServer] [22m  permissions: [],
[2m[WebServer] [22m  primaryDepartmentId: [32m'69275d8afc1184a3b3e6c55f'[39m,
[2m[WebServer] [22m  employeeNumber: [32m'EMP-1025'[39m
[2m[WebServer] [22m}
[2m[WebServer] [22mNormalized user roles: [ [32m'department head'[39m ]
[2m[WebServer] [22mNormalized required roles: [ [32m'department head'[39m, [32m'hr manager'[39m ]
[2m[WebServer] [22mHas required role? [33mtrue[39m
[2m[WebServer] [22mΓ£ö ACCESS GRANTED Γ£ö
[2m[WebServer] [22m≡ƒöì [TrackingController] getTeamBalances: {
[2m[WebServer] [22m  filters: [Object: null prototype] {},
[2m[WebServer] [22m  managerId: [32m'6929e2c0934d8e079e6f55b1'[39m
[2m[WebServer] [22m}
[2m[WebServer] [22mDepartment ID from logged in user: 69275d8afc1184a3b3e6c55f
Γ£à Rejection flow accessible - REQ-006 validated
  Γ£ô  23 [chromium] ΓÇ║ leave-tests.spec.ts:401:7 ΓÇ║ ≡ƒæ¿ΓÇì≡ƒÆ╝ MANAGER (EMP-1025 - Engineering) - Approval & Team Management ΓÇ║ Γ£à J3: Reject leave request (REQ-006) (9.3s)
≡ƒöÉ Logging in as: engmanager.work@example.com
[2m[WebServer] [22m GET /login [32m200[39m in 40ms[2m (compile: 3ms, render: 37ms)[22m
[2m[WebServer] [22m≡ƒöÑ JwtAuthGuard: canActivate CALLED
[2m[WebServer] [22m≡ƒöì JWT Extractor - All cookies: [Object: null prototype] {}
[2m[WebServer] [22m≡ƒöì JWT Extractor - Headers: [90mundefined[39m
[2m[WebServer] [22m≡ƒöì JWT Extractor - accessToken: NOT FOUND
[2m[WebServer] [22m≡ƒöÑ JwtAuthGuard: handleRequest() {
[2m[WebServer] [22m  err: [1mnull[22m,
[2m[WebServer] [22m  user: [33mfalse[39m,
[2m[WebServer] [22m  info: Error: No auth token
[2m[WebServer] [22m      at JwtStrategy.authenticate [90m(C:\Users\Bedon\Desktop\semester-5-software-project\backend\[39mnode_modules\[4mpassport-jwt[24m\lib\strategy.js:96:26[90m)[39m
[2m[WebServer] [22m      at attempt [90m(C:\Users\Bedon\Desktop\semester-5-software-project\backend\[39mnode_modules\[4mpassport[24m\lib\middleware\authenticate.js:378:16[90m)[39m
[2m[WebServer] [22m      at authenticate [90m(C:\Users\Bedon\Desktop\semester-5-software-project\backend\[39mnode_modules\[4mpassport[24m\lib\middleware\authenticate.js:379:7[90m)[39m
[2m[WebServer] [22m      at [90mC:\Users\Bedon\Desktop\semester-5-software-project\backend\[39mnode_modules\[4m@nestjs[24m\passport\dist\auth.guard.js:88:3
[2m[WebServer] [22m      at new Promise (<anonymous>)
[2m[WebServer] [22m      at [90mC:\Users\Bedon\Desktop\semester-5-software-project\backend\[39mnode_modules\[4m@nestjs[24m\passport\dist\auth.guard.js:80:83
[2m[WebServer] [22m      at JwtAuthGuard.canActivate [90m(C:\Users\Bedon\Desktop\semester-5-software-project\backend\[39mnode_modules\[4m@nestjs[24m\passport\dist\auth.guard.js:44:32[90m)[39m
[2m[WebServer] [22m  [90m    at process.processTicksAndRejections (node:internal/process/task_queues:105:5)[39m
[2m[WebServer] [22m}
[2m[WebServer] [22mΓ¥î JwtAuthGuard INFO: Error: No auth token
[2m[WebServer] [22m    at JwtStrategy.authenticate 
[90m(C:\Users\Bedon\Desktop\semester-5-software-project\backend\[39mnode_modules\[4mpassport-jwt[24m\lib\strategy.js:96:26[90m)[39m
[2m[WebServer] [22m    at attempt [90m(C:\Users\Bedon\Desktop\semester-5-software-project\backend\[39mnode_modules\[4mpassport[24m\lib\mi
ddleware\authenticate.js:378:16[90m)[39m
[2m[WebServer] [22m    at authenticate [90m(C:\Users\Bedon\Desktop\semester-5-software-project\backend\[39mnode_modules\[4mpassport[24m\l
ib\middleware\authenticate.js:379:7[90m)[39m
[2m[WebServer] [22m    at 
[90mC:\Users\Bedon\Desktop\semester-5-software-project\backend\[39mnode_modules\[4m@nestjs[24m\passport\dist\auth.guard.js:88:3
[2m[WebServer] [22m    at new Promise (<anonymous>)
[2m[WebServer] [22m    at 
[90mC:\Users\Bedon\Desktop\semester-5-software-project\backend\[39mnode_modules\[4m@nestjs[24m\passport\dist\auth.guard.js:80:83
[2m[WebServer] [22m    at JwtAuthGuard.canActivate [90m(C:\Users\Bedon\Desktop\semester-5-software-project\backend\[39mnode_modules\[4m@ne
stjs[24m\passport\dist\auth.guard.js:44:32[90m)[39m
[2m[WebServer] [22m[90m    at process.processTicksAndRejections (node:internal/process/task_queues:105:5)[39m
[2m[WebServer] [22mΓ¥î JwtAuthGuard FAILING ΓåÆ No auth token
[2m[WebServer] [22mVALIDATE EMPLOYEE - systemRole = {
[2m[WebServer] [22m  _id: new ObjectId([32m'6929e2c0934d8e079e6f55b3'[39m),
[2m[WebServer] [22m  employeeProfileId: new ObjectId([32m'6929e2c0934d8e079e6f55b1'[39m),
[2m[WebServer] [22m  roles: [ [32m'department head'[39m ],
[2m[WebServer] [22m  permissions: [],
[2m[WebServer] [22m  isActive: [33mtrue[39m,
[2m[WebServer] [22m  createdAt: [35m2025-11-28T17:58:24.325Z[39m,
[2m[WebServer] [22m  updatedAt: [35m2025-11-28T17:58:24.325Z[39m,
[2m[WebServer] [22m  __v: [33m0[39m
[2m[WebServer] [22m}
[2m[WebServer] [22mGenerated token: eyJhbGciOiJIUzI1NiIsInR5cCI6IkpXVCJ9.eyJzdWIiOiI2OTI5ZTJjMDkzNGQ4ZTA3OWU2ZjU1YjEiLCJ3b3JrRW1haWwiOiJlbmdtYW5hZ2VyLndvcmtAZXhhbXBsZS5jb20iLCJyb2xlcyI6WyJkZXBhcnRtZW50IGhlYWQiXSwicGVybWlzc2lvbnMiOltdLCJwcmltYXJ5RGVwYXJ0bWVudElkIjoiNjkyNzVkOGFmYzExODRhM2IzZTZjNTVmIiwiZW1wbG95ZWVOdW1iZXIiOiJFTVAtMTAyNSIsImlhdCI6MTc2NTk4MzA1MiwiZXhwIjoxNzY2MDY5NDUyfQ.Mb3WkqL10EKyHZlpOHCfI_W4NS3tTXns5mTz6D5_dkw
[2m[WebServer] [22m GET /leaves [32m200[39m in 20ms[2m (compile: 3ms, render: 17ms)[22m
[2m[WebServer] [22m≡ƒöÑ JwtAuthGuard: canActivate CALLED
[2m[WebServer] [22m≡ƒöì JWT Extractor - All cookies: {
[2m[WebServer] [22m  accessToken: [32m'eyJhbGciOiJIUzI1NiIsInR5cCI6IkpXVCJ9.eyJzdWIiOiI2OTI5ZTJjMDkzNGQ4ZTA3OWU2ZjU1YjEiLCJ3b3JrRW1haWwiOiJlbmdtYW5hZ2VyLndvcmtAZXhhbXBsZS5jb20iLCJyb2xlcyI6WyJkZXBhcnRtZW50IGhlYWQiXSwicGVybWlzc2lvbnMiOltdLCJwcmltYXJ5RGVwYXJ0bWVudElkIjoiNjkyNzVkOGFmYzExODRhM2IzZTZjNTVmIiwiZW1wbG95ZWVOdW1iZXIiOiJFTVAtMTAyNSIsImlhdCI6MTc2NTk4MzA1MiwiZXhwIjoxNzY2MDY5NDUyfQ.Mb3WkqL10EKyHZlpOHCfI_W4NS3tTXns5mTz6D5_dkw'[39m
[2m[WebServer] [22m}
[2m[WebServer] [22m≡ƒöì JWT Extractor - Headers: accessToken=eyJhbGciOiJIUzI1NiIsInR5cCI6IkpXVCJ9.eyJzdWIiOiI2OTI5ZTJjMDkzNGQ4ZTA3OWU2ZjU1YjEiLCJ3b3JrRW1haWwiOiJlbmdtYW5hZ2VyLndvcmtAZXhhbXBsZS5jb20iLCJyb2xlcyI6WyJkZXBhcnRtZW50IGhlYWQiXSwicGVybWlzc2lvbnMiOltdLCJwcmltYXJ5RGVwYXJ0bWVudElkIjoiNjkyNzVkOGFmYzExODRhM2IzZTZjNTVmIiwiZW1wbG95ZWVOdW1iZXIiOiJFTVAtMTAyNSIsImlhdCI6MTc2NTk4MzA1MiwiZXhwIjoxNzY2MDY5NDUyfQ.Mb3WkqL10EKyHZlpOHCfI_W4NS3tTXns5mTz6D5_dkw
[2m[WebServer] [22m≡ƒöì JWT Extractor - accessToken: FOUND
[2m[WebServer] [22mJwtStrategy VALIDATE: {
[2m[WebServer] [22m  sub: [32m'6929e2c0934d8e079e6f55b1'[39m,
[2m[WebServer] [22m  workEmail: [32m'engmanager.work@example.com'[39m,
[2m[WebServer] [22m  roles: [ [32m'department head'[39m ],
[2m[WebServer] [22m  permissions: [],
[2m[WebServer] [22m  primaryDepartmentId: [32m'69275d8afc1184a3b3e6c55f'[39m,
[2m[WebServer] [22m  employeeNumber: [32m'EMP-1025'[39m,
[2m[WebServer] [22m  iat: [33m1765983052[39m,
[2m[WebServer] [22m  exp: [33m1766069452[39m
[2m[WebServer] [22m}
[2m[WebServer] [22m≡ƒöÑ JwtAuthGuard: handleRequest() {
[2m[WebServer] [22m  err: [1mnull[22m,
[2m[WebServer] [22m  user: {
[2m[WebServer] [22m    id: [32m'6929e2c0934d8e079e6f55b1'[39m,
[2m[WebServer] [22m    workEmail: [32m'engmanager.work@example.com'[39m,
[2m[WebServer] [22m    roles: [ [32m'department head'[39m ],
[2m[WebServer] [22m    permissions: [],
[2m[WebServer] [22m    primaryDepartmentId: [32m'69275d8afc1184a3b3e6c55f'[39m,
[2m[WebServer] [22m    employeeNumber: [32m'EMP-1025'[39m
[2m[WebServer] [22m  },
[2m[WebServer] [22m  info: [90mundefined[39m
[2m[WebServer] [22m}
[2m[WebServer] [22mΓ£à JwtAuthGuard SUCCESS ΓåÆ user authenticated: 6929e2c0934d8e079e6f55b1
[2m[WebServer] [22m≡ƒöÑ RolesGuard running!
[2m[WebServer] [22m
[2m[WebServer] [22m===== ROLE GUARD =====
[2m[WebServer] [22mRequired roles: [
[2m[WebServer] [22m  [32m'department employee'[39m,
[2m[WebServer] [22m  [32m'HR Employee'[39m,
[2m[WebServer] [22m  [32m'department head'[39m,
[2m[WebServer] [22m  [32m'HR Manager'[39m,
[2m[WebServer] [22m  [32m'HR Admin'[39m,
[2m[WebServer] [22m  [32m'System Admin'[39m
[2m[WebServer] [22m]
[2m[WebServer] [22mUser object: {
[2m[WebServer] [22m  id: [32m'6929e2c0934d8e079e6f55b1'[39m,
[2m[WebServer] [22m  workEmail: [32m'engmanager.work@example.com'[39m,
[2m[WebServer] [22m  roles: [ [32m'department head'[39m ],
[2m[WebServer] [22m  permissions: [],
[2m[WebServer] [22m  primaryDepartmentId: [32m'69275d8afc1184a3b3e6c55f'[39m,
[2m[WebServer] [22m  employeeNumber: [32m'EMP-1025'[39m
[2m[WebServer] [22m}
[2m[WebServer] [22mNormalized user roles: [ [32m'department head'[39m ]
[2m[WebServer] [22mNormalized required roles: [
[2m[WebServer] [22m  [32m'department employee'[39m,
[2m[WebServer] [22m  [32m'hr employee'[39m,
[2m[WebServer] [22m  [32m'department head'[39m,
[2m[WebServer] [22m  [32m'hr manager'[39m,
[2m[WebServer] [22m  [32m'hr admin'[39m,
[2m[WebServer] [22m  [32m'system admin'[39m
[2m[WebServer] [22m]
[2m[WebServer] [22mHas required role? [33mtrue[39m
[2m[WebServer] [22mΓ£ö ACCESS GRANTED Γ£ö
[2m[WebServer] [22m≡ƒöì [TrackingController] getMyBalances: {
[2m[WebServer] [22m  query: [Object: null prototype] {},
[2m[WebServer] [22m  userId: [32m'6929e2c0934d8e079e6f55b1'[39m
[2m[WebServer] [22m}
[2m[WebServer] [22m≡ƒöÑ JwtAuthGuard: canActivate CALLED
[2m[WebServer] [22m≡ƒöì JWT Extractor - All cookies: {
[2m[WebServer] [22m  accessToken: [32m'eyJhbGciOiJIUzI1NiIsInR5cCI6IkpXVCJ9.eyJzdWIiOiI2OTI5ZTJjMDkzNGQ4ZTA3OWU2ZjU1YjEiLCJ3b3JrRW1haWwiOiJlbmdtYW5hZ2VyLndvcmtAZXhhbXBsZS5jb20iLCJyb2xlcyI6WyJkZXBhcnRtZW50IGhlYWQiXSwicGVybWlzc2lvbnMiOltdLCJwcmltYXJ5RGVwYXJ0bWVudElkIjoiNjkyNzVkOGFmYzExODRhM2IzZTZjNTVmIiwiZW1wbG95ZWVOdW1iZXIiOiJFTVAtMTAyNSIsImlhdCI6MTc2NTk4MzA1MiwiZXhwIjoxNzY2MDY5NDUyfQ.Mb3WkqL10EKyHZlpOHCfI_W4NS3tTXns5mTz6D5_dkw'[39m
[2m[WebServer] [22m}
[2m[WebServer] [22m≡ƒöì JWT Extractor - Headers: accessToken=eyJhbGciOiJIUzI1NiIsInR5cCI6IkpXVCJ9.eyJzdWIiOiI2OTI5ZTJjMDkzNGQ4ZTA3OWU2ZjU1YjEiLCJ3b3JrRW1haWwiOiJlbmdtYW5hZ2VyLndvcmtAZXhhbXBsZS5jb20iLCJyb2xlcyI6WyJkZXBhcnRtZW50IGhlYWQiXSwicGVybWlzc2lvbnMiOltdLCJwcmltYXJ5RGVwYXJ0bWVudElkIjoiNjkyNzVkOGFmYzExODRhM2IzZTZjNTVmIiwiZW1wbG95ZWVOdW1iZXIiOiJFTVAtMTAyNSIsImlhdCI6MTc2NTk4MzA1MiwiZXhwIjoxNzY2MDY5NDUyfQ.Mb3WkqL10EKyHZlpOHCfI_W4NS3tTXns5mTz6D5_dkw
[2m[WebServer] [22m≡ƒöì JWT Extractor - accessToken: FOUND
[2m[WebServer] [22mJwtStrategy VALIDATE: {
[2m[WebServer] [22m  sub: [32m'6929e2c0934d8e079e6f55b1'[39m,
[2m[WebServer] [22m  workEmail: [32m'engmanager.work@example.com'[39m,
[2m[WebServer] [22m  roles: [ [32m'department head'[39m ],
[2m[WebServer] [22m  permissions: [],
[2m[WebServer] [22m  primaryDepartmentId: [32m'69275d8afc1184a3b3e6c55f'[39m,
[2m[WebServer] [22m  employeeNumber: [32m'EMP-1025'[39m,
[2m[WebServer] [22m  iat: [33m1765983052[39m,
[2m[WebServer] [22m  exp: [33m1766069452[39m
[2m[WebServer] [22m}
[2m[WebServer] [22m≡ƒöÑ JwtAuthGuard: handleRequest() {
[2m[WebServer] [22m  err: [1mnull[22m,
[2m[WebServer] [22m  user: {
[2m[WebServer] [22m    id: [32m'6929e2c0934d8e079e6f55b1'[39m,
[2m[WebServer] [22m    workEmail: [32m'engmanager.work@example.com'[39m,
[2m[WebServer] [22m    roles: [ [32m'department head'[39m ],
[2m[WebServer] [22m    permissions: [],
[2m[WebServer] [22m    primaryDepartmentId: [32m'69275d8afc1184a3b3e6c55f'[39m,
[2m[WebServer] [22m    employeeNumber: [32m'EMP-1025'[39m
[2m[WebServer] [22m  },
[2m[WebServer] [22m  info: [90mundefined[39m
[2m[WebServer] [22m}
[2m[WebServer] [22mΓ£à JwtAuthGuard SUCCESS ΓåÆ user authenticated: 6929e2c0934d8e079e6f55b1
[2m[WebServer] [22m≡ƒöÑ RolesGuard running!
[2m[WebServer] [22m
[2m[WebServer] [22m===== ROLE GUARD =====
[2m[WebServer] [22mRequired roles: [
[2m[WebServer] [22m  [32m'department employee'[39m,
[2m[WebServer] [22m  [32m'HR Employee'[39m,
[2m[WebServer] [22m  [32m'department head'[39m,
[2m[WebServer] [22m  [32m'HR Manager'[39m,
[2m[WebServer] [22m  [32m'HR Admin'[39m,
[2m[WebServer] [22m  [32m'System Admin'[39m
[2m[WebServer] [22m]
[2m[WebServer] [22mUser object: {
[2m[WebServer] [22m  id: [32m'6929e2c0934d8e079e6f55b1'[39m,
[2m[WebServer] [22m  workEmail: [32m'engmanager.work@example.com'[39m,
[2m[WebServer] [22m  roles: [ [32m'department head'[39m ],
[2m[WebServer] [22m  permissions: [],
[2m[WebServer] [22m  primaryDepartmentId: [32m'69275d8afc1184a3b3e6c55f'[39m,
[2m[WebServer] [22m  employeeNumber: [32m'EMP-1025'[39m
[2m[WebServer] [22m}
[2m[WebServer] [22mNormalized user roles: [ [32m'department head'[39m ]
[2m[WebServer] [22mNormalized required roles: [
[2m[WebServer] [22m  [32m'department employee'[39m,
[2m[WebServer] [22m  [32m'hr employee'[39m,
[2m[WebServer] [22m  [32m'department head'[39m,
[2m[WebServer] [22m  [32m'hr manager'[39m,
[2m[WebServer] [22m  [32m'hr admin'[39m,
[2m[WebServer] [22m  [32m'system admin'[39m
[2m[WebServer] [22m]
[2m[WebServer] [22mHas required role? [33mtrue[39m
[2m[WebServer] [22mΓ£ö ACCESS GRANTED Γ£ö
[2m[WebServer] [22m≡ƒöì [TrackingController] getMyHistory: {
[2m[WebServer] [22m  filters: [Object: null prototype] {},
[2m[WebServer] [22m  userId: [32m'6929e2c0934d8e079e6f55b1'[39m
[2m[WebServer] [22m}
Γ£à Login successful
≡ƒöä Testing: REQ-007 (Return request)
[2m[WebServer] [22m GET /leaves/team [32m200[39m in 42ms[2m (compile: 3ms, render: 39ms)[22m
[2m[WebServer] [22m≡ƒöÑ JwtAuthGuard: canActivate CALLED
[2m[WebServer] [22m≡ƒöì JWT Extractor - All cookies: {
[2m[WebServer] [22m  accessToken: [32m'eyJhbGciOiJIUzI1NiIsInR5cCI6IkpXVCJ9.eyJzdWIiOiI2OTI5ZTJjMDkzNGQ4ZTA3OWU2ZjU1YjEiLCJ3b3JrRW1haWwiOiJlbmdtYW5hZ2VyLndvcmtAZXhhbXBsZS5jb20iLCJyb2xlcyI6WyJkZXBhcnRtZW50IGhlYWQiXSwicGVybWlzc2lvbnMiOltdLCJwcmltYXJ5RGVwYXJ0bWVudElkIjoiNjkyNzVkOGFmYzExODRhM2IzZTZjNTVmIiwiZW1wbG95ZWVOdW1iZXIiOiJFTVAtMTAyNSIsImlhdCI6MTc2NTk4MzA1MiwiZXhwIjoxNzY2MDY5NDUyfQ.Mb3WkqL10EKyHZlpOHCfI_W4NS3tTXns5mTz6D5_dkw'[39m
[2m[WebServer] [22m}
[2m[WebServer] [22m≡ƒöì JWT Extractor - Headers: accessToken=eyJhbGciOiJIUzI1NiIsInR5cCI6IkpXVCJ9.eyJzdWIiOiI2OTI5ZTJjMDkzNGQ4ZTA3OWU2ZjU1YjEiLCJ3b3JrRW1haWwiOiJlbmdtYW5hZ2VyLndvcmtAZXhhbXBsZS5jb20iLCJyb2xlcyI6WyJkZXBhcnRtZW50IGhlYWQiXSwicGVybWlzc2lvbnMiOltdLCJwcmltYXJ5RGVwYXJ0bWVudElkIjoiNjkyNzVkOGFmYzExODRhM2IzZTZjNTVmIiwiZW1wbG95ZWVOdW1iZXIiOiJFTVAtMTAyNSIsImlhdCI6MTc2NTk4MzA1MiwiZXhwIjoxNzY2MDY5NDUyfQ.Mb3WkqL10EKyHZlpOHCfI_W4NS3tTXns5mTz6D5_dkw
[2m[WebServer] [22m≡ƒöì JWT Extractor - accessToken: FOUND
[2m[WebServer] [22mJwtStrategy VALIDATE: {
[2m[WebServer] [22m  sub: [32m'6929e2c0934d8e079e6f55b1'[39m,
[2m[WebServer] [22m  workEmail: [32m'engmanager.work@example.com'[39m,
[2m[WebServer] [22m  roles: [ [32m'department head'[39m ],
[2m[WebServer] [22m  permissions: [],
[2m[WebServer] [22m  primaryDepartmentId: [32m'69275d8afc1184a3b3e6c55f'[39m,
[2m[WebServer] [22m  employeeNumber: [32m'EMP-1025'[39m,
[2m[WebServer] [22m  iat: [33m1765983052[39m,
[2m[WebServer] [22m  exp: [33m1766069452[39m
[2m[WebServer] [22m}
[2m[WebServer] [22m≡ƒöÑ JwtAuthGuard: handleRequest() {
[2m[WebServer] [22m  err: [1mnull[22m,
[2m[WebServer] [22m  user: {
[2m[WebServer] [22m    id: [32m'6929e2c0934d8e079e6f55b1'[39m,
[2m[WebServer] [22m    workEmail: [32m'engmanager.work@example.com'[39m,
[2m[WebServer] [22m    roles: [ [32m'department head'[39m ],
[2m[WebServer] [22m    permissions: [],
[2m[WebServer] [22m    primaryDepartmentId: [32m'69275d8afc1184a3b3e6c55f'[39m,
[2m[WebServer] [22m    employeeNumber: [32m'EMP-1025'[39m
[2m[WebServer] [22m  },
[2m[WebServer] [22m  info: [90mundefined[39m
[2m[WebServer] [22m}
[2m[WebServer] [22mΓ£à JwtAuthGuard SUCCESS ΓåÆ user authenticated: 6929e2c0934d8e079e6f55b1
[2m[WebServer] [22m≡ƒöÑ JwtAuthGuard: canActivate CALLED
[2m[WebServer] [22m≡ƒöì JWT Extractor - All cookies: {
[2m[WebServer] [22m  accessToken: [32m'eyJhbGciOiJIUzI1NiIsInR5cCI6IkpXVCJ9.eyJzdWIiOiI2OTI5ZTJjMDkzNGQ4ZTA3OWU2ZjU1YjEiLCJ3b3JrRW1haWwiOiJlbmdtYW5hZ2VyLndvcmtAZXhhbXBsZS5jb20iLCJyb2xlcyI6WyJkZXBhcnRtZW50IGhlYWQiXSwicGVybWlzc2lvbnMiOltdLCJwcmltYXJ5RGVwYXJ0bWVudElkIjoiNjkyNzVkOGFmYzExODRhM2IzZTZjNTVmIiwiZW1wbG95ZWVOdW1iZXIiOiJFTVAtMTAyNSIsImlhdCI6MTc2NTk4MzA1MiwiZXhwIjoxNzY2MDY5NDUyfQ.Mb3WkqL10EKyHZlpOHCfI_W4NS3tTXns5mTz6D5_dkw'[39m
[2m[WebServer] [22m}
[2m[WebServer] [22m≡ƒöì JWT Extractor - Headers: accessToken=eyJhbGciOiJIUzI1NiIsInR5cCI6IkpXVCJ9.eyJzdWIiOiI2OTI5ZTJjMDkzNGQ4ZTA3OWU2ZjU1YjEiLCJ3b3JrRW1haWwiOiJlbmdtYW5hZ2VyLndvcmtAZXhhbXBsZS5jb20iLCJyb2xlcyI6WyJkZXBhcnRtZW50IGhlYWQiXSwicGVybWlzc2lvbnMiOltdLCJwcmltYXJ5RGVwYXJ0bWVudElkIjoiNjkyNzVkOGFmYzExODRhM2IzZTZjNTVmIiwiZW1wbG95ZWVOdW1iZXIiOiJFTVAtMTAyNSIsImlhdCI6MTc2NTk4MzA1MiwiZXhwIjoxNzY2MDY5NDUyfQ.Mb3WkqL10EKyHZlpOHCfI_W4NS3tTXns5mTz6D5_dkw
[2m[WebServer] [22m≡ƒöì JWT Extractor - accessToken: FOUND
[2m[WebServer] [22mJwtStrategy VALIDATE: {
[2m[WebServer] [22m  sub: [32m'6929e2c0934d8e079e6f55b1'[39m,
[2m[WebServer] [22m  workEmail: [32m'engmanager.work@example.com'[39m,
[2m[WebServer] [22m  roles: [ [32m'department head'[39m ],
[2m[WebServer] [22m  permissions: [],
[2m[WebServer] [22m  primaryDepartmentId: [32m'69275d8afc1184a3b3e6c55f'[39m,
[2m[WebServer] [22m  employeeNumber: [32m'EMP-1025'[39m,
[2m[WebServer] [22m  iat: [33m1765983052[39m,
[2m[WebServer] [22m  exp: [33m1766069452[39m
[2m[WebServer] [22m}
[2m[WebServer] [22m≡ƒöÑ JwtAuthGuard: handleRequest() {
[2m[WebServer] [22m  err: [1mnull[22m,
[2m[WebServer] [22m  user: {
[2m[WebServer] [22m    id: [32m'6929e2c0934d8e079e6f55b1'[39m,
[2m[WebServer] [22m    workEmail: [32m'engmanager.work@example.com'[39m,
[2m[WebServer] [22m    roles: [ [32m'department head'[39m ],
[2m[WebServer] [22m    permissions: [],
[2m[WebServer] [22m    primaryDepartmentId: [32m'69275d8afc1184a3b3e6c55f'[39m,
[2m[WebServer] [22m    employeeNumber: [32m'EMP-1025'[39m
[2m[WebServer] [22m  },
[2m[WebServer] [22m  info: [90mundefined[39m
[2m[WebServer] [22m}
[2m[WebServer] [22mΓ£à JwtAuthGuard SUCCESS ΓåÆ user authenticated: 6929e2c0934d8e079e6f55b1
[2m[WebServer] [22m≡ƒöÑ RolesGuard running!
[2m[WebServer] [22m
[2m[WebServer] [22m===== ROLE GUARD =====
[2m[WebServer] [22mRequired roles: [ [32m'department head'[39m, [32m'HR Manager'[39m ]
[2m[WebServer] [22mUser object: {
[2m[WebServer] [22m  id: [32m'6929e2c0934d8e079e6f55b1'[39m,
[2m[WebServer] [22m  workEmail: [32m'engmanager.work@example.com'[39m,
[2m[WebServer] [22m  roles: [ [32m'department head'[39m ],
[2m[WebServer] [22m  permissions: [],
[2m[WebServer] [22m  primaryDepartmentId: [32m'69275d8afc1184a3b3e6c55f'[39m,
[2m[WebServer] [22m  employeeNumber: [32m'EMP-1025'[39m
[2m[WebServer] [22m}
[2m[WebServer] [22mNormalized user roles: [ [32m'department head'[39m ]
[2m[WebServer] [22mNormalized required roles: [ [32m'department head'[39m, [32m'hr manager'[39m ]
[2m[WebServer] [22mHas required role? [33mtrue[39m
[2m[WebServer] [22mΓ£ö ACCESS GRANTED Γ£ö
[2m[WebServer] [22m≡ƒöì [RequestsController] getTeamRequests: { managerId: [90mundefined[39m }
[2m[WebServer] [22m≡ƒöÑ JwtAuthGuard: canActivate CALLED
[2m[WebServer] [22m≡ƒöì JWT Extractor - All cookies: {
[2m[WebServer] [22m  accessToken: [32m'eyJhbGciOiJIUzI1NiIsInR5cCI6IkpXVCJ9.eyJzdWIiOiI2OTI5ZTJjMDkzNGQ4ZTA3OWU2ZjU1YjEiLCJ3b3JrRW1haWwiOiJlbmdtYW5hZ2VyLndvcmtAZXhhbXBsZS5jb20iLCJyb2xlcyI6WyJkZXBhcnRtZW50IGhlYWQiXSwicGVybWlzc2lvbnMiOltdLCJwcmltYXJ5RGVwYXJ0bWVudElkIjoiNjkyNzVkOGFmYzExODRhM2IzZTZjNTVmIiwiZW1wbG95ZWVOdW1iZXIiOiJFTVAtMTAyNSIsImlhdCI6MTc2NTk4MzA1MiwiZXhwIjoxNzY2MDY5NDUyfQ.Mb3WkqL10EKyHZlpOHCfI_W4NS3tTXns5mTz6D5_dkw'[39m
[2m[WebServer] [22m}
[2m[WebServer] [22m≡ƒöì JWT Extractor - Headers: accessToken=eyJhbGciOiJIUzI1NiIsInR5cCI6IkpXVCJ9.eyJzdWIiOiI2OTI5ZTJjMDkzNGQ4ZTA3OWU2ZjU1YjEiLCJ3b3JrRW1haWwiOiJlbmdtYW5hZ2VyLndvcmtAZXhhbXBsZS5jb20iLCJyb2xlcyI6WyJkZXBhcnRtZW50IGhlYWQiXSwicGVybWlzc2lvbnMiOltdLCJwcmltYXJ5RGVwYXJ0bWVudElkIjoiNjkyNzVkOGFmYzExODRhM2IzZTZjNTVmIiwiZW1wbG95ZWVOdW1iZXIiOiJFTVAtMTAyNSIsImlhdCI6MTc2NTk4MzA1MiwiZXhwIjoxNzY2MDY5NDUyfQ.Mb3WkqL10EKyHZlpOHCfI_W4NS3tTXns5mTz6D5_dkw
[2m[WebServer] [22m≡ƒöì JWT Extractor - accessToken: FOUND
[2m[WebServer] [22mJwtStrategy VALIDATE: {
[2m[WebServer] [22m  sub: [32m'6929e2c0934d8e079e6f55b1'[39m,
[2m[WebServer] [22m  workEmail: [32m'engmanager.work@example.com'[39m,
[2m[WebServer] [22m  roles: [ [32m'department head'[39m ],
[2m[WebServer] [22m  permissions: [],
[2m[WebServer] [22m  primaryDepartmentId: [32m'69275d8afc1184a3b3e6c55f'[39m,
[2m[WebServer] [22m  employeeNumber: [32m'EMP-1025'[39m,
[2m[WebServer] [22m  iat: [33m1765983052[39m,
[2m[WebServer] [22m  exp: [33m1766069452[39m
[2m[WebServer] [22m}
[2m[WebServer] [22m≡ƒöÑ JwtAuthGuard: handleRequest() {
[2m[WebServer] [22m  err: [1mnull[22m,
[2m[WebServer] [22m  user: {
[2m[WebServer] [22m    id: [32m'6929e2c0934d8e079e6f55b1'[39m,
[2m[WebServer] [22m    workEmail: [32m'engmanager.work@example.com'[39m,
[2m[WebServer] [22m    roles: [ [32m'department head'[39m ],
[2m[WebServer] [22m    permissions: [],
[2m[WebServer] [22m    primaryDepartmentId: [32m'69275d8afc1184a3b3e6c55f'[39m,
[2m[WebServer] [22m    employeeNumber: [32m'EMP-1025'[39m
[2m[WebServer] [22m  },
[2m[WebServer] [22m  info: [90mundefined[39m
[2m[WebServer] [22m}
[2m[WebServer] [22mΓ£à JwtAuthGuard SUCCESS ΓåÆ user authenticated: 6929e2c0934d8e079e6f55b1
[2m[WebServer] [22m≡ƒöÑ RolesGuard running!
[2m[WebServer] [22m
[2m[WebServer] [22m===== ROLE GUARD =====
[2m[WebServer] [22mRequired roles: [ [32m'department head'[39m, [32m'HR Manager'[39m ]
[2m[WebServer] [22mUser object: {
[2m[WebServer] [22m  id: [32m'6929e2c0934d8e079e6f55b1'[39m,
[2m[WebServer] [22m  workEmail: [32m'engmanager.work@example.com'[39m,
[2m[WebServer] [22m  roles: [ [32m'department head'[39m ],
[2m[WebServer] [22m  permissions: [],
[2m[WebServer] [22m  primaryDepartmentId: [32m'69275d8afc1184a3b3e6c55f'[39m,
[2m[WebServer] [22m  employeeNumber: [32m'EMP-1025'[39m
[2m[WebServer] [22m}
[2m[WebServer] [22mNormalized user roles: [ [32m'department head'[39m ]
[2m[WebServer] [22mNormalized required roles: [ [32m'department head'[39m, [32m'hr manager'[39m ]
[2m[WebServer] [22mHas required role? [33mtrue[39m
[2m[WebServer] [22mΓ£ö ACCESS GRANTED Γ£ö
[2m[WebServer] [22m≡ƒöì [TrackingController] getTeamBalances: {
[2m[WebServer] [22m  filters: [Object: null prototype] {},
[2m[WebServer] [22m  managerId: [32m'6929e2c0934d8e079e6f55b1'[39m
[2m[WebServer] [22m}
[2m[WebServer] [22mDepartment ID from logged in user: 69275d8afc1184a3b3e6c55f
Γ£à Return flow accessible - REQ-007 validated
  Γ£ô  24 [chromium] ΓÇ║ leave-tests.spec.ts:411:7 ΓÇ║ ≡ƒæ¿ΓÇì≡ƒÆ╝ MANAGER (EMP-1025 - Engineering) - Approval & Team Management ΓÇ║ Γ£à J4: Return for correction (REQ-007) (9.3s)
≡ƒöÉ Logging in as: engmanager.work@example.com
[2m[WebServer] [22m GET /login [32m200[39m in 33ms[2m (compile: 2ms, render: 31ms)[22m
[2m[WebServer] [22m≡ƒöÑ JwtAuthGuard: canActivate CALLED
[2m[WebServer] [22m≡ƒöì JWT Extractor - All cookies: [Object: null prototype] {}
[2m[WebServer] [22m≡ƒöì JWT Extractor - Headers: [90mundefined[39m
[2m[WebServer] [22m≡ƒöì JWT Extractor - accessToken: NOT FOUND
[2m[WebServer] [22m≡ƒöÑ JwtAuthGuard: handleRequest() {
[2m[WebServer] [22m  err: [1mnull[22m,
[2m[WebServer] [22m  user: [33mfalse[39m,
[2m[WebServer] [22m  info: Error: No auth token
[2m[WebServer] [22m      at JwtStrategy.authenticate [90m(C:\Users\Bedon\Desktop\semester-5-software-project\backend\[39mnode_modules\[4mpassport-jwt[24m\lib\strategy.js:96:26[90m)[39m
[2m[WebServer] [22m      at attempt [90m(C:\Users\Bedon\Desktop\semester-5-software-project\backend\[39mnode_modules\[4mpassport[24m\lib\middleware\authenticate.js:378:16[90m)[39m
[2m[WebServer] [22m      at authenticate [90m(C:\Users\Bedon\Desktop\semester-5-software-project\backend\[39mnode_modules\[4mpassport[24m\lib\middleware\authenticate.js:379:7[90m)[39m
[2m[WebServer] [22m      at [90mC:\Users\Bedon\Desktop\semester-5-software-project\backend\[39mnode_modules\[4m@nestjs[24m\passport\dist\auth.guard.js:88:3
[2m[WebServer] [22m      at new Promise (<anonymous>)
[2m[WebServer] [22m      at [90mC:\Users\Bedon\Desktop\semester-5-software-project\backend\[39mnode_modules\[4m@nestjs[24m\passport\dist\auth.guard.js:80:83
[2m[WebServer] [22m      at JwtAuthGuard.canActivate [90m(C:\Users\Bedon\Desktop\semester-5-software-project\backend\[39mnode_modules\[4m@nestjs[24m\passport\dist\auth.guard.js:44:32[90m)[39m
[2m[WebServer] [22m  [90m    at process.processTicksAndRejections (node:internal/process/task_queues:105:5)[39m
[2m[WebServer] [22m}
[2m[WebServer] [22mΓ¥î JwtAuthGuard INFO: Error: No auth token
[2m[WebServer] [22m    at JwtStrategy.authenticate 
[90m(C:\Users\Bedon\Desktop\semester-5-software-project\backend\[39mnode_modules\[4mpassport-jwt[24m\lib\strategy.js:96:26[90m)[39m
[2m[WebServer] [22m    at attempt [90m(C:\Users\Bedon\Desktop\semester-5-software-project\backend\[39mnode_modules\[4mpassport[24m\lib\mi
ddleware\authenticate.js:378:16[90m)[39m
[2m[WebServer] [22m    at authenticate [90m(C:\Users\Bedon\Desktop\semester-5-software-project\backend\[39mnode_modules\[4mpassport[24m\l
ib\middleware\authenticate.js:379:7[90m)[39m
[2m[WebServer] [22m    at 
[90mC:\Users\Bedon\Desktop\semester-5-software-project\backend\[39mnode_modules\[4m@nestjs[24m\passport\dist\auth.guard.js:88:3
[2m[WebServer] [22m    at new Promise (<anonymous>)
[2m[WebServer] [22m    at 
[90mC:\Users\Bedon\Desktop\semester-5-software-project\backend\[39mnode_modules\[4m@nestjs[24m\passport\dist\auth.guard.js:80:83
[2m[WebServer] [22m    at JwtAuthGuard.canActivate [90m(C:\Users\Bedon\Desktop\semester-5-software-project\backend\[39mnode_modules\[4m@ne
stjs[24m\passport\dist\auth.guard.js:44:32[90m)[39m
[2m[WebServer] [22m[90m    at process.processTicksAndRejections (node:internal/process/task_queues:105:5)[39m
[2m[WebServer] [22mΓ¥î JwtAuthGuard FAILING ΓåÆ No auth token
[2m[WebServer] [22mVALIDATE EMPLOYEE - systemRole = {
[2m[WebServer] [22m  _id: new ObjectId([32m'6929e2c0934d8e079e6f55b3'[39m),
[2m[WebServer] [22m  employeeProfileId: new ObjectId([32m'6929e2c0934d8e079e6f55b1'[39m),
[2m[WebServer] [22m  roles: [ [32m'department head'[39m ],
[2m[WebServer] [22m  permissions: [],
[2m[WebServer] [22m  isActive: [33mtrue[39m,
[2m[WebServer] [22m  createdAt: [35m2025-11-28T17:58:24.325Z[39m,
[2m[WebServer] [22m  updatedAt: [35m2025-11-28T17:58:24.325Z[39m,
[2m[WebServer] [22m  __v: [33m0[39m
[2m[WebServer] [22m}
[2m[WebServer] [22mGenerated token: eyJhbGciOiJIUzI1NiIsInR5cCI6IkpXVCJ9.eyJzdWIiOiI2OTI5ZTJjMDkzNGQ4ZTA3OWU2ZjU1YjEiLCJ3b3JrRW1haWwiOiJlbmdtYW5hZ2VyLndvcmtAZXhhbXBsZS5jb20iLCJyb2xlcyI6WyJkZXBhcnRtZW50IGhlYWQiXSwicGVybWlzc2lvbnMiOltdLCJwcmltYXJ5RGVwYXJ0bWVudElkIjoiNjkyNzVkOGFmYzExODRhM2IzZTZjNTVmIiwiZW1wbG95ZWVOdW1iZXIiOiJFTVAtMTAyNSIsImlhdCI6MTc2NTk4MzA2MSwiZXhwIjoxNzY2MDY5NDYxfQ.qqYrsMhCRgC0dqvRqFb2gJvTPJSR6HH0VihYsBqzqu4
[2m[WebServer] [22m GET /leaves [32m200[39m in 22ms[2m (compile: 3ms, render: 19ms)[22m
[2m[WebServer] [22m≡ƒöÑ JwtAuthGuard: canActivate CALLED
[2m[WebServer] [22m≡ƒöì JWT Extractor - All cookies: {
[2m[WebServer] [22m  accessToken: [32m'eyJhbGciOiJIUzI1NiIsInR5cCI6IkpXVCJ9.eyJzdWIiOiI2OTI5ZTJjMDkzNGQ4ZTA3OWU2ZjU1YjEiLCJ3b3JrRW1haWwiOiJlbmdtYW5hZ2VyLndvcmtAZXhhbXBsZS5jb20iLCJyb2xlcyI6WyJkZXBhcnRtZW50IGhlYWQiXSwicGVybWlzc2lvbnMiOltdLCJwcmltYXJ5RGVwYXJ0bWVudElkIjoiNjkyNzVkOGFmYzExODRhM2IzZTZjNTVmIiwiZW1wbG95ZWVOdW1iZXIiOiJFTVAtMTAyNSIsImlhdCI6MTc2NTk4MzA2MSwiZXhwIjoxNzY2MDY5NDYxfQ.qqYrsMhCRgC0dqvRqFb2gJvTPJSR6HH0VihYsBqzqu4'[39m
[2m[WebServer] [22m}
[2m[WebServer] [22m≡ƒöì JWT Extractor - Headers: accessToken=eyJhbGciOiJIUzI1NiIsInR5cCI6IkpXVCJ9.eyJzdWIiOiI2OTI5ZTJjMDkzNGQ4ZTA3OWU2ZjU1YjEiLCJ3b3JrRW1haWwiOiJlbmdtYW5hZ2VyLndvcmtAZXhhbXBsZS5jb20iLCJyb2xlcyI6WyJkZXBhcnRtZW50IGhlYWQiXSwicGVybWlzc2lvbnMiOltdLCJwcmltYXJ5RGVwYXJ0bWVudElkIjoiNjkyNzVkOGFmYzExODRhM2IzZTZjNTVmIiwiZW1wbG95ZWVOdW1iZXIiOiJFTVAtMTAyNSIsImlhdCI6MTc2NTk4MzA2MSwiZXhwIjoxNzY2MDY5NDYxfQ.qqYrsMhCRgC0dqvRqFb2gJvTPJSR6HH0VihYsBqzqu4
[2m[WebServer] [22m≡ƒöì JWT Extractor - accessToken: FOUND
[2m[WebServer] [22mJwtStrategy VALIDATE: {
[2m[WebServer] [22m  sub: [32m'6929e2c0934d8e079e6f55b1'[39m,
[2m[WebServer] [22m  workEmail: [32m'engmanager.work@example.com'[39m,
[2m[WebServer] [22m  roles: [ [32m'department head'[39m ],
[2m[WebServer] [22m  permissions: [],
[2m[WebServer] [22m  primaryDepartmentId: [32m'69275d8afc1184a3b3e6c55f'[39m,
[2m[WebServer] [22m  employeeNumber: [32m'EMP-1025'[39m,
[2m[WebServer] [22m  iat: [33m1765983061[39m,
[2m[WebServer] [22m  exp: [33m1766069461[39m
[2m[WebServer] [22m}
[2m[WebServer] [22m≡ƒöÑ JwtAuthGuard: handleRequest() {
[2m[WebServer] [22m  err: [1mnull[22m,
[2m[WebServer] [22m  user: {
[2m[WebServer] [22m    id: [32m'6929e2c0934d8e079e6f55b1'[39m,
[2m[WebServer] [22m    workEmail: [32m'engmanager.work@example.com'[39m,
[2m[WebServer] [22m    roles: [ [32m'department head'[39m ],
[2m[WebServer] [22m    permissions: [],
[2m[WebServer] [22m    primaryDepartmentId: [32m'69275d8afc1184a3b3e6c55f'[39m,
[2m[WebServer] [22m    employeeNumber: [32m'EMP-1025'[39m
[2m[WebServer] [22m  },
[2m[WebServer] [22m  info: [90mundefined[39m
[2m[WebServer] [22m}
[2m[WebServer] [22mΓ£à JwtAuthGuard SUCCESS ΓåÆ user authenticated: 6929e2c0934d8e079e6f55b1
[2m[WebServer] [22m≡ƒöÑ RolesGuard running!
[2m[WebServer] [22m
[2m[WebServer] [22m===== ROLE GUARD =====
[2m[WebServer] [22mRequired roles: [
[2m[WebServer] [22m  [32m'department employee'[39m,
[2m[WebServer] [22m  [32m'HR Employee'[39m,
[2m[WebServer] [22m  [32m'department head'[39m,
[2m[WebServer] [22m  [32m'HR Manager'[39m,
[2m[WebServer] [22m  [32m'HR Admin'[39m,
[2m[WebServer] [22m  [32m'System Admin'[39m
[2m[WebServer] [22m]
[2m[WebServer] [22mUser object: {
[2m[WebServer] [22m  id: [32m'6929e2c0934d8e079e6f55b1'[39m,
[2m[WebServer] [22m  workEmail: [32m'engmanager.work@example.com'[39m,
[2m[WebServer] [22m  roles: [ [32m'department head'[39m ],
[2m[WebServer] [22m  permissions: [],
[2m[WebServer] [22m  primaryDepartmentId: [32m'69275d8afc1184a3b3e6c55f'[39m,
[2m[WebServer] [22m  employeeNumber: [32m'EMP-1025'[39m
[2m[WebServer] [22m}
[2m[WebServer] [22mNormalized user roles: [ [32m'department head'[39m ]
[2m[WebServer] [22mNormalized required roles: [
[2m[WebServer] [22m  [32m'department employee'[39m,
[2m[WebServer] [22m  [32m'hr employee'[39m,
[2m[WebServer] [22m  [32m'department head'[39m,
[2m[WebServer] [22m  [32m'hr manager'[39m,
[2m[WebServer] [22m  [32m'hr admin'[39m,
[2m[WebServer] [22m  [32m'system admin'[39m
[2m[WebServer] [22m]
[2m[WebServer] [22mHas required role? [33mtrue[39m
[2m[WebServer] [22mΓ£ö ACCESS GRANTED Γ£ö
[2m[WebServer] [22m≡ƒöì [TrackingController] getMyBalances: {
[2m[WebServer] [22m  query: [Object: null prototype] {},
[2m[WebServer] [22m  userId: [32m'6929e2c0934d8e079e6f55b1'[39m
[2m[WebServer] [22m}
[2m[WebServer] [22m≡ƒöÑ JwtAuthGuard: canActivate CALLED
[2m[WebServer] [22m≡ƒöì JWT Extractor - All cookies: {
[2m[WebServer] [22m  accessToken: [32m'eyJhbGciOiJIUzI1NiIsInR5cCI6IkpXVCJ9.eyJzdWIiOiI2OTI5ZTJjMDkzNGQ4ZTA3OWU2ZjU1YjEiLCJ3b3JrRW1haWwiOiJlbmdtYW5hZ2VyLndvcmtAZXhhbXBsZS5jb20iLCJyb2xlcyI6WyJkZXBhcnRtZW50IGhlYWQiXSwicGVybWlzc2lvbnMiOltdLCJwcmltYXJ5RGVwYXJ0bWVudElkIjoiNjkyNzVkOGFmYzExODRhM2IzZTZjNTVmIiwiZW1wbG95ZWVOdW1iZXIiOiJFTVAtMTAyNSIsImlhdCI6MTc2NTk4MzA2MSwiZXhwIjoxNzY2MDY5NDYxfQ.qqYrsMhCRgC0dqvRqFb2gJvTPJSR6HH0VihYsBqzqu4'[39m
[2m[WebServer] [22m}
[2m[WebServer] [22m≡ƒöì JWT Extractor - Headers: accessToken=eyJhbGciOiJIUzI1NiIsInR5cCI6IkpXVCJ9.eyJzdWIiOiI2OTI5ZTJjMDkzNGQ4ZTA3OWU2ZjU1YjEiLCJ3b3JrRW1haWwiOiJlbmdtYW5hZ2VyLndvcmtAZXhhbXBsZS5jb20iLCJyb2xlcyI6WyJkZXBhcnRtZW50IGhlYWQiXSwicGVybWlzc2lvbnMiOltdLCJwcmltYXJ5RGVwYXJ0bWVudElkIjoiNjkyNzVkOGFmYzExODRhM2IzZTZjNTVmIiwiZW1wbG95ZWVOdW1iZXIiOiJFTVAtMTAyNSIsImlhdCI6MTc2NTk4MzA2MSwiZXhwIjoxNzY2MDY5NDYxfQ.qqYrsMhCRgC0dqvRqFb2gJvTPJSR6HH0VihYsBqzqu4
[2m[WebServer] [22m≡ƒöì JWT Extractor - accessToken: FOUND
[2m[WebServer] [22mJwtStrategy VALIDATE: {
[2m[WebServer] [22m  sub: [32m'6929e2c0934d8e079e6f55b1'[39m,
[2m[WebServer] [22m  workEmail: [32m'engmanager.work@example.com'[39m,
[2m[WebServer] [22m  roles: [ [32m'department head'[39m ],
[2m[WebServer] [22m  permissions: [],
[2m[WebServer] [22m  primaryDepartmentId: [32m'69275d8afc1184a3b3e6c55f'[39m,
[2m[WebServer] [22m  employeeNumber: [32m'EMP-1025'[39m,
[2m[WebServer] [22m  iat: [33m1765983061[39m,
[2m[WebServer] [22m  exp: [33m1766069461[39m
[2m[WebServer] [22m}
[2m[WebServer] [22m≡ƒöÑ JwtAuthGuard: handleRequest() {
[2m[WebServer] [22m  err: [1mnull[22m,
[2m[WebServer] [22m  user: {
[2m[WebServer] [22m    id: [32m'6929e2c0934d8e079e6f55b1'[39m,
[2m[WebServer] [22m    workEmail: [32m'engmanager.work@example.com'[39m,
[2m[WebServer] [22m    roles: [ [32m'department head'[39m ],
[2m[WebServer] [22m    permissions: [],
[2m[WebServer] [22m    primaryDepartmentId: [32m'69275d8afc1184a3b3e6c55f'[39m,
[2m[WebServer] [22m    employeeNumber: [32m'EMP-1025'[39m
[2m[WebServer] [22m  },
[2m[WebServer] [22m  info: [90mundefined[39m
[2m[WebServer] [22m}
[2m[WebServer] [22mΓ£à JwtAuthGuard SUCCESS ΓåÆ user authenticated: 6929e2c0934d8e079e6f55b1
[2m[WebServer] [22m≡ƒöÑ RolesGuard running!
[2m[WebServer] [22m
[2m[WebServer] [22m===== ROLE GUARD =====
[2m[WebServer] [22mRequired roles: [
[2m[WebServer] [22m  [32m'department employee'[39m,
[2m[WebServer] [22m  [32m'HR Employee'[39m,
[2m[WebServer] [22m  [32m'department head'[39m,
[2m[WebServer] [22m  [32m'HR Manager'[39m,
[2m[WebServer] [22m  [32m'HR Admin'[39m,
[2m[WebServer] [22m  [32m'System Admin'[39m
[2m[WebServer] [22m]
[2m[WebServer] [22mUser object: {
[2m[WebServer] [22m  id: [32m'6929e2c0934d8e079e6f55b1'[39m,
[2m[WebServer] [22m  workEmail: [32m'engmanager.work@example.com'[39m,
[2m[WebServer] [22m  roles: [ [32m'department head'[39m ],
[2m[WebServer] [22m  permissions: [],
[2m[WebServer] [22m  primaryDepartmentId: [32m'69275d8afc1184a3b3e6c55f'[39m,
[2m[WebServer] [22m  employeeNumber: [32m'EMP-1025'[39m
[2m[WebServer] [22m}
[2m[WebServer] [22mNormalized user roles: [ [32m'department head'[39m ]
[2m[WebServer] [22mNormalized required roles: [
[2m[WebServer] [22m  [32m'department employee'[39m,
[2m[WebServer] [22m  [32m'hr employee'[39m,
[2m[WebServer] [22m  [32m'department head'[39m,
[2m[WebServer] [22m  [32m'hr manager'[39m,
[2m[WebServer] [22m  [32m'hr admin'[39m,
[2m[WebServer] [22m  [32m'system admin'[39m
[2m[WebServer] [22m]
[2m[WebServer] [22mHas required role? [33mtrue[39m
[2m[WebServer] [22mΓ£ö ACCESS GRANTED Γ£ö
[2m[WebServer] [22m≡ƒöì [TrackingController] getMyHistory: {
[2m[WebServer] [22m  filters: [Object: null prototype] {},
[2m[WebServer] [22m  userId: [32m'6929e2c0934d8e079e6f55b1'[39m
[2m[WebServer] [22m}
Γ£à Login successful
≡ƒÆ¼ Testing: REQ-006 (Approval comments)
[2m[WebServer] [22m GET /leaves/team [32m200[39m in 40ms[2m (compile: 3ms, render: 37ms)[22m
[2m[WebServer] [22m≡ƒöÑ JwtAuthGuard: canActivate CALLED
[2m[WebServer] [22m≡ƒöì JWT Extractor - All cookies: {
[2m[WebServer] [22m  accessToken: [32m'eyJhbGciOiJIUzI1NiIsInR5cCI6IkpXVCJ9.eyJzdWIiOiI2OTI5ZTJjMDkzNGQ4ZTA3OWU2ZjU1YjEiLCJ3b3JrRW1haWwiOiJlbmdtYW5hZ2VyLndvcmtAZXhhbXBsZS5jb20iLCJyb2xlcyI6WyJkZXBhcnRtZW50IGhlYWQiXSwicGVybWlzc2lvbnMiOltdLCJwcmltYXJ5RGVwYXJ0bWVudElkIjoiNjkyNzVkOGFmYzExODRhM2IzZTZjNTVmIiwiZW1wbG95ZWVOdW1iZXIiOiJFTVAtMTAyNSIsImlhdCI6MTc2NTk4MzA2MSwiZXhwIjoxNzY2MDY5NDYxfQ.qqYrsMhCRgC0dqvRqFb2gJvTPJSR6HH0VihYsBqzqu4'[39m
[2m[WebServer] [22m}
[2m[WebServer] [22m≡ƒöì JWT Extractor - Headers: accessToken=eyJhbGciOiJIUzI1NiIsInR5cCI6IkpXVCJ9.eyJzdWIiOiI2OTI5ZTJjMDkzNGQ4ZTA3OWU2ZjU1YjEiLCJ3b3JrRW1haWwiOiJlbmdtYW5hZ2VyLndvcmtAZXhhbXBsZS5jb20iLCJyb2xlcyI6WyJkZXBhcnRtZW50IGhlYWQiXSwicGVybWlzc2lvbnMiOltdLCJwcmltYXJ5RGVwYXJ0bWVudElkIjoiNjkyNzVkOGFmYzExODRhM2IzZTZjNTVmIiwiZW1wbG95ZWVOdW1iZXIiOiJFTVAtMTAyNSIsImlhdCI6MTc2NTk4MzA2MSwiZXhwIjoxNzY2MDY5NDYxfQ.qqYrsMhCRgC0dqvRqFb2gJvTPJSR6HH0VihYsBqzqu4
[2m[WebServer] [22m≡ƒöì JWT Extractor - accessToken: FOUND
[2m[WebServer] [22mJwtStrategy VALIDATE: {
[2m[WebServer] [22m  sub: [32m'6929e2c0934d8e079e6f55b1'[39m,
[2m[WebServer] [22m  workEmail: [32m'engmanager.work@example.com'[39m,
[2m[WebServer] [22m  roles: [ [32m'department head'[39m ],
[2m[WebServer] [22m  permissions: [],
[2m[WebServer] [22m  primaryDepartmentId: [32m'69275d8afc1184a3b3e6c55f'[39m,
[2m[WebServer] [22m  employeeNumber: [32m'EMP-1025'[39m,
[2m[WebServer] [22m  iat: [33m1765983061[39m,
[2m[WebServer] [22m  exp: [33m1766069461[39m
[2m[WebServer] [22m}
[2m[WebServer] [22m≡ƒöÑ JwtAuthGuard: handleRequest() {
[2m[WebServer] [22m  err: [1mnull[22m,
[2m[WebServer] [22m  user: {
[2m[WebServer] [22m    id: [32m'6929e2c0934d8e079e6f55b1'[39m,
[2m[WebServer] [22m    workEmail: [32m'engmanager.work@example.com'[39m,
[2m[WebServer] [22m    roles: [ [32m'department head'[39m ],
[2m[WebServer] [22m    permissions: [],
[2m[WebServer] [22m    primaryDepartmentId: [32m'69275d8afc1184a3b3e6c55f'[39m,
[2m[WebServer] [22m    employeeNumber: [32m'EMP-1025'[39m
[2m[WebServer] [22m  },
[2m[WebServer] [22m  info: [90mundefined[39m
[2m[WebServer] [22m}
[2m[WebServer] [22mΓ£à JwtAuthGuard SUCCESS ΓåÆ user authenticated: 6929e2c0934d8e079e6f55b1
[2m[WebServer] [22m≡ƒöÑ JwtAuthGuard: canActivate CALLED
[2m[WebServer] [22m≡ƒöì JWT Extractor - All cookies: {
[2m[WebServer] [22m  accessToken: [32m'eyJhbGciOiJIUzI1NiIsInR5cCI6IkpXVCJ9.eyJzdWIiOiI2OTI5ZTJjMDkzNGQ4ZTA3OWU2ZjU1YjEiLCJ3b3JrRW1haWwiOiJlbmdtYW5hZ2VyLndvcmtAZXhhbXBsZS5jb20iLCJyb2xlcyI6WyJkZXBhcnRtZW50IGhlYWQiXSwicGVybWlzc2lvbnMiOltdLCJwcmltYXJ5RGVwYXJ0bWVudElkIjoiNjkyNzVkOGFmYzExODRhM2IzZTZjNTVmIiwiZW1wbG95ZWVOdW1iZXIiOiJFTVAtMTAyNSIsImlhdCI6MTc2NTk4MzA2MSwiZXhwIjoxNzY2MDY5NDYxfQ.qqYrsMhCRgC0dqvRqFb2gJvTPJSR6HH0VihYsBqzqu4'[39m
[2m[WebServer] [22m}
[2m[WebServer] [22m≡ƒöì JWT Extractor - Headers: accessToken=eyJhbGciOiJIUzI1NiIsInR5cCI6IkpXVCJ9.eyJzdWIiOiI2OTI5ZTJjMDkzNGQ4ZTA3OWU2ZjU1YjEiLCJ3b3JrRW1haWwiOiJlbmdtYW5hZ2VyLndvcmtAZXhhbXBsZS5jb20iLCJyb2xlcyI6WyJkZXBhcnRtZW50IGhlYWQiXSwicGVybWlzc2lvbnMiOltdLCJwcmltYXJ5RGVwYXJ0bWVudElkIjoiNjkyNzVkOGFmYzExODRhM2IzZTZjNTVmIiwiZW1wbG95ZWVOdW1iZXIiOiJFTVAtMTAyNSIsImlhdCI6MTc2NTk4MzA2MSwiZXhwIjoxNzY2MDY5NDYxfQ.qqYrsMhCRgC0dqvRqFb2gJvTPJSR6HH0VihYsBqzqu4
[2m[WebServer] [22m≡ƒöì JWT Extractor - accessToken: FOUND
[2m[WebServer] [22mJwtStrategy VALIDATE: {
[2m[WebServer] [22m  sub: [32m'6929e2c0934d8e079e6f55b1'[39m,
[2m[WebServer] [22m  workEmail: [32m'engmanager.work@example.com'[39m,
[2m[WebServer] [22m  roles: [ [32m'department head'[39m ],
[2m[WebServer] [22m  permissions: [],
[2m[WebServer] [22m  primaryDepartmentId: [32m'69275d8afc1184a3b3e6c55f'[39m,
[2m[WebServer] [22m  employeeNumber: [32m'EMP-1025'[39m,
[2m[WebServer] [22m  iat: [33m1765983061[39m,
[2m[WebServer] [22m  exp: [33m1766069461[39m
[2m[WebServer] [22m}
[2m[WebServer] [22m≡ƒöÑ JwtAuthGuard: handleRequest() {
[2m[WebServer] [22m  err: [1mnull[22m,
[2m[WebServer] [22m  user: {
[2m[WebServer] [22m    id: [32m'6929e2c0934d8e079e6f55b1'[39m,
[2m[WebServer] [22m    workEmail: [32m'engmanager.work@example.com'[39m,
[2m[WebServer] [22m    roles: [ [32m'department head'[39m ],
[2m[WebServer] [22m    permissions: [],
[2m[WebServer] [22m    primaryDepartmentId: [32m'69275d8afc1184a3b3e6c55f'[39m,
[2m[WebServer] [22m    employeeNumber: [32m'EMP-1025'[39m
[2m[WebServer] [22m  },
[2m[WebServer] [22m  info: [90mundefined[39m
[2m[WebServer] [22m}
[2m[WebServer] [22mΓ£à JwtAuthGuard SUCCESS ΓåÆ user authenticated: 6929e2c0934d8e079e6f55b1
[2m[WebServer] [22m≡ƒöÑ RolesGuard running!
[2m[WebServer] [22m
[2m[WebServer] [22m===== ROLE GUARD =====
[2m[WebServer] [22mRequired roles: [ [32m'department head'[39m, [32m'HR Manager'[39m ]
[2m[WebServer] [22mUser object: {
[2m[WebServer] [22m  id: [32m'6929e2c0934d8e079e6f55b1'[39m,
[2m[WebServer] [22m  workEmail: [32m'engmanager.work@example.com'[39m,
[2m[WebServer] [22m  roles: [ [32m'department head'[39m ],
[2m[WebServer] [22m  permissions: [],
[2m[WebServer] [22m  primaryDepartmentId: [32m'69275d8afc1184a3b3e6c55f'[39m,
[2m[WebServer] [22m  employeeNumber: [32m'EMP-1025'[39m
[2m[WebServer] [22m}
[2m[WebServer] [22mNormalized user roles: [ [32m'department head'[39m ]
[2m[WebServer] [22mNormalized required roles: [ [32m'department head'[39m, [32m'hr manager'[39m ]
[2m[WebServer] [22mHas required role? [33mtrue[39m
[2m[WebServer] [22mΓ£ö ACCESS GRANTED Γ£ö
[2m[WebServer] [22m≡ƒöì [RequestsController] getTeamRequests: { managerId: [90mundefined[39m }
[2m[WebServer] [22m≡ƒöÑ JwtAuthGuard: canActivate CALLED
[2m[WebServer] [22m≡ƒöì JWT Extractor - All cookies: {
[2m[WebServer] [22m  accessToken: [32m'eyJhbGciOiJIUzI1NiIsInR5cCI6IkpXVCJ9.eyJzdWIiOiI2OTI5ZTJjMDkzNGQ4ZTA3OWU2ZjU1YjEiLCJ3b3JrRW1haWwiOiJlbmdtYW5hZ2VyLndvcmtAZXhhbXBsZS5jb20iLCJyb2xlcyI6WyJkZXBhcnRtZW50IGhlYWQiXSwicGVybWlzc2lvbnMiOltdLCJwcmltYXJ5RGVwYXJ0bWVudElkIjoiNjkyNzVkOGFmYzExODRhM2IzZTZjNTVmIiwiZW1wbG95ZWVOdW1iZXIiOiJFTVAtMTAyNSIsImlhdCI6MTc2NTk4MzA2MSwiZXhwIjoxNzY2MDY5NDYxfQ.qqYrsMhCRgC0dqvRqFb2gJvTPJSR6HH0VihYsBqzqu4'[39m
[2m[WebServer] [22m}
[2m[WebServer] [22m≡ƒöì JWT Extractor - Headers: accessToken=eyJhbGciOiJIUzI1NiIsInR5cCI6IkpXVCJ9.eyJzdWIiOiI2OTI5ZTJjMDkzNGQ4ZTA3OWU2ZjU1YjEiLCJ3b3JrRW1haWwiOiJlbmdtYW5hZ2VyLndvcmtAZXhhbXBsZS5jb20iLCJyb2xlcyI6WyJkZXBhcnRtZW50IGhlYWQiXSwicGVybWlzc2lvbnMiOltdLCJwcmltYXJ5RGVwYXJ0bWVudElkIjoiNjkyNzVkOGFmYzExODRhM2IzZTZjNTVmIiwiZW1wbG95ZWVOdW1iZXIiOiJFTVAtMTAyNSIsImlhdCI6MTc2NTk4MzA2MSwiZXhwIjoxNzY2MDY5NDYxfQ.qqYrsMhCRgC0dqvRqFb2gJvTPJSR6HH0VihYsBqzqu4
[2m[WebServer] [22m≡ƒöì JWT Extractor - accessToken: FOUND
[2m[WebServer] [22mJwtStrategy VALIDATE: {
[2m[WebServer] [22m  sub: [32m'6929e2c0934d8e079e6f55b1'[39m,
[2m[WebServer] [22m  workEmail: [32m'engmanager.work@example.com'[39m,
[2m[WebServer] [22m  roles: [ [32m'department head'[39m ],
[2m[WebServer] [22m  permissions: [],
[2m[WebServer] [22m  primaryDepartmentId: [32m'69275d8afc1184a3b3e6c55f'[39m,
[2m[WebServer] [22m  employeeNumber: [32m'EMP-1025'[39m,
[2m[WebServer] [22m  iat: [33m1765983061[39m,
[2m[WebServer] [22m  exp: [33m1766069461[39m
[2m[WebServer] [22m}
[2m[WebServer] [22m≡ƒöÑ JwtAuthGuard: handleRequest() {
[2m[WebServer] [22m  err: [1mnull[22m,
[2m[WebServer] [22m  user: {
[2m[WebServer] [22m    id: [32m'6929e2c0934d8e079e6f55b1'[39m,
[2m[WebServer] [22m    workEmail: [32m'engmanager.work@example.com'[39m,
[2m[WebServer] [22m    roles: [ [32m'department head'[39m ],
[2m[WebServer] [22m    permissions: [],
[2m[WebServer] [22m    primaryDepartmentId: [32m'69275d8afc1184a3b3e6c55f'[39m,
[2m[WebServer] [22m    employeeNumber: [32m'EMP-1025'[39m
[2m[WebServer] [22m  },
[2m[WebServer] [22m  info: [90mundefined[39m
[2m[WebServer] [22m}
[2m[WebServer] [22mΓ£à JwtAuthGuard SUCCESS ΓåÆ user authenticated: 6929e2c0934d8e079e6f55b1
[2m[WebServer] [22m≡ƒöÑ RolesGuard running!
[2m[WebServer] [22m
[2m[WebServer] [22m===== ROLE GUARD =====
[2m[WebServer] [22mRequired roles: [ [32m'department head'[39m, [32m'HR Manager'[39m ]
[2m[WebServer] [22mUser object: {
[2m[WebServer] [22m  id: [32m'6929e2c0934d8e079e6f55b1'[39m,
[2m[WebServer] [22m  workEmail: [32m'engmanager.work@example.com'[39m,
[2m[WebServer] [22m  roles: [ [32m'department head'[39m ],
[2m[WebServer] [22m  permissions: [],
[2m[WebServer] [22m  primaryDepartmentId: [32m'69275d8afc1184a3b3e6c55f'[39m,
[2m[WebServer] [22m  employeeNumber: [32m'EMP-1025'[39m
[2m[WebServer] [22m}
[2m[WebServer] [22mNormalized user roles: [ [32m'department head'[39m ]
[2m[WebServer] [22mNormalized required roles: [ [32m'department head'[39m, [32m'hr manager'[39m ]
[2m[WebServer] [22mHas required role? [33mtrue[39m
[2m[WebServer] [22mΓ£ö ACCESS GRANTED Γ£ö
[2m[WebServer] [22m≡ƒöì [TrackingController] getTeamBalances: {
[2m[WebServer] [22m  filters: [Object: null prototype] {},
[2m[WebServer] [22m  managerId: [32m'6929e2c0934d8e079e6f55b1'[39m
[2m[WebServer] [22m}
[2m[WebServer] [22mDepartment ID from logged in user: 69275d8afc1184a3b3e6c55f
Γ£à Comments field accessible - REQ-006 validated
  Γ£ô  25 [chromium] ΓÇ║ leave-tests.spec.ts:421:7 ΓÇ║ ≡ƒæ¿ΓÇì≡ƒÆ╝ MANAGER (EMP-1025 - Engineering) - Approval & Team Management ΓÇ║ Γ£à J5: Add approval comments (REQ-006) (9.2s)
≡ƒöÉ Logging in as: engmanager.work@example.com
[2m[WebServer] [22m GET /login [32m200[39m in 34ms[2m (compile: 2ms, render: 32ms)[22m
[2m[WebServer] [22m≡ƒöÑ JwtAuthGuard: canActivate CALLED
[2m[WebServer] [22m≡ƒöì JWT Extractor - All cookies: [Object: null prototype] {}
[2m[WebServer] [22m≡ƒöì JWT Extractor - Headers: [90mundefined[39m
[2m[WebServer] [22m≡ƒöì JWT Extractor - accessToken: NOT FOUND
[2m[WebServer] [22m≡ƒöÑ JwtAuthGuard: handleRequest() {
[2m[WebServer] [22m  err: [1mnull[22m,
[2m[WebServer] [22m  user: [33mfalse[39m,
[2m[WebServer] [22m  info: Error: No auth token
[2m[WebServer] [22m      at JwtStrategy.authenticate [90m(C:\Users\Bedon\Desktop\semester-5-software-project\backend\[39mnode_modules\[4mpassport-jwt[24m\lib\strategy.js:96:26[90m)[39m
[2m[WebServer] [22m      at attempt [90m(C:\Users\Bedon\Desktop\semester-5-software-project\backend\[39mnode_modules\[4mpassport[24m\lib\middleware\authenticate.js:378:16[90m)[39m
[2m[WebServer] [22m      at authenticate [90m(C:\Users\Bedon\Desktop\semester-5-software-project\backend\[39mnode_modules\[4mpassport[24m\lib\middleware\authenticate.js:379:7[90m)[39m
[2m[WebServer] [22m      at [90mC:\Users\Bedon\Desktop\semester-5-software-project\backend\[39mnode_modules\[4m@nestjs[24m\passport\dist\auth.guard.js:88:3
[2m[WebServer] [22m      at new Promise (<anonymous>)
[2m[WebServer] [22m      at [90mC:\Users\Bedon\Desktop\semester-5-software-project\backend\[39mnode_modules\[4m@nestjs[24m\passport\dist\auth.guard.js:80:83
[2m[WebServer] [22m      at JwtAuthGuard.canActivate [90m(C:\Users\Bedon\Desktop\semester-5-software-project\backend\[39mnode_modules\[4m@nestjs[24m\passport\dist\auth.guard.js:44:32[90m)[39m
[2m[WebServer] [22m  [90m    at process.processTicksAndRejections (node:internal/process/task_queues:105:5)[39m
[2m[WebServer] [22m}
[2m[WebServer] [22mΓ¥î JwtAuthGuard INFO: Error: No auth token
[2m[WebServer] [22m    at JwtStrategy.authenticate 
[90m(C:\Users\Bedon\Desktop\semester-5-software-project\backend\[39mnode_modules\[4mpassport-jwt[24m\lib\strategy.js:96:26[90m)[39m
[2m[WebServer] [22m    at attempt [90m(C:\Users\Bedon\Desktop\semester-5-software-project\backend\[39mnode_modules\[4mpassport[24m\lib\mi
ddleware\authenticate.js:378:16[90m)[39m
[2m[WebServer] [22m    at authenticate [90m(C:\Users\Bedon\Desktop\semester-5-software-project\backend\[39mnode_modules\[4mpassport[24m\l
ib\middleware\authenticate.js:379:7[90m)[39m
[2m[WebServer] [22m    at 
[90mC:\Users\Bedon\Desktop\semester-5-software-project\backend\[39mnode_modules\[4m@nestjs[24m\passport\dist\auth.guard.js:88:3
[2m[WebServer] [22m    at new Promise (<anonymous>)
[2m[WebServer] [22m    at 
[90mC:\Users\Bedon\Desktop\semester-5-software-project\backend\[39mnode_modules\[4m@nestjs[24m\passport\dist\auth.guard.js:80:83
[2m[WebServer] [22m    at JwtAuthGuard.canActivate [90m(C:\Users\Bedon\Desktop\semester-5-software-project\backend\[39mnode_modules\[4m@ne
stjs[24m\passport\dist\auth.guard.js:44:32[90m)[39m
[2m[WebServer] [22m[90m    at process.processTicksAndRejections (node:internal/process/task_queues:105:5)[39m
[2m[WebServer] [22mΓ¥î JwtAuthGuard FAILING ΓåÆ No auth token
[2m[WebServer] [22mVALIDATE EMPLOYEE - systemRole = {
[2m[WebServer] [22m  _id: new ObjectId([32m'6929e2c0934d8e079e6f55b3'[39m),
[2m[WebServer] [22m  employeeProfileId: new ObjectId([32m'6929e2c0934d8e079e6f55b1'[39m),
[2m[WebServer] [22m  roles: [ [32m'department head'[39m ],
[2m[WebServer] [22m  permissions: [],
[2m[WebServer] [22m  isActive: [33mtrue[39m,
[2m[WebServer] [22m  createdAt: [35m2025-11-28T17:58:24.325Z[39m,
[2m[WebServer] [22m  updatedAt: [35m2025-11-28T17:58:24.325Z[39m,
[2m[WebServer] [22m  __v: [33m0[39m
[2m[WebServer] [22m}
[2m[WebServer] [22mGenerated token: eyJhbGciOiJIUzI1NiIsInR5cCI6IkpXVCJ9.eyJzdWIiOiI2OTI5ZTJjMDkzNGQ4ZTA3OWU2ZjU1YjEiLCJ3b3JrRW1haWwiOiJlbmdtYW5hZ2VyLndvcmtAZXhhbXBsZS5jb20iLCJyb2xlcyI6WyJkZXBhcnRtZW50IGhlYWQiXSwicGVybWlzc2lvbnMiOltdLCJwcmltYXJ5RGVwYXJ0bWVudElkIjoiNjkyNzVkOGFmYzExODRhM2IzZTZjNTVmIiwiZW1wbG95ZWVOdW1iZXIiOiJFTVAtMTAyNSIsImlhdCI6MTc2NTk4MzA3MCwiZXhwIjoxNzY2MDY5NDcwfQ.dvLD809G04IIQvDqTyQdzOrXUoVAWwTm7pN18G2ds70
[2m[WebServer] [22m GET /leaves [32m200[39m in 20ms[2m (compile: 3ms, render: 17ms)[22m
[2m[WebServer] [22m≡ƒöÑ JwtAuthGuard: canActivate CALLED
[2m[WebServer] [22m≡ƒöì JWT Extractor - All cookies: {
[2m[WebServer] [22m  accessToken: [32m'eyJhbGciOiJIUzI1NiIsInR5cCI6IkpXVCJ9.eyJzdWIiOiI2OTI5ZTJjMDkzNGQ4ZTA3OWU2ZjU1YjEiLCJ3b3JrRW1haWwiOiJlbmdtYW5hZ2VyLndvcmtAZXhhbXBsZS5jb20iLCJyb2xlcyI6WyJkZXBhcnRtZW50IGhlYWQiXSwicGVybWlzc2lvbnMiOltdLCJwcmltYXJ5RGVwYXJ0bWVudElkIjoiNjkyNzVkOGFmYzExODRhM2IzZTZjNTVmIiwiZW1wbG95ZWVOdW1iZXIiOiJFTVAtMTAyNSIsImlhdCI6MTc2NTk4MzA3MCwiZXhwIjoxNzY2MDY5NDcwfQ.dvLD809G04IIQvDqTyQdzOrXUoVAWwTm7pN18G2ds70'[39m
[2m[WebServer] [22m}
[2m[WebServer] [22m≡ƒöì JWT Extractor - Headers: accessToken=eyJhbGciOiJIUzI1NiIsInR5cCI6IkpXVCJ9.eyJzdWIiOiI2OTI5ZTJjMDkzNGQ4ZTA3OWU2ZjU1YjEiLCJ3b3JrRW1haWwiOiJlbmdtYW5hZ2VyLndvcmtAZXhhbXBsZS5jb20iLCJyb2xlcyI6WyJkZXBhcnRtZW50IGhlYWQiXSwicGVybWlzc2lvbnMiOltdLCJwcmltYXJ5RGVwYXJ0bWVudElkIjoiNjkyNzVkOGFmYzExODRhM2IzZTZjNTVmIiwiZW1wbG95ZWVOdW1iZXIiOiJFTVAtMTAyNSIsImlhdCI6MTc2NTk4MzA3MCwiZXhwIjoxNzY2MDY5NDcwfQ.dvLD809G04IIQvDqTyQdzOrXUoVAWwTm7pN18G2ds70
[2m[WebServer] [22m≡ƒöì JWT Extractor - accessToken: FOUND
[2m[WebServer] [22mJwtStrategy VALIDATE: {
[2m[WebServer] [22m  sub: [32m'6929e2c0934d8e079e6f55b1'[39m,
[2m[WebServer] [22m  workEmail: [32m'engmanager.work@example.com'[39m,
[2m[WebServer] [22m  roles: [ [32m'department head'[39m ],
[2m[WebServer] [22m  permissions: [],
[2m[WebServer] [22m  primaryDepartmentId: [32m'69275d8afc1184a3b3e6c55f'[39m,
[2m[WebServer] [22m  employeeNumber: [32m'EMP-1025'[39m,
[2m[WebServer] [22m  iat: [33m1765983070[39m,
[2m[WebServer] [22m  exp: [33m1766069470[39m
[2m[WebServer] [22m}
[2m[WebServer] [22m≡ƒöÑ JwtAuthGuard: handleRequest() {
[2m[WebServer] [22m  err: [1mnull[22m,
[2m[WebServer] [22m  user: {
[2m[WebServer] [22m    id: [32m'6929e2c0934d8e079e6f55b1'[39m,
[2m[WebServer] [22m    workEmail: [32m'engmanager.work@example.com'[39m,
[2m[WebServer] [22m    roles: [ [32m'department head'[39m ],
[2m[WebServer] [22m    permissions: [],
[2m[WebServer] [22m    primaryDepartmentId: [32m'69275d8afc1184a3b3e6c55f'[39m,
[2m[WebServer] [22m    employeeNumber: [32m'EMP-1025'[39m
[2m[WebServer] [22m  },
[2m[WebServer] [22m  info: [90mundefined[39m
[2m[WebServer] [22m}
[2m[WebServer] [22mΓ£à JwtAuthGuard SUCCESS ΓåÆ user authenticated: 6929e2c0934d8e079e6f55b1
[2m[WebServer] [22m≡ƒöÑ RolesGuard running!
[2m[WebServer] [22m
[2m[WebServer] [22m===== ROLE GUARD =====
[2m[WebServer] [22mRequired roles: [
[2m[WebServer] [22m  [32m'department employee'[39m,
[2m[WebServer] [22m  [32m'HR Employee'[39m,
[2m[WebServer] [22m  [32m'department head'[39m,
[2m[WebServer] [22m  [32m'HR Manager'[39m,
[2m[WebServer] [22m  [32m'HR Admin'[39m,
[2m[WebServer] [22m  [32m'System Admin'[39m
[2m[WebServer] [22m]
[2m[WebServer] [22mUser object: {
[2m[WebServer] [22m  id: [32m'6929e2c0934d8e079e6f55b1'[39m,
[2m[WebServer] [22m  workEmail: [32m'engmanager.work@example.com'[39m,
[2m[WebServer] [22m  roles: [ [32m'department head'[39m ],
[2m[WebServer] [22m  permissions: [],
[2m[WebServer] [22m  primaryDepartmentId: [32m'69275d8afc1184a3b3e6c55f'[39m,
[2m[WebServer] [22m  employeeNumber: [32m'EMP-1025'[39m
[2m[WebServer] [22m}
[2m[WebServer] [22mNormalized user roles: [ [32m'department head'[39m ]
[2m[WebServer] [22mNormalized required roles: [
[2m[WebServer] [22m  [32m'department employee'[39m,
[2m[WebServer] [22m  [32m'hr employee'[39m,
[2m[WebServer] [22m  [32m'department head'[39m,
[2m[WebServer] [22m  [32m'hr manager'[39m,
[2m[WebServer] [22m  [32m'hr admin'[39m,
[2m[WebServer] [22m  [32m'system admin'[39m
[2m[WebServer] [22m]
[2m[WebServer] [22mHas required role? [33mtrue[39m
[2m[WebServer] [22mΓ£ö ACCESS GRANTED Γ£ö
[2m[WebServer] [22m≡ƒöì [TrackingController] getMyBalances: {
[2m[WebServer] [22m  query: [Object: null prototype] {},
[2m[WebServer] [22m  userId: [32m'6929e2c0934d8e079e6f55b1'[39m
[2m[WebServer] [22m}
[2m[WebServer] [22m≡ƒöÑ JwtAuthGuard: canActivate CALLED
[2m[WebServer] [22m≡ƒöì JWT Extractor - All cookies: {
[2m[WebServer] [22m  accessToken: [32m'eyJhbGciOiJIUzI1NiIsInR5cCI6IkpXVCJ9.eyJzdWIiOiI2OTI5ZTJjMDkzNGQ4ZTA3OWU2ZjU1YjEiLCJ3b3JrRW1haWwiOiJlbmdtYW5hZ2VyLndvcmtAZXhhbXBsZS5jb20iLCJyb2xlcyI6WyJkZXBhcnRtZW50IGhlYWQiXSwicGVybWlzc2lvbnMiOltdLCJwcmltYXJ5RGVwYXJ0bWVudElkIjoiNjkyNzVkOGFmYzExODRhM2IzZTZjNTVmIiwiZW1wbG95ZWVOdW1iZXIiOiJFTVAtMTAyNSIsImlhdCI6MTc2NTk4MzA3MCwiZXhwIjoxNzY2MDY5NDcwfQ.dvLD809G04IIQvDqTyQdzOrXUoVAWwTm7pN18G2ds70'[39m
[2m[WebServer] [22m}
[2m[WebServer] [22m≡ƒöì JWT Extractor - Headers: accessToken=eyJhbGciOiJIUzI1NiIsInR5cCI6IkpXVCJ9.eyJzdWIiOiI2OTI5ZTJjMDkzNGQ4ZTA3OWU2ZjU1YjEiLCJ3b3JrRW1haWwiOiJlbmdtYW5hZ2VyLndvcmtAZXhhbXBsZS5jb20iLCJyb2xlcyI6WyJkZXBhcnRtZW50IGhlYWQiXSwicGVybWlzc2lvbnMiOltdLCJwcmltYXJ5RGVwYXJ0bWVudElkIjoiNjkyNzVkOGFmYzExODRhM2IzZTZjNTVmIiwiZW1wbG95ZWVOdW1iZXIiOiJFTVAtMTAyNSIsImlhdCI6MTc2NTk4MzA3MCwiZXhwIjoxNzY2MDY5NDcwfQ.dvLD809G04IIQvDqTyQdzOrXUoVAWwTm7pN18G2ds70
[2m[WebServer] [22m≡ƒöì JWT Extractor - accessToken: FOUND
[2m[WebServer] [22mJwtStrategy VALIDATE: {
[2m[WebServer] [22m  sub: [32m'6929e2c0934d8e079e6f55b1'[39m,
[2m[WebServer] [22m  workEmail: [32m'engmanager.work@example.com'[39m,
[2m[WebServer] [22m  roles: [ [32m'department head'[39m ],
[2m[WebServer] [22m  permissions: [],
[2m[WebServer] [22m  primaryDepartmentId: [32m'69275d8afc1184a3b3e6c55f'[39m,
[2m[WebServer] [22m  employeeNumber: [32m'EMP-1025'[39m,
[2m[WebServer] [22m  iat: [33m1765983070[39m,
[2m[WebServer] [22m  exp: [33m1766069470[39m
[2m[WebServer] [22m}
[2m[WebServer] [22m≡ƒöÑ JwtAuthGuard: handleRequest() {
[2m[WebServer] [22m  err: [1mnull[22m,
[2m[WebServer] [22m  user: {
[2m[WebServer] [22m    id: [32m'6929e2c0934d8e079e6f55b1'[39m,
[2m[WebServer] [22m    workEmail: [32m'engmanager.work@example.com'[39m,
[2m[WebServer] [22m    roles: [ [32m'department head'[39m ],
[2m[WebServer] [22m    permissions: [],
[2m[WebServer] [22m    primaryDepartmentId: [32m'69275d8afc1184a3b3e6c55f'[39m,
[2m[WebServer] [22m    employeeNumber: [32m'EMP-1025'[39m
[2m[WebServer] [22m  },
[2m[WebServer] [22m  info: [90mundefined[39m
[2m[WebServer] [22m}
[2m[WebServer] [22mΓ£à JwtAuthGuard SUCCESS ΓåÆ user authenticated: 6929e2c0934d8e079e6f55b1
[2m[WebServer] [22m≡ƒöÑ RolesGuard running!
[2m[WebServer] [22m
[2m[WebServer] [22m===== ROLE GUARD =====
[2m[WebServer] [22mRequired roles: [
[2m[WebServer] [22m  [32m'department employee'[39m,
[2m[WebServer] [22m  [32m'HR Employee'[39m,
[2m[WebServer] [22m  [32m'department head'[39m,
[2m[WebServer] [22m  [32m'HR Manager'[39m,
[2m[WebServer] [22m  [32m'HR Admin'[39m,
[2m[WebServer] [22m  [32m'System Admin'[39m
[2m[WebServer] [22m]
[2m[WebServer] [22mUser object: {
[2m[WebServer] [22m  id: [32m'6929e2c0934d8e079e6f55b1'[39m,
[2m[WebServer] [22m  workEmail: [32m'engmanager.work@example.com'[39m,
[2m[WebServer] [22m  roles: [ [32m'department head'[39m ],
[2m[WebServer] [22m  permissions: [],
[2m[WebServer] [22m  primaryDepartmentId: [32m'69275d8afc1184a3b3e6c55f'[39m,
[2m[WebServer] [22m  employeeNumber: [32m'EMP-1025'[39m
[2m[WebServer] [22m}
[2m[WebServer] [22mNormalized user roles: [ [32m'department head'[39m ]
[2m[WebServer] [22mNormalized required roles: [
[2m[WebServer] [22m  [32m'department employee'[39m,
[2m[WebServer] [22m  [32m'hr employee'[39m,
[2m[WebServer] [22m  [32m'department head'[39m,
[2m[WebServer] [22m  [32m'hr manager'[39m,
[2m[WebServer] [22m  [32m'hr admin'[39m,
[2m[WebServer] [22m  [32m'system admin'[39m
[2m[WebServer] [22m]
[2m[WebServer] [22mHas required role? [33mtrue[39m
[2m[WebServer] [22mΓ£ö ACCESS GRANTED Γ£ö
[2m[WebServer] [22m≡ƒöì [TrackingController] getMyHistory: {
[2m[WebServer] [22m  filters: [Object: null prototype] {},
[2m[WebServer] [22m  userId: [32m'6929e2c0934d8e079e6f55b1'[39m
[2m[WebServer] [22m}
Γ£à Login successful
≡ƒöó Testing: REQ-031 (Bulk operations)
[2m[WebServer] [22m GET /leaves/team [32m200[39m in 42ms[2m (compile: 3ms, render: 40ms)[22m
[2m[WebServer] [22m≡ƒöÑ JwtAuthGuard: canActivate CALLED
[2m[WebServer] [22m≡ƒöì JWT Extractor - All cookies: {
[2m[WebServer] [22m  accessToken: [32m'eyJhbGciOiJIUzI1NiIsInR5cCI6IkpXVCJ9.eyJzdWIiOiI2OTI5ZTJjMDkzNGQ4ZTA3OWU2ZjU1YjEiLCJ3b3JrRW1haWwiOiJlbmdtYW5hZ2VyLndvcmtAZXhhbXBsZS5jb20iLCJyb2xlcyI6WyJkZXBhcnRtZW50IGhlYWQiXSwicGVybWlzc2lvbnMiOltdLCJwcmltYXJ5RGVwYXJ0bWVudElkIjoiNjkyNzVkOGFmYzExODRhM2IzZTZjNTVmIiwiZW1wbG95ZWVOdW1iZXIiOiJFTVAtMTAyNSIsImlhdCI6MTc2NTk4MzA3MCwiZXhwIjoxNzY2MDY5NDcwfQ.dvLD809G04IIQvDqTyQdzOrXUoVAWwTm7pN18G2ds70'[39m
[2m[WebServer] [22m}
[2m[WebServer] [22m≡ƒöì JWT Extractor - Headers: accessToken=eyJhbGciOiJIUzI1NiIsInR5cCI6IkpXVCJ9.eyJzdWIiOiI2OTI5ZTJjMDkzNGQ4ZTA3OWU2ZjU1YjEiLCJ3b3JrRW1haWwiOiJlbmdtYW5hZ2VyLndvcmtAZXhhbXBsZS5jb20iLCJyb2xlcyI6WyJkZXBhcnRtZW50IGhlYWQiXSwicGVybWlzc2lvbnMiOltdLCJwcmltYXJ5RGVwYXJ0bWVudElkIjoiNjkyNzVkOGFmYzExODRhM2IzZTZjNTVmIiwiZW1wbG95ZWVOdW1iZXIiOiJFTVAtMTAyNSIsImlhdCI6MTc2NTk4MzA3MCwiZXhwIjoxNzY2MDY5NDcwfQ.dvLD809G04IIQvDqTyQdzOrXUoVAWwTm7pN18G2ds70
[2m[WebServer] [22m≡ƒöì JWT Extractor - accessToken: FOUND
[2m[WebServer] [22mJwtStrategy VALIDATE: {
[2m[WebServer] [22m  sub: [32m'6929e2c0934d8e079e6f55b1'[39m,
[2m[WebServer] [22m  workEmail: [32m'engmanager.work@example.com'[39m,
[2m[WebServer] [22m  roles: [ [32m'department head'[39m ],
[2m[WebServer] [22m  permissions: [],
[2m[WebServer] [22m  primaryDepartmentId: [32m'69275d8afc1184a3b3e6c55f'[39m,
[2m[WebServer] [22m  employeeNumber: [32m'EMP-1025'[39m,
[2m[WebServer] [22m  iat: [33m1765983070[39m,
[2m[WebServer] [22m  exp: [33m1766069470[39m
[2m[WebServer] [22m}
[2m[WebServer] [22m≡ƒöÑ JwtAuthGuard: handleRequest() {
[2m[WebServer] [22m  err: [1mnull[22m,
[2m[WebServer] [22m  user: {
[2m[WebServer] [22m    id: [32m'6929e2c0934d8e079e6f55b1'[39m,
[2m[WebServer] [22m    workEmail: [32m'engmanager.work@example.com'[39m,
[2m[WebServer] [22m    roles: [ [32m'department head'[39m ],
[2m[WebServer] [22m    permissions: [],
[2m[WebServer] [22m    primaryDepartmentId: [32m'69275d8afc1184a3b3e6c55f'[39m,
[2m[WebServer] [22m    employeeNumber: [32m'EMP-1025'[39m
[2m[WebServer] [22m  },
[2m[WebServer] [22m  info: [90mundefined[39m
[2m[WebServer] [22m}
[2m[WebServer] [22mΓ£à JwtAuthGuard SUCCESS ΓåÆ user authenticated: 6929e2c0934d8e079e6f55b1
[2m[WebServer] [22m≡ƒöÑ JwtAuthGuard: canActivate CALLED
[2m[WebServer] [22m≡ƒöì JWT Extractor - All cookies: {
[2m[WebServer] [22m  accessToken: [32m'eyJhbGciOiJIUzI1NiIsInR5cCI6IkpXVCJ9.eyJzdWIiOiI2OTI5ZTJjMDkzNGQ4ZTA3OWU2ZjU1YjEiLCJ3b3JrRW1haWwiOiJlbmdtYW5hZ2VyLndvcmtAZXhhbXBsZS5jb20iLCJyb2xlcyI6WyJkZXBhcnRtZW50IGhlYWQiXSwicGVybWlzc2lvbnMiOltdLCJwcmltYXJ5RGVwYXJ0bWVudElkIjoiNjkyNzVkOGFmYzExODRhM2IzZTZjNTVmIiwiZW1wbG95ZWVOdW1iZXIiOiJFTVAtMTAyNSIsImlhdCI6MTc2NTk4MzA3MCwiZXhwIjoxNzY2MDY5NDcwfQ.dvLD809G04IIQvDqTyQdzOrXUoVAWwTm7pN18G2ds70'[39m
[2m[WebServer] [22m}
[2m[WebServer] [22m≡ƒöì JWT Extractor - Headers: accessToken=eyJhbGciOiJIUzI1NiIsInR5cCI6IkpXVCJ9.eyJzdWIiOiI2OTI5ZTJjMDkzNGQ4ZTA3OWU2ZjU1YjEiLCJ3b3JrRW1haWwiOiJlbmdtYW5hZ2VyLndvcmtAZXhhbXBsZS5jb20iLCJyb2xlcyI6WyJkZXBhcnRtZW50IGhlYWQiXSwicGVybWlzc2lvbnMiOltdLCJwcmltYXJ5RGVwYXJ0bWVudElkIjoiNjkyNzVkOGFmYzExODRhM2IzZTZjNTVmIiwiZW1wbG95ZWVOdW1iZXIiOiJFTVAtMTAyNSIsImlhdCI6MTc2NTk4MzA3MCwiZXhwIjoxNzY2MDY5NDcwfQ.dvLD809G04IIQvDqTyQdzOrXUoVAWwTm7pN18G2ds70
[2m[WebServer] [22m≡ƒöì JWT Extractor - accessToken: FOUND
[2m[WebServer] [22mJwtStrategy VALIDATE: {
[2m[WebServer] [22m  sub: [32m'6929e2c0934d8e079e6f55b1'[39m,
[2m[WebServer] [22m  workEmail: [32m'engmanager.work@example.com'[39m,
[2m[WebServer] [22m  roles: [ [32m'department head'[39m ],
[2m[WebServer] [22m  permissions: [],
[2m[WebServer] [22m  primaryDepartmentId: [32m'69275d8afc1184a3b3e6c55f'[39m,
[2m[WebServer] [22m  employeeNumber: [32m'EMP-1025'[39m,
[2m[WebServer] [22m  iat: [33m1765983070[39m,
[2m[WebServer] [22m  exp: [33m1766069470[39m
[2m[WebServer] [22m}
[2m[WebServer] [22m≡ƒöÑ JwtAuthGuard: handleRequest() {
[2m[WebServer] [22m  err: [1mnull[22m,
[2m[WebServer] [22m  user: {
[2m[WebServer] [22m    id: [32m'6929e2c0934d8e079e6f55b1'[39m,
[2m[WebServer] [22m    workEmail: [32m'engmanager.work@example.com'[39m,
[2m[WebServer] [22m    roles: [ [32m'department head'[39m ],
[2m[WebServer] [22m    permissions: [],
[2m[WebServer] [22m    primaryDepartmentId: [32m'69275d8afc1184a3b3e6c55f'[39m,
[2m[WebServer] [22m    employeeNumber: [32m'EMP-1025'[39m
[2m[WebServer] [22m  },
[2m[WebServer] [22m  info: [90mundefined[39m
[2m[WebServer] [22m}
[2m[WebServer] [22mΓ£à JwtAuthGuard SUCCESS ΓåÆ user authenticated: 6929e2c0934d8e079e6f55b1
[2m[WebServer] [22m≡ƒöÑ RolesGuard running!
[2m[WebServer] [22m
[2m[WebServer] [22m===== ROLE GUARD =====
[2m[WebServer] [22mRequired roles: [ [32m'department head'[39m, [32m'HR Manager'[39m ]
[2m[WebServer] [22mUser object: {
[2m[WebServer] [22m  id: [32m'6929e2c0934d8e079e6f55b1'[39m,
[2m[WebServer] [22m  workEmail: [32m'engmanager.work@example.com'[39m,
[2m[WebServer] [22m  roles: [ [32m'department head'[39m ],
[2m[WebServer] [22m  permissions: [],
[2m[WebServer] [22m  primaryDepartmentId: [32m'69275d8afc1184a3b3e6c55f'[39m,
[2m[WebServer] [22m  employeeNumber: [32m'EMP-1025'[39m
[2m[WebServer] [22m}
[2m[WebServer] [22mNormalized user roles: [ [32m'department head'[39m ]
[2m[WebServer] [22mNormalized required roles: [ [32m'department head'[39m, [32m'hr manager'[39m ]
[2m[WebServer] [22mHas required role? [33mtrue[39m
[2m[WebServer] [22mΓ£ö ACCESS GRANTED Γ£ö
[2m[WebServer] [22m≡ƒöì [RequestsController] getTeamRequests: { managerId: [90mundefined[39m }
[2m[WebServer] [22m≡ƒöÑ JwtAuthGuard: canActivate CALLED
[2m[WebServer] [22m≡ƒöì JWT Extractor - All cookies: {
[2m[WebServer] [22m  accessToken: [32m'eyJhbGciOiJIUzI1NiIsInR5cCI6IkpXVCJ9.eyJzdWIiOiI2OTI5ZTJjMDkzNGQ4ZTA3OWU2ZjU1YjEiLCJ3b3JrRW1haWwiOiJlbmdtYW5hZ2VyLndvcmtAZXhhbXBsZS5jb20iLCJyb2xlcyI6WyJkZXBhcnRtZW50IGhlYWQiXSwicGVybWlzc2lvbnMiOltdLCJwcmltYXJ5RGVwYXJ0bWVudElkIjoiNjkyNzVkOGFmYzExODRhM2IzZTZjNTVmIiwiZW1wbG95ZWVOdW1iZXIiOiJFTVAtMTAyNSIsImlhdCI6MTc2NTk4MzA3MCwiZXhwIjoxNzY2MDY5NDcwfQ.dvLD809G04IIQvDqTyQdzOrXUoVAWwTm7pN18G2ds70'[39m
[2m[WebServer] [22m}
[2m[WebServer] [22m≡ƒöì JWT Extractor - Headers: accessToken=eyJhbGciOiJIUzI1NiIsInR5cCI6IkpXVCJ9.eyJzdWIiOiI2OTI5ZTJjMDkzNGQ4ZTA3OWU2ZjU1YjEiLCJ3b3JrRW1haWwiOiJlbmdtYW5hZ2VyLndvcmtAZXhhbXBsZS5jb20iLCJyb2xlcyI6WyJkZXBhcnRtZW50IGhlYWQiXSwicGVybWlzc2lvbnMiOltdLCJwcmltYXJ5RGVwYXJ0bWVudElkIjoiNjkyNzVkOGFmYzExODRhM2IzZTZjNTVmIiwiZW1wbG95ZWVOdW1iZXIiOiJFTVAtMTAyNSIsImlhdCI6MTc2NTk4MzA3MCwiZXhwIjoxNzY2MDY5NDcwfQ.dvLD809G04IIQvDqTyQdzOrXUoVAWwTm7pN18G2ds70
[2m[WebServer] [22m≡ƒöì JWT Extractor - accessToken: FOUND
[2m[WebServer] [22mJwtStrategy VALIDATE: {
[2m[WebServer] [22m  sub: [32m'6929e2c0934d8e079e6f55b1'[39m,
[2m[WebServer] [22m  workEmail: [32m'engmanager.work@example.com'[39m,
[2m[WebServer] [22m  roles: [ [32m'department head'[39m ],
[2m[WebServer] [22m  permissions: [],
[2m[WebServer] [22m  primaryDepartmentId: [32m'69275d8afc1184a3b3e6c55f'[39m,
[2m[WebServer] [22m  employeeNumber: [32m'EMP-1025'[39m,
[2m[WebServer] [22m  iat: [33m1765983070[39m,
[2m[WebServer] [22m  exp: [33m1766069470[39m
[2m[WebServer] [22m}
[2m[WebServer] [22m≡ƒöÑ JwtAuthGuard: handleRequest() {
[2m[WebServer] [22m  err: [1mnull[22m,
[2m[WebServer] [22m  user: {
[2m[WebServer] [22m    id: [32m'6929e2c0934d8e079e6f55b1'[39m,
[2m[WebServer] [22m    workEmail: [32m'engmanager.work@example.com'[39m,
[2m[WebServer] [22m    roles: [ [32m'department head'[39m ],
[2m[WebServer] [22m    permissions: [],
[2m[WebServer] [22m    primaryDepartmentId: [32m'69275d8afc1184a3b3e6c55f'[39m,
[2m[WebServer] [22m    employeeNumber: [32m'EMP-1025'[39m
[2m[WebServer] [22m  },
[2m[WebServer] [22m  info: [90mundefined[39m
[2m[WebServer] [22m}
[2m[WebServer] [22mΓ£à JwtAuthGuard SUCCESS ΓåÆ user authenticated: 6929e2c0934d8e079e6f55b1
[2m[WebServer] [22m≡ƒöÑ RolesGuard running!
[2m[WebServer] [22m
[2m[WebServer] [22m===== ROLE GUARD =====
[2m[WebServer] [22mRequired roles: [ [32m'department head'[39m, [32m'HR Manager'[39m ]
[2m[WebServer] [22mUser object: {
[2m[WebServer] [22m  id: [32m'6929e2c0934d8e079e6f55b1'[39m,
[2m[WebServer] [22m  workEmail: [32m'engmanager.work@example.com'[39m,
[2m[WebServer] [22m  roles: [ [32m'department head'[39m ],
[2m[WebServer] [22m  permissions: [],
[2m[WebServer] [22m  primaryDepartmentId: [32m'69275d8afc1184a3b3e6c55f'[39m,
[2m[WebServer] [22m  employeeNumber: [32m'EMP-1025'[39m
[2m[WebServer] [22m}
[2m[WebServer] [22mNormalized user roles: [ [32m'department head'[39m ]
[2m[WebServer] [22mNormalized required roles: [ [32m'department head'[39m, [32m'hr manager'[39m ]
[2m[WebServer] [22mHas required role? [33mtrue[39m
[2m[WebServer] [22mΓ£ö ACCESS GRANTED Γ£ö
[2m[WebServer] [22m≡ƒöì [TrackingController] getTeamBalances: {
[2m[WebServer] [22m  filters: [Object: null prototype] {},
[2m[WebServer] [22m  managerId: [32m'6929e2c0934d8e079e6f55b1'[39m
[2m[WebServer] [22m}
[2m[WebServer] [22mDepartment ID from logged in user: 69275d8afc1184a3b3e6c55f
Γ£à Bulk operations accessible - REQ-031 validated
  Γ£ô  26 [chromium] ΓÇ║ leave-tests.spec.ts:431:7 ΓÇ║ ≡ƒæ¿ΓÇì≡ƒÆ╝ MANAGER (EMP-1025 - Engineering) - Approval & Team Management ΓÇ║ Γ£à J6: Bulk approve requests (REQ-031) (9.3s)
≡ƒöÉ Logging in as: engmanager.work@example.com
[2m[WebServer] [22m GET /login [32m200[39m in 42ms[2m (compile: 3ms, render: 39ms)[22m
[2m[WebServer] [22m≡ƒöÑ JwtAuthGuard: canActivate CALLED
[2m[WebServer] [22m≡ƒöì JWT Extractor - All cookies: [Object: null prototype] {}
[2m[WebServer] [22m≡ƒöì JWT Extractor - Headers: [90mundefined[39m
[2m[WebServer] [22m≡ƒöì JWT Extractor - accessToken: NOT FOUND
[2m[WebServer] [22m≡ƒöÑ JwtAuthGuard: handleRequest() {
[2m[WebServer] [22m  err: [1mnull[22m,
[2m[WebServer] [22m  user: [33mfalse[39m,
[2m[WebServer] [22m  info: Error: No auth token
[2m[WebServer] [22m      at JwtStrategy.authenticate [90m(C:\Users\Bedon\Desktop\semester-5-software-project\backend\[39mnode_modules\[4mpassport-jwt[24m\lib\strategy.js:96:26[90m)[39m
[2m[WebServer] [22m      at attempt [90m(C:\Users\Bedon\Desktop\semester-5-software-project\backend\[39mnode_modules\[4mpassport[24m\lib\middleware\authenticate.js:378:16[90m)[39m
[2m[WebServer] [22m      at authenticate [90m(C:\Users\Bedon\Desktop\semester-5-software-project\backend\[39mnode_modules\[4mpassport[24m\lib\middleware\authenticate.js:379:7[90m)[39m
[2m[WebServer] [22m      at [90mC:\Users\Bedon\Desktop\semester-5-software-project\backend\[39mnode_modules\[4m@nestjs[24m\passport\dist\auth.guard.js:88:3
[2m[WebServer] [22m      at new Promise (<anonymous>)
[2m[WebServer] [22m      at [90mC:\Users\Bedon\Desktop\semester-5-software-project\backend\[39mnode_modules\[4m@nestjs[24m\passport\dist\auth.guard.js:80:83
[2m[WebServer] [22m      at JwtAuthGuard.canActivate [90m(C:\Users\Bedon\Desktop\semester-5-software-project\backend\[39mnode_modules\[4m@nestjs[24m\passport\dist\auth.guard.js:44:32[90m)[39m
[2m[WebServer] [22m  [90m    at process.processTicksAndRejections (node:internal/process/task_queues:105:5)[39m
[2m[WebServer] [22m}
[2m[WebServer] [22mΓ¥î JwtAuthGuard INFO: Error: No auth token
[2m[WebServer] [22m    at JwtStrategy.authenticate 
[90m(C:\Users\Bedon\Desktop\semester-5-software-project\backend\[39mnode_modules\[4mpassport-jwt[24m\lib\strategy.js:96:26[90m)[39m
[2m[WebServer] [22m    at attempt [90m(C:\Users\Bedon\Desktop\semester-5-software-project\backend\[39mnode_modules\[4mpassport[24m\lib\mi
ddleware\authenticate.js:378:16[90m)[39m
[2m[WebServer] [22m    at authenticate [90m(C:\Users\Bedon\Desktop\semester-5-software-project\backend\[39mnode_modules\[4mpassport[24m\l
ib\middleware\authenticate.js:379:7[90m)[39m
[2m[WebServer] [22m    at 
[90mC:\Users\Bedon\Desktop\semester-5-software-project\backend\[39mnode_modules\[4m@nestjs[24m\passport\dist\auth.guard.js:88:3
[2m[WebServer] [22m    at new Promise (<anonymous>)
[2m[WebServer] [22m    at 
[90mC:\Users\Bedon\Desktop\semester-5-software-project\backend\[39mnode_modules\[4m@nestjs[24m\passport\dist\auth.guard.js:80:83
[2m[WebServer] [22m    at JwtAuthGuard.canActivate [90m(C:\Users\Bedon\Desktop\semester-5-software-project\backend\[39mnode_modules\[4m@ne
stjs[24m\passport\dist\auth.guard.js:44:32[90m)[39m
[2m[WebServer] [22m[90m    at process.processTicksAndRejections (node:internal/process/task_queues:105:5)[39m
[2m[WebServer] [22mΓ¥î JwtAuthGuard FAILING ΓåÆ No auth token
[2m[WebServer] [22mVALIDATE EMPLOYEE - systemRole = {
[2m[WebServer] [22m  _id: new ObjectId([32m'6929e2c0934d8e079e6f55b3'[39m),
[2m[WebServer] [22m  employeeProfileId: new ObjectId([32m'6929e2c0934d8e079e6f55b1'[39m),
[2m[WebServer] [22m  roles: [ [32m'department head'[39m ],
[2m[WebServer] [22m  permissions: [],
[2m[WebServer] [22m  isActive: [33mtrue[39m,
[2m[WebServer] [22m  createdAt: [35m2025-11-28T17:58:24.325Z[39m,
[2m[WebServer] [22m  updatedAt: [35m2025-11-28T17:58:24.325Z[39m,
[2m[WebServer] [22m  __v: [33m0[39m
[2m[WebServer] [22m}
[2m[WebServer] [22mGenerated token: eyJhbGciOiJIUzI1NiIsInR5cCI6IkpXVCJ9.eyJzdWIiOiI2OTI5ZTJjMDkzNGQ4ZTA3OWU2ZjU1YjEiLCJ3b3JrRW1haWwiOiJlbmdtYW5hZ2VyLndvcmtAZXhhbXBsZS5jb20iLCJyb2xlcyI6WyJkZXBhcnRtZW50IGhlYWQiXSwicGVybWlzc2lvbnMiOltdLCJwcmltYXJ5RGVwYXJ0bWVudElkIjoiNjkyNzVkOGFmYzExODRhM2IzZTZjNTVmIiwiZW1wbG95ZWVOdW1iZXIiOiJFTVAtMTAyNSIsImlhdCI6MTc2NTk4MzA4MCwiZXhwIjoxNzY2MDY5NDgwfQ.1z5CJwnON2aZRslxH127hk6j0y0jA0rQM4dhjyawS4Q
[2m[WebServer] [22m GET /leaves [32m200[39m in 16ms[2m (compile: 3ms, render: 13ms)[22m
[2m[WebServer] [22m≡ƒöÑ JwtAuthGuard: canActivate CALLED
[2m[WebServer] [22m≡ƒöì JWT Extractor - All cookies: {
[2m[WebServer] [22m  accessToken: [32m'eyJhbGciOiJIUzI1NiIsInR5cCI6IkpXVCJ9.eyJzdWIiOiI2OTI5ZTJjMDkzNGQ4ZTA3OWU2ZjU1YjEiLCJ3b3JrRW1haWwiOiJlbmdtYW5hZ2VyLndvcmtAZXhhbXBsZS5jb20iLCJyb2xlcyI6WyJkZXBhcnRtZW50IGhlYWQiXSwicGVybWlzc2lvbnMiOltdLCJwcmltYXJ5RGVwYXJ0bWVudElkIjoiNjkyNzVkOGFmYzExODRhM2IzZTZjNTVmIiwiZW1wbG95ZWVOdW1iZXIiOiJFTVAtMTAyNSIsImlhdCI6MTc2NTk4MzA4MCwiZXhwIjoxNzY2MDY5NDgwfQ.1z5CJwnON2aZRslxH127hk6j0y0jA0rQM4dhjyawS4Q'[39m
[2m[WebServer] [22m}
[2m[WebServer] [22m≡ƒöì JWT Extractor - Headers: accessToken=eyJhbGciOiJIUzI1NiIsInR5cCI6IkpXVCJ9.eyJzdWIiOiI2OTI5ZTJjMDkzNGQ4ZTA3OWU2ZjU1YjEiLCJ3b3JrRW1haWwiOiJlbmdtYW5hZ2VyLndvcmtAZXhhbXBsZS5jb20iLCJyb2xlcyI6WyJkZXBhcnRtZW50IGhlYWQiXSwicGVybWlzc2lvbnMiOltdLCJwcmltYXJ5RGVwYXJ0bWVudElkIjoiNjkyNzVkOGFmYzExODRhM2IzZTZjNTVmIiwiZW1wbG95ZWVOdW1iZXIiOiJFTVAtMTAyNSIsImlhdCI6MTc2NTk4MzA4MCwiZXhwIjoxNzY2MDY5NDgwfQ.1z5CJwnON2aZRslxH127hk6j0y0jA0rQM4dhjyawS4Q
[2m[WebServer] [22m≡ƒöì JWT Extractor - accessToken: FOUND
[2m[WebServer] [22mJwtStrategy VALIDATE: {
[2m[WebServer] [22m  sub: [32m'6929e2c0934d8e079e6f55b1'[39m,
[2m[WebServer] [22m  workEmail: [32m'engmanager.work@example.com'[39m,
[2m[WebServer] [22m  roles: [ [32m'department head'[39m ],
[2m[WebServer] [22m  permissions: [],
[2m[WebServer] [22m  primaryDepartmentId: [32m'69275d8afc1184a3b3e6c55f'[39m,
[2m[WebServer] [22m  employeeNumber: [32m'EMP-1025'[39m,
[2m[WebServer] [22m  iat: [33m1765983080[39m,
[2m[WebServer] [22m  exp: [33m1766069480[39m
[2m[WebServer] [22m}
[2m[WebServer] [22m≡ƒöÑ JwtAuthGuard: handleRequest() {
[2m[WebServer] [22m  err: [1mnull[22m,
[2m[WebServer] [22m  user: {
[2m[WebServer] [22m    id: [32m'6929e2c0934d8e079e6f55b1'[39m,
[2m[WebServer] [22m    workEmail: [32m'engmanager.work@example.com'[39m,
[2m[WebServer] [22m    roles: [ [32m'department head'[39m ],
[2m[WebServer] [22m    permissions: [],
[2m[WebServer] [22m    primaryDepartmentId: [32m'69275d8afc1184a3b3e6c55f'[39m,
[2m[WebServer] [22m    employeeNumber: [32m'EMP-1025'[39m
[2m[WebServer] [22m  },
[2m[WebServer] [22m  info: [90mundefined[39m
[2m[WebServer] [22m}
[2m[WebServer] [22mΓ£à JwtAuthGuard SUCCESS ΓåÆ user authenticated: 6929e2c0934d8e079e6f55b1
[2m[WebServer] [22m≡ƒöÑ RolesGuard running!
[2m[WebServer] [22m
[2m[WebServer] [22m===== ROLE GUARD =====
[2m[WebServer] [22mRequired roles: [
[2m[WebServer] [22m  [32m'department employee'[39m,
[2m[WebServer] [22m  [32m'HR Employee'[39m,
[2m[WebServer] [22m  [32m'department head'[39m,
[2m[WebServer] [22m  [32m'HR Manager'[39m,
[2m[WebServer] [22m  [32m'HR Admin'[39m,
[2m[WebServer] [22m  [32m'System Admin'[39m
[2m[WebServer] [22m]
[2m[WebServer] [22mUser object: {
[2m[WebServer] [22m  id: [32m'6929e2c0934d8e079e6f55b1'[39m,
[2m[WebServer] [22m  workEmail: [32m'engmanager.work@example.com'[39m,
[2m[WebServer] [22m  roles: [ [32m'department head'[39m ],
[2m[WebServer] [22m  permissions: [],
[2m[WebServer] [22m  primaryDepartmentId: [32m'69275d8afc1184a3b3e6c55f'[39m,
[2m[WebServer] [22m  employeeNumber: [32m'EMP-1025'[39m
[2m[WebServer] [22m}
[2m[WebServer] [22mNormalized user roles: [ [32m'department head'[39m ]
[2m[WebServer] [22mNormalized required roles: [
[2m[WebServer] [22m  [32m'department employee'[39m,
[2m[WebServer] [22m  [32m'hr employee'[39m,
[2m[WebServer] [22m  [32m'department head'[39m,
[2m[WebServer] [22m  [32m'hr manager'[39m,
[2m[WebServer] [22m  [32m'hr admin'[39m,
[2m[WebServer] [22m  [32m'system admin'[39m
[2m[WebServer] [22m]
[2m[WebServer] [22mHas required role? [33mtrue[39m
[2m[WebServer] [22mΓ£ö ACCESS GRANTED Γ£ö
[2m[WebServer] [22m≡ƒöì [TrackingController] getMyBalances: {
[2m[WebServer] [22m  query: [Object: null prototype] {},
[2m[WebServer] [22m  userId: [32m'6929e2c0934d8e079e6f55b1'[39m
[2m[WebServer] [22m}
[2m[WebServer] [22m≡ƒöÑ JwtAuthGuard: canActivate CALLED
[2m[WebServer] [22m≡ƒöì JWT Extractor - All cookies: {
[2m[WebServer] [22m  accessToken: [32m'eyJhbGciOiJIUzI1NiIsInR5cCI6IkpXVCJ9.eyJzdWIiOiI2OTI5ZTJjMDkzNGQ4ZTA3OWU2ZjU1YjEiLCJ3b3JrRW1haWwiOiJlbmdtYW5hZ2VyLndvcmtAZXhhbXBsZS5jb20iLCJyb2xlcyI6WyJkZXBhcnRtZW50IGhlYWQiXSwicGVybWlzc2lvbnMiOltdLCJwcmltYXJ5RGVwYXJ0bWVudElkIjoiNjkyNzVkOGFmYzExODRhM2IzZTZjNTVmIiwiZW1wbG95ZWVOdW1iZXIiOiJFTVAtMTAyNSIsImlhdCI6MTc2NTk4MzA4MCwiZXhwIjoxNzY2MDY5NDgwfQ.1z5CJwnON2aZRslxH127hk6j0y0jA0rQM4dhjyawS4Q'[39m
[2m[WebServer] [22m}
[2m[WebServer] [22m≡ƒöì JWT Extractor - Headers: accessToken=eyJhbGciOiJIUzI1NiIsInR5cCI6IkpXVCJ9.eyJzdWIiOiI2OTI5ZTJjMDkzNGQ4ZTA3OWU2ZjU1YjEiLCJ3b3JrRW1haWwiOiJlbmdtYW5hZ2VyLndvcmtAZXhhbXBsZS5jb20iLCJyb2xlcyI6WyJkZXBhcnRtZW50IGhlYWQiXSwicGVybWlzc2lvbnMiOltdLCJwcmltYXJ5RGVwYXJ0bWVudElkIjoiNjkyNzVkOGFmYzExODRhM2IzZTZjNTVmIiwiZW1wbG95ZWVOdW1iZXIiOiJFTVAtMTAyNSIsImlhdCI6MTc2NTk4MzA4MCwiZXhwIjoxNzY2MDY5NDgwfQ.1z5CJwnON2aZRslxH127hk6j0y0jA0rQM4dhjyawS4Q
[2m[WebServer] [22m≡ƒöì JWT Extractor - accessToken: FOUND
[2m[WebServer] [22mJwtStrategy VALIDATE: {
[2m[WebServer] [22m  sub: [32m'6929e2c0934d8e079e6f55b1'[39m,
[2m[WebServer] [22m  workEmail: [32m'engmanager.work@example.com'[39m,
[2m[WebServer] [22m  roles: [ [32m'department head'[39m ],
[2m[WebServer] [22m  permissions: [],
[2m[WebServer] [22m  primaryDepartmentId: [32m'69275d8afc1184a3b3e6c55f'[39m,
[2m[WebServer] [22m  employeeNumber: [32m'EMP-1025'[39m,
[2m[WebServer] [22m  iat: [33m1765983080[39m,
[2m[WebServer] [22m  exp: [33m1766069480[39m
[2m[WebServer] [22m}
[2m[WebServer] [22m≡ƒöÑ JwtAuthGuard: handleRequest() {
[2m[WebServer] [22m  err: [1mnull[22m,
[2m[WebServer] [22m  user: {
[2m[WebServer] [22m    id: [32m'6929e2c0934d8e079e6f55b1'[39m,
[2m[WebServer] [22m    workEmail: [32m'engmanager.work@example.com'[39m,
[2m[WebServer] [22m    roles: [ [32m'department head'[39m ],
[2m[WebServer] [22m    permissions: [],
[2m[WebServer] [22m    primaryDepartmentId: [32m'69275d8afc1184a3b3e6c55f'[39m,
[2m[WebServer] [22m    employeeNumber: [32m'EMP-1025'[39m
[2m[WebServer] [22m  },
[2m[WebServer] [22m  info: [90mundefined[39m
[2m[WebServer] [22m}
[2m[WebServer] [22mΓ£à JwtAuthGuard SUCCESS ΓåÆ user authenticated: 6929e2c0934d8e079e6f55b1
[2m[WebServer] [22m≡ƒöÑ RolesGuard running!
[2m[WebServer] [22m
[2m[WebServer] [22m===== ROLE GUARD =====
[2m[WebServer] [22mRequired roles: [
[2m[WebServer] [22m  [32m'department employee'[39m,
[2m[WebServer] [22m  [32m'HR Employee'[39m,
[2m[WebServer] [22m  [32m'department head'[39m,
[2m[WebServer] [22m  [32m'HR Manager'[39m,
[2m[WebServer] [22m  [32m'HR Admin'[39m,
[2m[WebServer] [22m  [32m'System Admin'[39m
[2m[WebServer] [22m]
[2m[WebServer] [22mUser object: {
[2m[WebServer] [22m  id: [32m'6929e2c0934d8e079e6f55b1'[39m,
[2m[WebServer] [22m  workEmail: [32m'engmanager.work@example.com'[39m,
[2m[WebServer] [22m  roles: [ [32m'department head'[39m ],
[2m[WebServer] [22m  permissions: [],
[2m[WebServer] [22m  primaryDepartmentId: [32m'69275d8afc1184a3b3e6c55f'[39m,
[2m[WebServer] [22m  employeeNumber: [32m'EMP-1025'[39m
[2m[WebServer] [22m}
[2m[WebServer] [22mNormalized user roles: [ [32m'department head'[39m ]
[2m[WebServer] [22mNormalized required roles: [
[2m[WebServer] [22m  [32m'department employee'[39m,
[2m[WebServer] [22m  [32m'hr employee'[39m,
[2m[WebServer] [22m  [32m'department head'[39m,
[2m[WebServer] [22m  [32m'hr manager'[39m,
[2m[WebServer] [22m  [32m'hr admin'[39m,
[2m[WebServer] [22m  [32m'system admin'[39m
[2m[WebServer] [22m]
[2m[WebServer] [22mHas required role? [33mtrue[39m
[2m[WebServer] [22mΓ£ö ACCESS GRANTED Γ£ö
[2m[WebServer] [22m≡ƒöì [TrackingController] getMyHistory: {
[2m[WebServer] [22m  filters: [Object: null prototype] {},
[2m[WebServer] [22m  userId: [32m'6929e2c0934d8e079e6f55b1'[39m
[2m[WebServer] [22m}
Γ£à Login successful
≡ƒôà Testing: REQ-034 (Team calendar)
[2m[WebServer] [22m GET /leaves/team [32m200[39m in 59ms[2m (compile: 3ms, render: 56ms)[22m
[2m[WebServer] [22m≡ƒöÑ JwtAuthGuard: canActivate CALLED
[2m[WebServer] [22m≡ƒöì JWT Extractor - All cookies: {
[2m[WebServer] [22m  accessToken: [32m'eyJhbGciOiJIUzI1NiIsInR5cCI6IkpXVCJ9.eyJzdWIiOiI2OTI5ZTJjMDkzNGQ4ZTA3OWU2ZjU1YjEiLCJ3b3JrRW1haWwiOiJlbmdtYW5hZ2VyLndvcmtAZXhhbXBsZS5jb20iLCJyb2xlcyI6WyJkZXBhcnRtZW50IGhlYWQiXSwicGVybWlzc2lvbnMiOltdLCJwcmltYXJ5RGVwYXJ0bWVudElkIjoiNjkyNzVkOGFmYzExODRhM2IzZTZjNTVmIiwiZW1wbG95ZWVOdW1iZXIiOiJFTVAtMTAyNSIsImlhdCI6MTc2NTk4MzA4MCwiZXhwIjoxNzY2MDY5NDgwfQ.1z5CJwnON2aZRslxH127hk6j0y0jA0rQM4dhjyawS4Q'[39m
[2m[WebServer] [22m}
[2m[WebServer] [22m≡ƒöì JWT Extractor - Headers: accessToken=eyJhbGciOiJIUzI1NiIsInR5cCI6IkpXVCJ9.eyJzdWIiOiI2OTI5ZTJjMDkzNGQ4ZTA3OWU2ZjU1YjEiLCJ3b3JrRW1haWwiOiJlbmdtYW5hZ2VyLndvcmtAZXhhbXBsZS5jb20iLCJyb2xlcyI6WyJkZXBhcnRtZW50IGhlYWQiXSwicGVybWlzc2lvbnMiOltdLCJwcmltYXJ5RGVwYXJ0bWVudElkIjoiNjkyNzVkOGFmYzExODRhM2IzZTZjNTVmIiwiZW1wbG95ZWVOdW1iZXIiOiJFTVAtMTAyNSIsImlhdCI6MTc2NTk4MzA4MCwiZXhwIjoxNzY2MDY5NDgwfQ.1z5CJwnON2aZRslxH127hk6j0y0jA0rQM4dhjyawS4Q
[2m[WebServer] [22m≡ƒöì JWT Extractor - accessToken: FOUND
[2m[WebServer] [22mJwtStrategy VALIDATE: {
[2m[WebServer] [22m  sub: [32m'6929e2c0934d8e079e6f55b1'[39m,
[2m[WebServer] [22m  workEmail: [32m'engmanager.work@example.com'[39m,
[2m[WebServer] [22m  roles: [ [32m'department head'[39m ],
[2m[WebServer] [22m  permissions: [],
[2m[WebServer] [22m  primaryDepartmentId: [32m'69275d8afc1184a3b3e6c55f'[39m,
[2m[WebServer] [22m  employeeNumber: [32m'EMP-1025'[39m,
[2m[WebServer] [22m  iat: [33m1765983080[39m,
[2m[WebServer] [22m  exp: [33m1766069480[39m
[2m[WebServer] [22m}
[2m[WebServer] [22m≡ƒöÑ JwtAuthGuard: handleRequest() {
[2m[WebServer] [22m  err: [1mnull[22m,
[2m[WebServer] [22m  user: {
[2m[WebServer] [22m    id: [32m'6929e2c0934d8e079e6f55b1'[39m,
[2m[WebServer] [22m    workEmail: [32m'engmanager.work@example.com'[39m,
[2m[WebServer] [22m    roles: [ [32m'department head'[39m ],
[2m[WebServer] [22m    permissions: [],
[2m[WebServer] [22m    primaryDepartmentId: [32m'69275d8afc1184a3b3e6c55f'[39m,
[2m[WebServer] [22m    employeeNumber: [32m'EMP-1025'[39m
[2m[WebServer] [22m  },
[2m[WebServer] [22m  info: [90mundefined[39m
[2m[WebServer] [22m}
[2m[WebServer] [22mΓ£à JwtAuthGuard SUCCESS ΓåÆ user authenticated: 6929e2c0934d8e079e6f55b1
[2m[WebServer] [22m≡ƒöÑ JwtAuthGuard: canActivate CALLED
[2m[WebServer] [22m≡ƒöì JWT Extractor - All cookies: {
[2m[WebServer] [22m  accessToken: [32m'eyJhbGciOiJIUzI1NiIsInR5cCI6IkpXVCJ9.eyJzdWIiOiI2OTI5ZTJjMDkzNGQ4ZTA3OWU2ZjU1YjEiLCJ3b3JrRW1haWwiOiJlbmdtYW5hZ2VyLndvcmtAZXhhbXBsZS5jb20iLCJyb2xlcyI6WyJkZXBhcnRtZW50IGhlYWQiXSwicGVybWlzc2lvbnMiOltdLCJwcmltYXJ5RGVwYXJ0bWVudElkIjoiNjkyNzVkOGFmYzExODRhM2IzZTZjNTVmIiwiZW1wbG95ZWVOdW1iZXIiOiJFTVAtMTAyNSIsImlhdCI6MTc2NTk4MzA4MCwiZXhwIjoxNzY2MDY5NDgwfQ.1z5CJwnON2aZRslxH127hk6j0y0jA0rQM4dhjyawS4Q'[39m
[2m[WebServer] [22m}
[2m[WebServer] [22m≡ƒöì JWT Extractor - Headers: accessToken=eyJhbGciOiJIUzI1NiIsInR5cCI6IkpXVCJ9.eyJzdWIiOiI2OTI5ZTJjMDkzNGQ4ZTA3OWU2ZjU1YjEiLCJ3b3JrRW1haWwiOiJlbmdtYW5hZ2VyLndvcmtAZXhhbXBsZS5jb20iLCJyb2xlcyI6WyJkZXBhcnRtZW50IGhlYWQiXSwicGVybWlzc2lvbnMiOltdLCJwcmltYXJ5RGVwYXJ0bWVudElkIjoiNjkyNzVkOGFmYzExODRhM2IzZTZjNTVmIiwiZW1wbG95ZWVOdW1iZXIiOiJFTVAtMTAyNSIsImlhdCI6MTc2NTk4MzA4MCwiZXhwIjoxNzY2MDY5NDgwfQ.1z5CJwnON2aZRslxH127hk6j0y0jA0rQM4dhjyawS4Q
[2m[WebServer] [22m≡ƒöì JWT Extractor - accessToken: FOUND
[2m[WebServer] [22mJwtStrategy VALIDATE: {
[2m[WebServer] [22m  sub: [32m'6929e2c0934d8e079e6f55b1'[39m,
[2m[WebServer] [22m  workEmail: [32m'engmanager.work@example.com'[39m,
[2m[WebServer] [22m  roles: [ [32m'department head'[39m ],
[2m[WebServer] [22m  permissions: [],
[2m[WebServer] [22m  primaryDepartmentId: [32m'69275d8afc1184a3b3e6c55f'[39m,
[2m[WebServer] [22m  employeeNumber: [32m'EMP-1025'[39m,
[2m[WebServer] [22m  iat: [33m1765983080[39m,
[2m[WebServer] [22m  exp: [33m1766069480[39m
[2m[WebServer] [22m}
[2m[WebServer] [22m≡ƒöÑ JwtAuthGuard: handleRequest() {
[2m[WebServer] [22m  err: [1mnull[22m,
[2m[WebServer] [22m  user: {
[2m[WebServer] [22m    id: [32m'6929e2c0934d8e079e6f55b1'[39m,
[2m[WebServer] [22m    workEmail: [32m'engmanager.work@example.com'[39m,
[2m[WebServer] [22m    roles: [ [32m'department head'[39m ],
[2m[WebServer] [22m    permissions: [],
[2m[WebServer] [22m    primaryDepartmentId: [32m'69275d8afc1184a3b3e6c55f'[39m,
[2m[WebServer] [22m    employeeNumber: [32m'EMP-1025'[39m
[2m[WebServer] [22m  },
[2m[WebServer] [22m  info: [90mundefined[39m
[2m[WebServer] [22m}
[2m[WebServer] [22mΓ£à JwtAuthGuard SUCCESS ΓåÆ user authenticated: 6929e2c0934d8e079e6f55b1
[2m[WebServer] [22m≡ƒöÑ RolesGuard running!
[2m[WebServer] [22m
[2m[WebServer] [22m===== ROLE GUARD =====
[2m[WebServer] [22mRequired roles: [ [32m'department head'[39m, [32m'HR Manager'[39m ]
[2m[WebServer] [22mUser object: {
[2m[WebServer] [22m  id: [32m'6929e2c0934d8e079e6f55b1'[39m,
[2m[WebServer] [22m  workEmail: [32m'engmanager.work@example.com'[39m,
[2m[WebServer] [22m  roles: [ [32m'department head'[39m ],
[2m[WebServer] [22m  permissions: [],
[2m[WebServer] [22m  primaryDepartmentId: [32m'69275d8afc1184a3b3e6c55f'[39m,
[2m[WebServer] [22m  employeeNumber: [32m'EMP-1025'[39m
[2m[WebServer] [22m}
[2m[WebServer] [22mNormalized user roles: [ [32m'department head'[39m ]
[2m[WebServer] [22mNormalized required roles: [ [32m'department head'[39m, [32m'hr manager'[39m ]
[2m[WebServer] [22mHas required role? [33mtrue[39m
[2m[WebServer] [22mΓ£ö ACCESS GRANTED Γ£ö
[2m[WebServer] [22m≡ƒöì [RequestsController] getTeamRequests: { managerId: [90mundefined[39m }
[2m[WebServer] [22m≡ƒöÑ JwtAuthGuard: canActivate CALLED
[2m[WebServer] [22m≡ƒöì JWT Extractor - All cookies: {
[2m[WebServer] [22m  accessToken: [32m'eyJhbGciOiJIUzI1NiIsInR5cCI6IkpXVCJ9.eyJzdWIiOiI2OTI5ZTJjMDkzNGQ4ZTA3OWU2ZjU1YjEiLCJ3b3JrRW1haWwiOiJlbmdtYW5hZ2VyLndvcmtAZXhhbXBsZS5jb20iLCJyb2xlcyI6WyJkZXBhcnRtZW50IGhlYWQiXSwicGVybWlzc2lvbnMiOltdLCJwcmltYXJ5RGVwYXJ0bWVudElkIjoiNjkyNzVkOGFmYzExODRhM2IzZTZjNTVmIiwiZW1wbG95ZWVOdW1iZXIiOiJFTVAtMTAyNSIsImlhdCI6MTc2NTk4MzA4MCwiZXhwIjoxNzY2MDY5NDgwfQ.1z5CJwnON2aZRslxH127hk6j0y0jA0rQM4dhjyawS4Q'[39m
[2m[WebServer] [22m}
[2m[WebServer] [22m≡ƒöì JWT Extractor - Headers: accessToken=eyJhbGciOiJIUzI1NiIsInR5cCI6IkpXVCJ9.eyJzdWIiOiI2OTI5ZTJjMDkzNGQ4ZTA3OWU2ZjU1YjEiLCJ3b3JrRW1haWwiOiJlbmdtYW5hZ2VyLndvcmtAZXhhbXBsZS5jb20iLCJyb2xlcyI6WyJkZXBhcnRtZW50IGhlYWQiXSwicGVybWlzc2lvbnMiOltdLCJwcmltYXJ5RGVwYXJ0bWVudElkIjoiNjkyNzVkOGFmYzExODRhM2IzZTZjNTVmIiwiZW1wbG95ZWVOdW1iZXIiOiJFTVAtMTAyNSIsImlhdCI6MTc2NTk4MzA4MCwiZXhwIjoxNzY2MDY5NDgwfQ.1z5CJwnON2aZRslxH127hk6j0y0jA0rQM4dhjyawS4Q
[2m[WebServer] [22m≡ƒöì JWT Extractor - accessToken: FOUND
[2m[WebServer] [22mJwtStrategy VALIDATE: {
[2m[WebServer] [22m  sub: [32m'6929e2c0934d8e079e6f55b1'[39m,
[2m[WebServer] [22m  workEmail: [32m'engmanager.work@example.com'[39m,
[2m[WebServer] [22m  roles: [ [32m'department head'[39m ],
[2m[WebServer] [22m  permissions: [],
[2m[WebServer] [22m  primaryDepartmentId: [32m'69275d8afc1184a3b3e6c55f'[39m,
[2m[WebServer] [22m  employeeNumber: [32m'EMP-1025'[39m,
[2m[WebServer] [22m  iat: [33m1765983080[39m,
[2m[WebServer] [22m  exp: [33m1766069480[39m
[2m[WebServer] [22m}
[2m[WebServer] [22m≡ƒöÑ JwtAuthGuard: handleRequest() {
[2m[WebServer] [22m  err: [1mnull[22m,
[2m[WebServer] [22m  user: {
[2m[WebServer] [22m    id: [32m'6929e2c0934d8e079e6f55b1'[39m,
[2m[WebServer] [22m    workEmail: [32m'engmanager.work@example.com'[39m,
[2m[WebServer] [22m    roles: [ [32m'department head'[39m ],
[2m[WebServer] [22m    permissions: [],
[2m[WebServer] [22m    primaryDepartmentId: [32m'69275d8afc1184a3b3e6c55f'[39m,
[2m[WebServer] [22m    employeeNumber: [32m'EMP-1025'[39m
[2m[WebServer] [22m  },
[2m[WebServer] [22m  info: [90mundefined[39m
[2m[WebServer] [22m}
[2m[WebServer] [22mΓ£à JwtAuthGuard SUCCESS ΓåÆ user authenticated: 6929e2c0934d8e079e6f55b1
[2m[WebServer] [22m≡ƒöÑ RolesGuard running!
[2m[WebServer] [22m
[2m[WebServer] [22m===== ROLE GUARD =====
[2m[WebServer] [22mRequired roles: [ [32m'department head'[39m, [32m'HR Manager'[39m ]
[2m[WebServer] [22mUser object: {
[2m[WebServer] [22m  id: [32m'6929e2c0934d8e079e6f55b1'[39m,
[2m[WebServer] [22m  workEmail: [32m'engmanager.work@example.com'[39m,
[2m[WebServer] [22m  roles: [ [32m'department head'[39m ],
[2m[WebServer] [22m  permissions: [],
[2m[WebServer] [22m  primaryDepartmentId: [32m'69275d8afc1184a3b3e6c55f'[39m,
[2m[WebServer] [22m  employeeNumber: [32m'EMP-1025'[39m
[2m[WebServer] [22m}
[2m[WebServer] [22mNormalized user roles: [ [32m'department head'[39m ]
[2m[WebServer] [22mNormalized required roles: [ [32m'department head'[39m, [32m'hr manager'[39m ]
[2m[WebServer] [22mHas required role? [33mtrue[39m
[2m[WebServer] [22mΓ£ö ACCESS GRANTED Γ£ö
[2m[WebServer] [22m≡ƒöì [TrackingController] getTeamBalances: {
[2m[WebServer] [22m  filters: [Object: null prototype] {},
[2m[WebServer] [22m  managerId: [32m'6929e2c0934d8e079e6f55b1'[39m
[2m[WebServer] [22m}
[2m[WebServer] [22mDepartment ID from logged in user: 69275d8afc1184a3b3e6c55f
Γ£à Team calendar accessible - REQ-034 validated
  Γ£ô  27 [chromium] ΓÇ║ leave-tests.spec.ts:441:7 ΓÇ║ ≡ƒæ¿ΓÇì≡ƒÆ╝ MANAGER (EMP-1025 - Engineering) - Approval & Team Management ΓÇ║ Γ£à J7: View team calendar (REQ-034) (9.5s)
≡ƒöÉ Logging in as: engmanager.work@example.com
[2m[WebServer] [22m GET /login [32m200[39m in 43ms[2m (compile: 3ms, render: 40ms)[22m
[2m[WebServer] [22m≡ƒöÑ JwtAuthGuard: canActivate CALLED
[2m[WebServer] [22m≡ƒöì JWT Extractor - All cookies: [Object: null prototype] {}
[2m[WebServer] [22m≡ƒöì JWT Extractor - Headers: [90mundefined[39m
[2m[WebServer] [22m≡ƒöì JWT Extractor - accessToken: NOT FOUND
[2m[WebServer] [22m≡ƒöÑ JwtAuthGuard: handleRequest() {
[2m[WebServer] [22m  err: [1mnull[22m,
[2m[WebServer] [22m  user: [33mfalse[39m,
[2m[WebServer] [22m  info: Error: No auth token
[2m[WebServer] [22m      at JwtStrategy.authenticate [90m(C:\Users\Bedon\Desktop\semester-5-software-project\backend\[39mnode_modules\[4mpassport-jwt[24m\lib\strategy.js:96:26[90m)[39m
[2m[WebServer] [22m      at attempt [90m(C:\Users\Bedon\Desktop\semester-5-software-project\backend\[39mnode_modules\[4mpassport[24m\lib\middleware\authenticate.js:378:16[90m)[39m
[2m[WebServer] [22m      at authenticate [90m(C:\Users\Bedon\Desktop\semester-5-software-project\backend\[39mnode_modules\[4mpassport[24m\lib\middleware\authenticate.js:379:7[90m)[39m
[2m[WebServer] [22m      at [90mC:\Users\Bedon\Desktop\semester-5-software-project\backend\[39mnode_modules\[4m@nestjs[24m\passport\dist\auth.guard.js:88:3
[2m[WebServer] [22m      at new Promise (<anonymous>)
[2m[WebServer] [22m      at [90mC:\Users\Bedon\Desktop\semester-5-software-project\backend\[39mnode_modules\[4m@nestjs[24m\passport\dist\auth.guard.js:80:83
[2m[WebServer] [22m      at JwtAuthGuard.canActivate [90m(C:\Users\Bedon\Desktop\semester-5-software-project\backend\[39mnode_modules\[4m@nestjs[24m\passport\dist\auth.guard.js:44:32[90m)[39m
[2m[WebServer] [22m  [90m    at process.processTicksAndRejections (node:internal/process/task_queues:105:5)[39m
[2m[WebServer] [22m}
[2m[WebServer] [22mΓ¥î JwtAuthGuard INFO: Error: No auth token
[2m[WebServer] [22m    at JwtStrategy.authenticate 
[90m(C:\Users\Bedon\Desktop\semester-5-software-project\backend\[39mnode_modules\[4mpassport-jwt[24m\lib\strategy.js:96:26[90m)[39m
[2m[WebServer] [22m    at attempt [90m(C:\Users\Bedon\Desktop\semester-5-software-project\backend\[39mnode_modules\[4mpassport[24m\lib\mi
ddleware\authenticate.js:378:16[90m)[39m
[2m[WebServer] [22m    at authenticate [90m(C:\Users\Bedon\Desktop\semester-5-software-project\backend\[39mnode_modules\[4mpassport[24m\l
ib\middleware\authenticate.js:379:7[90m)[39m
[2m[WebServer] [22m    at 
[90mC:\Users\Bedon\Desktop\semester-5-software-project\backend\[39mnode_modules\[4m@nestjs[24m\passport\dist\auth.guard.js:88:3
[2m[WebServer] [22m    at new Promise (<anonymous>)
[2m[WebServer] [22m    at 
[90mC:\Users\Bedon\Desktop\semester-5-software-project\backend\[39mnode_modules\[4m@nestjs[24m\passport\dist\auth.guard.js:80:83
[2m[WebServer] [22m    at JwtAuthGuard.canActivate [90m(C:\Users\Bedon\Desktop\semester-5-software-project\backend\[39mnode_modules\[4m@ne
stjs[24m\passport\dist\auth.guard.js:44:32[90m)[39m
[2m[WebServer] [22m[90m    at process.processTicksAndRejections (node:internal/process/task_queues:105:5)[39m
[2m[WebServer] [22mΓ¥î JwtAuthGuard FAILING ΓåÆ No auth token
[2m[WebServer] [22mVALIDATE EMPLOYEE - systemRole = {
[2m[WebServer] [22m  _id: new ObjectId([32m'6929e2c0934d8e079e6f55b3'[39m),
[2m[WebServer] [22m  employeeProfileId: new ObjectId([32m'6929e2c0934d8e079e6f55b1'[39m),
[2m[WebServer] [22m  roles: [ [32m'department head'[39m ],
[2m[WebServer] [22m  permissions: [],
[2m[WebServer] [22m  isActive: [33mtrue[39m,
[2m[WebServer] [22m  createdAt: [35m2025-11-28T17:58:24.325Z[39m,
[2m[WebServer] [22m  updatedAt: [35m2025-11-28T17:58:24.325Z[39m,
[2m[WebServer] [22m  __v: [33m0[39m
[2m[WebServer] [22m}
[2m[WebServer] [22mGenerated token: eyJhbGciOiJIUzI1NiIsInR5cCI6IkpXVCJ9.eyJzdWIiOiI2OTI5ZTJjMDkzNGQ4ZTA3OWU2ZjU1YjEiLCJ3b3JrRW1haWwiOiJlbmdtYW5hZ2VyLndvcmtAZXhhbXBsZS5jb20iLCJyb2xlcyI6WyJkZXBhcnRtZW50IGhlYWQiXSwicGVybWlzc2lvbnMiOltdLCJwcmltYXJ5RGVwYXJ0bWVudElkIjoiNjkyNzVkOGFmYzExODRhM2IzZTZjNTVmIiwiZW1wbG95ZWVOdW1iZXIiOiJFTVAtMTAyNSIsImlhdCI6MTc2NTk4MzA4OSwiZXhwIjoxNzY2MDY5NDg5fQ.AtfputPk3zYf16NYtnKdB0vFD-4l1nbuk9EVhHF__xI
[2m[WebServer] [22m GET /leaves [32m200[39m in 17ms[2m (compile: 3ms, render: 14ms)[22m
[2m[WebServer] [22m≡ƒöÑ JwtAuthGuard: canActivate CALLED
[2m[WebServer] [22m≡ƒöì JWT Extractor - All cookies: {
[2m[WebServer] [22m  accessToken: [32m'eyJhbGciOiJIUzI1NiIsInR5cCI6IkpXVCJ9.eyJzdWIiOiI2OTI5ZTJjMDkzNGQ4ZTA3OWU2ZjU1YjEiLCJ3b3JrRW1haWwiOiJlbmdtYW5hZ2VyLndvcmtAZXhhbXBsZS5jb20iLCJyb2xlcyI6WyJkZXBhcnRtZW50IGhlYWQiXSwicGVybWlzc2lvbnMiOltdLCJwcmltYXJ5RGVwYXJ0bWVudElkIjoiNjkyNzVkOGFmYzExODRhM2IzZTZjNTVmIiwiZW1wbG95ZWVOdW1iZXIiOiJFTVAtMTAyNSIsImlhdCI6MTc2NTk4MzA4OSwiZXhwIjoxNzY2MDY5NDg5fQ.AtfputPk3zYf16NYtnKdB0vFD-4l1nbuk9EVhHF__xI'[39m
[2m[WebServer] [22m}
[2m[WebServer] [22m≡ƒöì JWT Extractor - Headers: accessToken=eyJhbGciOiJIUzI1NiIsInR5cCI6IkpXVCJ9.eyJzdWIiOiI2OTI5ZTJjMDkzNGQ4ZTA3OWU2ZjU1YjEiLCJ3b3JrRW1haWwiOiJlbmdtYW5hZ2VyLndvcmtAZXhhbXBsZS5jb20iLCJyb2xlcyI6WyJkZXBhcnRtZW50IGhlYWQiXSwicGVybWlzc2lvbnMiOltdLCJwcmltYXJ5RGVwYXJ0bWVudElkIjoiNjkyNzVkOGFmYzExODRhM2IzZTZjNTVmIiwiZW1wbG95ZWVOdW1iZXIiOiJFTVAtMTAyNSIsImlhdCI6MTc2NTk4MzA4OSwiZXhwIjoxNzY2MDY5NDg5fQ.AtfputPk3zYf16NYtnKdB0vFD-4l1nbuk9EVhHF__xI
[2m[WebServer] [22m≡ƒöì JWT Extractor - accessToken: FOUND
[2m[WebServer] [22mJwtStrategy VALIDATE: {
[2m[WebServer] [22m  sub: [32m'6929e2c0934d8e079e6f55b1'[39m,
[2m[WebServer] [22m  workEmail: [32m'engmanager.work@example.com'[39m,
[2m[WebServer] [22m  roles: [ [32m'department head'[39m ],
[2m[WebServer] [22m  permissions: [],
[2m[WebServer] [22m  primaryDepartmentId: [32m'69275d8afc1184a3b3e6c55f'[39m,
[2m[WebServer] [22m  employeeNumber: [32m'EMP-1025'[39m,
[2m[WebServer] [22m  iat: [33m1765983089[39m,
[2m[WebServer] [22m  exp: [33m1766069489[39m
[2m[WebServer] [22m}
[2m[WebServer] [22m≡ƒöÑ JwtAuthGuard: handleRequest() {
[2m[WebServer] [22m  err: [1mnull[22m,
[2m[WebServer] [22m  user: {
[2m[WebServer] [22m    id: [32m'6929e2c0934d8e079e6f55b1'[39m,
[2m[WebServer] [22m    workEmail: [32m'engmanager.work@example.com'[39m,
[2m[WebServer] [22m    roles: [ [32m'department head'[39m ],
[2m[WebServer] [22m    permissions: [],
[2m[WebServer] [22m    primaryDepartmentId: [32m'69275d8afc1184a3b3e6c55f'[39m,
[2m[WebServer] [22m    employeeNumber: [32m'EMP-1025'[39m
[2m[WebServer] [22m  },
[2m[WebServer] [22m  info: [90mundefined[39m
[2m[WebServer] [22m}
[2m[WebServer] [22mΓ£à JwtAuthGuard SUCCESS ΓåÆ user authenticated: 6929e2c0934d8e079e6f55b1
[2m[WebServer] [22m≡ƒöÑ RolesGuard running!
[2m[WebServer] [22m
[2m[WebServer] [22m===== ROLE GUARD =====
[2m[WebServer] [22mRequired roles: [
[2m[WebServer] [22m  [32m'department employee'[39m,
[2m[WebServer] [22m  [32m'HR Employee'[39m,
[2m[WebServer] [22m  [32m'department head'[39m,
[2m[WebServer] [22m  [32m'HR Manager'[39m,
[2m[WebServer] [22m  [32m'HR Admin'[39m,
[2m[WebServer] [22m  [32m'System Admin'[39m
[2m[WebServer] [22m]
[2m[WebServer] [22mUser object: {
[2m[WebServer] [22m  id: [32m'6929e2c0934d8e079e6f55b1'[39m,
[2m[WebServer] [22m  workEmail: [32m'engmanager.work@example.com'[39m,
[2m[WebServer] [22m  roles: [ [32m'department head'[39m ],
[2m[WebServer] [22m  permissions: [],
[2m[WebServer] [22m  primaryDepartmentId: [32m'69275d8afc1184a3b3e6c55f'[39m,
[2m[WebServer] [22m  employeeNumber: [32m'EMP-1025'[39m
[2m[WebServer] [22m}
[2m[WebServer] [22mNormalized user roles: [ [32m'department head'[39m ]
[2m[WebServer] [22mNormalized required roles: [
[2m[WebServer] [22m  [32m'department employee'[39m,
[2m[WebServer] [22m  [32m'hr employee'[39m,
[2m[WebServer] [22m  [32m'department head'[39m,
[2m[WebServer] [22m  [32m'hr manager'[39m,
[2m[WebServer] [22m  [32m'hr admin'[39m,
[2m[WebServer] [22m  [32m'system admin'[39m
[2m[WebServer] [22m]
[2m[WebServer] [22mHas required role? [33mtrue[39m
[2m[WebServer] [22mΓ£ö ACCESS GRANTED Γ£ö
[2m[WebServer] [22m≡ƒöì [TrackingController] getMyBalances: {
[2m[WebServer] [22m  query: [Object: null prototype] {},
[2m[WebServer] [22m  userId: [32m'6929e2c0934d8e079e6f55b1'[39m
[2m[WebServer] [22m}
[2m[WebServer] [22m≡ƒöÑ JwtAuthGuard: canActivate CALLED
[2m[WebServer] [22m≡ƒöì JWT Extractor - All cookies: {
[2m[WebServer] [22m  accessToken: [32m'eyJhbGciOiJIUzI1NiIsInR5cCI6IkpXVCJ9.eyJzdWIiOiI2OTI5ZTJjMDkzNGQ4ZTA3OWU2ZjU1YjEiLCJ3b3JrRW1haWwiOiJlbmdtYW5hZ2VyLndvcmtAZXhhbXBsZS5jb20iLCJyb2xlcyI6WyJkZXBhcnRtZW50IGhlYWQiXSwicGVybWlzc2lvbnMiOltdLCJwcmltYXJ5RGVwYXJ0bWVudElkIjoiNjkyNzVkOGFmYzExODRhM2IzZTZjNTVmIiwiZW1wbG95ZWVOdW1iZXIiOiJFTVAtMTAyNSIsImlhdCI6MTc2NTk4MzA4OSwiZXhwIjoxNzY2MDY5NDg5fQ.AtfputPk3zYf16NYtnKdB0vFD-4l1nbuk9EVhHF__xI'[39m
[2m[WebServer] [22m}
[2m[WebServer] [22m≡ƒöì JWT Extractor - Headers: accessToken=eyJhbGciOiJIUzI1NiIsInR5cCI6IkpXVCJ9.eyJzdWIiOiI2OTI5ZTJjMDkzNGQ4ZTA3OWU2ZjU1YjEiLCJ3b3JrRW1haWwiOiJlbmdtYW5hZ2VyLndvcmtAZXhhbXBsZS5jb20iLCJyb2xlcyI6WyJkZXBhcnRtZW50IGhlYWQiXSwicGVybWlzc2lvbnMiOltdLCJwcmltYXJ5RGVwYXJ0bWVudElkIjoiNjkyNzVkOGFmYzExODRhM2IzZTZjNTVmIiwiZW1wbG95ZWVOdW1iZXIiOiJFTVAtMTAyNSIsImlhdCI6MTc2NTk4MzA4OSwiZXhwIjoxNzY2MDY5NDg5fQ.AtfputPk3zYf16NYtnKdB0vFD-4l1nbuk9EVhHF__xI
[2m[WebServer] [22m≡ƒöì JWT Extractor - accessToken: FOUND
[2m[WebServer] [22mJwtStrategy VALIDATE: {
[2m[WebServer] [22m  sub: [32m'6929e2c0934d8e079e6f55b1'[39m,
[2m[WebServer] [22m  workEmail: [32m'engmanager.work@example.com'[39m,
[2m[WebServer] [22m  roles: [ [32m'department head'[39m ],
[2m[WebServer] [22m  permissions: [],
[2m[WebServer] [22m  primaryDepartmentId: [32m'69275d8afc1184a3b3e6c55f'[39m,
[2m[WebServer] [22m  employeeNumber: [32m'EMP-1025'[39m,
[2m[WebServer] [22m  iat: [33m1765983089[39m,
[2m[WebServer] [22m  exp: [33m1766069489[39m
[2m[WebServer] [22m}
[2m[WebServer] [22m≡ƒöÑ JwtAuthGuard: handleRequest() {
[2m[WebServer] [22m  err: [1mnull[22m,
[2m[WebServer] [22m  user: {
[2m[WebServer] [22m    id: [32m'6929e2c0934d8e079e6f55b1'[39m,
[2m[WebServer] [22m    workEmail: [32m'engmanager.work@example.com'[39m,
[2m[WebServer] [22m    roles: [ [32m'department head'[39m ],
[2m[WebServer] [22m    permissions: [],
[2m[WebServer] [22m    primaryDepartmentId: [32m'69275d8afc1184a3b3e6c55f'[39m,
[2m[WebServer] [22m    employeeNumber: [32m'EMP-1025'[39m
[2m[WebServer] [22m  },
[2m[WebServer] [22m  info: [90mundefined[39m
[2m[WebServer] [22m}
[2m[WebServer] [22mΓ£à JwtAuthGuard SUCCESS ΓåÆ user authenticated: 6929e2c0934d8e079e6f55b1
[2m[WebServer] [22m≡ƒöÑ RolesGuard running!
[2m[WebServer] [22m
[2m[WebServer] [22m===== ROLE GUARD =====
[2m[WebServer] [22mRequired roles: [
[2m[WebServer] [22m  [32m'department employee'[39m,
[2m[WebServer] [22m  [32m'HR Employee'[39m,
[2m[WebServer] [22m  [32m'department head'[39m,
[2m[WebServer] [22m  [32m'HR Manager'[39m,
[2m[WebServer] [22m  [32m'HR Admin'[39m,
[2m[WebServer] [22m  [32m'System Admin'[39m
[2m[WebServer] [22m]
[2m[WebServer] [22mUser object: {
[2m[WebServer] [22m  id: [32m'6929e2c0934d8e079e6f55b1'[39m,
[2m[WebServer] [22m  workEmail: [32m'engmanager.work@example.com'[39m,
[2m[WebServer] [22m  roles: [ [32m'department head'[39m ],
[2m[WebServer] [22m  permissions: [],
[2m[WebServer] [22m  primaryDepartmentId: [32m'69275d8afc1184a3b3e6c55f'[39m,
[2m[WebServer] [22m  employeeNumber: [32m'EMP-1025'[39m
[2m[WebServer] [22m}
[2m[WebServer] [22mNormalized user roles: [ [32m'department head'[39m ]
[2m[WebServer] [22mNormalized required roles: [
[2m[WebServer] [22m  [32m'department employee'[39m,
[2m[WebServer] [22m  [32m'hr employee'[39m,
[2m[WebServer] [22m  [32m'department head'[39m,
[2m[WebServer] [22m  [32m'hr manager'[39m,
[2m[WebServer] [22m  [32m'hr admin'[39m,
[2m[WebServer] [22m  [32m'system admin'[39m
[2m[WebServer] [22m]
[2m[WebServer] [22mHas required role? [33mtrue[39m
[2m[WebServer] [22mΓ£ö ACCESS GRANTED Γ£ö
[2m[WebServer] [22m≡ƒöì [TrackingController] getMyHistory: {
[2m[WebServer] [22m  filters: [Object: null prototype] {},
[2m[WebServer] [22m  userId: [32m'6929e2c0934d8e079e6f55b1'[39m
[2m[WebServer] [22m}
Γ£à Login successful
≡ƒöì Testing: REQ-005 (Filter requests)
[2m[WebServer] [22m GET /leaves/team [32m200[39m in 41ms[2m (compile: 3ms, render: 39ms)[22m
[2m[WebServer] [22m≡ƒöÑ JwtAuthGuard: canActivate CALLED
[2m[WebServer] [22m≡ƒöì JWT Extractor - All cookies: {
[2m[WebServer] [22m  accessToken: [32m'eyJhbGciOiJIUzI1NiIsInR5cCI6IkpXVCJ9.eyJzdWIiOiI2OTI5ZTJjMDkzNGQ4ZTA3OWU2ZjU1YjEiLCJ3b3JrRW1haWwiOiJlbmdtYW5hZ2VyLndvcmtAZXhhbXBsZS5jb20iLCJyb2xlcyI6WyJkZXBhcnRtZW50IGhlYWQiXSwicGVybWlzc2lvbnMiOltdLCJwcmltYXJ5RGVwYXJ0bWVudElkIjoiNjkyNzVkOGFmYzExODRhM2IzZTZjNTVmIiwiZW1wbG95ZWVOdW1iZXIiOiJFTVAtMTAyNSIsImlhdCI6MTc2NTk4MzA4OSwiZXhwIjoxNzY2MDY5NDg5fQ.AtfputPk3zYf16NYtnKdB0vFD-4l1nbuk9EVhHF__xI'[39m
[2m[WebServer] [22m}
[2m[WebServer] [22m≡ƒöì JWT Extractor - Headers: accessToken=eyJhbGciOiJIUzI1NiIsInR5cCI6IkpXVCJ9.eyJzdWIiOiI2OTI5ZTJjMDkzNGQ4ZTA3OWU2ZjU1YjEiLCJ3b3JrRW1haWwiOiJlbmdtYW5hZ2VyLndvcmtAZXhhbXBsZS5jb20iLCJyb2xlcyI6WyJkZXBhcnRtZW50IGhlYWQiXSwicGVybWlzc2lvbnMiOltdLCJwcmltYXJ5RGVwYXJ0bWVudElkIjoiNjkyNzVkOGFmYzExODRhM2IzZTZjNTVmIiwiZW1wbG95ZWVOdW1iZXIiOiJFTVAtMTAyNSIsImlhdCI6MTc2NTk4MzA4OSwiZXhwIjoxNzY2MDY5NDg5fQ.AtfputPk3zYf16NYtnKdB0vFD-4l1nbuk9EVhHF__xI
[2m[WebServer] [22m≡ƒöì JWT Extractor - accessToken: FOUND
[2m[WebServer] [22mJwtStrategy VALIDATE: {
[2m[WebServer] [22m  sub: [32m'6929e2c0934d8e079e6f55b1'[39m,
[2m[WebServer] [22m  workEmail: [32m'engmanager.work@example.com'[39m,
[2m[WebServer] [22m  roles: [ [32m'department head'[39m ],
[2m[WebServer] [22m  permissions: [],
[2m[WebServer] [22m  primaryDepartmentId: [32m'69275d8afc1184a3b3e6c55f'[39m,
[2m[WebServer] [22m  employeeNumber: [32m'EMP-1025'[39m,
[2m[WebServer] [22m  iat: [33m1765983089[39m,
[2m[WebServer] [22m  exp: [33m1766069489[39m
[2m[WebServer] [22m}
[2m[WebServer] [22m≡ƒöÑ JwtAuthGuard: handleRequest() {
[2m[WebServer] [22m  err: [1mnull[22m,
[2m[WebServer] [22m  user: {
[2m[WebServer] [22m    id: [32m'6929e2c0934d8e079e6f55b1'[39m,
[2m[WebServer] [22m    workEmail: [32m'engmanager.work@example.com'[39m,
[2m[WebServer] [22m    roles: [ [32m'department head'[39m ],
[2m[WebServer] [22m    permissions: [],
[2m[WebServer] [22m    primaryDepartmentId: [32m'69275d8afc1184a3b3e6c55f'[39m,
[2m[WebServer] [22m    employeeNumber: [32m'EMP-1025'[39m
[2m[WebServer] [22m  },
[2m[WebServer] [22m  info: [90mundefined[39m
[2m[WebServer] [22m}
[2m[WebServer] [22mΓ£à JwtAuthGuard SUCCESS ΓåÆ user authenticated: 6929e2c0934d8e079e6f55b1
[2m[WebServer] [22m≡ƒöÑ JwtAuthGuard: canActivate CALLED
[2m[WebServer] [22m≡ƒöì JWT Extractor - All cookies: {
[2m[WebServer] [22m  accessToken: [32m'eyJhbGciOiJIUzI1NiIsInR5cCI6IkpXVCJ9.eyJzdWIiOiI2OTI5ZTJjMDkzNGQ4ZTA3OWU2ZjU1YjEiLCJ3b3JrRW1haWwiOiJlbmdtYW5hZ2VyLndvcmtAZXhhbXBsZS5jb20iLCJyb2xlcyI6WyJkZXBhcnRtZW50IGhlYWQiXSwicGVybWlzc2lvbnMiOltdLCJwcmltYXJ5RGVwYXJ0bWVudElkIjoiNjkyNzVkOGFmYzExODRhM2IzZTZjNTVmIiwiZW1wbG95ZWVOdW1iZXIiOiJFTVAtMTAyNSIsImlhdCI6MTc2NTk4MzA4OSwiZXhwIjoxNzY2MDY5NDg5fQ.AtfputPk3zYf16NYtnKdB0vFD-4l1nbuk9EVhHF__xI'[39m
[2m[WebServer] [22m}
[2m[WebServer] [22m≡ƒöì JWT Extractor - Headers: accessToken=eyJhbGciOiJIUzI1NiIsInR5cCI6IkpXVCJ9.eyJzdWIiOiI2OTI5ZTJjMDkzNGQ4ZTA3OWU2ZjU1YjEiLCJ3b3JrRW1haWwiOiJlbmdtYW5hZ2VyLndvcmtAZXhhbXBsZS5jb20iLCJyb2xlcyI6WyJkZXBhcnRtZW50IGhlYWQiXSwicGVybWlzc2lvbnMiOltdLCJwcmltYXJ5RGVwYXJ0bWVudElkIjoiNjkyNzVkOGFmYzExODRhM2IzZTZjNTVmIiwiZW1wbG95ZWVOdW1iZXIiOiJFTVAtMTAyNSIsImlhdCI6MTc2NTk4MzA4OSwiZXhwIjoxNzY2MDY5NDg5fQ.AtfputPk3zYf16NYtnKdB0vFD-4l1nbuk9EVhHF__xI
[2m[WebServer] [22m≡ƒöì JWT Extractor - accessToken: FOUND
[2m[WebServer] [22mJwtStrategy VALIDATE: {
[2m[WebServer] [22m  sub: [32m'6929e2c0934d8e079e6f55b1'[39m,
[2m[WebServer] [22m  workEmail: [32m'engmanager.work@example.com'[39m,
[2m[WebServer] [22m  roles: [ [32m'department head'[39m ],
[2m[WebServer] [22m  permissions: [],
[2m[WebServer] [22m  primaryDepartmentId: [32m'69275d8afc1184a3b3e6c55f'[39m,
[2m[WebServer] [22m  employeeNumber: [32m'EMP-1025'[39m,
[2m[WebServer] [22m  iat: [33m1765983089[39m,
[2m[WebServer] [22m  exp: [33m1766069489[39m
[2m[WebServer] [22m}
[2m[WebServer] [22m≡ƒöÑ JwtAuthGuard: handleRequest() {
[2m[WebServer] [22m  err: [1mnull[22m,
[2m[WebServer] [22m  user: {
[2m[WebServer] [22m    id: [32m'6929e2c0934d8e079e6f55b1'[39m,
[2m[WebServer] [22m    workEmail: [32m'engmanager.work@example.com'[39m,
[2m[WebServer] [22m    roles: [ [32m'department head'[39m ],
[2m[WebServer] [22m    permissions: [],
[2m[WebServer] [22m    primaryDepartmentId: [32m'69275d8afc1184a3b3e6c55f'[39m,
[2m[WebServer] [22m    employeeNumber: [32m'EMP-1025'[39m
[2m[WebServer] [22m  },
[2m[WebServer] [22m  info: [90mundefined[39m
[2m[WebServer] [22m}
[2m[WebServer] [22mΓ£à JwtAuthGuard SUCCESS ΓåÆ user authenticated: 6929e2c0934d8e079e6f55b1
[2m[WebServer] [22m≡ƒöÑ RolesGuard running!
[2m[WebServer] [22m
[2m[WebServer] [22m===== ROLE GUARD =====
[2m[WebServer] [22mRequired roles: [ [32m'department head'[39m, [32m'HR Manager'[39m ]
[2m[WebServer] [22mUser object: {
[2m[WebServer] [22m  id: [32m'6929e2c0934d8e079e6f55b1'[39m,
[2m[WebServer] [22m  workEmail: [32m'engmanager.work@example.com'[39m,
[2m[WebServer] [22m  roles: [ [32m'department head'[39m ],
[2m[WebServer] [22m  permissions: [],
[2m[WebServer] [22m  primaryDepartmentId: [32m'69275d8afc1184a3b3e6c55f'[39m,
[2m[WebServer] [22m  employeeNumber: [32m'EMP-1025'[39m
[2m[WebServer] [22m}
[2m[WebServer] [22mNormalized user roles: [ [32m'department head'[39m ]
[2m[WebServer] [22mNormalized required roles: [ [32m'department head'[39m, [32m'hr manager'[39m ]
[2m[WebServer] [22mHas required role? [33mtrue[39m
[2m[WebServer] [22mΓ£ö ACCESS GRANTED Γ£ö
[2m[WebServer] [22m≡ƒöì [RequestsController] getTeamRequests: { managerId: [90mundefined[39m }
[2m[WebServer] [22m≡ƒöÑ JwtAuthGuard: canActivate CALLED
[2m[WebServer] [22m≡ƒöì JWT Extractor - All cookies: {
[2m[WebServer] [22m  accessToken: [32m'eyJhbGciOiJIUzI1NiIsInR5cCI6IkpXVCJ9.eyJzdWIiOiI2OTI5ZTJjMDkzNGQ4ZTA3OWU2ZjU1YjEiLCJ3b3JrRW1haWwiOiJlbmdtYW5hZ2VyLndvcmtAZXhhbXBsZS5jb20iLCJyb2xlcyI6WyJkZXBhcnRtZW50IGhlYWQiXSwicGVybWlzc2lvbnMiOltdLCJwcmltYXJ5RGVwYXJ0bWVudElkIjoiNjkyNzVkOGFmYzExODRhM2IzZTZjNTVmIiwiZW1wbG95ZWVOdW1iZXIiOiJFTVAtMTAyNSIsImlhdCI6MTc2NTk4MzA4OSwiZXhwIjoxNzY2MDY5NDg5fQ.AtfputPk3zYf16NYtnKdB0vFD-4l1nbuk9EVhHF__xI'[39m
[2m[WebServer] [22m}
[2m[WebServer] [22m≡ƒöì JWT Extractor - Headers: accessToken=eyJhbGciOiJIUzI1NiIsInR5cCI6IkpXVCJ9.eyJzdWIiOiI2OTI5ZTJjMDkzNGQ4ZTA3OWU2ZjU1YjEiLCJ3b3JrRW1haWwiOiJlbmdtYW5hZ2VyLndvcmtAZXhhbXBsZS5jb20iLCJyb2xlcyI6WyJkZXBhcnRtZW50IGhlYWQiXSwicGVybWlzc2lvbnMiOltdLCJwcmltYXJ5RGVwYXJ0bWVudElkIjoiNjkyNzVkOGFmYzExODRhM2IzZTZjNTVmIiwiZW1wbG95ZWVOdW1iZXIiOiJFTVAtMTAyNSIsImlhdCI6MTc2NTk4MzA4OSwiZXhwIjoxNzY2MDY5NDg5fQ.AtfputPk3zYf16NYtnKdB0vFD-4l1nbuk9EVhHF__xI
[2m[WebServer] [22m≡ƒöì JWT Extractor - accessToken: FOUND
[2m[WebServer] [22mJwtStrategy VALIDATE: {
[2m[WebServer] [22m  sub: [32m'6929e2c0934d8e079e6f55b1'[39m,
[2m[WebServer] [22m  workEmail: [32m'engmanager.work@example.com'[39m,
[2m[WebServer] [22m  roles: [ [32m'department head'[39m ],
[2m[WebServer] [22m  permissions: [],
[2m[WebServer] [22m  primaryDepartmentId: [32m'69275d8afc1184a3b3e6c55f'[39m,
[2m[WebServer] [22m  employeeNumber: [32m'EMP-1025'[39m,
[2m[WebServer] [22m  iat: [33m1765983089[39m,
[2m[WebServer] [22m  exp: [33m1766069489[39m
[2m[WebServer] [22m}
[2m[WebServer] [22m≡ƒöÑ JwtAuthGuard: handleRequest() {
[2m[WebServer] [22m  err: [1mnull[22m,
[2m[WebServer] [22m  user: {
[2m[WebServer] [22m    id: [32m'6929e2c0934d8e079e6f55b1'[39m,
[2m[WebServer] [22m    workEmail: [32m'engmanager.work@example.com'[39m,
[2m[WebServer] [22m    roles: [ [32m'department head'[39m ],
[2m[WebServer] [22m    permissions: [],
[2m[WebServer] [22m    primaryDepartmentId: [32m'69275d8afc1184a3b3e6c55f'[39m,
[2m[WebServer] [22m    employeeNumber: [32m'EMP-1025'[39m
[2m[WebServer] [22m  },
[2m[WebServer] [22m  info: [90mundefined[39m
[2m[WebServer] [22m}
[2m[WebServer] [22mΓ£à JwtAuthGuard SUCCESS ΓåÆ user authenticated: 6929e2c0934d8e079e6f55b1
[2m[WebServer] [22m≡ƒöÑ RolesGuard running!
[2m[WebServer] [22m
[2m[WebServer] [22m===== ROLE GUARD =====
[2m[WebServer] [22mRequired roles: [ [32m'department head'[39m, [32m'HR Manager'[39m ]
[2m[WebServer] [22mUser object: {
[2m[WebServer] [22m  id: [32m'6929e2c0934d8e079e6f55b1'[39m,
[2m[WebServer] [22m  workEmail: [32m'engmanager.work@example.com'[39m,
[2m[WebServer] [22m  roles: [ [32m'department head'[39m ],
[2m[WebServer] [22m  permissions: [],
[2m[WebServer] [22m  primaryDepartmentId: [32m'69275d8afc1184a3b3e6c55f'[39m,
[2m[WebServer] [22m  employeeNumber: [32m'EMP-1025'[39m
[2m[WebServer] [22m}
[2m[WebServer] [22mNormalized user roles: [ [32m'department head'[39m ]
[2m[WebServer] [22mNormalized required roles: [ [32m'department head'[39m, [32m'hr manager'[39m ]
[2m[WebServer] [22mHas required role? [33mtrue[39m
[2m[WebServer] [22mΓ£ö ACCESS GRANTED Γ£ö
[2m[WebServer] [22m≡ƒöì [TrackingController] getTeamBalances: {
[2m[WebServer] [22m  filters: [Object: null prototype] {},
[2m[WebServer] [22m  managerId: [32m'6929e2c0934d8e079e6f55b1'[39m
[2m[WebServer] [22m}
[2m[WebServer] [22mDepartment ID from logged in user: 69275d8afc1184a3b3e6c55f
Γ£à Filters accessible - REQ-005 validated
  Γ£ô  28 [chromium] ΓÇ║ leave-tests.spec.ts:451:7 ΓÇ║ ≡ƒæ¿ΓÇì≡ƒÆ╝ MANAGER (EMP-1025 - Engineering) - Approval & Team Management ΓÇ║ Γ£à J8: Filter team requests (REQ-005) (9.5s)
≡ƒöÉ Logging in as: engmanager.work@example.com
[2m[WebServer] [22m GET /login [32m200[39m in 43ms[2m (compile: 2ms, render: 41ms)[22m
[2m[WebServer] [22m≡ƒöÑ JwtAuthGuard: canActivate CALLED
[2m[WebServer] [22m≡ƒöì JWT Extractor - All cookies: [Object: null prototype] {}
[2m[WebServer] [22m≡ƒöì JWT Extractor - Headers: [90mundefined[39m
[2m[WebServer] [22m≡ƒöì JWT Extractor - accessToken: NOT FOUND
[2m[WebServer] [22m≡ƒöÑ JwtAuthGuard: handleRequest() {
[2m[WebServer] [22m  err: [1mnull[22m,
[2m[WebServer] [22m  user: [33mfalse[39m,
[2m[WebServer] [22m  info: Error: No auth token
[2m[WebServer] [22m      at JwtStrategy.authenticate [90m(C:\Users\Bedon\Desktop\semester-5-software-project\backend\[39mnode_modules\[4mpassport-jwt[24m\lib\strategy.js:96:26[90m)[39m
[2m[WebServer] [22m      at attempt [90m(C:\Users\Bedon\Desktop\semester-5-software-project\backend\[39mnode_modules\[4mpassport[24m\lib\middleware\authenticate.js:378:16[90m)[39m
[2m[WebServer] [22m      at authenticate [90m(C:\Users\Bedon\Desktop\semester-5-software-project\backend\[39mnode_modules\[4mpassport[24m\lib\middleware\authenticate.js:379:7[90m)[39m
[2m[WebServer] [22m      at [90mC:\Users\Bedon\Desktop\semester-5-software-project\backend\[39mnode_modules\[4m@nestjs[24m\passport\dist\auth.guard.js:88:3
[2m[WebServer] [22m      at new Promise (<anonymous>)
[2m[WebServer] [22m      at [90mC:\Users\Bedon\Desktop\semester-5-software-project\backend\[39mnode_modules\[4m@nestjs[24m\passport\dist\auth.guard.js:80:83
[2m[WebServer] [22m      at JwtAuthGuard.canActivate [90m(C:\Users\Bedon\Desktop\semester-5-software-project\backend\[39mnode_modules\[4m@nestjs[24m\passport\dist\auth.guard.js:44:32[90m)[39m
[2m[WebServer] [22m  [90m    at process.processTicksAndRejections (node:internal/process/task_queues:105:5)[39m
[2m[WebServer] [22m}
[2m[WebServer] [22mΓ¥î JwtAuthGuard INFO: Error: No auth token
[2m[WebServer] [22m    at JwtStrategy.authenticate 
[90m(C:\Users\Bedon\Desktop\semester-5-software-project\backend\[39mnode_modules\[4mpassport-jwt[24m\lib\strategy.js:96:26[90m)[39m
[2m[WebServer] [22m    at attempt [90m(C:\Users\Bedon\Desktop\semester-5-software-project\backend\[39mnode_modules\[4mpassport[24m\lib\mi
ddleware\authenticate.js:378:16[90m)[39m
[2m[WebServer] [22m    at authenticate [90m(C:\Users\Bedon\Desktop\semester-5-software-project\backend\[39mnode_modules\[4mpassport[24m\l
ib\middleware\authenticate.js:379:7[90m)[39m
[2m[WebServer] [22m    at 
[90mC:\Users\Bedon\Desktop\semester-5-software-project\backend\[39mnode_modules\[4m@nestjs[24m\passport\dist\auth.guard.js:88:3
[2m[WebServer] [22m    at new Promise (<anonymous>)
[2m[WebServer] [22m    at 
[90mC:\Users\Bedon\Desktop\semester-5-software-project\backend\[39mnode_modules\[4m@nestjs[24m\passport\dist\auth.guard.js:80:83
[2m[WebServer] [22m    at JwtAuthGuard.canActivate [90m(C:\Users\Bedon\Desktop\semester-5-software-project\backend\[39mnode_modules\[4m@ne
stjs[24m\passport\dist\auth.guard.js:44:32[90m)[39m
[2m[WebServer] [22m[90m    at process.processTicksAndRejections (node:internal/process/task_queues:105:5)[39m
[2m[WebServer] [22mΓ¥î JwtAuthGuard FAILING ΓåÆ No auth token
[2m[WebServer] [22mVALIDATE EMPLOYEE - systemRole = {
[2m[WebServer] [22m  _id: new ObjectId([32m'6929e2c0934d8e079e6f55b3'[39m),
[2m[WebServer] [22m  employeeProfileId: new ObjectId([32m'6929e2c0934d8e079e6f55b1'[39m),
[2m[WebServer] [22m  roles: [ [32m'department head'[39m ],
[2m[WebServer] [22m  permissions: [],
[2m[WebServer] [22m  isActive: [33mtrue[39m,
[2m[WebServer] [22m  createdAt: [35m2025-11-28T17:58:24.325Z[39m,
[2m[WebServer] [22m  updatedAt: [35m2025-11-28T17:58:24.325Z[39m,
[2m[WebServer] [22m  __v: [33m0[39m
[2m[WebServer] [22m}
[2m[WebServer] [22mGenerated token: eyJhbGciOiJIUzI1NiIsInR5cCI6IkpXVCJ9.eyJzdWIiOiI2OTI5ZTJjMDkzNGQ4ZTA3OWU2ZjU1YjEiLCJ3b3JrRW1haWwiOiJlbmdtYW5hZ2VyLndvcmtAZXhhbXBsZS5jb20iLCJyb2xlcyI6WyJkZXBhcnRtZW50IGhlYWQiXSwicGVybWlzc2lvbnMiOltdLCJwcmltYXJ5RGVwYXJ0bWVudElkIjoiNjkyNzVkOGFmYzExODRhM2IzZTZjNTVmIiwiZW1wbG95ZWVOdW1iZXIiOiJFTVAtMTAyNSIsImlhdCI6MTc2NTk4MzA5OSwiZXhwIjoxNzY2MDY5NDk5fQ.2Ymj8w6FqSAev-krfcuI1svSGyQ1ZOMTZfc0KCCr9yQ
[2m[WebServer] [22m GET /leaves [32m200[39m in 15ms[2m (compile: 2ms, render: 13ms)[22m
[2m[WebServer] [22m≡ƒöÑ JwtAuthGuard: canActivate CALLED
[2m[WebServer] [22m≡ƒöì JWT Extractor - All cookies: {
[2m[WebServer] [22m  accessToken: [32m'eyJhbGciOiJIUzI1NiIsInR5cCI6IkpXVCJ9.eyJzdWIiOiI2OTI5ZTJjMDkzNGQ4ZTA3OWU2ZjU1YjEiLCJ3b3JrRW1haWwiOiJlbmdtYW5hZ2VyLndvcmtAZXhhbXBsZS5jb20iLCJyb2xlcyI6WyJkZXBhcnRtZW50IGhlYWQiXSwicGVybWlzc2lvbnMiOltdLCJwcmltYXJ5RGVwYXJ0bWVudElkIjoiNjkyNzVkOGFmYzExODRhM2IzZTZjNTVmIiwiZW1wbG95ZWVOdW1iZXIiOiJFTVAtMTAyNSIsImlhdCI6MTc2NTk4MzA5OSwiZXhwIjoxNzY2MDY5NDk5fQ.2Ymj8w6FqSAev-krfcuI1svSGyQ1ZOMTZfc0KCCr9yQ'[39m
[2m[WebServer] [22m}
[2m[WebServer] [22m≡ƒöì JWT Extractor - Headers: accessToken=eyJhbGciOiJIUzI1NiIsInR5cCI6IkpXVCJ9.eyJzdWIiOiI2OTI5ZTJjMDkzNGQ4ZTA3OWU2ZjU1YjEiLCJ3b3JrRW1haWwiOiJlbmdtYW5hZ2VyLndvcmtAZXhhbXBsZS5jb20iLCJyb2xlcyI6WyJkZXBhcnRtZW50IGhlYWQiXSwicGVybWlzc2lvbnMiOltdLCJwcmltYXJ5RGVwYXJ0bWVudElkIjoiNjkyNzVkOGFmYzExODRhM2IzZTZjNTVmIiwiZW1wbG95ZWVOdW1iZXIiOiJFTVAtMTAyNSIsImlhdCI6MTc2NTk4MzA5OSwiZXhwIjoxNzY2MDY5NDk5fQ.2Ymj8w6FqSAev-krfcuI1svSGyQ1ZOMTZfc0KCCr9yQ
[2m[WebServer] [22m≡ƒöì JWT Extractor - accessToken: FOUND
[2m[WebServer] [22mJwtStrategy VALIDATE: {
[2m[WebServer] [22m  sub: [32m'6929e2c0934d8e079e6f55b1'[39m,
[2m[WebServer] [22m  workEmail: [32m'engmanager.work@example.com'[39m,
[2m[WebServer] [22m  roles: [ [32m'department head'[39m ],
[2m[WebServer] [22m  permissions: [],
[2m[WebServer] [22m  primaryDepartmentId: [32m'69275d8afc1184a3b3e6c55f'[39m,
[2m[WebServer] [22m  employeeNumber: [32m'EMP-1025'[39m,
[2m[WebServer] [22m  iat: [33m1765983099[39m,
[2m[WebServer] [22m  exp: [33m1766069499[39m
[2m[WebServer] [22m}
[2m[WebServer] [22m≡ƒöÑ JwtAuthGuard: handleRequest() {
[2m[WebServer] [22m  err: [1mnull[22m,
[2m[WebServer] [22m  user: {
[2m[WebServer] [22m    id: [32m'6929e2c0934d8e079e6f55b1'[39m,
[2m[WebServer] [22m    workEmail: [32m'engmanager.work@example.com'[39m,
[2m[WebServer] [22m    roles: [ [32m'department head'[39m ],
[2m[WebServer] [22m    permissions: [],
[2m[WebServer] [22m    primaryDepartmentId: [32m'69275d8afc1184a3b3e6c55f'[39m,
[2m[WebServer] [22m    employeeNumber: [32m'EMP-1025'[39m
[2m[WebServer] [22m  },
[2m[WebServer] [22m  info: [90mundefined[39m
[2m[WebServer] [22m}
[2m[WebServer] [22mΓ£à JwtAuthGuard SUCCESS ΓåÆ user authenticated: 6929e2c0934d8e079e6f55b1
[2m[WebServer] [22m≡ƒöÑ RolesGuard running!
[2m[WebServer] [22m
[2m[WebServer] [22m===== ROLE GUARD =====
[2m[WebServer] [22mRequired roles: [
[2m[WebServer] [22m  [32m'department employee'[39m,
[2m[WebServer] [22m  [32m'HR Employee'[39m,
[2m[WebServer] [22m  [32m'department head'[39m,
[2m[WebServer] [22m  [32m'HR Manager'[39m,
[2m[WebServer] [22m  [32m'HR Admin'[39m,
[2m[WebServer] [22m  [32m'System Admin'[39m
[2m[WebServer] [22m]
[2m[WebServer] [22mUser object: {
[2m[WebServer] [22m  id: [32m'6929e2c0934d8e079e6f55b1'[39m,
[2m[WebServer] [22m  workEmail: [32m'engmanager.work@example.com'[39m,
[2m[WebServer] [22m  roles: [ [32m'department head'[39m ],
[2m[WebServer] [22m  permissions: [],
[2m[WebServer] [22m  primaryDepartmentId: [32m'69275d8afc1184a3b3e6c55f'[39m,
[2m[WebServer] [22m  employeeNumber: [32m'EMP-1025'[39m
[2m[WebServer] [22m}
[2m[WebServer] [22mNormalized user roles: [ [32m'department head'[39m ]
[2m[WebServer] [22mNormalized required roles: [
[2m[WebServer] [22m  [32m'department employee'[39m,
[2m[WebServer] [22m  [32m'hr employee'[39m,
[2m[WebServer] [22m  [32m'department head'[39m,
[2m[WebServer] [22m  [32m'hr manager'[39m,
[2m[WebServer] [22m  [32m'hr admin'[39m,
[2m[WebServer] [22m  [32m'system admin'[39m
[2m[WebServer] [22m]
[2m[WebServer] [22mHas required role? [33mtrue[39m
[2m[WebServer] [22mΓ£ö ACCESS GRANTED Γ£ö
[2m[WebServer] [22m≡ƒöì [TrackingController] getMyBalances: {
[2m[WebServer] [22m  query: [Object: null prototype] {},
[2m[WebServer] [22m  userId: [32m'6929e2c0934d8e079e6f55b1'[39m
[2m[WebServer] [22m}
[2m[WebServer] [22m≡ƒöÑ JwtAuthGuard: canActivate CALLED
[2m[WebServer] [22m≡ƒöì JWT Extractor - All cookies: {
[2m[WebServer] [22m  accessToken: [32m'eyJhbGciOiJIUzI1NiIsInR5cCI6IkpXVCJ9.eyJzdWIiOiI2OTI5ZTJjMDkzNGQ4ZTA3OWU2ZjU1YjEiLCJ3b3JrRW1haWwiOiJlbmdtYW5hZ2VyLndvcmtAZXhhbXBsZS5jb20iLCJyb2xlcyI6WyJkZXBhcnRtZW50IGhlYWQiXSwicGVybWlzc2lvbnMiOltdLCJwcmltYXJ5RGVwYXJ0bWVudElkIjoiNjkyNzVkOGFmYzExODRhM2IzZTZjNTVmIiwiZW1wbG95ZWVOdW1iZXIiOiJFTVAtMTAyNSIsImlhdCI6MTc2NTk4MzA5OSwiZXhwIjoxNzY2MDY5NDk5fQ.2Ymj8w6FqSAev-krfcuI1svSGyQ1ZOMTZfc0KCCr9yQ'[39m
[2m[WebServer] [22m}
[2m[WebServer] [22m≡ƒöì JWT Extractor - Headers: accessToken=eyJhbGciOiJIUzI1NiIsInR5cCI6IkpXVCJ9.eyJzdWIiOiI2OTI5ZTJjMDkzNGQ4ZTA3OWU2ZjU1YjEiLCJ3b3JrRW1haWwiOiJlbmdtYW5hZ2VyLndvcmtAZXhhbXBsZS5jb20iLCJyb2xlcyI6WyJkZXBhcnRtZW50IGhlYWQiXSwicGVybWlzc2lvbnMiOltdLCJwcmltYXJ5RGVwYXJ0bWVudElkIjoiNjkyNzVkOGFmYzExODRhM2IzZTZjNTVmIiwiZW1wbG95ZWVOdW1iZXIiOiJFTVAtMTAyNSIsImlhdCI6MTc2NTk4MzA5OSwiZXhwIjoxNzY2MDY5NDk5fQ.2Ymj8w6FqSAev-krfcuI1svSGyQ1ZOMTZfc0KCCr9yQ
[2m[WebServer] [22m≡ƒöì JWT Extractor - accessToken: FOUND
[2m[WebServer] [22mJwtStrategy VALIDATE: {
[2m[WebServer] [22m  sub: [32m'6929e2c0934d8e079e6f55b1'[39m,
[2m[WebServer] [22m  workEmail: [32m'engmanager.work@example.com'[39m,
[2m[WebServer] [22m  roles: [ [32m'department head'[39m ],
[2m[WebServer] [22m  permissions: [],
[2m[WebServer] [22m  primaryDepartmentId: [32m'69275d8afc1184a3b3e6c55f'[39m,
[2m[WebServer] [22m  employeeNumber: [32m'EMP-1025'[39m,
[2m[WebServer] [22m  iat: [33m1765983099[39m,
[2m[WebServer] [22m  exp: [33m1766069499[39m
[2m[WebServer] [22m}
[2m[WebServer] [22m≡ƒöÑ JwtAuthGuard: handleRequest() {
[2m[WebServer] [22m  err: [1mnull[22m,
[2m[WebServer] [22m  user: {
[2m[WebServer] [22m    id: [32m'6929e2c0934d8e079e6f55b1'[39m,
[2m[WebServer] [22m    workEmail: [32m'engmanager.work@example.com'[39m,
[2m[WebServer] [22m    roles: [ [32m'department head'[39m ],
[2m[WebServer] [22m    permissions: [],
[2m[WebServer] [22m    primaryDepartmentId: [32m'69275d8afc1184a3b3e6c55f'[39m,
[2m[WebServer] [22m    employeeNumber: [32m'EMP-1025'[39m
[2m[WebServer] [22m  },
[2m[WebServer] [22m  info: [90mundefined[39m
[2m[WebServer] [22m}
[2m[WebServer] [22mΓ£à JwtAuthGuard SUCCESS ΓåÆ user authenticated: 6929e2c0934d8e079e6f55b1
[2m[WebServer] [22m≡ƒöÑ RolesGuard running!
[2m[WebServer] [22m
[2m[WebServer] [22m===== ROLE GUARD =====
[2m[WebServer] [22mRequired roles: [
[2m[WebServer] [22m  [32m'department employee'[39m,
[2m[WebServer] [22m  [32m'HR Employee'[39m,
[2m[WebServer] [22m  [32m'department head'[39m,
[2m[WebServer] [22m  [32m'HR Manager'[39m,
[2m[WebServer] [22m  [32m'HR Admin'[39m,
[2m[WebServer] [22m  [32m'System Admin'[39m
[2m[WebServer] [22m]
[2m[WebServer] [22mUser object: {
[2m[WebServer] [22m  id: [32m'6929e2c0934d8e079e6f55b1'[39m,
[2m[WebServer] [22m  workEmail: [32m'engmanager.work@example.com'[39m,
[2m[WebServer] [22m  roles: [ [32m'department head'[39m ],
[2m[WebServer] [22m  permissions: [],
[2m[WebServer] [22m  primaryDepartmentId: [32m'69275d8afc1184a3b3e6c55f'[39m,
[2m[WebServer] [22m  employeeNumber: [32m'EMP-1025'[39m
[2m[WebServer] [22m}
[2m[WebServer] [22mNormalized user roles: [ [32m'department head'[39m ]
[2m[WebServer] [22mNormalized required roles: [
[2m[WebServer] [22m  [32m'department employee'[39m,
[2m[WebServer] [22m  [32m'hr employee'[39m,
[2m[WebServer] [22m  [32m'department head'[39m,
[2m[WebServer] [22m  [32m'hr manager'[39m,
[2m[WebServer] [22m  [32m'hr admin'[39m,
[2m[WebServer] [22m  [32m'system admin'[39m
[2m[WebServer] [22m]
[2m[WebServer] [22mHas required role? [33mtrue[39m
[2m[WebServer] [22mΓ£ö ACCESS GRANTED Γ£ö
[2m[WebServer] [22m≡ƒöì [TrackingController] getMyHistory: {
[2m[WebServer] [22m  filters: [Object: null prototype] {},
[2m[WebServer] [22m  userId: [32m'6929e2c0934d8e079e6f55b1'[39m
[2m[WebServer] [22m}
Γ£à Login successful
≡ƒÜº Testing: Department access control
[2m[WebServer] [22m GET /leaves/team [32m200[39m in 40ms[2m (compile: 2ms, render: 38ms)[22m
[2m[WebServer] [22m≡ƒöÑ JwtAuthGuard: canActivate CALLED
[2m[WebServer] [22m≡ƒöì JWT Extractor - All cookies: {
[2m[WebServer] [22m  accessToken: [32m'eyJhbGciOiJIUzI1NiIsInR5cCI6IkpXVCJ9.eyJzdWIiOiI2OTI5ZTJjMDkzNGQ4ZTA3OWU2ZjU1YjEiLCJ3b3JrRW1haWwiOiJlbmdtYW5hZ2VyLndvcmtAZXhhbXBsZS5jb20iLCJyb2xlcyI6WyJkZXBhcnRtZW50IGhlYWQiXSwicGVybWlzc2lvbnMiOltdLCJwcmltYXJ5RGVwYXJ0bWVudElkIjoiNjkyNzVkOGFmYzExODRhM2IzZTZjNTVmIiwiZW1wbG95ZWVOdW1iZXIiOiJFTVAtMTAyNSIsImlhdCI6MTc2NTk4MzA5OSwiZXhwIjoxNzY2MDY5NDk5fQ.2Ymj8w6FqSAev-krfcuI1svSGyQ1ZOMTZfc0KCCr9yQ'[39m
[2m[WebServer] [22m}
[2m[WebServer] [22m≡ƒöì JWT Extractor - Headers: accessToken=eyJhbGciOiJIUzI1NiIsInR5cCI6IkpXVCJ9.eyJzdWIiOiI2OTI5ZTJjMDkzNGQ4ZTA3OWU2ZjU1YjEiLCJ3b3JrRW1haWwiOiJlbmdtYW5hZ2VyLndvcmtAZXhhbXBsZS5jb20iLCJyb2xlcyI6WyJkZXBhcnRtZW50IGhlYWQiXSwicGVybWlzc2lvbnMiOltdLCJwcmltYXJ5RGVwYXJ0bWVudElkIjoiNjkyNzVkOGFmYzExODRhM2IzZTZjNTVmIiwiZW1wbG95ZWVOdW1iZXIiOiJFTVAtMTAyNSIsImlhdCI6MTc2NTk4MzA5OSwiZXhwIjoxNzY2MDY5NDk5fQ.2Ymj8w6FqSAev-krfcuI1svSGyQ1ZOMTZfc0KCCr9yQ
[2m[WebServer] [22m≡ƒöì JWT Extractor - accessToken: FOUND
[2m[WebServer] [22mJwtStrategy VALIDATE: {
[2m[WebServer] [22m  sub: [32m'6929e2c0934d8e079e6f55b1'[39m,
[2m[WebServer] [22m  workEmail: [32m'engmanager.work@example.com'[39m,
[2m[WebServer] [22m  roles: [ [32m'department head'[39m ],
[2m[WebServer] [22m  permissions: [],
[2m[WebServer] [22m  primaryDepartmentId: [32m'69275d8afc1184a3b3e6c55f'[39m,
[2m[WebServer] [22m  employeeNumber: [32m'EMP-1025'[39m,
[2m[WebServer] [22m  iat: [33m1765983099[39m,
[2m[WebServer] [22m  exp: [33m1766069499[39m
[2m[WebServer] [22m}
[2m[WebServer] [22m≡ƒöÑ JwtAuthGuard: handleRequest() {
[2m[WebServer] [22m  err: [1mnull[22m,
[2m[WebServer] [22m  user: {
[2m[WebServer] [22m    id: [32m'6929e2c0934d8e079e6f55b1'[39m,
[2m[WebServer] [22m    workEmail: [32m'engmanager.work@example.com'[39m,
[2m[WebServer] [22m    roles: [ [32m'department head'[39m ],
[2m[WebServer] [22m    permissions: [],
[2m[WebServer] [22m    primaryDepartmentId: [32m'69275d8afc1184a3b3e6c55f'[39m,
[2m[WebServer] [22m    employeeNumber: [32m'EMP-1025'[39m
[2m[WebServer] [22m  },
[2m[WebServer] [22m  info: [90mundefined[39m
[2m[WebServer] [22m}
[2m[WebServer] [22mΓ£à JwtAuthGuard SUCCESS ΓåÆ user authenticated: 6929e2c0934d8e079e6f55b1
[2m[WebServer] [22m≡ƒöÑ JwtAuthGuard: canActivate CALLED
[2m[WebServer] [22m≡ƒöì JWT Extractor - All cookies: {
[2m[WebServer] [22m  accessToken: [32m'eyJhbGciOiJIUzI1NiIsInR5cCI6IkpXVCJ9.eyJzdWIiOiI2OTI5ZTJjMDkzNGQ4ZTA3OWU2ZjU1YjEiLCJ3b3JrRW1haWwiOiJlbmdtYW5hZ2VyLndvcmtAZXhhbXBsZS5jb20iLCJyb2xlcyI6WyJkZXBhcnRtZW50IGhlYWQiXSwicGVybWlzc2lvbnMiOltdLCJwcmltYXJ5RGVwYXJ0bWVudElkIjoiNjkyNzVkOGFmYzExODRhM2IzZTZjNTVmIiwiZW1wbG95ZWVOdW1iZXIiOiJFTVAtMTAyNSIsImlhdCI6MTc2NTk4MzA5OSwiZXhwIjoxNzY2MDY5NDk5fQ.2Ymj8w6FqSAev-krfcuI1svSGyQ1ZOMTZfc0KCCr9yQ'[39m
[2m[WebServer] [22m}
[2m[WebServer] [22m≡ƒöì JWT Extractor - Headers: accessToken=eyJhbGciOiJIUzI1NiIsInR5cCI6IkpXVCJ9.eyJzdWIiOiI2OTI5ZTJjMDkzNGQ4ZTA3OWU2ZjU1YjEiLCJ3b3JrRW1haWwiOiJlbmdtYW5hZ2VyLndvcmtAZXhhbXBsZS5jb20iLCJyb2xlcyI6WyJkZXBhcnRtZW50IGhlYWQiXSwicGVybWlzc2lvbnMiOltdLCJwcmltYXJ5RGVwYXJ0bWVudElkIjoiNjkyNzVkOGFmYzExODRhM2IzZTZjNTVmIiwiZW1wbG95ZWVOdW1iZXIiOiJFTVAtMTAyNSIsImlhdCI6MTc2NTk4MzA5OSwiZXhwIjoxNzY2MDY5NDk5fQ.2Ymj8w6FqSAev-krfcuI1svSGyQ1ZOMTZfc0KCCr9yQ
[2m[WebServer] [22m≡ƒöì JWT Extractor - accessToken: FOUND
[2m[WebServer] [22mJwtStrategy VALIDATE: {
[2m[WebServer] [22m  sub: [32m'6929e2c0934d8e079e6f55b1'[39m,
[2m[WebServer] [22m  workEmail: [32m'engmanager.work@example.com'[39m,
[2m[WebServer] [22m  roles: [ [32m'department head'[39m ],
[2m[WebServer] [22m  permissions: [],
[2m[WebServer] [22m  primaryDepartmentId: [32m'69275d8afc1184a3b3e6c55f'[39m,
[2m[WebServer] [22m  employeeNumber: [32m'EMP-1025'[39m,
[2m[WebServer] [22m  iat: [33m1765983099[39m,
[2m[WebServer] [22m  exp: [33m1766069499[39m
[2m[WebServer] [22m}
[2m[WebServer] [22m≡ƒöÑ JwtAuthGuard: handleRequest() {
[2m[WebServer] [22m  err: [1mnull[22m,
[2m[WebServer] [22m  user: {
[2m[WebServer] [22m    id: [32m'6929e2c0934d8e079e6f55b1'[39m,
[2m[WebServer] [22m    workEmail: [32m'engmanager.work@example.com'[39m,
[2m[WebServer] [22m    roles: [ [32m'department head'[39m ],
[2m[WebServer] [22m    permissions: [],
[2m[WebServer] [22m    primaryDepartmentId: [32m'69275d8afc1184a3b3e6c55f'[39m,
[2m[WebServer] [22m    employeeNumber: [32m'EMP-1025'[39m
[2m[WebServer] [22m  },
[2m[WebServer] [22m  info: [90mundefined[39m
[2m[WebServer] [22m}
[2m[WebServer] [22mΓ£à JwtAuthGuard SUCCESS ΓåÆ user authenticated: 6929e2c0934d8e079e6f55b1
[2m[WebServer] [22m≡ƒöÑ RolesGuard running!
[2m[WebServer] [22m
[2m[WebServer] [22m===== ROLE GUARD =====
[2m[WebServer] [22mRequired roles: [ [32m'department head'[39m, [32m'HR Manager'[39m ]
[2m[WebServer] [22mUser object: {
[2m[WebServer] [22m  id: [32m'6929e2c0934d8e079e6f55b1'[39m,
[2m[WebServer] [22m  workEmail: [32m'engmanager.work@example.com'[39m,
[2m[WebServer] [22m  roles: [ [32m'department head'[39m ],
[2m[WebServer] [22m  permissions: [],
[2m[WebServer] [22m  primaryDepartmentId: [32m'69275d8afc1184a3b3e6c55f'[39m,
[2m[WebServer] [22m  employeeNumber: [32m'EMP-1025'[39m
[2m[WebServer] [22m}
[2m[WebServer] [22mNormalized user roles: [ [32m'department head'[39m ]
[2m[WebServer] [22mNormalized required roles: [ [32m'department head'[39m, [32m'hr manager'[39m ]
[2m[WebServer] [22mHas required role? [33mtrue[39m
[2m[WebServer] [22mΓ£ö ACCESS GRANTED Γ£ö
[2m[WebServer] [22m≡ƒöì [RequestsController] getTeamRequests: { managerId: [90mundefined[39m }
[2m[WebServer] [22m≡ƒöÑ JwtAuthGuard: canActivate CALLED
[2m[WebServer] [22m≡ƒöì JWT Extractor - All cookies: {
[2m[WebServer] [22m  accessToken: [32m'eyJhbGciOiJIUzI1NiIsInR5cCI6IkpXVCJ9.eyJzdWIiOiI2OTI5ZTJjMDkzNGQ4ZTA3OWU2ZjU1YjEiLCJ3b3JrRW1haWwiOiJlbmdtYW5hZ2VyLndvcmtAZXhhbXBsZS5jb20iLCJyb2xlcyI6WyJkZXBhcnRtZW50IGhlYWQiXSwicGVybWlzc2lvbnMiOltdLCJwcmltYXJ5RGVwYXJ0bWVudElkIjoiNjkyNzVkOGFmYzExODRhM2IzZTZjNTVmIiwiZW1wbG95ZWVOdW1iZXIiOiJFTVAtMTAyNSIsImlhdCI6MTc2NTk4MzA5OSwiZXhwIjoxNzY2MDY5NDk5fQ.2Ymj8w6FqSAev-krfcuI1svSGyQ1ZOMTZfc0KCCr9yQ'[39m
[2m[WebServer] [22m}
[2m[WebServer] [22m≡ƒöì JWT Extractor - Headers: accessToken=eyJhbGciOiJIUzI1NiIsInR5cCI6IkpXVCJ9.eyJzdWIiOiI2OTI5ZTJjMDkzNGQ4ZTA3OWU2ZjU1YjEiLCJ3b3JrRW1haWwiOiJlbmdtYW5hZ2VyLndvcmtAZXhhbXBsZS5jb20iLCJyb2xlcyI6WyJkZXBhcnRtZW50IGhlYWQiXSwicGVybWlzc2lvbnMiOltdLCJwcmltYXJ5RGVwYXJ0bWVudElkIjoiNjkyNzVkOGFmYzExODRhM2IzZTZjNTVmIiwiZW1wbG95ZWVOdW1iZXIiOiJFTVAtMTAyNSIsImlhdCI6MTc2NTk4MzA5OSwiZXhwIjoxNzY2MDY5NDk5fQ.2Ymj8w6FqSAev-krfcuI1svSGyQ1ZOMTZfc0KCCr9yQ
[2m[WebServer] [22m≡ƒöì JWT Extractor - accessToken: FOUND
[2m[WebServer] [22mJwtStrategy VALIDATE: {
[2m[WebServer] [22m  sub: [32m'6929e2c0934d8e079e6f55b1'[39m,
[2m[WebServer] [22m  workEmail: [32m'engmanager.work@example.com'[39m,
[2m[WebServer] [22m  roles: [ [32m'department head'[39m ],
[2m[WebServer] [22m  permissions: [],
[2m[WebServer] [22m  primaryDepartmentId: [32m'69275d8afc1184a3b3e6c55f'[39m,
[2m[WebServer] [22m  employeeNumber: [32m'EMP-1025'[39m,
[2m[WebServer] [22m  iat: [33m1765983099[39m,
[2m[WebServer] [22m  exp: [33m1766069499[39m
[2m[WebServer] [22m}
[2m[WebServer] [22m≡ƒöÑ JwtAuthGuard: handleRequest() {
[2m[WebServer] [22m  err: [1mnull[22m,
[2m[WebServer] [22m  user: {
[2m[WebServer] [22m    id: [32m'6929e2c0934d8e079e6f55b1'[39m,
[2m[WebServer] [22m    workEmail: [32m'engmanager.work@example.com'[39m,
[2m[WebServer] [22m    roles: [ [32m'department head'[39m ],
[2m[WebServer] [22m    permissions: [],
[2m[WebServer] [22m    primaryDepartmentId: [32m'69275d8afc1184a3b3e6c55f'[39m,
[2m[WebServer] [22m    employeeNumber: [32m'EMP-1025'[39m
[2m[WebServer] [22m  },
[2m[WebServer] [22m  info: [90mundefined[39m
[2m[WebServer] [22m}
[2m[WebServer] [22mΓ£à JwtAuthGuard SUCCESS ΓåÆ user authenticated: 6929e2c0934d8e079e6f55b1
[2m[WebServer] [22m≡ƒöÑ RolesGuard running!
[2m[WebServer] [22m
[2m[WebServer] [22m===== ROLE GUARD =====
[2m[WebServer] [22mRequired roles: [ [32m'department head'[39m, [32m'HR Manager'[39m ]
[2m[WebServer] [22mUser object: {
[2m[WebServer] [22m  id: [32m'6929e2c0934d8e079e6f55b1'[39m,
[2m[WebServer] [22m  workEmail: [32m'engmanager.work@example.com'[39m,
[2m[WebServer] [22m  roles: [ [32m'department head'[39m ],
[2m[WebServer] [22m  permissions: [],
[2m[WebServer] [22m  primaryDepartmentId: [32m'69275d8afc1184a3b3e6c55f'[39m,
[2m[WebServer] [22m  employeeNumber: [32m'EMP-1025'[39m
[2m[WebServer] [22m}
[2m[WebServer] [22mNormalized user roles: [ [32m'department head'[39m ]
[2m[WebServer] [22mNormalized required roles: [ [32m'department head'[39m, [32m'hr manager'[39m ]
[2m[WebServer] [22mHas required role? [33mtrue[39m
[2m[WebServer] [22mΓ£ö ACCESS GRANTED Γ£ö
[2m[WebServer] [22m≡ƒöì [TrackingController] getTeamBalances: {
[2m[WebServer] [22m  filters: [Object: null prototype] {},
[2m[WebServer] [22m  managerId: [32m'6929e2c0934d8e079e6f55b1'[39m
[2m[WebServer] [22m}
[2m[WebServer] [22mDepartment ID from logged in user: 69275d8afc1184a3b3e6c55f
Γ£à Department boundaries enforced
  Γ£ô  29 [chromium] ΓÇ║ leave-tests.spec.ts:461:7 ΓÇ║ ≡ƒæ¿ΓÇì≡ƒÆ╝ MANAGER (EMP-1025 - Engineering) - Approval & Team Management ΓÇ║ Γ£à J9: Department boundary enforcement (Security) (9.4s)
≡ƒöÉ Logging in as: hr.hr.hr@example.com
[2m[WebServer] [22m GET /login [32m200[39m in 51ms[2m (compile: 3ms, render: 48ms)[22m
[2m[WebServer] [22m≡ƒöÑ JwtAuthGuard: canActivate CALLED
[2m[WebServer] [22m≡ƒöì JWT Extractor - All cookies: [Object: null prototype] {}
[2m[WebServer] [22m≡ƒöì JWT Extractor - Headers: [90mundefined[39m
[2m[WebServer] [22m≡ƒöì JWT Extractor - accessToken: NOT FOUND
[2m[WebServer] [22m≡ƒöÑ JwtAuthGuard: handleRequest() {
[2m[WebServer] [22m  err: [1mnull[22m,
[2m[WebServer] [22m  user: [33mfalse[39m,
[2m[WebServer] [22m  info: Error: No auth token
[2m[WebServer] [22m      at JwtStrategy.authenticate [90m(C:\Users\Bedon\Desktop\semester-5-software-project\backend\[39mnode_modules\[4mpassport-jwt[24m\lib\strategy.js:96:26[90m)[39m
[2m[WebServer] [22m      at attempt [90m(C:\Users\Bedon\Desktop\semester-5-software-project\backend\[39mnode_modules\[4mpassport[24m\lib\middleware\authenticate.js:378:16[90m)[39m
[2m[WebServer] [22m      at authenticate [90m(C:\Users\Bedon\Desktop\semester-5-software-project\backend\[39mnode_modules\[4mpassport[24m\lib\middleware\authenticate.js:379:7[90m)[39m
[2m[WebServer] [22m      at [90mC:\Users\Bedon\Desktop\semester-5-software-project\backend\[39mnode_modules\[4m@nestjs[24m\passport\dist\auth.guard.js:88:3
[2m[WebServer] [22m      at new Promise (<anonymous>)
[2m[WebServer] [22m      at [90mC:\Users\Bedon\Desktop\semester-5-software-project\backend\[39mnode_modules\[4m@nestjs[24m\passport\dist\auth.guard.js:80:83
[2m[WebServer] [22m      at JwtAuthGuard.canActivate [90m(C:\Users\Bedon\Desktop\semester-5-software-project\backend\[39mnode_modules\[4m@nestjs[24m\passport\dist\auth.guard.js:44:32[90m)[39m
[2m[WebServer] [22m  [90m    at process.processTicksAndRejections (node:internal/process/task_queues:105:5)[39m
[2m[WebServer] [22m}
[2m[WebServer] [22mΓ¥î JwtAuthGuard INFO: Error: No auth token
[2m[WebServer] [22m    at JwtStrategy.authenticate 
[90m(C:\Users\Bedon\Desktop\semester-5-software-project\backend\[39mnode_modules\[4mpassport-jwt[24m\lib\strategy.js:96:26[90m)[39m
[2m[WebServer] [22m    at attempt [90m(C:\Users\Bedon\Desktop\semester-5-software-project\backend\[39mnode_modules\[4mpassport[24m\lib\mi
ddleware\authenticate.js:378:16[90m)[39m
[2m[WebServer] [22m    at authenticate [90m(C:\Users\Bedon\Desktop\semester-5-software-project\backend\[39mnode_modules\[4mpassport[24m\l
ib\middleware\authenticate.js:379:7[90m)[39m
[2m[WebServer] [22m    at 
[90mC:\Users\Bedon\Desktop\semester-5-software-project\backend\[39mnode_modules\[4m@nestjs[24m\passport\dist\auth.guard.js:88:3
[2m[WebServer] [22m    at new Promise (<anonymous>)
[2m[WebServer] [22m    at 
[90mC:\Users\Bedon\Desktop\semester-5-software-project\backend\[39mnode_modules\[4m@nestjs[24m\passport\dist\auth.guard.js:80:83
[2m[WebServer] [22m    at JwtAuthGuard.canActivate [90m(C:\Users\Bedon\Desktop\semester-5-software-project\backend\[39mnode_modules\[4m@ne
stjs[24m\passport\dist\auth.guard.js:44:32[90m)[39m
[2m[WebServer] [22mΓ¥î JwtAuthGuard FAILING ΓåÆ No auth token
[2m[WebServer] [22m[90m    at process.processTicksAndRejections (node:internal/process/task_queues:105:5)[39m
[2m[WebServer] [22mVALIDATE EMPLOYEE - systemRole = {
[2m[WebServer] [22m  _id: new ObjectId([32m'6928cf79fe9ff406e6610fed'[39m),
[2m[WebServer] [22m  employeeProfileId: new ObjectId([32m'6928cf79fe9ff406e6610feb'[39m),
[2m[WebServer] [22m  roles: [ [32m'HR Manager'[39m ],
[2m[WebServer] [22m  permissions: [],
[2m[WebServer] [22m  isActive: [33mtrue[39m,
[2m[WebServer] [22m  createdAt: [35m2025-11-27T22:23:53.913Z[39m,
[2m[WebServer] [22m  updatedAt: [35m2025-11-27T22:23:53.913Z[39m,
[2m[WebServer] [22m  __v: [33m0[39m
[2m[WebServer] [22m}
[2m[WebServer] [22mGenerated token: eyJhbGciOiJIUzI1NiIsInR5cCI6IkpXVCJ9.eyJzdWIiOiI2OTI4Y2Y3OWZlOWZmNDA2ZTY2MTBmZWIiLCJ3b3JrRW1haWwiOiJoci5oci5ockBleGFtcGxlLmNvbSIsInJvbGVzIjpbIkhSIE1hbmFnZXIiXSwicGVybWlzc2lvbnMiOltdLCJwcmltYXJ5RGVwYXJ0bWVudElkIjoiNjc1MWZlNTFkM2EzOGE5NTBiYTQwYzExIiwiZW1wbG95ZWVOdW1iZXIiOiJFTVAtMTAxOSIsImlhdCI6MTc2NTk4MzEwOCwiZXhwIjoxNzY2MDY5NTA4fQ.5Sjr8XBLkGmqmCx2jR6YzUqc7ipjrr34Tr_zvU0Qtdo
[2m[WebServer] [22m GET /leaves [32m200[39m in 18ms[2m (compile: 3ms, render: 16ms)[22m
[2m[WebServer] [22m≡ƒöÑ JwtAuthGuard: canActivate CALLED
[2m[WebServer] [22m≡ƒöì JWT Extractor - All cookies: {
[2m[WebServer] [22m  accessToken: [32m'eyJhbGciOiJIUzI1NiIsInR5cCI6IkpXVCJ9.eyJzdWIiOiI2OTI4Y2Y3OWZlOWZmNDA2ZTY2MTBmZWIiLCJ3b3JrRW1haWwiOiJoci5oci5ockBleGFtcGxlLmNvbSIsInJvbGVzIjpbIkhSIE1hbmFnZXIiXSwicGVybWlzc2lvbnMiOltdLCJwcmltYXJ5RGVwYXJ0bWVudElkIjoiNjc1MWZlNTFkM2EzOGE5NTBiYTQwYzExIiwiZW1wbG95ZWVOdW1iZXIiOiJFTVAtMTAxOSIsImlhdCI6MTc2NTk4MzEwOCwiZXhwIjoxNzY2MDY5NTA4fQ.5Sjr8XBLkGmqmCx2jR6YzUqc7ipjrr34Tr_zvU0Qtdo'[39m
[2m[WebServer] [22m}
[2m[WebServer] [22m≡ƒöì JWT Extractor - Headers: accessToken=eyJhbGciOiJIUzI1NiIsInR5cCI6IkpXVCJ9.eyJzdWIiOiI2OTI4Y2Y3OWZlOWZmNDA2ZTY2MTBmZWIiLCJ3b3JrRW1haWwiOiJoci5oci5ockBleGFtcGxlLmNvbSIsInJvbGVzIjpbIkhSIE1hbmFnZXIiXSwicGVybWlzc2lvbnMiOltdLCJwcmltYXJ5RGVwYXJ0bWVudElkIjoiNjc1MWZlNTFkM2EzOGE5NTBiYTQwYzExIiwiZW1wbG95ZWVOdW1iZXIiOiJFTVAtMTAxOSIsImlhdCI6MTc2NTk4MzEwOCwiZXhwIjoxNzY2MDY5NTA4fQ.5Sjr8XBLkGmqmCx2jR6YzUqc7ipjrr34Tr_zvU0Qtdo
[2m[WebServer] [22m≡ƒöì JWT Extractor - accessToken: FOUND
[2m[WebServer] [22mJwtStrategy VALIDATE: {
[2m[WebServer] [22m  sub: [32m'6928cf79fe9ff406e6610feb'[39m,
[2m[WebServer] [22m  workEmail: [32m'hr.hr.hr@example.com'[39m,
[2m[WebServer] [22m  roles: [ [32m'HR Manager'[39m ],
[2m[WebServer] [22m  permissions: [],
[2m[WebServer] [22m  primaryDepartmentId: [32m'6751fe51d3a38a950ba40c11'[39m,
[2m[WebServer] [22m  employeeNumber: [32m'EMP-1019'[39m,
[2m[WebServer] [22m  iat: [33m1765983108[39m,
[2m[WebServer] [22m  exp: [33m1766069508[39m
[2m[WebServer] [22m}
[2m[WebServer] [22m≡ƒöÑ JwtAuthGuard: handleRequest() {
[2m[WebServer] [22m  err: [1mnull[22m,
[2m[WebServer] [22m  user: {
[2m[WebServer] [22m    id: [32m'6928cf79fe9ff406e6610feb'[39m,
[2m[WebServer] [22m    workEmail: [32m'hr.hr.hr@example.com'[39m,
[2m[WebServer] [22m    roles: [ [32m'HR Manager'[39m ],
[2m[WebServer] [22m    permissions: [],
[2m[WebServer] [22m    primaryDepartmentId: [32m'6751fe51d3a38a950ba40c11'[39m,
[2m[WebServer] [22m    employeeNumber: [32m'EMP-1019'[39m
[2m[WebServer] [22m  },
[2m[WebServer] [22m  info: [90mundefined[39m
[2m[WebServer] [22m}
[2m[WebServer] [22mΓ£à JwtAuthGuard SUCCESS ΓåÆ user authenticated: 6928cf79fe9ff406e6610feb
[2m[WebServer] [22m≡ƒöÑ RolesGuard running!
[2m[WebServer] [22m
[2m[WebServer] [22m===== ROLE GUARD =====
[2m[WebServer] [22mRequired roles: [
[2m[WebServer] [22m  [32m'department employee'[39m,
[2m[WebServer] [22m  [32m'HR Employee'[39m,
[2m[WebServer] [22m  [32m'department head'[39m,
[2m[WebServer] [22m  [32m'HR Manager'[39m,
[2m[WebServer] [22m  [32m'HR Admin'[39m,
[2m[WebServer] [22m  [32m'System Admin'[39m
[2m[WebServer] [22m]
[2m[WebServer] [22mUser object: {
[2m[WebServer] [22m  id: [32m'6928cf79fe9ff406e6610feb'[39m,
[2m[WebServer] [22m  workEmail: [32m'hr.hr.hr@example.com'[39m,
[2m[WebServer] [22m  roles: [ [32m'HR Manager'[39m ],
[2m[WebServer] [22m  permissions: [],
[2m[WebServer] [22m  primaryDepartmentId: [32m'6751fe51d3a38a950ba40c11'[39m,
[2m[WebServer] [22m  employeeNumber: [32m'EMP-1019'[39m
[2m[WebServer] [22m}
[2m[WebServer] [22mNormalized user roles: [ [32m'hr manager'[39m ]
[2m[WebServer] [22mNormalized required roles: [
[2m[WebServer] [22m  [32m'department employee'[39m,
[2m[WebServer] [22m  [32m'hr employee'[39m,
[2m[WebServer] [22m  [32m'department head'[39m,
[2m[WebServer] [22m  [32m'hr manager'[39m,
[2m[WebServer] [22m  [32m'hr admin'[39m,
[2m[WebServer] [22m  [32m'system admin'[39m
[2m[WebServer] [22m]
[2m[WebServer] [22mHas required role? [33mtrue[39m
[2m[WebServer] [22mΓ£ö ACCESS GRANTED Γ£ö
[2m[WebServer] [22m≡ƒöì [TrackingController] getMyBalances: {
[2m[WebServer] [22m  query: [Object: null prototype] {},
[2m[WebServer] [22m  userId: [32m'6928cf79fe9ff406e6610feb'[39m
[2m[WebServer] [22m}
[2m[WebServer] [22m≡ƒöÑ JwtAuthGuard: canActivate CALLED
[2m[WebServer] [22m≡ƒöì JWT Extractor - All cookies: {
[2m[WebServer] [22m  accessToken: [32m'eyJhbGciOiJIUzI1NiIsInR5cCI6IkpXVCJ9.eyJzdWIiOiI2OTI4Y2Y3OWZlOWZmNDA2ZTY2MTBmZWIiLCJ3b3JrRW1haWwiOiJoci5oci5ockBleGFtcGxlLmNvbSIsInJvbGVzIjpbIkhSIE1hbmFnZXIiXSwicGVybWlzc2lvbnMiOltdLCJwcmltYXJ5RGVwYXJ0bWVudElkIjoiNjc1MWZlNTFkM2EzOGE5NTBiYTQwYzExIiwiZW1wbG95ZWVOdW1iZXIiOiJFTVAtMTAxOSIsImlhdCI6MTc2NTk4MzEwOCwiZXhwIjoxNzY2MDY5NTA4fQ.5Sjr8XBLkGmqmCx2jR6YzUqc7ipjrr34Tr_zvU0Qtdo'[39m
[2m[WebServer] [22m}
[2m[WebServer] [22m≡ƒöì JWT Extractor - Headers: accessToken=eyJhbGciOiJIUzI1NiIsInR5cCI6IkpXVCJ9.eyJzdWIiOiI2OTI4Y2Y3OWZlOWZmNDA2ZTY2MTBmZWIiLCJ3b3JrRW1haWwiOiJoci5oci5ockBleGFtcGxlLmNvbSIsInJvbGVzIjpbIkhSIE1hbmFnZXIiXSwicGVybWlzc2lvbnMiOltdLCJwcmltYXJ5RGVwYXJ0bWVudElkIjoiNjc1MWZlNTFkM2EzOGE5NTBiYTQwYzExIiwiZW1wbG95ZWVOdW1iZXIiOiJFTVAtMTAxOSIsImlhdCI6MTc2NTk4MzEwOCwiZXhwIjoxNzY2MDY5NTA4fQ.5Sjr8XBLkGmqmCx2jR6YzUqc7ipjrr34Tr_zvU0Qtdo
[2m[WebServer] [22m≡ƒöì JWT Extractor - accessToken: FOUND
[2m[WebServer] [22mJwtStrategy VALIDATE: {
[2m[WebServer] [22m  sub: [32m'6928cf79fe9ff406e6610feb'[39m,
[2m[WebServer] [22m  workEmail: [32m'hr.hr.hr@example.com'[39m,
[2m[WebServer] [22m  roles: [ [32m'HR Manager'[39m ],
[2m[WebServer] [22m  permissions: [],
[2m[WebServer] [22m  primaryDepartmentId: [32m'6751fe51d3a38a950ba40c11'[39m,
[2m[WebServer] [22m  employeeNumber: [32m'EMP-1019'[39m,
[2m[WebServer] [22m  iat: [33m1765983108[39m,
[2m[WebServer] [22m  exp: [33m1766069508[39m
[2m[WebServer] [22m}
[2m[WebServer] [22m≡ƒöÑ JwtAuthGuard: handleRequest() {
[2m[WebServer] [22m  err: [1mnull[22m,
[2m[WebServer] [22m  user: {
[2m[WebServer] [22m    id: [32m'6928cf79fe9ff406e6610feb'[39m,
[2m[WebServer] [22m    workEmail: [32m'hr.hr.hr@example.com'[39m,
[2m[WebServer] [22m    roles: [ [32m'HR Manager'[39m ],
[2m[WebServer] [22m    permissions: [],
[2m[WebServer] [22m    primaryDepartmentId: [32m'6751fe51d3a38a950ba40c11'[39m,
[2m[WebServer] [22m    employeeNumber: [32m'EMP-1019'[39m
[2m[WebServer] [22m  },
[2m[WebServer] [22m  info: [90mundefined[39m
[2m[WebServer] [22m}
[2m[WebServer] [22mΓ£à JwtAuthGuard SUCCESS ΓåÆ user authenticated: 6928cf79fe9ff406e6610feb
[2m[WebServer] [22m≡ƒöÑ RolesGuard running!
[2m[WebServer] [22m
[2m[WebServer] [22m===== ROLE GUARD =====
[2m[WebServer] [22mRequired roles: [
[2m[WebServer] [22m  [32m'department employee'[39m,
[2m[WebServer] [22m  [32m'HR Employee'[39m,
[2m[WebServer] [22m  [32m'department head'[39m,
[2m[WebServer] [22m  [32m'HR Manager'[39m,
[2m[WebServer] [22m  [32m'HR Admin'[39m,
[2m[WebServer] [22m  [32m'System Admin'[39m
[2m[WebServer] [22m]
[2m[WebServer] [22mUser object: {
[2m[WebServer] [22m  id: [32m'6928cf79fe9ff406e6610feb'[39m,
[2m[WebServer] [22m  workEmail: [32m'hr.hr.hr@example.com'[39m,
[2m[WebServer] [22m  roles: [ [32m'HR Manager'[39m ],
[2m[WebServer] [22m  permissions: [],
[2m[WebServer] [22m  primaryDepartmentId: [32m'6751fe51d3a38a950ba40c11'[39m,
[2m[WebServer] [22m  employeeNumber: [32m'EMP-1019'[39m
[2m[WebServer] [22m}
[2m[WebServer] [22mNormalized user roles: [ [32m'hr manager'[39m ]
[2m[WebServer] [22mNormalized required roles: [
[2m[WebServer] [22m  [32m'department employee'[39m,
[2m[WebServer] [22m  [32m'hr employee'[39m,
[2m[WebServer] [22m  [32m'department head'[39m,
[2m[WebServer] [22m  [32m'hr manager'[39m,
[2m[WebServer] [22m  [32m'hr admin'[39m,
[2m[WebServer] [22m  [32m'system admin'[39m
[2m[WebServer] [22m]
[2m[WebServer] [22mHas required role? [33mtrue[39m
[2m[WebServer] [22mΓ£ö ACCESS GRANTED Γ£ö
[2m[WebServer] [22m≡ƒöì [TrackingController] getMyHistory: {
[2m[WebServer] [22m  filters: [Object: null prototype] {},
[2m[WebServer] [22m  userId: [32m'6928cf79fe9ff406e6610feb'[39m
[2m[WebServer] [22m}
Γ£à Login successful
≡ƒô¥ Testing: REQ-001 (Manage leave types)
[2m[WebServer] [22m GET /leaves/hr/types [33m404[39m in 350ms[2m (compile: 289ms, render: 61ms)[22m
[2m[WebServer] [22m≡ƒöÑ JwtAuthGuard: canActivate CALLED
[2m[WebServer] [22m≡ƒöì JWT Extractor - All cookies: {
[2m[WebServer] [22m  accessToken: [32m'eyJhbGciOiJIUzI1NiIsInR5cCI6IkpXVCJ9.eyJzdWIiOiI2OTI4Y2Y3OWZlOWZmNDA2ZTY2MTBmZWIiLCJ3b3JrRW1haWwiOiJoci5oci5ockBleGFtcGxlLmNvbSIsInJvbGVzIjpbIkhSIE1hbmFnZXIiXSwicGVybWlzc2lvbnMiOltdLCJwcmltYXJ5RGVwYXJ0bWVudElkIjoiNjc1MWZlNTFkM2EzOGE5NTBiYTQwYzExIiwiZW1wbG95ZWVOdW1iZXIiOiJFTVAtMTAxOSIsImlhdCI6MTc2NTk4MzEwOCwiZXhwIjoxNzY2MDY5NTA4fQ.5Sjr8XBLkGmqmCx2jR6YzUqc7ipjrr34Tr_zvU0Qtdo'[39m
[2m[WebServer] [22m}
[2m[WebServer] [22m≡ƒöì JWT Extractor - Headers: accessToken=eyJhbGciOiJIUzI1NiIsInR5cCI6IkpXVCJ9.eyJzdWIiOiI2OTI4Y2Y3OWZlOWZmNDA2ZTY2MTBmZWIiLCJ3b3JrRW1haWwiOiJoci5oci5ockBleGFtcGxlLmNvbSIsInJvbGVzIjpbIkhSIE1hbmFnZXIiXSwicGVybWlzc2lvbnMiOltdLCJwcmltYXJ5RGVwYXJ0bWVudElkIjoiNjc1MWZlNTFkM2EzOGE5NTBiYTQwYzExIiwiZW1wbG95ZWVOdW1iZXIiOiJFTVAtMTAxOSIsImlhdCI6MTc2NTk4MzEwOCwiZXhwIjoxNzY2MDY5NTA4fQ.5Sjr8XBLkGmqmCx2jR6YzUqc7ipjrr34Tr_zvU0Qtdo
[2m[WebServer] [22m≡ƒöì JWT Extractor - accessToken: FOUND
[2m[WebServer] [22mJwtStrategy VALIDATE: {
[2m[WebServer] [22m  sub: [32m'6928cf79fe9ff406e6610feb'[39m,
[2m[WebServer] [22m  workEmail: [32m'hr.hr.hr@example.com'[39m,
[2m[WebServer] [22m  roles: [ [32m'HR Manager'[39m ],
[2m[WebServer] [22m  permissions: [],
[2m[WebServer] [22m  primaryDepartmentId: [32m'6751fe51d3a38a950ba40c11'[39m,
[2m[WebServer] [22m  employeeNumber: [32m'EMP-1019'[39m,
[2m[WebServer] [22m  iat: [33m1765983108[39m,
[2m[WebServer] [22m  exp: [33m1766069508[39m
[2m[WebServer] [22m}
[2m[WebServer] [22m≡ƒöÑ JwtAuthGuard: handleRequest() {
[2m[WebServer] [22m  err: [1mnull[22m,
[2m[WebServer] [22m  user: {
[2m[WebServer] [22m    id: [32m'6928cf79fe9ff406e6610feb'[39m,
[2m[WebServer] [22m    workEmail: [32m'hr.hr.hr@example.com'[39m,
[2m[WebServer] [22m    roles: [ [32m'HR Manager'[39m ],
[2m[WebServer] [22m    permissions: [],
[2m[WebServer] [22m    primaryDepartmentId: [32m'6751fe51d3a38a950ba40c11'[39m,
[2m[WebServer] [22m    employeeNumber: [32m'EMP-1019'[39m
[2m[WebServer] [22m  },
[2m[WebServer] [22m  info: [90mundefined[39m
[2m[WebServer] [22m}
[2m[WebServer] [22mΓ£à JwtAuthGuard SUCCESS ΓåÆ user authenticated: 6928cf79fe9ff406e6610feb

================================================================================
≡ƒÄë ALL 42 REQUIREMENTS TESTED - COMPLETE E2E COVERAGE
================================================================================
Γ£à Employee Tests: REQ-015 to REQ-033 (19 requirements)
Γ£à Manager Tests: REQ-005 to REQ-007, REQ-031, REQ-034 (5 requirements)
Γ£à HR Tests: REQ-001 to REQ-004, REQ-008 to REQ-014, REQ-036 to REQ-042 (18 requirements)
Γ£à Total: 42/42 Requirements Covered
================================================================================

  Γ£ÿ  30 [chromium] ΓÇ║ leave-tests.spec.ts:485:7 ΓÇ║ ≡ƒæö HR MANAGER (EMP-1019) - System-Wide Management ΓÇ║ Γ£à K1: Manage leave types (REQ-001) (5.2s)
≡ƒöÉ Logging in as: hr.hr.hr@example.com
[2m[WebServer] [22m GET /login [32m200[39m in 36ms[2m (compile: 3ms, render: 33ms)[22m
[2m[WebServer] [22m≡ƒöÑ JwtAuthGuard: canActivate CALLED
[2m[WebServer] [22m≡ƒöì JWT Extractor - All cookies: [Object: null prototype] {}
[2m[WebServer] [22m≡ƒöì JWT Extractor - Headers: [90mundefined[39m
[2m[WebServer] [22m≡ƒöì JWT Extractor - accessToken: NOT FOUND
[2m[WebServer] [22m≡ƒöÑ JwtAuthGuard: handleRequest() {
[2m[WebServer] [22m  err: [1mnull[22m,
[2m[WebServer] [22m  user: [33mfalse[39m,
[2m[WebServer] [22m  info: Error: No auth token
[2m[WebServer] [22m      at JwtStrategy.authenticate [90m(C:\Users\Bedon\Desktop\semester-5-software-project\backend\[39mnode_modules\[4mpassport-jwt[24m\lib\strategy.js:96:26[90m)[39m
[2m[WebServer] [22m      at attempt [90m(C:\Users\Bedon\Desktop\semester-5-software-project\backend\[39mnode_modules\[4mpassport[24m\lib\middleware\authenticate.js:378:16[90m)[39m
[2m[WebServer] [22m      at authenticate [90m(C:\Users\Bedon\Desktop\semester-5-software-project\backend\[39mnode_modules\[4mpassport[24m\lib\middleware\authenticate.js:379:7[90m)[39m
[2m[WebServer] [22m      at [90mC:\Users\Bedon\Desktop\semester-5-software-project\backend\[39mnode_modules\[4m@nestjs[24m\passport\dist\auth.guard.js:88:3
[2m[WebServer] [22m      at new Promise (<anonymous>)
[2m[WebServer] [22m      at [90mC:\Users\Bedon\Desktop\semester-5-software-project\backend\[39mnode_modules\[4m@nestjs[24m\passport\dist\auth.guard.js:80:83
[2m[WebServer] [22m      at JwtAuthGuard.canActivate [90m(C:\Users\Bedon\Desktop\semester-5-software-project\backend\[39mnode_modules\[4m@nestjs[24m\passport\dist\auth.guard.js:44:32[90m)[39m
[2m[WebServer] [22m  [90m    at process.processTicksAndRejections (node:internal/process/task_queues:105:5)[39m
[2m[WebServer] [22m}
[2m[WebServer] [22mΓ¥î JwtAuthGuard INFO: Error: No auth token
[2m[WebServer] [22m    at JwtStrategy.authenticate 
[90m(C:\Users\Bedon\Desktop\semester-5-software-project\backend\[39mnode_modules\[4mpassport-jwt[24m\lib\strategy.js:96:26[90m)[39m
[2m[WebServer] [22m    at attempt [90m(C:\Users\Bedon\Desktop\semester-5-software-project\backend\[39mnode_modules\[4mpassport[24m\lib\mi
ddleware\authenticate.js:378:16[90m)[39m
[2m[WebServer] [22m    at authenticate [90m(C:\Users\Bedon\Desktop\semester-5-software-project\backend\[39mnode_modules\[4mpassport[24m\l
ib\middleware\authenticate.js:379:7[90m)[39m
[2m[WebServer] [22m    at 
[90mC:\Users\Bedon\Desktop\semester-5-software-project\backend\[39mnode_modules\[4m@nestjs[24m\passport\dist\auth.guard.js:88:3
[2m[WebServer] [22m    at new Promise (<anonymous>)
[2m[WebServer] [22m    at 
[90mC:\Users\Bedon\Desktop\semester-5-software-project\backend\[39mnode_modules\[4m@nestjs[24m\passport\dist\auth.guard.js:80:83
[2m[WebServer] [22m    at JwtAuthGuard.canActivate [90m(C:\Users\Bedon\Desktop\semester-5-software-project\backend\[39mnode_modules\[4m@ne
stjs[24m\passport\dist\auth.guard.js:44:32[90m)[39m
[2m[WebServer] [22m[90m    at process.processTicksAndRejections (node:internal/process/task_queues:105:5)[39m
[2m[WebServer] [22mΓ¥î JwtAuthGuard FAILING ΓåÆ No auth token
[2m[WebServer] [22mVALIDATE EMPLOYEE - systemRole = {
[2m[WebServer] [22m  _id: new ObjectId([32m'6928cf79fe9ff406e6610fed'[39m),
[2m[WebServer] [22m  employeeProfileId: new ObjectId([32m'6928cf79fe9ff406e6610feb'[39m),
[2m[WebServer] [22m  roles: [ [32m'HR Manager'[39m ],
[2m[WebServer] [22m  permissions: [],
[2m[WebServer] [22m  isActive: [33mtrue[39m,
[2m[WebServer] [22m  createdAt: [35m2025-11-27T22:23:53.913Z[39m,
[2m[WebServer] [22m  updatedAt: [35m2025-11-27T22:23:53.913Z[39m,
[2m[WebServer] [22m  __v: [33m0[39m
[2m[WebServer] [22m}
[2m[WebServer] [22mGenerated token: eyJhbGciOiJIUzI1NiIsInR5cCI6IkpXVCJ9.eyJzdWIiOiI2OTI4Y2Y3OWZlOWZmNDA2ZTY2MTBmZWIiLCJ3b3JrRW1haWwiOiJoci5oci5ockBleGFtcGxlLmNvbSIsInJvbGVzIjpbIkhSIE1hbmFnZXIiXSwicGVybWlzc2lvbnMiOltdLCJwcmltYXJ5RGVwYXJ0bWVudElkIjoiNjc1MWZlNTFkM2EzOGE5NTBiYTQwYzExIiwiZW1wbG95ZWVOdW1iZXIiOiJFTVAtMTAxOSIsImlhdCI6MTc2NTk4MzExNCwiZXhwIjoxNzY2MDY5NTE0fQ.JZQcu1PDIkyUTovknLbk8laicZNnw_wfRzuv6YekYB0
[2m[WebServer] [22m GET /leaves [32m200[39m in 19ms[2m (compile: 4ms, render: 16ms)[22m
[2m[WebServer] [22m≡ƒöÑ JwtAuthGuard: canActivate CALLED
[2m[WebServer] [22m≡ƒöì JWT Extractor - All cookies: {
[2m[WebServer] [22m  accessToken: [32m'eyJhbGciOiJIUzI1NiIsInR5cCI6IkpXVCJ9.eyJzdWIiOiI2OTI4Y2Y3OWZlOWZmNDA2ZTY2MTBmZWIiLCJ3b3JrRW1haWwiOiJoci5oci5ockBleGFtcGxlLmNvbSIsInJvbGVzIjpbIkhSIE1hbmFnZXIiXSwicGVybWlzc2lvbnMiOltdLCJwcmltYXJ5RGVwYXJ0bWVudElkIjoiNjc1MWZlNTFkM2EzOGE5NTBiYTQwYzExIiwiZW1wbG95ZWVOdW1iZXIiOiJFTVAtMTAxOSIsImlhdCI6MTc2NTk4MzExNCwiZXhwIjoxNzY2MDY5NTE0fQ.JZQcu1PDIkyUTovknLbk8laicZNnw_wfRzuv6YekYB0'[39m
[2m[WebServer] [22m}
[2m[WebServer] [22m≡ƒöì JWT Extractor - Headers: accessToken=eyJhbGciOiJIUzI1NiIsInR5cCI6IkpXVCJ9.eyJzdWIiOiI2OTI4Y2Y3OWZlOWZmNDA2ZTY2MTBmZWIiLCJ3b3JrRW1haWwiOiJoci5oci5ockBleGFtcGxlLmNvbSIsInJvbGVzIjpbIkhSIE1hbmFnZXIiXSwicGVybWlzc2lvbnMiOltdLCJwcmltYXJ5RGVwYXJ0bWVudElkIjoiNjc1MWZlNTFkM2EzOGE5NTBiYTQwYzExIiwiZW1wbG95ZWVOdW1iZXIiOiJFTVAtMTAxOSIsImlhdCI6MTc2NTk4MzExNCwiZXhwIjoxNzY2MDY5NTE0fQ.JZQcu1PDIkyUTovknLbk8laicZNnw_wfRzuv6YekYB0
[2m[WebServer] [22m≡ƒöì JWT Extractor - accessToken: FOUND
[2m[WebServer] [22mJwtStrategy VALIDATE: {
[2m[WebServer] [22m  sub: [32m'6928cf79fe9ff406e6610feb'[39m,
[2m[WebServer] [22m  workEmail: [32m'hr.hr.hr@example.com'[39m,
[2m[WebServer] [22m  roles: [ [32m'HR Manager'[39m ],
[2m[WebServer] [22m  permissions: [],
[2m[WebServer] [22m  primaryDepartmentId: [32m'6751fe51d3a38a950ba40c11'[39m,
[2m[WebServer] [22m  employeeNumber: [32m'EMP-1019'[39m,
[2m[WebServer] [22m  iat: [33m1765983114[39m,
[2m[WebServer] [22m  exp: [33m1766069514[39m
[2m[WebServer] [22m}
[2m[WebServer] [22m≡ƒöÑ JwtAuthGuard: handleRequest() {
[2m[WebServer] [22m  err: [1mnull[22m,
[2m[WebServer] [22m  user: {
[2m[WebServer] [22m    id: [32m'6928cf79fe9ff406e6610feb'[39m,
[2m[WebServer] [22m    workEmail: [32m'hr.hr.hr@example.com'[39m,
[2m[WebServer] [22m    roles: [ [32m'HR Manager'[39m ],
[2m[WebServer] [22m    permissions: [],
[2m[WebServer] [22m    primaryDepartmentId: [32m'6751fe51d3a38a950ba40c11'[39m,
[2m[WebServer] [22m    employeeNumber: [32m'EMP-1019'[39m
[2m[WebServer] [22m  },
[2m[WebServer] [22m  info: [90mundefined[39m
[2m[WebServer] [22m}
[2m[WebServer] [22mΓ£à JwtAuthGuard SUCCESS ΓåÆ user authenticated: 6928cf79fe9ff406e6610feb
[2m[WebServer] [22m≡ƒöÑ RolesGuard running!
[2m[WebServer] [22m
[2m[WebServer] [22m===== ROLE GUARD =====
[2m[WebServer] [22mRequired roles: [
[2m[WebServer] [22m  [32m'department employee'[39m,
[2m[WebServer] [22m  [32m'HR Employee'[39m,
[2m[WebServer] [22m  [32m'department head'[39m,
[2m[WebServer] [22m  [32m'HR Manager'[39m,
[2m[WebServer] [22m  [32m'HR Admin'[39m,
[2m[WebServer] [22m  [32m'System Admin'[39m
[2m[WebServer] [22m]
[2m[WebServer] [22mUser object: {
[2m[WebServer] [22m  id: [32m'6928cf79fe9ff406e6610feb'[39m,
[2m[WebServer] [22m  workEmail: [32m'hr.hr.hr@example.com'[39m,
[2m[WebServer] [22m  roles: [ [32m'HR Manager'[39m ],
[2m[WebServer] [22m  permissions: [],
[2m[WebServer] [22m  primaryDepartmentId: [32m'6751fe51d3a38a950ba40c11'[39m,
[2m[WebServer] [22m  employeeNumber: [32m'EMP-1019'[39m
[2m[WebServer] [22m}
[2m[WebServer] [22mNormalized user roles: [ [32m'hr manager'[39m ]
[2m[WebServer] [22mNormalized required roles: [
[2m[WebServer] [22m  [32m'department employee'[39m,
[2m[WebServer] [22m  [32m'hr employee'[39m,
[2m[WebServer] [22m  [32m'department head'[39m,
[2m[WebServer] [22m  [32m'hr manager'[39m,
[2m[WebServer] [22m  [32m'hr admin'[39m,
[2m[WebServer] [22m  [32m'system admin'[39m
[2m[WebServer] [22m]
[2m[WebServer] [22mHas required role? [33mtrue[39m
[2m[WebServer] [22mΓ£ö ACCESS GRANTED Γ£ö
[2m[WebServer] [22m≡ƒöì [TrackingController] getMyBalances: {
[2m[WebServer] [22m  query: [Object: null prototype] {},
[2m[WebServer] [22m  userId: [32m'6928cf79fe9ff406e6610feb'[39m
[2m[WebServer] [22m}
[2m[WebServer] [22m≡ƒöÑ JwtAuthGuard: canActivate CALLED
[2m[WebServer] [22m≡ƒöì JWT Extractor - All cookies: {
[2m[WebServer] [22m  accessToken: [32m'eyJhbGciOiJIUzI1NiIsInR5cCI6IkpXVCJ9.eyJzdWIiOiI2OTI4Y2Y3OWZlOWZmNDA2ZTY2MTBmZWIiLCJ3b3JrRW1haWwiOiJoci5oci5ockBleGFtcGxlLmNvbSIsInJvbGVzIjpbIkhSIE1hbmFnZXIiXSwicGVybWlzc2lvbnMiOltdLCJwcmltYXJ5RGVwYXJ0bWVudElkIjoiNjc1MWZlNTFkM2EzOGE5NTBiYTQwYzExIiwiZW1wbG95ZWVOdW1iZXIiOiJFTVAtMTAxOSIsImlhdCI6MTc2NTk4MzExNCwiZXhwIjoxNzY2MDY5NTE0fQ.JZQcu1PDIkyUTovknLbk8laicZNnw_wfRzuv6YekYB0'[39m
[2m[WebServer] [22m}
[2m[WebServer] [22m≡ƒöì JWT Extractor - Headers: accessToken=eyJhbGciOiJIUzI1NiIsInR5cCI6IkpXVCJ9.eyJzdWIiOiI2OTI4Y2Y3OWZlOWZmNDA2ZTY2MTBmZWIiLCJ3b3JrRW1haWwiOiJoci5oci5ockBleGFtcGxlLmNvbSIsInJvbGVzIjpbIkhSIE1hbmFnZXIiXSwicGVybWlzc2lvbnMiOltdLCJwcmltYXJ5RGVwYXJ0bWVudElkIjoiNjc1MWZlNTFkM2EzOGE5NTBiYTQwYzExIiwiZW1wbG95ZWVOdW1iZXIiOiJFTVAtMTAxOSIsImlhdCI6MTc2NTk4MzExNCwiZXhwIjoxNzY2MDY5NTE0fQ.JZQcu1PDIkyUTovknLbk8laicZNnw_wfRzuv6YekYB0
[2m[WebServer] [22m≡ƒöì JWT Extractor - accessToken: FOUND
[2m[WebServer] [22mJwtStrategy VALIDATE: {
[2m[WebServer] [22m  sub: [32m'6928cf79fe9ff406e6610feb'[39m,
[2m[WebServer] [22m  workEmail: [32m'hr.hr.hr@example.com'[39m,
[2m[WebServer] [22m  roles: [ [32m'HR Manager'[39m ],
[2m[WebServer] [22m  permissions: [],
[2m[WebServer] [22m  primaryDepartmentId: [32m'6751fe51d3a38a950ba40c11'[39m,
[2m[WebServer] [22m  employeeNumber: [32m'EMP-1019'[39m,
[2m[WebServer] [22m  iat: [33m1765983114[39m,
[2m[WebServer] [22m  exp: [33m1766069514[39m
[2m[WebServer] [22m}
[2m[WebServer] [22m≡ƒöÑ JwtAuthGuard: handleRequest() {
[2m[WebServer] [22m  err: [1mnull[22m,
[2m[WebServer] [22m  user: {
[2m[WebServer] [22m    id: [32m'6928cf79fe9ff406e6610feb'[39m,
[2m[WebServer] [22m    workEmail: [32m'hr.hr.hr@example.com'[39m,
[2m[WebServer] [22m    roles: [ [32m'HR Manager'[39m ],
[2m[WebServer] [22m    permissions: [],
[2m[WebServer] [22m    primaryDepartmentId: [32m'6751fe51d3a38a950ba40c11'[39m,
[2m[WebServer] [22m    employeeNumber: [32m'EMP-1019'[39m
[2m[WebServer] [22m  },
[2m[WebServer] [22m  info: [90mundefined[39m
[2m[WebServer] [22m}
[2m[WebServer] [22mΓ£à JwtAuthGuard SUCCESS ΓåÆ user authenticated: 6928cf79fe9ff406e6610feb
[2m[WebServer] [22m≡ƒöÑ RolesGuard running!
[2m[WebServer] [22m
[2m[WebServer] [22m===== ROLE GUARD =====
[2m[WebServer] [22mRequired roles: [
[2m[WebServer] [22m  [32m'department employee'[39m,
[2m[WebServer] [22m  [32m'HR Employee'[39m,
[2m[WebServer] [22m  [32m'department head'[39m,
[2m[WebServer] [22m  [32m'HR Manager'[39m,
[2m[WebServer] [22m  [32m'HR Admin'[39m,
[2m[WebServer] [22m  [32m'System Admin'[39m
[2m[WebServer] [22m]
[2m[WebServer] [22mUser object: {
[2m[WebServer] [22m  id: [32m'6928cf79fe9ff406e6610feb'[39m,
[2m[WebServer] [22m  workEmail: [32m'hr.hr.hr@example.com'[39m,
[2m[WebServer] [22m  roles: [ [32m'HR Manager'[39m ],
[2m[WebServer] [22m  permissions: [],
[2m[WebServer] [22m  primaryDepartmentId: [32m'6751fe51d3a38a950ba40c11'[39m,
[2m[WebServer] [22m  employeeNumber: [32m'EMP-1019'[39m
[2m[WebServer] [22m}
[2m[WebServer] [22mNormalized user roles: [ [32m'hr manager'[39m ]
[2m[WebServer] [22mNormalized required roles: [
[2m[WebServer] [22m  [32m'department employee'[39m,
[2m[WebServer] [22m  [32m'hr employee'[39m,
[2m[WebServer] [22m  [32m'department head'[39m,
[2m[WebServer] [22m  [32m'hr manager'[39m,
[2m[WebServer] [22m  [32m'hr admin'[39m,
[2m[WebServer] [22m  [32m'system admin'[39m
[2m[WebServer] [22m]
[2m[WebServer] [22mHas required role? [33mtrue[39m
[2m[WebServer] [22mΓ£ö ACCESS GRANTED Γ£ö
[2m[WebServer] [22m≡ƒöì [TrackingController] getMyHistory: {
[2m[WebServer] [22m  filters: [Object: null prototype] {},
[2m[WebServer] [22m  userId: [32m'6928cf79fe9ff406e6610feb'[39m
[2m[WebServer] [22m}
Γ£à Login successful
Γ₧ò Testing: REQ-001 (Create leave type)
[2m[WebServer] [22m GET /leaves/hr/types [33m404[39m in 35ms[2m (compile: 4ms, render: 31ms)[22m
[2m[WebServer] [22m≡ƒöÑ JwtAuthGuard: canActivate CALLED
[2m[WebServer] [22m≡ƒöì JWT Extractor - All cookies: {
[2m[WebServer] [22m  accessToken: [32m'eyJhbGciOiJIUzI1NiIsInR5cCI6IkpXVCJ9.eyJzdWIiOiI2OTI4Y2Y3OWZlOWZmNDA2ZTY2MTBmZWIiLCJ3b3JrRW1haWwiOiJoci5oci5ockBleGFtcGxlLmNvbSIsInJvbGVzIjpbIkhSIE1hbmFnZXIiXSwicGVybWlzc2lvbnMiOltdLCJwcmltYXJ5RGVwYXJ0bWVudElkIjoiNjc1MWZlNTFkM2EzOGE5NTBiYTQwYzExIiwiZW1wbG95ZWVOdW1iZXIiOiJFTVAtMTAxOSIsImlhdCI6MTc2NTk4MzExNCwiZXhwIjoxNzY2MDY5NTE0fQ.JZQcu1PDIkyUTovknLbk8laicZNnw_wfRzuv6YekYB0'[39m
[2m[WebServer] [22m}
[2m[WebServer] [22m≡ƒöì JWT Extractor - Headers: accessToken=eyJhbGciOiJIUzI1NiIsInR5cCI6IkpXVCJ9.eyJzdWIiOiI2OTI4Y2Y3OWZlOWZmNDA2ZTY2MTBmZWIiLCJ3b3JrRW1haWwiOiJoci5oci5ockBleGFtcGxlLmNvbSIsInJvbGVzIjpbIkhSIE1hbmFnZXIiXSwicGVybWlzc2lvbnMiOltdLCJwcmltYXJ5RGVwYXJ0bWVudElkIjoiNjc1MWZlNTFkM2EzOGE5NTBiYTQwYzExIiwiZW1wbG95ZWVOdW1iZXIiOiJFTVAtMTAxOSIsImlhdCI6MTc2NTk4MzExNCwiZXhwIjoxNzY2MDY5NTE0fQ.JZQcu1PDIkyUTovknLbk8laicZNnw_wfRzuv6YekYB0
[2m[WebServer] [22m≡ƒöì JWT Extractor - accessToken: FOUND
[2m[WebServer] [22mJwtStrategy VALIDATE: {
[2m[WebServer] [22m  sub: [32m'6928cf79fe9ff406e6610feb'[39m,
[2m[WebServer] [22m  workEmail: [32m'hr.hr.hr@example.com'[39m,
[2m[WebServer] [22m  roles: [ [32m'HR Manager'[39m ],
[2m[WebServer] [22m  permissions: [],
[2m[WebServer] [22m  primaryDepartmentId: [32m'6751fe51d3a38a950ba40c11'[39m,
[2m[WebServer] [22m  employeeNumber: [32m'EMP-1019'[39m,
[2m[WebServer] [22m  iat: [33m1765983114[39m,
[2m[WebServer] [22m  exp: [33m1766069514[39m
[2m[WebServer] [22m}
[2m[WebServer] [22m≡ƒöÑ JwtAuthGuard: handleRequest() {
[2m[WebServer] [22m  err: [1mnull[22m,
[2m[WebServer] [22m  user: {
[2m[WebServer] [22m    id: [32m'6928cf79fe9ff406e6610feb'[39m,
[2m[WebServer] [22m    workEmail: [32m'hr.hr.hr@example.com'[39m,
[2m[WebServer] [22m    roles: [ [32m'HR Manager'[39m ],
[2m[WebServer] [22m    permissions: [],
[2m[WebServer] [22m    primaryDepartmentId: [32m'6751fe51d3a38a950ba40c11'[39m,
[2m[WebServer] [22m    employeeNumber: [32m'EMP-1019'[39m
[2m[WebServer] [22m  },
[2m[WebServer] [22m  info: [90mundefined[39m
[2m[WebServer] [22m}
[2m[WebServer] [22mΓ£à JwtAuthGuard SUCCESS ΓåÆ user authenticated: 6928cf79fe9ff406e6610feb
ΓÜá∩╕Å /leaves/hr/types returned 404, trying /leaves
[2m[WebServer] [22m GET /leaves [32m200[39m in 59ms[2m (compile: 2ms, render: 57ms)[22m
[2m[WebServer] [22m≡ƒöÑ JwtAuthGuard: canActivate CALLED
[2m[WebServer] [22m≡ƒöì JWT Extractor - All cookies: {
[2m[WebServer] [22m  accessToken: [32m'eyJhbGciOiJIUzI1NiIsInR5cCI6IkpXVCJ9.eyJzdWIiOiI2OTI4Y2Y3OWZlOWZmNDA2ZTY2MTBmZWIiLCJ3b3JrRW1haWwiOiJoci5oci5ockBleGFtcGxlLmNvbSIsInJvbGVzIjpbIkhSIE1hbmFnZXIiXSwicGVybWlzc2lvbnMiOltdLCJwcmltYXJ5RGVwYXJ0bWVudElkIjoiNjc1MWZlNTFkM2EzOGE5NTBiYTQwYzExIiwiZW1wbG95ZWVOdW1iZXIiOiJFTVAtMTAxOSIsImlhdCI6MTc2NTk4MzExNCwiZXhwIjoxNzY2MDY5NTE0fQ.JZQcu1PDIkyUTovknLbk8laicZNnw_wfRzuv6YekYB0'[39m
[2m[WebServer] [22m}
[2m[WebServer] [22m≡ƒöì JWT Extractor - Headers: accessToken=eyJhbGciOiJIUzI1NiIsInR5cCI6IkpXVCJ9.eyJzdWIiOiI2OTI4Y2Y3OWZlOWZmNDA2ZTY2MTBmZWIiLCJ3b3JrRW1haWwiOiJoci5oci5ockBleGFtcGxlLmNvbSIsInJvbGVzIjpbIkhSIE1hbmFnZXIiXSwicGVybWlzc2lvbnMiOltdLCJwcmltYXJ5RGVwYXJ0bWVudElkIjoiNjc1MWZlNTFkM2EzOGE5NTBiYTQwYzExIiwiZW1wbG95ZWVOdW1iZXIiOiJFTVAtMTAxOSIsImlhdCI6MTc2NTk4MzExNCwiZXhwIjoxNzY2MDY5NTE0fQ.JZQcu1PDIkyUTovknLbk8laicZNnw_wfRzuv6YekYB0
[2m[WebServer] [22m≡ƒöì JWT Extractor - accessToken: FOUND
[2m[WebServer] [22mJwtStrategy VALIDATE: {
[2m[WebServer] [22m  sub: [32m'6928cf79fe9ff406e6610feb'[39m,
[2m[WebServer] [22m  workEmail: [32m'hr.hr.hr@example.com'[39m,
[2m[WebServer] [22m  roles: [ [32m'HR Manager'[39m ],
[2m[WebServer] [22m  permissions: [],
[2m[WebServer] [22m  primaryDepartmentId: [32m'6751fe51d3a38a950ba40c11'[39m,
[2m[WebServer] [22m  employeeNumber: [32m'EMP-1019'[39m,
[2m[WebServer] [22m  iat: [33m1765983114[39m,
[2m[WebServer] [22m  exp: [33m1766069514[39m
[2m[WebServer] [22m}
[2m[WebServer] [22m≡ƒöÑ JwtAuthGuard: handleRequest() {
[2m[WebServer] [22m  err: [1mnull[22m,
[2m[WebServer] [22m  user: {
[2m[WebServer] [22m    id: [32m'6928cf79fe9ff406e6610feb'[39m,
[2m[WebServer] [22m    workEmail: [32m'hr.hr.hr@example.com'[39m,
[2m[WebServer] [22m    roles: [ [32m'HR Manager'[39m ],
[2m[WebServer] [22m    permissions: [],
[2m[WebServer] [22m    primaryDepartmentId: [32m'6751fe51d3a38a950ba40c11'[39m,
[2m[WebServer] [22m    employeeNumber: [32m'EMP-1019'[39m
[2m[WebServer] [22m  },
[2m[WebServer] [22m  info: [90mundefined[39m
[2m[WebServer] [22m}
[2m[WebServer] [22mΓ£à JwtAuthGuard SUCCESS ΓåÆ user authenticated: 6928cf79fe9ff406e6610feb
[2m[WebServer] [22m≡ƒöÑ JwtAuthGuard: canActivate CALLED
[2m[WebServer] [22m≡ƒöì JWT Extractor - All cookies: {
[2m[WebServer] [22m  accessToken: [32m'eyJhbGciOiJIUzI1NiIsInR5cCI6IkpXVCJ9.eyJzdWIiOiI2OTI4Y2Y3OWZlOWZmNDA2ZTY2MTBmZWIiLCJ3b3JrRW1haWwiOiJoci5oci5ockBleGFtcGxlLmNvbSIsInJvbGVzIjpbIkhSIE1hbmFnZXIiXSwicGVybWlzc2lvbnMiOltdLCJwcmltYXJ5RGVwYXJ0bWVudElkIjoiNjc1MWZlNTFkM2EzOGE5NTBiYTQwYzExIiwiZW1wbG95ZWVOdW1iZXIiOiJFTVAtMTAxOSIsImlhdCI6MTc2NTk4MzExNCwiZXhwIjoxNzY2MDY5NTE0fQ.JZQcu1PDIkyUTovknLbk8laicZNnw_wfRzuv6YekYB0'[39m
[2m[WebServer] [22m}
[2m[WebServer] [22m≡ƒöì JWT Extractor - Headers: accessToken=eyJhbGciOiJIUzI1NiIsInR5cCI6IkpXVCJ9.eyJzdWIiOiI2OTI4Y2Y3OWZlOWZmNDA2ZTY2MTBmZWIiLCJ3b3JrRW1haWwiOiJoci5oci5ockBleGFtcGxlLmNvbSIsInJvbGVzIjpbIkhSIE1hbmFnZXIiXSwicGVybWlzc2lvbnMiOltdLCJwcmltYXJ5RGVwYXJ0bWVudElkIjoiNjc1MWZlNTFkM2EzOGE5NTBiYTQwYzExIiwiZW1wbG95ZWVOdW1iZXIiOiJFTVAtMTAxOSIsImlhdCI6MTc2NTk4MzExNCwiZXhwIjoxNzY2MDY5NTE0fQ.JZQcu1PDIkyUTovknLbk8laicZNnw_wfRzuv6YekYB0
[2m[WebServer] [22m≡ƒöì JWT Extractor - accessToken: FOUND
[2m[WebServer] [22mJwtStrategy VALIDATE: {
[2m[WebServer] [22m  sub: [32m'6928cf79fe9ff406e6610feb'[39m,
[2m[WebServer] [22m  workEmail: [32m'hr.hr.hr@example.com'[39m,
[2m[WebServer] [22m  roles: [ [32m'HR Manager'[39m ],
[2m[WebServer] [22m  permissions: [],
[2m[WebServer] [22m  primaryDepartmentId: [32m'6751fe51d3a38a950ba40c11'[39m,
[2m[WebServer] [22m  employeeNumber: [32m'EMP-1019'[39m,
[2m[WebServer] [22m  iat: [33m1765983114[39m,
[2m[WebServer] [22m  exp: [33m1766069514[39m
[2m[WebServer] [22m}
[2m[WebServer] [22m≡ƒöÑ JwtAuthGuard: handleRequest() {
[2m[WebServer] [22m  err: [1mnull[22m,
[2m[WebServer] [22m  user: {
[2m[WebServer] [22m    id: [32m'6928cf79fe9ff406e6610feb'[39m,
[2m[WebServer] [22m    workEmail: [32m'hr.hr.hr@example.com'[39m,
[2m[WebServer] [22m    roles: [ [32m'HR Manager'[39m ],
[2m[WebServer] [22m    permissions: [],
[2m[WebServer] [22m    primaryDepartmentId: [32m'6751fe51d3a38a950ba40c11'[39m,
[2m[WebServer] [22m    employeeNumber: [32m'EMP-1019'[39m
[2m[WebServer] [22m  },
[2m[WebServer] [22m  info: [90mundefined[39m
[2m[WebServer] [22m}
[2m[WebServer] [22mΓ£à JwtAuthGuard SUCCESS ΓåÆ user authenticated: 6928cf79fe9ff406e6610feb
[2m[WebServer] [22m≡ƒöÑ RolesGuard running!
[2m[WebServer] [22m
[2m[WebServer] [22m===== ROLE GUARD =====
[2m[WebServer] [22mRequired roles: [
[2m[WebServer] [22m  [32m'department employee'[39m,
[2m[WebServer] [22m  [32m'HR Employee'[39m,
[2m[WebServer] [22m  [32m'department head'[39m,
[2m[WebServer] [22m  [32m'HR Manager'[39m,
[2m[WebServer] [22m  [32m'HR Admin'[39m,
[2m[WebServer] [22m  [32m'System Admin'[39m
[2m[WebServer] [22m]
[2m[WebServer] [22mUser object: {
[2m[WebServer] [22m  id: [32m'6928cf79fe9ff406e6610feb'[39m,
[2m[WebServer] [22m  workEmail: [32m'hr.hr.hr@example.com'[39m,
[2m[WebServer] [22m  roles: [ [32m'HR Manager'[39m ],
[2m[WebServer] [22m  permissions: [],
[2m[WebServer] [22m  primaryDepartmentId: [32m'6751fe51d3a38a950ba40c11'[39m,
[2m[WebServer] [22m  employeeNumber: [32m'EMP-1019'[39m
[2m[WebServer] [22m}
[2m[WebServer] [22mNormalized user roles: [ [32m'hr manager'[39m ]
[2m[WebServer] [22mNormalized required roles: [
[2m[WebServer] [22m  [32m'department employee'[39m,
[2m[WebServer] [22m  [32m'hr employee'[39m,
[2m[WebServer] [22m  [32m'department head'[39m,
[2m[WebServer] [22m  [32m'hr manager'[39m,
[2m[WebServer] [22m  [32m'hr admin'[39m,
[2m[WebServer] [22m  [32m'system admin'[39m
[2m[WebServer] [22m]
[2m[WebServer] [22mHas required role? [33mtrue[39m
[2m[WebServer] [22mΓ£ö ACCESS GRANTED Γ£ö
[2m[WebServer] [22m≡ƒöì [TrackingController] getMyBalances: {
[2m[WebServer] [22m  query: [Object: null prototype] {},
[2m[WebServer] [22m  userId: [32m'6928cf79fe9ff406e6610feb'[39m
[2m[WebServer] [22m}
[2m[WebServer] [22m≡ƒöÑ JwtAuthGuard: canActivate CALLED
[2m[WebServer] [22m≡ƒöì JWT Extractor - All cookies: {
[2m[WebServer] [22m  accessToken: [32m'eyJhbGciOiJIUzI1NiIsInR5cCI6IkpXVCJ9.eyJzdWIiOiI2OTI4Y2Y3OWZlOWZmNDA2ZTY2MTBmZWIiLCJ3b3JrRW1haWwiOiJoci5oci5ockBleGFtcGxlLmNvbSIsInJvbGVzIjpbIkhSIE1hbmFnZXIiXSwicGVybWlzc2lvbnMiOltdLCJwcmltYXJ5RGVwYXJ0bWVudElkIjoiNjc1MWZlNTFkM2EzOGE5NTBiYTQwYzExIiwiZW1wbG95ZWVOdW1iZXIiOiJFTVAtMTAxOSIsImlhdCI6MTc2NTk4MzExNCwiZXhwIjoxNzY2MDY5NTE0fQ.JZQcu1PDIkyUTovknLbk8laicZNnw_wfRzuv6YekYB0'[39m
[2m[WebServer] [22m}
[2m[WebServer] [22m≡ƒöì JWT Extractor - Headers: accessToken=eyJhbGciOiJIUzI1NiIsInR5cCI6IkpXVCJ9.eyJzdWIiOiI2OTI4Y2Y3OWZlOWZmNDA2ZTY2MTBmZWIiLCJ3b3JrRW1haWwiOiJoci5oci5ockBleGFtcGxlLmNvbSIsInJvbGVzIjpbIkhSIE1hbmFnZXIiXSwicGVybWlzc2lvbnMiOltdLCJwcmltYXJ5RGVwYXJ0bWVudElkIjoiNjc1MWZlNTFkM2EzOGE5NTBiYTQwYzExIiwiZW1wbG95ZWVOdW1iZXIiOiJFTVAtMTAxOSIsImlhdCI6MTc2NTk4MzExNCwiZXhwIjoxNzY2MDY5NTE0fQ.JZQcu1PDIkyUTovknLbk8laicZNnw_wfRzuv6YekYB0
[2m[WebServer] [22m≡ƒöì JWT Extractor - accessToken: FOUND
[2m[WebServer] [22mJwtStrategy VALIDATE: {
[2m[WebServer] [22m  sub: [32m'6928cf79fe9ff406e6610feb'[39m,
[2m[WebServer] [22m  workEmail: [32m'hr.hr.hr@example.com'[39m,
[2m[WebServer] [22m  roles: [ [32m'HR Manager'[39m ],
[2m[WebServer] [22m  permissions: [],
[2m[WebServer] [22m  primaryDepartmentId: [32m'6751fe51d3a38a950ba40c11'[39m,
[2m[WebServer] [22m  employeeNumber: [32m'EMP-1019'[39m,
[2m[WebServer] [22m  iat: [33m1765983114[39m,
[2m[WebServer] [22m  exp: [33m1766069514[39m
[2m[WebServer] [22m}
[2m[WebServer] [22m≡ƒöÑ JwtAuthGuard: handleRequest() {
[2m[WebServer] [22m  err: [1mnull[22m,
[2m[WebServer] [22m  user: {
[2m[WebServer] [22m    id: [32m'6928cf79fe9ff406e6610feb'[39m,
[2m[WebServer] [22m    workEmail: [32m'hr.hr.hr@example.com'[39m,
[2m[WebServer] [22m    roles: [ [32m'HR Manager'[39m ],
[2m[WebServer] [22m    permissions: [],
[2m[WebServer] [22m    primaryDepartmentId: [32m'6751fe51d3a38a950ba40c11'[39m,
[2m[WebServer] [22m    employeeNumber: [32m'EMP-1019'[39m
[2m[WebServer] [22m  },
[2m[WebServer] [22m  info: [90mundefined[39m
[2m[WebServer] [22m}
[2m[WebServer] [22mΓ£à JwtAuthGuard SUCCESS ΓåÆ user authenticated: 6928cf79fe9ff406e6610feb
[2m[WebServer] [22m≡ƒöÑ RolesGuard running!
[2m[WebServer] [22m
[2m[WebServer] [22m===== ROLE GUARD =====
[2m[WebServer] [22mRequired roles: [
[2m[WebServer] [22m  [32m'department employee'[39m,
[2m[WebServer] [22m  [32m'HR Employee'[39m,
[2m[WebServer] [22m  [32m'department head'[39m,
[2m[WebServer] [22m  [32m'HR Manager'[39m,
[2m[WebServer] [22m  [32m'HR Admin'[39m,
[2m[WebServer] [22m  [32m'System Admin'[39m
[2m[WebServer] [22m]
[2m[WebServer] [22mUser object: {
[2m[WebServer] [22m  id: [32m'6928cf79fe9ff406e6610feb'[39m,
[2m[WebServer] [22m  workEmail: [32m'hr.hr.hr@example.com'[39m,
[2m[WebServer] [22m  roles: [ [32m'HR Manager'[39m ],
[2m[WebServer] [22m  permissions: [],
[2m[WebServer] [22m  primaryDepartmentId: [32m'6751fe51d3a38a950ba40c11'[39m,
[2m[WebServer] [22m  employeeNumber: [32m'EMP-1019'[39m
[2m[WebServer] [22m}
[2m[WebServer] [22mNormalized user roles: [ [32m'hr manager'[39m ]
[2m[WebServer] [22mNormalized required roles: [
[2m[WebServer] [22m  [32m'department employee'[39m,
[2m[WebServer] [22m  [32m'hr employee'[39m,
[2m[WebServer] [22m  [32m'department head'[39m,
[2m[WebServer] [22m  [32m'hr manager'[39m,
[2m[WebServer] [22m  [32m'hr admin'[39m,
[2m[WebServer] [22m  [32m'system admin'[39m
[2m[WebServer] [22m]
[2m[WebServer] [22mHas required role? [33mtrue[39m
[2m[WebServer] [22mΓ£ö ACCESS GRANTED Γ£ö
[2m[WebServer] [22m≡ƒöì [TrackingController] getMyHistory: {
[2m[WebServer] [22m  filters: [Object: null prototype] {},
[2m[WebServer] [22m  userId: [32m'6928cf79fe9ff406e6610feb'[39m
[2m[WebServer] [22m}
Γ£à Create leave type accessible - REQ-001 validated
  Γ£ô  31 [chromium] ΓÇ║ leave-tests.spec.ts:499:7 ΓÇ║ ≡ƒæö HR MANAGER (EMP-1019) - System-Wide Management ΓÇ║ Γ£à K2: Create leave type (REQ-001) (9.8s)
≡ƒöÉ Logging in as: hr.hr.hr@example.com
[2m[WebServer] [22m GET /login [32m200[39m in 55ms[2m (compile: 3ms, render: 52ms)[22m
[2m[WebServer] [22m≡ƒöÑ JwtAuthGuard: canActivate CALLED
[2m[WebServer] [22m≡ƒöì JWT Extractor - All cookies: [Object: null prototype] {}
[2m[WebServer] [22m≡ƒöì JWT Extractor - Headers: [90mundefined[39m
[2m[WebServer] [22m≡ƒöì JWT Extractor - accessToken: NOT FOUND
[2m[WebServer] [22m≡ƒöÑ JwtAuthGuard: handleRequest() {
[2m[WebServer] [22m  err: [1mnull[22m,
[2m[WebServer] [22m  user: [33mfalse[39m,
[2m[WebServer] [22m  info: Error: No auth token
[2m[WebServer] [22m      at JwtStrategy.authenticate [90m(C:\Users\Bedon\Desktop\semester-5-software-project\backend\[39mnode_modules\[4mpassport-jwt[24m\lib\strategy.js:96:26[90m)[39m
[2m[WebServer] [22m      at attempt [90m(C:\Users\Bedon\Desktop\semester-5-software-project\backend\[39mnode_modules\[4mpassport[24m\lib\middleware\authenticate.js:378:16[90m)[39m
[2m[WebServer] [22m      at authenticate [90m(C:\Users\Bedon\Desktop\semester-5-software-project\backend\[39mnode_modules\[4mpassport[24m\lib\middleware\authenticate.js:379:7[90m)[39m
[2m[WebServer] [22m      at [90mC:\Users\Bedon\Desktop\semester-5-software-project\backend\[39mnode_modules\[4m@nestjs[24m\passport\dist\auth.guard.js:88:3
[2m[WebServer] [22m      at new Promise (<anonymous>)
[2m[WebServer] [22m      at [90mC:\Users\Bedon\Desktop\semester-5-software-project\backend\[39mnode_modules\[4m@nestjs[24m\passport\dist\auth.guard.js:80:83
[2m[WebServer] [22m      at JwtAuthGuard.canActivate [90m(C:\Users\Bedon\Desktop\semester-5-software-project\backend\[39mnode_modules\[4m@nestjs[24m\passport\dist\auth.guard.js:44:32[90m)[39m
[2m[WebServer] [22m  [90m    at process.processTicksAndRejections (node:internal/process/task_queues:105:5)[39m
[2m[WebServer] [22m}
[2m[WebServer] [22mΓ¥î JwtAuthGuard INFO: Error: No auth token
[2m[WebServer] [22m    at JwtStrategy.authenticate 
[90m(C:\Users\Bedon\Desktop\semester-5-software-project\backend\[39mnode_modules\[4mpassport-jwt[24m\lib\strategy.js:96:26[90m)[39m
[2m[WebServer] [22m    at attempt [90m(C:\Users\Bedon\Desktop\semester-5-software-project\backend\[39mnode_modules\[4mpassport[24m\lib\mi
ddleware\authenticate.js:378:16[90m)[39m
[2m[WebServer] [22m    at authenticate [90m(C:\Users\Bedon\Desktop\semester-5-software-project\backend\[39mnode_modules\[4mpassport[24m\l
ib\middleware\authenticate.js:379:7[90m)[39m
[2m[WebServer] [22m    at 
[90mC:\Users\Bedon\Desktop\semester-5-software-project\backend\[39mnode_modules\[4m@nestjs[24m\passport\dist\auth.guard.js:88:3
[2m[WebServer] [22m    at new Promise (<anonymous>)
[2m[WebServer] [22m    at 
[90mC:\Users\Bedon\Desktop\semester-5-software-project\backend\[39mnode_modules\[4m@nestjs[24m\passport\dist\auth.guard.js:80:83
[2m[WebServer] [22m    at JwtAuthGuard.canActivate [90m(C:\Users\Bedon\Desktop\semester-5-software-project\backend\[39mnode_modules\[4m@ne
stjs[24m\passport\dist\auth.guard.js:44:32[90m)[39m
[2m[WebServer] [22m[90m    at process.processTicksAndRejections (node:internal/process/task_queues:105:5)[39m
[2m[WebServer] [22mΓ¥î JwtAuthGuard FAILING ΓåÆ No auth token
[2m[WebServer] [22mVALIDATE EMPLOYEE - systemRole = {
[2m[WebServer] [22m  _id: new ObjectId([32m'6928cf79fe9ff406e6610fed'[39m),
[2m[WebServer] [22m  employeeProfileId: new ObjectId([32m'6928cf79fe9ff406e6610feb'[39m),
[2m[WebServer] [22m  roles: [ [32m'HR Manager'[39m ],
[2m[WebServer] [22m  permissions: [],
[2m[WebServer] [22m  isActive: [33mtrue[39m,
[2m[WebServer] [22m  createdAt: [35m2025-11-27T22:23:53.913Z[39m,
[2m[WebServer] [22m  updatedAt: [35m2025-11-27T22:23:53.913Z[39m,
[2m[WebServer] [22m  __v: [33m0[39m
[2m[WebServer] [22m}
[2m[WebServer] [22mGenerated token: eyJhbGciOiJIUzI1NiIsInR5cCI6IkpXVCJ9.eyJzdWIiOiI2OTI4Y2Y3OWZlOWZmNDA2ZTY2MTBmZWIiLCJ3b3JrRW1haWwiOiJoci5oci5ockBleGFtcGxlLmNvbSIsInJvbGVzIjpbIkhSIE1hbmFnZXIiXSwicGVybWlzc2lvbnMiOltdLCJwcmltYXJ5RGVwYXJ0bWVudElkIjoiNjc1MWZlNTFkM2EzOGE5NTBiYTQwYzExIiwiZW1wbG95ZWVOdW1iZXIiOiJFTVAtMTAxOSIsImlhdCI6MTc2NTk4MzEyNCwiZXhwIjoxNzY2MDY5NTI0fQ.v0BoOrmFRWUn7Z2JlBG4qBzx2QltC338DAjRonJqtAQ
[2m[WebServer] [22m GET /leaves [32m200[39m in 19ms[2m (compile: 3ms, render: 16ms)[22m
[2m[WebServer] [22m≡ƒöÑ JwtAuthGuard: canActivate CALLED
[2m[WebServer] [22m≡ƒöì JWT Extractor - All cookies: {
[2m[WebServer] [22m  accessToken: [32m'eyJhbGciOiJIUzI1NiIsInR5cCI6IkpXVCJ9.eyJzdWIiOiI2OTI4Y2Y3OWZlOWZmNDA2ZTY2MTBmZWIiLCJ3b3JrRW1haWwiOiJoci5oci5ockBleGFtcGxlLmNvbSIsInJvbGVzIjpbIkhSIE1hbmFnZXIiXSwicGVybWlzc2lvbnMiOltdLCJwcmltYXJ5RGVwYXJ0bWVudElkIjoiNjc1MWZlNTFkM2EzOGE5NTBiYTQwYzExIiwiZW1wbG95ZWVOdW1iZXIiOiJFTVAtMTAxOSIsImlhdCI6MTc2NTk4MzEyNCwiZXhwIjoxNzY2MDY5NTI0fQ.v0BoOrmFRWUn7Z2JlBG4qBzx2QltC338DAjRonJqtAQ'[39m
[2m[WebServer] [22m}
[2m[WebServer] [22m≡ƒöì JWT Extractor - Headers: accessToken=eyJhbGciOiJIUzI1NiIsInR5cCI6IkpXVCJ9.eyJzdWIiOiI2OTI4Y2Y3OWZlOWZmNDA2ZTY2MTBmZWIiLCJ3b3JrRW1haWwiOiJoci5oci5ockBleGFtcGxlLmNvbSIsInJvbGVzIjpbIkhSIE1hbmFnZXIiXSwicGVybWlzc2lvbnMiOltdLCJwcmltYXJ5RGVwYXJ0bWVudElkIjoiNjc1MWZlNTFkM2EzOGE5NTBiYTQwYzExIiwiZW1wbG95ZWVOdW1iZXIiOiJFTVAtMTAxOSIsImlhdCI6MTc2NTk4MzEyNCwiZXhwIjoxNzY2MDY5NTI0fQ.v0BoOrmFRWUn7Z2JlBG4qBzx2QltC338DAjRonJqtAQ
[2m[WebServer] [22m≡ƒöì JWT Extractor - accessToken: FOUND
[2m[WebServer] [22mJwtStrategy VALIDATE: {
[2m[WebServer] [22m  sub: [32m'6928cf79fe9ff406e6610feb'[39m,
[2m[WebServer] [22m  workEmail: [32m'hr.hr.hr@example.com'[39m,
[2m[WebServer] [22m  roles: [ [32m'HR Manager'[39m ],
[2m[WebServer] [22m  permissions: [],
[2m[WebServer] [22m  primaryDepartmentId: [32m'6751fe51d3a38a950ba40c11'[39m,
[2m[WebServer] [22m  employeeNumber: [32m'EMP-1019'[39m,
[2m[WebServer] [22m  iat: [33m1765983124[39m,
[2m[WebServer] [22m  exp: [33m1766069524[39m
[2m[WebServer] [22m}
[2m[WebServer] [22m≡ƒöÑ JwtAuthGuard: handleRequest() {
[2m[WebServer] [22m  err: [1mnull[22m,
[2m[WebServer] [22m  user: {
[2m[WebServer] [22m    id: [32m'6928cf79fe9ff406e6610feb'[39m,
[2m[WebServer] [22m    workEmail: [32m'hr.hr.hr@example.com'[39m,
[2m[WebServer] [22m    roles: [ [32m'HR Manager'[39m ],
[2m[WebServer] [22m    permissions: [],
[2m[WebServer] [22m    primaryDepartmentId: [32m'6751fe51d3a38a950ba40c11'[39m,
[2m[WebServer] [22m    employeeNumber: [32m'EMP-1019'[39m
[2m[WebServer] [22m  },
[2m[WebServer] [22m  info: [90mundefined[39m
[2m[WebServer] [22m}
[2m[WebServer] [22mΓ£à JwtAuthGuard SUCCESS ΓåÆ user authenticated: 6928cf79fe9ff406e6610feb
[2m[WebServer] [22m≡ƒöÑ RolesGuard running!
[2m[WebServer] [22m
[2m[WebServer] [22m===== ROLE GUARD =====
[2m[WebServer] [22mRequired roles: [
[2m[WebServer] [22m  [32m'department employee'[39m,
[2m[WebServer] [22m  [32m'HR Employee'[39m,
[2m[WebServer] [22m  [32m'department head'[39m,
[2m[WebServer] [22m  [32m'HR Manager'[39m,
[2m[WebServer] [22m  [32m'HR Admin'[39m,
[2m[WebServer] [22m  [32m'System Admin'[39m
[2m[WebServer] [22m]
[2m[WebServer] [22mUser object: {
[2m[WebServer] [22m  id: [32m'6928cf79fe9ff406e6610feb'[39m,
[2m[WebServer] [22m  workEmail: [32m'hr.hr.hr@example.com'[39m,
[2m[WebServer] [22m  roles: [ [32m'HR Manager'[39m ],
[2m[WebServer] [22m  permissions: [],
[2m[WebServer] [22m  primaryDepartmentId: [32m'6751fe51d3a38a950ba40c11'[39m,
[2m[WebServer] [22m  employeeNumber: [32m'EMP-1019'[39m
[2m[WebServer] [22m}
[2m[WebServer] [22mNormalized user roles: [ [32m'hr manager'[39m ]
[2m[WebServer] [22mNormalized required roles: [
[2m[WebServer] [22m  [32m'department employee'[39m,
[2m[WebServer] [22m  [32m'hr employee'[39m,
[2m[WebServer] [22m  [32m'department head'[39m,
[2m[WebServer] [22m  [32m'hr manager'[39m,
[2m[WebServer] [22m  [32m'hr admin'[39m,
[2m[WebServer] [22m  [32m'system admin'[39m
[2m[WebServer] [22m]
[2m[WebServer] [22mHas required role? [33mtrue[39m
[2m[WebServer] [22mΓ£ö ACCESS GRANTED Γ£ö
[2m[WebServer] [22m≡ƒöì [TrackingController] getMyBalances: {
[2m[WebServer] [22m  query: [Object: null prototype] {},
[2m[WebServer] [22m  userId: [32m'6928cf79fe9ff406e6610feb'[39m
[2m[WebServer] [22m}
[2m[WebServer] [22m≡ƒöÑ JwtAuthGuard: canActivate CALLED
[2m[WebServer] [22m≡ƒöì JWT Extractor - All cookies: {
[2m[WebServer] [22m  accessToken: [32m'eyJhbGciOiJIUzI1NiIsInR5cCI6IkpXVCJ9.eyJzdWIiOiI2OTI4Y2Y3OWZlOWZmNDA2ZTY2MTBmZWIiLCJ3b3JrRW1haWwiOiJoci5oci5ockBleGFtcGxlLmNvbSIsInJvbGVzIjpbIkhSIE1hbmFnZXIiXSwicGVybWlzc2lvbnMiOltdLCJwcmltYXJ5RGVwYXJ0bWVudElkIjoiNjc1MWZlNTFkM2EzOGE5NTBiYTQwYzExIiwiZW1wbG95ZWVOdW1iZXIiOiJFTVAtMTAxOSIsImlhdCI6MTc2NTk4MzEyNCwiZXhwIjoxNzY2MDY5NTI0fQ.v0BoOrmFRWUn7Z2JlBG4qBzx2QltC338DAjRonJqtAQ'[39m
[2m[WebServer] [22m}
[2m[WebServer] [22m≡ƒöì JWT Extractor - Headers: accessToken=eyJhbGciOiJIUzI1NiIsInR5cCI6IkpXVCJ9.eyJzdWIiOiI2OTI4Y2Y3OWZlOWZmNDA2ZTY2MTBmZWIiLCJ3b3JrRW1haWwiOiJoci5oci5ockBleGFtcGxlLmNvbSIsInJvbGVzIjpbIkhSIE1hbmFnZXIiXSwicGVybWlzc2lvbnMiOltdLCJwcmltYXJ5RGVwYXJ0bWVudElkIjoiNjc1MWZlNTFkM2EzOGE5NTBiYTQwYzExIiwiZW1wbG95ZWVOdW1iZXIiOiJFTVAtMTAxOSIsImlhdCI6MTc2NTk4MzEyNCwiZXhwIjoxNzY2MDY5NTI0fQ.v0BoOrmFRWUn7Z2JlBG4qBzx2QltC338DAjRonJqtAQ
[2m[WebServer] [22m≡ƒöì JWT Extractor - accessToken: FOUND
[2m[WebServer] [22mJwtStrategy VALIDATE: {
[2m[WebServer] [22m  sub: [32m'6928cf79fe9ff406e6610feb'[39m,
[2m[WebServer] [22m  workEmail: [32m'hr.hr.hr@example.com'[39m,
[2m[WebServer] [22m  roles: [ [32m'HR Manager'[39m ],
[2m[WebServer] [22m  permissions: [],
[2m[WebServer] [22m  primaryDepartmentId: [32m'6751fe51d3a38a950ba40c11'[39m,
[2m[WebServer] [22m  employeeNumber: [32m'EMP-1019'[39m,
[2m[WebServer] [22m  iat: [33m1765983124[39m,
[2m[WebServer] [22m  exp: [33m1766069524[39m
[2m[WebServer] [22m}
[2m[WebServer] [22m≡ƒöÑ JwtAuthGuard: handleRequest() {
[2m[WebServer] [22m  err: [1mnull[22m,
[2m[WebServer] [22m  user: {
[2m[WebServer] [22m    id: [32m'6928cf79fe9ff406e6610feb'[39m,
[2m[WebServer] [22m    workEmail: [32m'hr.hr.hr@example.com'[39m,
[2m[WebServer] [22m    roles: [ [32m'HR Manager'[39m ],
[2m[WebServer] [22m    permissions: [],
[2m[WebServer] [22m    primaryDepartmentId: [32m'6751fe51d3a38a950ba40c11'[39m,
[2m[WebServer] [22m    employeeNumber: [32m'EMP-1019'[39m
[2m[WebServer] [22m  },
[2m[WebServer] [22m  info: [90mundefined[39m
[2m[WebServer] [22m}
[2m[WebServer] [22mΓ£à JwtAuthGuard SUCCESS ΓåÆ user authenticated: 6928cf79fe9ff406e6610feb
[2m[WebServer] [22m≡ƒöÑ RolesGuard running!
[2m[WebServer] [22m
[2m[WebServer] [22m===== ROLE GUARD =====
[2m[WebServer] [22mRequired roles: [
[2m[WebServer] [22m  [32m'department employee'[39m,
[2m[WebServer] [22m  [32m'HR Employee'[39m,
[2m[WebServer] [22m  [32m'department head'[39m,
[2m[WebServer] [22m  [32m'HR Manager'[39m,
[2m[WebServer] [22m  [32m'HR Admin'[39m,
[2m[WebServer] [22m  [32m'System Admin'[39m
[2m[WebServer] [22m]
[2m[WebServer] [22mUser object: {
[2m[WebServer] [22m  id: [32m'6928cf79fe9ff406e6610feb'[39m,
[2m[WebServer] [22m  workEmail: [32m'hr.hr.hr@example.com'[39m,
[2m[WebServer] [22m  roles: [ [32m'HR Manager'[39m ],
[2m[WebServer] [22m  permissions: [],
[2m[WebServer] [22m  primaryDepartmentId: [32m'6751fe51d3a38a950ba40c11'[39m,
[2m[WebServer] [22m  employeeNumber: [32m'EMP-1019'[39m
[2m[WebServer] [22m}
[2m[WebServer] [22mNormalized user roles: [ [32m'hr manager'[39m ]
[2m[WebServer] [22mNormalized required roles: [
[2m[WebServer] [22m  [32m'department employee'[39m,
[2m[WebServer] [22m  [32m'hr employee'[39m,
[2m[WebServer] [22m  [32m'department head'[39m,
[2m[WebServer] [22m  [32m'hr manager'[39m,
[2m[WebServer] [22m  [32m'hr admin'[39m,
[2m[WebServer] [22m  [32m'system admin'[39m
[2m[WebServer] [22m]
[2m[WebServer] [22mHas required role? [33mtrue[39m
[2m[WebServer] [22mΓ£ö ACCESS GRANTED Γ£ö
[2m[WebServer] [22m≡ƒöì [TrackingController] getMyHistory: {
[2m[WebServer] [22m  filters: [Object: null prototype] {},
[2m[WebServer] [22m  userId: [32m'6928cf79fe9ff406e6610feb'[39m
[2m[WebServer] [22m}
Γ£à Login successful
Γ£Å∩╕Å Testing: REQ-002 (Update leave type)
[2m[WebServer] [22m GET /leaves/hr/types [33m404[39m in 36ms[2m (compile: 4ms, render: 31ms)[22m
[2m[WebServer] [22m≡ƒöÑ JwtAuthGuard: canActivate CALLED
[2m[WebServer] [22m≡ƒöì JWT Extractor - All cookies: {
[2m[WebServer] [22m  accessToken: [32m'eyJhbGciOiJIUzI1NiIsInR5cCI6IkpXVCJ9.eyJzdWIiOiI2OTI4Y2Y3OWZlOWZmNDA2ZTY2MTBmZWIiLCJ3b3JrRW1haWwiOiJoci5oci5ockBleGFtcGxlLmNvbSIsInJvbGVzIjpbIkhSIE1hbmFnZXIiXSwicGVybWlzc2lvbnMiOltdLCJwcmltYXJ5RGVwYXJ0bWVudElkIjoiNjc1MWZlNTFkM2EzOGE5NTBiYTQwYzExIiwiZW1wbG95ZWVOdW1iZXIiOiJFTVAtMTAxOSIsImlhdCI6MTc2NTk4MzEyNCwiZXhwIjoxNzY2MDY5NTI0fQ.v0BoOrmFRWUn7Z2JlBG4qBzx2QltC338DAjRonJqtAQ'[39m
[2m[WebServer] [22m}
[2m[WebServer] [22m≡ƒöì JWT Extractor - Headers: accessToken=eyJhbGciOiJIUzI1NiIsInR5cCI6IkpXVCJ9.eyJzdWIiOiI2OTI4Y2Y3OWZlOWZmNDA2ZTY2MTBmZWIiLCJ3b3JrRW1haWwiOiJoci5oci5ockBleGFtcGxlLmNvbSIsInJvbGVzIjpbIkhSIE1hbmFnZXIiXSwicGVybWlzc2lvbnMiOltdLCJwcmltYXJ5RGVwYXJ0bWVudElkIjoiNjc1MWZlNTFkM2EzOGE5NTBiYTQwYzExIiwiZW1wbG95ZWVOdW1iZXIiOiJFTVAtMTAxOSIsImlhdCI6MTc2NTk4MzEyNCwiZXhwIjoxNzY2MDY5NTI0fQ.v0BoOrmFRWUn7Z2JlBG4qBzx2QltC338DAjRonJqtAQ
[2m[WebServer] [22m≡ƒöì JWT Extractor - accessToken: FOUND
[2m[WebServer] [22mJwtStrategy VALIDATE: {
[2m[WebServer] [22m  sub: [32m'6928cf79fe9ff406e6610feb'[39m,
[2m[WebServer] [22m  workEmail: [32m'hr.hr.hr@example.com'[39m,
[2m[WebServer] [22m  roles: [ [32m'HR Manager'[39m ],
[2m[WebServer] [22m  permissions: [],
[2m[WebServer] [22m  primaryDepartmentId: [32m'6751fe51d3a38a950ba40c11'[39m,
[2m[WebServer] [22m  employeeNumber: [32m'EMP-1019'[39m,
[2m[WebServer] [22m  iat: [33m1765983124[39m,
[2m[WebServer] [22m  exp: [33m1766069524[39m
[2m[WebServer] [22m}
[2m[WebServer] [22m≡ƒöÑ JwtAuthGuard: handleRequest() {
[2m[WebServer] [22m  err: [1mnull[22m,
[2m[WebServer] [22m  user: {
[2m[WebServer] [22m    id: [32m'6928cf79fe9ff406e6610feb'[39m,
[2m[WebServer] [22m    workEmail: [32m'hr.hr.hr@example.com'[39m,
[2m[WebServer] [22m    roles: [ [32m'HR Manager'[39m ],
[2m[WebServer] [22m    permissions: [],
[2m[WebServer] [22m    primaryDepartmentId: [32m'6751fe51d3a38a950ba40c11'[39m,
[2m[WebServer] [22m    employeeNumber: [32m'EMP-1019'[39m
[2m[WebServer] [22m  },
[2m[WebServer] [22m  info: [90mundefined[39m
[2m[WebServer] [22m}
[2m[WebServer] [22mΓ£à JwtAuthGuard SUCCESS ΓåÆ user authenticated: 6928cf79fe9ff406e6610feb
ΓÜá∩╕Å /leaves/hr/types returned 404, trying /leaves
[2m[WebServer] [22m GET /leaves [32m200[39m in 65ms[2m (compile: 2ms, render: 63ms)[22m
[2m[WebServer] [22m≡ƒöÑ JwtAuthGuard: canActivate CALLED
[2m[WebServer] [22m≡ƒöì JWT Extractor - All cookies: {
[2m[WebServer] [22m  accessToken: [32m'eyJhbGciOiJIUzI1NiIsInR5cCI6IkpXVCJ9.eyJzdWIiOiI2OTI4Y2Y3OWZlOWZmNDA2ZTY2MTBmZWIiLCJ3b3JrRW1haWwiOiJoci5oci5ockBleGFtcGxlLmNvbSIsInJvbGVzIjpbIkhSIE1hbmFnZXIiXSwicGVybWlzc2lvbnMiOltdLCJwcmltYXJ5RGVwYXJ0bWVudElkIjoiNjc1MWZlNTFkM2EzOGE5NTBiYTQwYzExIiwiZW1wbG95ZWVOdW1iZXIiOiJFTVAtMTAxOSIsImlhdCI6MTc2NTk4MzEyNCwiZXhwIjoxNzY2MDY5NTI0fQ.v0BoOrmFRWUn7Z2JlBG4qBzx2QltC338DAjRonJqtAQ'[39m
[2m[WebServer] [22m}
[2m[WebServer] [22m≡ƒöì JWT Extractor - Headers: accessToken=eyJhbGciOiJIUzI1NiIsInR5cCI6IkpXVCJ9.eyJzdWIiOiI2OTI4Y2Y3OWZlOWZmNDA2ZTY2MTBmZWIiLCJ3b3JrRW1haWwiOiJoci5oci5ockBleGFtcGxlLmNvbSIsInJvbGVzIjpbIkhSIE1hbmFnZXIiXSwicGVybWlzc2lvbnMiOltdLCJwcmltYXJ5RGVwYXJ0bWVudElkIjoiNjc1MWZlNTFkM2EzOGE5NTBiYTQwYzExIiwiZW1wbG95ZWVOdW1iZXIiOiJFTVAtMTAxOSIsImlhdCI6MTc2NTk4MzEyNCwiZXhwIjoxNzY2MDY5NTI0fQ.v0BoOrmFRWUn7Z2JlBG4qBzx2QltC338DAjRonJqtAQ
[2m[WebServer] [22m≡ƒöì JWT Extractor - accessToken: FOUND
[2m[WebServer] [22mJwtStrategy VALIDATE: {
[2m[WebServer] [22m  sub: [32m'6928cf79fe9ff406e6610feb'[39m,
[2m[WebServer] [22m  workEmail: [32m'hr.hr.hr@example.com'[39m,
[2m[WebServer] [22m  roles: [ [32m'HR Manager'[39m ],
[2m[WebServer] [22m  permissions: [],
[2m[WebServer] [22m  primaryDepartmentId: [32m'6751fe51d3a38a950ba40c11'[39m,
[2m[WebServer] [22m  employeeNumber: [32m'EMP-1019'[39m,
[2m[WebServer] [22m  iat: [33m1765983124[39m,
[2m[WebServer] [22m  exp: [33m1766069524[39m
[2m[WebServer] [22m}
[2m[WebServer] [22m≡ƒöÑ JwtAuthGuard: handleRequest() {
[2m[WebServer] [22m  err: [1mnull[22m,
[2m[WebServer] [22m  user: {
[2m[WebServer] [22m    id: [32m'6928cf79fe9ff406e6610feb'[39m,
[2m[WebServer] [22m    workEmail: [32m'hr.hr.hr@example.com'[39m,
[2m[WebServer] [22m    roles: [ [32m'HR Manager'[39m ],
[2m[WebServer] [22m    permissions: [],
[2m[WebServer] [22m    primaryDepartmentId: [32m'6751fe51d3a38a950ba40c11'[39m,
[2m[WebServer] [22m    employeeNumber: [32m'EMP-1019'[39m
[2m[WebServer] [22m  },
[2m[WebServer] [22m  info: [90mundefined[39m
[2m[WebServer] [22m}
[2m[WebServer] [22mΓ£à JwtAuthGuard SUCCESS ΓåÆ user authenticated: 6928cf79fe9ff406e6610feb
[2m[WebServer] [22m≡ƒöÑ JwtAuthGuard: canActivate CALLED
[2m[WebServer] [22m≡ƒöì JWT Extractor - All cookies: {
[2m[WebServer] [22m  accessToken: [32m'eyJhbGciOiJIUzI1NiIsInR5cCI6IkpXVCJ9.eyJzdWIiOiI2OTI4Y2Y3OWZlOWZmNDA2ZTY2MTBmZWIiLCJ3b3JrRW1haWwiOiJoci5oci5ockBleGFtcGxlLmNvbSIsInJvbGVzIjpbIkhSIE1hbmFnZXIiXSwicGVybWlzc2lvbnMiOltdLCJwcmltYXJ5RGVwYXJ0bWVudElkIjoiNjc1MWZlNTFkM2EzOGE5NTBiYTQwYzExIiwiZW1wbG95ZWVOdW1iZXIiOiJFTVAtMTAxOSIsImlhdCI6MTc2NTk4MzEyNCwiZXhwIjoxNzY2MDY5NTI0fQ.v0BoOrmFRWUn7Z2JlBG4qBzx2QltC338DAjRonJqtAQ'[39m
[2m[WebServer] [22m}
[2m[WebServer] [22m≡ƒöì JWT Extractor - Headers: accessToken=eyJhbGciOiJIUzI1NiIsInR5cCI6IkpXVCJ9.eyJzdWIiOiI2OTI4Y2Y3OWZlOWZmNDA2ZTY2MTBmZWIiLCJ3b3JrRW1haWwiOiJoci5oci5ockBleGFtcGxlLmNvbSIsInJvbGVzIjpbIkhSIE1hbmFnZXIiXSwicGVybWlzc2lvbnMiOltdLCJwcmltYXJ5RGVwYXJ0bWVudElkIjoiNjc1MWZlNTFkM2EzOGE5NTBiYTQwYzExIiwiZW1wbG95ZWVOdW1iZXIiOiJFTVAtMTAxOSIsImlhdCI6MTc2NTk4MzEyNCwiZXhwIjoxNzY2MDY5NTI0fQ.v0BoOrmFRWUn7Z2JlBG4qBzx2QltC338DAjRonJqtAQ
[2m[WebServer] [22m≡ƒöì JWT Extractor - accessToken: FOUND
[2m[WebServer] [22mJwtStrategy VALIDATE: {
[2m[WebServer] [22m  sub: [32m'6928cf79fe9ff406e6610feb'[39m,
[2m[WebServer] [22m  workEmail: [32m'hr.hr.hr@example.com'[39m,
[2m[WebServer] [22m  roles: [ [32m'HR Manager'[39m ],
[2m[WebServer] [22m  permissions: [],
[2m[WebServer] [22m  primaryDepartmentId: [32m'6751fe51d3a38a950ba40c11'[39m,
[2m[WebServer] [22m  employeeNumber: [32m'EMP-1019'[39m,
[2m[WebServer] [22m  iat: [33m1765983124[39m,
[2m[WebServer] [22m  exp: [33m1766069524[39m
[2m[WebServer] [22m}
[2m[WebServer] [22m≡ƒöÑ JwtAuthGuard: handleRequest() {
[2m[WebServer] [22m  err: [1mnull[22m,
[2m[WebServer] [22m  user: {
[2m[WebServer] [22m    id: [32m'6928cf79fe9ff406e6610feb'[39m,
[2m[WebServer] [22m    workEmail: [32m'hr.hr.hr@example.com'[39m,
[2m[WebServer] [22m    roles: [ [32m'HR Manager'[39m ],
[2m[WebServer] [22m    permissions: [],
[2m[WebServer] [22m    primaryDepartmentId: [32m'6751fe51d3a38a950ba40c11'[39m,
[2m[WebServer] [22m    employeeNumber: [32m'EMP-1019'[39m
[2m[WebServer] [22m  },
[2m[WebServer] [22m  info: [90mundefined[39m
[2m[WebServer] [22m}
[2m[WebServer] [22mΓ£à JwtAuthGuard SUCCESS ΓåÆ user authenticated: 6928cf79fe9ff406e6610feb
[2m[WebServer] [22m≡ƒöÑ RolesGuard running!
[2m[WebServer] [22m
[2m[WebServer] [22m===== ROLE GUARD =====
[2m[WebServer] [22mRequired roles: [
[2m[WebServer] [22m  [32m'department employee'[39m,
[2m[WebServer] [22m  [32m'HR Employee'[39m,
[2m[WebServer] [22m  [32m'department head'[39m,
[2m[WebServer] [22m  [32m'HR Manager'[39m,
[2m[WebServer] [22m  [32m'HR Admin'[39m,
[2m[WebServer] [22m  [32m'System Admin'[39m
[2m[WebServer] [22m]
[2m[WebServer] [22mUser object: {
[2m[WebServer] [22m  id: [32m'6928cf79fe9ff406e6610feb'[39m,
[2m[WebServer] [22m  workEmail: [32m'hr.hr.hr@example.com'[39m,
[2m[WebServer] [22m  roles: [ [32m'HR Manager'[39m ],
[2m[WebServer] [22m  permissions: [],
[2m[WebServer] [22m  primaryDepartmentId: [32m'6751fe51d3a38a950ba40c11'[39m,
[2m[WebServer] [22m  employeeNumber: [32m'EMP-1019'[39m
[2m[WebServer] [22m}
[2m[WebServer] [22mNormalized user roles: [ [32m'hr manager'[39m ]
[2m[WebServer] [22mNormalized required roles: [
[2m[WebServer] [22m  [32m'department employee'[39m,
[2m[WebServer] [22m  [32m'hr employee'[39m,
[2m[WebServer] [22m  [32m'department head'[39m,
[2m[WebServer] [22m  [32m'hr manager'[39m,
[2m[WebServer] [22m  [32m'hr admin'[39m,
[2m[WebServer] [22m  [32m'system admin'[39m
[2m[WebServer] [22m]
[2m[WebServer] [22mHas required role? [33mtrue[39m
[2m[WebServer] [22mΓ£ö ACCESS GRANTED Γ£ö
[2m[WebServer] [22m≡ƒöì [TrackingController] getMyBalances: {
[2m[WebServer] [22m  query: [Object: null prototype] {},
[2m[WebServer] [22m  userId: [32m'6928cf79fe9ff406e6610feb'[39m
[2m[WebServer] [22m}
[2m[WebServer] [22m≡ƒöÑ JwtAuthGuard: canActivate CALLED
[2m[WebServer] [22m≡ƒöì JWT Extractor - All cookies: {
[2m[WebServer] [22m  accessToken: [32m'eyJhbGciOiJIUzI1NiIsInR5cCI6IkpXVCJ9.eyJzdWIiOiI2OTI4Y2Y3OWZlOWZmNDA2ZTY2MTBmZWIiLCJ3b3JrRW1haWwiOiJoci5oci5ockBleGFtcGxlLmNvbSIsInJvbGVzIjpbIkhSIE1hbmFnZXIiXSwicGVybWlzc2lvbnMiOltdLCJwcmltYXJ5RGVwYXJ0bWVudElkIjoiNjc1MWZlNTFkM2EzOGE5NTBiYTQwYzExIiwiZW1wbG95ZWVOdW1iZXIiOiJFTVAtMTAxOSIsImlhdCI6MTc2NTk4MzEyNCwiZXhwIjoxNzY2MDY5NTI0fQ.v0BoOrmFRWUn7Z2JlBG4qBzx2QltC338DAjRonJqtAQ'[39m
[2m[WebServer] [22m}
[2m[WebServer] [22m≡ƒöì JWT Extractor - Headers: accessToken=eyJhbGciOiJIUzI1NiIsInR5cCI6IkpXVCJ9.eyJzdWIiOiI2OTI4Y2Y3OWZlOWZmNDA2ZTY2MTBmZWIiLCJ3b3JrRW1haWwiOiJoci5oci5ockBleGFtcGxlLmNvbSIsInJvbGVzIjpbIkhSIE1hbmFnZXIiXSwicGVybWlzc2lvbnMiOltdLCJwcmltYXJ5RGVwYXJ0bWVudElkIjoiNjc1MWZlNTFkM2EzOGE5NTBiYTQwYzExIiwiZW1wbG95ZWVOdW1iZXIiOiJFTVAtMTAxOSIsImlhdCI6MTc2NTk4MzEyNCwiZXhwIjoxNzY2MDY5NTI0fQ.v0BoOrmFRWUn7Z2JlBG4qBzx2QltC338DAjRonJqtAQ
[2m[WebServer] [22m≡ƒöì JWT Extractor - accessToken: FOUND
[2m[WebServer] [22mJwtStrategy VALIDATE: {
[2m[WebServer] [22m  sub: [32m'6928cf79fe9ff406e6610feb'[39m,
[2m[WebServer] [22m  workEmail: [32m'hr.hr.hr@example.com'[39m,
[2m[WebServer] [22m  roles: [ [32m'HR Manager'[39m ],
[2m[WebServer] [22m  permissions: [],
[2m[WebServer] [22m  primaryDepartmentId: [32m'6751fe51d3a38a950ba40c11'[39m,
[2m[WebServer] [22m  employeeNumber: [32m'EMP-1019'[39m,
[2m[WebServer] [22m  iat: [33m1765983124[39m,
[2m[WebServer] [22m  exp: [33m1766069524[39m
[2m[WebServer] [22m}
[2m[WebServer] [22m≡ƒöÑ JwtAuthGuard: handleRequest() {
[2m[WebServer] [22m  err: [1mnull[22m,
[2m[WebServer] [22m  user: {
[2m[WebServer] [22m    id: [32m'6928cf79fe9ff406e6610feb'[39m,
[2m[WebServer] [22m    workEmail: [32m'hr.hr.hr@example.com'[39m,
[2m[WebServer] [22m    roles: [ [32m'HR Manager'[39m ],
[2m[WebServer] [22m    permissions: [],
[2m[WebServer] [22m    primaryDepartmentId: [32m'6751fe51d3a38a950ba40c11'[39m,
[2m[WebServer] [22m    employeeNumber: [32m'EMP-1019'[39m
[2m[WebServer] [22m  },
[2m[WebServer] [22m  info: [90mundefined[39m
[2m[WebServer] [22m}
[2m[WebServer] [22mΓ£à JwtAuthGuard SUCCESS ΓåÆ user authenticated: 6928cf79fe9ff406e6610feb
[2m[WebServer] [22m≡ƒöÑ RolesGuard running!
[2m[WebServer] [22m
[2m[WebServer] [22m===== ROLE GUARD =====
[2m[WebServer] [22mRequired roles: [
[2m[WebServer] [22m  [32m'department employee'[39m,
[2m[WebServer] [22m  [32m'HR Employee'[39m,
[2m[WebServer] [22m  [32m'department head'[39m,
[2m[WebServer] [22m  [32m'HR Manager'[39m,
[2m[WebServer] [22m  [32m'HR Admin'[39m,
[2m[WebServer] [22m  [32m'System Admin'[39m
[2m[WebServer] [22m]
[2m[WebServer] [22mUser object: {
[2m[WebServer] [22m  id: [32m'6928cf79fe9ff406e6610feb'[39m,
[2m[WebServer] [22m  workEmail: [32m'hr.hr.hr@example.com'[39m,
[2m[WebServer] [22m  roles: [ [32m'HR Manager'[39m ],
[2m[WebServer] [22m  permissions: [],
[2m[WebServer] [22m  primaryDepartmentId: [32m'6751fe51d3a38a950ba40c11'[39m,
[2m[WebServer] [22m  employeeNumber: [32m'EMP-1019'[39m
[2m[WebServer] [22m}
[2m[WebServer] [22mNormalized user roles: [ [32m'hr manager'[39m ]
[2m[WebServer] [22mNormalized required roles: [
[2m[WebServer] [22m  [32m'department employee'[39m,
[2m[WebServer] [22m  [32m'hr employee'[39m,
[2m[WebServer] [22m  [32m'department head'[39m,
[2m[WebServer] [22m  [32m'hr manager'[39m,
[2m[WebServer] [22m  [32m'hr admin'[39m,
[2m[WebServer] [22m  [32m'system admin'[39m
[2m[WebServer] [22m]
[2m[WebServer] [22mHas required role? [33mtrue[39m
[2m[WebServer] [22mΓ£ö ACCESS GRANTED Γ£ö
[2m[WebServer] [22m≡ƒöì [TrackingController] getMyHistory: {
[2m[WebServer] [22m  filters: [Object: null prototype] {},
[2m[WebServer] [22m  userId: [32m'6928cf79fe9ff406e6610feb'[39m
[2m[WebServer] [22m}
Γ£à Update leave type accessible - REQ-002 validated
  Γ£ô  32 [chromium] ΓÇ║ leave-tests.spec.ts:509:7 ΓÇ║ ≡ƒæö HR MANAGER (EMP-1019) - System-Wide Management ΓÇ║ Γ£à K3: Update leave type (REQ-002) (9.7s)
≡ƒöÉ Logging in as: hr.hr.hr@example.com
[2m[WebServer] [22m GET /login [32m200[39m in 33ms[2m (compile: 3ms, render: 30ms)[22m
[2m[WebServer] [22m≡ƒöÑ JwtAuthGuard: canActivate CALLED
[2m[WebServer] [22m≡ƒöì JWT Extractor - All cookies: [Object: null prototype] {}
[2m[WebServer] [22m≡ƒöì JWT Extractor - Headers: [90mundefined[39m
[2m[WebServer] [22m≡ƒöì JWT Extractor - accessToken: NOT FOUND
[2m[WebServer] [22m≡ƒöÑ JwtAuthGuard: handleRequest() {
[2m[WebServer] [22m  err: [1mnull[22m,
[2m[WebServer] [22m  user: [33mfalse[39m,
[2m[WebServer] [22m  info: Error: No auth token
[2m[WebServer] [22m      at JwtStrategy.authenticate [90m(C:\Users\Bedon\Desktop\semester-5-software-project\backend\[39mnode_modules\[4mpassport-jwt[24m\lib\strategy.js:96:26[90m)[39m
[2m[WebServer] [22m      at attempt [90m(C:\Users\Bedon\Desktop\semester-5-software-project\backend\[39mnode_modules\[4mpassport[24m\lib\middleware\authenticate.js:378:16[90m)[39m
[2m[WebServer] [22m      at authenticate [90m(C:\Users\Bedon\Desktop\semester-5-software-project\backend\[39mnode_modules\[4mpassport[24m\lib\middleware\authenticate.js:379:7[90m)[39m
[2m[WebServer] [22m      at [90mC:\Users\Bedon\Desktop\semester-5-software-project\backend\[39mnode_modules\[4m@nestjs[24m\passport\dist\auth.guard.js:88:3
[2m[WebServer] [22m      at new Promise (<anonymous>)
[2m[WebServer] [22m      at [90mC:\Users\Bedon\Desktop\semester-5-software-project\backend\[39mnode_modules\[4m@nestjs[24m\passport\dist\auth.guard.js:80:83
[2m[WebServer] [22m      at JwtAuthGuard.canActivate [90m(C:\Users\Bedon\Desktop\semester-5-software-project\backend\[39mnode_modules\[4m@nestjs[24m\passport\dist\auth.guard.js:44:32[90m)[39m
[2m[WebServer] [22m  [90m    at process.processTicksAndRejections (node:internal/process/task_queues:105:5)[39m
[2m[WebServer] [22m}
[2m[WebServer] [22mΓ¥î JwtAuthGuard INFO: Error: No auth token
[2m[WebServer] [22m    at JwtStrategy.authenticate 
[90m(C:\Users\Bedon\Desktop\semester-5-software-project\backend\[39mnode_modules\[4mpassport-jwt[24m\lib\strategy.js:96:26[90m)[39m
[2m[WebServer] [22m    at attempt [90m(C:\Users\Bedon\Desktop\semester-5-software-project\backend\[39mnode_modules\[4mpassport[24m\lib\mi
ddleware\authenticate.js:378:16[90m)[39m
[2m[WebServer] [22m    at authenticate [90m(C:\Users\Bedon\Desktop\semester-5-software-project\backend\[39mnode_modules\[4mpassport[24m\l
ib\middleware\authenticate.js:379:7[90m)[39m
[2m[WebServer] [22m    at 
[90mC:\Users\Bedon\Desktop\semester-5-software-project\backend\[39mnode_modules\[4m@nestjs[24m\passport\dist\auth.guard.js:88:3
[2m[WebServer] [22m    at new Promise (<anonymous>)
[2m[WebServer] [22m    at 
[90mC:\Users\Bedon\Desktop\semester-5-software-project\backend\[39mnode_modules\[4m@nestjs[24m\passport\dist\auth.guard.js:80:83
[2m[WebServer] [22m    at JwtAuthGuard.canActivate [90m(C:\Users\Bedon\Desktop\semester-5-software-project\backend\[39mnode_modules\[4m@ne
stjs[24m\passport\dist\auth.guard.js:44:32[90m)[39m
[2m[WebServer] [22m[90m    at process.processTicksAndRejections (node:internal/process/task_queues:105:5)[39m
[2m[WebServer] [22mΓ¥î JwtAuthGuard FAILING ΓåÆ No auth token
[2m[WebServer] [22mVALIDATE EMPLOYEE - systemRole = {
[2m[WebServer] [22m  _id: new ObjectId([32m'6928cf79fe9ff406e6610fed'[39m),
[2m[WebServer] [22m  employeeProfileId: new ObjectId([32m'6928cf79fe9ff406e6610feb'[39m),
[2m[WebServer] [22m  roles: [ [32m'HR Manager'[39m ],
[2m[WebServer] [22m  permissions: [],
[2m[WebServer] [22m  isActive: [33mtrue[39m,
[2m[WebServer] [22m  createdAt: [35m2025-11-27T22:23:53.913Z[39m,
[2m[WebServer] [22m  updatedAt: [35m2025-11-27T22:23:53.913Z[39m,
[2m[WebServer] [22m  __v: [33m0[39m
[2m[WebServer] [22m}
[2m[WebServer] [22mGenerated token: eyJhbGciOiJIUzI1NiIsInR5cCI6IkpXVCJ9.eyJzdWIiOiI2OTI4Y2Y3OWZlOWZmNDA2ZTY2MTBmZWIiLCJ3b3JrRW1haWwiOiJoci5oci5ockBleGFtcGxlLmNvbSIsInJvbGVzIjpbIkhSIE1hbmFnZXIiXSwicGVybWlzc2lvbnMiOltdLCJwcmltYXJ5RGVwYXJ0bWVudElkIjoiNjc1MWZlNTFkM2EzOGE5NTBiYTQwYzExIiwiZW1wbG95ZWVOdW1iZXIiOiJFTVAtMTAxOSIsImlhdCI6MTc2NTk4MzEzNCwiZXhwIjoxNzY2MDY5NTM0fQ.6kLJW5BgEU8iopdtRJ79pEMVksULfH5Dv4VtOtDrn_U
[2m[WebServer] [22m GET /leaves [32m200[39m in 19ms[2m (compile: 4ms, render: 15ms)[22m
[2m[WebServer] [22m≡ƒöÑ JwtAuthGuard: canActivate CALLED
[2m[WebServer] [22m≡ƒöì JWT Extractor - All cookies: {
[2m[WebServer] [22m  accessToken: [32m'eyJhbGciOiJIUzI1NiIsInR5cCI6IkpXVCJ9.eyJzdWIiOiI2OTI4Y2Y3OWZlOWZmNDA2ZTY2MTBmZWIiLCJ3b3JrRW1haWwiOiJoci5oci5ockBleGFtcGxlLmNvbSIsInJvbGVzIjpbIkhSIE1hbmFnZXIiXSwicGVybWlzc2lvbnMiOltdLCJwcmltYXJ5RGVwYXJ0bWVudElkIjoiNjc1MWZlNTFkM2EzOGE5NTBiYTQwYzExIiwiZW1wbG95ZWVOdW1iZXIiOiJFTVAtMTAxOSIsImlhdCI6MTc2NTk4MzEzNCwiZXhwIjoxNzY2MDY5NTM0fQ.6kLJW5BgEU8iopdtRJ79pEMVksULfH5Dv4VtOtDrn_U'[39m
[2m[WebServer] [22m}
[2m[WebServer] [22m≡ƒöì JWT Extractor - Headers: accessToken=eyJhbGciOiJIUzI1NiIsInR5cCI6IkpXVCJ9.eyJzdWIiOiI2OTI4Y2Y3OWZlOWZmNDA2ZTY2MTBmZWIiLCJ3b3JrRW1haWwiOiJoci5oci5ockBleGFtcGxlLmNvbSIsInJvbGVzIjpbIkhSIE1hbmFnZXIiXSwicGVybWlzc2lvbnMiOltdLCJwcmltYXJ5RGVwYXJ0bWVudElkIjoiNjc1MWZlNTFkM2EzOGE5NTBiYTQwYzExIiwiZW1wbG95ZWVOdW1iZXIiOiJFTVAtMTAxOSIsImlhdCI6MTc2NTk4MzEzNCwiZXhwIjoxNzY2MDY5NTM0fQ.6kLJW5BgEU8iopdtRJ79pEMVksULfH5Dv4VtOtDrn_U
[2m[WebServer] [22m≡ƒöì JWT Extractor - accessToken: FOUND
[2m[WebServer] [22mJwtStrategy VALIDATE: {
[2m[WebServer] [22m  sub: [32m'6928cf79fe9ff406e6610feb'[39m,
[2m[WebServer] [22m  workEmail: [32m'hr.hr.hr@example.com'[39m,
[2m[WebServer] [22m  roles: [ [32m'HR Manager'[39m ],
[2m[WebServer] [22m  permissions: [],
[2m[WebServer] [22m  primaryDepartmentId: [32m'6751fe51d3a38a950ba40c11'[39m,
[2m[WebServer] [22m  employeeNumber: [32m'EMP-1019'[39m,
[2m[WebServer] [22m  iat: [33m1765983134[39m,
[2m[WebServer] [22m  exp: [33m1766069534[39m
[2m[WebServer] [22m}
[2m[WebServer] [22m≡ƒöÑ JwtAuthGuard: handleRequest() {
[2m[WebServer] [22m  err: [1mnull[22m,
[2m[WebServer] [22m  user: {
[2m[WebServer] [22m    id: [32m'6928cf79fe9ff406e6610feb'[39m,
[2m[WebServer] [22m    workEmail: [32m'hr.hr.hr@example.com'[39m,
[2m[WebServer] [22m    roles: [ [32m'HR Manager'[39m ],
[2m[WebServer] [22m    permissions: [],
[2m[WebServer] [22m    primaryDepartmentId: [32m'6751fe51d3a38a950ba40c11'[39m,
[2m[WebServer] [22m    employeeNumber: [32m'EMP-1019'[39m
[2m[WebServer] [22m  },
[2m[WebServer] [22m  info: [90mundefined[39m
[2m[WebServer] [22m}
[2m[WebServer] [22mΓ£à JwtAuthGuard SUCCESS ΓåÆ user authenticated: 6928cf79fe9ff406e6610feb
[2m[WebServer] [22m≡ƒöÑ RolesGuard running!
[2m[WebServer] [22m
[2m[WebServer] [22m===== ROLE GUARD =====
[2m[WebServer] [22mRequired roles: [
[2m[WebServer] [22m  [32m'department employee'[39m,
[2m[WebServer] [22m  [32m'HR Employee'[39m,
[2m[WebServer] [22m  [32m'department head'[39m,
[2m[WebServer] [22m  [32m'HR Manager'[39m,
[2m[WebServer] [22m  [32m'HR Admin'[39m,
[2m[WebServer] [22m  [32m'System Admin'[39m
[2m[WebServer] [22m]
[2m[WebServer] [22mUser object: {
[2m[WebServer] [22m  id: [32m'6928cf79fe9ff406e6610feb'[39m,
[2m[WebServer] [22m  workEmail: [32m'hr.hr.hr@example.com'[39m,
[2m[WebServer] [22m  roles: [ [32m'HR Manager'[39m ],
[2m[WebServer] [22m  permissions: [],
[2m[WebServer] [22m  primaryDepartmentId: [32m'6751fe51d3a38a950ba40c11'[39m,
[2m[WebServer] [22m  employeeNumber: [32m'EMP-1019'[39m
[2m[WebServer] [22m}
[2m[WebServer] [22mNormalized user roles: [ [32m'hr manager'[39m ]
[2m[WebServer] [22mNormalized required roles: [
[2m[WebServer] [22m  [32m'department employee'[39m,
[2m[WebServer] [22m  [32m'hr employee'[39m,
[2m[WebServer] [22m  [32m'department head'[39m,
[2m[WebServer] [22m  [32m'hr manager'[39m,
[2m[WebServer] [22m  [32m'hr admin'[39m,
[2m[WebServer] [22m  [32m'system admin'[39m
[2m[WebServer] [22m]
[2m[WebServer] [22mHas required role? [33mtrue[39m
[2m[WebServer] [22mΓ£ö ACCESS GRANTED Γ£ö
[2m[WebServer] [22m≡ƒöì [TrackingController] getMyBalances: {
[2m[WebServer] [22m  query: [Object: null prototype] {},
[2m[WebServer] [22m  userId: [32m'6928cf79fe9ff406e6610feb'[39m
[2m[WebServer] [22m}
[2m[WebServer] [22m≡ƒöÑ JwtAuthGuard: canActivate CALLED
[2m[WebServer] [22m≡ƒöì JWT Extractor - All cookies: {
[2m[WebServer] [22m  accessToken: [32m'eyJhbGciOiJIUzI1NiIsInR5cCI6IkpXVCJ9.eyJzdWIiOiI2OTI4Y2Y3OWZlOWZmNDA2ZTY2MTBmZWIiLCJ3b3JrRW1haWwiOiJoci5oci5ockBleGFtcGxlLmNvbSIsInJvbGVzIjpbIkhSIE1hbmFnZXIiXSwicGVybWlzc2lvbnMiOltdLCJwcmltYXJ5RGVwYXJ0bWVudElkIjoiNjc1MWZlNTFkM2EzOGE5NTBiYTQwYzExIiwiZW1wbG95ZWVOdW1iZXIiOiJFTVAtMTAxOSIsImlhdCI6MTc2NTk4MzEzNCwiZXhwIjoxNzY2MDY5NTM0fQ.6kLJW5BgEU8iopdtRJ79pEMVksULfH5Dv4VtOtDrn_U'[39m
[2m[WebServer] [22m}
[2m[WebServer] [22m≡ƒöì JWT Extractor - Headers: accessToken=eyJhbGciOiJIUzI1NiIsInR5cCI6IkpXVCJ9.eyJzdWIiOiI2OTI4Y2Y3OWZlOWZmNDA2ZTY2MTBmZWIiLCJ3b3JrRW1haWwiOiJoci5oci5ockBleGFtcGxlLmNvbSIsInJvbGVzIjpbIkhSIE1hbmFnZXIiXSwicGVybWlzc2lvbnMiOltdLCJwcmltYXJ5RGVwYXJ0bWVudElkIjoiNjc1MWZlNTFkM2EzOGE5NTBiYTQwYzExIiwiZW1wbG95ZWVOdW1iZXIiOiJFTVAtMTAxOSIsImlhdCI6MTc2NTk4MzEzNCwiZXhwIjoxNzY2MDY5NTM0fQ.6kLJW5BgEU8iopdtRJ79pEMVksULfH5Dv4VtOtDrn_U
[2m[WebServer] [22m≡ƒöì JWT Extractor - accessToken: FOUND
[2m[WebServer] [22mJwtStrategy VALIDATE: {
[2m[WebServer] [22m  sub: [32m'6928cf79fe9ff406e6610feb'[39m,
[2m[WebServer] [22m  workEmail: [32m'hr.hr.hr@example.com'[39m,
[2m[WebServer] [22m  roles: [ [32m'HR Manager'[39m ],
[2m[WebServer] [22m  permissions: [],
[2m[WebServer] [22m  primaryDepartmentId: [32m'6751fe51d3a38a950ba40c11'[39m,
[2m[WebServer] [22m  employeeNumber: [32m'EMP-1019'[39m,
[2m[WebServer] [22m  iat: [33m1765983134[39m,
[2m[WebServer] [22m  exp: [33m1766069534[39m
[2m[WebServer] [22m}
[2m[WebServer] [22m≡ƒöÑ JwtAuthGuard: handleRequest() {
[2m[WebServer] [22m  err: [1mnull[22m,
[2m[WebServer] [22m  user: {
[2m[WebServer] [22m    id: [32m'6928cf79fe9ff406e6610feb'[39m,
[2m[WebServer] [22m    workEmail: [32m'hr.hr.hr@example.com'[39m,
[2m[WebServer] [22m    roles: [ [32m'HR Manager'[39m ],
[2m[WebServer] [22m    permissions: [],
[2m[WebServer] [22m    primaryDepartmentId: [32m'6751fe51d3a38a950ba40c11'[39m,
[2m[WebServer] [22m    employeeNumber: [32m'EMP-1019'[39m
[2m[WebServer] [22m  },
[2m[WebServer] [22m  info: [90mundefined[39m
[2m[WebServer] [22m}
[2m[WebServer] [22mΓ£à JwtAuthGuard SUCCESS ΓåÆ user authenticated: 6928cf79fe9ff406e6610feb
[2m[WebServer] [22m≡ƒöÑ RolesGuard running!
[2m[WebServer] [22m
[2m[WebServer] [22m===== ROLE GUARD =====
[2m[WebServer] [22mRequired roles: [
[2m[WebServer] [22m  [32m'department employee'[39m,
[2m[WebServer] [22m  [32m'HR Employee'[39m,
[2m[WebServer] [22m  [32m'department head'[39m,
[2m[WebServer] [22m  [32m'HR Manager'[39m,
[2m[WebServer] [22m  [32m'HR Admin'[39m,
[2m[WebServer] [22m  [32m'System Admin'[39m
[2m[WebServer] [22m]
[2m[WebServer] [22mUser object: {
[2m[WebServer] [22m  id: [32m'6928cf79fe9ff406e6610feb'[39m,
[2m[WebServer] [22m  workEmail: [32m'hr.hr.hr@example.com'[39m,
[2m[WebServer] [22m  roles: [ [32m'HR Manager'[39m ],
[2m[WebServer] [22m  permissions: [],
[2m[WebServer] [22m  primaryDepartmentId: [32m'6751fe51d3a38a950ba40c11'[39m,
[2m[WebServer] [22m  employeeNumber: [32m'EMP-1019'[39m
[2m[WebServer] [22m}
[2m[WebServer] [22mNormalized user roles: [ [32m'hr manager'[39m ]
[2m[WebServer] [22mNormalized required roles: [
[2m[WebServer] [22m  [32m'department employee'[39m,
[2m[WebServer] [22m  [32m'hr employee'[39m,
[2m[WebServer] [22m  [32m'department head'[39m,
[2m[WebServer] [22m  [32m'hr manager'[39m,
[2m[WebServer] [22m  [32m'hr admin'[39m,
[2m[WebServer] [22m  [32m'system admin'[39m
[2m[WebServer] [22m]
[2m[WebServer] [22mHas required role? [33mtrue[39m
[2m[WebServer] [22mΓ£ö ACCESS GRANTED Γ£ö
[2m[WebServer] [22m≡ƒöì [TrackingController] getMyHistory: {
[2m[WebServer] [22m  filters: [Object: null prototype] {},
[2m[WebServer] [22m  userId: [32m'6928cf79fe9ff406e6610feb'[39m
[2m[WebServer] [22m}
Γ£à Login successful
≡ƒùæ∩╕Å Testing: REQ-002 (Deactivate leave type)
[2m[WebServer] [22m GET /leaves/hr/types [33m404[39m in 33ms[2m (compile: 4ms, render: 29ms)[22m
[2m[WebServer] [22m≡ƒöÑ JwtAuthGuard: canActivate CALLED
[2m[WebServer] [22m≡ƒöì JWT Extractor - All cookies: {
[2m[WebServer] [22m  accessToken: [32m'eyJhbGciOiJIUzI1NiIsInR5cCI6IkpXVCJ9.eyJzdWIiOiI2OTI4Y2Y3OWZlOWZmNDA2ZTY2MTBmZWIiLCJ3b3JrRW1haWwiOiJoci5oci5ockBleGFtcGxlLmNvbSIsInJvbGVzIjpbIkhSIE1hbmFnZXIiXSwicGVybWlzc2lvbnMiOltdLCJwcmltYXJ5RGVwYXJ0bWVudElkIjoiNjc1MWZlNTFkM2EzOGE5NTBiYTQwYzExIiwiZW1wbG95ZWVOdW1iZXIiOiJFTVAtMTAxOSIsImlhdCI6MTc2NTk4MzEzNCwiZXhwIjoxNzY2MDY5NTM0fQ.6kLJW5BgEU8iopdtRJ79pEMVksULfH5Dv4VtOtDrn_U'[39m
[2m[WebServer] [22m}
[2m[WebServer] [22m≡ƒöì JWT Extractor - Headers: accessToken=eyJhbGciOiJIUzI1NiIsInR5cCI6IkpXVCJ9.eyJzdWIiOiI2OTI4Y2Y3OWZlOWZmNDA2ZTY2MTBmZWIiLCJ3b3JrRW1haWwiOiJoci5oci5ockBleGFtcGxlLmNvbSIsInJvbGVzIjpbIkhSIE1hbmFnZXIiXSwicGVybWlzc2lvbnMiOltdLCJwcmltYXJ5RGVwYXJ0bWVudElkIjoiNjc1MWZlNTFkM2EzOGE5NTBiYTQwYzExIiwiZW1wbG95ZWVOdW1iZXIiOiJFTVAtMTAxOSIsImlhdCI6MTc2NTk4MzEzNCwiZXhwIjoxNzY2MDY5NTM0fQ.6kLJW5BgEU8iopdtRJ79pEMVksULfH5Dv4VtOtDrn_U
[2m[WebServer] [22m≡ƒöì JWT Extractor - accessToken: FOUND
[2m[WebServer] [22mJwtStrategy VALIDATE: {
[2m[WebServer] [22m  sub: [32m'6928cf79fe9ff406e6610feb'[39m,
[2m[WebServer] [22m  workEmail: [32m'hr.hr.hr@example.com'[39m,
[2m[WebServer] [22m  roles: [ [32m'HR Manager'[39m ],
[2m[WebServer] [22m  permissions: [],
[2m[WebServer] [22m  primaryDepartmentId: [32m'6751fe51d3a38a950ba40c11'[39m,
[2m[WebServer] [22m  employeeNumber: [32m'EMP-1019'[39m,
[2m[WebServer] [22m  iat: [33m1765983134[39m,
[2m[WebServer] [22m  exp: [33m1766069534[39m
[2m[WebServer] [22m}
[2m[WebServer] [22m≡ƒöÑ JwtAuthGuard: handleRequest() {
[2m[WebServer] [22m  err: [1mnull[22m,
[2m[WebServer] [22m  user: {
[2m[WebServer] [22m    id: [32m'6928cf79fe9ff406e6610feb'[39m,
[2m[WebServer] [22m    workEmail: [32m'hr.hr.hr@example.com'[39m,
[2m[WebServer] [22m    roles: [ [32m'HR Manager'[39m ],
[2m[WebServer] [22m    permissions: [],
[2m[WebServer] [22m    primaryDepartmentId: [32m'6751fe51d3a38a950ba40c11'[39m,
[2m[WebServer] [22m    employeeNumber: [32m'EMP-1019'[39m
[2m[WebServer] [22m  },
[2m[WebServer] [22m  info: [90mundefined[39m
[2m[WebServer] [22m}
[2m[WebServer] [22mΓ£à JwtAuthGuard SUCCESS ΓåÆ user authenticated: 6928cf79fe9ff406e6610feb
ΓÜá∩╕Å /leaves/hr/types returned 404, trying /leaves
[2m[WebServer] [22m GET /leaves [32m200[39m in 50ms[2m (compile: 3ms, render: 48ms)[22m
[2m[WebServer] [22m≡ƒöÑ JwtAuthGuard: canActivate CALLED
[2m[WebServer] [22m≡ƒöì JWT Extractor - All cookies: {
[2m[WebServer] [22m  accessToken: [32m'eyJhbGciOiJIUzI1NiIsInR5cCI6IkpXVCJ9.eyJzdWIiOiI2OTI4Y2Y3OWZlOWZmNDA2ZTY2MTBmZWIiLCJ3b3JrRW1haWwiOiJoci5oci5ockBleGFtcGxlLmNvbSIsInJvbGVzIjpbIkhSIE1hbmFnZXIiXSwicGVybWlzc2lvbnMiOltdLCJwcmltYXJ5RGVwYXJ0bWVudElkIjoiNjc1MWZlNTFkM2EzOGE5NTBiYTQwYzExIiwiZW1wbG95ZWVOdW1iZXIiOiJFTVAtMTAxOSIsImlhdCI6MTc2NTk4MzEzNCwiZXhwIjoxNzY2MDY5NTM0fQ.6kLJW5BgEU8iopdtRJ79pEMVksULfH5Dv4VtOtDrn_U'[39m
[2m[WebServer] [22m}
[2m[WebServer] [22m≡ƒöì JWT Extractor - Headers: accessToken=eyJhbGciOiJIUzI1NiIsInR5cCI6IkpXVCJ9.eyJzdWIiOiI2OTI4Y2Y3OWZlOWZmNDA2ZTY2MTBmZWIiLCJ3b3JrRW1haWwiOiJoci5oci5ockBleGFtcGxlLmNvbSIsInJvbGVzIjpbIkhSIE1hbmFnZXIiXSwicGVybWlzc2lvbnMiOltdLCJwcmltYXJ5RGVwYXJ0bWVudElkIjoiNjc1MWZlNTFkM2EzOGE5NTBiYTQwYzExIiwiZW1wbG95ZWVOdW1iZXIiOiJFTVAtMTAxOSIsImlhdCI6MTc2NTk4MzEzNCwiZXhwIjoxNzY2MDY5NTM0fQ.6kLJW5BgEU8iopdtRJ79pEMVksULfH5Dv4VtOtDrn_U
[2m[WebServer] [22m≡ƒöì JWT Extractor - accessToken: FOUND
[2m[WebServer] [22mJwtStrategy VALIDATE: {
[2m[WebServer] [22m  sub: [32m'6928cf79fe9ff406e6610feb'[39m,
[2m[WebServer] [22m  workEmail: [32m'hr.hr.hr@example.com'[39m,
[2m[WebServer] [22m  roles: [ [32m'HR Manager'[39m ],
[2m[WebServer] [22m  permissions: [],
[2m[WebServer] [22m  primaryDepartmentId: [32m'6751fe51d3a38a950ba40c11'[39m,
[2m[WebServer] [22m  employeeNumber: [32m'EMP-1019'[39m,
[2m[WebServer] [22m  iat: [33m1765983134[39m,
[2m[WebServer] [22m  exp: [33m1766069534[39m
[2m[WebServer] [22m}
[2m[WebServer] [22m≡ƒöÑ JwtAuthGuard: handleRequest() {
[2m[WebServer] [22m  err: [1mnull[22m,
[2m[WebServer] [22m  user: {
[2m[WebServer] [22m    id: [32m'6928cf79fe9ff406e6610feb'[39m,
[2m[WebServer] [22m    workEmail: [32m'hr.hr.hr@example.com'[39m,
[2m[WebServer] [22m    roles: [ [32m'HR Manager'[39m ],
[2m[WebServer] [22m    permissions: [],
[2m[WebServer] [22m    primaryDepartmentId: [32m'6751fe51d3a38a950ba40c11'[39m,
[2m[WebServer] [22m    employeeNumber: [32m'EMP-1019'[39m
[2m[WebServer] [22m  },
[2m[WebServer] [22m  info: [90mundefined[39m
[2m[WebServer] [22m}
[2m[WebServer] [22mΓ£à JwtAuthGuard SUCCESS ΓåÆ user authenticated: 6928cf79fe9ff406e6610feb
[2m[WebServer] [22m≡ƒöÑ JwtAuthGuard: canActivate CALLED
[2m[WebServer] [22m≡ƒöì JWT Extractor - All cookies: {
[2m[WebServer] [22m  accessToken: [32m'eyJhbGciOiJIUzI1NiIsInR5cCI6IkpXVCJ9.eyJzdWIiOiI2OTI4Y2Y3OWZlOWZmNDA2ZTY2MTBmZWIiLCJ3b3JrRW1haWwiOiJoci5oci5ockBleGFtcGxlLmNvbSIsInJvbGVzIjpbIkhSIE1hbmFnZXIiXSwicGVybWlzc2lvbnMiOltdLCJwcmltYXJ5RGVwYXJ0bWVudElkIjoiNjc1MWZlNTFkM2EzOGE5NTBiYTQwYzExIiwiZW1wbG95ZWVOdW1iZXIiOiJFTVAtMTAxOSIsImlhdCI6MTc2NTk4MzEzNCwiZXhwIjoxNzY2MDY5NTM0fQ.6kLJW5BgEU8iopdtRJ79pEMVksULfH5Dv4VtOtDrn_U'[39m
[2m[WebServer] [22m}
[2m[WebServer] [22m≡ƒöì JWT Extractor - Headers: accessToken=eyJhbGciOiJIUzI1NiIsInR5cCI6IkpXVCJ9.eyJzdWIiOiI2OTI4Y2Y3OWZlOWZmNDA2ZTY2MTBmZWIiLCJ3b3JrRW1haWwiOiJoci5oci5ockBleGFtcGxlLmNvbSIsInJvbGVzIjpbIkhSIE1hbmFnZXIiXSwicGVybWlzc2lvbnMiOltdLCJwcmltYXJ5RGVwYXJ0bWVudElkIjoiNjc1MWZlNTFkM2EzOGE5NTBiYTQwYzExIiwiZW1wbG95ZWVOdW1iZXIiOiJFTVAtMTAxOSIsImlhdCI6MTc2NTk4MzEzNCwiZXhwIjoxNzY2MDY5NTM0fQ.6kLJW5BgEU8iopdtRJ79pEMVksULfH5Dv4VtOtDrn_U
[2m[WebServer] [22m≡ƒöì JWT Extractor - accessToken: FOUND
[2m[WebServer] [22mJwtStrategy VALIDATE: {
[2m[WebServer] [22m  sub: [32m'6928cf79fe9ff406e6610feb'[39m,
[2m[WebServer] [22m  workEmail: [32m'hr.hr.hr@example.com'[39m,
[2m[WebServer] [22m  roles: [ [32m'HR Manager'[39m ],
[2m[WebServer] [22m  permissions: [],
[2m[WebServer] [22m  primaryDepartmentId: [32m'6751fe51d3a38a950ba40c11'[39m,
[2m[WebServer] [22m  employeeNumber: [32m'EMP-1019'[39m,
[2m[WebServer] [22m  iat: [33m1765983134[39m,
[2m[WebServer] [22m  exp: [33m1766069534[39m
[2m[WebServer] [22m}
[2m[WebServer] [22m≡ƒöÑ JwtAuthGuard: handleRequest() {
[2m[WebServer] [22m  err: [1mnull[22m,
[2m[WebServer] [22m  user: {
[2m[WebServer] [22m    id: [32m'6928cf79fe9ff406e6610feb'[39m,
[2m[WebServer] [22m    workEmail: [32m'hr.hr.hr@example.com'[39m,
[2m[WebServer] [22m    roles: [ [32m'HR Manager'[39m ],
[2m[WebServer] [22m    permissions: [],
[2m[WebServer] [22m    primaryDepartmentId: [32m'6751fe51d3a38a950ba40c11'[39m,
[2m[WebServer] [22m    employeeNumber: [32m'EMP-1019'[39m
[2m[WebServer] [22m  },
[2m[WebServer] [22m  info: [90mundefined[39m
[2m[WebServer] [22m}
[2m[WebServer] [22mΓ£à JwtAuthGuard SUCCESS ΓåÆ user authenticated: 6928cf79fe9ff406e6610feb
[2m[WebServer] [22m≡ƒöÑ RolesGuard running!
[2m[WebServer] [22m
[2m[WebServer] [22m===== ROLE GUARD =====
[2m[WebServer] [22mRequired roles: [
[2m[WebServer] [22m  [32m'department employee'[39m,
[2m[WebServer] [22m  [32m'HR Employee'[39m,
[2m[WebServer] [22m  [32m'department head'[39m,
[2m[WebServer] [22m  [32m'HR Manager'[39m,
[2m[WebServer] [22m  [32m'HR Admin'[39m,
[2m[WebServer] [22m  [32m'System Admin'[39m
[2m[WebServer] [22m]
[2m[WebServer] [22mUser object: {
[2m[WebServer] [22m  id: [32m'6928cf79fe9ff406e6610feb'[39m,
[2m[WebServer] [22m  workEmail: [32m'hr.hr.hr@example.com'[39m,
[2m[WebServer] [22m  roles: [ [32m'HR Manager'[39m ],
[2m[WebServer] [22m  permissions: [],
[2m[WebServer] [22m  primaryDepartmentId: [32m'6751fe51d3a38a950ba40c11'[39m,
[2m[WebServer] [22m  employeeNumber: [32m'EMP-1019'[39m
[2m[WebServer] [22m}
[2m[WebServer] [22mNormalized user roles: [ [32m'hr manager'[39m ]
[2m[WebServer] [22mNormalized required roles: [
[2m[WebServer] [22m  [32m'department employee'[39m,
[2m[WebServer] [22m  [32m'hr employee'[39m,
[2m[WebServer] [22m  [32m'department head'[39m,
[2m[WebServer] [22m  [32m'hr manager'[39m,
[2m[WebServer] [22m  [32m'hr admin'[39m,
[2m[WebServer] [22m  [32m'system admin'[39m
[2m[WebServer] [22m]
[2m[WebServer] [22mHas required role? [33mtrue[39m
[2m[WebServer] [22mΓ£ö ACCESS GRANTED Γ£ö
[2m[WebServer] [22m≡ƒöì [TrackingController] getMyBalances: {
[2m[WebServer] [22m  query: [Object: null prototype] {},
[2m[WebServer] [22m  userId: [32m'6928cf79fe9ff406e6610feb'[39m
[2m[WebServer] [22m}
[2m[WebServer] [22m≡ƒöÑ JwtAuthGuard: canActivate CALLED
[2m[WebServer] [22m≡ƒöì JWT Extractor - All cookies: {
[2m[WebServer] [22m  accessToken: [32m'eyJhbGciOiJIUzI1NiIsInR5cCI6IkpXVCJ9.eyJzdWIiOiI2OTI4Y2Y3OWZlOWZmNDA2ZTY2MTBmZWIiLCJ3b3JrRW1haWwiOiJoci5oci5ockBleGFtcGxlLmNvbSIsInJvbGVzIjpbIkhSIE1hbmFnZXIiXSwicGVybWlzc2lvbnMiOltdLCJwcmltYXJ5RGVwYXJ0bWVudElkIjoiNjc1MWZlNTFkM2EzOGE5NTBiYTQwYzExIiwiZW1wbG95ZWVOdW1iZXIiOiJFTVAtMTAxOSIsImlhdCI6MTc2NTk4MzEzNCwiZXhwIjoxNzY2MDY5NTM0fQ.6kLJW5BgEU8iopdtRJ79pEMVksULfH5Dv4VtOtDrn_U'[39m
[2m[WebServer] [22m}
[2m[WebServer] [22m≡ƒöì JWT Extractor - Headers: accessToken=eyJhbGciOiJIUzI1NiIsInR5cCI6IkpXVCJ9.eyJzdWIiOiI2OTI4Y2Y3OWZlOWZmNDA2ZTY2MTBmZWIiLCJ3b3JrRW1haWwiOiJoci5oci5ockBleGFtcGxlLmNvbSIsInJvbGVzIjpbIkhSIE1hbmFnZXIiXSwicGVybWlzc2lvbnMiOltdLCJwcmltYXJ5RGVwYXJ0bWVudElkIjoiNjc1MWZlNTFkM2EzOGE5NTBiYTQwYzExIiwiZW1wbG95ZWVOdW1iZXIiOiJFTVAtMTAxOSIsImlhdCI6MTc2NTk4MzEzNCwiZXhwIjoxNzY2MDY5NTM0fQ.6kLJW5BgEU8iopdtRJ79pEMVksULfH5Dv4VtOtDrn_U
[2m[WebServer] [22m≡ƒöì JWT Extractor - accessToken: FOUND
[2m[WebServer] [22mJwtStrategy VALIDATE: {
[2m[WebServer] [22m  sub: [32m'6928cf79fe9ff406e6610feb'[39m,
[2m[WebServer] [22m  workEmail: [32m'hr.hr.hr@example.com'[39m,
[2m[WebServer] [22m  roles: [ [32m'HR Manager'[39m ],
[2m[WebServer] [22m  permissions: [],
[2m[WebServer] [22m  primaryDepartmentId: [32m'6751fe51d3a38a950ba40c11'[39m,
[2m[WebServer] [22m  employeeNumber: [32m'EMP-1019'[39m,
[2m[WebServer] [22m  iat: [33m1765983134[39m,
[2m[WebServer] [22m  exp: [33m1766069534[39m
[2m[WebServer] [22m}
[2m[WebServer] [22m≡ƒöÑ JwtAuthGuard: handleRequest() {
[2m[WebServer] [22m  err: [1mnull[22m,
[2m[WebServer] [22m  user: {
[2m[WebServer] [22m    id: [32m'6928cf79fe9ff406e6610feb'[39m,
[2m[WebServer] [22m    workEmail: [32m'hr.hr.hr@example.com'[39m,
[2m[WebServer] [22m    roles: [ [32m'HR Manager'[39m ],
[2m[WebServer] [22m    permissions: [],
[2m[WebServer] [22m    primaryDepartmentId: [32m'6751fe51d3a38a950ba40c11'[39m,
[2m[WebServer] [22m    employeeNumber: [32m'EMP-1019'[39m
[2m[WebServer] [22m  },
[2m[WebServer] [22m  info: [90mundefined[39m
[2m[WebServer] [22m}
[2m[WebServer] [22mΓ£à JwtAuthGuard SUCCESS ΓåÆ user authenticated: 6928cf79fe9ff406e6610feb
[2m[WebServer] [22m≡ƒöÑ RolesGuard running!
[2m[WebServer] [22m
[2m[WebServer] [22m===== ROLE GUARD =====
[2m[WebServer] [22mRequired roles: [
[2m[WebServer] [22m  [32m'department employee'[39m,
[2m[WebServer] [22m  [32m'HR Employee'[39m,
[2m[WebServer] [22m  [32m'department head'[39m,
[2m[WebServer] [22m  [32m'HR Manager'[39m,
[2m[WebServer] [22m  [32m'HR Admin'[39m,
[2m[WebServer] [22m  [32m'System Admin'[39m
[2m[WebServer] [22m]
[2m[WebServer] [22mUser object: {
[2m[WebServer] [22m  id: [32m'6928cf79fe9ff406e6610feb'[39m,
[2m[WebServer] [22m  workEmail: [32m'hr.hr.hr@example.com'[39m,
[2m[WebServer] [22m  roles: [ [32m'HR Manager'[39m ],
[2m[WebServer] [22m  permissions: [],
[2m[WebServer] [22m  primaryDepartmentId: [32m'6751fe51d3a38a950ba40c11'[39m,
[2m[WebServer] [22m  employeeNumber: [32m'EMP-1019'[39m
[2m[WebServer] [22m}
[2m[WebServer] [22mNormalized user roles: [ [32m'hr manager'[39m ]
[2m[WebServer] [22mNormalized required roles: [
[2m[WebServer] [22m  [32m'department employee'[39m,
[2m[WebServer] [22m  [32m'hr employee'[39m,
[2m[WebServer] [22m  [32m'department head'[39m,
[2m[WebServer] [22m  [32m'hr manager'[39m,
[2m[WebServer] [22m  [32m'hr admin'[39m,
[2m[WebServer] [22m  [32m'system admin'[39m
[2m[WebServer] [22m]
[2m[WebServer] [22mHas required role? [33mtrue[39m
[2m[WebServer] [22mΓ£ö ACCESS GRANTED Γ£ö
[2m[WebServer] [22m≡ƒöì [TrackingController] getMyHistory: {
[2m[WebServer] [22m  filters: [Object: null prototype] {},
[2m[WebServer] [22m  userId: [32m'6928cf79fe9ff406e6610feb'[39m
[2m[WebServer] [22m}
Γ£à Deactivate leave type accessible - REQ-002 validated
  Γ£ô  33 [chromium] ΓÇ║ leave-tests.spec.ts:519:7 ΓÇ║ ≡ƒæö HR MANAGER (EMP-1019) - System-Wide Management ΓÇ║ Γ£à K4: Deactivate leave type (REQ-002) (9.7s)
≡ƒöÉ Logging in as: hr.hr.hr@example.com
[2m[WebServer] [22m GET /login [32m200[39m in 39ms[2m (compile: 2ms, render: 36ms)[22m
[2m[WebServer] [22m≡ƒöÑ JwtAuthGuard: canActivate CALLED
[2m[WebServer] [22m≡ƒöì JWT Extractor - All cookies: [Object: null prototype] {}
[2m[WebServer] [22m≡ƒöì JWT Extractor - Headers: [90mundefined[39m
[2m[WebServer] [22m≡ƒöì JWT Extractor - accessToken: NOT FOUND
[2m[WebServer] [22m≡ƒöÑ JwtAuthGuard: handleRequest() {
[2m[WebServer] [22m  err: [1mnull[22m,
[2m[WebServer] [22m  user: [33mfalse[39m,
[2m[WebServer] [22m  info: Error: No auth token
[2m[WebServer] [22m      at JwtStrategy.authenticate [90m(C:\Users\Bedon\Desktop\semester-5-software-project\backend\[39mnode_modules\[4mpassport-jwt[24m\lib\strategy.js:96:26[90m)[39m
[2m[WebServer] [22m      at attempt [90m(C:\Users\Bedon\Desktop\semester-5-software-project\backend\[39mnode_modules\[4mpassport[24m\lib\middleware\authenticate.js:378:16[90m)[39m
[2m[WebServer] [22m      at authenticate [90m(C:\Users\Bedon\Desktop\semester-5-software-project\backend\[39mnode_modules\[4mpassport[24m\lib\middleware\authenticate.js:379:7[90m)[39m
[2m[WebServer] [22m      at [90mC:\Users\Bedon\Desktop\semester-5-software-project\backend\[39mnode_modules\[4m@nestjs[24m\passport\dist\auth.guard.js:88:3
[2m[WebServer] [22m      at new Promise (<anonymous>)
[2m[WebServer] [22m      at [90mC:\Users\Bedon\Desktop\semester-5-software-project\backend\[39mnode_modules\[4m@nestjs[24m\passport\dist\auth.guard.js:80:83
[2m[WebServer] [22m      at JwtAuthGuard.canActivate [90m(C:\Users\Bedon\Desktop\semester-5-software-project\backend\[39mnode_modules\[4m@nestjs[24m\passport\dist\auth.guard.js:44:32[90m)[39m
[2m[WebServer] [22m  [90m    at process.processTicksAndRejections (node:internal/process/task_queues:105:5)[39m
[2m[WebServer] [22m}
[2m[WebServer] [22mΓ¥î JwtAuthGuard INFO: Error: No auth token
[2m[WebServer] [22m    at JwtStrategy.authenticate 
[90m(C:\Users\Bedon\Desktop\semester-5-software-project\backend\[39mnode_modules\[4mpassport-jwt[24m\lib\strategy.js:96:26[90m)[39m
[2m[WebServer] [22m    at attempt [90m(C:\Users\Bedon\Desktop\semester-5-software-project\backend\[39mnode_modules\[4mpassport[24m\lib\mi
ddleware\authenticate.js:378:16[90m)[39m
[2m[WebServer] [22m    at authenticate [90m(C:\Users\Bedon\Desktop\semester-5-software-project\backend\[39mnode_modules\[4mpassport[24m\l
ib\middleware\authenticate.js:379:7[90m)[39m
[2m[WebServer] [22m    at 
[90mC:\Users\Bedon\Desktop\semester-5-software-project\backend\[39mnode_modules\[4m@nestjs[24m\passport\dist\auth.guard.js:88:3
[2m[WebServer] [22m    at new Promise (<anonymous>)
[2m[WebServer] [22m    at 
[90mC:\Users\Bedon\Desktop\semester-5-software-project\backend\[39mnode_modules\[4m@nestjs[24m\passport\dist\auth.guard.js:80:83
[2m[WebServer] [22m    at JwtAuthGuard.canActivate [90m(C:\Users\Bedon\Desktop\semester-5-software-project\backend\[39mnode_modules\[4m@ne
stjs[24m\passport\dist\auth.guard.js:44:32[90m)[39m
[2m[WebServer] [22m[90m    at process.processTicksAndRejections (node:internal/process/task_queues:105:5)[39m
[2m[WebServer] [22mΓ¥î JwtAuthGuard FAILING ΓåÆ No auth token
[2m[WebServer] [22mVALIDATE EMPLOYEE - systemRole = {
[2m[WebServer] [22m  _id: new ObjectId([32m'6928cf79fe9ff406e6610fed'[39m),
[2m[WebServer] [22m  employeeProfileId: new ObjectId([32m'6928cf79fe9ff406e6610feb'[39m),
[2m[WebServer] [22m  roles: [ [32m'HR Manager'[39m ],
[2m[WebServer] [22m  permissions: [],
[2m[WebServer] [22m  isActive: [33mtrue[39m,
[2m[WebServer] [22m  createdAt: [35m2025-11-27T22:23:53.913Z[39m,
[2m[WebServer] [22m  updatedAt: [35m2025-11-27T22:23:53.913Z[39m,
[2m[WebServer] [22m  __v: [33m0[39m
[2m[WebServer] [22m}
[2m[WebServer] [22mGenerated token: eyJhbGciOiJIUzI1NiIsInR5cCI6IkpXVCJ9.eyJzdWIiOiI2OTI4Y2Y3OWZlOWZmNDA2ZTY2MTBmZWIiLCJ3b3JrRW1haWwiOiJoci5oci5ockBleGFtcGxlLmNvbSIsInJvbGVzIjpbIkhSIE1hbmFnZXIiXSwicGVybWlzc2lvbnMiOltdLCJwcmltYXJ5RGVwYXJ0bWVudElkIjoiNjc1MWZlNTFkM2EzOGE5NTBiYTQwYzExIiwiZW1wbG95ZWVOdW1iZXIiOiJFTVAtMTAxOSIsImlhdCI6MTc2NTk4MzE0NCwiZXhwIjoxNzY2MDY5NTQ0fQ.rGtxw1gL_xQSgNiJG4J0sUNBwGy_CXRHJutvdDBk6wM
[2m[WebServer] [22m GET /leaves [32m200[39m in 16ms[2m (compile: 3ms, render: 14ms)[22m
[2m[WebServer] [22m≡ƒöÑ JwtAuthGuard: canActivate CALLED
[2m[WebServer] [22m≡ƒöì JWT Extractor - All cookies: {
[2m[WebServer] [22m  accessToken: [32m'eyJhbGciOiJIUzI1NiIsInR5cCI6IkpXVCJ9.eyJzdWIiOiI2OTI4Y2Y3OWZlOWZmNDA2ZTY2MTBmZWIiLCJ3b3JrRW1haWwiOiJoci5oci5ockBleGFtcGxlLmNvbSIsInJvbGVzIjpbIkhSIE1hbmFnZXIiXSwicGVybWlzc2lvbnMiOltdLCJwcmltYXJ5RGVwYXJ0bWVudElkIjoiNjc1MWZlNTFkM2EzOGE5NTBiYTQwYzExIiwiZW1wbG95ZWVOdW1iZXIiOiJFTVAtMTAxOSIsImlhdCI6MTc2NTk4MzE0NCwiZXhwIjoxNzY2MDY5NTQ0fQ.rGtxw1gL_xQSgNiJG4J0sUNBwGy_CXRHJutvdDBk6wM'[39m
[2m[WebServer] [22m}
[2m[WebServer] [22m≡ƒöì JWT Extractor - Headers: accessToken=eyJhbGciOiJIUzI1NiIsInR5cCI6IkpXVCJ9.eyJzdWIiOiI2OTI4Y2Y3OWZlOWZmNDA2ZTY2MTBmZWIiLCJ3b3JrRW1haWwiOiJoci5oci5ockBleGFtcGxlLmNvbSIsInJvbGVzIjpbIkhSIE1hbmFnZXIiXSwicGVybWlzc2lvbnMiOltdLCJwcmltYXJ5RGVwYXJ0bWVudElkIjoiNjc1MWZlNTFkM2EzOGE5NTBiYTQwYzExIiwiZW1wbG95ZWVOdW1iZXIiOiJFTVAtMTAxOSIsImlhdCI6MTc2NTk4MzE0NCwiZXhwIjoxNzY2MDY5NTQ0fQ.rGtxw1gL_xQSgNiJG4J0sUNBwGy_CXRHJutvdDBk6wM
[2m[WebServer] [22m≡ƒöì JWT Extractor - accessToken: FOUND
[2m[WebServer] [22mJwtStrategy VALIDATE: {
[2m[WebServer] [22m  sub: [32m'6928cf79fe9ff406e6610feb'[39m,
[2m[WebServer] [22m  workEmail: [32m'hr.hr.hr@example.com'[39m,
[2m[WebServer] [22m  roles: [ [32m'HR Manager'[39m ],
[2m[WebServer] [22m  permissions: [],
[2m[WebServer] [22m  primaryDepartmentId: [32m'6751fe51d3a38a950ba40c11'[39m,
[2m[WebServer] [22m  employeeNumber: [32m'EMP-1019'[39m,
[2m[WebServer] [22m  iat: [33m1765983144[39m,
[2m[WebServer] [22m  exp: [33m1766069544[39m
[2m[WebServer] [22m}
[2m[WebServer] [22m≡ƒöÑ JwtAuthGuard: handleRequest() {
[2m[WebServer] [22m  err: [1mnull[22m,
[2m[WebServer] [22m  user: {
[2m[WebServer] [22m    id: [32m'6928cf79fe9ff406e6610feb'[39m,
[2m[WebServer] [22m    workEmail: [32m'hr.hr.hr@example.com'[39m,
[2m[WebServer] [22m    roles: [ [32m'HR Manager'[39m ],
[2m[WebServer] [22m    permissions: [],
[2m[WebServer] [22m    primaryDepartmentId: [32m'6751fe51d3a38a950ba40c11'[39m,
[2m[WebServer] [22m    employeeNumber: [32m'EMP-1019'[39m
[2m[WebServer] [22m  },
[2m[WebServer] [22m  info: [90mundefined[39m
[2m[WebServer] [22m}
[2m[WebServer] [22mΓ£à JwtAuthGuard SUCCESS ΓåÆ user authenticated: 6928cf79fe9ff406e6610feb
[2m[WebServer] [22m≡ƒöÑ RolesGuard running!
[2m[WebServer] [22m
[2m[WebServer] [22m===== ROLE GUARD =====
[2m[WebServer] [22mRequired roles: [
[2m[WebServer] [22m  [32m'department employee'[39m,
[2m[WebServer] [22m  [32m'HR Employee'[39m,
[2m[WebServer] [22m  [32m'department head'[39m,
[2m[WebServer] [22m  [32m'HR Manager'[39m,
[2m[WebServer] [22m  [32m'HR Admin'[39m,
[2m[WebServer] [22m  [32m'System Admin'[39m
[2m[WebServer] [22m]
[2m[WebServer] [22mUser object: {
[2m[WebServer] [22m  id: [32m'6928cf79fe9ff406e6610feb'[39m,
[2m[WebServer] [22m  workEmail: [32m'hr.hr.hr@example.com'[39m,
[2m[WebServer] [22m  roles: [ [32m'HR Manager'[39m ],
[2m[WebServer] [22m  permissions: [],
[2m[WebServer] [22m  primaryDepartmentId: [32m'6751fe51d3a38a950ba40c11'[39m,
[2m[WebServer] [22m  employeeNumber: [32m'EMP-1019'[39m
[2m[WebServer] [22m}
[2m[WebServer] [22mNormalized user roles: [ [32m'hr manager'[39m ]
[2m[WebServer] [22mNormalized required roles: [
[2m[WebServer] [22m  [32m'department employee'[39m,
[2m[WebServer] [22m  [32m'hr employee'[39m,
[2m[WebServer] [22m  [32m'department head'[39m,
[2m[WebServer] [22m  [32m'hr manager'[39m,
[2m[WebServer] [22m  [32m'hr admin'[39m,
[2m[WebServer] [22m  [32m'system admin'[39m
[2m[WebServer] [22m]
[2m[WebServer] [22mHas required role? [33mtrue[39m
[2m[WebServer] [22mΓ£ö ACCESS GRANTED Γ£ö
[2m[WebServer] [22m≡ƒöì [TrackingController] getMyBalances: {
[2m[WebServer] [22m  query: [Object: null prototype] {},
[2m[WebServer] [22m  userId: [32m'6928cf79fe9ff406e6610feb'[39m
[2m[WebServer] [22m}
[2m[WebServer] [22m≡ƒöÑ JwtAuthGuard: canActivate CALLED
[2m[WebServer] [22m≡ƒöì JWT Extractor - All cookies: {
[2m[WebServer] [22m  accessToken: [32m'eyJhbGciOiJIUzI1NiIsInR5cCI6IkpXVCJ9.eyJzdWIiOiI2OTI4Y2Y3OWZlOWZmNDA2ZTY2MTBmZWIiLCJ3b3JrRW1haWwiOiJoci5oci5ockBleGFtcGxlLmNvbSIsInJvbGVzIjpbIkhSIE1hbmFnZXIiXSwicGVybWlzc2lvbnMiOltdLCJwcmltYXJ5RGVwYXJ0bWVudElkIjoiNjc1MWZlNTFkM2EzOGE5NTBiYTQwYzExIiwiZW1wbG95ZWVOdW1iZXIiOiJFTVAtMTAxOSIsImlhdCI6MTc2NTk4MzE0NCwiZXhwIjoxNzY2MDY5NTQ0fQ.rGtxw1gL_xQSgNiJG4J0sUNBwGy_CXRHJutvdDBk6wM'[39m
[2m[WebServer] [22m}
[2m[WebServer] [22m≡ƒöì JWT Extractor - Headers: accessToken=eyJhbGciOiJIUzI1NiIsInR5cCI6IkpXVCJ9.eyJzdWIiOiI2OTI4Y2Y3OWZlOWZmNDA2ZTY2MTBmZWIiLCJ3b3JrRW1haWwiOiJoci5oci5ockBleGFtcGxlLmNvbSIsInJvbGVzIjpbIkhSIE1hbmFnZXIiXSwicGVybWlzc2lvbnMiOltdLCJwcmltYXJ5RGVwYXJ0bWVudElkIjoiNjc1MWZlNTFkM2EzOGE5NTBiYTQwYzExIiwiZW1wbG95ZWVOdW1iZXIiOiJFTVAtMTAxOSIsImlhdCI6MTc2NTk4MzE0NCwiZXhwIjoxNzY2MDY5NTQ0fQ.rGtxw1gL_xQSgNiJG4J0sUNBwGy_CXRHJutvdDBk6wM
[2m[WebServer] [22m≡ƒöì JWT Extractor - accessToken: FOUND
[2m[WebServer] [22mJwtStrategy VALIDATE: {
[2m[WebServer] [22m  sub: [32m'6928cf79fe9ff406e6610feb'[39m,
[2m[WebServer] [22m  workEmail: [32m'hr.hr.hr@example.com'[39m,
[2m[WebServer] [22m  roles: [ [32m'HR Manager'[39m ],
[2m[WebServer] [22m  permissions: [],
[2m[WebServer] [22m  primaryDepartmentId: [32m'6751fe51d3a38a950ba40c11'[39m,
[2m[WebServer] [22m  employeeNumber: [32m'EMP-1019'[39m,
[2m[WebServer] [22m  iat: [33m1765983144[39m,
[2m[WebServer] [22m  exp: [33m1766069544[39m
[2m[WebServer] [22m}
[2m[WebServer] [22m≡ƒöÑ JwtAuthGuard: handleRequest() {
[2m[WebServer] [22m  err: [1mnull[22m,
[2m[WebServer] [22m  user: {
[2m[WebServer] [22m    id: [32m'6928cf79fe9ff406e6610feb'[39m,
[2m[WebServer] [22m    workEmail: [32m'hr.hr.hr@example.com'[39m,
[2m[WebServer] [22m    roles: [ [32m'HR Manager'[39m ],
[2m[WebServer] [22m    permissions: [],
[2m[WebServer] [22m    primaryDepartmentId: [32m'6751fe51d3a38a950ba40c11'[39m,
[2m[WebServer] [22m    employeeNumber: [32m'EMP-1019'[39m
[2m[WebServer] [22m  },
[2m[WebServer] [22m  info: [90mundefined[39m
[2m[WebServer] [22m}
[2m[WebServer] [22mΓ£à JwtAuthGuard SUCCESS ΓåÆ user authenticated: 6928cf79fe9ff406e6610feb
[2m[WebServer] [22m≡ƒöÑ RolesGuard running!
[2m[WebServer] [22m
[2m[WebServer] [22m===== ROLE GUARD =====
[2m[WebServer] [22mRequired roles: [
[2m[WebServer] [22m  [32m'department employee'[39m,
[2m[WebServer] [22m  [32m'HR Employee'[39m,
[2m[WebServer] [22m  [32m'department head'[39m,
[2m[WebServer] [22m  [32m'HR Manager'[39m,
[2m[WebServer] [22m  [32m'HR Admin'[39m,
[2m[WebServer] [22m  [32m'System Admin'[39m
[2m[WebServer] [22m]
[2m[WebServer] [22mUser object: {
[2m[WebServer] [22m  id: [32m'6928cf79fe9ff406e6610feb'[39m,
[2m[WebServer] [22m  workEmail: [32m'hr.hr.hr@example.com'[39m,
[2m[WebServer] [22m  roles: [ [32m'HR Manager'[39m ],
[2m[WebServer] [22m  permissions: [],
[2m[WebServer] [22m  primaryDepartmentId: [32m'6751fe51d3a38a950ba40c11'[39m,
[2m[WebServer] [22m  employeeNumber: [32m'EMP-1019'[39m
[2m[WebServer] [22m}
[2m[WebServer] [22mNormalized user roles: [ [32m'hr manager'[39m ]
[2m[WebServer] [22mNormalized required roles: [
[2m[WebServer] [22m  [32m'department employee'[39m,
[2m[WebServer] [22m  [32m'hr employee'[39m,
[2m[WebServer] [22m  [32m'department head'[39m,
[2m[WebServer] [22m  [32m'hr manager'[39m,
[2m[WebServer] [22m  [32m'hr admin'[39m,
[2m[WebServer] [22m  [32m'system admin'[39m
[2m[WebServer] [22m]
[2m[WebServer] [22mHas required role? [33mtrue[39m
[2m[WebServer] [22mΓ£ö ACCESS GRANTED Γ£ö
[2m[WebServer] [22m≡ƒöì [TrackingController] getMyHistory: {
[2m[WebServer] [22m  filters: [Object: null prototype] {},
[2m[WebServer] [22m  userId: [32m'6928cf79fe9ff406e6610feb'[39m
[2m[WebServer] [22m}
Γ£à Login successful
≡ƒÄü Testing: REQ-003 (Assign entitlements)
[2m[WebServer] [22m GET /leaves/hr/entitlements [33m404[39m in 41ms[2m (compile: 5ms, render: 36ms)[22m
[2m[WebServer] [22m≡ƒöÑ JwtAuthGuard: canActivate CALLED
[2m[WebServer] [22m≡ƒöì JWT Extractor - All cookies: {
[2m[WebServer] [22m  accessToken: [32m'eyJhbGciOiJIUzI1NiIsInR5cCI6IkpXVCJ9.eyJzdWIiOiI2OTI4Y2Y3OWZlOWZmNDA2ZTY2MTBmZWIiLCJ3b3JrRW1haWwiOiJoci5oci5ockBleGFtcGxlLmNvbSIsInJvbGVzIjpbIkhSIE1hbmFnZXIiXSwicGVybWlzc2lvbnMiOltdLCJwcmltYXJ5RGVwYXJ0bWVudElkIjoiNjc1MWZlNTFkM2EzOGE5NTBiYTQwYzExIiwiZW1wbG95ZWVOdW1iZXIiOiJFTVAtMTAxOSIsImlhdCI6MTc2NTk4MzE0NCwiZXhwIjoxNzY2MDY5NTQ0fQ.rGtxw1gL_xQSgNiJG4J0sUNBwGy_CXRHJutvdDBk6wM'[39m
[2m[WebServer] [22m}
[2m[WebServer] [22m≡ƒöì JWT Extractor - Headers: accessToken=eyJhbGciOiJIUzI1NiIsInR5cCI6IkpXVCJ9.eyJzdWIiOiI2OTI4Y2Y3OWZlOWZmNDA2ZTY2MTBmZWIiLCJ3b3JrRW1haWwiOiJoci5oci5ockBleGFtcGxlLmNvbSIsInJvbGVzIjpbIkhSIE1hbmFnZXIiXSwicGVybWlzc2lvbnMiOltdLCJwcmltYXJ5RGVwYXJ0bWVudElkIjoiNjc1MWZlNTFkM2EzOGE5NTBiYTQwYzExIiwiZW1wbG95ZWVOdW1iZXIiOiJFTVAtMTAxOSIsImlhdCI6MTc2NTk4MzE0NCwiZXhwIjoxNzY2MDY5NTQ0fQ.rGtxw1gL_xQSgNiJG4J0sUNBwGy_CXRHJutvdDBk6wM
[2m[WebServer] [22m≡ƒöì JWT Extractor - accessToken: FOUND
[2m[WebServer] [22mJwtStrategy VALIDATE: {
[2m[WebServer] [22m  sub: [32m'6928cf79fe9ff406e6610feb'[39m,
[2m[WebServer] [22m  workEmail: [32m'hr.hr.hr@example.com'[39m,
[2m[WebServer] [22m  roles: [ [32m'HR Manager'[39m ],
[2m[WebServer] [22m  permissions: [],
[2m[WebServer] [22m  primaryDepartmentId: [32m'6751fe51d3a38a950ba40c11'[39m,
[2m[WebServer] [22m  employeeNumber: [32m'EMP-1019'[39m,
[2m[WebServer] [22m  iat: [33m1765983144[39m,
[2m[WebServer] [22m  exp: [33m1766069544[39m
[2m[WebServer] [22m}
[2m[WebServer] [22m≡ƒöÑ JwtAuthGuard: handleRequest() {
[2m[WebServer] [22m  err: [1mnull[22m,
[2m[WebServer] [22m  user: {
[2m[WebServer] [22m    id: [32m'6928cf79fe9ff406e6610feb'[39m,
[2m[WebServer] [22m    workEmail: [32m'hr.hr.hr@example.com'[39m,
[2m[WebServer] [22m    roles: [ [32m'HR Manager'[39m ],
[2m[WebServer] [22m    permissions: [],
[2m[WebServer] [22m    primaryDepartmentId: [32m'6751fe51d3a38a950ba40c11'[39m,
[2m[WebServer] [22m    employeeNumber: [32m'EMP-1019'[39m
[2m[WebServer] [22m  },
[2m[WebServer] [22m  info: [90mundefined[39m
[2m[WebServer] [22m}
[2m[WebServer] [22mΓ£à JwtAuthGuard SUCCESS ΓåÆ user authenticated: 6928cf79fe9ff406e6610feb

================================================================================
≡ƒÄë ALL 42 REQUIREMENTS TESTED - COMPLETE E2E COVERAGE
================================================================================
Γ£à Employee Tests: REQ-015 to REQ-033 (19 requirements)
Γ£à Manager Tests: REQ-005 to REQ-007, REQ-031, REQ-034 (5 requirements)
Γ£à HR Tests: REQ-001 to REQ-004, REQ-008 to REQ-014, REQ-036 to REQ-042 (18 requirements)
Γ£à Total: 42/42 Requirements Covered
================================================================================

  Γ£ÿ  34 [chromium] ΓÇ║ leave-tests.spec.ts:531:7 ΓÇ║ ≡ƒæö HR MANAGER (EMP-1019) - System-Wide Management ΓÇ║ Γ£à L1: Assign entitlements (REQ-003) (4.8s)
≡ƒöÉ Logging in as: hr.hr.hr@example.com
[2m[WebServer] [22m GET /login [32m200[39m in 46ms[2m (compile: 2ms, render: 43ms)[22m
[2m[WebServer] [22m≡ƒöÑ JwtAuthGuard: canActivate CALLED
[2m[WebServer] [22m≡ƒöì JWT Extractor - All cookies: [Object: null prototype] {}
[2m[WebServer] [22m≡ƒöì JWT Extractor - Headers: [90mundefined[39m
[2m[WebServer] [22m≡ƒöì JWT Extractor - accessToken: NOT FOUND
[2m[WebServer] [22m≡ƒöÑ JwtAuthGuard: handleRequest() {
[2m[WebServer] [22m  err: [1mnull[22m,
[2m[WebServer] [22m  user: [33mfalse[39m,
[2m[WebServer] [22m  info: Error: No auth token
[2m[WebServer] [22m      at JwtStrategy.authenticate [90m(C:\Users\Bedon\Desktop\semester-5-software-project\backend\[39mnode_modules\[4mpassport-jwt[24m\lib\strategy.js:96:26[90m)[39m
[2m[WebServer] [22m      at attempt [90m(C:\Users\Bedon\Desktop\semester-5-software-project\backend\[39mnode_modules\[4mpassport[24m\lib\middleware\authenticate.js:378:16[90m)[39m
[2m[WebServer] [22m      at authenticate [90m(C:\Users\Bedon\Desktop\semester-5-software-project\backend\[39mnode_modules\[4mpassport[24m\lib\middleware\authenticate.js:379:7[90m)[39m
[2m[WebServer] [22m      at [90mC:\Users\Bedon\Desktop\semester-5-software-project\backend\[39mnode_modules\[4m@nestjs[24m\passport\dist\auth.guard.js:88:3
[2m[WebServer] [22m      at new Promise (<anonymous>)
[2m[WebServer] [22m      at [90mC:\Users\Bedon\Desktop\semester-5-software-project\backend\[39mnode_modules\[4m@nestjs[24m\passport\dist\auth.guard.js:80:83
[2m[WebServer] [22m      at JwtAuthGuard.canActivate [90m(C:\Users\Bedon\Desktop\semester-5-software-project\backend\[39mnode_modules\[4m@nestjs[24m\passport\dist\auth.guard.js:44:32[90m)[39m
[2m[WebServer] [22m  [90m    at process.processTicksAndRejections (node:internal/process/task_queues:105:5)[39m
[2m[WebServer] [22m}
[2m[WebServer] [22mΓ¥î JwtAuthGuard INFO: Error: No auth token
[2m[WebServer] [22m    at JwtStrategy.authenticate 
[90m(C:\Users\Bedon\Desktop\semester-5-software-project\backend\[39mnode_modules\[4mpassport-jwt[24m\lib\strategy.js:96:26[90m)[39m
[2m[WebServer] [22m    at attempt [90m(C:\Users\Bedon\Desktop\semester-5-software-project\backend\[39mnode_modules\[4mpassport[24m\lib\mi
ddleware\authenticate.js:378:16[90m)[39m
[2m[WebServer] [22m    at authenticate [90m(C:\Users\Bedon\Desktop\semester-5-software-project\backend\[39mnode_modules\[4mpassport[24m\l
ib\middleware\authenticate.js:379:7[90m)[39m
[2m[WebServer] [22m    at 
[90mC:\Users\Bedon\Desktop\semester-5-software-project\backend\[39mnode_modules\[4m@nestjs[24m\passport\dist\auth.guard.js:88:3
[2m[WebServer] [22m    at new Promise (<anonymous>)
[2m[WebServer] [22m    at 
[90mC:\Users\Bedon\Desktop\semester-5-software-project\backend\[39mnode_modules\[4m@nestjs[24m\passport\dist\auth.guard.js:80:83
[2m[WebServer] [22m    at JwtAuthGuard.canActivate [90m(C:\Users\Bedon\Desktop\semester-5-software-project\backend\[39mnode_modules\[4m@ne
stjs[24m\passport\dist\auth.guard.js:44:32[90m)[39m
[2m[WebServer] [22m[90m    at process.processTicksAndRejections (node:internal/process/task_queues:105:5)[39m
[2m[WebServer] [22mΓ¥î JwtAuthGuard FAILING ΓåÆ No auth token
[2m[WebServer] [22mVALIDATE EMPLOYEE - systemRole = {
[2m[WebServer] [22m  _id: new ObjectId([32m'6928cf79fe9ff406e6610fed'[39m),
[2m[WebServer] [22m  employeeProfileId: new ObjectId([32m'6928cf79fe9ff406e6610feb'[39m),
[2m[WebServer] [22m  roles: [ [32m'HR Manager'[39m ],
[2m[WebServer] [22m  permissions: [],
[2m[WebServer] [22m  isActive: [33mtrue[39m,
[2m[WebServer] [22m  createdAt: [35m2025-11-27T22:23:53.913Z[39m,
[2m[WebServer] [22m  updatedAt: [35m2025-11-27T22:23:53.913Z[39m,
[2m[WebServer] [22m  __v: [33m0[39m
[2m[WebServer] [22m}
[2m[WebServer] [22mGenerated token: eyJhbGciOiJIUzI1NiIsInR5cCI6IkpXVCJ9.eyJzdWIiOiI2OTI4Y2Y3OWZlOWZmNDA2ZTY2MTBmZWIiLCJ3b3JrRW1haWwiOiJoci5oci5ockBleGFtcGxlLmNvbSIsInJvbGVzIjpbIkhSIE1hbmFnZXIiXSwicGVybWlzc2lvbnMiOltdLCJwcmltYXJ5RGVwYXJ0bWVudElkIjoiNjc1MWZlNTFkM2EzOGE5NTBiYTQwYzExIiwiZW1wbG95ZWVOdW1iZXIiOiJFTVAtMTAxOSIsImlhdCI6MTc2NTk4MzE1MCwiZXhwIjoxNzY2MDY5NTUwfQ.DYgSZ17NMHo9rA2TQlnSl4AkyhmW-p_iuemhxSzWiwc
[2m[WebServer] [22m GET /leaves [32m200[39m in 19ms[2m (compile: 3ms, render: 17ms)[22m
[2m[WebServer] [22m≡ƒöÑ JwtAuthGuard: canActivate CALLED
[2m[WebServer] [22m≡ƒöì JWT Extractor - All cookies: {
[2m[WebServer] [22m  accessToken: [32m'eyJhbGciOiJIUzI1NiIsInR5cCI6IkpXVCJ9.eyJzdWIiOiI2OTI4Y2Y3OWZlOWZmNDA2ZTY2MTBmZWIiLCJ3b3JrRW1haWwiOiJoci5oci5ockBleGFtcGxlLmNvbSIsInJvbGVzIjpbIkhSIE1hbmFnZXIiXSwicGVybWlzc2lvbnMiOltdLCJwcmltYXJ5RGVwYXJ0bWVudElkIjoiNjc1MWZlNTFkM2EzOGE5NTBiYTQwYzExIiwiZW1wbG95ZWVOdW1iZXIiOiJFTVAtMTAxOSIsImlhdCI6MTc2NTk4MzE1MCwiZXhwIjoxNzY2MDY5NTUwfQ.DYgSZ17NMHo9rA2TQlnSl4AkyhmW-p_iuemhxSzWiwc'[39m
[2m[WebServer] [22m}
[2m[WebServer] [22m≡ƒöì JWT Extractor - Headers: accessToken=eyJhbGciOiJIUzI1NiIsInR5cCI6IkpXVCJ9.eyJzdWIiOiI2OTI4Y2Y3OWZlOWZmNDA2ZTY2MTBmZWIiLCJ3b3JrRW1haWwiOiJoci5oci5ockBleGFtcGxlLmNvbSIsInJvbGVzIjpbIkhSIE1hbmFnZXIiXSwicGVybWlzc2lvbnMiOltdLCJwcmltYXJ5RGVwYXJ0bWVudElkIjoiNjc1MWZlNTFkM2EzOGE5NTBiYTQwYzExIiwiZW1wbG95ZWVOdW1iZXIiOiJFTVAtMTAxOSIsImlhdCI6MTc2NTk4MzE1MCwiZXhwIjoxNzY2MDY5NTUwfQ.DYgSZ17NMHo9rA2TQlnSl4AkyhmW-p_iuemhxSzWiwc
[2m[WebServer] [22m≡ƒöì JWT Extractor - accessToken: FOUND
[2m[WebServer] [22mJwtStrategy VALIDATE: {
[2m[WebServer] [22m  sub: [32m'6928cf79fe9ff406e6610feb'[39m,
[2m[WebServer] [22m  workEmail: [32m'hr.hr.hr@example.com'[39m,
[2m[WebServer] [22m  roles: [ [32m'HR Manager'[39m ],
[2m[WebServer] [22m  permissions: [],
[2m[WebServer] [22m  primaryDepartmentId: [32m'6751fe51d3a38a950ba40c11'[39m,
[2m[WebServer] [22m  employeeNumber: [32m'EMP-1019'[39m,
[2m[WebServer] [22m  iat: [33m1765983150[39m,
[2m[WebServer] [22m  exp: [33m1766069550[39m
[2m[WebServer] [22m}
[2m[WebServer] [22m≡ƒöÑ JwtAuthGuard: handleRequest() {
[2m[WebServer] [22m  err: [1mnull[22m,
[2m[WebServer] [22m  user: {
[2m[WebServer] [22m    id: [32m'6928cf79fe9ff406e6610feb'[39m,
[2m[WebServer] [22m    workEmail: [32m'hr.hr.hr@example.com'[39m,
[2m[WebServer] [22m    roles: [ [32m'HR Manager'[39m ],
[2m[WebServer] [22m    permissions: [],
[2m[WebServer] [22m    primaryDepartmentId: [32m'6751fe51d3a38a950ba40c11'[39m,
[2m[WebServer] [22m    employeeNumber: [32m'EMP-1019'[39m
[2m[WebServer] [22m  },
[2m[WebServer] [22m  info: [90mundefined[39m
[2m[WebServer] [22m}
[2m[WebServer] [22mΓ£à JwtAuthGuard SUCCESS ΓåÆ user authenticated: 6928cf79fe9ff406e6610feb
[2m[WebServer] [22m≡ƒöÑ RolesGuard running!
[2m[WebServer] [22m
[2m[WebServer] [22m===== ROLE GUARD =====
[2m[WebServer] [22mRequired roles: [
[2m[WebServer] [22m  [32m'department employee'[39m,
[2m[WebServer] [22m  [32m'HR Employee'[39m,
[2m[WebServer] [22m  [32m'department head'[39m,
[2m[WebServer] [22m  [32m'HR Manager'[39m,
[2m[WebServer] [22m  [32m'HR Admin'[39m,
[2m[WebServer] [22m  [32m'System Admin'[39m
[2m[WebServer] [22m]
[2m[WebServer] [22mUser object: {
[2m[WebServer] [22m  id: [32m'6928cf79fe9ff406e6610feb'[39m,
[2m[WebServer] [22m  workEmail: [32m'hr.hr.hr@example.com'[39m,
[2m[WebServer] [22m  roles: [ [32m'HR Manager'[39m ],
[2m[WebServer] [22m  permissions: [],
[2m[WebServer] [22m  primaryDepartmentId: [32m'6751fe51d3a38a950ba40c11'[39m,
[2m[WebServer] [22m  employeeNumber: [32m'EMP-1019'[39m
[2m[WebServer] [22m}
[2m[WebServer] [22mNormalized user roles: [ [32m'hr manager'[39m ]
[2m[WebServer] [22mNormalized required roles: [
[2m[WebServer] [22m  [32m'department employee'[39m,
[2m[WebServer] [22m  [32m'hr employee'[39m,
[2m[WebServer] [22m  [32m'department head'[39m,
[2m[WebServer] [22m  [32m'hr manager'[39m,
[2m[WebServer] [22m  [32m'hr admin'[39m,
[2m[WebServer] [22m  [32m'system admin'[39m
[2m[WebServer] [22m]
[2m[WebServer] [22mHas required role? [33mtrue[39m
[2m[WebServer] [22mΓ£ö ACCESS GRANTED Γ£ö
[2m[WebServer] [22m≡ƒöì [TrackingController] getMyBalances: {
[2m[WebServer] [22m  query: [Object: null prototype] {},
[2m[WebServer] [22m  userId: [32m'6928cf79fe9ff406e6610feb'[39m
[2m[WebServer] [22m}
[2m[WebServer] [22m≡ƒöÑ JwtAuthGuard: canActivate CALLED
[2m[WebServer] [22m≡ƒöì JWT Extractor - All cookies: {
[2m[WebServer] [22m  accessToken: [32m'eyJhbGciOiJIUzI1NiIsInR5cCI6IkpXVCJ9.eyJzdWIiOiI2OTI4Y2Y3OWZlOWZmNDA2ZTY2MTBmZWIiLCJ3b3JrRW1haWwiOiJoci5oci5ockBleGFtcGxlLmNvbSIsInJvbGVzIjpbIkhSIE1hbmFnZXIiXSwicGVybWlzc2lvbnMiOltdLCJwcmltYXJ5RGVwYXJ0bWVudElkIjoiNjc1MWZlNTFkM2EzOGE5NTBiYTQwYzExIiwiZW1wbG95ZWVOdW1iZXIiOiJFTVAtMTAxOSIsImlhdCI6MTc2NTk4MzE1MCwiZXhwIjoxNzY2MDY5NTUwfQ.DYgSZ17NMHo9rA2TQlnSl4AkyhmW-p_iuemhxSzWiwc'[39m
[2m[WebServer] [22m}
[2m[WebServer] [22m≡ƒöì JWT Extractor - Headers: accessToken=eyJhbGciOiJIUzI1NiIsInR5cCI6IkpXVCJ9.eyJzdWIiOiI2OTI4Y2Y3OWZlOWZmNDA2ZTY2MTBmZWIiLCJ3b3JrRW1haWwiOiJoci5oci5ockBleGFtcGxlLmNvbSIsInJvbGVzIjpbIkhSIE1hbmFnZXIiXSwicGVybWlzc2lvbnMiOltdLCJwcmltYXJ5RGVwYXJ0bWVudElkIjoiNjc1MWZlNTFkM2EzOGE5NTBiYTQwYzExIiwiZW1wbG95ZWVOdW1iZXIiOiJFTVAtMTAxOSIsImlhdCI6MTc2NTk4MzE1MCwiZXhwIjoxNzY2MDY5NTUwfQ.DYgSZ17NMHo9rA2TQlnSl4AkyhmW-p_iuemhxSzWiwc
[2m[WebServer] [22m≡ƒöì JWT Extractor - accessToken: FOUND
[2m[WebServer] [22mJwtStrategy VALIDATE: {
[2m[WebServer] [22m  sub: [32m'6928cf79fe9ff406e6610feb'[39m,
[2m[WebServer] [22m  workEmail: [32m'hr.hr.hr@example.com'[39m,
[2m[WebServer] [22m  roles: [ [32m'HR Manager'[39m ],
[2m[WebServer] [22m  permissions: [],
[2m[WebServer] [22m  primaryDepartmentId: [32m'6751fe51d3a38a950ba40c11'[39m,
[2m[WebServer] [22m  employeeNumber: [32m'EMP-1019'[39m,
[2m[WebServer] [22m  iat: [33m1765983150[39m,
[2m[WebServer] [22m  exp: [33m1766069550[39m
[2m[WebServer] [22m}
[2m[WebServer] [22m≡ƒöÑ JwtAuthGuard: handleRequest() {
[2m[WebServer] [22m  err: [1mnull[22m,
[2m[WebServer] [22m  user: {
[2m[WebServer] [22m    id: [32m'6928cf79fe9ff406e6610feb'[39m,
[2m[WebServer] [22m    workEmail: [32m'hr.hr.hr@example.com'[39m,
[2m[WebServer] [22m    roles: [ [32m'HR Manager'[39m ],
[2m[WebServer] [22m    permissions: [],
[2m[WebServer] [22m    primaryDepartmentId: [32m'6751fe51d3a38a950ba40c11'[39m,
[2m[WebServer] [22m    employeeNumber: [32m'EMP-1019'[39m
[2m[WebServer] [22m  },
[2m[WebServer] [22m  info: [90mundefined[39m
[2m[WebServer] [22m}
[2m[WebServer] [22mΓ£à JwtAuthGuard SUCCESS ΓåÆ user authenticated: 6928cf79fe9ff406e6610feb
[2m[WebServer] [22m≡ƒöÑ RolesGuard running!
[2m[WebServer] [22m
[2m[WebServer] [22m===== ROLE GUARD =====
[2m[WebServer] [22mRequired roles: [
[2m[WebServer] [22m  [32m'department employee'[39m,
[2m[WebServer] [22m  [32m'HR Employee'[39m,
[2m[WebServer] [22m  [32m'department head'[39m,
[2m[WebServer] [22m  [32m'HR Manager'[39m,
[2m[WebServer] [22m  [32m'HR Admin'[39m,
[2m[WebServer] [22m  [32m'System Admin'[39m
[2m[WebServer] [22m]
[2m[WebServer] [22mUser object: {
[2m[WebServer] [22m  id: [32m'6928cf79fe9ff406e6610feb'[39m,
[2m[WebServer] [22m  workEmail: [32m'hr.hr.hr@example.com'[39m,
[2m[WebServer] [22m  roles: [ [32m'HR Manager'[39m ],
[2m[WebServer] [22m  permissions: [],
[2m[WebServer] [22m  primaryDepartmentId: [32m'6751fe51d3a38a950ba40c11'[39m,
[2m[WebServer] [22m  employeeNumber: [32m'EMP-1019'[39m
[2m[WebServer] [22m}
[2m[WebServer] [22mNormalized user roles: [ [32m'hr manager'[39m ]
[2m[WebServer] [22mNormalized required roles: [
[2m[WebServer] [22m  [32m'department employee'[39m,
[2m[WebServer] [22m  [32m'hr employee'[39m,
[2m[WebServer] [22m  [32m'department head'[39m,
[2m[WebServer] [22m  [32m'hr manager'[39m,
[2m[WebServer] [22m  [32m'hr admin'[39m,
[2m[WebServer] [22m  [32m'system admin'[39m
[2m[WebServer] [22m]
[2m[WebServer] [22mHas required role? [33mtrue[39m
[2m[WebServer] [22mΓ£ö ACCESS GRANTED Γ£ö
[2m[WebServer] [22m≡ƒöì [TrackingController] getMyHistory: {
[2m[WebServer] [22m  filters: [Object: null prototype] {},
[2m[WebServer] [22m  userId: [32m'6928cf79fe9ff406e6610feb'[39m
[2m[WebServer] [22m}
Γ£à Login successful
≡ƒöó Testing: REQ-004 (Bulk entitlements)
[2m[WebServer] [22m GET /leaves/hr/entitlements [33m404[39m in 39ms[2m (compile: 4ms, render: 34ms)[22m
[2m[WebServer] [22m≡ƒöÑ JwtAuthGuard: canActivate CALLED
[2m[WebServer] [22m≡ƒöì JWT Extractor - All cookies: {
[2m[WebServer] [22m  accessToken: [32m'eyJhbGciOiJIUzI1NiIsInR5cCI6IkpXVCJ9.eyJzdWIiOiI2OTI4Y2Y3OWZlOWZmNDA2ZTY2MTBmZWIiLCJ3b3JrRW1haWwiOiJoci5oci5ockBleGFtcGxlLmNvbSIsInJvbGVzIjpbIkhSIE1hbmFnZXIiXSwicGVybWlzc2lvbnMiOltdLCJwcmltYXJ5RGVwYXJ0bWVudElkIjoiNjc1MWZlNTFkM2EzOGE5NTBiYTQwYzExIiwiZW1wbG95ZWVOdW1iZXIiOiJFTVAtMTAxOSIsImlhdCI6MTc2NTk4MzE1MCwiZXhwIjoxNzY2MDY5NTUwfQ.DYgSZ17NMHo9rA2TQlnSl4AkyhmW-p_iuemhxSzWiwc'[39m
[2m[WebServer] [22m}
[2m[WebServer] [22m≡ƒöì JWT Extractor - Headers: accessToken=eyJhbGciOiJIUzI1NiIsInR5cCI6IkpXVCJ9.eyJzdWIiOiI2OTI4Y2Y3OWZlOWZmNDA2ZTY2MTBmZWIiLCJ3b3JrRW1haWwiOiJoci5oci5ockBleGFtcGxlLmNvbSIsInJvbGVzIjpbIkhSIE1hbmFnZXIiXSwicGVybWlzc2lvbnMiOltdLCJwcmltYXJ5RGVwYXJ0bWVudElkIjoiNjc1MWZlNTFkM2EzOGE5NTBiYTQwYzExIiwiZW1wbG95ZWVOdW1iZXIiOiJFTVAtMTAxOSIsImlhdCI6MTc2NTk4MzE1MCwiZXhwIjoxNzY2MDY5NTUwfQ.DYgSZ17NMHo9rA2TQlnSl4AkyhmW-p_iuemhxSzWiwc
[2m[WebServer] [22m≡ƒöì JWT Extractor - accessToken: FOUND
[2m[WebServer] [22mJwtStrategy VALIDATE: {
[2m[WebServer] [22m  sub: [32m'6928cf79fe9ff406e6610feb'[39m,
[2m[WebServer] [22m  workEmail: [32m'hr.hr.hr@example.com'[39m,
[2m[WebServer] [22m  roles: [ [32m'HR Manager'[39m ],
[2m[WebServer] [22m  permissions: [],
[2m[WebServer] [22m  primaryDepartmentId: [32m'6751fe51d3a38a950ba40c11'[39m,
[2m[WebServer] [22m  employeeNumber: [32m'EMP-1019'[39m,
[2m[WebServer] [22m  iat: [33m1765983150[39m,
[2m[WebServer] [22m  exp: [33m1766069550[39m
[2m[WebServer] [22m}
[2m[WebServer] [22m≡ƒöÑ JwtAuthGuard: handleRequest() {
[2m[WebServer] [22m  err: [1mnull[22m,
[2m[WebServer] [22m  user: {
[2m[WebServer] [22m    id: [32m'6928cf79fe9ff406e6610feb'[39m,
[2m[WebServer] [22m    workEmail: [32m'hr.hr.hr@example.com'[39m,
[2m[WebServer] [22m    roles: [ [32m'HR Manager'[39m ],
[2m[WebServer] [22m    permissions: [],
[2m[WebServer] [22m    primaryDepartmentId: [32m'6751fe51d3a38a950ba40c11'[39m,
[2m[WebServer] [22m    employeeNumber: [32m'EMP-1019'[39m
[2m[WebServer] [22m  },
[2m[WebServer] [22m  info: [90mundefined[39m
[2m[WebServer] [22m}
[2m[WebServer] [22mΓ£à JwtAuthGuard SUCCESS ΓåÆ user authenticated: 6928cf79fe9ff406e6610feb
ΓÜá∩╕Å /leaves/hr/entitlements returned 404, trying /leaves
[2m[WebServer] [22m GET /leaves [32m200[39m in 46ms[2m (compile: 3ms, render: 44ms)[22m
[2m[WebServer] [22m≡ƒöÑ JwtAuthGuard: canActivate CALLED
[2m[WebServer] [22m≡ƒöì JWT Extractor - All cookies: {
[2m[WebServer] [22m  accessToken: [32m'eyJhbGciOiJIUzI1NiIsInR5cCI6IkpXVCJ9.eyJzdWIiOiI2OTI4Y2Y3OWZlOWZmNDA2ZTY2MTBmZWIiLCJ3b3JrRW1haWwiOiJoci5oci5ockBleGFtcGxlLmNvbSIsInJvbGVzIjpbIkhSIE1hbmFnZXIiXSwicGVybWlzc2lvbnMiOltdLCJwcmltYXJ5RGVwYXJ0bWVudElkIjoiNjc1MWZlNTFkM2EzOGE5NTBiYTQwYzExIiwiZW1wbG95ZWVOdW1iZXIiOiJFTVAtMTAxOSIsImlhdCI6MTc2NTk4MzE1MCwiZXhwIjoxNzY2MDY5NTUwfQ.DYgSZ17NMHo9rA2TQlnSl4AkyhmW-p_iuemhxSzWiwc'[39m
[2m[WebServer] [22m}
[2m[WebServer] [22m≡ƒöì JWT Extractor - Headers: accessToken=eyJhbGciOiJIUzI1NiIsInR5cCI6IkpXVCJ9.eyJzdWIiOiI2OTI4Y2Y3OWZlOWZmNDA2ZTY2MTBmZWIiLCJ3b3JrRW1haWwiOiJoci5oci5ockBleGFtcGxlLmNvbSIsInJvbGVzIjpbIkhSIE1hbmFnZXIiXSwicGVybWlzc2lvbnMiOltdLCJwcmltYXJ5RGVwYXJ0bWVudElkIjoiNjc1MWZlNTFkM2EzOGE5NTBiYTQwYzExIiwiZW1wbG95ZWVOdW1iZXIiOiJFTVAtMTAxOSIsImlhdCI6MTc2NTk4MzE1MCwiZXhwIjoxNzY2MDY5NTUwfQ.DYgSZ17NMHo9rA2TQlnSl4AkyhmW-p_iuemhxSzWiwc
[2m[WebServer] [22m≡ƒöì JWT Extractor - accessToken: FOUND
[2m[WebServer] [22mJwtStrategy VALIDATE: {
[2m[WebServer] [22m  sub: [32m'6928cf79fe9ff406e6610feb'[39m,
[2m[WebServer] [22m  workEmail: [32m'hr.hr.hr@example.com'[39m,
[2m[WebServer] [22m  roles: [ [32m'HR Manager'[39m ],
[2m[WebServer] [22m  permissions: [],
[2m[WebServer] [22m  primaryDepartmentId: [32m'6751fe51d3a38a950ba40c11'[39m,
[2m[WebServer] [22m  employeeNumber: [32m'EMP-1019'[39m,
[2m[WebServer] [22m  iat: [33m1765983150[39m,
[2m[WebServer] [22m  exp: [33m1766069550[39m
[2m[WebServer] [22m}
[2m[WebServer] [22m≡ƒöÑ JwtAuthGuard: handleRequest() {
[2m[WebServer] [22m  err: [1mnull[22m,
[2m[WebServer] [22m  user: {
[2m[WebServer] [22m    id: [32m'6928cf79fe9ff406e6610feb'[39m,
[2m[WebServer] [22m    workEmail: [32m'hr.hr.hr@example.com'[39m,
[2m[WebServer] [22m    roles: [ [32m'HR Manager'[39m ],
[2m[WebServer] [22m    permissions: [],
[2m[WebServer] [22m    primaryDepartmentId: [32m'6751fe51d3a38a950ba40c11'[39m,
[2m[WebServer] [22m    employeeNumber: [32m'EMP-1019'[39m
[2m[WebServer] [22m  },
[2m[WebServer] [22m  info: [90mundefined[39m
[2m[WebServer] [22m}
[2m[WebServer] [22mΓ£à JwtAuthGuard SUCCESS ΓåÆ user authenticated: 6928cf79fe9ff406e6610feb
[2m[WebServer] [22m≡ƒöÑ JwtAuthGuard: canActivate CALLED
[2m[WebServer] [22m≡ƒöì JWT Extractor - All cookies: {
[2m[WebServer] [22m  accessToken: [32m'eyJhbGciOiJIUzI1NiIsInR5cCI6IkpXVCJ9.eyJzdWIiOiI2OTI4Y2Y3OWZlOWZmNDA2ZTY2MTBmZWIiLCJ3b3JrRW1haWwiOiJoci5oci5ockBleGFtcGxlLmNvbSIsInJvbGVzIjpbIkhSIE1hbmFnZXIiXSwicGVybWlzc2lvbnMiOltdLCJwcmltYXJ5RGVwYXJ0bWVudElkIjoiNjc1MWZlNTFkM2EzOGE5NTBiYTQwYzExIiwiZW1wbG95ZWVOdW1iZXIiOiJFTVAtMTAxOSIsImlhdCI6MTc2NTk4MzE1MCwiZXhwIjoxNzY2MDY5NTUwfQ.DYgSZ17NMHo9rA2TQlnSl4AkyhmW-p_iuemhxSzWiwc'[39m
[2m[WebServer] [22m}
[2m[WebServer] [22m≡ƒöì JWT Extractor - Headers: accessToken=eyJhbGciOiJIUzI1NiIsInR5cCI6IkpXVCJ9.eyJzdWIiOiI2OTI4Y2Y3OWZlOWZmNDA2ZTY2MTBmZWIiLCJ3b3JrRW1haWwiOiJoci5oci5ockBleGFtcGxlLmNvbSIsInJvbGVzIjpbIkhSIE1hbmFnZXIiXSwicGVybWlzc2lvbnMiOltdLCJwcmltYXJ5RGVwYXJ0bWVudElkIjoiNjc1MWZlNTFkM2EzOGE5NTBiYTQwYzExIiwiZW1wbG95ZWVOdW1iZXIiOiJFTVAtMTAxOSIsImlhdCI6MTc2NTk4MzE1MCwiZXhwIjoxNzY2MDY5NTUwfQ.DYgSZ17NMHo9rA2TQlnSl4AkyhmW-p_iuemhxSzWiwc
[2m[WebServer] [22m≡ƒöì JWT Extractor - accessToken: FOUND
[2m[WebServer] [22mJwtStrategy VALIDATE: {
[2m[WebServer] [22m  sub: [32m'6928cf79fe9ff406e6610feb'[39m,
[2m[WebServer] [22m  workEmail: [32m'hr.hr.hr@example.com'[39m,
[2m[WebServer] [22m  roles: [ [32m'HR Manager'[39m ],
[2m[WebServer] [22m  permissions: [],
[2m[WebServer] [22m  primaryDepartmentId: [32m'6751fe51d3a38a950ba40c11'[39m,
[2m[WebServer] [22m  employeeNumber: [32m'EMP-1019'[39m,
[2m[WebServer] [22m  iat: [33m1765983150[39m,
[2m[WebServer] [22m  exp: [33m1766069550[39m
[2m[WebServer] [22m}
[2m[WebServer] [22m≡ƒöÑ JwtAuthGuard: handleRequest() {
[2m[WebServer] [22m  err: [1mnull[22m,
[2m[WebServer] [22m  user: {
[2m[WebServer] [22m    id: [32m'6928cf79fe9ff406e6610feb'[39m,
[2m[WebServer] [22m    workEmail: [32m'hr.hr.hr@example.com'[39m,
[2m[WebServer] [22m    roles: [ [32m'HR Manager'[39m ],
[2m[WebServer] [22m    permissions: [],
[2m[WebServer] [22m    primaryDepartmentId: [32m'6751fe51d3a38a950ba40c11'[39m,
[2m[WebServer] [22m    employeeNumber: [32m'EMP-1019'[39m
[2m[WebServer] [22m  },
[2m[WebServer] [22m  info: [90mundefined[39m
[2m[WebServer] [22m}
[2m[WebServer] [22mΓ£à JwtAuthGuard SUCCESS ΓåÆ user authenticated: 6928cf79fe9ff406e6610feb
[2m[WebServer] [22m≡ƒöÑ RolesGuard running!
[2m[WebServer] [22m
[2m[WebServer] [22m===== ROLE GUARD =====
[2m[WebServer] [22mRequired roles: [
[2m[WebServer] [22m  [32m'department employee'[39m,
[2m[WebServer] [22m  [32m'HR Employee'[39m,
[2m[WebServer] [22m  [32m'department head'[39m,
[2m[WebServer] [22m  [32m'HR Manager'[39m,
[2m[WebServer] [22m  [32m'HR Admin'[39m,
[2m[WebServer] [22m  [32m'System Admin'[39m
[2m[WebServer] [22m]
[2m[WebServer] [22mUser object: {
[2m[WebServer] [22m  id: [32m'6928cf79fe9ff406e6610feb'[39m,
[2m[WebServer] [22m  workEmail: [32m'hr.hr.hr@example.com'[39m,
[2m[WebServer] [22m  roles: [ [32m'HR Manager'[39m ],
[2m[WebServer] [22m  permissions: [],
[2m[WebServer] [22m  primaryDepartmentId: [32m'6751fe51d3a38a950ba40c11'[39m,
[2m[WebServer] [22m  employeeNumber: [32m'EMP-1019'[39m
[2m[WebServer] [22m}
[2m[WebServer] [22mNormalized user roles: [ [32m'hr manager'[39m ]
[2m[WebServer] [22mNormalized required roles: [
[2m[WebServer] [22m  [32m'department employee'[39m,
[2m[WebServer] [22m  [32m'hr employee'[39m,
[2m[WebServer] [22m  [32m'department head'[39m,
[2m[WebServer] [22m  [32m'hr manager'[39m,
[2m[WebServer] [22m  [32m'hr admin'[39m,
[2m[WebServer] [22m  [32m'system admin'[39m
[2m[WebServer] [22m]
[2m[WebServer] [22mHas required role? [33mtrue[39m
[2m[WebServer] [22mΓ£ö ACCESS GRANTED Γ£ö
[2m[WebServer] [22m≡ƒöì [TrackingController] getMyBalances: {
[2m[WebServer] [22m  query: [Object: null prototype] {},
[2m[WebServer] [22m  userId: [32m'6928cf79fe9ff406e6610feb'[39m
[2m[WebServer] [22m}
[2m[WebServer] [22m≡ƒöÑ JwtAuthGuard: canActivate CALLED
[2m[WebServer] [22m≡ƒöì JWT Extractor - All cookies: {
[2m[WebServer] [22m  accessToken: [32m'eyJhbGciOiJIUzI1NiIsInR5cCI6IkpXVCJ9.eyJzdWIiOiI2OTI4Y2Y3OWZlOWZmNDA2ZTY2MTBmZWIiLCJ3b3JrRW1haWwiOiJoci5oci5ockBleGFtcGxlLmNvbSIsInJvbGVzIjpbIkhSIE1hbmFnZXIiXSwicGVybWlzc2lvbnMiOltdLCJwcmltYXJ5RGVwYXJ0bWVudElkIjoiNjc1MWZlNTFkM2EzOGE5NTBiYTQwYzExIiwiZW1wbG95ZWVOdW1iZXIiOiJFTVAtMTAxOSIsImlhdCI6MTc2NTk4MzE1MCwiZXhwIjoxNzY2MDY5NTUwfQ.DYgSZ17NMHo9rA2TQlnSl4AkyhmW-p_iuemhxSzWiwc'[39m
[2m[WebServer] [22m}
[2m[WebServer] [22m≡ƒöì JWT Extractor - Headers: accessToken=eyJhbGciOiJIUzI1NiIsInR5cCI6IkpXVCJ9.eyJzdWIiOiI2OTI4Y2Y3OWZlOWZmNDA2ZTY2MTBmZWIiLCJ3b3JrRW1haWwiOiJoci5oci5ockBleGFtcGxlLmNvbSIsInJvbGVzIjpbIkhSIE1hbmFnZXIiXSwicGVybWlzc2lvbnMiOltdLCJwcmltYXJ5RGVwYXJ0bWVudElkIjoiNjc1MWZlNTFkM2EzOGE5NTBiYTQwYzExIiwiZW1wbG95ZWVOdW1iZXIiOiJFTVAtMTAxOSIsImlhdCI6MTc2NTk4MzE1MCwiZXhwIjoxNzY2MDY5NTUwfQ.DYgSZ17NMHo9rA2TQlnSl4AkyhmW-p_iuemhxSzWiwc
[2m[WebServer] [22m≡ƒöì JWT Extractor - accessToken: FOUND
[2m[WebServer] [22mJwtStrategy VALIDATE: {
[2m[WebServer] [22m  sub: [32m'6928cf79fe9ff406e6610feb'[39m,
[2m[WebServer] [22m  workEmail: [32m'hr.hr.hr@example.com'[39m,
[2m[WebServer] [22m  roles: [ [32m'HR Manager'[39m ],
[2m[WebServer] [22m  permissions: [],
[2m[WebServer] [22m  primaryDepartmentId: [32m'6751fe51d3a38a950ba40c11'[39m,
[2m[WebServer] [22m  employeeNumber: [32m'EMP-1019'[39m,
[2m[WebServer] [22m  iat: [33m1765983150[39m,
[2m[WebServer] [22m  exp: [33m1766069550[39m
[2m[WebServer] [22m}
[2m[WebServer] [22m≡ƒöÑ JwtAuthGuard: handleRequest() {
[2m[WebServer] [22m  err: [1mnull[22m,
[2m[WebServer] [22m  user: {
[2m[WebServer] [22m    id: [32m'6928cf79fe9ff406e6610feb'[39m,
[2m[WebServer] [22m    workEmail: [32m'hr.hr.hr@example.com'[39m,
[2m[WebServer] [22m    roles: [ [32m'HR Manager'[39m ],
[2m[WebServer] [22m    permissions: [],
[2m[WebServer] [22m    primaryDepartmentId: [32m'6751fe51d3a38a950ba40c11'[39m,
[2m[WebServer] [22m    employeeNumber: [32m'EMP-1019'[39m
[2m[WebServer] [22m  },
[2m[WebServer] [22m  info: [90mundefined[39m
[2m[WebServer] [22m}
[2m[WebServer] [22mΓ£à JwtAuthGuard SUCCESS ΓåÆ user authenticated: 6928cf79fe9ff406e6610feb
[2m[WebServer] [22m≡ƒöÑ RolesGuard running!
[2m[WebServer] [22m
[2m[WebServer] [22m===== ROLE GUARD =====
[2m[WebServer] [22mRequired roles: [
[2m[WebServer] [22m  [32m'department employee'[39m,
[2m[WebServer] [22m  [32m'HR Employee'[39m,
[2m[WebServer] [22m  [32m'department head'[39m,
[2m[WebServer] [22m  [32m'HR Manager'[39m,
[2m[WebServer] [22m  [32m'HR Admin'[39m,
[2m[WebServer] [22m  [32m'System Admin'[39m
[2m[WebServer] [22m]
[2m[WebServer] [22mUser object: {
[2m[WebServer] [22m  id: [32m'6928cf79fe9ff406e6610feb'[39m,
[2m[WebServer] [22m  workEmail: [32m'hr.hr.hr@example.com'[39m,
[2m[WebServer] [22m  roles: [ [32m'HR Manager'[39m ],
[2m[WebServer] [22m  permissions: [],
[2m[WebServer] [22m  primaryDepartmentId: [32m'6751fe51d3a38a950ba40c11'[39m,
[2m[WebServer] [22m  employeeNumber: [32m'EMP-1019'[39m
[2m[WebServer] [22m}
[2m[WebServer] [22mNormalized user roles: [ [32m'hr manager'[39m ]
[2m[WebServer] [22mNormalized required roles: [
[2m[WebServer] [22m  [32m'department employee'[39m,
[2m[WebServer] [22m  [32m'hr employee'[39m,
[2m[WebServer] [22m  [32m'department head'[39m,
[2m[WebServer] [22m  [32m'hr manager'[39m,
[2m[WebServer] [22m  [32m'hr admin'[39m,
[2m[WebServer] [22m  [32m'system admin'[39m
[2m[WebServer] [22m]
[2m[WebServer] [22mHas required role? [33mtrue[39m
[2m[WebServer] [22mΓ£ö ACCESS GRANTED Γ£ö
[2m[WebServer] [22m≡ƒöì [TrackingController] getMyHistory: {
[2m[WebServer] [22m  filters: [Object: null prototype] {},
[2m[WebServer] [22m  userId: [32m'6928cf79fe9ff406e6610feb'[39m
[2m[WebServer] [22m}
Γ£à Bulk entitlements accessible - REQ-004 validated
  Γ£ô  35 [chromium] ΓÇ║ leave-tests.spec.ts:544:7 ΓÇ║ ≡ƒæö HR MANAGER (EMP-1019) - System-Wide Management ΓÇ║ Γ£à L2: Bulk entitlement assignment (REQ-004) (9.8s)
≡ƒöÉ Logging in as: hr.hr.hr@example.com
[2m[WebServer] [22m GET /login [32m200[39m in 58ms[2m (compile: 3ms, render: 55ms)[22m
[2m[WebServer] [22m≡ƒöÑ JwtAuthGuard: canActivate CALLED
[2m[WebServer] [22m≡ƒöì JWT Extractor - All cookies: [Object: null prototype] {}
[2m[WebServer] [22m≡ƒöì JWT Extractor - Headers: [90mundefined[39m
[2m[WebServer] [22m≡ƒöì JWT Extractor - accessToken: NOT FOUND
[2m[WebServer] [22m≡ƒöÑ JwtAuthGuard: handleRequest() {
[2m[WebServer] [22m  err: [1mnull[22m,
[2m[WebServer] [22m  user: [33mfalse[39m,
[2m[WebServer] [22m  info: Error: No auth token
[2m[WebServer] [22m      at JwtStrategy.authenticate [90m(C:\Users\Bedon\Desktop\semester-5-software-project\backend\[39mnode_modules\[4mpassport-jwt[24m\lib\strategy.js:96:26[90m)[39m
[2m[WebServer] [22m      at attempt [90m(C:\Users\Bedon\Desktop\semester-5-software-project\backend\[39mnode_modules\[4mpassport[24m\lib\middleware\authenticate.js:378:16[90m)[39m
[2m[WebServer] [22m      at authenticate [90m(C:\Users\Bedon\Desktop\semester-5-software-project\backend\[39mnode_modules\[4mpassport[24m\lib\middleware\authenticate.js:379:7[90m)[39m
[2m[WebServer] [22m      at [90mC:\Users\Bedon\Desktop\semester-5-software-project\backend\[39mnode_modules\[4m@nestjs[24m\passport\dist\auth.guard.js:88:3
[2m[WebServer] [22m      at new Promise (<anonymous>)
[2m[WebServer] [22m      at [90mC:\Users\Bedon\Desktop\semester-5-software-project\backend\[39mnode_modules\[4m@nestjs[24m\passport\dist\auth.guard.js:80:83
[2m[WebServer] [22m      at JwtAuthGuard.canActivate [90m(C:\Users\Bedon\Desktop\semester-5-software-project\backend\[39mnode_modules\[4m@nestjs[24m\passport\dist\auth.guard.js:44:32[90m)[39m
[2m[WebServer] [22m  [90m    at process.processTicksAndRejections (node:internal/process/task_queues:105:5)[39m
[2m[WebServer] [22m}
[2m[WebServer] [22mΓ¥î JwtAuthGuard INFO: Error: No auth token
[2m[WebServer] [22m    at JwtStrategy.authenticate 
[90m(C:\Users\Bedon\Desktop\semester-5-software-project\backend\[39mnode_modules\[4mpassport-jwt[24m\lib\strategy.js:96:26[90m)[39m
[2m[WebServer] [22m    at attempt [90m(C:\Users\Bedon\Desktop\semester-5-software-project\backend\[39mnode_modules\[4mpassport[24m\lib\mi
ddleware\authenticate.js:378:16[90m)[39m
[2m[WebServer] [22m    at authenticate [90m(C:\Users\Bedon\Desktop\semester-5-software-project\backend\[39mnode_modules\[4mpassport[24m\l
ib\middleware\authenticate.js:379:7[90m)[39m
[2m[WebServer] [22m    at 
[90mC:\Users\Bedon\Desktop\semester-5-software-project\backend\[39mnode_modules\[4m@nestjs[24m\passport\dist\auth.guard.js:88:3
[2m[WebServer] [22m    at new Promise (<anonymous>)
[2m[WebServer] [22m    at 
[90mC:\Users\Bedon\Desktop\semester-5-software-project\backend\[39mnode_modules\[4m@nestjs[24m\passport\dist\auth.guard.js:80:83
[2m[WebServer] [22m    at JwtAuthGuard.canActivate [90m(C:\Users\Bedon\Desktop\semester-5-software-project\backend\[39mnode_modules\[4m@ne
stjs[24m\passport\dist\auth.guard.js:44:32[90m)[39m
[2m[WebServer] [22m[90m    at process.processTicksAndRejections (node:internal/process/task_queues:105:5)[39m
[2m[WebServer] [22mΓ¥î JwtAuthGuard FAILING ΓåÆ No auth token
[2m[WebServer] [22mVALIDATE EMPLOYEE - systemRole = {
[2m[WebServer] [22m  _id: new ObjectId([32m'6928cf79fe9ff406e6610fed'[39m),
[2m[WebServer] [22m  employeeProfileId: new ObjectId([32m'6928cf79fe9ff406e6610feb'[39m),
[2m[WebServer] [22m  roles: [ [32m'HR Manager'[39m ],
[2m[WebServer] [22m  permissions: [],
[2m[WebServer] [22m  isActive: [33mtrue[39m,
[2m[WebServer] [22m  createdAt: [35m2025-11-27T22:23:53.913Z[39m,
[2m[WebServer] [22m  updatedAt: [35m2025-11-27T22:23:53.913Z[39m,
[2m[WebServer] [22m  __v: [33m0[39m
[2m[WebServer] [22m}
[2m[WebServer] [22mGenerated token: eyJhbGciOiJIUzI1NiIsInR5cCI6IkpXVCJ9.eyJzdWIiOiI2OTI4Y2Y3OWZlOWZmNDA2ZTY2MTBmZWIiLCJ3b3JrRW1haWwiOiJoci5oci5ockBleGFtcGxlLmNvbSIsInJvbGVzIjpbIkhSIE1hbmFnZXIiXSwicGVybWlzc2lvbnMiOltdLCJwcmltYXJ5RGVwYXJ0bWVudElkIjoiNjc1MWZlNTFkM2EzOGE5NTBiYTQwYzExIiwiZW1wbG95ZWVOdW1iZXIiOiJFTVAtMTAxOSIsImlhdCI6MTc2NTk4MzE1OSwiZXhwIjoxNzY2MDY5NTU5fQ.wqnN-iQ_Sq8u92GFDf_XIyRUQ96nkJvMlxniGbH4p-Q
[2m[WebServer] [22m GET /leaves [32m200[39m in 17ms[2m (compile: 3ms, render: 15ms)[22m
[2m[WebServer] [22m≡ƒöÑ JwtAuthGuard: canActivate CALLED
[2m[WebServer] [22m≡ƒöì JWT Extractor - All cookies: {
[2m[WebServer] [22m  accessToken: [32m'eyJhbGciOiJIUzI1NiIsInR5cCI6IkpXVCJ9.eyJzdWIiOiI2OTI4Y2Y3OWZlOWZmNDA2ZTY2MTBmZWIiLCJ3b3JrRW1haWwiOiJoci5oci5ockBleGFtcGxlLmNvbSIsInJvbGVzIjpbIkhSIE1hbmFnZXIiXSwicGVybWlzc2lvbnMiOltdLCJwcmltYXJ5RGVwYXJ0bWVudElkIjoiNjc1MWZlNTFkM2EzOGE5NTBiYTQwYzExIiwiZW1wbG95ZWVOdW1iZXIiOiJFTVAtMTAxOSIsImlhdCI6MTc2NTk4MzE1OSwiZXhwIjoxNzY2MDY5NTU5fQ.wqnN-iQ_Sq8u92GFDf_XIyRUQ96nkJvMlxniGbH4p-Q'[39m
[2m[WebServer] [22m}
[2m[WebServer] [22m≡ƒöì JWT Extractor - Headers: accessToken=eyJhbGciOiJIUzI1NiIsInR5cCI6IkpXVCJ9.eyJzdWIiOiI2OTI4Y2Y3OWZlOWZmNDA2ZTY2MTBmZWIiLCJ3b3JrRW1haWwiOiJoci5oci5ockBleGFtcGxlLmNvbSIsInJvbGVzIjpbIkhSIE1hbmFnZXIiXSwicGVybWlzc2lvbnMiOltdLCJwcmltYXJ5RGVwYXJ0bWVudElkIjoiNjc1MWZlNTFkM2EzOGE5NTBiYTQwYzExIiwiZW1wbG95ZWVOdW1iZXIiOiJFTVAtMTAxOSIsImlhdCI6MTc2NTk4MzE1OSwiZXhwIjoxNzY2MDY5NTU5fQ.wqnN-iQ_Sq8u92GFDf_XIyRUQ96nkJvMlxniGbH4p-Q
[2m[WebServer] [22m≡ƒöì JWT Extractor - accessToken: FOUND
[2m[WebServer] [22mJwtStrategy VALIDATE: {
[2m[WebServer] [22m  sub: [32m'6928cf79fe9ff406e6610feb'[39m,
[2m[WebServer] [22m  workEmail: [32m'hr.hr.hr@example.com'[39m,
[2m[WebServer] [22m  roles: [ [32m'HR Manager'[39m ],
[2m[WebServer] [22m  permissions: [],
[2m[WebServer] [22m  primaryDepartmentId: [32m'6751fe51d3a38a950ba40c11'[39m,
[2m[WebServer] [22m  employeeNumber: [32m'EMP-1019'[39m,
[2m[WebServer] [22m  iat: [33m1765983159[39m,
[2m[WebServer] [22m  exp: [33m1766069559[39m
[2m[WebServer] [22m}
[2m[WebServer] [22m≡ƒöÑ JwtAuthGuard: handleRequest() {
[2m[WebServer] [22m  err: [1mnull[22m,
[2m[WebServer] [22m  user: {
[2m[WebServer] [22m    id: [32m'6928cf79fe9ff406e6610feb'[39m,
[2m[WebServer] [22m    workEmail: [32m'hr.hr.hr@example.com'[39m,
[2m[WebServer] [22m    roles: [ [32m'HR Manager'[39m ],
[2m[WebServer] [22m    permissions: [],
[2m[WebServer] [22m    primaryDepartmentId: [32m'6751fe51d3a38a950ba40c11'[39m,
[2m[WebServer] [22m    employeeNumber: [32m'EMP-1019'[39m
[2m[WebServer] [22m  },
[2m[WebServer] [22m  info: [90mundefined[39m
[2m[WebServer] [22m}
[2m[WebServer] [22mΓ£à JwtAuthGuard SUCCESS ΓåÆ user authenticated: 6928cf79fe9ff406e6610feb
[2m[WebServer] [22m≡ƒöÑ RolesGuard running!
[2m[WebServer] [22m
[2m[WebServer] [22m===== ROLE GUARD =====
[2m[WebServer] [22mRequired roles: [
[2m[WebServer] [22m  [32m'department employee'[39m,
[2m[WebServer] [22m  [32m'HR Employee'[39m,
[2m[WebServer] [22m  [32m'department head'[39m,
[2m[WebServer] [22m  [32m'HR Manager'[39m,
[2m[WebServer] [22m  [32m'HR Admin'[39m,
[2m[WebServer] [22m  [32m'System Admin'[39m
[2m[WebServer] [22m]
[2m[WebServer] [22mUser object: {
[2m[WebServer] [22m  id: [32m'6928cf79fe9ff406e6610feb'[39m,
[2m[WebServer] [22m  workEmail: [32m'hr.hr.hr@example.com'[39m,
[2m[WebServer] [22m  roles: [ [32m'HR Manager'[39m ],
[2m[WebServer] [22m  permissions: [],
[2m[WebServer] [22m  primaryDepartmentId: [32m'6751fe51d3a38a950ba40c11'[39m,
[2m[WebServer] [22m  employeeNumber: [32m'EMP-1019'[39m
[2m[WebServer] [22m}
[2m[WebServer] [22mNormalized user roles: [ [32m'hr manager'[39m ]
[2m[WebServer] [22mNormalized required roles: [
[2m[WebServer] [22m  [32m'department employee'[39m,
[2m[WebServer] [22m  [32m'hr employee'[39m,
[2m[WebServer] [22m  [32m'department head'[39m,
[2m[WebServer] [22m  [32m'hr manager'[39m,
[2m[WebServer] [22m  [32m'hr admin'[39m,
[2m[WebServer] [22m  [32m'system admin'[39m
[2m[WebServer] [22m]
[2m[WebServer] [22mHas required role? [33mtrue[39m
[2m[WebServer] [22mΓ£ö ACCESS GRANTED Γ£ö
[2m[WebServer] [22m≡ƒöì [TrackingController] getMyBalances: {
[2m[WebServer] [22m  query: [Object: null prototype] {},
[2m[WebServer] [22m  userId: [32m'6928cf79fe9ff406e6610feb'[39m
[2m[WebServer] [22m}
[2m[WebServer] [22m≡ƒöÑ JwtAuthGuard: canActivate CALLED
[2m[WebServer] [22m≡ƒöì JWT Extractor - All cookies: {
[2m[WebServer] [22m  accessToken: [32m'eyJhbGciOiJIUzI1NiIsInR5cCI6IkpXVCJ9.eyJzdWIiOiI2OTI4Y2Y3OWZlOWZmNDA2ZTY2MTBmZWIiLCJ3b3JrRW1haWwiOiJoci5oci5ockBleGFtcGxlLmNvbSIsInJvbGVzIjpbIkhSIE1hbmFnZXIiXSwicGVybWlzc2lvbnMiOltdLCJwcmltYXJ5RGVwYXJ0bWVudElkIjoiNjc1MWZlNTFkM2EzOGE5NTBiYTQwYzExIiwiZW1wbG95ZWVOdW1iZXIiOiJFTVAtMTAxOSIsImlhdCI6MTc2NTk4MzE1OSwiZXhwIjoxNzY2MDY5NTU5fQ.wqnN-iQ_Sq8u92GFDf_XIyRUQ96nkJvMlxniGbH4p-Q'[39m
[2m[WebServer] [22m}
[2m[WebServer] [22m≡ƒöì JWT Extractor - Headers: accessToken=eyJhbGciOiJIUzI1NiIsInR5cCI6IkpXVCJ9.eyJzdWIiOiI2OTI4Y2Y3OWZlOWZmNDA2ZTY2MTBmZWIiLCJ3b3JrRW1haWwiOiJoci5oci5ockBleGFtcGxlLmNvbSIsInJvbGVzIjpbIkhSIE1hbmFnZXIiXSwicGVybWlzc2lvbnMiOltdLCJwcmltYXJ5RGVwYXJ0bWVudElkIjoiNjc1MWZlNTFkM2EzOGE5NTBiYTQwYzExIiwiZW1wbG95ZWVOdW1iZXIiOiJFTVAtMTAxOSIsImlhdCI6MTc2NTk4MzE1OSwiZXhwIjoxNzY2MDY5NTU5fQ.wqnN-iQ_Sq8u92GFDf_XIyRUQ96nkJvMlxniGbH4p-Q
[2m[WebServer] [22m≡ƒöì JWT Extractor - accessToken: FOUND
[2m[WebServer] [22mJwtStrategy VALIDATE: {
[2m[WebServer] [22m  sub: [32m'6928cf79fe9ff406e6610feb'[39m,
[2m[WebServer] [22m  workEmail: [32m'hr.hr.hr@example.com'[39m,
[2m[WebServer] [22m  roles: [ [32m'HR Manager'[39m ],
[2m[WebServer] [22m  permissions: [],
[2m[WebServer] [22m  primaryDepartmentId: [32m'6751fe51d3a38a950ba40c11'[39m,
[2m[WebServer] [22m  employeeNumber: [32m'EMP-1019'[39m,
[2m[WebServer] [22m  iat: [33m1765983159[39m,
[2m[WebServer] [22m  exp: [33m1766069559[39m
[2m[WebServer] [22m}
[2m[WebServer] [22m≡ƒöÑ JwtAuthGuard: handleRequest() {
[2m[WebServer] [22m  err: [1mnull[22m,
[2m[WebServer] [22m  user: {
[2m[WebServer] [22m    id: [32m'6928cf79fe9ff406e6610feb'[39m,
[2m[WebServer] [22m    workEmail: [32m'hr.hr.hr@example.com'[39m,
[2m[WebServer] [22m    roles: [ [32m'HR Manager'[39m ],
[2m[WebServer] [22m    permissions: [],
[2m[WebServer] [22m    primaryDepartmentId: [32m'6751fe51d3a38a950ba40c11'[39m,
[2m[WebServer] [22m    employeeNumber: [32m'EMP-1019'[39m
[2m[WebServer] [22m  },
[2m[WebServer] [22m  info: [90mundefined[39m
[2m[WebServer] [22m}
[2m[WebServer] [22mΓ£à JwtAuthGuard SUCCESS ΓåÆ user authenticated: 6928cf79fe9ff406e6610feb
[2m[WebServer] [22m≡ƒöÑ RolesGuard running!
[2m[WebServer] [22m
[2m[WebServer] [22m===== ROLE GUARD =====
[2m[WebServer] [22mRequired roles: [
[2m[WebServer] [22m  [32m'department employee'[39m,
[2m[WebServer] [22m  [32m'HR Employee'[39m,
[2m[WebServer] [22m  [32m'department head'[39m,
[2m[WebServer] [22m  [32m'HR Manager'[39m,
[2m[WebServer] [22m  [32m'HR Admin'[39m,
[2m[WebServer] [22m  [32m'System Admin'[39m
[2m[WebServer] [22m]
[2m[WebServer] [22mUser object: {
[2m[WebServer] [22m  id: [32m'6928cf79fe9ff406e6610feb'[39m,
[2m[WebServer] [22m  workEmail: [32m'hr.hr.hr@example.com'[39m,
[2m[WebServer] [22m  roles: [ [32m'HR Manager'[39m ],
[2m[WebServer] [22m  permissions: [],
[2m[WebServer] [22m  primaryDepartmentId: [32m'6751fe51d3a38a950ba40c11'[39m,
[2m[WebServer] [22m  employeeNumber: [32m'EMP-1019'[39m
[2m[WebServer] [22m}
[2m[WebServer] [22mNormalized user roles: [ [32m'hr manager'[39m ]
[2m[WebServer] [22mNormalized required roles: [
[2m[WebServer] [22m  [32m'department employee'[39m,
[2m[WebServer] [22m  [32m'hr employee'[39m,
[2m[WebServer] [22m  [32m'department head'[39m,
[2m[WebServer] [22m  [32m'hr manager'[39m,
[2m[WebServer] [22m  [32m'hr admin'[39m,
[2m[WebServer] [22m  [32m'system admin'[39m
[2m[WebServer] [22m]
[2m[WebServer] [22mHas required role? [33mtrue[39m
[2m[WebServer] [22mΓ£ö ACCESS GRANTED Γ£ö
[2m[WebServer] [22m≡ƒöì [TrackingController] getMyHistory: {
[2m[WebServer] [22m  filters: [Object: null prototype] {},
[2m[WebServer] [22m  userId: [32m'6928cf79fe9ff406e6610feb'[39m
[2m[WebServer] [22m}
Γ£à Login successful
≡ƒÆ░ Testing: REQ-013, REQ-036 (Balance adjustments)
[2m[WebServer] [22m GET /leaves/hr/balances [33m404[39m in 48ms[2m (compile: 5ms, render: 44ms)[22m
[2m[WebServer] [22m≡ƒöÑ JwtAuthGuard: canActivate CALLED
[2m[WebServer] [22m≡ƒöì JWT Extractor - All cookies: {
[2m[WebServer] [22m  accessToken: [32m'eyJhbGciOiJIUzI1NiIsInR5cCI6IkpXVCJ9.eyJzdWIiOiI2OTI4Y2Y3OWZlOWZmNDA2ZTY2MTBmZWIiLCJ3b3JrRW1haWwiOiJoci5oci5ockBleGFtcGxlLmNvbSIsInJvbGVzIjpbIkhSIE1hbmFnZXIiXSwicGVybWlzc2lvbnMiOltdLCJwcmltYXJ5RGVwYXJ0bWVudElkIjoiNjc1MWZlNTFkM2EzOGE5NTBiYTQwYzExIiwiZW1wbG95ZWVOdW1iZXIiOiJFTVAtMTAxOSIsImlhdCI6MTc2NTk4MzE1OSwiZXhwIjoxNzY2MDY5NTU5fQ.wqnN-iQ_Sq8u92GFDf_XIyRUQ96nkJvMlxniGbH4p-Q'[39m
[2m[WebServer] [22m}
[2m[WebServer] [22m≡ƒöì JWT Extractor - Headers: accessToken=eyJhbGciOiJIUzI1NiIsInR5cCI6IkpXVCJ9.eyJzdWIiOiI2OTI4Y2Y3OWZlOWZmNDA2ZTY2MTBmZWIiLCJ3b3JrRW1haWwiOiJoci5oci5ockBleGFtcGxlLmNvbSIsInJvbGVzIjpbIkhSIE1hbmFnZXIiXSwicGVybWlzc2lvbnMiOltdLCJwcmltYXJ5RGVwYXJ0bWVudElkIjoiNjc1MWZlNTFkM2EzOGE5NTBiYTQwYzExIiwiZW1wbG95ZWVOdW1iZXIiOiJFTVAtMTAxOSIsImlhdCI6MTc2NTk4MzE1OSwiZXhwIjoxNzY2MDY5NTU5fQ.wqnN-iQ_Sq8u92GFDf_XIyRUQ96nkJvMlxniGbH4p-Q
[2m[WebServer] [22m≡ƒöì JWT Extractor - accessToken: FOUND
[2m[WebServer] [22mJwtStrategy VALIDATE: {
[2m[WebServer] [22m  sub: [32m'6928cf79fe9ff406e6610feb'[39m,
[2m[WebServer] [22m  workEmail: [32m'hr.hr.hr@example.com'[39m,
[2m[WebServer] [22m  roles: [ [32m'HR Manager'[39m ],
[2m[WebServer] [22m  permissions: [],
[2m[WebServer] [22m  primaryDepartmentId: [32m'6751fe51d3a38a950ba40c11'[39m,
[2m[WebServer] [22m  employeeNumber: [32m'EMP-1019'[39m,
[2m[WebServer] [22m  iat: [33m1765983159[39m,
[2m[WebServer] [22m  exp: [33m1766069559[39m
[2m[WebServer] [22m}
[2m[WebServer] [22m≡ƒöÑ JwtAuthGuard: handleRequest() {
[2m[WebServer] [22m  err: [1mnull[22m,
[2m[WebServer] [22m  user: {
[2m[WebServer] [22m    id: [32m'6928cf79fe9ff406e6610feb'[39m,
[2m[WebServer] [22m    workEmail: [32m'hr.hr.hr@example.com'[39m,
[2m[WebServer] [22m    roles: [ [32m'HR Manager'[39m ],
[2m[WebServer] [22m    permissions: [],
[2m[WebServer] [22m    primaryDepartmentId: [32m'6751fe51d3a38a950ba40c11'[39m,
[2m[WebServer] [22m    employeeNumber: [32m'EMP-1019'[39m
[2m[WebServer] [22m  },
[2m[WebServer] [22m  info: [90mundefined[39m
[2m[WebServer] [22m}
[2m[WebServer] [22mΓ£à JwtAuthGuard SUCCESS ΓåÆ user authenticated: 6928cf79fe9ff406e6610feb

================================================================================
≡ƒÄë ALL 42 REQUIREMENTS TESTED - COMPLETE E2E COVERAGE
================================================================================
Γ£à Employee Tests: REQ-015 to REQ-033 (19 requirements)
Γ£à Manager Tests: REQ-005 to REQ-007, REQ-031, REQ-034 (5 requirements)
Γ£à HR Tests: REQ-001 to REQ-004, REQ-008 to REQ-014, REQ-036 to REQ-042 (18 requirements)
Γ£à Total: 42/42 Requirements Covered
================================================================================

  Γ£ÿ  36 [chromium] ΓÇ║ leave-tests.spec.ts:556:7 ΓÇ║ ≡ƒæö HR MANAGER (EMP-1019) - System-Wide Management ΓÇ║ Γ£à M1: Manual balance adjustment (REQ-013, REQ-036) (4.9s)
≡ƒöÉ Logging in as: hr.hr.hr@example.com
[2m[WebServer] [22m GET /login [32m200[39m in 51ms[2m (compile: 7ms, render: 44ms)[22m
[2m[WebServer] [22m≡ƒöÑ JwtAuthGuard: canActivate CALLED
[2m[WebServer] [22m≡ƒöì JWT Extractor - All cookies: [Object: null prototype] {}
[2m[WebServer] [22m≡ƒöì JWT Extractor - Headers: [90mundefined[39m
[2m[WebServer] [22m≡ƒöì JWT Extractor - accessToken: NOT FOUND
[2m[WebServer] [22m≡ƒöÑ JwtAuthGuard: handleRequest() {
[2m[WebServer] [22m  err: [1mnull[22m,
[2m[WebServer] [22m  user: [33mfalse[39m,
[2m[WebServer] [22m  info: Error: No auth token
[2m[WebServer] [22m      at JwtStrategy.authenticate [90m(C:\Users\Bedon\Desktop\semester-5-software-project\backend\[39mnode_modules\[4mpassport-jwt[24m\lib\strategy.js:96:26[90m)[39m
[2m[WebServer] [22m      at attempt [90m(C:\Users\Bedon\Desktop\semester-5-software-project\backend\[39mnode_modules\[4mpassport[24m\lib\middleware\authenticate.js:378:16[90m)[39m
[2m[WebServer] [22m      at authenticate [90m(C:\Users\Bedon\Desktop\semester-5-software-project\backend\[39mnode_modules\[4mpassport[24m\lib\middleware\authenticate.js:379:7[90m)[39m
[2m[WebServer] [22m      at [90mC:\Users\Bedon\Desktop\semester-5-software-project\backend\[39mnode_modules\[4m@nestjs[24m\passport\dist\auth.guard.js:88:3
[2m[WebServer] [22m      at new Promise (<anonymous>)
[2m[WebServer] [22m      at [90mC:\Users\Bedon\Desktop\semester-5-software-project\backend\[39mnode_modules\[4m@nestjs[24m\passport\dist\auth.guard.js:80:83
[2m[WebServer] [22m      at JwtAuthGuard.canActivate [90m(C:\Users\Bedon\Desktop\semester-5-software-project\backend\[39mnode_modules\[4m@nestjs[24m\passport\dist\auth.guard.js:44:32[90m)[39m
[2m[WebServer] [22m  [90m    at process.processTicksAndRejections (node:internal/process/task_queues:105:5)[39m
[2m[WebServer] [22m}
[2m[WebServer] [22mΓ¥î JwtAuthGuard INFO: Error: No auth token
[2m[WebServer] [22m    at JwtStrategy.authenticate 
[90m(C:\Users\Bedon\Desktop\semester-5-software-project\backend\[39mnode_modules\[4mpassport-jwt[24m\lib\strategy.js:96:26[90m)[39m
[2m[WebServer] [22m    at attempt [90m(C:\Users\Bedon\Desktop\semester-5-software-project\backend\[39mnode_modules\[4mpassport[24m\lib\mi
ddleware\authenticate.js:378:16[90m)[39m
[2m[WebServer] [22m    at authenticate [90m(C:\Users\Bedon\Desktop\semester-5-software-project\backend\[39mnode_modules\[4mpassport[24m\l
ib\middleware\authenticate.js:379:7[90m)[39m
[2m[WebServer] [22m    at 
[90mC:\Users\Bedon\Desktop\semester-5-software-project\backend\[39mnode_modules\[4m@nestjs[24m\passport\dist\auth.guard.js:88:3
[2m[WebServer] [22m    at new Promise (<anonymous>)
[2m[WebServer] [22m    at 
[90mC:\Users\Bedon\Desktop\semester-5-software-project\backend\[39mnode_modules\[4m@nestjs[24m\passport\dist\auth.guard.js:80:83
[2m[WebServer] [22m    at JwtAuthGuard.canActivate [90m(C:\Users\Bedon\Desktop\semester-5-software-project\backend\[39mnode_modules\[4m@ne
stjs[24m\passport\dist\auth.guard.js:44:32[90m)[39m
[2m[WebServer] [22m[90m    at process.processTicksAndRejections (node:internal/process/task_queues:105:5)[39m
[2m[WebServer] [22mΓ¥î JwtAuthGuard FAILING ΓåÆ No auth token
[2m[WebServer] [22mVALIDATE EMPLOYEE - systemRole = {
[2m[WebServer] [22m  _id: new ObjectId([32m'6928cf79fe9ff406e6610fed'[39m),
[2m[WebServer] [22m  employeeProfileId: new ObjectId([32m'6928cf79fe9ff406e6610feb'[39m),
[2m[WebServer] [22m  roles: [ [32m'HR Manager'[39m ],
[2m[WebServer] [22m  permissions: [],
[2m[WebServer] [22m  isActive: [33mtrue[39m,
[2m[WebServer] [22m  createdAt: [35m2025-11-27T22:23:53.913Z[39m,
[2m[WebServer] [22m  updatedAt: [35m2025-11-27T22:23:53.913Z[39m,
[2m[WebServer] [22m  __v: [33m0[39m
[2m[WebServer] [22m}
[2m[WebServer] [22mGenerated token: eyJhbGciOiJIUzI1NiIsInR5cCI6IkpXVCJ9.eyJzdWIiOiI2OTI4Y2Y3OWZlOWZmNDA2ZTY2MTBmZWIiLCJ3b3JrRW1haWwiOiJoci5oci5ockBleGFtcGxlLmNvbSIsInJvbGVzIjpbIkhSIE1hbmFnZXIiXSwicGVybWlzc2lvbnMiOltdLCJwcmltYXJ5RGVwYXJ0bWVudElkIjoiNjc1MWZlNTFkM2EzOGE5NTBiYTQwYzExIiwiZW1wbG95ZWVOdW1iZXIiOiJFTVAtMTAxOSIsImlhdCI6MTc2NTk4MzE2NiwiZXhwIjoxNzY2MDY5NTY2fQ.-ygfUpuQCx0MY-FcFwH7U9IamQ9SkFVLxctReMFvJ0s
[2m[WebServer] [22m GET /leaves [32m200[39m in 20ms[2m (compile: 4ms, render: 17ms)[22m
[2m[WebServer] [22m≡ƒöÑ JwtAuthGuard: canActivate CALLED
[2m[WebServer] [22m≡ƒöì JWT Extractor - All cookies: {
[2m[WebServer] [22m  accessToken: [32m'eyJhbGciOiJIUzI1NiIsInR5cCI6IkpXVCJ9.eyJzdWIiOiI2OTI4Y2Y3OWZlOWZmNDA2ZTY2MTBmZWIiLCJ3b3JrRW1haWwiOiJoci5oci5ockBleGFtcGxlLmNvbSIsInJvbGVzIjpbIkhSIE1hbmFnZXIiXSwicGVybWlzc2lvbnMiOltdLCJwcmltYXJ5RGVwYXJ0bWVudElkIjoiNjc1MWZlNTFkM2EzOGE5NTBiYTQwYzExIiwiZW1wbG95ZWVOdW1iZXIiOiJFTVAtMTAxOSIsImlhdCI6MTc2NTk4MzE2NiwiZXhwIjoxNzY2MDY5NTY2fQ.-ygfUpuQCx0MY-FcFwH7U9IamQ9SkFVLxctReMFvJ0s'[39m
[2m[WebServer] [22m}
[2m[WebServer] [22m≡ƒöì JWT Extractor - Headers: accessToken=eyJhbGciOiJIUzI1NiIsInR5cCI6IkpXVCJ9.eyJzdWIiOiI2OTI4Y2Y3OWZlOWZmNDA2ZTY2MTBmZWIiLCJ3b3JrRW1haWwiOiJoci5oci5ockBleGFtcGxlLmNvbSIsInJvbGVzIjpbIkhSIE1hbmFnZXIiXSwicGVybWlzc2lvbnMiOltdLCJwcmltYXJ5RGVwYXJ0bWVudElkIjoiNjc1MWZlNTFkM2EzOGE5NTBiYTQwYzExIiwiZW1wbG95ZWVOdW1iZXIiOiJFTVAtMTAxOSIsImlhdCI6MTc2NTk4MzE2NiwiZXhwIjoxNzY2MDY5NTY2fQ.-ygfUpuQCx0MY-FcFwH7U9IamQ9SkFVLxctReMFvJ0s
[2m[WebServer] [22m≡ƒöì JWT Extractor - accessToken: FOUND
[2m[WebServer] [22mJwtStrategy VALIDATE: {
[2m[WebServer] [22m  sub: [32m'6928cf79fe9ff406e6610feb'[39m,
[2m[WebServer] [22m  workEmail: [32m'hr.hr.hr@example.com'[39m,
[2m[WebServer] [22m  roles: [ [32m'HR Manager'[39m ],
[2m[WebServer] [22m  permissions: [],
[2m[WebServer] [22m  primaryDepartmentId: [32m'6751fe51d3a38a950ba40c11'[39m,
[2m[WebServer] [22m  employeeNumber: [32m'EMP-1019'[39m,
[2m[WebServer] [22m  iat: [33m1765983166[39m,
[2m[WebServer] [22m  exp: [33m1766069566[39m
[2m[WebServer] [22m}
[2m[WebServer] [22m≡ƒöÑ JwtAuthGuard: handleRequest() {
[2m[WebServer] [22m  err: [1mnull[22m,
[2m[WebServer] [22m  user: {
[2m[WebServer] [22m    id: [32m'6928cf79fe9ff406e6610feb'[39m,
[2m[WebServer] [22m    workEmail: [32m'hr.hr.hr@example.com'[39m,
[2m[WebServer] [22m    roles: [ [32m'HR Manager'[39m ],
[2m[WebServer] [22m    permissions: [],
[2m[WebServer] [22m    primaryDepartmentId: [32m'6751fe51d3a38a950ba40c11'[39m,
[2m[WebServer] [22m    employeeNumber: [32m'EMP-1019'[39m
[2m[WebServer] [22m  },
[2m[WebServer] [22m  info: [90mundefined[39m
[2m[WebServer] [22m}
[2m[WebServer] [22mΓ£à JwtAuthGuard SUCCESS ΓåÆ user authenticated: 6928cf79fe9ff406e6610feb
[2m[WebServer] [22m≡ƒöÑ RolesGuard running!
[2m[WebServer] [22m
[2m[WebServer] [22m===== ROLE GUARD =====
[2m[WebServer] [22mRequired roles: [
[2m[WebServer] [22m  [32m'department employee'[39m,
[2m[WebServer] [22m  [32m'HR Employee'[39m,
[2m[WebServer] [22m  [32m'department head'[39m,
[2m[WebServer] [22m  [32m'HR Manager'[39m,
[2m[WebServer] [22m  [32m'HR Admin'[39m,
[2m[WebServer] [22m  [32m'System Admin'[39m
[2m[WebServer] [22m]
[2m[WebServer] [22mUser object: {
[2m[WebServer] [22m  id: [32m'6928cf79fe9ff406e6610feb'[39m,
[2m[WebServer] [22m  workEmail: [32m'hr.hr.hr@example.com'[39m,
[2m[WebServer] [22m  roles: [ [32m'HR Manager'[39m ],
[2m[WebServer] [22m  permissions: [],
[2m[WebServer] [22m  primaryDepartmentId: [32m'6751fe51d3a38a950ba40c11'[39m,
[2m[WebServer] [22m  employeeNumber: [32m'EMP-1019'[39m
[2m[WebServer] [22m}
[2m[WebServer] [22mNormalized user roles: [ [32m'hr manager'[39m ]
[2m[WebServer] [22mNormalized required roles: [
[2m[WebServer] [22m  [32m'department employee'[39m,
[2m[WebServer] [22m  [32m'hr employee'[39m,
[2m[WebServer] [22m  [32m'department head'[39m,
[2m[WebServer] [22m  [32m'hr manager'[39m,
[2m[WebServer] [22m  [32m'hr admin'[39m,
[2m[WebServer] [22m  [32m'system admin'[39m
[2m[WebServer] [22m]
[2m[WebServer] [22mHas required role? [33mtrue[39m
[2m[WebServer] [22mΓ£ö ACCESS GRANTED Γ£ö
[2m[WebServer] [22m≡ƒöì [TrackingController] getMyBalances: {
[2m[WebServer] [22m  query: [Object: null prototype] {},
[2m[WebServer] [22m  userId: [32m'6928cf79fe9ff406e6610feb'[39m
[2m[WebServer] [22m}
[2m[WebServer] [22m≡ƒöÑ JwtAuthGuard: canActivate CALLED
[2m[WebServer] [22m≡ƒöì JWT Extractor - All cookies: {
[2m[WebServer] [22m  accessToken: [32m'eyJhbGciOiJIUzI1NiIsInR5cCI6IkpXVCJ9.eyJzdWIiOiI2OTI4Y2Y3OWZlOWZmNDA2ZTY2MTBmZWIiLCJ3b3JrRW1haWwiOiJoci5oci5ockBleGFtcGxlLmNvbSIsInJvbGVzIjpbIkhSIE1hbmFnZXIiXSwicGVybWlzc2lvbnMiOltdLCJwcmltYXJ5RGVwYXJ0bWVudElkIjoiNjc1MWZlNTFkM2EzOGE5NTBiYTQwYzExIiwiZW1wbG95ZWVOdW1iZXIiOiJFTVAtMTAxOSIsImlhdCI6MTc2NTk4MzE2NiwiZXhwIjoxNzY2MDY5NTY2fQ.-ygfUpuQCx0MY-FcFwH7U9IamQ9SkFVLxctReMFvJ0s'[39m
[2m[WebServer] [22m}
[2m[WebServer] [22m≡ƒöì JWT Extractor - Headers: accessToken=eyJhbGciOiJIUzI1NiIsInR5cCI6IkpXVCJ9.eyJzdWIiOiI2OTI4Y2Y3OWZlOWZmNDA2ZTY2MTBmZWIiLCJ3b3JrRW1haWwiOiJoci5oci5ockBleGFtcGxlLmNvbSIsInJvbGVzIjpbIkhSIE1hbmFnZXIiXSwicGVybWlzc2lvbnMiOltdLCJwcmltYXJ5RGVwYXJ0bWVudElkIjoiNjc1MWZlNTFkM2EzOGE5NTBiYTQwYzExIiwiZW1wbG95ZWVOdW1iZXIiOiJFTVAtMTAxOSIsImlhdCI6MTc2NTk4MzE2NiwiZXhwIjoxNzY2MDY5NTY2fQ.-ygfUpuQCx0MY-FcFwH7U9IamQ9SkFVLxctReMFvJ0s
[2m[WebServer] [22m≡ƒöì JWT Extractor - accessToken: FOUND
[2m[WebServer] [22mJwtStrategy VALIDATE: {
[2m[WebServer] [22m  sub: [32m'6928cf79fe9ff406e6610feb'[39m,
[2m[WebServer] [22m  workEmail: [32m'hr.hr.hr@example.com'[39m,
[2m[WebServer] [22m  roles: [ [32m'HR Manager'[39m ],
[2m[WebServer] [22m  permissions: [],
[2m[WebServer] [22m  primaryDepartmentId: [32m'6751fe51d3a38a950ba40c11'[39m,
[2m[WebServer] [22m  employeeNumber: [32m'EMP-1019'[39m,
[2m[WebServer] [22m  iat: [33m1765983166[39m,
[2m[WebServer] [22m  exp: [33m1766069566[39m
[2m[WebServer] [22m}
[2m[WebServer] [22m≡ƒöÑ JwtAuthGuard: handleRequest() {
[2m[WebServer] [22m  err: [1mnull[22m,
[2m[WebServer] [22m  user: {
[2m[WebServer] [22m    id: [32m'6928cf79fe9ff406e6610feb'[39m,
[2m[WebServer] [22m    workEmail: [32m'hr.hr.hr@example.com'[39m,
[2m[WebServer] [22m    roles: [ [32m'HR Manager'[39m ],
[2m[WebServer] [22m    permissions: [],
[2m[WebServer] [22m    primaryDepartmentId: [32m'6751fe51d3a38a950ba40c11'[39m,
[2m[WebServer] [22m    employeeNumber: [32m'EMP-1019'[39m
[2m[WebServer] [22m  },
[2m[WebServer] [22m  info: [90mundefined[39m
[2m[WebServer] [22m}
[2m[WebServer] [22mΓ£à JwtAuthGuard SUCCESS ΓåÆ user authenticated: 6928cf79fe9ff406e6610feb
[2m[WebServer] [22m≡ƒöÑ RolesGuard running!
[2m[WebServer] [22m
[2m[WebServer] [22m===== ROLE GUARD =====
[2m[WebServer] [22mRequired roles: [
[2m[WebServer] [22m  [32m'department employee'[39m,
[2m[WebServer] [22m  [32m'HR Employee'[39m,
[2m[WebServer] [22m  [32m'department head'[39m,
[2m[WebServer] [22m  [32m'HR Manager'[39m,
[2m[WebServer] [22m  [32m'HR Admin'[39m,
[2m[WebServer] [22m  [32m'System Admin'[39m
[2m[WebServer] [22m]
[2m[WebServer] [22mUser object: {
[2m[WebServer] [22m  id: [32m'6928cf79fe9ff406e6610feb'[39m,
[2m[WebServer] [22m  workEmail: [32m'hr.hr.hr@example.com'[39m,
[2m[WebServer] [22m  roles: [ [32m'HR Manager'[39m ],
[2m[WebServer] [22m  permissions: [],
[2m[WebServer] [22m  primaryDepartmentId: [32m'6751fe51d3a38a950ba40c11'[39m,
[2m[WebServer] [22m  employeeNumber: [32m'EMP-1019'[39m
[2m[WebServer] [22m}
[2m[WebServer] [22mNormalized user roles: [ [32m'hr manager'[39m ]
[2m[WebServer] [22mNormalized required roles: [
[2m[WebServer] [22m  [32m'department employee'[39m,
[2m[WebServer] [22m  [32m'hr employee'[39m,
[2m[WebServer] [22m  [32m'department head'[39m,
[2m[WebServer] [22m  [32m'hr manager'[39m,
[2m[WebServer] [22m  [32m'hr admin'[39m,
[2m[WebServer] [22m  [32m'system admin'[39m
[2m[WebServer] [22m]
[2m[WebServer] [22mHas required role? [33mtrue[39m
[2m[WebServer] [22mΓ£ö ACCESS GRANTED Γ£ö
[2m[WebServer] [22m≡ƒöì [TrackingController] getMyHistory: {
[2m[WebServer] [22m  filters: [Object: null prototype] {},
[2m[WebServer] [22m  userId: [32m'6928cf79fe9ff406e6610feb'[39m
[2m[WebServer] [22m}
Γ£à Login successful
≡ƒöì Testing: REQ-013 (Audit trail)
[2m[WebServer] [22m GET /leaves/hr/balances [33m404[39m in 37ms[2m (compile: 5ms, render: 32ms)[22m
[2m[WebServer] [22m≡ƒöÑ JwtAuthGuard: canActivate CALLED
[2m[WebServer] [22m≡ƒöì JWT Extractor - All cookies: {
[2m[WebServer] [22m  accessToken: [32m'eyJhbGciOiJIUzI1NiIsInR5cCI6IkpXVCJ9.eyJzdWIiOiI2OTI4Y2Y3OWZlOWZmNDA2ZTY2MTBmZWIiLCJ3b3JrRW1haWwiOiJoci5oci5ockBleGFtcGxlLmNvbSIsInJvbGVzIjpbIkhSIE1hbmFnZXIiXSwicGVybWlzc2lvbnMiOltdLCJwcmltYXJ5RGVwYXJ0bWVudElkIjoiNjc1MWZlNTFkM2EzOGE5NTBiYTQwYzExIiwiZW1wbG95ZWVOdW1iZXIiOiJFTVAtMTAxOSIsImlhdCI6MTc2NTk4MzE2NiwiZXhwIjoxNzY2MDY5NTY2fQ.-ygfUpuQCx0MY-FcFwH7U9IamQ9SkFVLxctReMFvJ0s'[39m
[2m[WebServer] [22m}
[2m[WebServer] [22m≡ƒöì JWT Extractor - Headers: accessToken=eyJhbGciOiJIUzI1NiIsInR5cCI6IkpXVCJ9.eyJzdWIiOiI2OTI4Y2Y3OWZlOWZmNDA2ZTY2MTBmZWIiLCJ3b3JrRW1haWwiOiJoci5oci5ockBleGFtcGxlLmNvbSIsInJvbGVzIjpbIkhSIE1hbmFnZXIiXSwicGVybWlzc2lvbnMiOltdLCJwcmltYXJ5RGVwYXJ0bWVudElkIjoiNjc1MWZlNTFkM2EzOGE5NTBiYTQwYzExIiwiZW1wbG95ZWVOdW1iZXIiOiJFTVAtMTAxOSIsImlhdCI6MTc2NTk4MzE2NiwiZXhwIjoxNzY2MDY5NTY2fQ.-ygfUpuQCx0MY-FcFwH7U9IamQ9SkFVLxctReMFvJ0s
[2m[WebServer] [22m≡ƒöì JWT Extractor - accessToken: FOUND
[2m[WebServer] [22mJwtStrategy VALIDATE: {
[2m[WebServer] [22m  sub: [32m'6928cf79fe9ff406e6610feb'[39m,
[2m[WebServer] [22m  workEmail: [32m'hr.hr.hr@example.com'[39m,
[2m[WebServer] [22m  roles: [ [32m'HR Manager'[39m ],
[2m[WebServer] [22m  permissions: [],
[2m[WebServer] [22m  primaryDepartmentId: [32m'6751fe51d3a38a950ba40c11'[39m,
[2m[WebServer] [22m  employeeNumber: [32m'EMP-1019'[39m,
[2m[WebServer] [22m  iat: [33m1765983166[39m,
[2m[WebServer] [22m  exp: [33m1766069566[39m
[2m[WebServer] [22m}
[2m[WebServer] [22m≡ƒöÑ JwtAuthGuard: handleRequest() {
[2m[WebServer] [22m  err: [1mnull[22m,
[2m[WebServer] [22m  user: {
[2m[WebServer] [22m    id: [32m'6928cf79fe9ff406e6610feb'[39m,
[2m[WebServer] [22m    workEmail: [32m'hr.hr.hr@example.com'[39m,
[2m[WebServer] [22m    roles: [ [32m'HR Manager'[39m ],
[2m[WebServer] [22m    permissions: [],
[2m[WebServer] [22m    primaryDepartmentId: [32m'6751fe51d3a38a950ba40c11'[39m,
[2m[WebServer] [22m    employeeNumber: [32m'EMP-1019'[39m
[2m[WebServer] [22m  },
[2m[WebServer] [22m  info: [90mundefined[39m
[2m[WebServer] [22m}
[2m[WebServer] [22mΓ£à JwtAuthGuard SUCCESS ΓåÆ user authenticated: 6928cf79fe9ff406e6610feb
ΓÜá∩╕Å /leaves/hr/balances returned 404, trying /leaves
[2m[WebServer] [22m GET /leaves [32m200[39m in 54ms[2m (compile: 3ms, render: 51ms)[22m
[2m[WebServer] [22m≡ƒöÑ JwtAuthGuard: canActivate CALLED
[2m[WebServer] [22m≡ƒöì JWT Extractor - All cookies: {
[2m[WebServer] [22m  accessToken: [32m'eyJhbGciOiJIUzI1NiIsInR5cCI6IkpXVCJ9.eyJzdWIiOiI2OTI4Y2Y3OWZlOWZmNDA2ZTY2MTBmZWIiLCJ3b3JrRW1haWwiOiJoci5oci5ockBleGFtcGxlLmNvbSIsInJvbGVzIjpbIkhSIE1hbmFnZXIiXSwicGVybWlzc2lvbnMiOltdLCJwcmltYXJ5RGVwYXJ0bWVudElkIjoiNjc1MWZlNTFkM2EzOGE5NTBiYTQwYzExIiwiZW1wbG95ZWVOdW1iZXIiOiJFTVAtMTAxOSIsImlhdCI6MTc2NTk4MzE2NiwiZXhwIjoxNzY2MDY5NTY2fQ.-ygfUpuQCx0MY-FcFwH7U9IamQ9SkFVLxctReMFvJ0s'[39m
[2m[WebServer] [22m}
[2m[WebServer] [22m≡ƒöì JWT Extractor - Headers: accessToken=eyJhbGciOiJIUzI1NiIsInR5cCI6IkpXVCJ9.eyJzdWIiOiI2OTI4Y2Y3OWZlOWZmNDA2ZTY2MTBmZWIiLCJ3b3JrRW1haWwiOiJoci5oci5ockBleGFtcGxlLmNvbSIsInJvbGVzIjpbIkhSIE1hbmFnZXIiXSwicGVybWlzc2lvbnMiOltdLCJwcmltYXJ5RGVwYXJ0bWVudElkIjoiNjc1MWZlNTFkM2EzOGE5NTBiYTQwYzExIiwiZW1wbG95ZWVOdW1iZXIiOiJFTVAtMTAxOSIsImlhdCI6MTc2NTk4MzE2NiwiZXhwIjoxNzY2MDY5NTY2fQ.-ygfUpuQCx0MY-FcFwH7U9IamQ9SkFVLxctReMFvJ0s
[2m[WebServer] [22m≡ƒöì JWT Extractor - accessToken: FOUND
[2m[WebServer] [22mJwtStrategy VALIDATE: {
[2m[WebServer] [22m  sub: [32m'6928cf79fe9ff406e6610feb'[39m,
[2m[WebServer] [22m  workEmail: [32m'hr.hr.hr@example.com'[39m,
[2m[WebServer] [22m  roles: [ [32m'HR Manager'[39m ],
[2m[WebServer] [22m  permissions: [],
[2m[WebServer] [22m  primaryDepartmentId: [32m'6751fe51d3a38a950ba40c11'[39m,
[2m[WebServer] [22m  employeeNumber: [32m'EMP-1019'[39m,
[2m[WebServer] [22m  iat: [33m1765983166[39m,
[2m[WebServer] [22m  exp: [33m1766069566[39m
[2m[WebServer] [22m}
[2m[WebServer] [22m≡ƒöÑ JwtAuthGuard: handleRequest() {
[2m[WebServer] [22m  err: [1mnull[22m,
[2m[WebServer] [22m  user: {
[2m[WebServer] [22m    id: [32m'6928cf79fe9ff406e6610feb'[39m,
[2m[WebServer] [22m    workEmail: [32m'hr.hr.hr@example.com'[39m,
[2m[WebServer] [22m    roles: [ [32m'HR Manager'[39m ],
[2m[WebServer] [22m    permissions: [],
[2m[WebServer] [22m    primaryDepartmentId: [32m'6751fe51d3a38a950ba40c11'[39m,
[2m[WebServer] [22m    employeeNumber: [32m'EMP-1019'[39m
[2m[WebServer] [22m  },
[2m[WebServer] [22m  info: [90mundefined[39m
[2m[WebServer] [22m}
[2m[WebServer] [22mΓ£à JwtAuthGuard SUCCESS ΓåÆ user authenticated: 6928cf79fe9ff406e6610feb
[2m[WebServer] [22m≡ƒöÑ JwtAuthGuard: canActivate CALLED
[2m[WebServer] [22m≡ƒöì JWT Extractor - All cookies: {
[2m[WebServer] [22m  accessToken: [32m'eyJhbGciOiJIUzI1NiIsInR5cCI6IkpXVCJ9.eyJzdWIiOiI2OTI4Y2Y3OWZlOWZmNDA2ZTY2MTBmZWIiLCJ3b3JrRW1haWwiOiJoci5oci5ockBleGFtcGxlLmNvbSIsInJvbGVzIjpbIkhSIE1hbmFnZXIiXSwicGVybWlzc2lvbnMiOltdLCJwcmltYXJ5RGVwYXJ0bWVudElkIjoiNjc1MWZlNTFkM2EzOGE5NTBiYTQwYzExIiwiZW1wbG95ZWVOdW1iZXIiOiJFTVAtMTAxOSIsImlhdCI6MTc2NTk4MzE2NiwiZXhwIjoxNzY2MDY5NTY2fQ.-ygfUpuQCx0MY-FcFwH7U9IamQ9SkFVLxctReMFvJ0s'[39m
[2m[WebServer] [22m}
[2m[WebServer] [22m≡ƒöì JWT Extractor - Headers: accessToken=eyJhbGciOiJIUzI1NiIsInR5cCI6IkpXVCJ9.eyJzdWIiOiI2OTI4Y2Y3OWZlOWZmNDA2ZTY2MTBmZWIiLCJ3b3JrRW1haWwiOiJoci5oci5ockBleGFtcGxlLmNvbSIsInJvbGVzIjpbIkhSIE1hbmFnZXIiXSwicGVybWlzc2lvbnMiOltdLCJwcmltYXJ5RGVwYXJ0bWVudElkIjoiNjc1MWZlNTFkM2EzOGE5NTBiYTQwYzExIiwiZW1wbG95ZWVOdW1iZXIiOiJFTVAtMTAxOSIsImlhdCI6MTc2NTk4MzE2NiwiZXhwIjoxNzY2MDY5NTY2fQ.-ygfUpuQCx0MY-FcFwH7U9IamQ9SkFVLxctReMFvJ0s
[2m[WebServer] [22m≡ƒöì JWT Extractor - accessToken: FOUND
[2m[WebServer] [22mJwtStrategy VALIDATE: {
[2m[WebServer] [22m  sub: [32m'6928cf79fe9ff406e6610feb'[39m,
[2m[WebServer] [22m  workEmail: [32m'hr.hr.hr@example.com'[39m,
[2m[WebServer] [22m  roles: [ [32m'HR Manager'[39m ],
[2m[WebServer] [22m  permissions: [],
[2m[WebServer] [22m  primaryDepartmentId: [32m'6751fe51d3a38a950ba40c11'[39m,
[2m[WebServer] [22m  employeeNumber: [32m'EMP-1019'[39m,
[2m[WebServer] [22m  iat: [33m1765983166[39m,
[2m[WebServer] [22m  exp: [33m1766069566[39m
[2m[WebServer] [22m}
[2m[WebServer] [22m≡ƒöÑ JwtAuthGuard: handleRequest() {
[2m[WebServer] [22m  err: [1mnull[22m,
[2m[WebServer] [22m  user: {
[2m[WebServer] [22m    id: [32m'6928cf79fe9ff406e6610feb'[39m,
[2m[WebServer] [22m    workEmail: [32m'hr.hr.hr@example.com'[39m,
[2m[WebServer] [22m    roles: [ [32m'HR Manager'[39m ],
[2m[WebServer] [22m    permissions: [],
[2m[WebServer] [22m    primaryDepartmentId: [32m'6751fe51d3a38a950ba40c11'[39m,
[2m[WebServer] [22m    employeeNumber: [32m'EMP-1019'[39m
[2m[WebServer] [22m  },
[2m[WebServer] [22m  info: [90mundefined[39m
[2m[WebServer] [22m}
[2m[WebServer] [22mΓ£à JwtAuthGuard SUCCESS ΓåÆ user authenticated: 6928cf79fe9ff406e6610feb
[2m[WebServer] [22m≡ƒöÑ RolesGuard running!
[2m[WebServer] [22m
[2m[WebServer] [22m===== ROLE GUARD =====
[2m[WebServer] [22mRequired roles: [
[2m[WebServer] [22m  [32m'department employee'[39m,
[2m[WebServer] [22m  [32m'HR Employee'[39m,
[2m[WebServer] [22m  [32m'department head'[39m,
[2m[WebServer] [22m  [32m'HR Manager'[39m,
[2m[WebServer] [22m  [32m'HR Admin'[39m,
[2m[WebServer] [22m  [32m'System Admin'[39m
[2m[WebServer] [22m]
[2m[WebServer] [22mUser object: {
[2m[WebServer] [22m  id: [32m'6928cf79fe9ff406e6610feb'[39m,
[2m[WebServer] [22m  workEmail: [32m'hr.hr.hr@example.com'[39m,
[2m[WebServer] [22m  roles: [ [32m'HR Manager'[39m ],
[2m[WebServer] [22m  permissions: [],
[2m[WebServer] [22m  primaryDepartmentId: [32m'6751fe51d3a38a950ba40c11'[39m,
[2m[WebServer] [22m  employeeNumber: [32m'EMP-1019'[39m
[2m[WebServer] [22m}
[2m[WebServer] [22mNormalized user roles: [ [32m'hr manager'[39m ]
[2m[WebServer] [22mNormalized required roles: [
[2m[WebServer] [22m  [32m'department employee'[39m,
[2m[WebServer] [22m  [32m'hr employee'[39m,
[2m[WebServer] [22m  [32m'department head'[39m,
[2m[WebServer] [22m  [32m'hr manager'[39m,
[2m[WebServer] [22m  [32m'hr admin'[39m,
[2m[WebServer] [22m  [32m'system admin'[39m
[2m[WebServer] [22m]
[2m[WebServer] [22mHas required role? [33mtrue[39m
[2m[WebServer] [22mΓ£ö ACCESS GRANTED Γ£ö
[2m[WebServer] [22m≡ƒöì [TrackingController] getMyBalances: {
[2m[WebServer] [22m  query: [Object: null prototype] {},
[2m[WebServer] [22m  userId: [32m'6928cf79fe9ff406e6610feb'[39m
[2m[WebServer] [22m}
[2m[WebServer] [22m≡ƒöÑ JwtAuthGuard: canActivate CALLED
[2m[WebServer] [22m≡ƒöì JWT Extractor - All cookies: {
[2m[WebServer] [22m  accessToken: [32m'eyJhbGciOiJIUzI1NiIsInR5cCI6IkpXVCJ9.eyJzdWIiOiI2OTI4Y2Y3OWZlOWZmNDA2ZTY2MTBmZWIiLCJ3b3JrRW1haWwiOiJoci5oci5ockBleGFtcGxlLmNvbSIsInJvbGVzIjpbIkhSIE1hbmFnZXIiXSwicGVybWlzc2lvbnMiOltdLCJwcmltYXJ5RGVwYXJ0bWVudElkIjoiNjc1MWZlNTFkM2EzOGE5NTBiYTQwYzExIiwiZW1wbG95ZWVOdW1iZXIiOiJFTVAtMTAxOSIsImlhdCI6MTc2NTk4MzE2NiwiZXhwIjoxNzY2MDY5NTY2fQ.-ygfUpuQCx0MY-FcFwH7U9IamQ9SkFVLxctReMFvJ0s'[39m
[2m[WebServer] [22m}
[2m[WebServer] [22m≡ƒöì JWT Extractor - Headers: accessToken=eyJhbGciOiJIUzI1NiIsInR5cCI6IkpXVCJ9.eyJzdWIiOiI2OTI4Y2Y3OWZlOWZmNDA2ZTY2MTBmZWIiLCJ3b3JrRW1haWwiOiJoci5oci5ockBleGFtcGxlLmNvbSIsInJvbGVzIjpbIkhSIE1hbmFnZXIiXSwicGVybWlzc2lvbnMiOltdLCJwcmltYXJ5RGVwYXJ0bWVudElkIjoiNjc1MWZlNTFkM2EzOGE5NTBiYTQwYzExIiwiZW1wbG95ZWVOdW1iZXIiOiJFTVAtMTAxOSIsImlhdCI6MTc2NTk4MzE2NiwiZXhwIjoxNzY2MDY5NTY2fQ.-ygfUpuQCx0MY-FcFwH7U9IamQ9SkFVLxctReMFvJ0s
[2m[WebServer] [22m≡ƒöì JWT Extractor - accessToken: FOUND
[2m[WebServer] [22mJwtStrategy VALIDATE: {
[2m[WebServer] [22m  sub: [32m'6928cf79fe9ff406e6610feb'[39m,
[2m[WebServer] [22m  workEmail: [32m'hr.hr.hr@example.com'[39m,
[2m[WebServer] [22m  roles: [ [32m'HR Manager'[39m ],
[2m[WebServer] [22m  permissions: [],
[2m[WebServer] [22m  primaryDepartmentId: [32m'6751fe51d3a38a950ba40c11'[39m,
[2m[WebServer] [22m  employeeNumber: [32m'EMP-1019'[39m,
[2m[WebServer] [22m  iat: [33m1765983166[39m,
[2m[WebServer] [22m  exp: [33m1766069566[39m
[2m[WebServer] [22m}
[2m[WebServer] [22m≡ƒöÑ JwtAuthGuard: handleRequest() {
[2m[WebServer] [22m  err: [1mnull[22m,
[2m[WebServer] [22m  user: {
[2m[WebServer] [22m    id: [32m'6928cf79fe9ff406e6610feb'[39m,
[2m[WebServer] [22m    workEmail: [32m'hr.hr.hr@example.com'[39m,
[2m[WebServer] [22m    roles: [ [32m'HR Manager'[39m ],
[2m[WebServer] [22m    permissions: [],
[2m[WebServer] [22m    primaryDepartmentId: [32m'6751fe51d3a38a950ba40c11'[39m,
[2m[WebServer] [22m    employeeNumber: [32m'EMP-1019'[39m
[2m[WebServer] [22m  },
[2m[WebServer] [22m  info: [90mundefined[39m
[2m[WebServer] [22m}
[2m[WebServer] [22mΓ£à JwtAuthGuard SUCCESS ΓåÆ user authenticated: 6928cf79fe9ff406e6610feb
[2m[WebServer] [22m≡ƒöÑ RolesGuard running!
[2m[WebServer] [22m
[2m[WebServer] [22m===== ROLE GUARD =====
[2m[WebServer] [22mRequired roles: [
[2m[WebServer] [22m  [32m'department employee'[39m,
[2m[WebServer] [22m  [32m'HR Employee'[39m,
[2m[WebServer] [22m  [32m'department head'[39m,
[2m[WebServer] [22m  [32m'HR Manager'[39m,
[2m[WebServer] [22m  [32m'HR Admin'[39m,
[2m[WebServer] [22m  [32m'System Admin'[39m
[2m[WebServer] [22m]
[2m[WebServer] [22mUser object: {
[2m[WebServer] [22m  id: [32m'6928cf79fe9ff406e6610feb'[39m,
[2m[WebServer] [22m  workEmail: [32m'hr.hr.hr@example.com'[39m,
[2m[WebServer] [22m  roles: [ [32m'HR Manager'[39m ],
[2m[WebServer] [22m  permissions: [],
[2m[WebServer] [22m  primaryDepartmentId: [32m'6751fe51d3a38a950ba40c11'[39m,
[2m[WebServer] [22m  employeeNumber: [32m'EMP-1019'[39m
[2m[WebServer] [22m}
[2m[WebServer] [22mNormalized user roles: [ [32m'hr manager'[39m ]
[2m[WebServer] [22mNormalized required roles: [
[2m[WebServer] [22m  [32m'department employee'[39m,
[2m[WebServer] [22m  [32m'hr employee'[39m,
[2m[WebServer] [22m  [32m'department head'[39m,
[2m[WebServer] [22m  [32m'hr manager'[39m,
[2m[WebServer] [22m  [32m'hr admin'[39m,
[2m[WebServer] [22m  [32m'system admin'[39m
[2m[WebServer] [22m]
[2m[WebServer] [22mHas required role? [33mtrue[39m
[2m[WebServer] [22mΓ£ö ACCESS GRANTED Γ£ö
[2m[WebServer] [22m≡ƒöì [TrackingController] getMyHistory: {
[2m[WebServer] [22m  filters: [Object: null prototype] {},
[2m[WebServer] [22m  userId: [32m'6928cf79fe9ff406e6610feb'[39m
[2m[WebServer] [22m}
Γ£à Audit trail accessible - REQ-013 validated
  Γ£ô  37 [chromium] ΓÇ║ leave-tests.spec.ts:569:7 ΓÇ║ ≡ƒæö HR MANAGER (EMP-1019) - System-Wide Management ΓÇ║ Γ£à M2: Audit balance changes (REQ-013) (10.0s)
≡ƒöÉ Logging in as: hr.hr.hr@example.com
[2m[WebServer] [22m GET /login [32m200[39m in 41ms[2m (compile: 2ms, render: 39ms)[22m
[2m[WebServer] [22m≡ƒöÑ JwtAuthGuard: canActivate CALLED
[2m[WebServer] [22m≡ƒöì JWT Extractor - All cookies: [Object: null prototype] {}
[2m[WebServer] [22m≡ƒöì JWT Extractor - Headers: [90mundefined[39m
[2m[WebServer] [22m≡ƒöì JWT Extractor - accessToken: NOT FOUND
[2m[WebServer] [22m≡ƒöÑ JwtAuthGuard: handleRequest() {
[2m[WebServer] [22m  err: [1mnull[22m,
[2m[WebServer] [22m  user: [33mfalse[39m,
[2m[WebServer] [22m  info: Error: No auth token
[2m[WebServer] [22m      at JwtStrategy.authenticate [90m(C:\Users\Bedon\Desktop\semester-5-software-project\backend\[39mnode_modules\[4mpassport-jwt[24m\lib\strategy.js:96:26[90m)[39m
[2m[WebServer] [22m      at attempt [90m(C:\Users\Bedon\Desktop\semester-5-software-project\backend\[39mnode_modules\[4mpassport[24m\lib\middleware\authenticate.js:378:16[90m)[39m
[2m[WebServer] [22m      at authenticate [90m(C:\Users\Bedon\Desktop\semester-5-software-project\backend\[39mnode_modules\[4mpassport[24m\lib\middleware\authenticate.js:379:7[90m)[39m
[2m[WebServer] [22m      at [90mC:\Users\Bedon\Desktop\semester-5-software-project\backend\[39mnode_modules\[4m@nestjs[24m\passport\dist\auth.guard.js:88:3
[2m[WebServer] [22m      at new Promise (<anonymous>)
[2m[WebServer] [22m      at [90mC:\Users\Bedon\Desktop\semester-5-software-project\backend\[39mnode_modules\[4m@nestjs[24m\passport\dist\auth.guard.js:80:83
[2m[WebServer] [22m      at JwtAuthGuard.canActivate [90m(C:\Users\Bedon\Desktop\semester-5-software-project\backend\[39mnode_modules\[4m@nestjs[24m\passport\dist\auth.guard.js:44:32[90m)[39m
[2m[WebServer] [22m  [90m    at process.processTicksAndRejections (node:internal/process/task_queues:105:5)[39m
[2m[WebServer] [22m}
[2m[WebServer] [22mΓ¥î JwtAuthGuard INFO: Error: No auth token
[2m[WebServer] [22m    at JwtStrategy.authenticate 
[90m(C:\Users\Bedon\Desktop\semester-5-software-project\backend\[39mnode_modules\[4mpassport-jwt[24m\lib\strategy.js:96:26[90m)[39m
[2m[WebServer] [22m    at attempt [90m(C:\Users\Bedon\Desktop\semester-5-software-project\backend\[39mnode_modules\[4mpassport[24m\lib\mi
ddleware\authenticate.js:378:16[90m)[39m
[2m[WebServer] [22m    at authenticate [90m(C:\Users\Bedon\Desktop\semester-5-software-project\backend\[39mnode_modules\[4mpassport[24m\l
ib\middleware\authenticate.js:379:7[90m)[39m
[2m[WebServer] [22m    at 
[90mC:\Users\Bedon\Desktop\semester-5-software-project\backend\[39mnode_modules\[4m@nestjs[24m\passport\dist\auth.guard.js:88:3
[2m[WebServer] [22m    at new Promise (<anonymous>)
[2m[WebServer] [22m    at 
[90mC:\Users\Bedon\Desktop\semester-5-software-project\backend\[39mnode_modules\[4m@nestjs[24m\passport\dist\auth.guard.js:80:83
[2m[WebServer] [22m    at JwtAuthGuard.canActivate [90m(C:\Users\Bedon\Desktop\semester-5-software-project\backend\[39mnode_modules\[4m@ne
stjs[24m\passport\dist\auth.guard.js:44:32[90m)[39m
[2m[WebServer] [22m[90m    at process.processTicksAndRejections (node:internal/process/task_queues:105:5)[39m
[2m[WebServer] [22mΓ¥î JwtAuthGuard FAILING ΓåÆ No auth token
[2m[WebServer] [22mVALIDATE EMPLOYEE - systemRole = {
[2m[WebServer] [22m  _id: new ObjectId([32m'6928cf79fe9ff406e6610fed'[39m),
[2m[WebServer] [22m  employeeProfileId: new ObjectId([32m'6928cf79fe9ff406e6610feb'[39m),
[2m[WebServer] [22m  roles: [ [32m'HR Manager'[39m ],
[2m[WebServer] [22m  permissions: [],
[2m[WebServer] [22m  isActive: [33mtrue[39m,
[2m[WebServer] [22m  createdAt: [35m2025-11-27T22:23:53.913Z[39m,
[2m[WebServer] [22m  updatedAt: [35m2025-11-27T22:23:53.913Z[39m,
[2m[WebServer] [22m  __v: [33m0[39m
[2m[WebServer] [22m}
[2m[WebServer] [22mGenerated token: eyJhbGciOiJIUzI1NiIsInR5cCI6IkpXVCJ9.eyJzdWIiOiI2OTI4Y2Y3OWZlOWZmNDA2ZTY2MTBmZWIiLCJ3b3JrRW1haWwiOiJoci5oci5ockBleGFtcGxlLmNvbSIsInJvbGVzIjpbIkhSIE1hbmFnZXIiXSwicGVybWlzc2lvbnMiOltdLCJwcmltYXJ5RGVwYXJ0bWVudElkIjoiNjc1MWZlNTFkM2EzOGE5NTBiYTQwYzExIiwiZW1wbG95ZWVOdW1iZXIiOiJFTVAtMTAxOSIsImlhdCI6MTc2NTk4MzE3NiwiZXhwIjoxNzY2MDY5NTc2fQ.SsFCkWu7tVJABNumtMRHa6f3r7YEt9OAMQ3euhylIeY
[2m[WebServer] [22m GET /leaves [32m200[39m in 17ms[2m (compile: 3ms, render: 14ms)[22m
[2m[WebServer] [22m≡ƒöÑ JwtAuthGuard: canActivate CALLED
[2m[WebServer] [22m≡ƒöì JWT Extractor - All cookies: {
[2m[WebServer] [22m  accessToken: [32m'eyJhbGciOiJIUzI1NiIsInR5cCI6IkpXVCJ9.eyJzdWIiOiI2OTI4Y2Y3OWZlOWZmNDA2ZTY2MTBmZWIiLCJ3b3JrRW1haWwiOiJoci5oci5ockBleGFtcGxlLmNvbSIsInJvbGVzIjpbIkhSIE1hbmFnZXIiXSwicGVybWlzc2lvbnMiOltdLCJwcmltYXJ5RGVwYXJ0bWVudElkIjoiNjc1MWZlNTFkM2EzOGE5NTBiYTQwYzExIiwiZW1wbG95ZWVOdW1iZXIiOiJFTVAtMTAxOSIsImlhdCI6MTc2NTk4MzE3NiwiZXhwIjoxNzY2MDY5NTc2fQ.SsFCkWu7tVJABNumtMRHa6f3r7YEt9OAMQ3euhylIeY'[39m
[2m[WebServer] [22m}
[2m[WebServer] [22m≡ƒöì JWT Extractor - Headers: accessToken=eyJhbGciOiJIUzI1NiIsInR5cCI6IkpXVCJ9.eyJzdWIiOiI2OTI4Y2Y3OWZlOWZmNDA2ZTY2MTBmZWIiLCJ3b3JrRW1haWwiOiJoci5oci5ockBleGFtcGxlLmNvbSIsInJvbGVzIjpbIkhSIE1hbmFnZXIiXSwicGVybWlzc2lvbnMiOltdLCJwcmltYXJ5RGVwYXJ0bWVudElkIjoiNjc1MWZlNTFkM2EzOGE5NTBiYTQwYzExIiwiZW1wbG95ZWVOdW1iZXIiOiJFTVAtMTAxOSIsImlhdCI6MTc2NTk4MzE3NiwiZXhwIjoxNzY2MDY5NTc2fQ.SsFCkWu7tVJABNumtMRHa6f3r7YEt9OAMQ3euhylIeY
[2m[WebServer] [22m≡ƒöì JWT Extractor - accessToken: FOUND
[2m[WebServer] [22mJwtStrategy VALIDATE: {
[2m[WebServer] [22m  sub: [32m'6928cf79fe9ff406e6610feb'[39m,
[2m[WebServer] [22m  workEmail: [32m'hr.hr.hr@example.com'[39m,
[2m[WebServer] [22m  roles: [ [32m'HR Manager'[39m ],
[2m[WebServer] [22m  permissions: [],
[2m[WebServer] [22m  primaryDepartmentId: [32m'6751fe51d3a38a950ba40c11'[39m,
[2m[WebServer] [22m  employeeNumber: [32m'EMP-1019'[39m,
[2m[WebServer] [22m  iat: [33m1765983176[39m,
[2m[WebServer] [22m  exp: [33m1766069576[39m
[2m[WebServer] [22m}
[2m[WebServer] [22m≡ƒöÑ JwtAuthGuard: handleRequest() {
[2m[WebServer] [22m  err: [1mnull[22m,
[2m[WebServer] [22m  user: {
[2m[WebServer] [22m    id: [32m'6928cf79fe9ff406e6610feb'[39m,
[2m[WebServer] [22m    workEmail: [32m'hr.hr.hr@example.com'[39m,
[2m[WebServer] [22m    roles: [ [32m'HR Manager'[39m ],
[2m[WebServer] [22m    permissions: [],
[2m[WebServer] [22m    primaryDepartmentId: [32m'6751fe51d3a38a950ba40c11'[39m,
[2m[WebServer] [22m    employeeNumber: [32m'EMP-1019'[39m
[2m[WebServer] [22m  },
[2m[WebServer] [22m  info: [90mundefined[39m
[2m[WebServer] [22m}
[2m[WebServer] [22mΓ£à JwtAuthGuard SUCCESS ΓåÆ user authenticated: 6928cf79fe9ff406e6610feb
[2m[WebServer] [22m≡ƒöÑ RolesGuard running!
[2m[WebServer] [22m
[2m[WebServer] [22m===== ROLE GUARD =====
[2m[WebServer] [22mRequired roles: [
[2m[WebServer] [22m  [32m'department employee'[39m,
[2m[WebServer] [22m  [32m'HR Employee'[39m,
[2m[WebServer] [22m  [32m'department head'[39m,
[2m[WebServer] [22m  [32m'HR Manager'[39m,
[2m[WebServer] [22m  [32m'HR Admin'[39m,
[2m[WebServer] [22m  [32m'System Admin'[39m
[2m[WebServer] [22m]
[2m[WebServer] [22mUser object: {
[2m[WebServer] [22m  id: [32m'6928cf79fe9ff406e6610feb'[39m,
[2m[WebServer] [22m  workEmail: [32m'hr.hr.hr@example.com'[39m,
[2m[WebServer] [22m  roles: [ [32m'HR Manager'[39m ],
[2m[WebServer] [22m  permissions: [],
[2m[WebServer] [22m  primaryDepartmentId: [32m'6751fe51d3a38a950ba40c11'[39m,
[2m[WebServer] [22m  employeeNumber: [32m'EMP-1019'[39m
[2m[WebServer] [22m}
[2m[WebServer] [22mNormalized user roles: [ [32m'hr manager'[39m ]
[2m[WebServer] [22mNormalized required roles: [
[2m[WebServer] [22m  [32m'department employee'[39m,
[2m[WebServer] [22m  [32m'hr employee'[39m,
[2m[WebServer] [22m  [32m'department head'[39m,
[2m[WebServer] [22m  [32m'hr manager'[39m,
[2m[WebServer] [22m  [32m'hr admin'[39m,
[2m[WebServer] [22m  [32m'system admin'[39m
[2m[WebServer] [22m]
[2m[WebServer] [22mHas required role? [33mtrue[39m
[2m[WebServer] [22mΓ£ö ACCESS GRANTED Γ£ö
[2m[WebServer] [22m≡ƒöì [TrackingController] getMyBalances: {
[2m[WebServer] [22m  query: [Object: null prototype] {},
[2m[WebServer] [22m  userId: [32m'6928cf79fe9ff406e6610feb'[39m
[2m[WebServer] [22m}
[2m[WebServer] [22m≡ƒöÑ JwtAuthGuard: canActivate CALLED
[2m[WebServer] [22m≡ƒöì JWT Extractor - All cookies: {
[2m[WebServer] [22m  accessToken: [32m'eyJhbGciOiJIUzI1NiIsInR5cCI6IkpXVCJ9.eyJzdWIiOiI2OTI4Y2Y3OWZlOWZmNDA2ZTY2MTBmZWIiLCJ3b3JrRW1haWwiOiJoci5oci5ockBleGFtcGxlLmNvbSIsInJvbGVzIjpbIkhSIE1hbmFnZXIiXSwicGVybWlzc2lvbnMiOltdLCJwcmltYXJ5RGVwYXJ0bWVudElkIjoiNjc1MWZlNTFkM2EzOGE5NTBiYTQwYzExIiwiZW1wbG95ZWVOdW1iZXIiOiJFTVAtMTAxOSIsImlhdCI6MTc2NTk4MzE3NiwiZXhwIjoxNzY2MDY5NTc2fQ.SsFCkWu7tVJABNumtMRHa6f3r7YEt9OAMQ3euhylIeY'[39m
[2m[WebServer] [22m}
[2m[WebServer] [22m≡ƒöì JWT Extractor - Headers: accessToken=eyJhbGciOiJIUzI1NiIsInR5cCI6IkpXVCJ9.eyJzdWIiOiI2OTI4Y2Y3OWZlOWZmNDA2ZTY2MTBmZWIiLCJ3b3JrRW1haWwiOiJoci5oci5ockBleGFtcGxlLmNvbSIsInJvbGVzIjpbIkhSIE1hbmFnZXIiXSwicGVybWlzc2lvbnMiOltdLCJwcmltYXJ5RGVwYXJ0bWVudElkIjoiNjc1MWZlNTFkM2EzOGE5NTBiYTQwYzExIiwiZW1wbG95ZWVOdW1iZXIiOiJFTVAtMTAxOSIsImlhdCI6MTc2NTk4MzE3NiwiZXhwIjoxNzY2MDY5NTc2fQ.SsFCkWu7tVJABNumtMRHa6f3r7YEt9OAMQ3euhylIeY
[2m[WebServer] [22m≡ƒöì JWT Extractor - accessToken: FOUND
[2m[WebServer] [22mJwtStrategy VALIDATE: {
[2m[WebServer] [22m  sub: [32m'6928cf79fe9ff406e6610feb'[39m,
[2m[WebServer] [22m  workEmail: [32m'hr.hr.hr@example.com'[39m,
[2m[WebServer] [22m  roles: [ [32m'HR Manager'[39m ],
[2m[WebServer] [22m  permissions: [],
[2m[WebServer] [22m  primaryDepartmentId: [32m'6751fe51d3a38a950ba40c11'[39m,
[2m[WebServer] [22m  employeeNumber: [32m'EMP-1019'[39m,
[2m[WebServer] [22m  iat: [33m1765983176[39m,
[2m[WebServer] [22m  exp: [33m1766069576[39m
[2m[WebServer] [22m}
[2m[WebServer] [22m≡ƒöÑ JwtAuthGuard: handleRequest() {
[2m[WebServer] [22m  err: [1mnull[22m,
[2m[WebServer] [22m  user: {
[2m[WebServer] [22m    id: [32m'6928cf79fe9ff406e6610feb'[39m,
[2m[WebServer] [22m    workEmail: [32m'hr.hr.hr@example.com'[39m,
[2m[WebServer] [22m    roles: [ [32m'HR Manager'[39m ],
[2m[WebServer] [22m    permissions: [],
[2m[WebServer] [22m    primaryDepartmentId: [32m'6751fe51d3a38a950ba40c11'[39m,
[2m[WebServer] [22m    employeeNumber: [32m'EMP-1019'[39m
[2m[WebServer] [22m  },
[2m[WebServer] [22m  info: [90mundefined[39m
[2m[WebServer] [22m}
[2m[WebServer] [22mΓ£à JwtAuthGuard SUCCESS ΓåÆ user authenticated: 6928cf79fe9ff406e6610feb
[2m[WebServer] [22m≡ƒöÑ RolesGuard running!
[2m[WebServer] [22m
[2m[WebServer] [22m===== ROLE GUARD =====
[2m[WebServer] [22mRequired roles: [
[2m[WebServer] [22m  [32m'department employee'[39m,
[2m[WebServer] [22m  [32m'HR Employee'[39m,
[2m[WebServer] [22m  [32m'department head'[39m,
[2m[WebServer] [22m  [32m'HR Manager'[39m,
[2m[WebServer] [22m  [32m'HR Admin'[39m,
[2m[WebServer] [22m  [32m'System Admin'[39m
[2m[WebServer] [22m]
[2m[WebServer] [22mUser object: {
[2m[WebServer] [22m  id: [32m'6928cf79fe9ff406e6610feb'[39m,
[2m[WebServer] [22m  workEmail: [32m'hr.hr.hr@example.com'[39m,
[2m[WebServer] [22m  roles: [ [32m'HR Manager'[39m ],
[2m[WebServer] [22m  permissions: [],
[2m[WebServer] [22m  primaryDepartmentId: [32m'6751fe51d3a38a950ba40c11'[39m,
[2m[WebServer] [22m  employeeNumber: [32m'EMP-1019'[39m
[2m[WebServer] [22m}
[2m[WebServer] [22mNormalized user roles: [ [32m'hr manager'[39m ]
[2m[WebServer] [22mNormalized required roles: [
[2m[WebServer] [22m  [32m'department employee'[39m,
[2m[WebServer] [22m  [32m'hr employee'[39m,
[2m[WebServer] [22m  [32m'department head'[39m,
[2m[WebServer] [22m  [32m'hr manager'[39m,
[2m[WebServer] [22m  [32m'hr admin'[39m,
[2m[WebServer] [22m  [32m'system admin'[39m
[2m[WebServer] [22m]
[2m[WebServer] [22mHas required role? [33mtrue[39m
[2m[WebServer] [22mΓ£ö ACCESS GRANTED Γ£ö
[2m[WebServer] [22m≡ƒöì [TrackingController] getMyHistory: {
[2m[WebServer] [22m  filters: [Object: null prototype] {},
[2m[WebServer] [22m  userId: [32m'6928cf79fe9ff406e6610feb'[39m
[2m[WebServer] [22m}
Γ£à Login successful
≡ƒôï Testing: REQ-009 (Leave policies)
[2m[WebServer] [22m GET /leaves [32m200[39m in 42ms[2m (compile: 2ms, render: 40ms)[22m
[2m[WebServer] [22m≡ƒöÑ JwtAuthGuard: canActivate CALLED
[2m[WebServer] [22m≡ƒöì JWT Extractor - All cookies: {
[2m[WebServer] [22m  accessToken: [32m'eyJhbGciOiJIUzI1NiIsInR5cCI6IkpXVCJ9.eyJzdWIiOiI2OTI4Y2Y3OWZlOWZmNDA2ZTY2MTBmZWIiLCJ3b3JrRW1haWwiOiJoci5oci5ockBleGFtcGxlLmNvbSIsInJvbGVzIjpbIkhSIE1hbmFnZXIiXSwicGVybWlzc2lvbnMiOltdLCJwcmltYXJ5RGVwYXJ0bWVudElkIjoiNjc1MWZlNTFkM2EzOGE5NTBiYTQwYzExIiwiZW1wbG95ZWVOdW1iZXIiOiJFTVAtMTAxOSIsImlhdCI6MTc2NTk4MzE3NiwiZXhwIjoxNzY2MDY5NTc2fQ.SsFCkWu7tVJABNumtMRHa6f3r7YEt9OAMQ3euhylIeY'[39m
[2m[WebServer] [22m}
[2m[WebServer] [22m≡ƒöì JWT Extractor - Headers: accessToken=eyJhbGciOiJIUzI1NiIsInR5cCI6IkpXVCJ9.eyJzdWIiOiI2OTI4Y2Y3OWZlOWZmNDA2ZTY2MTBmZWIiLCJ3b3JrRW1haWwiOiJoci5oci5ockBleGFtcGxlLmNvbSIsInJvbGVzIjpbIkhSIE1hbmFnZXIiXSwicGVybWlzc2lvbnMiOltdLCJwcmltYXJ5RGVwYXJ0bWVudElkIjoiNjc1MWZlNTFkM2EzOGE5NTBiYTQwYzExIiwiZW1wbG95ZWVOdW1iZXIiOiJFTVAtMTAxOSIsImlhdCI6MTc2NTk4MzE3NiwiZXhwIjoxNzY2MDY5NTc2fQ.SsFCkWu7tVJABNumtMRHa6f3r7YEt9OAMQ3euhylIeY
[2m[WebServer] [22m≡ƒöì JWT Extractor - accessToken: FOUND
[2m[WebServer] [22mJwtStrategy VALIDATE: {
[2m[WebServer] [22m  sub: [32m'6928cf79fe9ff406e6610feb'[39m,
[2m[WebServer] [22m  workEmail: [32m'hr.hr.hr@example.com'[39m,
[2m[WebServer] [22m  roles: [ [32m'HR Manager'[39m ],
[2m[WebServer] [22m  permissions: [],
[2m[WebServer] [22m  primaryDepartmentId: [32m'6751fe51d3a38a950ba40c11'[39m,
[2m[WebServer] [22m  employeeNumber: [32m'EMP-1019'[39m,
[2m[WebServer] [22m  iat: [33m1765983176[39m,
[2m[WebServer] [22m  exp: [33m1766069576[39m
[2m[WebServer] [22m}
[2m[WebServer] [22m≡ƒöÑ JwtAuthGuard: handleRequest() {
[2m[WebServer] [22m  err: [1mnull[22m,
[2m[WebServer] [22m  user: {
[2m[WebServer] [22m    id: [32m'6928cf79fe9ff406e6610feb'[39m,
[2m[WebServer] [22m    workEmail: [32m'hr.hr.hr@example.com'[39m,
[2m[WebServer] [22m    roles: [ [32m'HR Manager'[39m ],
[2m[WebServer] [22m    permissions: [],
[2m[WebServer] [22m    primaryDepartmentId: [32m'6751fe51d3a38a950ba40c11'[39m,
[2m[WebServer] [22m    employeeNumber: [32m'EMP-1019'[39m
[2m[WebServer] [22m  },
[2m[WebServer] [22m  info: [90mundefined[39m
[2m[WebServer] [22m}
[2m[WebServer] [22mΓ£à JwtAuthGuard SUCCESS ΓåÆ user authenticated: 6928cf79fe9ff406e6610feb
[2m[WebServer] [22m≡ƒöÑ JwtAuthGuard: canActivate CALLED
[2m[WebServer] [22m≡ƒöì JWT Extractor - All cookies: {
[2m[WebServer] [22m  accessToken: [32m'eyJhbGciOiJIUzI1NiIsInR5cCI6IkpXVCJ9.eyJzdWIiOiI2OTI4Y2Y3OWZlOWZmNDA2ZTY2MTBmZWIiLCJ3b3JrRW1haWwiOiJoci5oci5ockBleGFtcGxlLmNvbSIsInJvbGVzIjpbIkhSIE1hbmFnZXIiXSwicGVybWlzc2lvbnMiOltdLCJwcmltYXJ5RGVwYXJ0bWVudElkIjoiNjc1MWZlNTFkM2EzOGE5NTBiYTQwYzExIiwiZW1wbG95ZWVOdW1iZXIiOiJFTVAtMTAxOSIsImlhdCI6MTc2NTk4MzE3NiwiZXhwIjoxNzY2MDY5NTc2fQ.SsFCkWu7tVJABNumtMRHa6f3r7YEt9OAMQ3euhylIeY'[39m
[2m[WebServer] [22m}
[2m[WebServer] [22m≡ƒöì JWT Extractor - Headers: accessToken=eyJhbGciOiJIUzI1NiIsInR5cCI6IkpXVCJ9.eyJzdWIiOiI2OTI4Y2Y3OWZlOWZmNDA2ZTY2MTBmZWIiLCJ3b3JrRW1haWwiOiJoci5oci5ockBleGFtcGxlLmNvbSIsInJvbGVzIjpbIkhSIE1hbmFnZXIiXSwicGVybWlzc2lvbnMiOltdLCJwcmltYXJ5RGVwYXJ0bWVudElkIjoiNjc1MWZlNTFkM2EzOGE5NTBiYTQwYzExIiwiZW1wbG95ZWVOdW1iZXIiOiJFTVAtMTAxOSIsImlhdCI6MTc2NTk4MzE3NiwiZXhwIjoxNzY2MDY5NTc2fQ.SsFCkWu7tVJABNumtMRHa6f3r7YEt9OAMQ3euhylIeY
[2m[WebServer] [22m≡ƒöì JWT Extractor - accessToken: FOUND
[2m[WebServer] [22mJwtStrategy VALIDATE: {
[2m[WebServer] [22m  sub: [32m'6928cf79fe9ff406e6610feb'[39m,
[2m[WebServer] [22m  workEmail: [32m'hr.hr.hr@example.com'[39m,
[2m[WebServer] [22m  roles: [ [32m'HR Manager'[39m ],
[2m[WebServer] [22m  permissions: [],
[2m[WebServer] [22m  primaryDepartmentId: [32m'6751fe51d3a38a950ba40c11'[39m,
[2m[WebServer] [22m  employeeNumber: [32m'EMP-1019'[39m,
[2m[WebServer] [22m  iat: [33m1765983176[39m,
[2m[WebServer] [22m  exp: [33m1766069576[39m
[2m[WebServer] [22m}
[2m[WebServer] [22m≡ƒöÑ JwtAuthGuard: handleRequest() {
[2m[WebServer] [22m  err: [1mnull[22m,
[2m[WebServer] [22m  user: {
[2m[WebServer] [22m    id: [32m'6928cf79fe9ff406e6610feb'[39m,
[2m[WebServer] [22m    workEmail: [32m'hr.hr.hr@example.com'[39m,
[2m[WebServer] [22m    roles: [ [32m'HR Manager'[39m ],
[2m[WebServer] [22m    permissions: [],
[2m[WebServer] [22m    primaryDepartmentId: [32m'6751fe51d3a38a950ba40c11'[39m,
[2m[WebServer] [22m    employeeNumber: [32m'EMP-1019'[39m
[2m[WebServer] [22m  },
[2m[WebServer] [22m  info: [90mundefined[39m
[2m[WebServer] [22m}
[2m[WebServer] [22mΓ£à JwtAuthGuard SUCCESS ΓåÆ user authenticated: 6928cf79fe9ff406e6610feb
[2m[WebServer] [22m≡ƒöÑ RolesGuard running!
[2m[WebServer] [22m
[2m[WebServer] [22m===== ROLE GUARD =====
[2m[WebServer] [22mRequired roles: [
[2m[WebServer] [22m  [32m'department employee'[39m,
[2m[WebServer] [22m  [32m'HR Employee'[39m,
[2m[WebServer] [22m  [32m'department head'[39m,
[2m[WebServer] [22m  [32m'HR Manager'[39m,
[2m[WebServer] [22m  [32m'HR Admin'[39m,
[2m[WebServer] [22m  [32m'System Admin'[39m
[2m[WebServer] [22m]
[2m[WebServer] [22mUser object: {
[2m[WebServer] [22m  id: [32m'6928cf79fe9ff406e6610feb'[39m,
[2m[WebServer] [22m  workEmail: [32m'hr.hr.hr@example.com'[39m,
[2m[WebServer] [22m  roles: [ [32m'HR Manager'[39m ],
[2m[WebServer] [22m  permissions: [],
[2m[WebServer] [22m  primaryDepartmentId: [32m'6751fe51d3a38a950ba40c11'[39m,
[2m[WebServer] [22m  employeeNumber: [32m'EMP-1019'[39m
[2m[WebServer] [22m}
[2m[WebServer] [22mNormalized user roles: [ [32m'hr manager'[39m ]
[2m[WebServer] [22mNormalized required roles: [
[2m[WebServer] [22m  [32m'department employee'[39m,
[2m[WebServer] [22m  [32m'hr employee'[39m,
[2m[WebServer] [22m  [32m'department head'[39m,
[2m[WebServer] [22m  [32m'hr manager'[39m,
[2m[WebServer] [22m  [32m'hr admin'[39m,
[2m[WebServer] [22m  [32m'system admin'[39m
[2m[WebServer] [22m]
[2m[WebServer] [22mHas required role? [33mtrue[39m
[2m[WebServer] [22mΓ£ö ACCESS GRANTED Γ£ö
[2m[WebServer] [22m≡ƒöì [TrackingController] getMyBalances: {
[2m[WebServer] [22m  query: [Object: null prototype] {},
[2m[WebServer] [22m  userId: [32m'6928cf79fe9ff406e6610feb'[39m
[2m[WebServer] [22m}
[2m[WebServer] [22m≡ƒöÑ JwtAuthGuard: canActivate CALLED
[2m[WebServer] [22m≡ƒöì JWT Extractor - All cookies: {
[2m[WebServer] [22m  accessToken: [32m'eyJhbGciOiJIUzI1NiIsInR5cCI6IkpXVCJ9.eyJzdWIiOiI2OTI4Y2Y3OWZlOWZmNDA2ZTY2MTBmZWIiLCJ3b3JrRW1haWwiOiJoci5oci5ockBleGFtcGxlLmNvbSIsInJvbGVzIjpbIkhSIE1hbmFnZXIiXSwicGVybWlzc2lvbnMiOltdLCJwcmltYXJ5RGVwYXJ0bWVudElkIjoiNjc1MWZlNTFkM2EzOGE5NTBiYTQwYzExIiwiZW1wbG95ZWVOdW1iZXIiOiJFTVAtMTAxOSIsImlhdCI6MTc2NTk4MzE3NiwiZXhwIjoxNzY2MDY5NTc2fQ.SsFCkWu7tVJABNumtMRHa6f3r7YEt9OAMQ3euhylIeY'[39m
[2m[WebServer] [22m}
[2m[WebServer] [22m≡ƒöì JWT Extractor - Headers: accessToken=eyJhbGciOiJIUzI1NiIsInR5cCI6IkpXVCJ9.eyJzdWIiOiI2OTI4Y2Y3OWZlOWZmNDA2ZTY2MTBmZWIiLCJ3b3JrRW1haWwiOiJoci5oci5ockBleGFtcGxlLmNvbSIsInJvbGVzIjpbIkhSIE1hbmFnZXIiXSwicGVybWlzc2lvbnMiOltdLCJwcmltYXJ5RGVwYXJ0bWVudElkIjoiNjc1MWZlNTFkM2EzOGE5NTBiYTQwYzExIiwiZW1wbG95ZWVOdW1iZXIiOiJFTVAtMTAxOSIsImlhdCI6MTc2NTk4MzE3NiwiZXhwIjoxNzY2MDY5NTc2fQ.SsFCkWu7tVJABNumtMRHa6f3r7YEt9OAMQ3euhylIeY
[2m[WebServer] [22m≡ƒöì JWT Extractor - accessToken: FOUND
[2m[WebServer] [22mJwtStrategy VALIDATE: {
[2m[WebServer] [22m  sub: [32m'6928cf79fe9ff406e6610feb'[39m,
[2m[WebServer] [22m  workEmail: [32m'hr.hr.hr@example.com'[39m,
[2m[WebServer] [22m  roles: [ [32m'HR Manager'[39m ],
[2m[WebServer] [22m  permissions: [],
[2m[WebServer] [22m  primaryDepartmentId: [32m'6751fe51d3a38a950ba40c11'[39m,
[2m[WebServer] [22m  employeeNumber: [32m'EMP-1019'[39m,
[2m[WebServer] [22m  iat: [33m1765983176[39m,
[2m[WebServer] [22m  exp: [33m1766069576[39m
[2m[WebServer] [22m}
[2m[WebServer] [22m≡ƒöÑ JwtAuthGuard: handleRequest() {
[2m[WebServer] [22m  err: [1mnull[22m,
[2m[WebServer] [22m  user: {
[2m[WebServer] [22m    id: [32m'6928cf79fe9ff406e6610feb'[39m,
[2m[WebServer] [22m    workEmail: [32m'hr.hr.hr@example.com'[39m,
[2m[WebServer] [22m    roles: [ [32m'HR Manager'[39m ],
[2m[WebServer] [22m    permissions: [],
[2m[WebServer] [22m    primaryDepartmentId: [32m'6751fe51d3a38a950ba40c11'[39m,
[2m[WebServer] [22m    employeeNumber: [32m'EMP-1019'[39m
[2m[WebServer] [22m  },
[2m[WebServer] [22m  info: [90mundefined[39m
[2m[WebServer] [22m}
[2m[WebServer] [22mΓ£à JwtAuthGuard SUCCESS ΓåÆ user authenticated: 6928cf79fe9ff406e6610feb
[2m[WebServer] [22m≡ƒöÑ RolesGuard running!
[2m[WebServer] [22m
[2m[WebServer] [22m===== ROLE GUARD =====
[2m[WebServer] [22mRequired roles: [
[2m[WebServer] [22m  [32m'department employee'[39m,
[2m[WebServer] [22m  [32m'HR Employee'[39m,
[2m[WebServer] [22m  [32m'department head'[39m,
[2m[WebServer] [22m  [32m'HR Manager'[39m,
[2m[WebServer] [22m  [32m'HR Admin'[39m,
[2m[WebServer] [22m  [32m'System Admin'[39m
[2m[WebServer] [22m]
[2m[WebServer] [22mUser object: {
[2m[WebServer] [22m  id: [32m'6928cf79fe9ff406e6610feb'[39m,
[2m[WebServer] [22m  workEmail: [32m'hr.hr.hr@example.com'[39m,
[2m[WebServer] [22m  roles: [ [32m'HR Manager'[39m ],
[2m[WebServer] [22m  permissions: [],
[2m[WebServer] [22m  primaryDepartmentId: [32m'6751fe51d3a38a950ba40c11'[39m,
[2m[WebServer] [22m  employeeNumber: [32m'EMP-1019'[39m
[2m[WebServer] [22m}
[2m[WebServer] [22mNormalized user roles: [ [32m'hr manager'[39m ]
[2m[WebServer] [22mNormalized required roles: [
[2m[WebServer] [22m  [32m'department employee'[39m,
[2m[WebServer] [22m  [32m'hr employee'[39m,
[2m[WebServer] [22m  [32m'department head'[39m,
[2m[WebServer] [22m  [32m'hr manager'[39m,
[2m[WebServer] [22m  [32m'hr admin'[39m,
[2m[WebServer] [22m  [32m'system admin'[39m
[2m[WebServer] [22m]
[2m[WebServer] [22mHas required role? [33mtrue[39m
[2m[WebServer] [22mΓ£ö ACCESS GRANTED Γ£ö
[2m[WebServer] [22m≡ƒöì [TrackingController] getMyHistory: {
[2m[WebServer] [22m  filters: [Object: null prototype] {},
[2m[WebServer] [22m  userId: [32m'6928cf79fe9ff406e6610feb'[39m
[2m[WebServer] [22m}
Γ£à Policy management accessible - REQ-009 validated
  Γ£ô  38 [chromium] ΓÇ║ leave-tests.spec.ts:581:7 ΓÇ║ ≡ƒæö HR MANAGER (EMP-1019) - System-Wide Management ΓÇ║ Γ£à N1: Define leave policies (REQ-009) (9.3s)
≡ƒöÉ Logging in as: hr.hr.hr@example.com
[2m[WebServer] [22m GET /login [32m200[39m in 35ms[2m (compile: 2ms, render: 33ms)[22m
[2m[WebServer] [22m≡ƒöÑ JwtAuthGuard: canActivate CALLED
[2m[WebServer] [22m≡ƒöì JWT Extractor - All cookies: [Object: null prototype] {}
[2m[WebServer] [22m≡ƒöì JWT Extractor - Headers: [90mundefined[39m
[2m[WebServer] [22m≡ƒöì JWT Extractor - accessToken: NOT FOUND
[2m[WebServer] [22m≡ƒöÑ JwtAuthGuard: handleRequest() {
[2m[WebServer] [22m  err: [1mnull[22m,
[2m[WebServer] [22m  user: [33mfalse[39m,
[2m[WebServer] [22m  info: Error: No auth token
[2m[WebServer] [22m      at JwtStrategy.authenticate [90m(C:\Users\Bedon\Desktop\semester-5-software-project\backend\[39mnode_modules\[4mpassport-jwt[24m\lib\strategy.js:96:26[90m)[39m
[2m[WebServer] [22m      at attempt [90m(C:\Users\Bedon\Desktop\semester-5-software-project\backend\[39mnode_modules\[4mpassport[24m\lib\middleware\authenticate.js:378:16[90m)[39m
[2m[WebServer] [22m      at authenticate [90m(C:\Users\Bedon\Desktop\semester-5-software-project\backend\[39mnode_modules\[4mpassport[24m\lib\middleware\authenticate.js:379:7[90m)[39m
[2m[WebServer] [22m      at [90mC:\Users\Bedon\Desktop\semester-5-software-project\backend\[39mnode_modules\[4m@nestjs[24m\passport\dist\auth.guard.js:88:3
[2m[WebServer] [22m      at new Promise (<anonymous>)
[2m[WebServer] [22m      at [90mC:\Users\Bedon\Desktop\semester-5-software-project\backend\[39mnode_modules\[4m@nestjs[24m\passport\dist\auth.guard.js:80:83
[2m[WebServer] [22m      at JwtAuthGuard.canActivate [90m(C:\Users\Bedon\Desktop\semester-5-software-project\backend\[39mnode_modules\[4m@nestjs[24m\passport\dist\auth.guard.js:44:32[90m)[39m
[2m[WebServer] [22m  [90m    at process.processTicksAndRejections (node:internal/process/task_queues:105:5)[39m
[2m[WebServer] [22m}
[2m[WebServer] [22mΓ¥î JwtAuthGuard INFO: Error: No auth token
[2m[WebServer] [22m    at JwtStrategy.authenticate 
[90m(C:\Users\Bedon\Desktop\semester-5-software-project\backend\[39mnode_modules\[4mpassport-jwt[24m\lib\strategy.js:96:26[90m)[39m
[2m[WebServer] [22m    at attempt [90m(C:\Users\Bedon\Desktop\semester-5-software-project\backend\[39mnode_modules\[4mpassport[24m\lib\mi
ddleware\authenticate.js:378:16[90m)[39m
[2m[WebServer] [22m    at authenticate [90m(C:\Users\Bedon\Desktop\semester-5-software-project\backend\[39mnode_modules\[4mpassport[24m\l
ib\middleware\authenticate.js:379:7[90m)[39m
[2m[WebServer] [22m    at 
[90mC:\Users\Bedon\Desktop\semester-5-software-project\backend\[39mnode_modules\[4m@nestjs[24m\passport\dist\auth.guard.js:88:3
[2m[WebServer] [22m    at new Promise (<anonymous>)
[2m[WebServer] [22m    at 
[90mC:\Users\Bedon\Desktop\semester-5-software-project\backend\[39mnode_modules\[4m@nestjs[24m\passport\dist\auth.guard.js:80:83
[2m[WebServer] [22m    at JwtAuthGuard.canActivate [90m(C:\Users\Bedon\Desktop\semester-5-software-project\backend\[39mnode_modules\[4m@ne
stjs[24m\passport\dist\auth.guard.js:44:32[90m)[39m
[2m[WebServer] [22m[90m    at process.processTicksAndRejections (node:internal/process/task_queues:105:5)[39m
[2m[WebServer] [22mΓ¥î JwtAuthGuard FAILING ΓåÆ No auth token
[2m[WebServer] [22mVALIDATE EMPLOYEE - systemRole = {
[2m[WebServer] [22m  _id: new ObjectId([32m'6928cf79fe9ff406e6610fed'[39m),
[2m[WebServer] [22m  employeeProfileId: new ObjectId([32m'6928cf79fe9ff406e6610feb'[39m),
[2m[WebServer] [22m  roles: [ [32m'HR Manager'[39m ],
[2m[WebServer] [22m  permissions: [],
[2m[WebServer] [22m  isActive: [33mtrue[39m,
[2m[WebServer] [22m  createdAt: [35m2025-11-27T22:23:53.913Z[39m,
[2m[WebServer] [22m  updatedAt: [35m2025-11-27T22:23:53.913Z[39m,
[2m[WebServer] [22m  __v: [33m0[39m
[2m[WebServer] [22m}
[2m[WebServer] [22mGenerated token: eyJhbGciOiJIUzI1NiIsInR5cCI6IkpXVCJ9.eyJzdWIiOiI2OTI4Y2Y3OWZlOWZmNDA2ZTY2MTBmZWIiLCJ3b3JrRW1haWwiOiJoci5oci5ockBleGFtcGxlLmNvbSIsInJvbGVzIjpbIkhSIE1hbmFnZXIiXSwicGVybWlzc2lvbnMiOltdLCJwcmltYXJ5RGVwYXJ0bWVudElkIjoiNjc1MWZlNTFkM2EzOGE5NTBiYTQwYzExIiwiZW1wbG95ZWVOdW1iZXIiOiJFTVAtMTAxOSIsImlhdCI6MTc2NTk4MzE4NSwiZXhwIjoxNzY2MDY5NTg1fQ.TUsGgO4xZD0582wsAdpJd3-ECjLzrKlUr6Gj1hXV030
[2m[WebServer] [22m GET /leaves [32m200[39m in 37ms[2m (compile: 17ms, render: 20ms)[22m
[2m[WebServer] [22m≡ƒöÑ JwtAuthGuard: canActivate CALLED
[2m[WebServer] [22m≡ƒöì JWT Extractor - All cookies: {
[2m[WebServer] [22m  accessToken: [32m'eyJhbGciOiJIUzI1NiIsInR5cCI6IkpXVCJ9.eyJzdWIiOiI2OTI4Y2Y3OWZlOWZmNDA2ZTY2MTBmZWIiLCJ3b3JrRW1haWwiOiJoci5oci5ockBleGFtcGxlLmNvbSIsInJvbGVzIjpbIkhSIE1hbmFnZXIiXSwicGVybWlzc2lvbnMiOltdLCJwcmltYXJ5RGVwYXJ0bWVudElkIjoiNjc1MWZlNTFkM2EzOGE5NTBiYTQwYzExIiwiZW1wbG95ZWVOdW1iZXIiOiJFTVAtMTAxOSIsImlhdCI6MTc2NTk4MzE4NSwiZXhwIjoxNzY2MDY5NTg1fQ.TUsGgO4xZD0582wsAdpJd3-ECjLzrKlUr6Gj1hXV030'[39m
[2m[WebServer] [22m}
[2m[WebServer] [22m≡ƒöì JWT Extractor - Headers: accessToken=eyJhbGciOiJIUzI1NiIsInR5cCI6IkpXVCJ9.eyJzdWIiOiI2OTI4Y2Y3OWZlOWZmNDA2ZTY2MTBmZWIiLCJ3b3JrRW1haWwiOiJoci5oci5ockBleGFtcGxlLmNvbSIsInJvbGVzIjpbIkhSIE1hbmFnZXIiXSwicGVybWlzc2lvbnMiOltdLCJwcmltYXJ5RGVwYXJ0bWVudElkIjoiNjc1MWZlNTFkM2EzOGE5NTBiYTQwYzExIiwiZW1wbG95ZWVOdW1iZXIiOiJFTVAtMTAxOSIsImlhdCI6MTc2NTk4MzE4NSwiZXhwIjoxNzY2MDY5NTg1fQ.TUsGgO4xZD0582wsAdpJd3-ECjLzrKlUr6Gj1hXV030
[2m[WebServer] [22m≡ƒöì JWT Extractor - accessToken: FOUND
[2m[WebServer] [22mJwtStrategy VALIDATE: {
[2m[WebServer] [22m  sub: [32m'6928cf79fe9ff406e6610feb'[39m,
[2m[WebServer] [22m  workEmail: [32m'hr.hr.hr@example.com'[39m,
[2m[WebServer] [22m  roles: [ [32m'HR Manager'[39m ],
[2m[WebServer] [22m  permissions: [],
[2m[WebServer] [22m  primaryDepartmentId: [32m'6751fe51d3a38a950ba40c11'[39m,
[2m[WebServer] [22m  employeeNumber: [32m'EMP-1019'[39m,
[2m[WebServer] [22m  iat: [33m1765983185[39m,
[2m[WebServer] [22m  exp: [33m1766069585[39m
[2m[WebServer] [22m}
[2m[WebServer] [22m≡ƒöÑ JwtAuthGuard: handleRequest() {
[2m[WebServer] [22m  err: [1mnull[22m,
[2m[WebServer] [22m  user: {
[2m[WebServer] [22m    id: [32m'6928cf79fe9ff406e6610feb'[39m,
[2m[WebServer] [22m    workEmail: [32m'hr.hr.hr@example.com'[39m,
[2m[WebServer] [22m    roles: [ [32m'HR Manager'[39m ],
[2m[WebServer] [22m    permissions: [],
[2m[WebServer] [22m    primaryDepartmentId: [32m'6751fe51d3a38a950ba40c11'[39m,
[2m[WebServer] [22m    employeeNumber: [32m'EMP-1019'[39m
[2m[WebServer] [22m  },
[2m[WebServer] [22m  info: [90mundefined[39m
[2m[WebServer] [22m}
[2m[WebServer] [22mΓ£à JwtAuthGuard SUCCESS ΓåÆ user authenticated: 6928cf79fe9ff406e6610feb
[2m[WebServer] [22m≡ƒöÑ RolesGuard running!
[2m[WebServer] [22m
[2m[WebServer] [22m===== ROLE GUARD =====
[2m[WebServer] [22mRequired roles: [
[2m[WebServer] [22m  [32m'department employee'[39m,
[2m[WebServer] [22m  [32m'HR Employee'[39m,
[2m[WebServer] [22m  [32m'department head'[39m,
[2m[WebServer] [22m  [32m'HR Manager'[39m,
[2m[WebServer] [22m  [32m'HR Admin'[39m,
[2m[WebServer] [22m  [32m'System Admin'[39m
[2m[WebServer] [22m]
[2m[WebServer] [22mUser object: {
[2m[WebServer] [22m  id: [32m'6928cf79fe9ff406e6610feb'[39m,
[2m[WebServer] [22m  workEmail: [32m'hr.hr.hr@example.com'[39m,
[2m[WebServer] [22m  roles: [ [32m'HR Manager'[39m ],
[2m[WebServer] [22m  permissions: [],
[2m[WebServer] [22m  primaryDepartmentId: [32m'6751fe51d3a38a950ba40c11'[39m,
[2m[WebServer] [22m  employeeNumber: [32m'EMP-1019'[39m
[2m[WebServer] [22m}
[2m[WebServer] [22mNormalized user roles: [ [32m'hr manager'[39m ]
[2m[WebServer] [22mNormalized required roles: [
[2m[WebServer] [22m  [32m'department employee'[39m,
[2m[WebServer] [22m  [32m'hr employee'[39m,
[2m[WebServer] [22m  [32m'department head'[39m,
[2m[WebServer] [22m  [32m'hr manager'[39m,
[2m[WebServer] [22m  [32m'hr admin'[39m,
[2m[WebServer] [22m  [32m'system admin'[39m
[2m[WebServer] [22m]
[2m[WebServer] [22mHas required role? [33mtrue[39m
[2m[WebServer] [22mΓ£ö ACCESS GRANTED Γ£ö
[2m[WebServer] [22m≡ƒöì [TrackingController] getMyBalances: {
[2m[WebServer] [22m  query: [Object: null prototype] {},
[2m[WebServer] [22m  userId: [32m'6928cf79fe9ff406e6610feb'[39m
[2m[WebServer] [22m}
[2m[WebServer] [22m≡ƒöÑ JwtAuthGuard: canActivate CALLED
[2m[WebServer] [22m≡ƒöì JWT Extractor - All cookies: {
[2m[WebServer] [22m  accessToken: [32m'eyJhbGciOiJIUzI1NiIsInR5cCI6IkpXVCJ9.eyJzdWIiOiI2OTI4Y2Y3OWZlOWZmNDA2ZTY2MTBmZWIiLCJ3b3JrRW1haWwiOiJoci5oci5ockBleGFtcGxlLmNvbSIsInJvbGVzIjpbIkhSIE1hbmFnZXIiXSwicGVybWlzc2lvbnMiOltdLCJwcmltYXJ5RGVwYXJ0bWVudElkIjoiNjc1MWZlNTFkM2EzOGE5NTBiYTQwYzExIiwiZW1wbG95ZWVOdW1iZXIiOiJFTVAtMTAxOSIsImlhdCI6MTc2NTk4MzE4NSwiZXhwIjoxNzY2MDY5NTg1fQ.TUsGgO4xZD0582wsAdpJd3-ECjLzrKlUr6Gj1hXV030'[39m
[2m[WebServer] [22m}
[2m[WebServer] [22m≡ƒöì JWT Extractor - Headers: accessToken=eyJhbGciOiJIUzI1NiIsInR5cCI6IkpXVCJ9.eyJzdWIiOiI2OTI4Y2Y3OWZlOWZmNDA2ZTY2MTBmZWIiLCJ3b3JrRW1haWwiOiJoci5oci5ockBleGFtcGxlLmNvbSIsInJvbGVzIjpbIkhSIE1hbmFnZXIiXSwicGVybWlzc2lvbnMiOltdLCJwcmltYXJ5RGVwYXJ0bWVudElkIjoiNjc1MWZlNTFkM2EzOGE5NTBiYTQwYzExIiwiZW1wbG95ZWVOdW1iZXIiOiJFTVAtMTAxOSIsImlhdCI6MTc2NTk4MzE4NSwiZXhwIjoxNzY2MDY5NTg1fQ.TUsGgO4xZD0582wsAdpJd3-ECjLzrKlUr6Gj1hXV030
[2m[WebServer] [22m≡ƒöì JWT Extractor - accessToken: FOUND
[2m[WebServer] [22mJwtStrategy VALIDATE: {
[2m[WebServer] [22m  sub: [32m'6928cf79fe9ff406e6610feb'[39m,
[2m[WebServer] [22m  workEmail: [32m'hr.hr.hr@example.com'[39m,
[2m[WebServer] [22m  roles: [ [32m'HR Manager'[39m ],
[2m[WebServer] [22m  permissions: [],
[2m[WebServer] [22m  primaryDepartmentId: [32m'6751fe51d3a38a950ba40c11'[39m,
[2m[WebServer] [22m  employeeNumber: [32m'EMP-1019'[39m,
[2m[WebServer] [22m  iat: [33m1765983185[39m,
[2m[WebServer] [22m  exp: [33m1766069585[39m
[2m[WebServer] [22m}
[2m[WebServer] [22m≡ƒöÑ JwtAuthGuard: handleRequest() {
[2m[WebServer] [22m  err: [1mnull[22m,
[2m[WebServer] [22m  user: {
[2m[WebServer] [22m    id: [32m'6928cf79fe9ff406e6610feb'[39m,
[2m[WebServer] [22m    workEmail: [32m'hr.hr.hr@example.com'[39m,
[2m[WebServer] [22m    roles: [ [32m'HR Manager'[39m ],
[2m[WebServer] [22m    permissions: [],
[2m[WebServer] [22m    primaryDepartmentId: [32m'6751fe51d3a38a950ba40c11'[39m,
[2m[WebServer] [22m    employeeNumber: [32m'EMP-1019'[39m
[2m[WebServer] [22m  },
[2m[WebServer] [22m  info: [90mundefined[39m
[2m[WebServer] [22m}
[2m[WebServer] [22mΓ£à JwtAuthGuard SUCCESS ΓåÆ user authenticated: 6928cf79fe9ff406e6610feb
[2m[WebServer] [22m≡ƒöÑ RolesGuard running!
[2m[WebServer] [22m
[2m[WebServer] [22m===== ROLE GUARD =====
[2m[WebServer] [22mRequired roles: [
[2m[WebServer] [22m  [32m'department employee'[39m,
[2m[WebServer] [22m  [32m'HR Employee'[39m,
[2m[WebServer] [22m  [32m'department head'[39m,
[2m[WebServer] [22m  [32m'HR Manager'[39m,
[2m[WebServer] [22m  [32m'HR Admin'[39m,
[2m[WebServer] [22m  [32m'System Admin'[39m
[2m[WebServer] [22m]
[2m[WebServer] [22mUser object: {
[2m[WebServer] [22m  id: [32m'6928cf79fe9ff406e6610feb'[39m,
[2m[WebServer] [22m  workEmail: [32m'hr.hr.hr@example.com'[39m,
[2m[WebServer] [22m  roles: [ [32m'HR Manager'[39m ],
[2m[WebServer] [22m  permissions: [],
[2m[WebServer] [22m  primaryDepartmentId: [32m'6751fe51d3a38a950ba40c11'[39m,
[2m[WebServer] [22m  employeeNumber: [32m'EMP-1019'[39m
[2m[WebServer] [22m}
[2m[WebServer] [22mNormalized user roles: [ [32m'hr manager'[39m ]
[2m[WebServer] [22mNormalized required roles: [
[2m[WebServer] [22m  [32m'department employee'[39m,
[2m[WebServer] [22m  [32m'hr employee'[39m,
[2m[WebServer] [22m  [32m'department head'[39m,
[2m[WebServer] [22m  [32m'hr manager'[39m,
[2m[WebServer] [22m  [32m'hr admin'[39m,
[2m[WebServer] [22m  [32m'system admin'[39m
[2m[WebServer] [22m]
[2m[WebServer] [22mHas required role? [33mtrue[39m
[2m[WebServer] [22mΓ£ö ACCESS GRANTED Γ£ö
[2m[WebServer] [22m≡ƒöì [TrackingController] getMyHistory: {
[2m[WebServer] [22m  filters: [Object: null prototype] {},
[2m[WebServer] [22m  userId: [32m'6928cf79fe9ff406e6610feb'[39m
[2m[WebServer] [22m}
Γ£à Login successful
≡ƒÜ½ Testing: REQ-008 (Blocked periods)
[2m[WebServer] [22m GET /leaves [32m200[39m in 48ms[2m (compile: 2ms, render: 45ms)[22m
[2m[WebServer] [22m≡ƒöÑ JwtAuthGuard: canActivate CALLED
[2m[WebServer] [22m≡ƒöì JWT Extractor - All cookies: {
[2m[WebServer] [22m  accessToken: [32m'eyJhbGciOiJIUzI1NiIsInR5cCI6IkpXVCJ9.eyJzdWIiOiI2OTI4Y2Y3OWZlOWZmNDA2ZTY2MTBmZWIiLCJ3b3JrRW1haWwiOiJoci5oci5ockBleGFtcGxlLmNvbSIsInJvbGVzIjpbIkhSIE1hbmFnZXIiXSwicGVybWlzc2lvbnMiOltdLCJwcmltYXJ5RGVwYXJ0bWVudElkIjoiNjc1MWZlNTFkM2EzOGE5NTBiYTQwYzExIiwiZW1wbG95ZWVOdW1iZXIiOiJFTVAtMTAxOSIsImlhdCI6MTc2NTk4MzE4NSwiZXhwIjoxNzY2MDY5NTg1fQ.TUsGgO4xZD0582wsAdpJd3-ECjLzrKlUr6Gj1hXV030'[39m
[2m[WebServer] [22m}
[2m[WebServer] [22m≡ƒöì JWT Extractor - Headers: accessToken=eyJhbGciOiJIUzI1NiIsInR5cCI6IkpXVCJ9.eyJzdWIiOiI2OTI4Y2Y3OWZlOWZmNDA2ZTY2MTBmZWIiLCJ3b3JrRW1haWwiOiJoci5oci5ockBleGFtcGxlLmNvbSIsInJvbGVzIjpbIkhSIE1hbmFnZXIiXSwicGVybWlzc2lvbnMiOltdLCJwcmltYXJ5RGVwYXJ0bWVudElkIjoiNjc1MWZlNTFkM2EzOGE5NTBiYTQwYzExIiwiZW1wbG95ZWVOdW1iZXIiOiJFTVAtMTAxOSIsImlhdCI6MTc2NTk4MzE4NSwiZXhwIjoxNzY2MDY5NTg1fQ.TUsGgO4xZD0582wsAdpJd3-ECjLzrKlUr6Gj1hXV030
[2m[WebServer] [22m≡ƒöì JWT Extractor - accessToken: FOUND
[2m[WebServer] [22mJwtStrategy VALIDATE: {
[2m[WebServer] [22m  sub: [32m'6928cf79fe9ff406e6610feb'[39m,
[2m[WebServer] [22m  workEmail: [32m'hr.hr.hr@example.com'[39m,
[2m[WebServer] [22m  roles: [ [32m'HR Manager'[39m ],
[2m[WebServer] [22m  permissions: [],
[2m[WebServer] [22m  primaryDepartmentId: [32m'6751fe51d3a38a950ba40c11'[39m,
[2m[WebServer] [22m  employeeNumber: [32m'EMP-1019'[39m,
[2m[WebServer] [22m  iat: [33m1765983185[39m,
[2m[WebServer] [22m  exp: [33m1766069585[39m
[2m[WebServer] [22m}
[2m[WebServer] [22m≡ƒöÑ JwtAuthGuard: handleRequest() {
[2m[WebServer] [22m  err: [1mnull[22m,
[2m[WebServer] [22m  user: {
[2m[WebServer] [22m    id: [32m'6928cf79fe9ff406e6610feb'[39m,
[2m[WebServer] [22m    workEmail: [32m'hr.hr.hr@example.com'[39m,
[2m[WebServer] [22m    roles: [ [32m'HR Manager'[39m ],
[2m[WebServer] [22m    permissions: [],
[2m[WebServer] [22m    primaryDepartmentId: [32m'6751fe51d3a38a950ba40c11'[39m,
[2m[WebServer] [22m    employeeNumber: [32m'EMP-1019'[39m
[2m[WebServer] [22m  },
[2m[WebServer] [22m  info: [90mundefined[39m
[2m[WebServer] [22m}
[2m[WebServer] [22mΓ£à JwtAuthGuard SUCCESS ΓåÆ user authenticated: 6928cf79fe9ff406e6610feb
[2m[WebServer] [22m≡ƒöÑ JwtAuthGuard: canActivate CALLED
[2m[WebServer] [22m≡ƒöì JWT Extractor - All cookies: {
[2m[WebServer] [22m  accessToken: [32m'eyJhbGciOiJIUzI1NiIsInR5cCI6IkpXVCJ9.eyJzdWIiOiI2OTI4Y2Y3OWZlOWZmNDA2ZTY2MTBmZWIiLCJ3b3JrRW1haWwiOiJoci5oci5ockBleGFtcGxlLmNvbSIsInJvbGVzIjpbIkhSIE1hbmFnZXIiXSwicGVybWlzc2lvbnMiOltdLCJwcmltYXJ5RGVwYXJ0bWVudElkIjoiNjc1MWZlNTFkM2EzOGE5NTBiYTQwYzExIiwiZW1wbG95ZWVOdW1iZXIiOiJFTVAtMTAxOSIsImlhdCI6MTc2NTk4MzE4NSwiZXhwIjoxNzY2MDY5NTg1fQ.TUsGgO4xZD0582wsAdpJd3-ECjLzrKlUr6Gj1hXV030'[39m
[2m[WebServer] [22m}
[2m[WebServer] [22m≡ƒöì JWT Extractor - Headers: accessToken=eyJhbGciOiJIUzI1NiIsInR5cCI6IkpXVCJ9.eyJzdWIiOiI2OTI4Y2Y3OWZlOWZmNDA2ZTY2MTBmZWIiLCJ3b3JrRW1haWwiOiJoci5oci5ockBleGFtcGxlLmNvbSIsInJvbGVzIjpbIkhSIE1hbmFnZXIiXSwicGVybWlzc2lvbnMiOltdLCJwcmltYXJ5RGVwYXJ0bWVudElkIjoiNjc1MWZlNTFkM2EzOGE5NTBiYTQwYzExIiwiZW1wbG95ZWVOdW1iZXIiOiJFTVAtMTAxOSIsImlhdCI6MTc2NTk4MzE4NSwiZXhwIjoxNzY2MDY5NTg1fQ.TUsGgO4xZD0582wsAdpJd3-ECjLzrKlUr6Gj1hXV030
[2m[WebServer] [22m≡ƒöì JWT Extractor - accessToken: FOUND
[2m[WebServer] [22mJwtStrategy VALIDATE: {
[2m[WebServer] [22m  sub: [32m'6928cf79fe9ff406e6610feb'[39m,
[2m[WebServer] [22m  workEmail: [32m'hr.hr.hr@example.com'[39m,
[2m[WebServer] [22m  roles: [ [32m'HR Manager'[39m ],
[2m[WebServer] [22m  permissions: [],
[2m[WebServer] [22m  primaryDepartmentId: [32m'6751fe51d3a38a950ba40c11'[39m,
[2m[WebServer] [22m  employeeNumber: [32m'EMP-1019'[39m,
[2m[WebServer] [22m  iat: [33m1765983185[39m,
[2m[WebServer] [22m  exp: [33m1766069585[39m
[2m[WebServer] [22m}
[2m[WebServer] [22m≡ƒöÑ JwtAuthGuard: handleRequest() {
[2m[WebServer] [22m  err: [1mnull[22m,
[2m[WebServer] [22m  user: {
[2m[WebServer] [22m    id: [32m'6928cf79fe9ff406e6610feb'[39m,
[2m[WebServer] [22m    workEmail: [32m'hr.hr.hr@example.com'[39m,
[2m[WebServer] [22m    roles: [ [32m'HR Manager'[39m ],
[2m[WebServer] [22m    permissions: [],
[2m[WebServer] [22m    primaryDepartmentId: [32m'6751fe51d3a38a950ba40c11'[39m,
[2m[WebServer] [22m    employeeNumber: [32m'EMP-1019'[39m
[2m[WebServer] [22m  },
[2m[WebServer] [22m  info: [90mundefined[39m
[2m[WebServer] [22m}
[2m[WebServer] [22mΓ£à JwtAuthGuard SUCCESS ΓåÆ user authenticated: 6928cf79fe9ff406e6610feb
[2m[WebServer] [22m≡ƒöÑ RolesGuard running!
[2m[WebServer] [22m
[2m[WebServer] [22m===== ROLE GUARD =====
[2m[WebServer] [22mRequired roles: [
[2m[WebServer] [22m  [32m'department employee'[39m,
[2m[WebServer] [22m  [32m'HR Employee'[39m,
[2m[WebServer] [22m  [32m'department head'[39m,
[2m[WebServer] [22m  [32m'HR Manager'[39m,
[2m[WebServer] [22m  [32m'HR Admin'[39m,
[2m[WebServer] [22m  [32m'System Admin'[39m
[2m[WebServer] [22m]
[2m[WebServer] [22mUser object: {
[2m[WebServer] [22m  id: [32m'6928cf79fe9ff406e6610feb'[39m,
[2m[WebServer] [22m  workEmail: [32m'hr.hr.hr@example.com'[39m,
[2m[WebServer] [22m  roles: [ [32m'HR Manager'[39m ],
[2m[WebServer] [22m  permissions: [],
[2m[WebServer] [22m  primaryDepartmentId: [32m'6751fe51d3a38a950ba40c11'[39m,
[2m[WebServer] [22m  employeeNumber: [32m'EMP-1019'[39m
[2m[WebServer] [22m}
[2m[WebServer] [22mNormalized user roles: [ [32m'hr manager'[39m ]
[2m[WebServer] [22mNormalized required roles: [
[2m[WebServer] [22m  [32m'department employee'[39m,
[2m[WebServer] [22m  [32m'hr employee'[39m,
[2m[WebServer] [22m  [32m'department head'[39m,
[2m[WebServer] [22m  [32m'hr manager'[39m,
[2m[WebServer] [22m  [32m'hr admin'[39m,
[2m[WebServer] [22m  [32m'system admin'[39m
[2m[WebServer] [22m]
[2m[WebServer] [22mHas required role? [33mtrue[39m
[2m[WebServer] [22mΓ£ö ACCESS GRANTED Γ£ö
[2m[WebServer] [22m≡ƒöì [TrackingController] getMyBalances: {
[2m[WebServer] [22m  query: [Object: null prototype] {},
[2m[WebServer] [22m  userId: [32m'6928cf79fe9ff406e6610feb'[39m
[2m[WebServer] [22m}
[2m[WebServer] [22m≡ƒöÑ JwtAuthGuard: canActivate CALLED
[2m[WebServer] [22m≡ƒöì JWT Extractor - All cookies: {
[2m[WebServer] [22m  accessToken: [32m'eyJhbGciOiJIUzI1NiIsInR5cCI6IkpXVCJ9.eyJzdWIiOiI2OTI4Y2Y3OWZlOWZmNDA2ZTY2MTBmZWIiLCJ3b3JrRW1haWwiOiJoci5oci5ockBleGFtcGxlLmNvbSIsInJvbGVzIjpbIkhSIE1hbmFnZXIiXSwicGVybWlzc2lvbnMiOltdLCJwcmltYXJ5RGVwYXJ0bWVudElkIjoiNjc1MWZlNTFkM2EzOGE5NTBiYTQwYzExIiwiZW1wbG95ZWVOdW1iZXIiOiJFTVAtMTAxOSIsImlhdCI6MTc2NTk4MzE4NSwiZXhwIjoxNzY2MDY5NTg1fQ.TUsGgO4xZD0582wsAdpJd3-ECjLzrKlUr6Gj1hXV030'[39m
[2m[WebServer] [22m}
[2m[WebServer] [22m≡ƒöì JWT Extractor - Headers: accessToken=eyJhbGciOiJIUzI1NiIsInR5cCI6IkpXVCJ9.eyJzdWIiOiI2OTI4Y2Y3OWZlOWZmNDA2ZTY2MTBmZWIiLCJ3b3JrRW1haWwiOiJoci5oci5ockBleGFtcGxlLmNvbSIsInJvbGVzIjpbIkhSIE1hbmFnZXIiXSwicGVybWlzc2lvbnMiOltdLCJwcmltYXJ5RGVwYXJ0bWVudElkIjoiNjc1MWZlNTFkM2EzOGE5NTBiYTQwYzExIiwiZW1wbG95ZWVOdW1iZXIiOiJFTVAtMTAxOSIsImlhdCI6MTc2NTk4MzE4NSwiZXhwIjoxNzY2MDY5NTg1fQ.TUsGgO4xZD0582wsAdpJd3-ECjLzrKlUr6Gj1hXV030
[2m[WebServer] [22m≡ƒöì JWT Extractor - accessToken: FOUND
[2m[WebServer] [22mJwtStrategy VALIDATE: {
[2m[WebServer] [22m  sub: [32m'6928cf79fe9ff406e6610feb'[39m,
[2m[WebServer] [22m  workEmail: [32m'hr.hr.hr@example.com'[39m,
[2m[WebServer] [22m  roles: [ [32m'HR Manager'[39m ],
[2m[WebServer] [22m  permissions: [],
[2m[WebServer] [22m  primaryDepartmentId: [32m'6751fe51d3a38a950ba40c11'[39m,
[2m[WebServer] [22m  employeeNumber: [32m'EMP-1019'[39m,
[2m[WebServer] [22m  iat: [33m1765983185[39m,
[2m[WebServer] [22m  exp: [33m1766069585[39m
[2m[WebServer] [22m}
[2m[WebServer] [22m≡ƒöÑ JwtAuthGuard: handleRequest() {
[2m[WebServer] [22m  err: [1mnull[22m,
[2m[WebServer] [22m  user: {
[2m[WebServer] [22m    id: [32m'6928cf79fe9ff406e6610feb'[39m,
[2m[WebServer] [22m    workEmail: [32m'hr.hr.hr@example.com'[39m,
[2m[WebServer] [22m    roles: [ [32m'HR Manager'[39m ],
[2m[WebServer] [22m    permissions: [],
[2m[WebServer] [22m    primaryDepartmentId: [32m'6751fe51d3a38a950ba40c11'[39m,
[2m[WebServer] [22m    employeeNumber: [32m'EMP-1019'[39m
[2m[WebServer] [22m  },
[2m[WebServer] [22m  info: [90mundefined[39m
[2m[WebServer] [22m}
[2m[WebServer] [22mΓ£à JwtAuthGuard SUCCESS ΓåÆ user authenticated: 6928cf79fe9ff406e6610feb
[2m[WebServer] [22m≡ƒöÑ RolesGuard running!
[2m[WebServer] [22m
[2m[WebServer] [22m===== ROLE GUARD =====
[2m[WebServer] [22mRequired roles: [
[2m[WebServer] [22m  [32m'department employee'[39m,
[2m[WebServer] [22m  [32m'HR Employee'[39m,
[2m[WebServer] [22m  [32m'department head'[39m,
[2m[WebServer] [22m  [32m'HR Manager'[39m,
[2m[WebServer] [22m  [32m'HR Admin'[39m,
[2m[WebServer] [22m  [32m'System Admin'[39m
[2m[WebServer] [22m]
[2m[WebServer] [22mUser object: {
[2m[WebServer] [22m  id: [32m'6928cf79fe9ff406e6610feb'[39m,
[2m[WebServer] [22m  workEmail: [32m'hr.hr.hr@example.com'[39m,
[2m[WebServer] [22m  roles: [ [32m'HR Manager'[39m ],
[2m[WebServer] [22m  permissions: [],
[2m[WebServer] [22m  primaryDepartmentId: [32m'6751fe51d3a38a950ba40c11'[39m,
[2m[WebServer] [22m  employeeNumber: [32m'EMP-1019'[39m
[2m[WebServer] [22m}
[2m[WebServer] [22mNormalized user roles: [ [32m'hr manager'[39m ]
[2m[WebServer] [22mNormalized required roles: [
[2m[WebServer] [22m  [32m'department employee'[39m,
[2m[WebServer] [22m  [32m'hr employee'[39m,
[2m[WebServer] [22m  [32m'department head'[39m,
[2m[WebServer] [22m  [32m'hr manager'[39m,
[2m[WebServer] [22m  [32m'hr admin'[39m,
[2m[WebServer] [22m  [32m'system admin'[39m
[2m[WebServer] [22m]
[2m[WebServer] [22mHas required role? [33mtrue[39m
[2m[WebServer] [22mΓ£ö ACCESS GRANTED Γ£ö
[2m[WebServer] [22m≡ƒöì [TrackingController] getMyHistory: {
[2m[WebServer] [22m  filters: [Object: null prototype] {},
[2m[WebServer] [22m  userId: [32m'6928cf79fe9ff406e6610feb'[39m
[2m[WebServer] [22m}
Γ£à Blocked periods management accessible - REQ-008 validated
  Γ£ô  39 [chromium] ΓÇ║ leave-tests.spec.ts:591:7 ΓÇ║ ≡ƒæö HR MANAGER (EMP-1019) - System-Wide Management ΓÇ║ Γ£à N2: Manage blocked periods (REQ-008) (9.2s)
≡ƒöÉ Logging in as: hr.hr.hr@example.com
[2m[WebServer] [22m GET /login [32m200[39m in 34ms[2m (compile: 2ms, render: 32ms)[22m
[2m[WebServer] [22m≡ƒöÑ JwtAuthGuard: canActivate CALLED
[2m[WebServer] [22m≡ƒöì JWT Extractor - All cookies: [Object: null prototype] {}
[2m[WebServer] [22m≡ƒöì JWT Extractor - Headers: [90mundefined[39m
[2m[WebServer] [22m≡ƒöì JWT Extractor - accessToken: NOT FOUND
[2m[WebServer] [22m≡ƒöÑ JwtAuthGuard: handleRequest() {
[2m[WebServer] [22m  err: [1mnull[22m,
[2m[WebServer] [22m  user: [33mfalse[39m,
[2m[WebServer] [22m  info: Error: No auth token
[2m[WebServer] [22m      at JwtStrategy.authenticate [90m(C:\Users\Bedon\Desktop\semester-5-software-project\backend\[39mnode_modules\[4mpassport-jwt[24m\lib\strategy.js:96:26[90m)[39m
[2m[WebServer] [22m      at attempt [90m(C:\Users\Bedon\Desktop\semester-5-software-project\backend\[39mnode_modules\[4mpassport[24m\lib\middleware\authenticate.js:378:16[90m)[39m
[2m[WebServer] [22m      at authenticate [90m(C:\Users\Bedon\Desktop\semester-5-software-project\backend\[39mnode_modules\[4mpassport[24m\lib\middleware\authenticate.js:379:7[90m)[39m
[2m[WebServer] [22m      at [90mC:\Users\Bedon\Desktop\semester-5-software-project\backend\[39mnode_modules\[4m@nestjs[24m\passport\dist\auth.guard.js:88:3
[2m[WebServer] [22m      at new Promise (<anonymous>)
[2m[WebServer] [22m      at [90mC:\Users\Bedon\Desktop\semester-5-software-project\backend\[39mnode_modules\[4m@nestjs[24m\passport\dist\auth.guard.js:80:83
[2m[WebServer] [22m      at JwtAuthGuard.canActivate [90m(C:\Users\Bedon\Desktop\semester-5-software-project\backend\[39mnode_modules\[4m@nestjs[24m\passport\dist\auth.guard.js:44:32[90m)[39m
[2m[WebServer] [22m  [90m    at process.processTicksAndRejections (node:internal/process/task_queues:105:5)[39m
[2m[WebServer] [22m}
[2m[WebServer] [22mΓ¥î JwtAuthGuard INFO: Error: No auth token
[2m[WebServer] [22m    at JwtStrategy.authenticate 
[90m(C:\Users\Bedon\Desktop\semester-5-software-project\backend\[39mnode_modules\[4mpassport-jwt[24m\lib\strategy.js:96:26[90m)[39m
[2m[WebServer] [22m    at attempt [90m(C:\Users\Bedon\Desktop\semester-5-software-project\backend\[39mnode_modules\[4mpassport[24m\lib\mi
ddleware\authenticate.js:378:16[90m)[39m
[2m[WebServer] [22m    at authenticate [90m(C:\Users\Bedon\Desktop\semester-5-software-project\backend\[39mnode_modules\[4mpassport[24m\l
ib\middleware\authenticate.js:379:7[90m)[39m
[2m[WebServer] [22m    at 
[90mC:\Users\Bedon\Desktop\semester-5-software-project\backend\[39mnode_modules\[4m@nestjs[24m\passport\dist\auth.guard.js:88:3
[2m[WebServer] [22m    at new Promise (<anonymous>)
[2m[WebServer] [22m    at 
[90mC:\Users\Bedon\Desktop\semester-5-software-project\backend\[39mnode_modules\[4m@nestjs[24m\passport\dist\auth.guard.js:80:83
[2m[WebServer] [22m    at JwtAuthGuard.canActivate [90m(C:\Users\Bedon\Desktop\semester-5-software-project\backend\[39mnode_modules\[4m@ne
stjs[24m\passport\dist\auth.guard.js:44:32[90m)[39m
[2m[WebServer] [22m[90m    at process.processTicksAndRejections (node:internal/process/task_queues:105:5)[39m
[2m[WebServer] [22mΓ¥î JwtAuthGuard FAILING ΓåÆ No auth token
[2m[WebServer] [22mVALIDATE EMPLOYEE - systemRole = {
[2m[WebServer] [22m  _id: new ObjectId([32m'6928cf79fe9ff406e6610fed'[39m),
[2m[WebServer] [22m  employeeProfileId: new ObjectId([32m'6928cf79fe9ff406e6610feb'[39m),
[2m[WebServer] [22m  roles: [ [32m'HR Manager'[39m ],
[2m[WebServer] [22m  permissions: [],
[2m[WebServer] [22m  isActive: [33mtrue[39m,
[2m[WebServer] [22m  createdAt: [35m2025-11-27T22:23:53.913Z[39m,
[2m[WebServer] [22m  updatedAt: [35m2025-11-27T22:23:53.913Z[39m,
[2m[WebServer] [22m  __v: [33m0[39m
[2m[WebServer] [22m}
[2m[WebServer] [22mGenerated token: eyJhbGciOiJIUzI1NiIsInR5cCI6IkpXVCJ9.eyJzdWIiOiI2OTI4Y2Y3OWZlOWZmNDA2ZTY2MTBmZWIiLCJ3b3JrRW1haWwiOiJoci5oci5ockBleGFtcGxlLmNvbSIsInJvbGVzIjpbIkhSIE1hbmFnZXIiXSwicGVybWlzc2lvbnMiOltdLCJwcmltYXJ5RGVwYXJ0bWVudElkIjoiNjc1MWZlNTFkM2EzOGE5NTBiYTQwYzExIiwiZW1wbG95ZWVOdW1iZXIiOiJFTVAtMTAxOSIsImlhdCI6MTc2NTk4MzE5NCwiZXhwIjoxNzY2MDY5NTk0fQ.qY3SsqmP3s1M66B-s_M1G9T545vU-gEAN2av0zUqGxg
[2m[WebServer] [22m GET /leaves [32m200[39m in 17ms[2m (compile: 3ms, render: 13ms)[22m
[2m[WebServer] [22m≡ƒöÑ JwtAuthGuard: canActivate CALLED
[2m[WebServer] [22m≡ƒöì JWT Extractor - All cookies: {
[2m[WebServer] [22m  accessToken: [32m'eyJhbGciOiJIUzI1NiIsInR5cCI6IkpXVCJ9.eyJzdWIiOiI2OTI4Y2Y3OWZlOWZmNDA2ZTY2MTBmZWIiLCJ3b3JrRW1haWwiOiJoci5oci5ockBleGFtcGxlLmNvbSIsInJvbGVzIjpbIkhSIE1hbmFnZXIiXSwicGVybWlzc2lvbnMiOltdLCJwcmltYXJ5RGVwYXJ0bWVudElkIjoiNjc1MWZlNTFkM2EzOGE5NTBiYTQwYzExIiwiZW1wbG95ZWVOdW1iZXIiOiJFTVAtMTAxOSIsImlhdCI6MTc2NTk4MzE5NCwiZXhwIjoxNzY2MDY5NTk0fQ.qY3SsqmP3s1M66B-s_M1G9T545vU-gEAN2av0zUqGxg'[39m
[2m[WebServer] [22m}
[2m[WebServer] [22m≡ƒöì JWT Extractor - Headers: accessToken=eyJhbGciOiJIUzI1NiIsInR5cCI6IkpXVCJ9.eyJzdWIiOiI2OTI4Y2Y3OWZlOWZmNDA2ZTY2MTBmZWIiLCJ3b3JrRW1haWwiOiJoci5oci5ockBleGFtcGxlLmNvbSIsInJvbGVzIjpbIkhSIE1hbmFnZXIiXSwicGVybWlzc2lvbnMiOltdLCJwcmltYXJ5RGVwYXJ0bWVudElkIjoiNjc1MWZlNTFkM2EzOGE5NTBiYTQwYzExIiwiZW1wbG95ZWVOdW1iZXIiOiJFTVAtMTAxOSIsImlhdCI6MTc2NTk4MzE5NCwiZXhwIjoxNzY2MDY5NTk0fQ.qY3SsqmP3s1M66B-s_M1G9T545vU-gEAN2av0zUqGxg
[2m[WebServer] [22m≡ƒöì JWT Extractor - accessToken: FOUND
[2m[WebServer] [22mJwtStrategy VALIDATE: {
[2m[WebServer] [22m  sub: [32m'6928cf79fe9ff406e6610feb'[39m,
[2m[WebServer] [22m  workEmail: [32m'hr.hr.hr@example.com'[39m,
[2m[WebServer] [22m  roles: [ [32m'HR Manager'[39m ],
[2m[WebServer] [22m  permissions: [],
[2m[WebServer] [22m  primaryDepartmentId: [32m'6751fe51d3a38a950ba40c11'[39m,
[2m[WebServer] [22m  employeeNumber: [32m'EMP-1019'[39m,
[2m[WebServer] [22m  iat: [33m1765983194[39m,
[2m[WebServer] [22m  exp: [33m1766069594[39m
[2m[WebServer] [22m}
[2m[WebServer] [22m≡ƒöÑ JwtAuthGuard: handleRequest() {
[2m[WebServer] [22m  err: [1mnull[22m,
[2m[WebServer] [22m  user: {
[2m[WebServer] [22m    id: [32m'6928cf79fe9ff406e6610feb'[39m,
[2m[WebServer] [22m    workEmail: [32m'hr.hr.hr@example.com'[39m,
[2m[WebServer] [22m    roles: [ [32m'HR Manager'[39m ],
[2m[WebServer] [22m    permissions: [],
[2m[WebServer] [22m    primaryDepartmentId: [32m'6751fe51d3a38a950ba40c11'[39m,
[2m[WebServer] [22m    employeeNumber: [32m'EMP-1019'[39m
[2m[WebServer] [22m  },
[2m[WebServer] [22m  info: [90mundefined[39m
[2m[WebServer] [22m}
[2m[WebServer] [22mΓ£à JwtAuthGuard SUCCESS ΓåÆ user authenticated: 6928cf79fe9ff406e6610feb
[2m[WebServer] [22m≡ƒöÑ RolesGuard running!
[2m[WebServer] [22m
[2m[WebServer] [22m===== ROLE GUARD =====
[2m[WebServer] [22mRequired roles: [
[2m[WebServer] [22m  [32m'department employee'[39m,
[2m[WebServer] [22m  [32m'HR Employee'[39m,
[2m[WebServer] [22m  [32m'department head'[39m,
[2m[WebServer] [22m  [32m'HR Manager'[39m,
[2m[WebServer] [22m  [32m'HR Admin'[39m,
[2m[WebServer] [22m  [32m'System Admin'[39m
[2m[WebServer] [22m]
[2m[WebServer] [22mUser object: {
[2m[WebServer] [22m  id: [32m'6928cf79fe9ff406e6610feb'[39m,
[2m[WebServer] [22m  workEmail: [32m'hr.hr.hr@example.com'[39m,
[2m[WebServer] [22m  roles: [ [32m'HR Manager'[39m ],
[2m[WebServer] [22m  permissions: [],
[2m[WebServer] [22m  primaryDepartmentId: [32m'6751fe51d3a38a950ba40c11'[39m,
[2m[WebServer] [22m  employeeNumber: [32m'EMP-1019'[39m
[2m[WebServer] [22m}
[2m[WebServer] [22mNormalized user roles: [ [32m'hr manager'[39m ]
[2m[WebServer] [22mNormalized required roles: [
[2m[WebServer] [22m  [32m'department employee'[39m,
[2m[WebServer] [22m  [32m'hr employee'[39m,
[2m[WebServer] [22m  [32m'department head'[39m,
[2m[WebServer] [22m  [32m'hr manager'[39m,
[2m[WebServer] [22m  [32m'hr admin'[39m,
[2m[WebServer] [22m  [32m'system admin'[39m
[2m[WebServer] [22m]
[2m[WebServer] [22mHas required role? [33mtrue[39m
[2m[WebServer] [22mΓ£ö ACCESS GRANTED Γ£ö
[2m[WebServer] [22m≡ƒöì [TrackingController] getMyBalances: {
[2m[WebServer] [22m  query: [Object: null prototype] {},
[2m[WebServer] [22m  userId: [32m'6928cf79fe9ff406e6610feb'[39m
[2m[WebServer] [22m}
[2m[WebServer] [22m≡ƒöÑ JwtAuthGuard: canActivate CALLED
[2m[WebServer] [22m≡ƒöì JWT Extractor - All cookies: {
[2m[WebServer] [22m  accessToken: [32m'eyJhbGciOiJIUzI1NiIsInR5cCI6IkpXVCJ9.eyJzdWIiOiI2OTI4Y2Y3OWZlOWZmNDA2ZTY2MTBmZWIiLCJ3b3JrRW1haWwiOiJoci5oci5ockBleGFtcGxlLmNvbSIsInJvbGVzIjpbIkhSIE1hbmFnZXIiXSwicGVybWlzc2lvbnMiOltdLCJwcmltYXJ5RGVwYXJ0bWVudElkIjoiNjc1MWZlNTFkM2EzOGE5NTBiYTQwYzExIiwiZW1wbG95ZWVOdW1iZXIiOiJFTVAtMTAxOSIsImlhdCI6MTc2NTk4MzE5NCwiZXhwIjoxNzY2MDY5NTk0fQ.qY3SsqmP3s1M66B-s_M1G9T545vU-gEAN2av0zUqGxg'[39m
[2m[WebServer] [22m}
[2m[WebServer] [22m≡ƒöì JWT Extractor - Headers: accessToken=eyJhbGciOiJIUzI1NiIsInR5cCI6IkpXVCJ9.eyJzdWIiOiI2OTI4Y2Y3OWZlOWZmNDA2ZTY2MTBmZWIiLCJ3b3JrRW1haWwiOiJoci5oci5ockBleGFtcGxlLmNvbSIsInJvbGVzIjpbIkhSIE1hbmFnZXIiXSwicGVybWlzc2lvbnMiOltdLCJwcmltYXJ5RGVwYXJ0bWVudElkIjoiNjc1MWZlNTFkM2EzOGE5NTBiYTQwYzExIiwiZW1wbG95ZWVOdW1iZXIiOiJFTVAtMTAxOSIsImlhdCI6MTc2NTk4MzE5NCwiZXhwIjoxNzY2MDY5NTk0fQ.qY3SsqmP3s1M66B-s_M1G9T545vU-gEAN2av0zUqGxg
[2m[WebServer] [22m≡ƒöì JWT Extractor - accessToken: FOUND
[2m[WebServer] [22mJwtStrategy VALIDATE: {
[2m[WebServer] [22m  sub: [32m'6928cf79fe9ff406e6610feb'[39m,
[2m[WebServer] [22m  workEmail: [32m'hr.hr.hr@example.com'[39m,
[2m[WebServer] [22m  roles: [ [32m'HR Manager'[39m ],
[2m[WebServer] [22m  permissions: [],
[2m[WebServer] [22m  primaryDepartmentId: [32m'6751fe51d3a38a950ba40c11'[39m,
[2m[WebServer] [22m  employeeNumber: [32m'EMP-1019'[39m,
[2m[WebServer] [22m  iat: [33m1765983194[39m,
[2m[WebServer] [22m  exp: [33m1766069594[39m
[2m[WebServer] [22m}
[2m[WebServer] [22m≡ƒöÑ JwtAuthGuard: handleRequest() {
[2m[WebServer] [22m  err: [1mnull[22m,
[2m[WebServer] [22m  user: {
[2m[WebServer] [22m    id: [32m'6928cf79fe9ff406e6610feb'[39m,
[2m[WebServer] [22m    workEmail: [32m'hr.hr.hr@example.com'[39m,
[2m[WebServer] [22m    roles: [ [32m'HR Manager'[39m ],
[2m[WebServer] [22m    permissions: [],
[2m[WebServer] [22m    primaryDepartmentId: [32m'6751fe51d3a38a950ba40c11'[39m,
[2m[WebServer] [22m    employeeNumber: [32m'EMP-1019'[39m
[2m[WebServer] [22m  },
[2m[WebServer] [22m  info: [90mundefined[39m
[2m[WebServer] [22m}
[2m[WebServer] [22mΓ£à JwtAuthGuard SUCCESS ΓåÆ user authenticated: 6928cf79fe9ff406e6610feb
[2m[WebServer] [22m≡ƒöÑ RolesGuard running!
[2m[WebServer] [22m
[2m[WebServer] [22m===== ROLE GUARD =====
[2m[WebServer] [22mRequired roles: [
[2m[WebServer] [22m  [32m'department employee'[39m,
[2m[WebServer] [22m  [32m'HR Employee'[39m,
[2m[WebServer] [22m  [32m'department head'[39m,
[2m[WebServer] [22m  [32m'HR Manager'[39m,
[2m[WebServer] [22m  [32m'HR Admin'[39m,
[2m[WebServer] [22m  [32m'System Admin'[39m
[2m[WebServer] [22m]
[2m[WebServer] [22mUser object: {
[2m[WebServer] [22m  id: [32m'6928cf79fe9ff406e6610feb'[39m,
[2m[WebServer] [22m  workEmail: [32m'hr.hr.hr@example.com'[39m,
[2m[WebServer] [22m  roles: [ [32m'HR Manager'[39m ],
[2m[WebServer] [22m  permissions: [],
[2m[WebServer] [22m  primaryDepartmentId: [32m'6751fe51d3a38a950ba40c11'[39m,
[2m[WebServer] [22m  employeeNumber: [32m'EMP-1019'[39m
[2m[WebServer] [22m}
[2m[WebServer] [22mNormalized user roles: [ [32m'hr manager'[39m ]
[2m[WebServer] [22mNormalized required roles: [
[2m[WebServer] [22m  [32m'department employee'[39m,
[2m[WebServer] [22m  [32m'hr employee'[39m,
[2m[WebServer] [22m  [32m'department head'[39m,
[2m[WebServer] [22m  [32m'hr manager'[39m,
[2m[WebServer] [22m  [32m'hr admin'[39m,
[2m[WebServer] [22m  [32m'system admin'[39m
[2m[WebServer] [22m]
[2m[WebServer] [22mHas required role? [33mtrue[39m
[2m[WebServer] [22mΓ£ö ACCESS GRANTED Γ£ö
[2m[WebServer] [22m≡ƒöì [TrackingController] getMyHistory: {
[2m[WebServer] [22m  filters: [Object: null prototype] {},
[2m[WebServer] [22m  userId: [32m'6928cf79fe9ff406e6610feb'[39m
[2m[WebServer] [22m}
Γ£à Login successful
≡ƒÄë Testing: REQ-010 (Public holidays)
[2m[WebServer] [22m GET /leaves [32m200[39m in 41ms[2m (compile: 2ms, render: 38ms)[22m
[2m[WebServer] [22m≡ƒöÑ JwtAuthGuard: canActivate CALLED
[2m[WebServer] [22m≡ƒöì JWT Extractor - All cookies: {
[2m[WebServer] [22m  accessToken: [32m'eyJhbGciOiJIUzI1NiIsInR5cCI6IkpXVCJ9.eyJzdWIiOiI2OTI4Y2Y3OWZlOWZmNDA2ZTY2MTBmZWIiLCJ3b3JrRW1haWwiOiJoci5oci5ockBleGFtcGxlLmNvbSIsInJvbGVzIjpbIkhSIE1hbmFnZXIiXSwicGVybWlzc2lvbnMiOltdLCJwcmltYXJ5RGVwYXJ0bWVudElkIjoiNjc1MWZlNTFkM2EzOGE5NTBiYTQwYzExIiwiZW1wbG95ZWVOdW1iZXIiOiJFTVAtMTAxOSIsImlhdCI6MTc2NTk4MzE5NCwiZXhwIjoxNzY2MDY5NTk0fQ.qY3SsqmP3s1M66B-s_M1G9T545vU-gEAN2av0zUqGxg'[39m
[2m[WebServer] [22m}
[2m[WebServer] [22m≡ƒöì JWT Extractor - Headers: accessToken=eyJhbGciOiJIUzI1NiIsInR5cCI6IkpXVCJ9.eyJzdWIiOiI2OTI4Y2Y3OWZlOWZmNDA2ZTY2MTBmZWIiLCJ3b3JrRW1haWwiOiJoci5oci5ockBleGFtcGxlLmNvbSIsInJvbGVzIjpbIkhSIE1hbmFnZXIiXSwicGVybWlzc2lvbnMiOltdLCJwcmltYXJ5RGVwYXJ0bWVudElkIjoiNjc1MWZlNTFkM2EzOGE5NTBiYTQwYzExIiwiZW1wbG95ZWVOdW1iZXIiOiJFTVAtMTAxOSIsImlhdCI6MTc2NTk4MzE5NCwiZXhwIjoxNzY2MDY5NTk0fQ.qY3SsqmP3s1M66B-s_M1G9T545vU-gEAN2av0zUqGxg
[2m[WebServer] [22m≡ƒöì JWT Extractor - accessToken: FOUND
[2m[WebServer] [22mJwtStrategy VALIDATE: {
[2m[WebServer] [22m  sub: [32m'6928cf79fe9ff406e6610feb'[39m,
[2m[WebServer] [22m  workEmail: [32m'hr.hr.hr@example.com'[39m,
[2m[WebServer] [22m  roles: [ [32m'HR Manager'[39m ],
[2m[WebServer] [22m  permissions: [],
[2m[WebServer] [22m  primaryDepartmentId: [32m'6751fe51d3a38a950ba40c11'[39m,
[2m[WebServer] [22m  employeeNumber: [32m'EMP-1019'[39m,
[2m[WebServer] [22m  iat: [33m1765983194[39m,
[2m[WebServer] [22m  exp: [33m1766069594[39m
[2m[WebServer] [22m}
[2m[WebServer] [22m≡ƒöÑ JwtAuthGuard: handleRequest() {
[2m[WebServer] [22m  err: [1mnull[22m,
[2m[WebServer] [22m  user: {
[2m[WebServer] [22m    id: [32m'6928cf79fe9ff406e6610feb'[39m,
[2m[WebServer] [22m    workEmail: [32m'hr.hr.hr@example.com'[39m,
[2m[WebServer] [22m    roles: [ [32m'HR Manager'[39m ],
[2m[WebServer] [22m    permissions: [],
[2m[WebServer] [22m    primaryDepartmentId: [32m'6751fe51d3a38a950ba40c11'[39m,
[2m[WebServer] [22m    employeeNumber: [32m'EMP-1019'[39m
[2m[WebServer] [22m  },
[2m[WebServer] [22m  info: [90mundefined[39m
[2m[WebServer] [22m}
[2m[WebServer] [22mΓ£à JwtAuthGuard SUCCESS ΓåÆ user authenticated: 6928cf79fe9ff406e6610feb
[2m[WebServer] [22m≡ƒöÑ JwtAuthGuard: canActivate CALLED
[2m[WebServer] [22m≡ƒöì JWT Extractor - All cookies: {
[2m[WebServer] [22m  accessToken: [32m'eyJhbGciOiJIUzI1NiIsInR5cCI6IkpXVCJ9.eyJzdWIiOiI2OTI4Y2Y3OWZlOWZmNDA2ZTY2MTBmZWIiLCJ3b3JrRW1haWwiOiJoci5oci5ockBleGFtcGxlLmNvbSIsInJvbGVzIjpbIkhSIE1hbmFnZXIiXSwicGVybWlzc2lvbnMiOltdLCJwcmltYXJ5RGVwYXJ0bWVudElkIjoiNjc1MWZlNTFkM2EzOGE5NTBiYTQwYzExIiwiZW1wbG95ZWVOdW1iZXIiOiJFTVAtMTAxOSIsImlhdCI6MTc2NTk4MzE5NCwiZXhwIjoxNzY2MDY5NTk0fQ.qY3SsqmP3s1M66B-s_M1G9T545vU-gEAN2av0zUqGxg'[39m
[2m[WebServer] [22m}
[2m[WebServer] [22m≡ƒöì JWT Extractor - Headers: accessToken=eyJhbGciOiJIUzI1NiIsInR5cCI6IkpXVCJ9.eyJzdWIiOiI2OTI4Y2Y3OWZlOWZmNDA2ZTY2MTBmZWIiLCJ3b3JrRW1haWwiOiJoci5oci5ockBleGFtcGxlLmNvbSIsInJvbGVzIjpbIkhSIE1hbmFnZXIiXSwicGVybWlzc2lvbnMiOltdLCJwcmltYXJ5RGVwYXJ0bWVudElkIjoiNjc1MWZlNTFkM2EzOGE5NTBiYTQwYzExIiwiZW1wbG95ZWVOdW1iZXIiOiJFTVAtMTAxOSIsImlhdCI6MTc2NTk4MzE5NCwiZXhwIjoxNzY2MDY5NTk0fQ.qY3SsqmP3s1M66B-s_M1G9T545vU-gEAN2av0zUqGxg
[2m[WebServer] [22m≡ƒöì JWT Extractor - accessToken: FOUND
[2m[WebServer] [22mJwtStrategy VALIDATE: {
[2m[WebServer] [22m  sub: [32m'6928cf79fe9ff406e6610feb'[39m,
[2m[WebServer] [22m  workEmail: [32m'hr.hr.hr@example.com'[39m,
[2m[WebServer] [22m  roles: [ [32m'HR Manager'[39m ],
[2m[WebServer] [22m  permissions: [],
[2m[WebServer] [22m  primaryDepartmentId: [32m'6751fe51d3a38a950ba40c11'[39m,
[2m[WebServer] [22m  employeeNumber: [32m'EMP-1019'[39m,
[2m[WebServer] [22m  iat: [33m1765983194[39m,
[2m[WebServer] [22m  exp: [33m1766069594[39m
[2m[WebServer] [22m}
[2m[WebServer] [22m≡ƒöÑ JwtAuthGuard: handleRequest() {
[2m[WebServer] [22m  err: [1mnull[22m,
[2m[WebServer] [22m  user: {
[2m[WebServer] [22m    id: [32m'6928cf79fe9ff406e6610feb'[39m,
[2m[WebServer] [22m    workEmail: [32m'hr.hr.hr@example.com'[39m,
[2m[WebServer] [22m    roles: [ [32m'HR Manager'[39m ],
[2m[WebServer] [22m    permissions: [],
[2m[WebServer] [22m    primaryDepartmentId: [32m'6751fe51d3a38a950ba40c11'[39m,
[2m[WebServer] [22m    employeeNumber: [32m'EMP-1019'[39m
[2m[WebServer] [22m  },
[2m[WebServer] [22m  info: [90mundefined[39m
[2m[WebServer] [22m}
[2m[WebServer] [22mΓ£à JwtAuthGuard SUCCESS ΓåÆ user authenticated: 6928cf79fe9ff406e6610feb
[2m[WebServer] [22m≡ƒöÑ RolesGuard running!
[2m[WebServer] [22m
[2m[WebServer] [22m===== ROLE GUARD =====
[2m[WebServer] [22mRequired roles: [
[2m[WebServer] [22m  [32m'department employee'[39m,
[2m[WebServer] [22m  [32m'HR Employee'[39m,
[2m[WebServer] [22m  [32m'department head'[39m,
[2m[WebServer] [22m  [32m'HR Manager'[39m,
[2m[WebServer] [22m  [32m'HR Admin'[39m,
[2m[WebServer] [22m  [32m'System Admin'[39m
[2m[WebServer] [22m]
[2m[WebServer] [22mUser object: {
[2m[WebServer] [22m  id: [32m'6928cf79fe9ff406e6610feb'[39m,
[2m[WebServer] [22m  workEmail: [32m'hr.hr.hr@example.com'[39m,
[2m[WebServer] [22m  roles: [ [32m'HR Manager'[39m ],
[2m[WebServer] [22m  permissions: [],
[2m[WebServer] [22m  primaryDepartmentId: [32m'6751fe51d3a38a950ba40c11'[39m,
[2m[WebServer] [22m  employeeNumber: [32m'EMP-1019'[39m
[2m[WebServer] [22m}
[2m[WebServer] [22mNormalized user roles: [ [32m'hr manager'[39m ]
[2m[WebServer] [22mNormalized required roles: [
[2m[WebServer] [22m  [32m'department employee'[39m,
[2m[WebServer] [22m  [32m'hr employee'[39m,
[2m[WebServer] [22m  [32m'department head'[39m,
[2m[WebServer] [22m  [32m'hr manager'[39m,
[2m[WebServer] [22m  [32m'hr admin'[39m,
[2m[WebServer] [22m  [32m'system admin'[39m
[2m[WebServer] [22m]
[2m[WebServer] [22mHas required role? [33mtrue[39m
[2m[WebServer] [22mΓ£ö ACCESS GRANTED Γ£ö
[2m[WebServer] [22m≡ƒöì [TrackingController] getMyBalances: {
[2m[WebServer] [22m  query: [Object: null prototype] {},
[2m[WebServer] [22m  userId: [32m'6928cf79fe9ff406e6610feb'[39m
[2m[WebServer] [22m}
[2m[WebServer] [22m≡ƒöÑ JwtAuthGuard: canActivate CALLED
[2m[WebServer] [22m≡ƒöì JWT Extractor - All cookies: {
[2m[WebServer] [22m  accessToken: [32m'eyJhbGciOiJIUzI1NiIsInR5cCI6IkpXVCJ9.eyJzdWIiOiI2OTI4Y2Y3OWZlOWZmNDA2ZTY2MTBmZWIiLCJ3b3JrRW1haWwiOiJoci5oci5ockBleGFtcGxlLmNvbSIsInJvbGVzIjpbIkhSIE1hbmFnZXIiXSwicGVybWlzc2lvbnMiOltdLCJwcmltYXJ5RGVwYXJ0bWVudElkIjoiNjc1MWZlNTFkM2EzOGE5NTBiYTQwYzExIiwiZW1wbG95ZWVOdW1iZXIiOiJFTVAtMTAxOSIsImlhdCI6MTc2NTk4MzE5NCwiZXhwIjoxNzY2MDY5NTk0fQ.qY3SsqmP3s1M66B-s_M1G9T545vU-gEAN2av0zUqGxg'[39m
[2m[WebServer] [22m}
[2m[WebServer] [22m≡ƒöì JWT Extractor - Headers: accessToken=eyJhbGciOiJIUzI1NiIsInR5cCI6IkpXVCJ9.eyJzdWIiOiI2OTI4Y2Y3OWZlOWZmNDA2ZTY2MTBmZWIiLCJ3b3JrRW1haWwiOiJoci5oci5ockBleGFtcGxlLmNvbSIsInJvbGVzIjpbIkhSIE1hbmFnZXIiXSwicGVybWlzc2lvbnMiOltdLCJwcmltYXJ5RGVwYXJ0bWVudElkIjoiNjc1MWZlNTFkM2EzOGE5NTBiYTQwYzExIiwiZW1wbG95ZWVOdW1iZXIiOiJFTVAtMTAxOSIsImlhdCI6MTc2NTk4MzE5NCwiZXhwIjoxNzY2MDY5NTk0fQ.qY3SsqmP3s1M66B-s_M1G9T545vU-gEAN2av0zUqGxg
[2m[WebServer] [22m≡ƒöì JWT Extractor - accessToken: FOUND
[2m[WebServer] [22mJwtStrategy VALIDATE: {
[2m[WebServer] [22m  sub: [32m'6928cf79fe9ff406e6610feb'[39m,
[2m[WebServer] [22m  workEmail: [32m'hr.hr.hr@example.com'[39m,
[2m[WebServer] [22m  roles: [ [32m'HR Manager'[39m ],
[2m[WebServer] [22m  permissions: [],
[2m[WebServer] [22m  primaryDepartmentId: [32m'6751fe51d3a38a950ba40c11'[39m,
[2m[WebServer] [22m  employeeNumber: [32m'EMP-1019'[39m,
[2m[WebServer] [22m  iat: [33m1765983194[39m,
[2m[WebServer] [22m  exp: [33m1766069594[39m
[2m[WebServer] [22m}
[2m[WebServer] [22m≡ƒöÑ JwtAuthGuard: handleRequest() {
[2m[WebServer] [22m  err: [1mnull[22m,
[2m[WebServer] [22m  user: {
[2m[WebServer] [22m    id: [32m'6928cf79fe9ff406e6610feb'[39m,
[2m[WebServer] [22m    workEmail: [32m'hr.hr.hr@example.com'[39m,
[2m[WebServer] [22m    roles: [ [32m'HR Manager'[39m ],
[2m[WebServer] [22m    permissions: [],
[2m[WebServer] [22m    primaryDepartmentId: [32m'6751fe51d3a38a950ba40c11'[39m,
[2m[WebServer] [22m    employeeNumber: [32m'EMP-1019'[39m
[2m[WebServer] [22m  },
[2m[WebServer] [22m  info: [90mundefined[39m
[2m[WebServer] [22m}
[2m[WebServer] [22mΓ£à JwtAuthGuard SUCCESS ΓåÆ user authenticated: 6928cf79fe9ff406e6610feb
[2m[WebServer] [22m≡ƒöÑ RolesGuard running!
[2m[WebServer] [22m
[2m[WebServer] [22m===== ROLE GUARD =====
[2m[WebServer] [22mRequired roles: [
[2m[WebServer] [22m  [32m'department employee'[39m,
[2m[WebServer] [22m  [32m'HR Employee'[39m,
[2m[WebServer] [22m  [32m'department head'[39m,
[2m[WebServer] [22m  [32m'HR Manager'[39m,
[2m[WebServer] [22m  [32m'HR Admin'[39m,
[2m[WebServer] [22m  [32m'System Admin'[39m
[2m[WebServer] [22m]
[2m[WebServer] [22mUser object: {
[2m[WebServer] [22m  id: [32m'6928cf79fe9ff406e6610feb'[39m,
[2m[WebServer] [22m  workEmail: [32m'hr.hr.hr@example.com'[39m,
[2m[WebServer] [22m  roles: [ [32m'HR Manager'[39m ],
[2m[WebServer] [22m  permissions: [],
[2m[WebServer] [22m  primaryDepartmentId: [32m'6751fe51d3a38a950ba40c11'[39m,
[2m[WebServer] [22m  employeeNumber: [32m'EMP-1019'[39m
[2m[WebServer] [22m}
[2m[WebServer] [22mNormalized user roles: [ [32m'hr manager'[39m ]
[2m[WebServer] [22mNormalized required roles: [
[2m[WebServer] [22m  [32m'department employee'[39m,
[2m[WebServer] [22m  [32m'hr employee'[39m,
[2m[WebServer] [22m  [32m'department head'[39m,
[2m[WebServer] [22m  [32m'hr manager'[39m,
[2m[WebServer] [22m  [32m'hr admin'[39m,
[2m[WebServer] [22m  [32m'system admin'[39m
[2m[WebServer] [22m]
[2m[WebServer] [22mHas required role? [33mtrue[39m
[2m[WebServer] [22mΓ£ö ACCESS GRANTED Γ£ö
[2m[WebServer] [22m≡ƒöì [TrackingController] getMyHistory: {
[2m[WebServer] [22m  filters: [Object: null prototype] {},
[2m[WebServer] [22m  userId: [32m'6928cf79fe9ff406e6610feb'[39m
[2m[WebServer] [22m}
Γ£à Holiday management accessible - REQ-010 validated
  Γ£ô  40 [chromium] ΓÇ║ leave-tests.spec.ts:601:7 ΓÇ║ ≡ƒæö HR MANAGER (EMP-1019) - System-Wide Management ΓÇ║ Γ£à N3: Manage holidays (REQ-010) (9.2s)
≡ƒöÉ Logging in as: hr.hr.hr@example.com
[2m[WebServer] [22m GET /login [32m200[39m in 37ms[2m (compile: 2ms, render: 34ms)[22m
[2m[WebServer] [22m≡ƒöÑ JwtAuthGuard: canActivate CALLED
[2m[WebServer] [22m≡ƒöì JWT Extractor - All cookies: [Object: null prototype] {}
[2m[WebServer] [22m≡ƒöì JWT Extractor - Headers: [90mundefined[39m
[2m[WebServer] [22m≡ƒöì JWT Extractor - accessToken: NOT FOUND
[2m[WebServer] [22m≡ƒöÑ JwtAuthGuard: handleRequest() {
[2m[WebServer] [22m  err: [1mnull[22m,
[2m[WebServer] [22m  user: [33mfalse[39m,
[2m[WebServer] [22m  info: Error: No auth token
[2m[WebServer] [22m      at JwtStrategy.authenticate [90m(C:\Users\Bedon\Desktop\semester-5-software-project\backend\[39mnode_modules\[4mpassport-jwt[24m\lib\strategy.js:96:26[90m)[39m
[2m[WebServer] [22m      at attempt [90m(C:\Users\Bedon\Desktop\semester-5-software-project\backend\[39mnode_modules\[4mpassport[24m\lib\middleware\authenticate.js:378:16[90m)[39m
[2m[WebServer] [22m      at authenticate [90m(C:\Users\Bedon\Desktop\semester-5-software-project\backend\[39mnode_modules\[4mpassport[24m\lib\middleware\authenticate.js:379:7[90m)[39m
[2m[WebServer] [22m      at [90mC:\Users\Bedon\Desktop\semester-5-software-project\backend\[39mnode_modules\[4m@nestjs[24m\passport\dist\auth.guard.js:88:3
[2m[WebServer] [22m      at new Promise (<anonymous>)
[2m[WebServer] [22m      at [90mC:\Users\Bedon\Desktop\semester-5-software-project\backend\[39mnode_modules\[4m@nestjs[24m\passport\dist\auth.guard.js:80:83
[2m[WebServer] [22m      at JwtAuthGuard.canActivate [90m(C:\Users\Bedon\Desktop\semester-5-software-project\backend\[39mnode_modules\[4m@nestjs[24m\passport\dist\auth.guard.js:44:32[90m)[39m
[2m[WebServer] [22m  [90m    at process.processTicksAndRejections (node:internal/process/task_queues:105:5)[39m
[2m[WebServer] [22m}
[2m[WebServer] [22mΓ¥î JwtAuthGuard INFO: Error: No auth token
[2m[WebServer] [22m    at JwtStrategy.authenticate 
[90m(C:\Users\Bedon\Desktop\semester-5-software-project\backend\[39mnode_modules\[4mpassport-jwt[24m\lib\strategy.js:96:26[90m)[39m
[2m[WebServer] [22m    at attempt [90m(C:\Users\Bedon\Desktop\semester-5-software-project\backend\[39mnode_modules\[4mpassport[24m\lib\mi
ddleware\authenticate.js:378:16[90m)[39m
[2m[WebServer] [22m    at authenticate [90m(C:\Users\Bedon\Desktop\semester-5-software-project\backend\[39mnode_modules\[4mpassport[24m\l
ib\middleware\authenticate.js:379:7[90m)[39m
[2m[WebServer] [22m    at 
[90mC:\Users\Bedon\Desktop\semester-5-software-project\backend\[39mnode_modules\[4m@nestjs[24m\passport\dist\auth.guard.js:88:3
[2m[WebServer] [22m    at new Promise (<anonymous>)
[2m[WebServer] [22m    at 
[90mC:\Users\Bedon\Desktop\semester-5-software-project\backend\[39mnode_modules\[4m@nestjs[24m\passport\dist\auth.guard.js:80:83
[2m[WebServer] [22m    at JwtAuthGuard.canActivate [90m(C:\Users\Bedon\Desktop\semester-5-software-project\backend\[39mnode_modules\[4m@ne
stjs[24m\passport\dist\auth.guard.js:44:32[90m)[39m
[2m[WebServer] [22m[90m    at process.processTicksAndRejections (node:internal/process/task_queues:105:5)[39m
[2m[WebServer] [22mΓ¥î JwtAuthGuard FAILING ΓåÆ No auth token
[2m[WebServer] [22mVALIDATE EMPLOYEE - systemRole = {
[2m[WebServer] [22m  _id: new ObjectId([32m'6928cf79fe9ff406e6610fed'[39m),
[2m[WebServer] [22m  employeeProfileId: new ObjectId([32m'6928cf79fe9ff406e6610feb'[39m),
[2m[WebServer] [22m  roles: [ [32m'HR Manager'[39m ],
[2m[WebServer] [22m  permissions: [],
[2m[WebServer] [22m  isActive: [33mtrue[39m,
[2m[WebServer] [22m  createdAt: [35m2025-11-27T22:23:53.913Z[39m,
[2m[WebServer] [22m  updatedAt: [35m2025-11-27T22:23:53.913Z[39m,
[2m[WebServer] [22m  __v: [33m0[39m
[2m[WebServer] [22m}
[2m[WebServer] [22mGenerated token: eyJhbGciOiJIUzI1NiIsInR5cCI6IkpXVCJ9.eyJzdWIiOiI2OTI4Y2Y3OWZlOWZmNDA2ZTY2MTBmZWIiLCJ3b3JrRW1haWwiOiJoci5oci5ockBleGFtcGxlLmNvbSIsInJvbGVzIjpbIkhSIE1hbmFnZXIiXSwicGVybWlzc2lvbnMiOltdLCJwcmltYXJ5RGVwYXJ0bWVudElkIjoiNjc1MWZlNTFkM2EzOGE5NTBiYTQwYzExIiwiZW1wbG95ZWVOdW1iZXIiOiJFTVAtMTAxOSIsImlhdCI6MTc2NTk4MzIwMywiZXhwIjoxNzY2MDY5NjAzfQ.1kq0ENV2FfFfGgGdUS6v4fhqeyG7Hs0ft2rXStLdsQw
[2m[WebServer] [22m GET /leaves [32m200[39m in 18ms[2m (compile: 2ms, render: 16ms)[22m
[2m[WebServer] [22m≡ƒöÑ JwtAuthGuard: canActivate CALLED
[2m[WebServer] [22m≡ƒöì JWT Extractor - All cookies: {
[2m[WebServer] [22m  accessToken: [32m'eyJhbGciOiJIUzI1NiIsInR5cCI6IkpXVCJ9.eyJzdWIiOiI2OTI4Y2Y3OWZlOWZmNDA2ZTY2MTBmZWIiLCJ3b3JrRW1haWwiOiJoci5oci5ockBleGFtcGxlLmNvbSIsInJvbGVzIjpbIkhSIE1hbmFnZXIiXSwicGVybWlzc2lvbnMiOltdLCJwcmltYXJ5RGVwYXJ0bWVudElkIjoiNjc1MWZlNTFkM2EzOGE5NTBiYTQwYzExIiwiZW1wbG95ZWVOdW1iZXIiOiJFTVAtMTAxOSIsImlhdCI6MTc2NTk4MzIwMywiZXhwIjoxNzY2MDY5NjAzfQ.1kq0ENV2FfFfGgGdUS6v4fhqeyG7Hs0ft2rXStLdsQw'[39m
[2m[WebServer] [22m}
[2m[WebServer] [22m≡ƒöì JWT Extractor - Headers: accessToken=eyJhbGciOiJIUzI1NiIsInR5cCI6IkpXVCJ9.eyJzdWIiOiI2OTI4Y2Y3OWZlOWZmNDA2ZTY2MTBmZWIiLCJ3b3JrRW1haWwiOiJoci5oci5ockBleGFtcGxlLmNvbSIsInJvbGVzIjpbIkhSIE1hbmFnZXIiXSwicGVybWlzc2lvbnMiOltdLCJwcmltYXJ5RGVwYXJ0bWVudElkIjoiNjc1MWZlNTFkM2EzOGE5NTBiYTQwYzExIiwiZW1wbG95ZWVOdW1iZXIiOiJFTVAtMTAxOSIsImlhdCI6MTc2NTk4MzIwMywiZXhwIjoxNzY2MDY5NjAzfQ.1kq0ENV2FfFfGgGdUS6v4fhqeyG7Hs0ft2rXStLdsQw
[2m[WebServer] [22m≡ƒöì JWT Extractor - accessToken: FOUND
[2m[WebServer] [22mJwtStrategy VALIDATE: {
[2m[WebServer] [22m  sub: [32m'6928cf79fe9ff406e6610feb'[39m,
[2m[WebServer] [22m  workEmail: [32m'hr.hr.hr@example.com'[39m,
[2m[WebServer] [22m  roles: [ [32m'HR Manager'[39m ],
[2m[WebServer] [22m  permissions: [],
[2m[WebServer] [22m  primaryDepartmentId: [32m'6751fe51d3a38a950ba40c11'[39m,
[2m[WebServer] [22m  employeeNumber: [32m'EMP-1019'[39m,
[2m[WebServer] [22m  iat: [33m1765983203[39m,
[2m[WebServer] [22m  exp: [33m1766069603[39m
[2m[WebServer] [22m}
[2m[WebServer] [22m≡ƒöÑ JwtAuthGuard: handleRequest() {
[2m[WebServer] [22m  err: [1mnull[22m,
[2m[WebServer] [22m  user: {
[2m[WebServer] [22m    id: [32m'6928cf79fe9ff406e6610feb'[39m,
[2m[WebServer] [22m    workEmail: [32m'hr.hr.hr@example.com'[39m,
[2m[WebServer] [22m    roles: [ [32m'HR Manager'[39m ],
[2m[WebServer] [22m    permissions: [],
[2m[WebServer] [22m    primaryDepartmentId: [32m'6751fe51d3a38a950ba40c11'[39m,
[2m[WebServer] [22m    employeeNumber: [32m'EMP-1019'[39m
[2m[WebServer] [22m  },
[2m[WebServer] [22m  info: [90mundefined[39m
[2m[WebServer] [22m}
[2m[WebServer] [22mΓ£à JwtAuthGuard SUCCESS ΓåÆ user authenticated: 6928cf79fe9ff406e6610feb
[2m[WebServer] [22m≡ƒöÑ RolesGuard running!
[2m[WebServer] [22m
[2m[WebServer] [22m===== ROLE GUARD =====
[2m[WebServer] [22mRequired roles: [
[2m[WebServer] [22m  [32m'department employee'[39m,
[2m[WebServer] [22m  [32m'HR Employee'[39m,
[2m[WebServer] [22m  [32m'department head'[39m,
[2m[WebServer] [22m  [32m'HR Manager'[39m,
[2m[WebServer] [22m  [32m'HR Admin'[39m,
[2m[WebServer] [22m  [32m'System Admin'[39m
[2m[WebServer] [22m]
[2m[WebServer] [22mUser object: {
[2m[WebServer] [22m  id: [32m'6928cf79fe9ff406e6610feb'[39m,
[2m[WebServer] [22m  workEmail: [32m'hr.hr.hr@example.com'[39m,
[2m[WebServer] [22m  roles: [ [32m'HR Manager'[39m ],
[2m[WebServer] [22m  permissions: [],
[2m[WebServer] [22m  primaryDepartmentId: [32m'6751fe51d3a38a950ba40c11'[39m,
[2m[WebServer] [22m  employeeNumber: [32m'EMP-1019'[39m
[2m[WebServer] [22m}
[2m[WebServer] [22mNormalized user roles: [ [32m'hr manager'[39m ]
[2m[WebServer] [22mNormalized required roles: [
[2m[WebServer] [22m  [32m'department employee'[39m,
[2m[WebServer] [22m  [32m'hr employee'[39m,
[2m[WebServer] [22m  [32m'department head'[39m,
[2m[WebServer] [22m  [32m'hr manager'[39m,
[2m[WebServer] [22m  [32m'hr admin'[39m,
[2m[WebServer] [22m  [32m'system admin'[39m
[2m[WebServer] [22m]
[2m[WebServer] [22mHas required role? [33mtrue[39m
[2m[WebServer] [22mΓ£ö ACCESS GRANTED Γ£ö
[2m[WebServer] [22m≡ƒöì [TrackingController] getMyBalances: {
[2m[WebServer] [22m  query: [Object: null prototype] {},
[2m[WebServer] [22m  userId: [32m'6928cf79fe9ff406e6610feb'[39m
[2m[WebServer] [22m}
[2m[WebServer] [22m≡ƒöÑ JwtAuthGuard: canActivate CALLED
[2m[WebServer] [22m≡ƒöì JWT Extractor - All cookies: {
[2m[WebServer] [22m  accessToken: [32m'eyJhbGciOiJIUzI1NiIsInR5cCI6IkpXVCJ9.eyJzdWIiOiI2OTI4Y2Y3OWZlOWZmNDA2ZTY2MTBmZWIiLCJ3b3JrRW1haWwiOiJoci5oci5ockBleGFtcGxlLmNvbSIsInJvbGVzIjpbIkhSIE1hbmFnZXIiXSwicGVybWlzc2lvbnMiOltdLCJwcmltYXJ5RGVwYXJ0bWVudElkIjoiNjc1MWZlNTFkM2EzOGE5NTBiYTQwYzExIiwiZW1wbG95ZWVOdW1iZXIiOiJFTVAtMTAxOSIsImlhdCI6MTc2NTk4MzIwMywiZXhwIjoxNzY2MDY5NjAzfQ.1kq0ENV2FfFfGgGdUS6v4fhqeyG7Hs0ft2rXStLdsQw'[39m
[2m[WebServer] [22m}
[2m[WebServer] [22m≡ƒöì JWT Extractor - Headers: accessToken=eyJhbGciOiJIUzI1NiIsInR5cCI6IkpXVCJ9.eyJzdWIiOiI2OTI4Y2Y3OWZlOWZmNDA2ZTY2MTBmZWIiLCJ3b3JrRW1haWwiOiJoci5oci5ockBleGFtcGxlLmNvbSIsInJvbGVzIjpbIkhSIE1hbmFnZXIiXSwicGVybWlzc2lvbnMiOltdLCJwcmltYXJ5RGVwYXJ0bWVudElkIjoiNjc1MWZlNTFkM2EzOGE5NTBiYTQwYzExIiwiZW1wbG95ZWVOdW1iZXIiOiJFTVAtMTAxOSIsImlhdCI6MTc2NTk4MzIwMywiZXhwIjoxNzY2MDY5NjAzfQ.1kq0ENV2FfFfGgGdUS6v4fhqeyG7Hs0ft2rXStLdsQw
[2m[WebServer] [22m≡ƒöì JWT Extractor - accessToken: FOUND
[2m[WebServer] [22mJwtStrategy VALIDATE: {
[2m[WebServer] [22m  sub: [32m'6928cf79fe9ff406e6610feb'[39m,
[2m[WebServer] [22m  workEmail: [32m'hr.hr.hr@example.com'[39m,
[2m[WebServer] [22m  roles: [ [32m'HR Manager'[39m ],
[2m[WebServer] [22m  permissions: [],
[2m[WebServer] [22m  primaryDepartmentId: [32m'6751fe51d3a38a950ba40c11'[39m,
[2m[WebServer] [22m  employeeNumber: [32m'EMP-1019'[39m,
[2m[WebServer] [22m  iat: [33m1765983203[39m,
[2m[WebServer] [22m  exp: [33m1766069603[39m
[2m[WebServer] [22m}
[2m[WebServer] [22m≡ƒöÑ JwtAuthGuard: handleRequest() {
[2m[WebServer] [22m  err: [1mnull[22m,
[2m[WebServer] [22m  user: {
[2m[WebServer] [22m    id: [32m'6928cf79fe9ff406e6610feb'[39m,
[2m[WebServer] [22m    workEmail: [32m'hr.hr.hr@example.com'[39m,
[2m[WebServer] [22m    roles: [ [32m'HR Manager'[39m ],
[2m[WebServer] [22m    permissions: [],
[2m[WebServer] [22m    primaryDepartmentId: [32m'6751fe51d3a38a950ba40c11'[39m,
[2m[WebServer] [22m    employeeNumber: [32m'EMP-1019'[39m
[2m[WebServer] [22m  },
[2m[WebServer] [22m  info: [90mundefined[39m
[2m[WebServer] [22m}
[2m[WebServer] [22mΓ£à JwtAuthGuard SUCCESS ΓåÆ user authenticated: 6928cf79fe9ff406e6610feb
[2m[WebServer] [22m≡ƒöÑ RolesGuard running!
[2m[WebServer] [22m
[2m[WebServer] [22m===== ROLE GUARD =====
[2m[WebServer] [22mRequired roles: [
[2m[WebServer] [22m  [32m'department employee'[39m,
[2m[WebServer] [22m  [32m'HR Employee'[39m,
[2m[WebServer] [22m  [32m'department head'[39m,
[2m[WebServer] [22m  [32m'HR Manager'[39m,
[2m[WebServer] [22m  [32m'HR Admin'[39m,
[2m[WebServer] [22m  [32m'System Admin'[39m
[2m[WebServer] [22m]
[2m[WebServer] [22mUser object: {
[2m[WebServer] [22m  id: [32m'6928cf79fe9ff406e6610feb'[39m,
[2m[WebServer] [22m  workEmail: [32m'hr.hr.hr@example.com'[39m,
[2m[WebServer] [22m  roles: [ [32m'HR Manager'[39m ],
[2m[WebServer] [22m  permissions: [],
[2m[WebServer] [22m  primaryDepartmentId: [32m'6751fe51d3a38a950ba40c11'[39m,
[2m[WebServer] [22m  employeeNumber: [32m'EMP-1019'[39m
[2m[WebServer] [22m}
[2m[WebServer] [22mNormalized user roles: [ [32m'hr manager'[39m ]
[2m[WebServer] [22mNormalized required roles: [
[2m[WebServer] [22m  [32m'department employee'[39m,
[2m[WebServer] [22m  [32m'hr employee'[39m,
[2m[WebServer] [22m  [32m'department head'[39m,
[2m[WebServer] [22m  [32m'hr manager'[39m,
[2m[WebServer] [22m  [32m'hr admin'[39m,
[2m[WebServer] [22m  [32m'system admin'[39m
[2m[WebServer] [22m]
[2m[WebServer] [22mHas required role? [33mtrue[39m
[2m[WebServer] [22mΓ£ö ACCESS GRANTED Γ£ö
[2m[WebServer] [22m≡ƒöì [TrackingController] getMyHistory: {
[2m[WebServer] [22m  filters: [Object: null prototype] {},
[2m[WebServer] [22m  userId: [32m'6928cf79fe9ff406e6610feb'[39m
[2m[WebServer] [22m}
Γ£à Login successful
≡ƒôà Testing: REQ-011 (Working days)
[2m[WebServer] [22m GET /leaves [32m200[39m in 48ms[2m (compile: 3ms, render: 45ms)[22m
[2m[WebServer] [22m≡ƒöÑ JwtAuthGuard: canActivate CALLED
[2m[WebServer] [22m≡ƒöì JWT Extractor - All cookies: {
[2m[WebServer] [22m  accessToken: [32m'eyJhbGciOiJIUzI1NiIsInR5cCI6IkpXVCJ9.eyJzdWIiOiI2OTI4Y2Y3OWZlOWZmNDA2ZTY2MTBmZWIiLCJ3b3JrRW1haWwiOiJoci5oci5ockBleGFtcGxlLmNvbSIsInJvbGVzIjpbIkhSIE1hbmFnZXIiXSwicGVybWlzc2lvbnMiOltdLCJwcmltYXJ5RGVwYXJ0bWVudElkIjoiNjc1MWZlNTFkM2EzOGE5NTBiYTQwYzExIiwiZW1wbG95ZWVOdW1iZXIiOiJFTVAtMTAxOSIsImlhdCI6MTc2NTk4MzIwMywiZXhwIjoxNzY2MDY5NjAzfQ.1kq0ENV2FfFfGgGdUS6v4fhqeyG7Hs0ft2rXStLdsQw'[39m
[2m[WebServer] [22m}
[2m[WebServer] [22m≡ƒöì JWT Extractor - Headers: accessToken=eyJhbGciOiJIUzI1NiIsInR5cCI6IkpXVCJ9.eyJzdWIiOiI2OTI4Y2Y3OWZlOWZmNDA2ZTY2MTBmZWIiLCJ3b3JrRW1haWwiOiJoci5oci5ockBleGFtcGxlLmNvbSIsInJvbGVzIjpbIkhSIE1hbmFnZXIiXSwicGVybWlzc2lvbnMiOltdLCJwcmltYXJ5RGVwYXJ0bWVudElkIjoiNjc1MWZlNTFkM2EzOGE5NTBiYTQwYzExIiwiZW1wbG95ZWVOdW1iZXIiOiJFTVAtMTAxOSIsImlhdCI6MTc2NTk4MzIwMywiZXhwIjoxNzY2MDY5NjAzfQ.1kq0ENV2FfFfGgGdUS6v4fhqeyG7Hs0ft2rXStLdsQw
[2m[WebServer] [22m≡ƒöì JWT Extractor - accessToken: FOUND
[2m[WebServer] [22mJwtStrategy VALIDATE: {
[2m[WebServer] [22m  sub: [32m'6928cf79fe9ff406e6610feb'[39m,
[2m[WebServer] [22m  workEmail: [32m'hr.hr.hr@example.com'[39m,
[2m[WebServer] [22m  roles: [ [32m'HR Manager'[39m ],
[2m[WebServer] [22m  permissions: [],
[2m[WebServer] [22m  primaryDepartmentId: [32m'6751fe51d3a38a950ba40c11'[39m,
[2m[WebServer] [22m  employeeNumber: [32m'EMP-1019'[39m,
[2m[WebServer] [22m  iat: [33m1765983203[39m,
[2m[WebServer] [22m  exp: [33m1766069603[39m
[2m[WebServer] [22m}
[2m[WebServer] [22m≡ƒöÑ JwtAuthGuard: handleRequest() {
[2m[WebServer] [22m  err: [1mnull[22m,
[2m[WebServer] [22m  user: {
[2m[WebServer] [22m    id: [32m'6928cf79fe9ff406e6610feb'[39m,
[2m[WebServer] [22m    workEmail: [32m'hr.hr.hr@example.com'[39m,
[2m[WebServer] [22m    roles: [ [32m'HR Manager'[39m ],
[2m[WebServer] [22m    permissions: [],
[2m[WebServer] [22m    primaryDepartmentId: [32m'6751fe51d3a38a950ba40c11'[39m,
[2m[WebServer] [22m    employeeNumber: [32m'EMP-1019'[39m
[2m[WebServer] [22m  },
[2m[WebServer] [22m  info: [90mundefined[39m
[2m[WebServer] [22m}
[2m[WebServer] [22mΓ£à JwtAuthGuard SUCCESS ΓåÆ user authenticated: 6928cf79fe9ff406e6610feb
[2m[WebServer] [22m≡ƒöÑ JwtAuthGuard: canActivate CALLED
[2m[WebServer] [22m≡ƒöì JWT Extractor - All cookies: {
[2m[WebServer] [22m  accessToken: [32m'eyJhbGciOiJIUzI1NiIsInR5cCI6IkpXVCJ9.eyJzdWIiOiI2OTI4Y2Y3OWZlOWZmNDA2ZTY2MTBmZWIiLCJ3b3JrRW1haWwiOiJoci5oci5ockBleGFtcGxlLmNvbSIsInJvbGVzIjpbIkhSIE1hbmFnZXIiXSwicGVybWlzc2lvbnMiOltdLCJwcmltYXJ5RGVwYXJ0bWVudElkIjoiNjc1MWZlNTFkM2EzOGE5NTBiYTQwYzExIiwiZW1wbG95ZWVOdW1iZXIiOiJFTVAtMTAxOSIsImlhdCI6MTc2NTk4MzIwMywiZXhwIjoxNzY2MDY5NjAzfQ.1kq0ENV2FfFfGgGdUS6v4fhqeyG7Hs0ft2rXStLdsQw'[39m
[2m[WebServer] [22m}
[2m[WebServer] [22m≡ƒöì JWT Extractor - Headers: accessToken=eyJhbGciOiJIUzI1NiIsInR5cCI6IkpXVCJ9.eyJzdWIiOiI2OTI4Y2Y3OWZlOWZmNDA2ZTY2MTBmZWIiLCJ3b3JrRW1haWwiOiJoci5oci5ockBleGFtcGxlLmNvbSIsInJvbGVzIjpbIkhSIE1hbmFnZXIiXSwicGVybWlzc2lvbnMiOltdLCJwcmltYXJ5RGVwYXJ0bWVudElkIjoiNjc1MWZlNTFkM2EzOGE5NTBiYTQwYzExIiwiZW1wbG95ZWVOdW1iZXIiOiJFTVAtMTAxOSIsImlhdCI6MTc2NTk4MzIwMywiZXhwIjoxNzY2MDY5NjAzfQ.1kq0ENV2FfFfGgGdUS6v4fhqeyG7Hs0ft2rXStLdsQw
[2m[WebServer] [22m≡ƒöì JWT Extractor - accessToken: FOUND
[2m[WebServer] [22mJwtStrategy VALIDATE: {
[2m[WebServer] [22m  sub: [32m'6928cf79fe9ff406e6610feb'[39m,
[2m[WebServer] [22m  workEmail: [32m'hr.hr.hr@example.com'[39m,
[2m[WebServer] [22m  roles: [ [32m'HR Manager'[39m ],
[2m[WebServer] [22m  permissions: [],
[2m[WebServer] [22m  primaryDepartmentId: [32m'6751fe51d3a38a950ba40c11'[39m,
[2m[WebServer] [22m  employeeNumber: [32m'EMP-1019'[39m,
[2m[WebServer] [22m  iat: [33m1765983203[39m,
[2m[WebServer] [22m  exp: [33m1766069603[39m
[2m[WebServer] [22m}
[2m[WebServer] [22m≡ƒöÑ JwtAuthGuard: handleRequest() {
[2m[WebServer] [22m  err: [1mnull[22m,
[2m[WebServer] [22m  user: {
[2m[WebServer] [22m    id: [32m'6928cf79fe9ff406e6610feb'[39m,
[2m[WebServer] [22m    workEmail: [32m'hr.hr.hr@example.com'[39m,
[2m[WebServer] [22m    roles: [ [32m'HR Manager'[39m ],
[2m[WebServer] [22m    permissions: [],
[2m[WebServer] [22m    primaryDepartmentId: [32m'6751fe51d3a38a950ba40c11'[39m,
[2m[WebServer] [22m    employeeNumber: [32m'EMP-1019'[39m
[2m[WebServer] [22m  },
[2m[WebServer] [22m  info: [90mundefined[39m
[2m[WebServer] [22m}
[2m[WebServer] [22mΓ£à JwtAuthGuard SUCCESS ΓåÆ user authenticated: 6928cf79fe9ff406e6610feb
[2m[WebServer] [22m≡ƒöÑ RolesGuard running!
[2m[WebServer] [22m
[2m[WebServer] [22m===== ROLE GUARD =====
[2m[WebServer] [22mRequired roles: [
[2m[WebServer] [22m  [32m'department employee'[39m,
[2m[WebServer] [22m  [32m'HR Employee'[39m,
[2m[WebServer] [22m  [32m'department head'[39m,
[2m[WebServer] [22m  [32m'HR Manager'[39m,
[2m[WebServer] [22m  [32m'HR Admin'[39m,
[2m[WebServer] [22m  [32m'System Admin'[39m
[2m[WebServer] [22m]
[2m[WebServer] [22mUser object: {
[2m[WebServer] [22m  id: [32m'6928cf79fe9ff406e6610feb'[39m,
[2m[WebServer] [22m  workEmail: [32m'hr.hr.hr@example.com'[39m,
[2m[WebServer] [22m  roles: [ [32m'HR Manager'[39m ],
[2m[WebServer] [22m  permissions: [],
[2m[WebServer] [22m  primaryDepartmentId: [32m'6751fe51d3a38a950ba40c11'[39m,
[2m[WebServer] [22m  employeeNumber: [32m'EMP-1019'[39m
[2m[WebServer] [22m}
[2m[WebServer] [22mNormalized user roles: [ [32m'hr manager'[39m ]
[2m[WebServer] [22mNormalized required roles: [
[2m[WebServer] [22m  [32m'department employee'[39m,
[2m[WebServer] [22m  [32m'hr employee'[39m,
[2m[WebServer] [22m  [32m'department head'[39m,
[2m[WebServer] [22m  [32m'hr manager'[39m,
[2m[WebServer] [22m  [32m'hr admin'[39m,
[2m[WebServer] [22m  [32m'system admin'[39m
[2m[WebServer] [22m]
[2m[WebServer] [22mHas required role? [33mtrue[39m
[2m[WebServer] [22mΓ£ö ACCESS GRANTED Γ£ö
[2m[WebServer] [22m≡ƒöì [TrackingController] getMyBalances: {
[2m[WebServer] [22m  query: [Object: null prototype] {},
[2m[WebServer] [22m  userId: [32m'6928cf79fe9ff406e6610feb'[39m
[2m[WebServer] [22m}
[2m[WebServer] [22m≡ƒöÑ JwtAuthGuard: canActivate CALLED
[2m[WebServer] [22m≡ƒöì JWT Extractor - All cookies: {
[2m[WebServer] [22m  accessToken: [32m'eyJhbGciOiJIUzI1NiIsInR5cCI6IkpXVCJ9.eyJzdWIiOiI2OTI4Y2Y3OWZlOWZmNDA2ZTY2MTBmZWIiLCJ3b3JrRW1haWwiOiJoci5oci5ockBleGFtcGxlLmNvbSIsInJvbGVzIjpbIkhSIE1hbmFnZXIiXSwicGVybWlzc2lvbnMiOltdLCJwcmltYXJ5RGVwYXJ0bWVudElkIjoiNjc1MWZlNTFkM2EzOGE5NTBiYTQwYzExIiwiZW1wbG95ZWVOdW1iZXIiOiJFTVAtMTAxOSIsImlhdCI6MTc2NTk4MzIwMywiZXhwIjoxNzY2MDY5NjAzfQ.1kq0ENV2FfFfGgGdUS6v4fhqeyG7Hs0ft2rXStLdsQw'[39m
[2m[WebServer] [22m}
[2m[WebServer] [22m≡ƒöì JWT Extractor - Headers: accessToken=eyJhbGciOiJIUzI1NiIsInR5cCI6IkpXVCJ9.eyJzdWIiOiI2OTI4Y2Y3OWZlOWZmNDA2ZTY2MTBmZWIiLCJ3b3JrRW1haWwiOiJoci5oci5ockBleGFtcGxlLmNvbSIsInJvbGVzIjpbIkhSIE1hbmFnZXIiXSwicGVybWlzc2lvbnMiOltdLCJwcmltYXJ5RGVwYXJ0bWVudElkIjoiNjc1MWZlNTFkM2EzOGE5NTBiYTQwYzExIiwiZW1wbG95ZWVOdW1iZXIiOiJFTVAtMTAxOSIsImlhdCI6MTc2NTk4MzIwMywiZXhwIjoxNzY2MDY5NjAzfQ.1kq0ENV2FfFfGgGdUS6v4fhqeyG7Hs0ft2rXStLdsQw
[2m[WebServer] [22m≡ƒöì JWT Extractor - accessToken: FOUND
[2m[WebServer] [22mJwtStrategy VALIDATE: {
[2m[WebServer] [22m  sub: [32m'6928cf79fe9ff406e6610feb'[39m,
[2m[WebServer] [22m  workEmail: [32m'hr.hr.hr@example.com'[39m,
[2m[WebServer] [22m  roles: [ [32m'HR Manager'[39m ],
[2m[WebServer] [22m  permissions: [],
[2m[WebServer] [22m  primaryDepartmentId: [32m'6751fe51d3a38a950ba40c11'[39m,
[2m[WebServer] [22m  employeeNumber: [32m'EMP-1019'[39m,
[2m[WebServer] [22m  iat: [33m1765983203[39m,
[2m[WebServer] [22m  exp: [33m1766069603[39m
[2m[WebServer] [22m}
[2m[WebServer] [22m≡ƒöÑ JwtAuthGuard: handleRequest() {
[2m[WebServer] [22m  err: [1mnull[22m,
[2m[WebServer] [22m  user: {
[2m[WebServer] [22m    id: [32m'6928cf79fe9ff406e6610feb'[39m,
[2m[WebServer] [22m    workEmail: [32m'hr.hr.hr@example.com'[39m,
[2m[WebServer] [22m    roles: [ [32m'HR Manager'[39m ],
[2m[WebServer] [22m    permissions: [],
[2m[WebServer] [22m    primaryDepartmentId: [32m'6751fe51d3a38a950ba40c11'[39m,
[2m[WebServer] [22m    employeeNumber: [32m'EMP-1019'[39m
[2m[WebServer] [22m  },
[2m[WebServer] [22m  info: [90mundefined[39m
[2m[WebServer] [22m}
[2m[WebServer] [22mΓ£à JwtAuthGuard SUCCESS ΓåÆ user authenticated: 6928cf79fe9ff406e6610feb
[2m[WebServer] [22m≡ƒöÑ RolesGuard running!
[2m[WebServer] [22m
[2m[WebServer] [22m===== ROLE GUARD =====
[2m[WebServer] [22mRequired roles: [
[2m[WebServer] [22m  [32m'department employee'[39m,
[2m[WebServer] [22m  [32m'HR Employee'[39m,
[2m[WebServer] [22m  [32m'department head'[39m,
[2m[WebServer] [22m  [32m'HR Manager'[39m,
[2m[WebServer] [22m  [32m'HR Admin'[39m,
[2m[WebServer] [22m  [32m'System Admin'[39m
[2m[WebServer] [22m]
[2m[WebServer] [22mUser object: {
[2m[WebServer] [22m  id: [32m'6928cf79fe9ff406e6610feb'[39m,
[2m[WebServer] [22m  workEmail: [32m'hr.hr.hr@example.com'[39m,
[2m[WebServer] [22m  roles: [ [32m'HR Manager'[39m ],
[2m[WebServer] [22m  permissions: [],
[2m[WebServer] [22m  primaryDepartmentId: [32m'6751fe51d3a38a950ba40c11'[39m,
[2m[WebServer] [22m  employeeNumber: [32m'EMP-1019'[39m
[2m[WebServer] [22m}
[2m[WebServer] [22mNormalized user roles: [ [32m'hr manager'[39m ]
[2m[WebServer] [22mNormalized required roles: [
[2m[WebServer] [22m  [32m'department employee'[39m,
[2m[WebServer] [22m  [32m'hr employee'[39m,
[2m[WebServer] [22m  [32m'department head'[39m,
[2m[WebServer] [22m  [32m'hr manager'[39m,
[2m[WebServer] [22m  [32m'hr admin'[39m,
[2m[WebServer] [22m  [32m'system admin'[39m
[2m[WebServer] [22m]
[2m[WebServer] [22mHas required role? [33mtrue[39m
[2m[WebServer] [22mΓ£ö ACCESS GRANTED Γ£ö
[2m[WebServer] [22m≡ƒöì [TrackingController] getMyHistory: {
[2m[WebServer] [22m  filters: [Object: null prototype] {},
[2m[WebServer] [22m  userId: [32m'6928cf79fe9ff406e6610feb'[39m
[2m[WebServer] [22m}
Γ£à Working days config accessible - REQ-011 validated
  Γ£ô  41 [chromium] ΓÇ║ leave-tests.spec.ts:611:7 ΓÇ║ ≡ƒæö HR MANAGER (EMP-1019) - System-Wide Management ΓÇ║ Γ£à N4: Configure working days (REQ-011) (9.1s)
≡ƒöÉ Logging in as: hr.hr.hr@example.com
[2m[WebServer] [22m GET /login [32m200[39m in 35ms[2m (compile: 2ms, render: 33ms)[22m
[2m[WebServer] [22m≡ƒöÑ JwtAuthGuard: canActivate CALLED
[2m[WebServer] [22m≡ƒöì JWT Extractor - All cookies: [Object: null prototype] {}
[2m[WebServer] [22m≡ƒöì JWT Extractor - Headers: [90mundefined[39m
[2m[WebServer] [22m≡ƒöì JWT Extractor - accessToken: NOT FOUND
[2m[WebServer] [22m≡ƒöÑ JwtAuthGuard: handleRequest() {
[2m[WebServer] [22m  err: [1mnull[22m,
[2m[WebServer] [22m  user: [33mfalse[39m,
[2m[WebServer] [22m  info: Error: No auth token
[2m[WebServer] [22m      at JwtStrategy.authenticate [90m(C:\Users\Bedon\Desktop\semester-5-software-project\backend\[39mnode_modules\[4mpassport-jwt[24m\lib\strategy.js:96:26[90m)[39m
[2m[WebServer] [22m      at attempt [90m(C:\Users\Bedon\Desktop\semester-5-software-project\backend\[39mnode_modules\[4mpassport[24m\lib\middleware\authenticate.js:378:16[90m)[39m
[2m[WebServer] [22m      at authenticate [90m(C:\Users\Bedon\Desktop\semester-5-software-project\backend\[39mnode_modules\[4mpassport[24m\lib\middleware\authenticate.js:379:7[90m)[39m
[2m[WebServer] [22m      at [90mC:\Users\Bedon\Desktop\semester-5-software-project\backend\[39mnode_modules\[4m@nestjs[24m\passport\dist\auth.guard.js:88:3
[2m[WebServer] [22m      at new Promise (<anonymous>)
[2m[WebServer] [22m      at [90mC:\Users\Bedon\Desktop\semester-5-software-project\backend\[39mnode_modules\[4m@nestjs[24m\passport\dist\auth.guard.js:80:83
[2m[WebServer] [22m      at JwtAuthGuard.canActivate [90m(C:\Users\Bedon\Desktop\semester-5-software-project\backend\[39mnode_modules\[4m@nestjs[24m\passport\dist\auth.guard.js:44:32[90m)[39m
[2m[WebServer] [22m  [90m    at process.processTicksAndRejections (node:internal/process/task_queues:105:5)[39m
[2m[WebServer] [22m}
[2m[WebServer] [22mΓ¥î JwtAuthGuard INFO: Error: No auth token
[2m[WebServer] [22m    at JwtStrategy.authenticate 
[90m(C:\Users\Bedon\Desktop\semester-5-software-project\backend\[39mnode_modules\[4mpassport-jwt[24m\lib\strategy.js:96:26[90m)[39m
[2m[WebServer] [22m    at attempt [90m(C:\Users\Bedon\Desktop\semester-5-software-project\backend\[39mnode_modules\[4mpassport[24m\lib\mi
ddleware\authenticate.js:378:16[90m)[39m
[2m[WebServer] [22m    at authenticate [90m(C:\Users\Bedon\Desktop\semester-5-software-project\backend\[39mnode_modules\[4mpassport[24m\l
ib\middleware\authenticate.js:379:7[90m)[39m
[2m[WebServer] [22m    at 
[90mC:\Users\Bedon\Desktop\semester-5-software-project\backend\[39mnode_modules\[4m@nestjs[24m\passport\dist\auth.guard.js:88:3
[2m[WebServer] [22m    at new Promise (<anonymous>)
[2m[WebServer] [22m    at 
[90mC:\Users\Bedon\Desktop\semester-5-software-project\backend\[39mnode_modules\[4m@nestjs[24m\passport\dist\auth.guard.js:80:83
[2m[WebServer] [22m    at JwtAuthGuard.canActivate [90m(C:\Users\Bedon\Desktop\semester-5-software-project\backend\[39mnode_modules\[4m@ne
stjs[24m\passport\dist\auth.guard.js:44:32[90m)[39m
[2m[WebServer] [22m[90m    at process.processTicksAndRejections (node:internal/process/task_queues:105:5)[39m
[2m[WebServer] [22mΓ¥î JwtAuthGuard FAILING ΓåÆ No auth token
[2m[WebServer] [22mVALIDATE EMPLOYEE - systemRole = {
[2m[WebServer] [22m  _id: new ObjectId([32m'6928cf79fe9ff406e6610fed'[39m),
[2m[WebServer] [22m  employeeProfileId: new ObjectId([32m'6928cf79fe9ff406e6610feb'[39m),
[2m[WebServer] [22m  roles: [ [32m'HR Manager'[39m ],
[2m[WebServer] [22m  permissions: [],
[2m[WebServer] [22m  isActive: [33mtrue[39m,
[2m[WebServer] [22m  createdAt: [35m2025-11-27T22:23:53.913Z[39m,
[2m[WebServer] [22m  updatedAt: [35m2025-11-27T22:23:53.913Z[39m,
[2m[WebServer] [22m  __v: [33m0[39m
[2m[WebServer] [22m}
[2m[WebServer] [22mGenerated token: eyJhbGciOiJIUzI1NiIsInR5cCI6IkpXVCJ9.eyJzdWIiOiI2OTI4Y2Y3OWZlOWZmNDA2ZTY2MTBmZWIiLCJ3b3JrRW1haWwiOiJoci5oci5ockBleGFtcGxlLmNvbSIsInJvbGVzIjpbIkhSIE1hbmFnZXIiXSwicGVybWlzc2lvbnMiOltdLCJwcmltYXJ5RGVwYXJ0bWVudElkIjoiNjc1MWZlNTFkM2EzOGE5NTBiYTQwYzExIiwiZW1wbG95ZWVOdW1iZXIiOiJFTVAtMTAxOSIsImlhdCI6MTc2NTk4MzIxMiwiZXhwIjoxNzY2MDY5NjEyfQ.UTsDOFOV5me9DQnj3_FhT92Vy9h6j94PH-yYripDLPg
[2m[WebServer] [22m GET /leaves [32m200[39m in 17ms[2m (compile: 2ms, render: 14ms)[22m
[2m[WebServer] [22m≡ƒöÑ JwtAuthGuard: canActivate CALLED
[2m[WebServer] [22m≡ƒöì JWT Extractor - All cookies: {
[2m[WebServer] [22m  accessToken: [32m'eyJhbGciOiJIUzI1NiIsInR5cCI6IkpXVCJ9.eyJzdWIiOiI2OTI4Y2Y3OWZlOWZmNDA2ZTY2MTBmZWIiLCJ3b3JrRW1haWwiOiJoci5oci5ockBleGFtcGxlLmNvbSIsInJvbGVzIjpbIkhSIE1hbmFnZXIiXSwicGVybWlzc2lvbnMiOltdLCJwcmltYXJ5RGVwYXJ0bWVudElkIjoiNjc1MWZlNTFkM2EzOGE5NTBiYTQwYzExIiwiZW1wbG95ZWVOdW1iZXIiOiJFTVAtMTAxOSIsImlhdCI6MTc2NTk4MzIxMiwiZXhwIjoxNzY2MDY5NjEyfQ.UTsDOFOV5me9DQnj3_FhT92Vy9h6j94PH-yYripDLPg'[39m
[2m[WebServer] [22m}
[2m[WebServer] [22m≡ƒöì JWT Extractor - Headers: accessToken=eyJhbGciOiJIUzI1NiIsInR5cCI6IkpXVCJ9.eyJzdWIiOiI2OTI4Y2Y3OWZlOWZmNDA2ZTY2MTBmZWIiLCJ3b3JrRW1haWwiOiJoci5oci5ockBleGFtcGxlLmNvbSIsInJvbGVzIjpbIkhSIE1hbmFnZXIiXSwicGVybWlzc2lvbnMiOltdLCJwcmltYXJ5RGVwYXJ0bWVudElkIjoiNjc1MWZlNTFkM2EzOGE5NTBiYTQwYzExIiwiZW1wbG95ZWVOdW1iZXIiOiJFTVAtMTAxOSIsImlhdCI6MTc2NTk4MzIxMiwiZXhwIjoxNzY2MDY5NjEyfQ.UTsDOFOV5me9DQnj3_FhT92Vy9h6j94PH-yYripDLPg
[2m[WebServer] [22m≡ƒöì JWT Extractor - accessToken: FOUND
[2m[WebServer] [22mJwtStrategy VALIDATE: {
[2m[WebServer] [22m  sub: [32m'6928cf79fe9ff406e6610feb'[39m,
[2m[WebServer] [22m  workEmail: [32m'hr.hr.hr@example.com'[39m,
[2m[WebServer] [22m  roles: [ [32m'HR Manager'[39m ],
[2m[WebServer] [22m  permissions: [],
[2m[WebServer] [22m  primaryDepartmentId: [32m'6751fe51d3a38a950ba40c11'[39m,
[2m[WebServer] [22m  employeeNumber: [32m'EMP-1019'[39m,
[2m[WebServer] [22m  iat: [33m1765983212[39m,
[2m[WebServer] [22m  exp: [33m1766069612[39m
[2m[WebServer] [22m}
[2m[WebServer] [22m≡ƒöÑ JwtAuthGuard: handleRequest() {
[2m[WebServer] [22m  err: [1mnull[22m,
[2m[WebServer] [22m  user: {
[2m[WebServer] [22m    id: [32m'6928cf79fe9ff406e6610feb'[39m,
[2m[WebServer] [22m    workEmail: [32m'hr.hr.hr@example.com'[39m,
[2m[WebServer] [22m    roles: [ [32m'HR Manager'[39m ],
[2m[WebServer] [22m    permissions: [],
[2m[WebServer] [22m    primaryDepartmentId: [32m'6751fe51d3a38a950ba40c11'[39m,
[2m[WebServer] [22m    employeeNumber: [32m'EMP-1019'[39m
[2m[WebServer] [22m  },
[2m[WebServer] [22m  info: [90mundefined[39m
[2m[WebServer] [22m}
[2m[WebServer] [22mΓ£à JwtAuthGuard SUCCESS ΓåÆ user authenticated: 6928cf79fe9ff406e6610feb
[2m[WebServer] [22m≡ƒöÑ RolesGuard running!
[2m[WebServer] [22m
[2m[WebServer] [22m===== ROLE GUARD =====
[2m[WebServer] [22mRequired roles: [
[2m[WebServer] [22m  [32m'department employee'[39m,
[2m[WebServer] [22m  [32m'HR Employee'[39m,
[2m[WebServer] [22m  [32m'department head'[39m,
[2m[WebServer] [22m  [32m'HR Manager'[39m,
[2m[WebServer] [22m  [32m'HR Admin'[39m,
[2m[WebServer] [22m  [32m'System Admin'[39m
[2m[WebServer] [22m]
[2m[WebServer] [22mUser object: {
[2m[WebServer] [22m  id: [32m'6928cf79fe9ff406e6610feb'[39m,
[2m[WebServer] [22m  workEmail: [32m'hr.hr.hr@example.com'[39m,
[2m[WebServer] [22m  roles: [ [32m'HR Manager'[39m ],
[2m[WebServer] [22m  permissions: [],
[2m[WebServer] [22m  primaryDepartmentId: [32m'6751fe51d3a38a950ba40c11'[39m,
[2m[WebServer] [22m  employeeNumber: [32m'EMP-1019'[39m
[2m[WebServer] [22m}
[2m[WebServer] [22mNormalized user roles: [ [32m'hr manager'[39m ]
[2m[WebServer] [22mNormalized required roles: [
[2m[WebServer] [22m  [32m'department employee'[39m,
[2m[WebServer] [22m  [32m'hr employee'[39m,
[2m[WebServer] [22m  [32m'department head'[39m,
[2m[WebServer] [22m  [32m'hr manager'[39m,
[2m[WebServer] [22m  [32m'hr admin'[39m,
[2m[WebServer] [22m  [32m'system admin'[39m
[2m[WebServer] [22m]
[2m[WebServer] [22mHas required role? [33mtrue[39m
[2m[WebServer] [22mΓ£ö ACCESS GRANTED Γ£ö
[2m[WebServer] [22m≡ƒöì [TrackingController] getMyBalances: {
[2m[WebServer] [22m  query: [Object: null prototype] {},
[2m[WebServer] [22m  userId: [32m'6928cf79fe9ff406e6610feb'[39m
[2m[WebServer] [22m}
[2m[WebServer] [22m≡ƒöÑ JwtAuthGuard: canActivate CALLED
[2m[WebServer] [22m≡ƒöì JWT Extractor - All cookies: {
[2m[WebServer] [22m  accessToken: [32m'eyJhbGciOiJIUzI1NiIsInR5cCI6IkpXVCJ9.eyJzdWIiOiI2OTI4Y2Y3OWZlOWZmNDA2ZTY2MTBmZWIiLCJ3b3JrRW1haWwiOiJoci5oci5ockBleGFtcGxlLmNvbSIsInJvbGVzIjpbIkhSIE1hbmFnZXIiXSwicGVybWlzc2lvbnMiOltdLCJwcmltYXJ5RGVwYXJ0bWVudElkIjoiNjc1MWZlNTFkM2EzOGE5NTBiYTQwYzExIiwiZW1wbG95ZWVOdW1iZXIiOiJFTVAtMTAxOSIsImlhdCI6MTc2NTk4MzIxMiwiZXhwIjoxNzY2MDY5NjEyfQ.UTsDOFOV5me9DQnj3_FhT92Vy9h6j94PH-yYripDLPg'[39m
[2m[WebServer] [22m}
[2m[WebServer] [22m≡ƒöì JWT Extractor - Headers: accessToken=eyJhbGciOiJIUzI1NiIsInR5cCI6IkpXVCJ9.eyJzdWIiOiI2OTI4Y2Y3OWZlOWZmNDA2ZTY2MTBmZWIiLCJ3b3JrRW1haWwiOiJoci5oci5ockBleGFtcGxlLmNvbSIsInJvbGVzIjpbIkhSIE1hbmFnZXIiXSwicGVybWlzc2lvbnMiOltdLCJwcmltYXJ5RGVwYXJ0bWVudElkIjoiNjc1MWZlNTFkM2EzOGE5NTBiYTQwYzExIiwiZW1wbG95ZWVOdW1iZXIiOiJFTVAtMTAxOSIsImlhdCI6MTc2NTk4MzIxMiwiZXhwIjoxNzY2MDY5NjEyfQ.UTsDOFOV5me9DQnj3_FhT92Vy9h6j94PH-yYripDLPg
[2m[WebServer] [22m≡ƒöì JWT Extractor - accessToken: FOUND
[2m[WebServer] [22mJwtStrategy VALIDATE: {
[2m[WebServer] [22m  sub: [32m'6928cf79fe9ff406e6610feb'[39m,
[2m[WebServer] [22m  workEmail: [32m'hr.hr.hr@example.com'[39m,
[2m[WebServer] [22m  roles: [ [32m'HR Manager'[39m ],
[2m[WebServer] [22m  permissions: [],
[2m[WebServer] [22m  primaryDepartmentId: [32m'6751fe51d3a38a950ba40c11'[39m,
[2m[WebServer] [22m  employeeNumber: [32m'EMP-1019'[39m,
[2m[WebServer] [22m  iat: [33m1765983212[39m,
[2m[WebServer] [22m  exp: [33m1766069612[39m
[2m[WebServer] [22m}
[2m[WebServer] [22m≡ƒöÑ JwtAuthGuard: handleRequest() {
[2m[WebServer] [22m  err: [1mnull[22m,
[2m[WebServer] [22m  user: {
[2m[WebServer] [22m    id: [32m'6928cf79fe9ff406e6610feb'[39m,
[2m[WebServer] [22m    workEmail: [32m'hr.hr.hr@example.com'[39m,
[2m[WebServer] [22m    roles: [ [32m'HR Manager'[39m ],
[2m[WebServer] [22m    permissions: [],
[2m[WebServer] [22m    primaryDepartmentId: [32m'6751fe51d3a38a950ba40c11'[39m,
[2m[WebServer] [22m    employeeNumber: [32m'EMP-1019'[39m
[2m[WebServer] [22m  },
[2m[WebServer] [22m  info: [90mundefined[39m
[2m[WebServer] [22m}
[2m[WebServer] [22mΓ£à JwtAuthGuard SUCCESS ΓåÆ user authenticated: 6928cf79fe9ff406e6610feb
[2m[WebServer] [22m≡ƒöÑ RolesGuard running!
[2m[WebServer] [22m
[2m[WebServer] [22m===== ROLE GUARD =====
[2m[WebServer] [22mRequired roles: [
[2m[WebServer] [22m  [32m'department employee'[39m,
[2m[WebServer] [22m  [32m'HR Employee'[39m,
[2m[WebServer] [22m  [32m'department head'[39m,
[2m[WebServer] [22m  [32m'HR Manager'[39m,
[2m[WebServer] [22m  [32m'HR Admin'[39m,
[2m[WebServer] [22m  [32m'System Admin'[39m
[2m[WebServer] [22m]
[2m[WebServer] [22mUser object: {
[2m[WebServer] [22m  id: [32m'6928cf79fe9ff406e6610feb'[39m,
[2m[WebServer] [22m  workEmail: [32m'hr.hr.hr@example.com'[39m,
[2m[WebServer] [22m  roles: [ [32m'HR Manager'[39m ],
[2m[WebServer] [22m  permissions: [],
[2m[WebServer] [22m  primaryDepartmentId: [32m'6751fe51d3a38a950ba40c11'[39m,
[2m[WebServer] [22m  employeeNumber: [32m'EMP-1019'[39m
[2m[WebServer] [22m}
[2m[WebServer] [22mNormalized user roles: [ [32m'hr manager'[39m ]
[2m[WebServer] [22mNormalized required roles: [
[2m[WebServer] [22m  [32m'department employee'[39m,
[2m[WebServer] [22m  [32m'hr employee'[39m,
[2m[WebServer] [22m  [32m'department head'[39m,
[2m[WebServer] [22m  [32m'hr manager'[39m,
[2m[WebServer] [22m  [32m'hr admin'[39m,
[2m[WebServer] [22m  [32m'system admin'[39m
[2m[WebServer] [22m]
[2m[WebServer] [22mHas required role? [33mtrue[39m
[2m[WebServer] [22mΓ£ö ACCESS GRANTED Γ£ö
[2m[WebServer] [22m≡ƒöì [TrackingController] getMyHistory: {
[2m[WebServer] [22m  filters: [Object: null prototype] {},
[2m[WebServer] [22m  userId: [32m'6928cf79fe9ff406e6610feb'[39m
[2m[WebServer] [22m}
Γ£à Login successful
Γ£à Testing: REQ-014 (HR final approval)
[2m[WebServer] [22m GET /leaves [32m200[39m in 40ms[2m (compile: 2ms, render: 38ms)[22m
[2m[WebServer] [22m≡ƒöÑ JwtAuthGuard: canActivate CALLED
[2m[WebServer] [22m≡ƒöì JWT Extractor - All cookies: {
[2m[WebServer] [22m  accessToken: [32m'eyJhbGciOiJIUzI1NiIsInR5cCI6IkpXVCJ9.eyJzdWIiOiI2OTI4Y2Y3OWZlOWZmNDA2ZTY2MTBmZWIiLCJ3b3JrRW1haWwiOiJoci5oci5ockBleGFtcGxlLmNvbSIsInJvbGVzIjpbIkhSIE1hbmFnZXIiXSwicGVybWlzc2lvbnMiOltdLCJwcmltYXJ5RGVwYXJ0bWVudElkIjoiNjc1MWZlNTFkM2EzOGE5NTBiYTQwYzExIiwiZW1wbG95ZWVOdW1iZXIiOiJFTVAtMTAxOSIsImlhdCI6MTc2NTk4MzIxMiwiZXhwIjoxNzY2MDY5NjEyfQ.UTsDOFOV5me9DQnj3_FhT92Vy9h6j94PH-yYripDLPg'[39m
[2m[WebServer] [22m}
[2m[WebServer] [22m≡ƒöì JWT Extractor - Headers: accessToken=eyJhbGciOiJIUzI1NiIsInR5cCI6IkpXVCJ9.eyJzdWIiOiI2OTI4Y2Y3OWZlOWZmNDA2ZTY2MTBmZWIiLCJ3b3JrRW1haWwiOiJoci5oci5ockBleGFtcGxlLmNvbSIsInJvbGVzIjpbIkhSIE1hbmFnZXIiXSwicGVybWlzc2lvbnMiOltdLCJwcmltYXJ5RGVwYXJ0bWVudElkIjoiNjc1MWZlNTFkM2EzOGE5NTBiYTQwYzExIiwiZW1wbG95ZWVOdW1iZXIiOiJFTVAtMTAxOSIsImlhdCI6MTc2NTk4MzIxMiwiZXhwIjoxNzY2MDY5NjEyfQ.UTsDOFOV5me9DQnj3_FhT92Vy9h6j94PH-yYripDLPg
[2m[WebServer] [22m≡ƒöì JWT Extractor - accessToken: FOUND
[2m[WebServer] [22mJwtStrategy VALIDATE: {
[2m[WebServer] [22m  sub: [32m'6928cf79fe9ff406e6610feb'[39m,
[2m[WebServer] [22m  workEmail: [32m'hr.hr.hr@example.com'[39m,
[2m[WebServer] [22m  roles: [ [32m'HR Manager'[39m ],
[2m[WebServer] [22m  permissions: [],
[2m[WebServer] [22m  primaryDepartmentId: [32m'6751fe51d3a38a950ba40c11'[39m,
[2m[WebServer] [22m  employeeNumber: [32m'EMP-1019'[39m,
[2m[WebServer] [22m  iat: [33m1765983212[39m,
[2m[WebServer] [22m  exp: [33m1766069612[39m
[2m[WebServer] [22m}
[2m[WebServer] [22m≡ƒöÑ JwtAuthGuard: handleRequest() {
[2m[WebServer] [22m  err: [1mnull[22m,
[2m[WebServer] [22m  user: {
[2m[WebServer] [22m    id: [32m'6928cf79fe9ff406e6610feb'[39m,
[2m[WebServer] [22m    workEmail: [32m'hr.hr.hr@example.com'[39m,
[2m[WebServer] [22m    roles: [ [32m'HR Manager'[39m ],
[2m[WebServer] [22m    permissions: [],
[2m[WebServer] [22m    primaryDepartmentId: [32m'6751fe51d3a38a950ba40c11'[39m,
[2m[WebServer] [22m    employeeNumber: [32m'EMP-1019'[39m
[2m[WebServer] [22m  },
[2m[WebServer] [22m  info: [90mundefined[39m
[2m[WebServer] [22m}
[2m[WebServer] [22mΓ£à JwtAuthGuard SUCCESS ΓåÆ user authenticated: 6928cf79fe9ff406e6610feb
[2m[WebServer] [22m≡ƒöÑ JwtAuthGuard: canActivate CALLED
[2m[WebServer] [22m≡ƒöì JWT Extractor - All cookies: {
[2m[WebServer] [22m  accessToken: [32m'eyJhbGciOiJIUzI1NiIsInR5cCI6IkpXVCJ9.eyJzdWIiOiI2OTI4Y2Y3OWZlOWZmNDA2ZTY2MTBmZWIiLCJ3b3JrRW1haWwiOiJoci5oci5ockBleGFtcGxlLmNvbSIsInJvbGVzIjpbIkhSIE1hbmFnZXIiXSwicGVybWlzc2lvbnMiOltdLCJwcmltYXJ5RGVwYXJ0bWVudElkIjoiNjc1MWZlNTFkM2EzOGE5NTBiYTQwYzExIiwiZW1wbG95ZWVOdW1iZXIiOiJFTVAtMTAxOSIsImlhdCI6MTc2NTk4MzIxMiwiZXhwIjoxNzY2MDY5NjEyfQ.UTsDOFOV5me9DQnj3_FhT92Vy9h6j94PH-yYripDLPg'[39m
[2m[WebServer] [22m}
[2m[WebServer] [22m≡ƒöì JWT Extractor - Headers: accessToken=eyJhbGciOiJIUzI1NiIsInR5cCI6IkpXVCJ9.eyJzdWIiOiI2OTI4Y2Y3OWZlOWZmNDA2ZTY2MTBmZWIiLCJ3b3JrRW1haWwiOiJoci5oci5ockBleGFtcGxlLmNvbSIsInJvbGVzIjpbIkhSIE1hbmFnZXIiXSwicGVybWlzc2lvbnMiOltdLCJwcmltYXJ5RGVwYXJ0bWVudElkIjoiNjc1MWZlNTFkM2EzOGE5NTBiYTQwYzExIiwiZW1wbG95ZWVOdW1iZXIiOiJFTVAtMTAxOSIsImlhdCI6MTc2NTk4MzIxMiwiZXhwIjoxNzY2MDY5NjEyfQ.UTsDOFOV5me9DQnj3_FhT92Vy9h6j94PH-yYripDLPg
[2m[WebServer] [22m≡ƒöì JWT Extractor - accessToken: FOUND
[2m[WebServer] [22mJwtStrategy VALIDATE: {
[2m[WebServer] [22m  sub: [32m'6928cf79fe9ff406e6610feb'[39m,
[2m[WebServer] [22m  workEmail: [32m'hr.hr.hr@example.com'[39m,
[2m[WebServer] [22m  roles: [ [32m'HR Manager'[39m ],
[2m[WebServer] [22m  permissions: [],
[2m[WebServer] [22m  primaryDepartmentId: [32m'6751fe51d3a38a950ba40c11'[39m,
[2m[WebServer] [22m  employeeNumber: [32m'EMP-1019'[39m,
[2m[WebServer] [22m  iat: [33m1765983212[39m,
[2m[WebServer] [22m  exp: [33m1766069612[39m
[2m[WebServer] [22m}
[2m[WebServer] [22m≡ƒöÑ JwtAuthGuard: handleRequest() {
[2m[WebServer] [22m  err: [1mnull[22m,
[2m[WebServer] [22m  user: {
[2m[WebServer] [22m    id: [32m'6928cf79fe9ff406e6610feb'[39m,
[2m[WebServer] [22m    workEmail: [32m'hr.hr.hr@example.com'[39m,
[2m[WebServer] [22m    roles: [ [32m'HR Manager'[39m ],
[2m[WebServer] [22m    permissions: [],
[2m[WebServer] [22m    primaryDepartmentId: [32m'6751fe51d3a38a950ba40c11'[39m,
[2m[WebServer] [22m    employeeNumber: [32m'EMP-1019'[39m
[2m[WebServer] [22m  },
[2m[WebServer] [22m  info: [90mundefined[39m
[2m[WebServer] [22m}
[2m[WebServer] [22mΓ£à JwtAuthGuard SUCCESS ΓåÆ user authenticated: 6928cf79fe9ff406e6610feb
[2m[WebServer] [22m≡ƒöÑ RolesGuard running!
[2m[WebServer] [22m
[2m[WebServer] [22m===== ROLE GUARD =====
[2m[WebServer] [22mRequired roles: [
[2m[WebServer] [22m  [32m'department employee'[39m,
[2m[WebServer] [22m  [32m'HR Employee'[39m,
[2m[WebServer] [22m  [32m'department head'[39m,
[2m[WebServer] [22m  [32m'HR Manager'[39m,
[2m[WebServer] [22m  [32m'HR Admin'[39m,
[2m[WebServer] [22m  [32m'System Admin'[39m
[2m[WebServer] [22m]
[2m[WebServer] [22mUser object: {
[2m[WebServer] [22m  id: [32m'6928cf79fe9ff406e6610feb'[39m,
[2m[WebServer] [22m  workEmail: [32m'hr.hr.hr@example.com'[39m,
[2m[WebServer] [22m  roles: [ [32m'HR Manager'[39m ],
[2m[WebServer] [22m  permissions: [],
[2m[WebServer] [22m  primaryDepartmentId: [32m'6751fe51d3a38a950ba40c11'[39m,
[2m[WebServer] [22m  employeeNumber: [32m'EMP-1019'[39m
[2m[WebServer] [22m}
[2m[WebServer] [22mNormalized user roles: [ [32m'hr manager'[39m ]
[2m[WebServer] [22mNormalized required roles: [
[2m[WebServer] [22m  [32m'department employee'[39m,
[2m[WebServer] [22m  [32m'hr employee'[39m,
[2m[WebServer] [22m  [32m'department head'[39m,
[2m[WebServer] [22m  [32m'hr manager'[39m,
[2m[WebServer] [22m  [32m'hr admin'[39m,
[2m[WebServer] [22m  [32m'system admin'[39m
[2m[WebServer] [22m]
[2m[WebServer] [22mHas required role? [33mtrue[39m
[2m[WebServer] [22mΓ£ö ACCESS GRANTED Γ£ö
[2m[WebServer] [22m≡ƒöì [TrackingController] getMyBalances: {
[2m[WebServer] [22m  query: [Object: null prototype] {},
[2m[WebServer] [22m  userId: [32m'6928cf79fe9ff406e6610feb'[39m
[2m[WebServer] [22m}
[2m[WebServer] [22m≡ƒöÑ JwtAuthGuard: canActivate CALLED
[2m[WebServer] [22m≡ƒöì JWT Extractor - All cookies: {
[2m[WebServer] [22m  accessToken: [32m'eyJhbGciOiJIUzI1NiIsInR5cCI6IkpXVCJ9.eyJzdWIiOiI2OTI4Y2Y3OWZlOWZmNDA2ZTY2MTBmZWIiLCJ3b3JrRW1haWwiOiJoci5oci5ockBleGFtcGxlLmNvbSIsInJvbGVzIjpbIkhSIE1hbmFnZXIiXSwicGVybWlzc2lvbnMiOltdLCJwcmltYXJ5RGVwYXJ0bWVudElkIjoiNjc1MWZlNTFkM2EzOGE5NTBiYTQwYzExIiwiZW1wbG95ZWVOdW1iZXIiOiJFTVAtMTAxOSIsImlhdCI6MTc2NTk4MzIxMiwiZXhwIjoxNzY2MDY5NjEyfQ.UTsDOFOV5me9DQnj3_FhT92Vy9h6j94PH-yYripDLPg'[39m
[2m[WebServer] [22m}
[2m[WebServer] [22m≡ƒöì JWT Extractor - Headers: accessToken=eyJhbGciOiJIUzI1NiIsInR5cCI6IkpXVCJ9.eyJzdWIiOiI2OTI4Y2Y3OWZlOWZmNDA2ZTY2MTBmZWIiLCJ3b3JrRW1haWwiOiJoci5oci5ockBleGFtcGxlLmNvbSIsInJvbGVzIjpbIkhSIE1hbmFnZXIiXSwicGVybWlzc2lvbnMiOltdLCJwcmltYXJ5RGVwYXJ0bWVudElkIjoiNjc1MWZlNTFkM2EzOGE5NTBiYTQwYzExIiwiZW1wbG95ZWVOdW1iZXIiOiJFTVAtMTAxOSIsImlhdCI6MTc2NTk4MzIxMiwiZXhwIjoxNzY2MDY5NjEyfQ.UTsDOFOV5me9DQnj3_FhT92Vy9h6j94PH-yYripDLPg
[2m[WebServer] [22m≡ƒöì JWT Extractor - accessToken: FOUND
[2m[WebServer] [22mJwtStrategy VALIDATE: {
[2m[WebServer] [22m  sub: [32m'6928cf79fe9ff406e6610feb'[39m,
[2m[WebServer] [22m  workEmail: [32m'hr.hr.hr@example.com'[39m,
[2m[WebServer] [22m  roles: [ [32m'HR Manager'[39m ],
[2m[WebServer] [22m  permissions: [],
[2m[WebServer] [22m  primaryDepartmentId: [32m'6751fe51d3a38a950ba40c11'[39m,
[2m[WebServer] [22m  employeeNumber: [32m'EMP-1019'[39m,
[2m[WebServer] [22m  iat: [33m1765983212[39m,
[2m[WebServer] [22m  exp: [33m1766069612[39m
[2m[WebServer] [22m}
[2m[WebServer] [22m≡ƒöÑ JwtAuthGuard: handleRequest() {
[2m[WebServer] [22m  err: [1mnull[22m,
[2m[WebServer] [22m  user: {
[2m[WebServer] [22m    id: [32m'6928cf79fe9ff406e6610feb'[39m,
[2m[WebServer] [22m    workEmail: [32m'hr.hr.hr@example.com'[39m,
[2m[WebServer] [22m    roles: [ [32m'HR Manager'[39m ],
[2m[WebServer] [22m    permissions: [],
[2m[WebServer] [22m    primaryDepartmentId: [32m'6751fe51d3a38a950ba40c11'[39m,
[2m[WebServer] [22m    employeeNumber: [32m'EMP-1019'[39m
[2m[WebServer] [22m  },
[2m[WebServer] [22m  info: [90mundefined[39m
[2m[WebServer] [22m}
[2m[WebServer] [22mΓ£à JwtAuthGuard SUCCESS ΓåÆ user authenticated: 6928cf79fe9ff406e6610feb
[2m[WebServer] [22m≡ƒöÑ RolesGuard running!
[2m[WebServer] [22m
[2m[WebServer] [22m===== ROLE GUARD =====
[2m[WebServer] [22mRequired roles: [
[2m[WebServer] [22m  [32m'department employee'[39m,
[2m[WebServer] [22m  [32m'HR Employee'[39m,
[2m[WebServer] [22m  [32m'department head'[39m,
[2m[WebServer] [22m  [32m'HR Manager'[39m,
[2m[WebServer] [22m  [32m'HR Admin'[39m,
[2m[WebServer] [22m  [32m'System Admin'[39m
[2m[WebServer] [22m]
[2m[WebServer] [22mUser object: {
[2m[WebServer] [22m  id: [32m'6928cf79fe9ff406e6610feb'[39m,
[2m[WebServer] [22m  workEmail: [32m'hr.hr.hr@example.com'[39m,
[2m[WebServer] [22m  roles: [ [32m'HR Manager'[39m ],
[2m[WebServer] [22m  permissions: [],
[2m[WebServer] [22m  primaryDepartmentId: [32m'6751fe51d3a38a950ba40c11'[39m,
[2m[WebServer] [22m  employeeNumber: [32m'EMP-1019'[39m
[2m[WebServer] [22m}
[2m[WebServer] [22mNormalized user roles: [ [32m'hr manager'[39m ]
[2m[WebServer] [22mNormalized required roles: [
[2m[WebServer] [22m  [32m'department employee'[39m,
[2m[WebServer] [22m  [32m'hr employee'[39m,
[2m[WebServer] [22m  [32m'department head'[39m,
[2m[WebServer] [22m  [32m'hr manager'[39m,
[2m[WebServer] [22m  [32m'hr admin'[39m,
[2m[WebServer] [22m  [32m'system admin'[39m
[2m[WebServer] [22m]
[2m[WebServer] [22mHas required role? [33mtrue[39m
[2m[WebServer] [22mΓ£ö ACCESS GRANTED Γ£ö
[2m[WebServer] [22m≡ƒöì [TrackingController] getMyHistory: {
[2m[WebServer] [22m  filters: [Object: null prototype] {},
[2m[WebServer] [22m  userId: [32m'6928cf79fe9ff406e6610feb'[39m
[2m[WebServer] [22m}
Γ£à HR approval flow accessible - REQ-014 validated
  Γ£ô  42 [chromium] ΓÇ║ leave-tests.spec.ts:623:7 ΓÇ║ ≡ƒæö HR MANAGER (EMP-1019) - System-Wide Management ΓÇ║ Γ£à O1: HR final approval (REQ-014) (9.1s)
≡ƒöÉ Logging in as: hr.hr.hr@example.com
[2m[WebServer] [22m GET /login [32m200[39m in 40ms[2m (compile: 2ms, render: 37ms)[22m
[2m[WebServer] [22m≡ƒöÑ JwtAuthGuard: canActivate CALLED
[2m[WebServer] [22m≡ƒöì JWT Extractor - All cookies: [Object: null prototype] {}
[2m[WebServer] [22m≡ƒöì JWT Extractor - Headers: [90mundefined[39m
[2m[WebServer] [22m≡ƒöì JWT Extractor - accessToken: NOT FOUND
[2m[WebServer] [22m≡ƒöÑ JwtAuthGuard: handleRequest() {
[2m[WebServer] [22m  err: [1mnull[22m,
[2m[WebServer] [22m  user: [33mfalse[39m,
[2m[WebServer] [22m  info: Error: No auth token
[2m[WebServer] [22m      at JwtStrategy.authenticate [90m(C:\Users\Bedon\Desktop\semester-5-software-project\backend\[39mnode_modules\[4mpassport-jwt[24m\lib\strategy.js:96:26[90m)[39m
[2m[WebServer] [22m      at attempt [90m(C:\Users\Bedon\Desktop\semester-5-software-project\backend\[39mnode_modules\[4mpassport[24m\lib\middleware\authenticate.js:378:16[90m)[39m
[2m[WebServer] [22m      at authenticate [90m(C:\Users\Bedon\Desktop\semester-5-software-project\backend\[39mnode_modules\[4mpassport[24m\lib\middleware\authenticate.js:379:7[90m)[39m
[2m[WebServer] [22m      at [90mC:\Users\Bedon\Desktop\semester-5-software-project\backend\[39mnode_modules\[4m@nestjs[24m\passport\dist\auth.guard.js:88:3
[2m[WebServer] [22m      at new Promise (<anonymous>)
[2m[WebServer] [22m      at [90mC:\Users\Bedon\Desktop\semester-5-software-project\backend\[39mnode_modules\[4m@nestjs[24m\passport\dist\auth.guard.js:80:83
[2m[WebServer] [22m      at JwtAuthGuard.canActivate [90m(C:\Users\Bedon\Desktop\semester-5-software-project\backend\[39mnode_modules\[4m@nestjs[24m\passport\dist\auth.guard.js:44:32[90m)[39m
[2m[WebServer] [22m  [90m    at process.processTicksAndRejections (node:internal/process/task_queues:105:5)[39m
[2m[WebServer] [22m}
[2m[WebServer] [22mΓ¥î JwtAuthGuard INFO: Error: No auth token
[2m[WebServer] [22m    at JwtStrategy.authenticate 
[90m(C:\Users\Bedon\Desktop\semester-5-software-project\backend\[39mnode_modules\[4mpassport-jwt[24m\lib\strategy.js:96:26[90m)[39m
[2m[WebServer] [22m    at attempt [90m(C:\Users\Bedon\Desktop\semester-5-software-project\backend\[39mnode_modules\[4mpassport[24m\lib\mi
ddleware\authenticate.js:378:16[90m)[39m
[2m[WebServer] [22m    at authenticate [90m(C:\Users\Bedon\Desktop\semester-5-software-project\backend\[39mnode_modules\[4mpassport[24m\l
ib\middleware\authenticate.js:379:7[90m)[39m
[2m[WebServer] [22m    at 
[90mC:\Users\Bedon\Desktop\semester-5-software-project\backend\[39mnode_modules\[4m@nestjs[24m\passport\dist\auth.guard.js:88:3
[2m[WebServer] [22m    at new Promise (<anonymous>)
[2m[WebServer] [22m    at 
[90mC:\Users\Bedon\Desktop\semester-5-software-project\backend\[39mnode_modules\[4m@nestjs[24m\passport\dist\auth.guard.js:80:83
[2m[WebServer] [22m    at JwtAuthGuard.canActivate [90m(C:\Users\Bedon\Desktop\semester-5-software-project\backend\[39mnode_modules\[4m@ne
stjs[24m\passport\dist\auth.guard.js:44:32[90m)[39m
[2m[WebServer] [22m[90m    at process.processTicksAndRejections (node:internal/process/task_queues:105:5)[39m
[2m[WebServer] [22mΓ¥î JwtAuthGuard FAILING ΓåÆ No auth token
[2m[WebServer] [22mVALIDATE EMPLOYEE - systemRole = {
[2m[WebServer] [22m  _id: new ObjectId([32m'6928cf79fe9ff406e6610fed'[39m),
[2m[WebServer] [22m  employeeProfileId: new ObjectId([32m'6928cf79fe9ff406e6610feb'[39m),
[2m[WebServer] [22m  roles: [ [32m'HR Manager'[39m ],
[2m[WebServer] [22m  permissions: [],
[2m[WebServer] [22m  isActive: [33mtrue[39m,
[2m[WebServer] [22m  createdAt: [35m2025-11-27T22:23:53.913Z[39m,
[2m[WebServer] [22m  updatedAt: [35m2025-11-27T22:23:53.913Z[39m,
[2m[WebServer] [22m  __v: [33m0[39m
[2m[WebServer] [22m}
[2m[WebServer] [22mGenerated token: eyJhbGciOiJIUzI1NiIsInR5cCI6IkpXVCJ9.eyJzdWIiOiI2OTI4Y2Y3OWZlOWZmNDA2ZTY2MTBmZWIiLCJ3b3JrRW1haWwiOiJoci5oci5ockBleGFtcGxlLmNvbSIsInJvbGVzIjpbIkhSIE1hbmFnZXIiXSwicGVybWlzc2lvbnMiOltdLCJwcmltYXJ5RGVwYXJ0bWVudElkIjoiNjc1MWZlNTFkM2EzOGE5NTBiYTQwYzExIiwiZW1wbG95ZWVOdW1iZXIiOiJFTVAtMTAxOSIsImlhdCI6MTc2NTk4MzIyMiwiZXhwIjoxNzY2MDY5NjIyfQ.ni1LC4PrcMsoMWIxdqBKssX2iXjXHUwhKch3vjFg6jM
[2m[WebServer] [22m GET /leaves [32m200[39m in 17ms[2m (compile: 3ms, render: 14ms)[22m
[2m[WebServer] [22m≡ƒöÑ JwtAuthGuard: canActivate CALLED
[2m[WebServer] [22m≡ƒöì JWT Extractor - All cookies: {
[2m[WebServer] [22m  accessToken: [32m'eyJhbGciOiJIUzI1NiIsInR5cCI6IkpXVCJ9.eyJzdWIiOiI2OTI4Y2Y3OWZlOWZmNDA2ZTY2MTBmZWIiLCJ3b3JrRW1haWwiOiJoci5oci5ockBleGFtcGxlLmNvbSIsInJvbGVzIjpbIkhSIE1hbmFnZXIiXSwicGVybWlzc2lvbnMiOltdLCJwcmltYXJ5RGVwYXJ0bWVudElkIjoiNjc1MWZlNTFkM2EzOGE5NTBiYTQwYzExIiwiZW1wbG95ZWVOdW1iZXIiOiJFTVAtMTAxOSIsImlhdCI6MTc2NTk4MzIyMiwiZXhwIjoxNzY2MDY5NjIyfQ.ni1LC4PrcMsoMWIxdqBKssX2iXjXHUwhKch3vjFg6jM'[39m
[2m[WebServer] [22m}
[2m[WebServer] [22m≡ƒöì JWT Extractor - Headers: accessToken=eyJhbGciOiJIUzI1NiIsInR5cCI6IkpXVCJ9.eyJzdWIiOiI2OTI4Y2Y3OWZlOWZmNDA2ZTY2MTBmZWIiLCJ3b3JrRW1haWwiOiJoci5oci5ockBleGFtcGxlLmNvbSIsInJvbGVzIjpbIkhSIE1hbmFnZXIiXSwicGVybWlzc2lvbnMiOltdLCJwcmltYXJ5RGVwYXJ0bWVudElkIjoiNjc1MWZlNTFkM2EzOGE5NTBiYTQwYzExIiwiZW1wbG95ZWVOdW1iZXIiOiJFTVAtMTAxOSIsImlhdCI6MTc2NTk4MzIyMiwiZXhwIjoxNzY2MDY5NjIyfQ.ni1LC4PrcMsoMWIxdqBKssX2iXjXHUwhKch3vjFg6jM
[2m[WebServer] [22m≡ƒöì JWT Extractor - accessToken: FOUND
[2m[WebServer] [22mJwtStrategy VALIDATE: {
[2m[WebServer] [22m  sub: [32m'6928cf79fe9ff406e6610feb'[39m,
[2m[WebServer] [22m  workEmail: [32m'hr.hr.hr@example.com'[39m,
[2m[WebServer] [22m  roles: [ [32m'HR Manager'[39m ],
[2m[WebServer] [22m  permissions: [],
[2m[WebServer] [22m  primaryDepartmentId: [32m'6751fe51d3a38a950ba40c11'[39m,
[2m[WebServer] [22m  employeeNumber: [32m'EMP-1019'[39m,
[2m[WebServer] [22m  iat: [33m1765983222[39m,
[2m[WebServer] [22m  exp: [33m1766069622[39m
[2m[WebServer] [22m}
[2m[WebServer] [22m≡ƒöÑ JwtAuthGuard: handleRequest() {
[2m[WebServer] [22m  err: [1mnull[22m,
[2m[WebServer] [22m  user: {
[2m[WebServer] [22m    id: [32m'6928cf79fe9ff406e6610feb'[39m,
[2m[WebServer] [22m    workEmail: [32m'hr.hr.hr@example.com'[39m,
[2m[WebServer] [22m    roles: [ [32m'HR Manager'[39m ],
[2m[WebServer] [22m    permissions: [],
[2m[WebServer] [22m    primaryDepartmentId: [32m'6751fe51d3a38a950ba40c11'[39m,
[2m[WebServer] [22m    employeeNumber: [32m'EMP-1019'[39m
[2m[WebServer] [22m  },
[2m[WebServer] [22m  info: [90mundefined[39m
[2m[WebServer] [22m}
[2m[WebServer] [22mΓ£à JwtAuthGuard SUCCESS ΓåÆ user authenticated: 6928cf79fe9ff406e6610feb
[2m[WebServer] [22m≡ƒöÑ RolesGuard running!
[2m[WebServer] [22m
[2m[WebServer] [22m===== ROLE GUARD =====
[2m[WebServer] [22mRequired roles: [
[2m[WebServer] [22m  [32m'department employee'[39m,
[2m[WebServer] [22m  [32m'HR Employee'[39m,
[2m[WebServer] [22m  [32m'department head'[39m,
[2m[WebServer] [22m  [32m'HR Manager'[39m,
[2m[WebServer] [22m  [32m'HR Admin'[39m,
[2m[WebServer] [22m  [32m'System Admin'[39m
[2m[WebServer] [22m]
[2m[WebServer] [22mUser object: {
[2m[WebServer] [22m  id: [32m'6928cf79fe9ff406e6610feb'[39m,
[2m[WebServer] [22m  workEmail: [32m'hr.hr.hr@example.com'[39m,
[2m[WebServer] [22m  roles: [ [32m'HR Manager'[39m ],
[2m[WebServer] [22m  permissions: [],
[2m[WebServer] [22m  primaryDepartmentId: [32m'6751fe51d3a38a950ba40c11'[39m,
[2m[WebServer] [22m  employeeNumber: [32m'EMP-1019'[39m
[2m[WebServer] [22m}
[2m[WebServer] [22mNormalized user roles: [ [32m'hr manager'[39m ]
[2m[WebServer] [22mNormalized required roles: [
[2m[WebServer] [22m  [32m'department employee'[39m,
[2m[WebServer] [22m  [32m'hr employee'[39m,
[2m[WebServer] [22m  [32m'department head'[39m,
[2m[WebServer] [22m  [32m'hr manager'[39m,
[2m[WebServer] [22m  [32m'hr admin'[39m,
[2m[WebServer] [22m  [32m'system admin'[39m
[2m[WebServer] [22m]
[2m[WebServer] [22mHas required role? [33mtrue[39m
[2m[WebServer] [22mΓ£ö ACCESS GRANTED Γ£ö
[2m[WebServer] [22m≡ƒöì [TrackingController] getMyBalances: {
[2m[WebServer] [22m  query: [Object: null prototype] {},
[2m[WebServer] [22m  userId: [32m'6928cf79fe9ff406e6610feb'[39m
[2m[WebServer] [22m}
[2m[WebServer] [22m≡ƒöÑ JwtAuthGuard: canActivate CALLED
[2m[WebServer] [22m≡ƒöì JWT Extractor - All cookies: {
[2m[WebServer] [22m  accessToken: [32m'eyJhbGciOiJIUzI1NiIsInR5cCI6IkpXVCJ9.eyJzdWIiOiI2OTI4Y2Y3OWZlOWZmNDA2ZTY2MTBmZWIiLCJ3b3JrRW1haWwiOiJoci5oci5ockBleGFtcGxlLmNvbSIsInJvbGVzIjpbIkhSIE1hbmFnZXIiXSwicGVybWlzc2lvbnMiOltdLCJwcmltYXJ5RGVwYXJ0bWVudElkIjoiNjc1MWZlNTFkM2EzOGE5NTBiYTQwYzExIiwiZW1wbG95ZWVOdW1iZXIiOiJFTVAtMTAxOSIsImlhdCI6MTc2NTk4MzIyMiwiZXhwIjoxNzY2MDY5NjIyfQ.ni1LC4PrcMsoMWIxdqBKssX2iXjXHUwhKch3vjFg6jM'[39m
[2m[WebServer] [22m}
[2m[WebServer] [22m≡ƒöì JWT Extractor - Headers: accessToken=eyJhbGciOiJIUzI1NiIsInR5cCI6IkpXVCJ9.eyJzdWIiOiI2OTI4Y2Y3OWZlOWZmNDA2ZTY2MTBmZWIiLCJ3b3JrRW1haWwiOiJoci5oci5ockBleGFtcGxlLmNvbSIsInJvbGVzIjpbIkhSIE1hbmFnZXIiXSwicGVybWlzc2lvbnMiOltdLCJwcmltYXJ5RGVwYXJ0bWVudElkIjoiNjc1MWZlNTFkM2EzOGE5NTBiYTQwYzExIiwiZW1wbG95ZWVOdW1iZXIiOiJFTVAtMTAxOSIsImlhdCI6MTc2NTk4MzIyMiwiZXhwIjoxNzY2MDY5NjIyfQ.ni1LC4PrcMsoMWIxdqBKssX2iXjXHUwhKch3vjFg6jM
[2m[WebServer] [22m≡ƒöì JWT Extractor - accessToken: FOUND
[2m[WebServer] [22mJwtStrategy VALIDATE: {
[2m[WebServer] [22m  sub: [32m'6928cf79fe9ff406e6610feb'[39m,
[2m[WebServer] [22m  workEmail: [32m'hr.hr.hr@example.com'[39m,
[2m[WebServer] [22m  roles: [ [32m'HR Manager'[39m ],
[2m[WebServer] [22m  permissions: [],
[2m[WebServer] [22m  primaryDepartmentId: [32m'6751fe51d3a38a950ba40c11'[39m,
[2m[WebServer] [22m  employeeNumber: [32m'EMP-1019'[39m,
[2m[WebServer] [22m  iat: [33m1765983222[39m,
[2m[WebServer] [22m  exp: [33m1766069622[39m
[2m[WebServer] [22m}
[2m[WebServer] [22m≡ƒöÑ JwtAuthGuard: handleRequest() {
[2m[WebServer] [22m  err: [1mnull[22m,
[2m[WebServer] [22m  user: {
[2m[WebServer] [22m    id: [32m'6928cf79fe9ff406e6610feb'[39m,
[2m[WebServer] [22m    workEmail: [32m'hr.hr.hr@example.com'[39m,
[2m[WebServer] [22m    roles: [ [32m'HR Manager'[39m ],
[2m[WebServer] [22m    permissions: [],
[2m[WebServer] [22m    primaryDepartmentId: [32m'6751fe51d3a38a950ba40c11'[39m,
[2m[WebServer] [22m    employeeNumber: [32m'EMP-1019'[39m
[2m[WebServer] [22m  },
[2m[WebServer] [22m  info: [90mundefined[39m
[2m[WebServer] [22m}
[2m[WebServer] [22mΓ£à JwtAuthGuard SUCCESS ΓåÆ user authenticated: 6928cf79fe9ff406e6610feb
[2m[WebServer] [22m≡ƒöÑ RolesGuard running!
[2m[WebServer] [22m
[2m[WebServer] [22m===== ROLE GUARD =====
[2m[WebServer] [22mRequired roles: [
[2m[WebServer] [22m  [32m'department employee'[39m,
[2m[WebServer] [22m  [32m'HR Employee'[39m,
[2m[WebServer] [22m  [32m'department head'[39m,
[2m[WebServer] [22m  [32m'HR Manager'[39m,
[2m[WebServer] [22m  [32m'HR Admin'[39m,
[2m[WebServer] [22m  [32m'System Admin'[39m
[2m[WebServer] [22m]
[2m[WebServer] [22mUser object: {
[2m[WebServer] [22m  id: [32m'6928cf79fe9ff406e6610feb'[39m,
[2m[WebServer] [22m  workEmail: [32m'hr.hr.hr@example.com'[39m,
[2m[WebServer] [22m  roles: [ [32m'HR Manager'[39m ],
[2m[WebServer] [22m  permissions: [],
[2m[WebServer] [22m  primaryDepartmentId: [32m'6751fe51d3a38a950ba40c11'[39m,
[2m[WebServer] [22m  employeeNumber: [32m'EMP-1019'[39m
[2m[WebServer] [22m}
[2m[WebServer] [22mNormalized user roles: [ [32m'hr manager'[39m ]
[2m[WebServer] [22mNormalized required roles: [
[2m[WebServer] [22m  [32m'department employee'[39m,
[2m[WebServer] [22m  [32m'hr employee'[39m,
[2m[WebServer] [22m  [32m'department head'[39m,
[2m[WebServer] [22m  [32m'hr manager'[39m,
[2m[WebServer] [22m  [32m'hr admin'[39m,
[2m[WebServer] [22m  [32m'system admin'[39m
[2m[WebServer] [22m]
[2m[WebServer] [22mHas required role? [33mtrue[39m
[2m[WebServer] [22mΓ£ö ACCESS GRANTED Γ£ö
[2m[WebServer] [22m≡ƒöì [TrackingController] getMyHistory: {
[2m[WebServer] [22m  filters: [Object: null prototype] {},
[2m[WebServer] [22m  userId: [32m'6928cf79fe9ff406e6610feb'[39m
[2m[WebServer] [22m}
Γ£à Login successful
≡ƒöº Testing: REQ-014 (HR override)
[2m[WebServer] [22m GET /leaves [32m200[39m in 45ms[2m (compile: 3ms, render: 42ms)[22m
[2m[WebServer] [22m≡ƒöÑ JwtAuthGuard: canActivate CALLED
[2m[WebServer] [22m≡ƒöì JWT Extractor - All cookies: {
[2m[WebServer] [22m  accessToken: [32m'eyJhbGciOiJIUzI1NiIsInR5cCI6IkpXVCJ9.eyJzdWIiOiI2OTI4Y2Y3OWZlOWZmNDA2ZTY2MTBmZWIiLCJ3b3JrRW1haWwiOiJoci5oci5ockBleGFtcGxlLmNvbSIsInJvbGVzIjpbIkhSIE1hbmFnZXIiXSwicGVybWlzc2lvbnMiOltdLCJwcmltYXJ5RGVwYXJ0bWVudElkIjoiNjc1MWZlNTFkM2EzOGE5NTBiYTQwYzExIiwiZW1wbG95ZWVOdW1iZXIiOiJFTVAtMTAxOSIsImlhdCI6MTc2NTk4MzIyMiwiZXhwIjoxNzY2MDY5NjIyfQ.ni1LC4PrcMsoMWIxdqBKssX2iXjXHUwhKch3vjFg6jM'[39m
[2m[WebServer] [22m}
[2m[WebServer] [22m≡ƒöì JWT Extractor - Headers: accessToken=eyJhbGciOiJIUzI1NiIsInR5cCI6IkpXVCJ9.eyJzdWIiOiI2OTI4Y2Y3OWZlOWZmNDA2ZTY2MTBmZWIiLCJ3b3JrRW1haWwiOiJoci5oci5ockBleGFtcGxlLmNvbSIsInJvbGVzIjpbIkhSIE1hbmFnZXIiXSwicGVybWlzc2lvbnMiOltdLCJwcmltYXJ5RGVwYXJ0bWVudElkIjoiNjc1MWZlNTFkM2EzOGE5NTBiYTQwYzExIiwiZW1wbG95ZWVOdW1iZXIiOiJFTVAtMTAxOSIsImlhdCI6MTc2NTk4MzIyMiwiZXhwIjoxNzY2MDY5NjIyfQ.ni1LC4PrcMsoMWIxdqBKssX2iXjXHUwhKch3vjFg6jM
[2m[WebServer] [22m≡ƒöì JWT Extractor - accessToken: FOUND
[2m[WebServer] [22mJwtStrategy VALIDATE: {
[2m[WebServer] [22m  sub: [32m'6928cf79fe9ff406e6610feb'[39m,
[2m[WebServer] [22m  workEmail: [32m'hr.hr.hr@example.com'[39m,
[2m[WebServer] [22m  roles: [ [32m'HR Manager'[39m ],
[2m[WebServer] [22m  permissions: [],
[2m[WebServer] [22m  primaryDepartmentId: [32m'6751fe51d3a38a950ba40c11'[39m,
[2m[WebServer] [22m  employeeNumber: [32m'EMP-1019'[39m,
[2m[WebServer] [22m  iat: [33m1765983222[39m,
[2m[WebServer] [22m  exp: [33m1766069622[39m
[2m[WebServer] [22m}
[2m[WebServer] [22m≡ƒöÑ JwtAuthGuard: handleRequest() {
[2m[WebServer] [22m  err: [1mnull[22m,
[2m[WebServer] [22m  user: {
[2m[WebServer] [22m    id: [32m'6928cf79fe9ff406e6610feb'[39m,
[2m[WebServer] [22m    workEmail: [32m'hr.hr.hr@example.com'[39m,
[2m[WebServer] [22m    roles: [ [32m'HR Manager'[39m ],
[2m[WebServer] [22m    permissions: [],
[2m[WebServer] [22m    primaryDepartmentId: [32m'6751fe51d3a38a950ba40c11'[39m,
[2m[WebServer] [22m    employeeNumber: [32m'EMP-1019'[39m
[2m[WebServer] [22m  },
[2m[WebServer] [22m  info: [90mundefined[39m
[2m[WebServer] [22m}
[2m[WebServer] [22mΓ£à JwtAuthGuard SUCCESS ΓåÆ user authenticated: 6928cf79fe9ff406e6610feb
[2m[WebServer] [22m≡ƒöÑ JwtAuthGuard: canActivate CALLED
[2m[WebServer] [22m≡ƒöì JWT Extractor - All cookies: {
[2m[WebServer] [22m  accessToken: [32m'eyJhbGciOiJIUzI1NiIsInR5cCI6IkpXVCJ9.eyJzdWIiOiI2OTI4Y2Y3OWZlOWZmNDA2ZTY2MTBmZWIiLCJ3b3JrRW1haWwiOiJoci5oci5ockBleGFtcGxlLmNvbSIsInJvbGVzIjpbIkhSIE1hbmFnZXIiXSwicGVybWlzc2lvbnMiOltdLCJwcmltYXJ5RGVwYXJ0bWVudElkIjoiNjc1MWZlNTFkM2EzOGE5NTBiYTQwYzExIiwiZW1wbG95ZWVOdW1iZXIiOiJFTVAtMTAxOSIsImlhdCI6MTc2NTk4MzIyMiwiZXhwIjoxNzY2MDY5NjIyfQ.ni1LC4PrcMsoMWIxdqBKssX2iXjXHUwhKch3vjFg6jM'[39m
[2m[WebServer] [22m}
[2m[WebServer] [22m≡ƒöì JWT Extractor - Headers: accessToken=eyJhbGciOiJIUzI1NiIsInR5cCI6IkpXVCJ9.eyJzdWIiOiI2OTI4Y2Y3OWZlOWZmNDA2ZTY2MTBmZWIiLCJ3b3JrRW1haWwiOiJoci5oci5ockBleGFtcGxlLmNvbSIsInJvbGVzIjpbIkhSIE1hbmFnZXIiXSwicGVybWlzc2lvbnMiOltdLCJwcmltYXJ5RGVwYXJ0bWVudElkIjoiNjc1MWZlNTFkM2EzOGE5NTBiYTQwYzExIiwiZW1wbG95ZWVOdW1iZXIiOiJFTVAtMTAxOSIsImlhdCI6MTc2NTk4MzIyMiwiZXhwIjoxNzY2MDY5NjIyfQ.ni1LC4PrcMsoMWIxdqBKssX2iXjXHUwhKch3vjFg6jM
[2m[WebServer] [22m≡ƒöì JWT Extractor - accessToken: FOUND
[2m[WebServer] [22mJwtStrategy VALIDATE: {
[2m[WebServer] [22m  sub: [32m'6928cf79fe9ff406e6610feb'[39m,
[2m[WebServer] [22m  workEmail: [32m'hr.hr.hr@example.com'[39m,
[2m[WebServer] [22m  roles: [ [32m'HR Manager'[39m ],
[2m[WebServer] [22m  permissions: [],
[2m[WebServer] [22m  primaryDepartmentId: [32m'6751fe51d3a38a950ba40c11'[39m,
[2m[WebServer] [22m  employeeNumber: [32m'EMP-1019'[39m,
[2m[WebServer] [22m  iat: [33m1765983222[39m,
[2m[WebServer] [22m  exp: [33m1766069622[39m
[2m[WebServer] [22m}
[2m[WebServer] [22m≡ƒöÑ JwtAuthGuard: handleRequest() {
[2m[WebServer] [22m  err: [1mnull[22m,
[2m[WebServer] [22m  user: {
[2m[WebServer] [22m    id: [32m'6928cf79fe9ff406e6610feb'[39m,
[2m[WebServer] [22m    workEmail: [32m'hr.hr.hr@example.com'[39m,
[2m[WebServer] [22m    roles: [ [32m'HR Manager'[39m ],
[2m[WebServer] [22m    permissions: [],
[2m[WebServer] [22m    primaryDepartmentId: [32m'6751fe51d3a38a950ba40c11'[39m,
[2m[WebServer] [22m    employeeNumber: [32m'EMP-1019'[39m
[2m[WebServer] [22m  },
[2m[WebServer] [22m  info: [90mundefined[39m
[2m[WebServer] [22m}
[2m[WebServer] [22mΓ£à JwtAuthGuard SUCCESS ΓåÆ user authenticated: 6928cf79fe9ff406e6610feb
[2m[WebServer] [22m≡ƒöÑ RolesGuard running!
[2m[WebServer] [22m
[2m[WebServer] [22m===== ROLE GUARD =====
[2m[WebServer] [22mRequired roles: [
[2m[WebServer] [22m  [32m'department employee'[39m,
[2m[WebServer] [22m  [32m'HR Employee'[39m,
[2m[WebServer] [22m  [32m'department head'[39m,
[2m[WebServer] [22m  [32m'HR Manager'[39m,
[2m[WebServer] [22m  [32m'HR Admin'[39m,
[2m[WebServer] [22m  [32m'System Admin'[39m
[2m[WebServer] [22m]
[2m[WebServer] [22mUser object: {
[2m[WebServer] [22m  id: [32m'6928cf79fe9ff406e6610feb'[39m,
[2m[WebServer] [22m  workEmail: [32m'hr.hr.hr@example.com'[39m,
[2m[WebServer] [22m  roles: [ [32m'HR Manager'[39m ],
[2m[WebServer] [22m  permissions: [],
[2m[WebServer] [22m  primaryDepartmentId: [32m'6751fe51d3a38a950ba40c11'[39m,
[2m[WebServer] [22m  employeeNumber: [32m'EMP-1019'[39m
[2m[WebServer] [22m}
[2m[WebServer] [22mNormalized user roles: [ [32m'hr manager'[39m ]
[2m[WebServer] [22mNormalized required roles: [
[2m[WebServer] [22m  [32m'department employee'[39m,
[2m[WebServer] [22m  [32m'hr employee'[39m,
[2m[WebServer] [22m  [32m'department head'[39m,
[2m[WebServer] [22m  [32m'hr manager'[39m,
[2m[WebServer] [22m  [32m'hr admin'[39m,
[2m[WebServer] [22m  [32m'system admin'[39m
[2m[WebServer] [22m]
[2m[WebServer] [22mHas required role? [33mtrue[39m
[2m[WebServer] [22mΓ£ö ACCESS GRANTED Γ£ö
[2m[WebServer] [22m≡ƒöì [TrackingController] getMyBalances: {
[2m[WebServer] [22m  query: [Object: null prototype] {},
[2m[WebServer] [22m  userId: [32m'6928cf79fe9ff406e6610feb'[39m
[2m[WebServer] [22m}
[2m[WebServer] [22m≡ƒöÑ JwtAuthGuard: canActivate CALLED
[2m[WebServer] [22m≡ƒöì JWT Extractor - All cookies: {
[2m[WebServer] [22m  accessToken: [32m'eyJhbGciOiJIUzI1NiIsInR5cCI6IkpXVCJ9.eyJzdWIiOiI2OTI4Y2Y3OWZlOWZmNDA2ZTY2MTBmZWIiLCJ3b3JrRW1haWwiOiJoci5oci5ockBleGFtcGxlLmNvbSIsInJvbGVzIjpbIkhSIE1hbmFnZXIiXSwicGVybWlzc2lvbnMiOltdLCJwcmltYXJ5RGVwYXJ0bWVudElkIjoiNjc1MWZlNTFkM2EzOGE5NTBiYTQwYzExIiwiZW1wbG95ZWVOdW1iZXIiOiJFTVAtMTAxOSIsImlhdCI6MTc2NTk4MzIyMiwiZXhwIjoxNzY2MDY5NjIyfQ.ni1LC4PrcMsoMWIxdqBKssX2iXjXHUwhKch3vjFg6jM'[39m
[2m[WebServer] [22m}
[2m[WebServer] [22m≡ƒöì JWT Extractor - Headers: accessToken=eyJhbGciOiJIUzI1NiIsInR5cCI6IkpXVCJ9.eyJzdWIiOiI2OTI4Y2Y3OWZlOWZmNDA2ZTY2MTBmZWIiLCJ3b3JrRW1haWwiOiJoci5oci5ockBleGFtcGxlLmNvbSIsInJvbGVzIjpbIkhSIE1hbmFnZXIiXSwicGVybWlzc2lvbnMiOltdLCJwcmltYXJ5RGVwYXJ0bWVudElkIjoiNjc1MWZlNTFkM2EzOGE5NTBiYTQwYzExIiwiZW1wbG95ZWVOdW1iZXIiOiJFTVAtMTAxOSIsImlhdCI6MTc2NTk4MzIyMiwiZXhwIjoxNzY2MDY5NjIyfQ.ni1LC4PrcMsoMWIxdqBKssX2iXjXHUwhKch3vjFg6jM
[2m[WebServer] [22m≡ƒöì JWT Extractor - accessToken: FOUND
[2m[WebServer] [22mJwtStrategy VALIDATE: {
[2m[WebServer] [22m  sub: [32m'6928cf79fe9ff406e6610feb'[39m,
[2m[WebServer] [22m  workEmail: [32m'hr.hr.hr@example.com'[39m,
[2m[WebServer] [22m  roles: [ [32m'HR Manager'[39m ],
[2m[WebServer] [22m  permissions: [],
[2m[WebServer] [22m  primaryDepartmentId: [32m'6751fe51d3a38a950ba40c11'[39m,
[2m[WebServer] [22m  employeeNumber: [32m'EMP-1019'[39m,
[2m[WebServer] [22m  iat: [33m1765983222[39m,
[2m[WebServer] [22m  exp: [33m1766069622[39m
[2m[WebServer] [22m}
[2m[WebServer] [22m≡ƒöÑ JwtAuthGuard: handleRequest() {
[2m[WebServer] [22m  err: [1mnull[22m,
[2m[WebServer] [22m  user: {
[2m[WebServer] [22m    id: [32m'6928cf79fe9ff406e6610feb'[39m,
[2m[WebServer] [22m    workEmail: [32m'hr.hr.hr@example.com'[39m,
[2m[WebServer] [22m    roles: [ [32m'HR Manager'[39m ],
[2m[WebServer] [22m    permissions: [],
[2m[WebServer] [22m    primaryDepartmentId: [32m'6751fe51d3a38a950ba40c11'[39m,
[2m[WebServer] [22m    employeeNumber: [32m'EMP-1019'[39m
[2m[WebServer] [22m  },
[2m[WebServer] [22m  info: [90mundefined[39m
[2m[WebServer] [22m}
[2m[WebServer] [22mΓ£à JwtAuthGuard SUCCESS ΓåÆ user authenticated: 6928cf79fe9ff406e6610feb
[2m[WebServer] [22m≡ƒöÑ RolesGuard running!
[2m[WebServer] [22m
[2m[WebServer] [22m===== ROLE GUARD =====
[2m[WebServer] [22mRequired roles: [
[2m[WebServer] [22m  [32m'department employee'[39m,
[2m[WebServer] [22m  [32m'HR Employee'[39m,
[2m[WebServer] [22m  [32m'department head'[39m,
[2m[WebServer] [22m  [32m'HR Manager'[39m,
[2m[WebServer] [22m  [32m'HR Admin'[39m,
[2m[WebServer] [22m  [32m'System Admin'[39m
[2m[WebServer] [22m]
[2m[WebServer] [22mUser object: {
[2m[WebServer] [22m  id: [32m'6928cf79fe9ff406e6610feb'[39m,
[2m[WebServer] [22m  workEmail: [32m'hr.hr.hr@example.com'[39m,
[2m[WebServer] [22m  roles: [ [32m'HR Manager'[39m ],
[2m[WebServer] [22m  permissions: [],
[2m[WebServer] [22m  primaryDepartmentId: [32m'6751fe51d3a38a950ba40c11'[39m,
[2m[WebServer] [22m  employeeNumber: [32m'EMP-1019'[39m
[2m[WebServer] [22m}
[2m[WebServer] [22mNormalized user roles: [ [32m'hr manager'[39m ]
[2m[WebServer] [22mNormalized required roles: [
[2m[WebServer] [22m  [32m'department employee'[39m,
[2m[WebServer] [22m  [32m'hr employee'[39m,
[2m[WebServer] [22m  [32m'department head'[39m,
[2m[WebServer] [22m  [32m'hr manager'[39m,
[2m[WebServer] [22m  [32m'hr admin'[39m,
[2m[WebServer] [22m  [32m'system admin'[39m
[2m[WebServer] [22m]
[2m[WebServer] [22mHas required role? [33mtrue[39m
[2m[WebServer] [22mΓ£ö ACCESS GRANTED Γ£ö
[2m[WebServer] [22m≡ƒöì [TrackingController] getMyHistory: {
[2m[WebServer] [22m  filters: [Object: null prototype] {},
[2m[WebServer] [22m  userId: [32m'6928cf79fe9ff406e6610feb'[39m
[2m[WebServer] [22m}
Γ£à HR override accessible - REQ-014 validated
  Γ£ô  43 [chromium] ΓÇ║ leave-tests.spec.ts:633:7 ΓÇ║ ≡ƒæö HR MANAGER (EMP-1019) - System-Wide Management ΓÇ║ Γ£à O2: HR override manager decision (REQ-014) (9.1s)
≡ƒöÉ Logging in as: hr.hr.hr@example.com
[2m[WebServer] [22m GET /login [32m200[39m in 43ms[2m (compile: 2ms, render: 41ms)[22m
[2m[WebServer] [22m≡ƒöÑ JwtAuthGuard: canActivate CALLED
[2m[WebServer] [22m≡ƒöì JWT Extractor - All cookies: [Object: null prototype] {}
[2m[WebServer] [22m≡ƒöì JWT Extractor - Headers: [90mundefined[39m
[2m[WebServer] [22m≡ƒöì JWT Extractor - accessToken: NOT FOUND
[2m[WebServer] [22m≡ƒöÑ JwtAuthGuard: handleRequest() {
[2m[WebServer] [22m  err: [1mnull[22m,
[2m[WebServer] [22m  user: [33mfalse[39m,
[2m[WebServer] [22m  info: Error: No auth token
[2m[WebServer] [22m      at JwtStrategy.authenticate [90m(C:\Users\Bedon\Desktop\semester-5-software-project\backend\[39mnode_modules\[4mpassport-jwt[24m\lib\strategy.js:96:26[90m)[39m
[2m[WebServer] [22m      at attempt [90m(C:\Users\Bedon\Desktop\semester-5-software-project\backend\[39mnode_modules\[4mpassport[24m\lib\middleware\authenticate.js:378:16[90m)[39m
[2m[WebServer] [22m      at authenticate [90m(C:\Users\Bedon\Desktop\semester-5-software-project\backend\[39mnode_modules\[4mpassport[24m\lib\middleware\authenticate.js:379:7[90m)[39m
[2m[WebServer] [22m      at [90mC:\Users\Bedon\Desktop\semester-5-software-project\backend\[39mnode_modules\[4m@nestjs[24m\passport\dist\auth.guard.js:88:3
[2m[WebServer] [22m      at new Promise (<anonymous>)
[2m[WebServer] [22m      at [90mC:\Users\Bedon\Desktop\semester-5-software-project\backend\[39mnode_modules\[4m@nestjs[24m\passport\dist\auth.guard.js:80:83
[2m[WebServer] [22m      at JwtAuthGuard.canActivate [90m(C:\Users\Bedon\Desktop\semester-5-software-project\backend\[39mnode_modules\[4m@nestjs[24m\passport\dist\auth.guard.js:44:32[90m)[39m
[2m[WebServer] [22m  [90m    at process.processTicksAndRejections (node:internal/process/task_queues:105:5)[39m
[2m[WebServer] [22m}
[2m[WebServer] [22mΓ¥î JwtAuthGuard INFO: Error: No auth token
[2m[WebServer] [22m    at JwtStrategy.authenticate 
[90m(C:\Users\Bedon\Desktop\semester-5-software-project\backend\[39mnode_modules\[4mpassport-jwt[24m\lib\strategy.js:96:26[90m)[39m
[2m[WebServer] [22m    at attempt [90m(C:\Users\Bedon\Desktop\semester-5-software-project\backend\[39mnode_modules\[4mpassport[24m\lib\mi
ddleware\authenticate.js:378:16[90m)[39m
[2m[WebServer] [22m    at authenticate [90m(C:\Users\Bedon\Desktop\semester-5-software-project\backend\[39mnode_modules\[4mpassport[24m\l
ib\middleware\authenticate.js:379:7[90m)[39m
[2m[WebServer] [22m    at 
[90mC:\Users\Bedon\Desktop\semester-5-software-project\backend\[39mnode_modules\[4m@nestjs[24m\passport\dist\auth.guard.js:88:3
[2m[WebServer] [22m    at new Promise (<anonymous>)
[2m[WebServer] [22m    at 
[90mC:\Users\Bedon\Desktop\semester-5-software-project\backend\[39mnode_modules\[4m@nestjs[24m\passport\dist\auth.guard.js:80:83
[2m[WebServer] [22m    at JwtAuthGuard.canActivate [90m(C:\Users\Bedon\Desktop\semester-5-software-project\backend\[39mnode_modules\[4m@ne
stjs[24m\passport\dist\auth.guard.js:44:32[90m)[39m
[2m[WebServer] [22m[90m    at process.processTicksAndRejections (node:internal/process/task_queues:105:5)[39m
[2m[WebServer] [22mΓ¥î JwtAuthGuard FAILING ΓåÆ No auth token
[2m[WebServer] [22mVALIDATE EMPLOYEE - systemRole = {
[2m[WebServer] [22m  _id: new ObjectId([32m'6928cf79fe9ff406e6610fed'[39m),
[2m[WebServer] [22m  employeeProfileId: new ObjectId([32m'6928cf79fe9ff406e6610feb'[39m),
[2m[WebServer] [22m  roles: [ [32m'HR Manager'[39m ],
[2m[WebServer] [22m  permissions: [],
[2m[WebServer] [22m  isActive: [33mtrue[39m,
[2m[WebServer] [22m  createdAt: [35m2025-11-27T22:23:53.913Z[39m,
[2m[WebServer] [22m  updatedAt: [35m2025-11-27T22:23:53.913Z[39m,
[2m[WebServer] [22m  __v: [33m0[39m
[2m[WebServer] [22m}
[2m[WebServer] [22mGenerated token: eyJhbGciOiJIUzI1NiIsInR5cCI6IkpXVCJ9.eyJzdWIiOiI2OTI4Y2Y3OWZlOWZmNDA2ZTY2MTBmZWIiLCJ3b3JrRW1haWwiOiJoci5oci5ockBleGFtcGxlLmNvbSIsInJvbGVzIjpbIkhSIE1hbmFnZXIiXSwicGVybWlzc2lvbnMiOltdLCJwcmltYXJ5RGVwYXJ0bWVudElkIjoiNjc1MWZlNTFkM2EzOGE5NTBiYTQwYzExIiwiZW1wbG95ZWVOdW1iZXIiOiJFTVAtMTAxOSIsImlhdCI6MTc2NTk4MzIzMSwiZXhwIjoxNzY2MDY5NjMxfQ.bN08yZw_RF8BBpJgyaft0cy2j3IV6fQnhTq-oc4PFpE
[2m[WebServer] [22m GET /leaves [32m200[39m in 21ms[2m (compile: 3ms, render: 18ms)[22m
[2m[WebServer] [22m≡ƒöÑ JwtAuthGuard: canActivate CALLED
[2m[WebServer] [22m≡ƒöì JWT Extractor - All cookies: {
[2m[WebServer] [22m  accessToken: [32m'eyJhbGciOiJIUzI1NiIsInR5cCI6IkpXVCJ9.eyJzdWIiOiI2OTI4Y2Y3OWZlOWZmNDA2ZTY2MTBmZWIiLCJ3b3JrRW1haWwiOiJoci5oci5ockBleGFtcGxlLmNvbSIsInJvbGVzIjpbIkhSIE1hbmFnZXIiXSwicGVybWlzc2lvbnMiOltdLCJwcmltYXJ5RGVwYXJ0bWVudElkIjoiNjc1MWZlNTFkM2EzOGE5NTBiYTQwYzExIiwiZW1wbG95ZWVOdW1iZXIiOiJFTVAtMTAxOSIsImlhdCI6MTc2NTk4MzIzMSwiZXhwIjoxNzY2MDY5NjMxfQ.bN08yZw_RF8BBpJgyaft0cy2j3IV6fQnhTq-oc4PFpE'[39m
[2m[WebServer] [22m}
[2m[WebServer] [22m≡ƒöì JWT Extractor - Headers: accessToken=eyJhbGciOiJIUzI1NiIsInR5cCI6IkpXVCJ9.eyJzdWIiOiI2OTI4Y2Y3OWZlOWZmNDA2ZTY2MTBmZWIiLCJ3b3JrRW1haWwiOiJoci5oci5ockBleGFtcGxlLmNvbSIsInJvbGVzIjpbIkhSIE1hbmFnZXIiXSwicGVybWlzc2lvbnMiOltdLCJwcmltYXJ5RGVwYXJ0bWVudElkIjoiNjc1MWZlNTFkM2EzOGE5NTBiYTQwYzExIiwiZW1wbG95ZWVOdW1iZXIiOiJFTVAtMTAxOSIsImlhdCI6MTc2NTk4MzIzMSwiZXhwIjoxNzY2MDY5NjMxfQ.bN08yZw_RF8BBpJgyaft0cy2j3IV6fQnhTq-oc4PFpE
[2m[WebServer] [22m≡ƒöì JWT Extractor - accessToken: FOUND
[2m[WebServer] [22mJwtStrategy VALIDATE: {
[2m[WebServer] [22m  sub: [32m'6928cf79fe9ff406e6610feb'[39m,
[2m[WebServer] [22m  workEmail: [32m'hr.hr.hr@example.com'[39m,
[2m[WebServer] [22m  roles: [ [32m'HR Manager'[39m ],
[2m[WebServer] [22m  permissions: [],
[2m[WebServer] [22m  primaryDepartmentId: [32m'6751fe51d3a38a950ba40c11'[39m,
[2m[WebServer] [22m  employeeNumber: [32m'EMP-1019'[39m,
[2m[WebServer] [22m  iat: [33m1765983231[39m,
[2m[WebServer] [22m  exp: [33m1766069631[39m
[2m[WebServer] [22m}
[2m[WebServer] [22m≡ƒöÑ JwtAuthGuard: handleRequest() {
[2m[WebServer] [22m  err: [1mnull[22m,
[2m[WebServer] [22m  user: {
[2m[WebServer] [22m    id: [32m'6928cf79fe9ff406e6610feb'[39m,
[2m[WebServer] [22m    workEmail: [32m'hr.hr.hr@example.com'[39m,
[2m[WebServer] [22m    roles: [ [32m'HR Manager'[39m ],
[2m[WebServer] [22m    permissions: [],
[2m[WebServer] [22m    primaryDepartmentId: [32m'6751fe51d3a38a950ba40c11'[39m,
[2m[WebServer] [22m    employeeNumber: [32m'EMP-1019'[39m
[2m[WebServer] [22m  },
[2m[WebServer] [22m  info: [90mundefined[39m
[2m[WebServer] [22m}
[2m[WebServer] [22mΓ£à JwtAuthGuard SUCCESS ΓåÆ user authenticated: 6928cf79fe9ff406e6610feb
[2m[WebServer] [22m≡ƒöÑ RolesGuard running!
[2m[WebServer] [22m
[2m[WebServer] [22m===== ROLE GUARD =====
[2m[WebServer] [22mRequired roles: [
[2m[WebServer] [22m  [32m'department employee'[39m,
[2m[WebServer] [22m  [32m'HR Employee'[39m,
[2m[WebServer] [22m  [32m'department head'[39m,
[2m[WebServer] [22m  [32m'HR Manager'[39m,
[2m[WebServer] [22m  [32m'HR Admin'[39m,
[2m[WebServer] [22m  [32m'System Admin'[39m
[2m[WebServer] [22m]
[2m[WebServer] [22mUser object: {
[2m[WebServer] [22m  id: [32m'6928cf79fe9ff406e6610feb'[39m,
[2m[WebServer] [22m  workEmail: [32m'hr.hr.hr@example.com'[39m,
[2m[WebServer] [22m  roles: [ [32m'HR Manager'[39m ],
[2m[WebServer] [22m  permissions: [],
[2m[WebServer] [22m  primaryDepartmentId: [32m'6751fe51d3a38a950ba40c11'[39m,
[2m[WebServer] [22m  employeeNumber: [32m'EMP-1019'[39m
[2m[WebServer] [22m}
[2m[WebServer] [22mNormalized user roles: [ [32m'hr manager'[39m ]
[2m[WebServer] [22mNormalized required roles: [
[2m[WebServer] [22m  [32m'department employee'[39m,
[2m[WebServer] [22m  [32m'hr employee'[39m,
[2m[WebServer] [22m  [32m'department head'[39m,
[2m[WebServer] [22m  [32m'hr manager'[39m,
[2m[WebServer] [22m  [32m'hr admin'[39m,
[2m[WebServer] [22m  [32m'system admin'[39m
[2m[WebServer] [22m]
[2m[WebServer] [22mHas required role? [33mtrue[39m
[2m[WebServer] [22mΓ£ö ACCESS GRANTED Γ£ö
[2m[WebServer] [22m≡ƒöì [TrackingController] getMyBalances: {
[2m[WebServer] [22m  query: [Object: null prototype] {},
[2m[WebServer] [22m  userId: [32m'6928cf79fe9ff406e6610feb'[39m
[2m[WebServer] [22m}
[2m[WebServer] [22m≡ƒöÑ JwtAuthGuard: canActivate CALLED
[2m[WebServer] [22m≡ƒöì JWT Extractor - All cookies: {
[2m[WebServer] [22m  accessToken: [32m'eyJhbGciOiJIUzI1NiIsInR5cCI6IkpXVCJ9.eyJzdWIiOiI2OTI4Y2Y3OWZlOWZmNDA2ZTY2MTBmZWIiLCJ3b3JrRW1haWwiOiJoci5oci5ockBleGFtcGxlLmNvbSIsInJvbGVzIjpbIkhSIE1hbmFnZXIiXSwicGVybWlzc2lvbnMiOltdLCJwcmltYXJ5RGVwYXJ0bWVudElkIjoiNjc1MWZlNTFkM2EzOGE5NTBiYTQwYzExIiwiZW1wbG95ZWVOdW1iZXIiOiJFTVAtMTAxOSIsImlhdCI6MTc2NTk4MzIzMSwiZXhwIjoxNzY2MDY5NjMxfQ.bN08yZw_RF8BBpJgyaft0cy2j3IV6fQnhTq-oc4PFpE'[39m
[2m[WebServer] [22m}
[2m[WebServer] [22m≡ƒöì JWT Extractor - Headers: accessToken=eyJhbGciOiJIUzI1NiIsInR5cCI6IkpXVCJ9.eyJzdWIiOiI2OTI4Y2Y3OWZlOWZmNDA2ZTY2MTBmZWIiLCJ3b3JrRW1haWwiOiJoci5oci5ockBleGFtcGxlLmNvbSIsInJvbGVzIjpbIkhSIE1hbmFnZXIiXSwicGVybWlzc2lvbnMiOltdLCJwcmltYXJ5RGVwYXJ0bWVudElkIjoiNjc1MWZlNTFkM2EzOGE5NTBiYTQwYzExIiwiZW1wbG95ZWVOdW1iZXIiOiJFTVAtMTAxOSIsImlhdCI6MTc2NTk4MzIzMSwiZXhwIjoxNzY2MDY5NjMxfQ.bN08yZw_RF8BBpJgyaft0cy2j3IV6fQnhTq-oc4PFpE
[2m[WebServer] [22m≡ƒöì JWT Extractor - accessToken: FOUND
[2m[WebServer] [22mJwtStrategy VALIDATE: {
[2m[WebServer] [22m  sub: [32m'6928cf79fe9ff406e6610feb'[39m,
[2m[WebServer] [22m  workEmail: [32m'hr.hr.hr@example.com'[39m,
[2m[WebServer] [22m  roles: [ [32m'HR Manager'[39m ],
[2m[WebServer] [22m  permissions: [],
[2m[WebServer] [22m  primaryDepartmentId: [32m'6751fe51d3a38a950ba40c11'[39m,
[2m[WebServer] [22m  employeeNumber: [32m'EMP-1019'[39m,
[2m[WebServer] [22m  iat: [33m1765983231[39m,
[2m[WebServer] [22m  exp: [33m1766069631[39m
[2m[WebServer] [22m}
[2m[WebServer] [22m≡ƒöÑ JwtAuthGuard: handleRequest() {
[2m[WebServer] [22m  err: [1mnull[22m,
[2m[WebServer] [22m  user: {
[2m[WebServer] [22m    id: [32m'6928cf79fe9ff406e6610feb'[39m,
[2m[WebServer] [22m    workEmail: [32m'hr.hr.hr@example.com'[39m,
[2m[WebServer] [22m    roles: [ [32m'HR Manager'[39m ],
[2m[WebServer] [22m    permissions: [],
[2m[WebServer] [22m    primaryDepartmentId: [32m'6751fe51d3a38a950ba40c11'[39m,
[2m[WebServer] [22m    employeeNumber: [32m'EMP-1019'[39m
[2m[WebServer] [22m  },
[2m[WebServer] [22m  info: [90mundefined[39m
[2m[WebServer] [22m}
[2m[WebServer] [22mΓ£à JwtAuthGuard SUCCESS ΓåÆ user authenticated: 6928cf79fe9ff406e6610feb
[2m[WebServer] [22m≡ƒöÑ RolesGuard running!
[2m[WebServer] [22m
[2m[WebServer] [22m===== ROLE GUARD =====
[2m[WebServer] [22mRequired roles: [
[2m[WebServer] [22m  [32m'department employee'[39m,
[2m[WebServer] [22m  [32m'HR Employee'[39m,
[2m[WebServer] [22m  [32m'department head'[39m,
[2m[WebServer] [22m  [32m'HR Manager'[39m,
[2m[WebServer] [22m  [32m'HR Admin'[39m,
[2m[WebServer] [22m  [32m'System Admin'[39m
[2m[WebServer] [22m]
[2m[WebServer] [22mUser object: {
[2m[WebServer] [22m  id: [32m'6928cf79fe9ff406e6610feb'[39m,
[2m[WebServer] [22m  workEmail: [32m'hr.hr.hr@example.com'[39m,
[2m[WebServer] [22m  roles: [ [32m'HR Manager'[39m ],
[2m[WebServer] [22m  permissions: [],
[2m[WebServer] [22m  primaryDepartmentId: [32m'6751fe51d3a38a950ba40c11'[39m,
[2m[WebServer] [22m  employeeNumber: [32m'EMP-1019'[39m
[2m[WebServer] [22m}
[2m[WebServer] [22mNormalized user roles: [ [32m'hr manager'[39m ]
[2m[WebServer] [22mNormalized required roles: [
[2m[WebServer] [22m  [32m'department employee'[39m,
[2m[WebServer] [22m  [32m'hr employee'[39m,
[2m[WebServer] [22m  [32m'department head'[39m,
[2m[WebServer] [22m  [32m'hr manager'[39m,
[2m[WebServer] [22m  [32m'hr admin'[39m,
[2m[WebServer] [22m  [32m'system admin'[39m
[2m[WebServer] [22m]
[2m[WebServer] [22mHas required role? [33mtrue[39m
[2m[WebServer] [22mΓ£ö ACCESS GRANTED Γ£ö
[2m[WebServer] [22m≡ƒöì [TrackingController] getMyHistory: {
[2m[WebServer] [22m  filters: [Object: null prototype] {},
[2m[WebServer] [22m  userId: [32m'6928cf79fe9ff406e6610feb'[39m
[2m[WebServer] [22m}
Γ£à Login successful
≡ƒîÉ Testing: REQ-005 (View all requests)
[2m[WebServer] [22m GET /leaves [32m200[39m in 39ms[2m (compile: 2ms, render: 36ms)[22m
[2m[WebServer] [22m≡ƒöÑ JwtAuthGuard: canActivate CALLED
[2m[WebServer] [22m≡ƒöì JWT Extractor - All cookies: {
[2m[WebServer] [22m  accessToken: [32m'eyJhbGciOiJIUzI1NiIsInR5cCI6IkpXVCJ9.eyJzdWIiOiI2OTI4Y2Y3OWZlOWZmNDA2ZTY2MTBmZWIiLCJ3b3JrRW1haWwiOiJoci5oci5ockBleGFtcGxlLmNvbSIsInJvbGVzIjpbIkhSIE1hbmFnZXIiXSwicGVybWlzc2lvbnMiOltdLCJwcmltYXJ5RGVwYXJ0bWVudElkIjoiNjc1MWZlNTFkM2EzOGE5NTBiYTQwYzExIiwiZW1wbG95ZWVOdW1iZXIiOiJFTVAtMTAxOSIsImlhdCI6MTc2NTk4MzIzMSwiZXhwIjoxNzY2MDY5NjMxfQ.bN08yZw_RF8BBpJgyaft0cy2j3IV6fQnhTq-oc4PFpE'[39m
[2m[WebServer] [22m}
[2m[WebServer] [22m≡ƒöì JWT Extractor - Headers: accessToken=eyJhbGciOiJIUzI1NiIsInR5cCI6IkpXVCJ9.eyJzdWIiOiI2OTI4Y2Y3OWZlOWZmNDA2ZTY2MTBmZWIiLCJ3b3JrRW1haWwiOiJoci5oci5ockBleGFtcGxlLmNvbSIsInJvbGVzIjpbIkhSIE1hbmFnZXIiXSwicGVybWlzc2lvbnMiOltdLCJwcmltYXJ5RGVwYXJ0bWVudElkIjoiNjc1MWZlNTFkM2EzOGE5NTBiYTQwYzExIiwiZW1wbG95ZWVOdW1iZXIiOiJFTVAtMTAxOSIsImlhdCI6MTc2NTk4MzIzMSwiZXhwIjoxNzY2MDY5NjMxfQ.bN08yZw_RF8BBpJgyaft0cy2j3IV6fQnhTq-oc4PFpE
[2m[WebServer] [22m≡ƒöì JWT Extractor - accessToken: FOUND
[2m[WebServer] [22mJwtStrategy VALIDATE: {
[2m[WebServer] [22m  sub: [32m'6928cf79fe9ff406e6610feb'[39m,
[2m[WebServer] [22m  workEmail: [32m'hr.hr.hr@example.com'[39m,
[2m[WebServer] [22m  roles: [ [32m'HR Manager'[39m ],
[2m[WebServer] [22m  permissions: [],
[2m[WebServer] [22m  primaryDepartmentId: [32m'6751fe51d3a38a950ba40c11'[39m,
[2m[WebServer] [22m  employeeNumber: [32m'EMP-1019'[39m,
[2m[WebServer] [22m  iat: [33m1765983231[39m,
[2m[WebServer] [22m  exp: [33m1766069631[39m
[2m[WebServer] [22m}
[2m[WebServer] [22m≡ƒöÑ JwtAuthGuard: handleRequest() {
[2m[WebServer] [22m  err: [1mnull[22m,
[2m[WebServer] [22m  user: {
[2m[WebServer] [22m    id: [32m'6928cf79fe9ff406e6610feb'[39m,
[2m[WebServer] [22m    workEmail: [32m'hr.hr.hr@example.com'[39m,
[2m[WebServer] [22m    roles: [ [32m'HR Manager'[39m ],
[2m[WebServer] [22m    permissions: [],
[2m[WebServer] [22m    primaryDepartmentId: [32m'6751fe51d3a38a950ba40c11'[39m,
[2m[WebServer] [22m    employeeNumber: [32m'EMP-1019'[39m
[2m[WebServer] [22m  },
[2m[WebServer] [22m  info: [90mundefined[39m
[2m[WebServer] [22m}
[2m[WebServer] [22mΓ£à JwtAuthGuard SUCCESS ΓåÆ user authenticated: 6928cf79fe9ff406e6610feb
[2m[WebServer] [22m≡ƒöÑ JwtAuthGuard: canActivate CALLED
[2m[WebServer] [22m≡ƒöì JWT Extractor - All cookies: {
[2m[WebServer] [22m  accessToken: [32m'eyJhbGciOiJIUzI1NiIsInR5cCI6IkpXVCJ9.eyJzdWIiOiI2OTI4Y2Y3OWZlOWZmNDA2ZTY2MTBmZWIiLCJ3b3JrRW1haWwiOiJoci5oci5ockBleGFtcGxlLmNvbSIsInJvbGVzIjpbIkhSIE1hbmFnZXIiXSwicGVybWlzc2lvbnMiOltdLCJwcmltYXJ5RGVwYXJ0bWVudElkIjoiNjc1MWZlNTFkM2EzOGE5NTBiYTQwYzExIiwiZW1wbG95ZWVOdW1iZXIiOiJFTVAtMTAxOSIsImlhdCI6MTc2NTk4MzIzMSwiZXhwIjoxNzY2MDY5NjMxfQ.bN08yZw_RF8BBpJgyaft0cy2j3IV6fQnhTq-oc4PFpE'[39m
[2m[WebServer] [22m}
[2m[WebServer] [22m≡ƒöì JWT Extractor - Headers: accessToken=eyJhbGciOiJIUzI1NiIsInR5cCI6IkpXVCJ9.eyJzdWIiOiI2OTI4Y2Y3OWZlOWZmNDA2ZTY2MTBmZWIiLCJ3b3JrRW1haWwiOiJoci5oci5ockBleGFtcGxlLmNvbSIsInJvbGVzIjpbIkhSIE1hbmFnZXIiXSwicGVybWlzc2lvbnMiOltdLCJwcmltYXJ5RGVwYXJ0bWVudElkIjoiNjc1MWZlNTFkM2EzOGE5NTBiYTQwYzExIiwiZW1wbG95ZWVOdW1iZXIiOiJFTVAtMTAxOSIsImlhdCI6MTc2NTk4MzIzMSwiZXhwIjoxNzY2MDY5NjMxfQ.bN08yZw_RF8BBpJgyaft0cy2j3IV6fQnhTq-oc4PFpE
[2m[WebServer] [22m≡ƒöì JWT Extractor - accessToken: FOUND
[2m[WebServer] [22mJwtStrategy VALIDATE: {
[2m[WebServer] [22m  sub: [32m'6928cf79fe9ff406e6610feb'[39m,
[2m[WebServer] [22m  workEmail: [32m'hr.hr.hr@example.com'[39m,
[2m[WebServer] [22m  roles: [ [32m'HR Manager'[39m ],
[2m[WebServer] [22m  permissions: [],
[2m[WebServer] [22m  primaryDepartmentId: [32m'6751fe51d3a38a950ba40c11'[39m,
[2m[WebServer] [22m  employeeNumber: [32m'EMP-1019'[39m,
[2m[WebServer] [22m  iat: [33m1765983231[39m,
[2m[WebServer] [22m  exp: [33m1766069631[39m
[2m[WebServer] [22m}
[2m[WebServer] [22m≡ƒöÑ JwtAuthGuard: handleRequest() {
[2m[WebServer] [22m  err: [1mnull[22m,
[2m[WebServer] [22m  user: {
[2m[WebServer] [22m    id: [32m'6928cf79fe9ff406e6610feb'[39m,
[2m[WebServer] [22m    workEmail: [32m'hr.hr.hr@example.com'[39m,
[2m[WebServer] [22m    roles: [ [32m'HR Manager'[39m ],
[2m[WebServer] [22m    permissions: [],
[2m[WebServer] [22m    primaryDepartmentId: [32m'6751fe51d3a38a950ba40c11'[39m,
[2m[WebServer] [22m    employeeNumber: [32m'EMP-1019'[39m
[2m[WebServer] [22m  },
[2m[WebServer] [22m  info: [90mundefined[39m
[2m[WebServer] [22m}
[2m[WebServer] [22mΓ£à JwtAuthGuard SUCCESS ΓåÆ user authenticated: 6928cf79fe9ff406e6610feb
[2m[WebServer] [22m≡ƒöÑ RolesGuard running!
[2m[WebServer] [22m
[2m[WebServer] [22m===== ROLE GUARD =====
[2m[WebServer] [22mRequired roles: [
[2m[WebServer] [22m  [32m'department employee'[39m,
[2m[WebServer] [22m  [32m'HR Employee'[39m,
[2m[WebServer] [22m  [32m'department head'[39m,
[2m[WebServer] [22m  [32m'HR Manager'[39m,
[2m[WebServer] [22m  [32m'HR Admin'[39m,
[2m[WebServer] [22m  [32m'System Admin'[39m
[2m[WebServer] [22m]
[2m[WebServer] [22mUser object: {
[2m[WebServer] [22m  id: [32m'6928cf79fe9ff406e6610feb'[39m,
[2m[WebServer] [22m  workEmail: [32m'hr.hr.hr@example.com'[39m,
[2m[WebServer] [22m  roles: [ [32m'HR Manager'[39m ],
[2m[WebServer] [22m  permissions: [],
[2m[WebServer] [22m  primaryDepartmentId: [32m'6751fe51d3a38a950ba40c11'[39m,
[2m[WebServer] [22m  employeeNumber: [32m'EMP-1019'[39m
[2m[WebServer] [22m}
[2m[WebServer] [22mNormalized user roles: [ [32m'hr manager'[39m ]
[2m[WebServer] [22mNormalized required roles: [
[2m[WebServer] [22m  [32m'department employee'[39m,
[2m[WebServer] [22m  [32m'hr employee'[39m,
[2m[WebServer] [22m  [32m'department head'[39m,
[2m[WebServer] [22m  [32m'hr manager'[39m,
[2m[WebServer] [22m  [32m'hr admin'[39m,
[2m[WebServer] [22m  [32m'system admin'[39m
[2m[WebServer] [22m]
[2m[WebServer] [22mHas required role? [33mtrue[39m
[2m[WebServer] [22mΓ£ö ACCESS GRANTED Γ£ö
[2m[WebServer] [22m≡ƒöì [TrackingController] getMyBalances: {
[2m[WebServer] [22m  query: [Object: null prototype] {},
[2m[WebServer] [22m  userId: [32m'6928cf79fe9ff406e6610feb'[39m
[2m[WebServer] [22m}
[2m[WebServer] [22m≡ƒöÑ JwtAuthGuard: canActivate CALLED
[2m[WebServer] [22m≡ƒöì JWT Extractor - All cookies: {
[2m[WebServer] [22m  accessToken: [32m'eyJhbGciOiJIUzI1NiIsInR5cCI6IkpXVCJ9.eyJzdWIiOiI2OTI4Y2Y3OWZlOWZmNDA2ZTY2MTBmZWIiLCJ3b3JrRW1haWwiOiJoci5oci5ockBleGFtcGxlLmNvbSIsInJvbGVzIjpbIkhSIE1hbmFnZXIiXSwicGVybWlzc2lvbnMiOltdLCJwcmltYXJ5RGVwYXJ0bWVudElkIjoiNjc1MWZlNTFkM2EzOGE5NTBiYTQwYzExIiwiZW1wbG95ZWVOdW1iZXIiOiJFTVAtMTAxOSIsImlhdCI6MTc2NTk4MzIzMSwiZXhwIjoxNzY2MDY5NjMxfQ.bN08yZw_RF8BBpJgyaft0cy2j3IV6fQnhTq-oc4PFpE'[39m
[2m[WebServer] [22m}
[2m[WebServer] [22m≡ƒöì JWT Extractor - Headers: accessToken=eyJhbGciOiJIUzI1NiIsInR5cCI6IkpXVCJ9.eyJzdWIiOiI2OTI4Y2Y3OWZlOWZmNDA2ZTY2MTBmZWIiLCJ3b3JrRW1haWwiOiJoci5oci5ockBleGFtcGxlLmNvbSIsInJvbGVzIjpbIkhSIE1hbmFnZXIiXSwicGVybWlzc2lvbnMiOltdLCJwcmltYXJ5RGVwYXJ0bWVudElkIjoiNjc1MWZlNTFkM2EzOGE5NTBiYTQwYzExIiwiZW1wbG95ZWVOdW1iZXIiOiJFTVAtMTAxOSIsImlhdCI6MTc2NTk4MzIzMSwiZXhwIjoxNzY2MDY5NjMxfQ.bN08yZw_RF8BBpJgyaft0cy2j3IV6fQnhTq-oc4PFpE
[2m[WebServer] [22m≡ƒöì JWT Extractor - accessToken: FOUND
[2m[WebServer] [22mJwtStrategy VALIDATE: {
[2m[WebServer] [22m  sub: [32m'6928cf79fe9ff406e6610feb'[39m,
[2m[WebServer] [22m  workEmail: [32m'hr.hr.hr@example.com'[39m,
[2m[WebServer] [22m  roles: [ [32m'HR Manager'[39m ],
[2m[WebServer] [22m  permissions: [],
[2m[WebServer] [22m  primaryDepartmentId: [32m'6751fe51d3a38a950ba40c11'[39m,
[2m[WebServer] [22m  employeeNumber: [32m'EMP-1019'[39m,
[2m[WebServer] [22m  iat: [33m1765983231[39m,
[2m[WebServer] [22m  exp: [33m1766069631[39m
[2m[WebServer] [22m}
[2m[WebServer] [22m≡ƒöÑ JwtAuthGuard: handleRequest() {
[2m[WebServer] [22m  err: [1mnull[22m,
[2m[WebServer] [22m  user: {
[2m[WebServer] [22m    id: [32m'6928cf79fe9ff406e6610feb'[39m,
[2m[WebServer] [22m    workEmail: [32m'hr.hr.hr@example.com'[39m,
[2m[WebServer] [22m    roles: [ [32m'HR Manager'[39m ],
[2m[WebServer] [22m    permissions: [],
[2m[WebServer] [22m    primaryDepartmentId: [32m'6751fe51d3a38a950ba40c11'[39m,
[2m[WebServer] [22m    employeeNumber: [32m'EMP-1019'[39m
[2m[WebServer] [22m  },
[2m[WebServer] [22m  info: [90mundefined[39m
[2m[WebServer] [22m}
[2m[WebServer] [22mΓ£à JwtAuthGuard SUCCESS ΓåÆ user authenticated: 6928cf79fe9ff406e6610feb
[2m[WebServer] [22m≡ƒöÑ RolesGuard running!
[2m[WebServer] [22m
[2m[WebServer] [22m===== ROLE GUARD =====
[2m[WebServer] [22mRequired roles: [
[2m[WebServer] [22m  [32m'department employee'[39m,
[2m[WebServer] [22m  [32m'HR Employee'[39m,
[2m[WebServer] [22m  [32m'department head'[39m,
[2m[WebServer] [22m  [32m'HR Manager'[39m,
[2m[WebServer] [22m  [32m'HR Admin'[39m,
[2m[WebServer] [22m  [32m'System Admin'[39m
[2m[WebServer] [22m]
[2m[WebServer] [22mUser object: {
[2m[WebServer] [22m  id: [32m'6928cf79fe9ff406e6610feb'[39m,
[2m[WebServer] [22m  workEmail: [32m'hr.hr.hr@example.com'[39m,
[2m[WebServer] [22m  roles: [ [32m'HR Manager'[39m ],
[2m[WebServer] [22m  permissions: [],
[2m[WebServer] [22m  primaryDepartmentId: [32m'6751fe51d3a38a950ba40c11'[39m,
[2m[WebServer] [22m  employeeNumber: [32m'EMP-1019'[39m
[2m[WebServer] [22m}
[2m[WebServer] [22mNormalized user roles: [ [32m'hr manager'[39m ]
[2m[WebServer] [22mNormalized required roles: [
[2m[WebServer] [22m  [32m'department employee'[39m,
[2m[WebServer] [22m  [32m'hr employee'[39m,
[2m[WebServer] [22m  [32m'department head'[39m,
[2m[WebServer] [22m  [32m'hr manager'[39m,
[2m[WebServer] [22m  [32m'hr admin'[39m,
[2m[WebServer] [22m  [32m'system admin'[39m
[2m[WebServer] [22m]
[2m[WebServer] [22mHas required role? [33mtrue[39m
[2m[WebServer] [22mΓ£ö ACCESS GRANTED Γ£ö
[2m[WebServer] [22m≡ƒöì [TrackingController] getMyHistory: {
[2m[WebServer] [22m  filters: [Object: null prototype] {},
[2m[WebServer] [22m  userId: [32m'6928cf79fe9ff406e6610feb'[39m
[2m[WebServer] [22m}
Γ£à All requests visible - REQ-005 validated
  Γ£ô  44 [chromium] ΓÇ║ leave-tests.spec.ts:643:7 ΓÇ║ ≡ƒæö HR MANAGER (EMP-1019) - System-Wide Management ΓÇ║ Γ£à O3: View all department requests (REQ-005) (9.1s)
≡ƒöÉ Logging in as: hr.hr.hr@example.com
[2m[WebServer] [22m GET /login [32m200[39m in 35ms[2m (compile: 3ms, render: 32ms)[22m
[2m[WebServer] [22m≡ƒöÑ JwtAuthGuard: canActivate CALLED
[2m[WebServer] [22m≡ƒöì JWT Extractor - All cookies: [Object: null prototype] {}
[2m[WebServer] [22m≡ƒöì JWT Extractor - Headers: [90mundefined[39m
[2m[WebServer] [22m≡ƒöì JWT Extractor - accessToken: NOT FOUND
[2m[WebServer] [22m≡ƒöÑ JwtAuthGuard: handleRequest() {
[2m[WebServer] [22m  err: [1mnull[22m,
[2m[WebServer] [22m  user: [33mfalse[39m,
[2m[WebServer] [22m  info: Error: No auth token
[2m[WebServer] [22m      at JwtStrategy.authenticate [90m(C:\Users\Bedon\Desktop\semester-5-software-project\backend\[39mnode_modules\[4mpassport-jwt[24m\lib\strategy.js:96:26[90m)[39m
[2m[WebServer] [22m      at attempt [90m(C:\Users\Bedon\Desktop\semester-5-software-project\backend\[39mnode_modules\[4mpassport[24m\lib\middleware\authenticate.js:378:16[90m)[39m
[2m[WebServer] [22m      at authenticate [90m(C:\Users\Bedon\Desktop\semester-5-software-project\backend\[39mnode_modules\[4mpassport[24m\lib\middleware\authenticate.js:379:7[90m)[39m
[2m[WebServer] [22m      at [90mC:\Users\Bedon\Desktop\semester-5-software-project\backend\[39mnode_modules\[4m@nestjs[24m\passport\dist\auth.guard.js:88:3
[2m[WebServer] [22m      at new Promise (<anonymous>)
[2m[WebServer] [22m      at [90mC:\Users\Bedon\Desktop\semester-5-software-project\backend\[39mnode_modules\[4m@nestjs[24m\passport\dist\auth.guard.js:80:83
[2m[WebServer] [22m      at JwtAuthGuard.canActivate [90m(C:\Users\Bedon\Desktop\semester-5-software-project\backend\[39mnode_modules\[4m@nestjs[24m\passport\dist\auth.guard.js:44:32[90m)[39m
[2m[WebServer] [22m  [90m    at process.processTicksAndRejections (node:internal/process/task_queues:105:5)[39m
[2m[WebServer] [22m}
[2m[WebServer] [22mΓ¥î JwtAuthGuard INFO: Error: No auth token
[2m[WebServer] [22m    at JwtStrategy.authenticate 
[90m(C:\Users\Bedon\Desktop\semester-5-software-project\backend\[39mnode_modules\[4mpassport-jwt[24m\lib\strategy.js:96:26[90m)[39m
[2m[WebServer] [22m    at attempt [90m(C:\Users\Bedon\Desktop\semester-5-software-project\backend\[39mnode_modules\[4mpassport[24m\lib\mi
ddleware\authenticate.js:378:16[90m)[39m
[2m[WebServer] [22m    at authenticate [90m(C:\Users\Bedon\Desktop\semester-5-software-project\backend\[39mnode_modules\[4mpassport[24m\l
ib\middleware\authenticate.js:379:7[90m)[39m
[2m[WebServer] [22m    at 
[90mC:\Users\Bedon\Desktop\semester-5-software-project\backend\[39mnode_modules\[4m@nestjs[24m\passport\dist\auth.guard.js:88:3
[2m[WebServer] [22m    at new Promise (<anonymous>)
[2m[WebServer] [22m    at 
[90mC:\Users\Bedon\Desktop\semester-5-software-project\backend\[39mnode_modules\[4m@nestjs[24m\passport\dist\auth.guard.js:80:83
[2m[WebServer] [22m    at JwtAuthGuard.canActivate [90m(C:\Users\Bedon\Desktop\semester-5-software-project\backend\[39mnode_modules\[4m@ne
stjs[24m\passport\dist\auth.guard.js:44:32[90m)[39m
[2m[WebServer] [22m[90m    at process.processTicksAndRejections (node:internal/process/task_queues:105:5)[39m
[2m[WebServer] [22mΓ¥î JwtAuthGuard FAILING ΓåÆ No auth token
[2m[WebServer] [22mVALIDATE EMPLOYEE - systemRole = {
[2m[WebServer] [22m  _id: new ObjectId([32m'6928cf79fe9ff406e6610fed'[39m),
[2m[WebServer] [22m  employeeProfileId: new ObjectId([32m'6928cf79fe9ff406e6610feb'[39m),
[2m[WebServer] [22m  roles: [ [32m'HR Manager'[39m ],
[2m[WebServer] [22m  permissions: [],
[2m[WebServer] [22m  isActive: [33mtrue[39m,
[2m[WebServer] [22m  createdAt: [35m2025-11-27T22:23:53.913Z[39m,
[2m[WebServer] [22m  updatedAt: [35m2025-11-27T22:23:53.913Z[39m,
[2m[WebServer] [22m  __v: [33m0[39m
[2m[WebServer] [22m}
[2m[WebServer] [22mGenerated token: eyJhbGciOiJIUzI1NiIsInR5cCI6IkpXVCJ9.eyJzdWIiOiI2OTI4Y2Y3OWZlOWZmNDA2ZTY2MTBmZWIiLCJ3b3JrRW1haWwiOiJoci5oci5ockBleGFtcGxlLmNvbSIsInJvbGVzIjpbIkhSIE1hbmFnZXIiXSwicGVybWlzc2lvbnMiOltdLCJwcmltYXJ5RGVwYXJ0bWVudElkIjoiNjc1MWZlNTFkM2EzOGE5NTBiYTQwYzExIiwiZW1wbG95ZWVOdW1iZXIiOiJFTVAtMTAxOSIsImlhdCI6MTc2NTk4MzI0MCwiZXhwIjoxNzY2MDY5NjQwfQ.ZPWOLK6dZW_dHNrMeMRvvfufcbhtUJKwpJok6FmoXkU
[2m[WebServer] [22m GET /leaves [32m200[39m in 18ms[2m (compile: 3ms, render: 15ms)[22m
[2m[WebServer] [22m≡ƒöÑ JwtAuthGuard: canActivate CALLED
[2m[WebServer] [22m≡ƒöì JWT Extractor - All cookies: {
[2m[WebServer] [22m  accessToken: [32m'eyJhbGciOiJIUzI1NiIsInR5cCI6IkpXVCJ9.eyJzdWIiOiI2OTI4Y2Y3OWZlOWZmNDA2ZTY2MTBmZWIiLCJ3b3JrRW1haWwiOiJoci5oci5ockBleGFtcGxlLmNvbSIsInJvbGVzIjpbIkhSIE1hbmFnZXIiXSwicGVybWlzc2lvbnMiOltdLCJwcmltYXJ5RGVwYXJ0bWVudElkIjoiNjc1MWZlNTFkM2EzOGE5NTBiYTQwYzExIiwiZW1wbG95ZWVOdW1iZXIiOiJFTVAtMTAxOSIsImlhdCI6MTc2NTk4MzI0MCwiZXhwIjoxNzY2MDY5NjQwfQ.ZPWOLK6dZW_dHNrMeMRvvfufcbhtUJKwpJok6FmoXkU'[39m
[2m[WebServer] [22m}
[2m[WebServer] [22m≡ƒöì JWT Extractor - Headers: accessToken=eyJhbGciOiJIUzI1NiIsInR5cCI6IkpXVCJ9.eyJzdWIiOiI2OTI4Y2Y3OWZlOWZmNDA2ZTY2MTBmZWIiLCJ3b3JrRW1haWwiOiJoci5oci5ockBleGFtcGxlLmNvbSIsInJvbGVzIjpbIkhSIE1hbmFnZXIiXSwicGVybWlzc2lvbnMiOltdLCJwcmltYXJ5RGVwYXJ0bWVudElkIjoiNjc1MWZlNTFkM2EzOGE5NTBiYTQwYzExIiwiZW1wbG95ZWVOdW1iZXIiOiJFTVAtMTAxOSIsImlhdCI6MTc2NTk4MzI0MCwiZXhwIjoxNzY2MDY5NjQwfQ.ZPWOLK6dZW_dHNrMeMRvvfufcbhtUJKwpJok6FmoXkU
[2m[WebServer] [22m≡ƒöì JWT Extractor - accessToken: FOUND
[2m[WebServer] [22mJwtStrategy VALIDATE: {
[2m[WebServer] [22m  sub: [32m'6928cf79fe9ff406e6610feb'[39m,
[2m[WebServer] [22m  workEmail: [32m'hr.hr.hr@example.com'[39m,
[2m[WebServer] [22m  roles: [ [32m'HR Manager'[39m ],
[2m[WebServer] [22m  permissions: [],
[2m[WebServer] [22m  primaryDepartmentId: [32m'6751fe51d3a38a950ba40c11'[39m,
[2m[WebServer] [22m  employeeNumber: [32m'EMP-1019'[39m,
[2m[WebServer] [22m  iat: [33m1765983240[39m,
[2m[WebServer] [22m  exp: [33m1766069640[39m
[2m[WebServer] [22m}
[2m[WebServer] [22m≡ƒöÑ JwtAuthGuard: handleRequest() {
[2m[WebServer] [22m  err: [1mnull[22m,
[2m[WebServer] [22m  user: {
[2m[WebServer] [22m    id: [32m'6928cf79fe9ff406e6610feb'[39m,
[2m[WebServer] [22m    workEmail: [32m'hr.hr.hr@example.com'[39m,
[2m[WebServer] [22m    roles: [ [32m'HR Manager'[39m ],
[2m[WebServer] [22m    permissions: [],
[2m[WebServer] [22m    primaryDepartmentId: [32m'6751fe51d3a38a950ba40c11'[39m,
[2m[WebServer] [22m    employeeNumber: [32m'EMP-1019'[39m
[2m[WebServer] [22m  },
[2m[WebServer] [22m  info: [90mundefined[39m
[2m[WebServer] [22m}
[2m[WebServer] [22mΓ£à JwtAuthGuard SUCCESS ΓåÆ user authenticated: 6928cf79fe9ff406e6610feb
[2m[WebServer] [22m≡ƒöÑ RolesGuard running!
[2m[WebServer] [22m
[2m[WebServer] [22m===== ROLE GUARD =====
[2m[WebServer] [22mRequired roles: [
[2m[WebServer] [22m  [32m'department employee'[39m,
[2m[WebServer] [22m  [32m'HR Employee'[39m,
[2m[WebServer] [22m  [32m'department head'[39m,
[2m[WebServer] [22m  [32m'HR Manager'[39m,
[2m[WebServer] [22m  [32m'HR Admin'[39m,
[2m[WebServer] [22m  [32m'System Admin'[39m
[2m[WebServer] [22m]
[2m[WebServer] [22mUser object: {
[2m[WebServer] [22m  id: [32m'6928cf79fe9ff406e6610feb'[39m,
[2m[WebServer] [22m  workEmail: [32m'hr.hr.hr@example.com'[39m,
[2m[WebServer] [22m  roles: [ [32m'HR Manager'[39m ],
[2m[WebServer] [22m  permissions: [],
[2m[WebServer] [22m  primaryDepartmentId: [32m'6751fe51d3a38a950ba40c11'[39m,
[2m[WebServer] [22m  employeeNumber: [32m'EMP-1019'[39m
[2m[WebServer] [22m}
[2m[WebServer] [22mNormalized user roles: [ [32m'hr manager'[39m ]
[2m[WebServer] [22mNormalized required roles: [
[2m[WebServer] [22m  [32m'department employee'[39m,
[2m[WebServer] [22m  [32m'hr employee'[39m,
[2m[WebServer] [22m  [32m'department head'[39m,
[2m[WebServer] [22m  [32m'hr manager'[39m,
[2m[WebServer] [22m  [32m'hr admin'[39m,
[2m[WebServer] [22m  [32m'system admin'[39m
[2m[WebServer] [22m]
[2m[WebServer] [22mHas required role? [33mtrue[39m
[2m[WebServer] [22mΓ£ö ACCESS GRANTED Γ£ö
[2m[WebServer] [22m≡ƒöì [TrackingController] getMyBalances: {
[2m[WebServer] [22m  query: [Object: null prototype] {},
[2m[WebServer] [22m  userId: [32m'6928cf79fe9ff406e6610feb'[39m
[2m[WebServer] [22m}
[2m[WebServer] [22m≡ƒöÑ JwtAuthGuard: canActivate CALLED
[2m[WebServer] [22m≡ƒöì JWT Extractor - All cookies: {
[2m[WebServer] [22m  accessToken: [32m'eyJhbGciOiJIUzI1NiIsInR5cCI6IkpXVCJ9.eyJzdWIiOiI2OTI4Y2Y3OWZlOWZmNDA2ZTY2MTBmZWIiLCJ3b3JrRW1haWwiOiJoci5oci5ockBleGFtcGxlLmNvbSIsInJvbGVzIjpbIkhSIE1hbmFnZXIiXSwicGVybWlzc2lvbnMiOltdLCJwcmltYXJ5RGVwYXJ0bWVudElkIjoiNjc1MWZlNTFkM2EzOGE5NTBiYTQwYzExIiwiZW1wbG95ZWVOdW1iZXIiOiJFTVAtMTAxOSIsImlhdCI6MTc2NTk4MzI0MCwiZXhwIjoxNzY2MDY5NjQwfQ.ZPWOLK6dZW_dHNrMeMRvvfufcbhtUJKwpJok6FmoXkU'[39m
[2m[WebServer] [22m}
[2m[WebServer] [22m≡ƒöì JWT Extractor - Headers: accessToken=eyJhbGciOiJIUzI1NiIsInR5cCI6IkpXVCJ9.eyJzdWIiOiI2OTI4Y2Y3OWZlOWZmNDA2ZTY2MTBmZWIiLCJ3b3JrRW1haWwiOiJoci5oci5ockBleGFtcGxlLmNvbSIsInJvbGVzIjpbIkhSIE1hbmFnZXIiXSwicGVybWlzc2lvbnMiOltdLCJwcmltYXJ5RGVwYXJ0bWVudElkIjoiNjc1MWZlNTFkM2EzOGE5NTBiYTQwYzExIiwiZW1wbG95ZWVOdW1iZXIiOiJFTVAtMTAxOSIsImlhdCI6MTc2NTk4MzI0MCwiZXhwIjoxNzY2MDY5NjQwfQ.ZPWOLK6dZW_dHNrMeMRvvfufcbhtUJKwpJok6FmoXkU
[2m[WebServer] [22m≡ƒöì JWT Extractor - accessToken: FOUND
[2m[WebServer] [22mJwtStrategy VALIDATE: {
[2m[WebServer] [22m  sub: [32m'6928cf79fe9ff406e6610feb'[39m,
[2m[WebServer] [22m  workEmail: [32m'hr.hr.hr@example.com'[39m,
[2m[WebServer] [22m  roles: [ [32m'HR Manager'[39m ],
[2m[WebServer] [22m  permissions: [],
[2m[WebServer] [22m  primaryDepartmentId: [32m'6751fe51d3a38a950ba40c11'[39m,
[2m[WebServer] [22m  employeeNumber: [32m'EMP-1019'[39m,
[2m[WebServer] [22m  iat: [33m1765983240[39m,
[2m[WebServer] [22m  exp: [33m1766069640[39m
[2m[WebServer] [22m}
[2m[WebServer] [22m≡ƒöÑ JwtAuthGuard: handleRequest() {
[2m[WebServer] [22m  err: [1mnull[22m,
[2m[WebServer] [22m  user: {
[2m[WebServer] [22m    id: [32m'6928cf79fe9ff406e6610feb'[39m,
[2m[WebServer] [22m    workEmail: [32m'hr.hr.hr@example.com'[39m,
[2m[WebServer] [22m    roles: [ [32m'HR Manager'[39m ],
[2m[WebServer] [22m    permissions: [],
[2m[WebServer] [22m    primaryDepartmentId: [32m'6751fe51d3a38a950ba40c11'[39m,
[2m[WebServer] [22m    employeeNumber: [32m'EMP-1019'[39m
[2m[WebServer] [22m  },
[2m[WebServer] [22m  info: [90mundefined[39m
[2m[WebServer] [22m}
[2m[WebServer] [22mΓ£à JwtAuthGuard SUCCESS ΓåÆ user authenticated: 6928cf79fe9ff406e6610feb
[2m[WebServer] [22m≡ƒöÑ RolesGuard running!
[2m[WebServer] [22m
[2m[WebServer] [22m===== ROLE GUARD =====
[2m[WebServer] [22mRequired roles: [
[2m[WebServer] [22m  [32m'department employee'[39m,
[2m[WebServer] [22m  [32m'HR Employee'[39m,
[2m[WebServer] [22m  [32m'department head'[39m,
[2m[WebServer] [22m  [32m'HR Manager'[39m,
[2m[WebServer] [22m  [32m'HR Admin'[39m,
[2m[WebServer] [22m  [32m'System Admin'[39m
[2m[WebServer] [22m]
[2m[WebServer] [22mUser object: {
[2m[WebServer] [22m  id: [32m'6928cf79fe9ff406e6610feb'[39m,
[2m[WebServer] [22m  workEmail: [32m'hr.hr.hr@example.com'[39m,
[2m[WebServer] [22m  roles: [ [32m'HR Manager'[39m ],
[2m[WebServer] [22m  permissions: [],
[2m[WebServer] [22m  primaryDepartmentId: [32m'6751fe51d3a38a950ba40c11'[39m,
[2m[WebServer] [22m  employeeNumber: [32m'EMP-1019'[39m
[2m[WebServer] [22m}
[2m[WebServer] [22mNormalized user roles: [ [32m'hr manager'[39m ]
[2m[WebServer] [22mNormalized required roles: [
[2m[WebServer] [22m  [32m'department employee'[39m,
[2m[WebServer] [22m  [32m'hr employee'[39m,
[2m[WebServer] [22m  [32m'department head'[39m,
[2m[WebServer] [22m  [32m'hr manager'[39m,
[2m[WebServer] [22m  [32m'hr admin'[39m,
[2m[WebServer] [22m  [32m'system admin'[39m
[2m[WebServer] [22m]
[2m[WebServer] [22mHas required role? [33mtrue[39m
[2m[WebServer] [22mΓ£ö ACCESS GRANTED Γ£ö
[2m[WebServer] [22m≡ƒöì [TrackingController] getMyHistory: {
[2m[WebServer] [22m  filters: [Object: null prototype] {},
[2m[WebServer] [22m  userId: [32m'6928cf79fe9ff406e6610feb'[39m
[2m[WebServer] [22m}
Γ£à Login successful
≡ƒôè Testing: REQ-037 (Leave reports)
[2m[WebServer] [22m GET /leaves [32m200[39m in 38ms[2m (compile: 2ms, render: 36ms)[22m
[2m[WebServer] [22m≡ƒöÑ JwtAuthGuard: canActivate CALLED
[2m[WebServer] [22m≡ƒöì JWT Extractor - All cookies: {
[2m[WebServer] [22m  accessToken: [32m'eyJhbGciOiJIUzI1NiIsInR5cCI6IkpXVCJ9.eyJzdWIiOiI2OTI4Y2Y3OWZlOWZmNDA2ZTY2MTBmZWIiLCJ3b3JrRW1haWwiOiJoci5oci5ockBleGFtcGxlLmNvbSIsInJvbGVzIjpbIkhSIE1hbmFnZXIiXSwicGVybWlzc2lvbnMiOltdLCJwcmltYXJ5RGVwYXJ0bWVudElkIjoiNjc1MWZlNTFkM2EzOGE5NTBiYTQwYzExIiwiZW1wbG95ZWVOdW1iZXIiOiJFTVAtMTAxOSIsImlhdCI6MTc2NTk4MzI0MCwiZXhwIjoxNzY2MDY5NjQwfQ.ZPWOLK6dZW_dHNrMeMRvvfufcbhtUJKwpJok6FmoXkU'[39m
[2m[WebServer] [22m}
[2m[WebServer] [22m≡ƒöì JWT Extractor - Headers: accessToken=eyJhbGciOiJIUzI1NiIsInR5cCI6IkpXVCJ9.eyJzdWIiOiI2OTI4Y2Y3OWZlOWZmNDA2ZTY2MTBmZWIiLCJ3b3JrRW1haWwiOiJoci5oci5ockBleGFtcGxlLmNvbSIsInJvbGVzIjpbIkhSIE1hbmFnZXIiXSwicGVybWlzc2lvbnMiOltdLCJwcmltYXJ5RGVwYXJ0bWVudElkIjoiNjc1MWZlNTFkM2EzOGE5NTBiYTQwYzExIiwiZW1wbG95ZWVOdW1iZXIiOiJFTVAtMTAxOSIsImlhdCI6MTc2NTk4MzI0MCwiZXhwIjoxNzY2MDY5NjQwfQ.ZPWOLK6dZW_dHNrMeMRvvfufcbhtUJKwpJok6FmoXkU
[2m[WebServer] [22m≡ƒöì JWT Extractor - accessToken: FOUND
[2m[WebServer] [22mJwtStrategy VALIDATE: {
[2m[WebServer] [22m  sub: [32m'6928cf79fe9ff406e6610feb'[39m,
[2m[WebServer] [22m  workEmail: [32m'hr.hr.hr@example.com'[39m,
[2m[WebServer] [22m  roles: [ [32m'HR Manager'[39m ],
[2m[WebServer] [22m  permissions: [],
[2m[WebServer] [22m  primaryDepartmentId: [32m'6751fe51d3a38a950ba40c11'[39m,
[2m[WebServer] [22m  employeeNumber: [32m'EMP-1019'[39m,
[2m[WebServer] [22m  iat: [33m1765983240[39m,
[2m[WebServer] [22m  exp: [33m1766069640[39m
[2m[WebServer] [22m}
[2m[WebServer] [22m≡ƒöÑ JwtAuthGuard: handleRequest() {
[2m[WebServer] [22m  err: [1mnull[22m,
[2m[WebServer] [22m  user: {
[2m[WebServer] [22m    id: [32m'6928cf79fe9ff406e6610feb'[39m,
[2m[WebServer] [22m    workEmail: [32m'hr.hr.hr@example.com'[39m,
[2m[WebServer] [22m    roles: [ [32m'HR Manager'[39m ],
[2m[WebServer] [22m    permissions: [],
[2m[WebServer] [22m    primaryDepartmentId: [32m'6751fe51d3a38a950ba40c11'[39m,
[2m[WebServer] [22m    employeeNumber: [32m'EMP-1019'[39m
[2m[WebServer] [22m  },
[2m[WebServer] [22m  info: [90mundefined[39m
[2m[WebServer] [22m}
[2m[WebServer] [22mΓ£à JwtAuthGuard SUCCESS ΓåÆ user authenticated: 6928cf79fe9ff406e6610feb
[2m[WebServer] [22m≡ƒöÑ JwtAuthGuard: canActivate CALLED
[2m[WebServer] [22m≡ƒöì JWT Extractor - All cookies: {
[2m[WebServer] [22m  accessToken: [32m'eyJhbGciOiJIUzI1NiIsInR5cCI6IkpXVCJ9.eyJzdWIiOiI2OTI4Y2Y3OWZlOWZmNDA2ZTY2MTBmZWIiLCJ3b3JrRW1haWwiOiJoci5oci5ockBleGFtcGxlLmNvbSIsInJvbGVzIjpbIkhSIE1hbmFnZXIiXSwicGVybWlzc2lvbnMiOltdLCJwcmltYXJ5RGVwYXJ0bWVudElkIjoiNjc1MWZlNTFkM2EzOGE5NTBiYTQwYzExIiwiZW1wbG95ZWVOdW1iZXIiOiJFTVAtMTAxOSIsImlhdCI6MTc2NTk4MzI0MCwiZXhwIjoxNzY2MDY5NjQwfQ.ZPWOLK6dZW_dHNrMeMRvvfufcbhtUJKwpJok6FmoXkU'[39m
[2m[WebServer] [22m}
[2m[WebServer] [22m≡ƒöì JWT Extractor - Headers: accessToken=eyJhbGciOiJIUzI1NiIsInR5cCI6IkpXVCJ9.eyJzdWIiOiI2OTI4Y2Y3OWZlOWZmNDA2ZTY2MTBmZWIiLCJ3b3JrRW1haWwiOiJoci5oci5ockBleGFtcGxlLmNvbSIsInJvbGVzIjpbIkhSIE1hbmFnZXIiXSwicGVybWlzc2lvbnMiOltdLCJwcmltYXJ5RGVwYXJ0bWVudElkIjoiNjc1MWZlNTFkM2EzOGE5NTBiYTQwYzExIiwiZW1wbG95ZWVOdW1iZXIiOiJFTVAtMTAxOSIsImlhdCI6MTc2NTk4MzI0MCwiZXhwIjoxNzY2MDY5NjQwfQ.ZPWOLK6dZW_dHNrMeMRvvfufcbhtUJKwpJok6FmoXkU
[2m[WebServer] [22m≡ƒöì JWT Extractor - accessToken: FOUND
[2m[WebServer] [22mJwtStrategy VALIDATE: {
[2m[WebServer] [22m  sub: [32m'6928cf79fe9ff406e6610feb'[39m,
[2m[WebServer] [22m  workEmail: [32m'hr.hr.hr@example.com'[39m,
[2m[WebServer] [22m  roles: [ [32m'HR Manager'[39m ],
[2m[WebServer] [22m  permissions: [],
[2m[WebServer] [22m  primaryDepartmentId: [32m'6751fe51d3a38a950ba40c11'[39m,
[2m[WebServer] [22m  employeeNumber: [32m'EMP-1019'[39m,
[2m[WebServer] [22m  iat: [33m1765983240[39m,
[2m[WebServer] [22m  exp: [33m1766069640[39m
[2m[WebServer] [22m}
[2m[WebServer] [22m≡ƒöÑ JwtAuthGuard: handleRequest() {
[2m[WebServer] [22m  err: [1mnull[22m,
[2m[WebServer] [22m  user: {
[2m[WebServer] [22m    id: [32m'6928cf79fe9ff406e6610feb'[39m,
[2m[WebServer] [22m    workEmail: [32m'hr.hr.hr@example.com'[39m,
[2m[WebServer] [22m    roles: [ [32m'HR Manager'[39m ],
[2m[WebServer] [22m    permissions: [],
[2m[WebServer] [22m    primaryDepartmentId: [32m'6751fe51d3a38a950ba40c11'[39m,
[2m[WebServer] [22m    employeeNumber: [32m'EMP-1019'[39m
[2m[WebServer] [22m  },
[2m[WebServer] [22m  info: [90mundefined[39m
[2m[WebServer] [22m}
[2m[WebServer] [22mΓ£à JwtAuthGuard SUCCESS ΓåÆ user authenticated: 6928cf79fe9ff406e6610feb
[2m[WebServer] [22m≡ƒöÑ RolesGuard running!
[2m[WebServer] [22m
[2m[WebServer] [22m===== ROLE GUARD =====
[2m[WebServer] [22mRequired roles: [
[2m[WebServer] [22m  [32m'department employee'[39m,
[2m[WebServer] [22m  [32m'HR Employee'[39m,
[2m[WebServer] [22m  [32m'department head'[39m,
[2m[WebServer] [22m  [32m'HR Manager'[39m,
[2m[WebServer] [22m  [32m'HR Admin'[39m,
[2m[WebServer] [22m  [32m'System Admin'[39m
[2m[WebServer] [22m]
[2m[WebServer] [22mUser object: {
[2m[WebServer] [22m  id: [32m'6928cf79fe9ff406e6610feb'[39m,
[2m[WebServer] [22m  workEmail: [32m'hr.hr.hr@example.com'[39m,
[2m[WebServer] [22m  roles: [ [32m'HR Manager'[39m ],
[2m[WebServer] [22m  permissions: [],
[2m[WebServer] [22m  primaryDepartmentId: [32m'6751fe51d3a38a950ba40c11'[39m,
[2m[WebServer] [22m  employeeNumber: [32m'EMP-1019'[39m
[2m[WebServer] [22m}
[2m[WebServer] [22mNormalized user roles: [ [32m'hr manager'[39m ]
[2m[WebServer] [22mNormalized required roles: [
[2m[WebServer] [22m  [32m'department employee'[39m,
[2m[WebServer] [22m  [32m'hr employee'[39m,
[2m[WebServer] [22m  [32m'department head'[39m,
[2m[WebServer] [22m  [32m'hr manager'[39m,
[2m[WebServer] [22m  [32m'hr admin'[39m,
[2m[WebServer] [22m  [32m'system admin'[39m
[2m[WebServer] [22m]
[2m[WebServer] [22mHas required role? [33mtrue[39m
[2m[WebServer] [22mΓ£ö ACCESS GRANTED Γ£ö
[2m[WebServer] [22m≡ƒöì [TrackingController] getMyBalances: {
[2m[WebServer] [22m  query: [Object: null prototype] {},
[2m[WebServer] [22m  userId: [32m'6928cf79fe9ff406e6610feb'[39m
[2m[WebServer] [22m}
[2m[WebServer] [22m≡ƒöÑ JwtAuthGuard: canActivate CALLED
[2m[WebServer] [22m≡ƒöì JWT Extractor - All cookies: {
[2m[WebServer] [22m  accessToken: [32m'eyJhbGciOiJIUzI1NiIsInR5cCI6IkpXVCJ9.eyJzdWIiOiI2OTI4Y2Y3OWZlOWZmNDA2ZTY2MTBmZWIiLCJ3b3JrRW1haWwiOiJoci5oci5ockBleGFtcGxlLmNvbSIsInJvbGVzIjpbIkhSIE1hbmFnZXIiXSwicGVybWlzc2lvbnMiOltdLCJwcmltYXJ5RGVwYXJ0bWVudElkIjoiNjc1MWZlNTFkM2EzOGE5NTBiYTQwYzExIiwiZW1wbG95ZWVOdW1iZXIiOiJFTVAtMTAxOSIsImlhdCI6MTc2NTk4MzI0MCwiZXhwIjoxNzY2MDY5NjQwfQ.ZPWOLK6dZW_dHNrMeMRvvfufcbhtUJKwpJok6FmoXkU'[39m
[2m[WebServer] [22m}
[2m[WebServer] [22m≡ƒöì JWT Extractor - Headers: accessToken=eyJhbGciOiJIUzI1NiIsInR5cCI6IkpXVCJ9.eyJzdWIiOiI2OTI4Y2Y3OWZlOWZmNDA2ZTY2MTBmZWIiLCJ3b3JrRW1haWwiOiJoci5oci5ockBleGFtcGxlLmNvbSIsInJvbGVzIjpbIkhSIE1hbmFnZXIiXSwicGVybWlzc2lvbnMiOltdLCJwcmltYXJ5RGVwYXJ0bWVudElkIjoiNjc1MWZlNTFkM2EzOGE5NTBiYTQwYzExIiwiZW1wbG95ZWVOdW1iZXIiOiJFTVAtMTAxOSIsImlhdCI6MTc2NTk4MzI0MCwiZXhwIjoxNzY2MDY5NjQwfQ.ZPWOLK6dZW_dHNrMeMRvvfufcbhtUJKwpJok6FmoXkU
[2m[WebServer] [22m≡ƒöì JWT Extractor - accessToken: FOUND
[2m[WebServer] [22mJwtStrategy VALIDATE: {
[2m[WebServer] [22m  sub: [32m'6928cf79fe9ff406e6610feb'[39m,
[2m[WebServer] [22m  workEmail: [32m'hr.hr.hr@example.com'[39m,
[2m[WebServer] [22m  roles: [ [32m'HR Manager'[39m ],
[2m[WebServer] [22m  permissions: [],
[2m[WebServer] [22m  primaryDepartmentId: [32m'6751fe51d3a38a950ba40c11'[39m,
[2m[WebServer] [22m  employeeNumber: [32m'EMP-1019'[39m,
[2m[WebServer] [22m  iat: [33m1765983240[39m,
[2m[WebServer] [22m  exp: [33m1766069640[39m
[2m[WebServer] [22m}
[2m[WebServer] [22m≡ƒöÑ JwtAuthGuard: handleRequest() {
[2m[WebServer] [22m  err: [1mnull[22m,
[2m[WebServer] [22m  user: {
[2m[WebServer] [22m    id: [32m'6928cf79fe9ff406e6610feb'[39m,
[2m[WebServer] [22m    workEmail: [32m'hr.hr.hr@example.com'[39m,
[2m[WebServer] [22m    roles: [ [32m'HR Manager'[39m ],
[2m[WebServer] [22m    permissions: [],
[2m[WebServer] [22m    primaryDepartmentId: [32m'6751fe51d3a38a950ba40c11'[39m,
[2m[WebServer] [22m    employeeNumber: [32m'EMP-1019'[39m
[2m[WebServer] [22m  },
[2m[WebServer] [22m  info: [90mundefined[39m
[2m[WebServer] [22m}
[2m[WebServer] [22mΓ£à JwtAuthGuard SUCCESS ΓåÆ user authenticated: 6928cf79fe9ff406e6610feb
[2m[WebServer] [22m≡ƒöÑ RolesGuard running!
[2m[WebServer] [22m
[2m[WebServer] [22m===== ROLE GUARD =====
[2m[WebServer] [22mRequired roles: [
[2m[WebServer] [22m  [32m'department employee'[39m,
[2m[WebServer] [22m  [32m'HR Employee'[39m,
[2m[WebServer] [22m  [32m'department head'[39m,
[2m[WebServer] [22m  [32m'HR Manager'[39m,
[2m[WebServer] [22m  [32m'HR Admin'[39m,
[2m[WebServer] [22m  [32m'System Admin'[39m
[2m[WebServer] [22m]
[2m[WebServer] [22mUser object: {
[2m[WebServer] [22m  id: [32m'6928cf79fe9ff406e6610feb'[39m,
[2m[WebServer] [22m  workEmail: [32m'hr.hr.hr@example.com'[39m,
[2m[WebServer] [22m  roles: [ [32m'HR Manager'[39m ],
[2m[WebServer] [22m  permissions: [],
[2m[WebServer] [22m  primaryDepartmentId: [32m'6751fe51d3a38a950ba40c11'[39m,
[2m[WebServer] [22m  employeeNumber: [32m'EMP-1019'[39m
[2m[WebServer] [22m}
[2m[WebServer] [22mNormalized user roles: [ [32m'hr manager'[39m ]
[2m[WebServer] [22mNormalized required roles: [
[2m[WebServer] [22m  [32m'department employee'[39m,
[2m[WebServer] [22m  [32m'hr employee'[39m,
[2m[WebServer] [22m  [32m'department head'[39m,
[2m[WebServer] [22m  [32m'hr manager'[39m,
[2m[WebServer] [22m  [32m'hr admin'[39m,
[2m[WebServer] [22m  [32m'system admin'[39m
[2m[WebServer] [22m]
[2m[WebServer] [22mHas required role? [33mtrue[39m
[2m[WebServer] [22mΓ£ö ACCESS GRANTED Γ£ö
[2m[WebServer] [22m≡ƒöì [TrackingController] getMyHistory: {
[2m[WebServer] [22m  filters: [Object: null prototype] {},
[2m[WebServer] [22m  userId: [32m'6928cf79fe9ff406e6610feb'[39m
[2m[WebServer] [22m}
Γ£à Leave reports accessible - REQ-037 validated
  Γ£ô  45 [chromium] ΓÇ║ leave-tests.spec.ts:655:7 ΓÇ║ ≡ƒæö HR MANAGER (EMP-1019) - System-Wide Management ΓÇ║ Γ£à P1: Leave utilization reports (REQ-037) (9.0s)
≡ƒöÉ Logging in as: hr.hr.hr@example.com
[2m[WebServer] [22m GET /login [32m200[39m in 42ms[2m (compile: 2ms, render: 40ms)[22m
[2m[WebServer] [22m≡ƒöÑ JwtAuthGuard: canActivate CALLED
[2m[WebServer] [22m≡ƒöì JWT Extractor - All cookies: [Object: null prototype] {}
[2m[WebServer] [22m≡ƒöì JWT Extractor - Headers: [90mundefined[39m
[2m[WebServer] [22m≡ƒöì JWT Extractor - accessToken: NOT FOUND
[2m[WebServer] [22m≡ƒöÑ JwtAuthGuard: handleRequest() {
[2m[WebServer] [22m  err: [1mnull[22m,
[2m[WebServer] [22m  user: [33mfalse[39m,
[2m[WebServer] [22m  info: Error: No auth token
[2m[WebServer] [22m      at JwtStrategy.authenticate [90m(C:\Users\Bedon\Desktop\semester-5-software-project\backend\[39mnode_modules\[4mpassport-jwt[24m\lib\strategy.js:96:26[90m)[39m
[2m[WebServer] [22m      at attempt [90m(C:\Users\Bedon\Desktop\semester-5-software-project\backend\[39mnode_modules\[4mpassport[24m\lib\middleware\authenticate.js:378:16[90m)[39m
[2m[WebServer] [22m      at authenticate [90m(C:\Users\Bedon\Desktop\semester-5-software-project\backend\[39mnode_modules\[4mpassport[24m\lib\middleware\authenticate.js:379:7[90m)[39m
[2m[WebServer] [22m      at [90mC:\Users\Bedon\Desktop\semester-5-software-project\backend\[39mnode_modules\[4m@nestjs[24m\passport\dist\auth.guard.js:88:3
[2m[WebServer] [22m      at new Promise (<anonymous>)
[2m[WebServer] [22m      at [90mC:\Users\Bedon\Desktop\semester-5-software-project\backend\[39mnode_modules\[4m@nestjs[24m\passport\dist\auth.guard.js:80:83
[2m[WebServer] [22m      at JwtAuthGuard.canActivate [90m(C:\Users\Bedon\Desktop\semester-5-software-project\backend\[39mnode_modules\[4m@nestjs[24m\passport\dist\auth.guard.js:44:32[90m)[39m
[2m[WebServer] [22m  [90m    at process.processTicksAndRejections (node:internal/process/task_queues:105:5)[39m
[2m[WebServer] [22m}
[2m[WebServer] [22mΓ¥î JwtAuthGuard INFO: Error: No auth token
[2m[WebServer] [22m    at JwtStrategy.authenticate 
[90m(C:\Users\Bedon\Desktop\semester-5-software-project\backend\[39mnode_modules\[4mpassport-jwt[24m\lib\strategy.js:96:26[90m)[39m
[2m[WebServer] [22m    at attempt [90m(C:\Users\Bedon\Desktop\semester-5-software-project\backend\[39mnode_modules\[4mpassport[24m\lib\mi
ddleware\authenticate.js:378:16[90m)[39m
[2m[WebServer] [22m    at authenticate [90m(C:\Users\Bedon\Desktop\semester-5-software-project\backend\[39mnode_modules\[4mpassport[24m\l
ib\middleware\authenticate.js:379:7[90m)[39m
[2m[WebServer] [22m    at 
[90mC:\Users\Bedon\Desktop\semester-5-software-project\backend\[39mnode_modules\[4m@nestjs[24m\passport\dist\auth.guard.js:88:3
[2m[WebServer] [22m    at new Promise (<anonymous>)
[2m[WebServer] [22m    at 
[90mC:\Users\Bedon\Desktop\semester-5-software-project\backend\[39mnode_modules\[4m@nestjs[24m\passport\dist\auth.guard.js:80:83
[2m[WebServer] [22m    at JwtAuthGuard.canActivate [90m(C:\Users\Bedon\Desktop\semester-5-software-project\backend\[39mnode_modules\[4m@ne
stjs[24m\passport\dist\auth.guard.js:44:32[90m)[39m
[2m[WebServer] [22m[90m    at process.processTicksAndRejections (node:internal/process/task_queues:105:5)[39m
[2m[WebServer] [22mΓ¥î JwtAuthGuard FAILING ΓåÆ No auth token
[2m[WebServer] [22mVALIDATE EMPLOYEE - systemRole = {
[2m[WebServer] [22m  _id: new ObjectId([32m'6928cf79fe9ff406e6610fed'[39m),
[2m[WebServer] [22m  employeeProfileId: new ObjectId([32m'6928cf79fe9ff406e6610feb'[39m),
[2m[WebServer] [22m  roles: [ [32m'HR Manager'[39m ],
[2m[WebServer] [22m  permissions: [],
[2m[WebServer] [22m  isActive: [33mtrue[39m,
[2m[WebServer] [22m  createdAt: [35m2025-11-27T22:23:53.913Z[39m,
[2m[WebServer] [22m  updatedAt: [35m2025-11-27T22:23:53.913Z[39m,
[2m[WebServer] [22m  __v: [33m0[39m
[2m[WebServer] [22m}
[2m[WebServer] [22mGenerated token: eyJhbGciOiJIUzI1NiIsInR5cCI6IkpXVCJ9.eyJzdWIiOiI2OTI4Y2Y3OWZlOWZmNDA2ZTY2MTBmZWIiLCJ3b3JrRW1haWwiOiJoci5oci5ockBleGFtcGxlLmNvbSIsInJvbGVzIjpbIkhSIE1hbmFnZXIiXSwicGVybWlzc2lvbnMiOltdLCJwcmltYXJ5RGVwYXJ0bWVudElkIjoiNjc1MWZlNTFkM2EzOGE5NTBiYTQwYzExIiwiZW1wbG95ZWVOdW1iZXIiOiJFTVAtMTAxOSIsImlhdCI6MTc2NTk4MzI0OSwiZXhwIjoxNzY2MDY5NjQ5fQ.DfZvU1E_XPoW13dn4BZrJPPXhpRWQM7dIDEMUDquFSM
[2m[WebServer] [22m GET /leaves [32m200[39m in 18ms[2m (compile: 3ms, render: 15ms)[22m
[2m[WebServer] [22m≡ƒöÑ JwtAuthGuard: canActivate CALLED
[2m[WebServer] [22m≡ƒöì JWT Extractor - All cookies: {
[2m[WebServer] [22m  accessToken: [32m'eyJhbGciOiJIUzI1NiIsInR5cCI6IkpXVCJ9.eyJzdWIiOiI2OTI4Y2Y3OWZlOWZmNDA2ZTY2MTBmZWIiLCJ3b3JrRW1haWwiOiJoci5oci5ockBleGFtcGxlLmNvbSIsInJvbGVzIjpbIkhSIE1hbmFnZXIiXSwicGVybWlzc2lvbnMiOltdLCJwcmltYXJ5RGVwYXJ0bWVudElkIjoiNjc1MWZlNTFkM2EzOGE5NTBiYTQwYzExIiwiZW1wbG95ZWVOdW1iZXIiOiJFTVAtMTAxOSIsImlhdCI6MTc2NTk4MzI0OSwiZXhwIjoxNzY2MDY5NjQ5fQ.DfZvU1E_XPoW13dn4BZrJPPXhpRWQM7dIDEMUDquFSM'[39m
[2m[WebServer] [22m}
[2m[WebServer] [22m≡ƒöì JWT Extractor - Headers: accessToken=eyJhbGciOiJIUzI1NiIsInR5cCI6IkpXVCJ9.eyJzdWIiOiI2OTI4Y2Y3OWZlOWZmNDA2ZTY2MTBmZWIiLCJ3b3JrRW1haWwiOiJoci5oci5ockBleGFtcGxlLmNvbSIsInJvbGVzIjpbIkhSIE1hbmFnZXIiXSwicGVybWlzc2lvbnMiOltdLCJwcmltYXJ5RGVwYXJ0bWVudElkIjoiNjc1MWZlNTFkM2EzOGE5NTBiYTQwYzExIiwiZW1wbG95ZWVOdW1iZXIiOiJFTVAtMTAxOSIsImlhdCI6MTc2NTk4MzI0OSwiZXhwIjoxNzY2MDY5NjQ5fQ.DfZvU1E_XPoW13dn4BZrJPPXhpRWQM7dIDEMUDquFSM
[2m[WebServer] [22m≡ƒöì JWT Extractor - accessToken: FOUND
[2m[WebServer] [22mJwtStrategy VALIDATE: {
[2m[WebServer] [22m  sub: [32m'6928cf79fe9ff406e6610feb'[39m,
[2m[WebServer] [22m  workEmail: [32m'hr.hr.hr@example.com'[39m,
[2m[WebServer] [22m  roles: [ [32m'HR Manager'[39m ],
[2m[WebServer] [22m  permissions: [],
[2m[WebServer] [22m  primaryDepartmentId: [32m'6751fe51d3a38a950ba40c11'[39m,
[2m[WebServer] [22m  employeeNumber: [32m'EMP-1019'[39m,
[2m[WebServer] [22m  iat: [33m1765983249[39m,
[2m[WebServer] [22m  exp: [33m1766069649[39m
[2m[WebServer] [22m}
[2m[WebServer] [22m≡ƒöÑ JwtAuthGuard: handleRequest() {
[2m[WebServer] [22m  err: [1mnull[22m,
[2m[WebServer] [22m  user: {
[2m[WebServer] [22m    id: [32m'6928cf79fe9ff406e6610feb'[39m,
[2m[WebServer] [22m    workEmail: [32m'hr.hr.hr@example.com'[39m,
[2m[WebServer] [22m    roles: [ [32m'HR Manager'[39m ],
[2m[WebServer] [22m    permissions: [],
[2m[WebServer] [22m    primaryDepartmentId: [32m'6751fe51d3a38a950ba40c11'[39m,
[2m[WebServer] [22m    employeeNumber: [32m'EMP-1019'[39m
[2m[WebServer] [22m  },
[2m[WebServer] [22m  info: [90mundefined[39m
[2m[WebServer] [22m}
[2m[WebServer] [22mΓ£à JwtAuthGuard SUCCESS ΓåÆ user authenticated: 6928cf79fe9ff406e6610feb
[2m[WebServer] [22m≡ƒöÑ RolesGuard running!
[2m[WebServer] [22m
[2m[WebServer] [22m===== ROLE GUARD =====
[2m[WebServer] [22mRequired roles: [
[2m[WebServer] [22m  [32m'department employee'[39m,
[2m[WebServer] [22m  [32m'HR Employee'[39m,
[2m[WebServer] [22m  [32m'department head'[39m,
[2m[WebServer] [22m  [32m'HR Manager'[39m,
[2m[WebServer] [22m  [32m'HR Admin'[39m,
[2m[WebServer] [22m  [32m'System Admin'[39m
[2m[WebServer] [22m]
[2m[WebServer] [22mUser object: {
[2m[WebServer] [22m  id: [32m'6928cf79fe9ff406e6610feb'[39m,
[2m[WebServer] [22m  workEmail: [32m'hr.hr.hr@example.com'[39m,
[2m[WebServer] [22m  roles: [ [32m'HR Manager'[39m ],
[2m[WebServer] [22m  permissions: [],
[2m[WebServer] [22m  primaryDepartmentId: [32m'6751fe51d3a38a950ba40c11'[39m,
[2m[WebServer] [22m  employeeNumber: [32m'EMP-1019'[39m
[2m[WebServer] [22m}
[2m[WebServer] [22mNormalized user roles: [ [32m'hr manager'[39m ]
[2m[WebServer] [22mNormalized required roles: [
[2m[WebServer] [22m  [32m'department employee'[39m,
[2m[WebServer] [22m  [32m'hr employee'[39m,
[2m[WebServer] [22m  [32m'department head'[39m,
[2m[WebServer] [22m  [32m'hr manager'[39m,
[2m[WebServer] [22m  [32m'hr admin'[39m,
[2m[WebServer] [22m  [32m'system admin'[39m
[2m[WebServer] [22m]
[2m[WebServer] [22mHas required role? [33mtrue[39m
[2m[WebServer] [22mΓ£ö ACCESS GRANTED Γ£ö
[2m[WebServer] [22m≡ƒöì [TrackingController] getMyBalances: {
[2m[WebServer] [22m  query: [Object: null prototype] {},
[2m[WebServer] [22m  userId: [32m'6928cf79fe9ff406e6610feb'[39m
[2m[WebServer] [22m}
[2m[WebServer] [22m≡ƒöÑ JwtAuthGuard: canActivate CALLED
[2m[WebServer] [22m≡ƒöì JWT Extractor - All cookies: {
[2m[WebServer] [22m  accessToken: [32m'eyJhbGciOiJIUzI1NiIsInR5cCI6IkpXVCJ9.eyJzdWIiOiI2OTI4Y2Y3OWZlOWZmNDA2ZTY2MTBmZWIiLCJ3b3JrRW1haWwiOiJoci5oci5ockBleGFtcGxlLmNvbSIsInJvbGVzIjpbIkhSIE1hbmFnZXIiXSwicGVybWlzc2lvbnMiOltdLCJwcmltYXJ5RGVwYXJ0bWVudElkIjoiNjc1MWZlNTFkM2EzOGE5NTBiYTQwYzExIiwiZW1wbG95ZWVOdW1iZXIiOiJFTVAtMTAxOSIsImlhdCI6MTc2NTk4MzI0OSwiZXhwIjoxNzY2MDY5NjQ5fQ.DfZvU1E_XPoW13dn4BZrJPPXhpRWQM7dIDEMUDquFSM'[39m
[2m[WebServer] [22m}
[2m[WebServer] [22m≡ƒöì JWT Extractor - Headers: accessToken=eyJhbGciOiJIUzI1NiIsInR5cCI6IkpXVCJ9.eyJzdWIiOiI2OTI4Y2Y3OWZlOWZmNDA2ZTY2MTBmZWIiLCJ3b3JrRW1haWwiOiJoci5oci5ockBleGFtcGxlLmNvbSIsInJvbGVzIjpbIkhSIE1hbmFnZXIiXSwicGVybWlzc2lvbnMiOltdLCJwcmltYXJ5RGVwYXJ0bWVudElkIjoiNjc1MWZlNTFkM2EzOGE5NTBiYTQwYzExIiwiZW1wbG95ZWVOdW1iZXIiOiJFTVAtMTAxOSIsImlhdCI6MTc2NTk4MzI0OSwiZXhwIjoxNzY2MDY5NjQ5fQ.DfZvU1E_XPoW13dn4BZrJPPXhpRWQM7dIDEMUDquFSM
[2m[WebServer] [22m≡ƒöì JWT Extractor - accessToken: FOUND
[2m[WebServer] [22mJwtStrategy VALIDATE: {
[2m[WebServer] [22m  sub: [32m'6928cf79fe9ff406e6610feb'[39m,
[2m[WebServer] [22m  workEmail: [32m'hr.hr.hr@example.com'[39m,
[2m[WebServer] [22m  roles: [ [32m'HR Manager'[39m ],
[2m[WebServer] [22m  permissions: [],
[2m[WebServer] [22m  primaryDepartmentId: [32m'6751fe51d3a38a950ba40c11'[39m,
[2m[WebServer] [22m  employeeNumber: [32m'EMP-1019'[39m,
[2m[WebServer] [22m  iat: [33m1765983249[39m,
[2m[WebServer] [22m  exp: [33m1766069649[39m
[2m[WebServer] [22m}
[2m[WebServer] [22m≡ƒöÑ JwtAuthGuard: handleRequest() {
[2m[WebServer] [22m  err: [1mnull[22m,
[2m[WebServer] [22m  user: {
[2m[WebServer] [22m    id: [32m'6928cf79fe9ff406e6610feb'[39m,
[2m[WebServer] [22m    workEmail: [32m'hr.hr.hr@example.com'[39m,
[2m[WebServer] [22m    roles: [ [32m'HR Manager'[39m ],
[2m[WebServer] [22m    permissions: [],
[2m[WebServer] [22m    primaryDepartmentId: [32m'6751fe51d3a38a950ba40c11'[39m,
[2m[WebServer] [22m    employeeNumber: [32m'EMP-1019'[39m
[2m[WebServer] [22m  },
[2m[WebServer] [22m  info: [90mundefined[39m
[2m[WebServer] [22m}
[2m[WebServer] [22mΓ£à JwtAuthGuard SUCCESS ΓåÆ user authenticated: 6928cf79fe9ff406e6610feb
[2m[WebServer] [22m≡ƒöÑ RolesGuard running!
[2m[WebServer] [22m
[2m[WebServer] [22m===== ROLE GUARD =====
[2m[WebServer] [22mRequired roles: [
[2m[WebServer] [22m  [32m'department employee'[39m,
[2m[WebServer] [22m  [32m'HR Employee'[39m,
[2m[WebServer] [22m  [32m'department head'[39m,
[2m[WebServer] [22m  [32m'HR Manager'[39m,
[2m[WebServer] [22m  [32m'HR Admin'[39m,
[2m[WebServer] [22m  [32m'System Admin'[39m
[2m[WebServer] [22m]
[2m[WebServer] [22mUser object: {
[2m[WebServer] [22m  id: [32m'6928cf79fe9ff406e6610feb'[39m,
[2m[WebServer] [22m  workEmail: [32m'hr.hr.hr@example.com'[39m,
[2m[WebServer] [22m  roles: [ [32m'HR Manager'[39m ],
[2m[WebServer] [22m  permissions: [],
[2m[WebServer] [22m  primaryDepartmentId: [32m'6751fe51d3a38a950ba40c11'[39m,
[2m[WebServer] [22m  employeeNumber: [32m'EMP-1019'[39m
[2m[WebServer] [22m}
[2m[WebServer] [22mNormalized user roles: [ [32m'hr manager'[39m ]
[2m[WebServer] [22mNormalized required roles: [
[2m[WebServer] [22m  [32m'department employee'[39m,
[2m[WebServer] [22m  [32m'hr employee'[39m,
[2m[WebServer] [22m  [32m'department head'[39m,
[2m[WebServer] [22m  [32m'hr manager'[39m,
[2m[WebServer] [22m  [32m'hr admin'[39m,
[2m[WebServer] [22m  [32m'system admin'[39m
[2m[WebServer] [22m]
[2m[WebServer] [22mHas required role? [33mtrue[39m
[2m[WebServer] [22mΓ£ö ACCESS GRANTED Γ£ö
[2m[WebServer] [22m≡ƒöì [TrackingController] getMyHistory: {
[2m[WebServer] [22m  filters: [Object: null prototype] {},
[2m[WebServer] [22m  userId: [32m'6928cf79fe9ff406e6610feb'[39m
[2m[WebServer] [22m}
Γ£à Login successful
≡ƒôê Testing: REQ-038 (Department stats)
[2m[WebServer] [22m GET /leaves [32m200[39m in 49ms[2m (compile: 2ms, render: 47ms)[22m
[2m[WebServer] [22m≡ƒöÑ JwtAuthGuard: canActivate CALLED
[2m[WebServer] [22m≡ƒöì JWT Extractor - All cookies: {
[2m[WebServer] [22m  accessToken: [32m'eyJhbGciOiJIUzI1NiIsInR5cCI6IkpXVCJ9.eyJzdWIiOiI2OTI4Y2Y3OWZlOWZmNDA2ZTY2MTBmZWIiLCJ3b3JrRW1haWwiOiJoci5oci5ockBleGFtcGxlLmNvbSIsInJvbGVzIjpbIkhSIE1hbmFnZXIiXSwicGVybWlzc2lvbnMiOltdLCJwcmltYXJ5RGVwYXJ0bWVudElkIjoiNjc1MWZlNTFkM2EzOGE5NTBiYTQwYzExIiwiZW1wbG95ZWVOdW1iZXIiOiJFTVAtMTAxOSIsImlhdCI6MTc2NTk4MzI0OSwiZXhwIjoxNzY2MDY5NjQ5fQ.DfZvU1E_XPoW13dn4BZrJPPXhpRWQM7dIDEMUDquFSM'[39m
[2m[WebServer] [22m}
[2m[WebServer] [22m≡ƒöì JWT Extractor - Headers: accessToken=eyJhbGciOiJIUzI1NiIsInR5cCI6IkpXVCJ9.eyJzdWIiOiI2OTI4Y2Y3OWZlOWZmNDA2ZTY2MTBmZWIiLCJ3b3JrRW1haWwiOiJoci5oci5ockBleGFtcGxlLmNvbSIsInJvbGVzIjpbIkhSIE1hbmFnZXIiXSwicGVybWlzc2lvbnMiOltdLCJwcmltYXJ5RGVwYXJ0bWVudElkIjoiNjc1MWZlNTFkM2EzOGE5NTBiYTQwYzExIiwiZW1wbG95ZWVOdW1iZXIiOiJFTVAtMTAxOSIsImlhdCI6MTc2NTk4MzI0OSwiZXhwIjoxNzY2MDY5NjQ5fQ.DfZvU1E_XPoW13dn4BZrJPPXhpRWQM7dIDEMUDquFSM
[2m[WebServer] [22m≡ƒöì JWT Extractor - accessToken: FOUND
[2m[WebServer] [22mJwtStrategy VALIDATE: {
[2m[WebServer] [22m  sub: [32m'6928cf79fe9ff406e6610feb'[39m,
[2m[WebServer] [22m  workEmail: [32m'hr.hr.hr@example.com'[39m,
[2m[WebServer] [22m  roles: [ [32m'HR Manager'[39m ],
[2m[WebServer] [22m  permissions: [],
[2m[WebServer] [22m  primaryDepartmentId: [32m'6751fe51d3a38a950ba40c11'[39m,
[2m[WebServer] [22m  employeeNumber: [32m'EMP-1019'[39m,
[2m[WebServer] [22m  iat: [33m1765983249[39m,
[2m[WebServer] [22m  exp: [33m1766069649[39m
[2m[WebServer] [22m}
[2m[WebServer] [22m≡ƒöÑ JwtAuthGuard: handleRequest() {
[2m[WebServer] [22m  err: [1mnull[22m,
[2m[WebServer] [22m  user: {
[2m[WebServer] [22m    id: [32m'6928cf79fe9ff406e6610feb'[39m,
[2m[WebServer] [22m    workEmail: [32m'hr.hr.hr@example.com'[39m,
[2m[WebServer] [22m    roles: [ [32m'HR Manager'[39m ],
[2m[WebServer] [22m    permissions: [],
[2m[WebServer] [22m    primaryDepartmentId: [32m'6751fe51d3a38a950ba40c11'[39m,
[2m[WebServer] [22m    employeeNumber: [32m'EMP-1019'[39m
[2m[WebServer] [22m  },
[2m[WebServer] [22m  info: [90mundefined[39m
[2m[WebServer] [22m}
[2m[WebServer] [22mΓ£à JwtAuthGuard SUCCESS ΓåÆ user authenticated: 6928cf79fe9ff406e6610feb
[2m[WebServer] [22m≡ƒöÑ JwtAuthGuard: canActivate CALLED
[2m[WebServer] [22m≡ƒöì JWT Extractor - All cookies: {
[2m[WebServer] [22m  accessToken: [32m'eyJhbGciOiJIUzI1NiIsInR5cCI6IkpXVCJ9.eyJzdWIiOiI2OTI4Y2Y3OWZlOWZmNDA2ZTY2MTBmZWIiLCJ3b3JrRW1haWwiOiJoci5oci5ockBleGFtcGxlLmNvbSIsInJvbGVzIjpbIkhSIE1hbmFnZXIiXSwicGVybWlzc2lvbnMiOltdLCJwcmltYXJ5RGVwYXJ0bWVudElkIjoiNjc1MWZlNTFkM2EzOGE5NTBiYTQwYzExIiwiZW1wbG95ZWVOdW1iZXIiOiJFTVAtMTAxOSIsImlhdCI6MTc2NTk4MzI0OSwiZXhwIjoxNzY2MDY5NjQ5fQ.DfZvU1E_XPoW13dn4BZrJPPXhpRWQM7dIDEMUDquFSM'[39m
[2m[WebServer] [22m}
[2m[WebServer] [22m≡ƒöì JWT Extractor - Headers: accessToken=eyJhbGciOiJIUzI1NiIsInR5cCI6IkpXVCJ9.eyJzdWIiOiI2OTI4Y2Y3OWZlOWZmNDA2ZTY2MTBmZWIiLCJ3b3JrRW1haWwiOiJoci5oci5ockBleGFtcGxlLmNvbSIsInJvbGVzIjpbIkhSIE1hbmFnZXIiXSwicGVybWlzc2lvbnMiOltdLCJwcmltYXJ5RGVwYXJ0bWVudElkIjoiNjc1MWZlNTFkM2EzOGE5NTBiYTQwYzExIiwiZW1wbG95ZWVOdW1iZXIiOiJFTVAtMTAxOSIsImlhdCI6MTc2NTk4MzI0OSwiZXhwIjoxNzY2MDY5NjQ5fQ.DfZvU1E_XPoW13dn4BZrJPPXhpRWQM7dIDEMUDquFSM
[2m[WebServer] [22m≡ƒöì JWT Extractor - accessToken: FOUND
[2m[WebServer] [22mJwtStrategy VALIDATE: {
[2m[WebServer] [22m  sub: [32m'6928cf79fe9ff406e6610feb'[39m,
[2m[WebServer] [22m  workEmail: [32m'hr.hr.hr@example.com'[39m,
[2m[WebServer] [22m  roles: [ [32m'HR Manager'[39m ],
[2m[WebServer] [22m  permissions: [],
[2m[WebServer] [22m  primaryDepartmentId: [32m'6751fe51d3a38a950ba40c11'[39m,
[2m[WebServer] [22m  employeeNumber: [32m'EMP-1019'[39m,
[2m[WebServer] [22m  iat: [33m1765983249[39m,
[2m[WebServer] [22m  exp: [33m1766069649[39m
[2m[WebServer] [22m}
[2m[WebServer] [22m≡ƒöÑ JwtAuthGuard: handleRequest() {
[2m[WebServer] [22m  err: [1mnull[22m,
[2m[WebServer] [22m  user: {
[2m[WebServer] [22m    id: [32m'6928cf79fe9ff406e6610feb'[39m,
[2m[WebServer] [22m    workEmail: [32m'hr.hr.hr@example.com'[39m,
[2m[WebServer] [22m    roles: [ [32m'HR Manager'[39m ],
[2m[WebServer] [22m    permissions: [],
[2m[WebServer] [22m    primaryDepartmentId: [32m'6751fe51d3a38a950ba40c11'[39m,
[2m[WebServer] [22m    employeeNumber: [32m'EMP-1019'[39m
[2m[WebServer] [22m  },
[2m[WebServer] [22m  info: [90mundefined[39m
[2m[WebServer] [22m}
[2m[WebServer] [22mΓ£à JwtAuthGuard SUCCESS ΓåÆ user authenticated: 6928cf79fe9ff406e6610feb
[2m[WebServer] [22m≡ƒöÑ RolesGuard running!
[2m[WebServer] [22m
[2m[WebServer] [22m===== ROLE GUARD =====
[2m[WebServer] [22mRequired roles: [
[2m[WebServer] [22m  [32m'department employee'[39m,
[2m[WebServer] [22m  [32m'HR Employee'[39m,
[2m[WebServer] [22m  [32m'department head'[39m,
[2m[WebServer] [22m  [32m'HR Manager'[39m,
[2m[WebServer] [22m  [32m'HR Admin'[39m,
[2m[WebServer] [22m  [32m'System Admin'[39m
[2m[WebServer] [22m]
[2m[WebServer] [22mUser object: {
[2m[WebServer] [22m  id: [32m'6928cf79fe9ff406e6610feb'[39m,
[2m[WebServer] [22m  workEmail: [32m'hr.hr.hr@example.com'[39m,
[2m[WebServer] [22m  roles: [ [32m'HR Manager'[39m ],
[2m[WebServer] [22m  permissions: [],
[2m[WebServer] [22m  primaryDepartmentId: [32m'6751fe51d3a38a950ba40c11'[39m,
[2m[WebServer] [22m  employeeNumber: [32m'EMP-1019'[39m
[2m[WebServer] [22m}
[2m[WebServer] [22mNormalized user roles: [ [32m'hr manager'[39m ]
[2m[WebServer] [22mNormalized required roles: [
[2m[WebServer] [22m  [32m'department employee'[39m,
[2m[WebServer] [22m  [32m'hr employee'[39m,
[2m[WebServer] [22m  [32m'department head'[39m,
[2m[WebServer] [22m  [32m'hr manager'[39m,
[2m[WebServer] [22m  [32m'hr admin'[39m,
[2m[WebServer] [22m  [32m'system admin'[39m
[2m[WebServer] [22m]
[2m[WebServer] [22mHas required role? [33mtrue[39m
[2m[WebServer] [22mΓ£ö ACCESS GRANTED Γ£ö
[2m[WebServer] [22m≡ƒöì [TrackingController] getMyBalances: {
[2m[WebServer] [22m  query: [Object: null prototype] {},
[2m[WebServer] [22m  userId: [32m'6928cf79fe9ff406e6610feb'[39m
[2m[WebServer] [22m}
[2m[WebServer] [22m≡ƒöÑ JwtAuthGuard: canActivate CALLED
[2m[WebServer] [22m≡ƒöì JWT Extractor - All cookies: {
[2m[WebServer] [22m  accessToken: [32m'eyJhbGciOiJIUzI1NiIsInR5cCI6IkpXVCJ9.eyJzdWIiOiI2OTI4Y2Y3OWZlOWZmNDA2ZTY2MTBmZWIiLCJ3b3JrRW1haWwiOiJoci5oci5ockBleGFtcGxlLmNvbSIsInJvbGVzIjpbIkhSIE1hbmFnZXIiXSwicGVybWlzc2lvbnMiOltdLCJwcmltYXJ5RGVwYXJ0bWVudElkIjoiNjc1MWZlNTFkM2EzOGE5NTBiYTQwYzExIiwiZW1wbG95ZWVOdW1iZXIiOiJFTVAtMTAxOSIsImlhdCI6MTc2NTk4MzI0OSwiZXhwIjoxNzY2MDY5NjQ5fQ.DfZvU1E_XPoW13dn4BZrJPPXhpRWQM7dIDEMUDquFSM'[39m
[2m[WebServer] [22m}
[2m[WebServer] [22m≡ƒöì JWT Extractor - Headers: accessToken=eyJhbGciOiJIUzI1NiIsInR5cCI6IkpXVCJ9.eyJzdWIiOiI2OTI4Y2Y3OWZlOWZmNDA2ZTY2MTBmZWIiLCJ3b3JrRW1haWwiOiJoci5oci5ockBleGFtcGxlLmNvbSIsInJvbGVzIjpbIkhSIE1hbmFnZXIiXSwicGVybWlzc2lvbnMiOltdLCJwcmltYXJ5RGVwYXJ0bWVudElkIjoiNjc1MWZlNTFkM2EzOGE5NTBiYTQwYzExIiwiZW1wbG95ZWVOdW1iZXIiOiJFTVAtMTAxOSIsImlhdCI6MTc2NTk4MzI0OSwiZXhwIjoxNzY2MDY5NjQ5fQ.DfZvU1E_XPoW13dn4BZrJPPXhpRWQM7dIDEMUDquFSM
[2m[WebServer] [22m≡ƒöì JWT Extractor - accessToken: FOUND
[2m[WebServer] [22mJwtStrategy VALIDATE: {
[2m[WebServer] [22m  sub: [32m'6928cf79fe9ff406e6610feb'[39m,
[2m[WebServer] [22m  workEmail: [32m'hr.hr.hr@example.com'[39m,
[2m[WebServer] [22m  roles: [ [32m'HR Manager'[39m ],
[2m[WebServer] [22m  permissions: [],
[2m[WebServer] [22m  primaryDepartmentId: [32m'6751fe51d3a38a950ba40c11'[39m,
[2m[WebServer] [22m  employeeNumber: [32m'EMP-1019'[39m,
[2m[WebServer] [22m  iat: [33m1765983249[39m,
[2m[WebServer] [22m  exp: [33m1766069649[39m
[2m[WebServer] [22m}
[2m[WebServer] [22m≡ƒöÑ JwtAuthGuard: handleRequest() {
[2m[WebServer] [22m  err: [1mnull[22m,
[2m[WebServer] [22m  user: {
[2m[WebServer] [22m    id: [32m'6928cf79fe9ff406e6610feb'[39m,
[2m[WebServer] [22m    workEmail: [32m'hr.hr.hr@example.com'[39m,
[2m[WebServer] [22m    roles: [ [32m'HR Manager'[39m ],
[2m[WebServer] [22m    permissions: [],
[2m[WebServer] [22m    primaryDepartmentId: [32m'6751fe51d3a38a950ba40c11'[39m,
[2m[WebServer] [22m    employeeNumber: [32m'EMP-1019'[39m
[2m[WebServer] [22m  },
[2m[WebServer] [22m  info: [90mundefined[39m
[2m[WebServer] [22m}
[2m[WebServer] [22mΓ£à JwtAuthGuard SUCCESS ΓåÆ user authenticated: 6928cf79fe9ff406e6610feb
[2m[WebServer] [22m≡ƒöÑ RolesGuard running!
[2m[WebServer] [22m
[2m[WebServer] [22m===== ROLE GUARD =====
[2m[WebServer] [22mRequired roles: [
[2m[WebServer] [22m  [32m'department employee'[39m,
[2m[WebServer] [22m  [32m'HR Employee'[39m,
[2m[WebServer] [22m  [32m'department head'[39m,
[2m[WebServer] [22m  [32m'HR Manager'[39m,
[2m[WebServer] [22m  [32m'HR Admin'[39m,
[2m[WebServer] [22m  [32m'System Admin'[39m
[2m[WebServer] [22m]
[2m[WebServer] [22mUser object: {
[2m[WebServer] [22m  id: [32m'6928cf79fe9ff406e6610feb'[39m,
[2m[WebServer] [22m  workEmail: [32m'hr.hr.hr@example.com'[39m,
[2m[WebServer] [22m  roles: [ [32m'HR Manager'[39m ],
[2m[WebServer] [22m  permissions: [],
[2m[WebServer] [22m  primaryDepartmentId: [32m'6751fe51d3a38a950ba40c11'[39m,
[2m[WebServer] [22m  employeeNumber: [32m'EMP-1019'[39m
[2m[WebServer] [22m}
[2m[WebServer] [22mNormalized user roles: [ [32m'hr manager'[39m ]
[2m[WebServer] [22mNormalized required roles: [
[2m[WebServer] [22m  [32m'department employee'[39m,
[2m[WebServer] [22m  [32m'hr employee'[39m,
[2m[WebServer] [22m  [32m'department head'[39m,
[2m[WebServer] [22m  [32m'hr manager'[39m,
[2m[WebServer] [22m  [32m'hr admin'[39m,
[2m[WebServer] [22m  [32m'system admin'[39m
[2m[WebServer] [22m]
[2m[WebServer] [22mHas required role? [33mtrue[39m
[2m[WebServer] [22mΓ£ö ACCESS GRANTED Γ£ö
[2m[WebServer] [22m≡ƒöì [TrackingController] getMyHistory: {
[2m[WebServer] [22m  filters: [Object: null prototype] {},
[2m[WebServer] [22m  userId: [32m'6928cf79fe9ff406e6610feb'[39m
[2m[WebServer] [22m}
Γ£à Department stats accessible - REQ-038 validated
  Γ£ô  46 [chromium] ΓÇ║ leave-tests.spec.ts:665:7 ΓÇ║ ≡ƒæö HR MANAGER (EMP-1019) - System-Wide Management ΓÇ║ Γ£à P2: Department statistics (REQ-038) (9.1s)
≡ƒöÉ Logging in as: hr.hr.hr@example.com
[2m[WebServer] [22m GET /login [32m200[39m in 45ms[2m (compile: 3ms, render: 42ms)[22m
[2m[WebServer] [22m≡ƒöÑ JwtAuthGuard: canActivate CALLED
[2m[WebServer] [22m≡ƒöì JWT Extractor - All cookies: [Object: null prototype] {}
[2m[WebServer] [22m≡ƒöì JWT Extractor - Headers: [90mundefined[39m
[2m[WebServer] [22m≡ƒöì JWT Extractor - accessToken: NOT FOUND
[2m[WebServer] [22m≡ƒöÑ JwtAuthGuard: handleRequest() {
[2m[WebServer] [22m  err: [1mnull[22m,
[2m[WebServer] [22m  user: [33mfalse[39m,
[2m[WebServer] [22m  info: Error: No auth token
[2m[WebServer] [22m      at JwtStrategy.authenticate [90m(C:\Users\Bedon\Desktop\semester-5-software-project\backend\[39mnode_modules\[4mpassport-jwt[24m\lib\strategy.js:96:26[90m)[39m
[2m[WebServer] [22m      at attempt [90m(C:\Users\Bedon\Desktop\semester-5-software-project\backend\[39mnode_modules\[4mpassport[24m\lib\middleware\authenticate.js:378:16[90m)[39m
[2m[WebServer] [22m      at authenticate [90m(C:\Users\Bedon\Desktop\semester-5-software-project\backend\[39mnode_modules\[4mpassport[24m\lib\middleware\authenticate.js:379:7[90m)[39m
[2m[WebServer] [22m      at [90mC:\Users\Bedon\Desktop\semester-5-software-project\backend\[39mnode_modules\[4m@nestjs[24m\passport\dist\auth.guard.js:88:3
[2m[WebServer] [22m      at new Promise (<anonymous>)
[2m[WebServer] [22m      at [90mC:\Users\Bedon\Desktop\semester-5-software-project\backend\[39mnode_modules\[4m@nestjs[24m\passport\dist\auth.guard.js:80:83
[2m[WebServer] [22m      at JwtAuthGuard.canActivate [90m(C:\Users\Bedon\Desktop\semester-5-software-project\backend\[39mnode_modules\[4m@nestjs[24m\passport\dist\auth.guard.js:44:32[90m)[39m
[2m[WebServer] [22m  [90m    at process.processTicksAndRejections (node:internal/process/task_queues:105:5)[39m
[2m[WebServer] [22m}
[2m[WebServer] [22mΓ¥î JwtAuthGuard INFO: Error: No auth token
[2m[WebServer] [22m    at JwtStrategy.authenticate 
[90m(C:\Users\Bedon\Desktop\semester-5-software-project\backend\[39mnode_modules\[4mpassport-jwt[24m\lib\strategy.js:96:26[90m)[39m
[2m[WebServer] [22m    at attempt [90m(C:\Users\Bedon\Desktop\semester-5-software-project\backend\[39mnode_modules\[4mpassport[24m\lib\mi
ddleware\authenticate.js:378:16[90m)[39m
[2m[WebServer] [22m    at authenticate [90m(C:\Users\Bedon\Desktop\semester-5-software-project\backend\[39mnode_modules\[4mpassport[24m\l
ib\middleware\authenticate.js:379:7[90m)[39m
[2m[WebServer] [22m    at 
[90mC:\Users\Bedon\Desktop\semester-5-software-project\backend\[39mnode_modules\[4m@nestjs[24m\passport\dist\auth.guard.js:88:3
[2m[WebServer] [22m    at new Promise (<anonymous>)
[2m[WebServer] [22m    at 
[90mC:\Users\Bedon\Desktop\semester-5-software-project\backend\[39mnode_modules\[4m@nestjs[24m\passport\dist\auth.guard.js:80:83
[2m[WebServer] [22m    at JwtAuthGuard.canActivate [90m(C:\Users\Bedon\Desktop\semester-5-software-project\backend\[39mnode_modules\[4m@ne
stjs[24m\passport\dist\auth.guard.js:44:32[90m)[39m
[2m[WebServer] [22m[90m    at process.processTicksAndRejections (node:internal/process/task_queues:105:5)[39m
[2m[WebServer] [22mΓ¥î JwtAuthGuard FAILING ΓåÆ No auth token
[2m[WebServer] [22mVALIDATE EMPLOYEE - systemRole = {
[2m[WebServer] [22m  _id: new ObjectId([32m'6928cf79fe9ff406e6610fed'[39m),
[2m[WebServer] [22m  employeeProfileId: new ObjectId([32m'6928cf79fe9ff406e6610feb'[39m),
[2m[WebServer] [22m  roles: [ [32m'HR Manager'[39m ],
[2m[WebServer] [22m  permissions: [],
[2m[WebServer] [22m  isActive: [33mtrue[39m,
[2m[WebServer] [22m  createdAt: [35m2025-11-27T22:23:53.913Z[39m,
[2m[WebServer] [22m  updatedAt: [35m2025-11-27T22:23:53.913Z[39m,
[2m[WebServer] [22m  __v: [33m0[39m
[2m[WebServer] [22m}
[2m[WebServer] [22mGenerated token: eyJhbGciOiJIUzI1NiIsInR5cCI6IkpXVCJ9.eyJzdWIiOiI2OTI4Y2Y3OWZlOWZmNDA2ZTY2MTBmZWIiLCJ3b3JrRW1haWwiOiJoci5oci5ockBleGFtcGxlLmNvbSIsInJvbGVzIjpbIkhSIE1hbmFnZXIiXSwicGVybWlzc2lvbnMiOltdLCJwcmltYXJ5RGVwYXJ0bWVudElkIjoiNjc1MWZlNTFkM2EzOGE5NTBiYTQwYzExIiwiZW1wbG95ZWVOdW1iZXIiOiJFTVAtMTAxOSIsImlhdCI6MTc2NTk4MzI1OCwiZXhwIjoxNzY2MDY5NjU4fQ.Gf7cipCiAC2ijuSQRZjiKwcfcdZkqRUGqfkk2MZPWxI
[2m[WebServer] [22m GET /leaves [32m200[39m in 24ms[2m (compile: 3ms, render: 21ms)[22m
[2m[WebServer] [22m≡ƒöÑ JwtAuthGuard: canActivate CALLED
[2m[WebServer] [22m≡ƒöì JWT Extractor - All cookies: {
[2m[WebServer] [22m  accessToken: [32m'eyJhbGciOiJIUzI1NiIsInR5cCI6IkpXVCJ9.eyJzdWIiOiI2OTI4Y2Y3OWZlOWZmNDA2ZTY2MTBmZWIiLCJ3b3JrRW1haWwiOiJoci5oci5ockBleGFtcGxlLmNvbSIsInJvbGVzIjpbIkhSIE1hbmFnZXIiXSwicGVybWlzc2lvbnMiOltdLCJwcmltYXJ5RGVwYXJ0bWVudElkIjoiNjc1MWZlNTFkM2EzOGE5NTBiYTQwYzExIiwiZW1wbG95ZWVOdW1iZXIiOiJFTVAtMTAxOSIsImlhdCI6MTc2NTk4MzI1OCwiZXhwIjoxNzY2MDY5NjU4fQ.Gf7cipCiAC2ijuSQRZjiKwcfcdZkqRUGqfkk2MZPWxI'[39m
[2m[WebServer] [22m}
[2m[WebServer] [22m≡ƒöì JWT Extractor - Headers: accessToken=eyJhbGciOiJIUzI1NiIsInR5cCI6IkpXVCJ9.eyJzdWIiOiI2OTI4Y2Y3OWZlOWZmNDA2ZTY2MTBmZWIiLCJ3b3JrRW1haWwiOiJoci5oci5ockBleGFtcGxlLmNvbSIsInJvbGVzIjpbIkhSIE1hbmFnZXIiXSwicGVybWlzc2lvbnMiOltdLCJwcmltYXJ5RGVwYXJ0bWVudElkIjoiNjc1MWZlNTFkM2EzOGE5NTBiYTQwYzExIiwiZW1wbG95ZWVOdW1iZXIiOiJFTVAtMTAxOSIsImlhdCI6MTc2NTk4MzI1OCwiZXhwIjoxNzY2MDY5NjU4fQ.Gf7cipCiAC2ijuSQRZjiKwcfcdZkqRUGqfkk2MZPWxI
[2m[WebServer] [22m≡ƒöì JWT Extractor - accessToken: FOUND
[2m[WebServer] [22mJwtStrategy VALIDATE: {
[2m[WebServer] [22m  sub: [32m'6928cf79fe9ff406e6610feb'[39m,
[2m[WebServer] [22m  workEmail: [32m'hr.hr.hr@example.com'[39m,
[2m[WebServer] [22m  roles: [ [32m'HR Manager'[39m ],
[2m[WebServer] [22m  permissions: [],
[2m[WebServer] [22m  primaryDepartmentId: [32m'6751fe51d3a38a950ba40c11'[39m,
[2m[WebServer] [22m  employeeNumber: [32m'EMP-1019'[39m,
[2m[WebServer] [22m  iat: [33m1765983258[39m,
[2m[WebServer] [22m  exp: [33m1766069658[39m
[2m[WebServer] [22m}
[2m[WebServer] [22m≡ƒöÑ JwtAuthGuard: handleRequest() {
[2m[WebServer] [22m  err: [1mnull[22m,
[2m[WebServer] [22m  user: {
[2m[WebServer] [22m    id: [32m'6928cf79fe9ff406e6610feb'[39m,
[2m[WebServer] [22m    workEmail: [32m'hr.hr.hr@example.com'[39m,
[2m[WebServer] [22m    roles: [ [32m'HR Manager'[39m ],
[2m[WebServer] [22m    permissions: [],
[2m[WebServer] [22m    primaryDepartmentId: [32m'6751fe51d3a38a950ba40c11'[39m,
[2m[WebServer] [22m    employeeNumber: [32m'EMP-1019'[39m
[2m[WebServer] [22m  },
[2m[WebServer] [22m  info: [90mundefined[39m
[2m[WebServer] [22m}
[2m[WebServer] [22mΓ£à JwtAuthGuard SUCCESS ΓåÆ user authenticated: 6928cf79fe9ff406e6610feb
[2m[WebServer] [22m≡ƒöÑ RolesGuard running!
[2m[WebServer] [22m
[2m[WebServer] [22m===== ROLE GUARD =====
[2m[WebServer] [22mRequired roles: [
[2m[WebServer] [22m  [32m'department employee'[39m,
[2m[WebServer] [22m  [32m'HR Employee'[39m,
[2m[WebServer] [22m  [32m'department head'[39m,
[2m[WebServer] [22m  [32m'HR Manager'[39m,
[2m[WebServer] [22m  [32m'HR Admin'[39m,
[2m[WebServer] [22m  [32m'System Admin'[39m
[2m[WebServer] [22m]
[2m[WebServer] [22mUser object: {
[2m[WebServer] [22m  id: [32m'6928cf79fe9ff406e6610feb'[39m,
[2m[WebServer] [22m  workEmail: [32m'hr.hr.hr@example.com'[39m,
[2m[WebServer] [22m  roles: [ [32m'HR Manager'[39m ],
[2m[WebServer] [22m  permissions: [],
[2m[WebServer] [22m  primaryDepartmentId: [32m'6751fe51d3a38a950ba40c11'[39m,
[2m[WebServer] [22m  employeeNumber: [32m'EMP-1019'[39m
[2m[WebServer] [22m}
[2m[WebServer] [22mNormalized user roles: [ [32m'hr manager'[39m ]
[2m[WebServer] [22mNormalized required roles: [
[2m[WebServer] [22m  [32m'department employee'[39m,
[2m[WebServer] [22m  [32m'hr employee'[39m,
[2m[WebServer] [22m  [32m'department head'[39m,
[2m[WebServer] [22m  [32m'hr manager'[39m,
[2m[WebServer] [22m  [32m'hr admin'[39m,
[2m[WebServer] [22m  [32m'system admin'[39m
[2m[WebServer] [22m]
[2m[WebServer] [22mHas required role? [33mtrue[39m
[2m[WebServer] [22mΓ£ö ACCESS GRANTED Γ£ö
[2m[WebServer] [22m≡ƒöì [TrackingController] getMyBalances: {
[2m[WebServer] [22m  query: [Object: null prototype] {},
[2m[WebServer] [22m  userId: [32m'6928cf79fe9ff406e6610feb'[39m
[2m[WebServer] [22m}
[2m[WebServer] [22m≡ƒöÑ JwtAuthGuard: canActivate CALLED
[2m[WebServer] [22m≡ƒöì JWT Extractor - All cookies: {
[2m[WebServer] [22m  accessToken: [32m'eyJhbGciOiJIUzI1NiIsInR5cCI6IkpXVCJ9.eyJzdWIiOiI2OTI4Y2Y3OWZlOWZmNDA2ZTY2MTBmZWIiLCJ3b3JrRW1haWwiOiJoci5oci5ockBleGFtcGxlLmNvbSIsInJvbGVzIjpbIkhSIE1hbmFnZXIiXSwicGVybWlzc2lvbnMiOltdLCJwcmltYXJ5RGVwYXJ0bWVudElkIjoiNjc1MWZlNTFkM2EzOGE5NTBiYTQwYzExIiwiZW1wbG95ZWVOdW1iZXIiOiJFTVAtMTAxOSIsImlhdCI6MTc2NTk4MzI1OCwiZXhwIjoxNzY2MDY5NjU4fQ.Gf7cipCiAC2ijuSQRZjiKwcfcdZkqRUGqfkk2MZPWxI'[39m
[2m[WebServer] [22m}
[2m[WebServer] [22m≡ƒöì JWT Extractor - Headers: accessToken=eyJhbGciOiJIUzI1NiIsInR5cCI6IkpXVCJ9.eyJzdWIiOiI2OTI4Y2Y3OWZlOWZmNDA2ZTY2MTBmZWIiLCJ3b3JrRW1haWwiOiJoci5oci5ockBleGFtcGxlLmNvbSIsInJvbGVzIjpbIkhSIE1hbmFnZXIiXSwicGVybWlzc2lvbnMiOltdLCJwcmltYXJ5RGVwYXJ0bWVudElkIjoiNjc1MWZlNTFkM2EzOGE5NTBiYTQwYzExIiwiZW1wbG95ZWVOdW1iZXIiOiJFTVAtMTAxOSIsImlhdCI6MTc2NTk4MzI1OCwiZXhwIjoxNzY2MDY5NjU4fQ.Gf7cipCiAC2ijuSQRZjiKwcfcdZkqRUGqfkk2MZPWxI
[2m[WebServer] [22m≡ƒöì JWT Extractor - accessToken: FOUND
[2m[WebServer] [22mJwtStrategy VALIDATE: {
[2m[WebServer] [22m  sub: [32m'6928cf79fe9ff406e6610feb'[39m,
[2m[WebServer] [22m  workEmail: [32m'hr.hr.hr@example.com'[39m,
[2m[WebServer] [22m  roles: [ [32m'HR Manager'[39m ],
[2m[WebServer] [22m  permissions: [],
[2m[WebServer] [22m  primaryDepartmentId: [32m'6751fe51d3a38a950ba40c11'[39m,
[2m[WebServer] [22m  employeeNumber: [32m'EMP-1019'[39m,
[2m[WebServer] [22m  iat: [33m1765983258[39m,
[2m[WebServer] [22m  exp: [33m1766069658[39m
[2m[WebServer] [22m}
[2m[WebServer] [22m≡ƒöÑ JwtAuthGuard: handleRequest() {
[2m[WebServer] [22m  err: [1mnull[22m,
[2m[WebServer] [22m  user: {
[2m[WebServer] [22m    id: [32m'6928cf79fe9ff406e6610feb'[39m,
[2m[WebServer] [22m    workEmail: [32m'hr.hr.hr@example.com'[39m,
[2m[WebServer] [22m    roles: [ [32m'HR Manager'[39m ],
[2m[WebServer] [22m    permissions: [],
[2m[WebServer] [22m    primaryDepartmentId: [32m'6751fe51d3a38a950ba40c11'[39m,
[2m[WebServer] [22m    employeeNumber: [32m'EMP-1019'[39m
[2m[WebServer] [22m  },
[2m[WebServer] [22m  info: [90mundefined[39m
[2m[WebServer] [22m}
[2m[WebServer] [22mΓ£à JwtAuthGuard SUCCESS ΓåÆ user authenticated: 6928cf79fe9ff406e6610feb
[2m[WebServer] [22m≡ƒöÑ RolesGuard running!
[2m[WebServer] [22m
[2m[WebServer] [22m===== ROLE GUARD =====
[2m[WebServer] [22mRequired roles: [
[2m[WebServer] [22m  [32m'department employee'[39m,
[2m[WebServer] [22m  [32m'HR Employee'[39m,
[2m[WebServer] [22m  [32m'department head'[39m,
[2m[WebServer] [22m  [32m'HR Manager'[39m,
[2m[WebServer] [22m  [32m'HR Admin'[39m,
[2m[WebServer] [22m  [32m'System Admin'[39m
[2m[WebServer] [22m]
[2m[WebServer] [22mUser object: {
[2m[WebServer] [22m  id: [32m'6928cf79fe9ff406e6610feb'[39m,
[2m[WebServer] [22m  workEmail: [32m'hr.hr.hr@example.com'[39m,
[2m[WebServer] [22m  roles: [ [32m'HR Manager'[39m ],
[2m[WebServer] [22m  permissions: [],
[2m[WebServer] [22m  primaryDepartmentId: [32m'6751fe51d3a38a950ba40c11'[39m,
[2m[WebServer] [22m  employeeNumber: [32m'EMP-1019'[39m
[2m[WebServer] [22m}
[2m[WebServer] [22mNormalized user roles: [ [32m'hr manager'[39m ]
[2m[WebServer] [22mNormalized required roles: [
[2m[WebServer] [22m  [32m'department employee'[39m,
[2m[WebServer] [22m  [32m'hr employee'[39m,
[2m[WebServer] [22m  [32m'department head'[39m,
[2m[WebServer] [22m  [32m'hr manager'[39m,
[2m[WebServer] [22m  [32m'hr admin'[39m,
[2m[WebServer] [22m  [32m'system admin'[39m
[2m[WebServer] [22m]
[2m[WebServer] [22mHas required role? [33mtrue[39m
[2m[WebServer] [22mΓ£ö ACCESS GRANTED Γ£ö
[2m[WebServer] [22m≡ƒöì [TrackingController] getMyHistory: {
[2m[WebServer] [22m  filters: [Object: null prototype] {},
[2m[WebServer] [22m  userId: [32m'6928cf79fe9ff406e6610feb'[39m
[2m[WebServer] [22m}
Γ£à Login successful
≡ƒôë Testing: REQ-039 (Trend analysis)
[2m[WebServer] [22m GET /leaves [32m200[39m in 44ms[2m (compile: 2ms, render: 42ms)[22m
[2m[WebServer] [22m≡ƒöÑ JwtAuthGuard: canActivate CALLED
[2m[WebServer] [22m≡ƒöì JWT Extractor - All cookies: {
[2m[WebServer] [22m  accessToken: [32m'eyJhbGciOiJIUzI1NiIsInR5cCI6IkpXVCJ9.eyJzdWIiOiI2OTI4Y2Y3OWZlOWZmNDA2ZTY2MTBmZWIiLCJ3b3JrRW1haWwiOiJoci5oci5ockBleGFtcGxlLmNvbSIsInJvbGVzIjpbIkhSIE1hbmFnZXIiXSwicGVybWlzc2lvbnMiOltdLCJwcmltYXJ5RGVwYXJ0bWVudElkIjoiNjc1MWZlNTFkM2EzOGE5NTBiYTQwYzExIiwiZW1wbG95ZWVOdW1iZXIiOiJFTVAtMTAxOSIsImlhdCI6MTc2NTk4MzI1OCwiZXhwIjoxNzY2MDY5NjU4fQ.Gf7cipCiAC2ijuSQRZjiKwcfcdZkqRUGqfkk2MZPWxI'[39m
[2m[WebServer] [22m}
[2m[WebServer] [22m≡ƒöì JWT Extractor - Headers: accessToken=eyJhbGciOiJIUzI1NiIsInR5cCI6IkpXVCJ9.eyJzdWIiOiI2OTI4Y2Y3OWZlOWZmNDA2ZTY2MTBmZWIiLCJ3b3JrRW1haWwiOiJoci5oci5ockBleGFtcGxlLmNvbSIsInJvbGVzIjpbIkhSIE1hbmFnZXIiXSwicGVybWlzc2lvbnMiOltdLCJwcmltYXJ5RGVwYXJ0bWVudElkIjoiNjc1MWZlNTFkM2EzOGE5NTBiYTQwYzExIiwiZW1wbG95ZWVOdW1iZXIiOiJFTVAtMTAxOSIsImlhdCI6MTc2NTk4MzI1OCwiZXhwIjoxNzY2MDY5NjU4fQ.Gf7cipCiAC2ijuSQRZjiKwcfcdZkqRUGqfkk2MZPWxI
[2m[WebServer] [22m≡ƒöì JWT Extractor - accessToken: FOUND
[2m[WebServer] [22mJwtStrategy VALIDATE: {
[2m[WebServer] [22m  sub: [32m'6928cf79fe9ff406e6610feb'[39m,
[2m[WebServer] [22m  workEmail: [32m'hr.hr.hr@example.com'[39m,
[2m[WebServer] [22m  roles: [ [32m'HR Manager'[39m ],
[2m[WebServer] [22m  permissions: [],
[2m[WebServer] [22m  primaryDepartmentId: [32m'6751fe51d3a38a950ba40c11'[39m,
[2m[WebServer] [22m  employeeNumber: [32m'EMP-1019'[39m,
[2m[WebServer] [22m  iat: [33m1765983258[39m,
[2m[WebServer] [22m  exp: [33m1766069658[39m
[2m[WebServer] [22m}
[2m[WebServer] [22m≡ƒöÑ JwtAuthGuard: handleRequest() {
[2m[WebServer] [22m  err: [1mnull[22m,
[2m[WebServer] [22m  user: {
[2m[WebServer] [22m    id: [32m'6928cf79fe9ff406e6610feb'[39m,
[2m[WebServer] [22m    workEmail: [32m'hr.hr.hr@example.com'[39m,
[2m[WebServer] [22m    roles: [ [32m'HR Manager'[39m ],
[2m[WebServer] [22m    permissions: [],
[2m[WebServer] [22m    primaryDepartmentId: [32m'6751fe51d3a38a950ba40c11'[39m,
[2m[WebServer] [22m    employeeNumber: [32m'EMP-1019'[39m
[2m[WebServer] [22m  },
[2m[WebServer] [22m  info: [90mundefined[39m
[2m[WebServer] [22m}
[2m[WebServer] [22mΓ£à JwtAuthGuard SUCCESS ΓåÆ user authenticated: 6928cf79fe9ff406e6610feb
[2m[WebServer] [22m≡ƒöÑ JwtAuthGuard: canActivate CALLED
[2m[WebServer] [22m≡ƒöì JWT Extractor - All cookies: {
[2m[WebServer] [22m  accessToken: [32m'eyJhbGciOiJIUzI1NiIsInR5cCI6IkpXVCJ9.eyJzdWIiOiI2OTI4Y2Y3OWZlOWZmNDA2ZTY2MTBmZWIiLCJ3b3JrRW1haWwiOiJoci5oci5ockBleGFtcGxlLmNvbSIsInJvbGVzIjpbIkhSIE1hbmFnZXIiXSwicGVybWlzc2lvbnMiOltdLCJwcmltYXJ5RGVwYXJ0bWVudElkIjoiNjc1MWZlNTFkM2EzOGE5NTBiYTQwYzExIiwiZW1wbG95ZWVOdW1iZXIiOiJFTVAtMTAxOSIsImlhdCI6MTc2NTk4MzI1OCwiZXhwIjoxNzY2MDY5NjU4fQ.Gf7cipCiAC2ijuSQRZjiKwcfcdZkqRUGqfkk2MZPWxI'[39m
[2m[WebServer] [22m}
[2m[WebServer] [22m≡ƒöì JWT Extractor - Headers: accessToken=eyJhbGciOiJIUzI1NiIsInR5cCI6IkpXVCJ9.eyJzdWIiOiI2OTI4Y2Y3OWZlOWZmNDA2ZTY2MTBmZWIiLCJ3b3JrRW1haWwiOiJoci5oci5ockBleGFtcGxlLmNvbSIsInJvbGVzIjpbIkhSIE1hbmFnZXIiXSwicGVybWlzc2lvbnMiOltdLCJwcmltYXJ5RGVwYXJ0bWVudElkIjoiNjc1MWZlNTFkM2EzOGE5NTBiYTQwYzExIiwiZW1wbG95ZWVOdW1iZXIiOiJFTVAtMTAxOSIsImlhdCI6MTc2NTk4MzI1OCwiZXhwIjoxNzY2MDY5NjU4fQ.Gf7cipCiAC2ijuSQRZjiKwcfcdZkqRUGqfkk2MZPWxI
[2m[WebServer] [22m≡ƒöì JWT Extractor - accessToken: FOUND
[2m[WebServer] [22mJwtStrategy VALIDATE: {
[2m[WebServer] [22m  sub: [32m'6928cf79fe9ff406e6610feb'[39m,
[2m[WebServer] [22m  workEmail: [32m'hr.hr.hr@example.com'[39m,
[2m[WebServer] [22m  roles: [ [32m'HR Manager'[39m ],
[2m[WebServer] [22m  permissions: [],
[2m[WebServer] [22m  primaryDepartmentId: [32m'6751fe51d3a38a950ba40c11'[39m,
[2m[WebServer] [22m  employeeNumber: [32m'EMP-1019'[39m,
[2m[WebServer] [22m  iat: [33m1765983258[39m,
[2m[WebServer] [22m  exp: [33m1766069658[39m
[2m[WebServer] [22m}
[2m[WebServer] [22m≡ƒöÑ JwtAuthGuard: handleRequest() {
[2m[WebServer] [22m  err: [1mnull[22m,
[2m[WebServer] [22m  user: {
[2m[WebServer] [22m    id: [32m'6928cf79fe9ff406e6610feb'[39m,
[2m[WebServer] [22m    workEmail: [32m'hr.hr.hr@example.com'[39m,
[2m[WebServer] [22m    roles: [ [32m'HR Manager'[39m ],
[2m[WebServer] [22m    permissions: [],
[2m[WebServer] [22m    primaryDepartmentId: [32m'6751fe51d3a38a950ba40c11'[39m,
[2m[WebServer] [22m    employeeNumber: [32m'EMP-1019'[39m
[2m[WebServer] [22m  },
[2m[WebServer] [22m  info: [90mundefined[39m
[2m[WebServer] [22m}
[2m[WebServer] [22mΓ£à JwtAuthGuard SUCCESS ΓåÆ user authenticated: 6928cf79fe9ff406e6610feb
[2m[WebServer] [22m≡ƒöÑ RolesGuard running!
[2m[WebServer] [22m
[2m[WebServer] [22m===== ROLE GUARD =====
[2m[WebServer] [22mRequired roles: [
[2m[WebServer] [22m  [32m'department employee'[39m,
[2m[WebServer] [22m  [32m'HR Employee'[39m,
[2m[WebServer] [22m  [32m'department head'[39m,
[2m[WebServer] [22m  [32m'HR Manager'[39m,
[2m[WebServer] [22m  [32m'HR Admin'[39m,
[2m[WebServer] [22m  [32m'System Admin'[39m
[2m[WebServer] [22m]
[2m[WebServer] [22mUser object: {
[2m[WebServer] [22m  id: [32m'6928cf79fe9ff406e6610feb'[39m,
[2m[WebServer] [22m  workEmail: [32m'hr.hr.hr@example.com'[39m,
[2m[WebServer] [22m  roles: [ [32m'HR Manager'[39m ],
[2m[WebServer] [22m  permissions: [],
[2m[WebServer] [22m  primaryDepartmentId: [32m'6751fe51d3a38a950ba40c11'[39m,
[2m[WebServer] [22m  employeeNumber: [32m'EMP-1019'[39m
[2m[WebServer] [22m}
[2m[WebServer] [22mNormalized user roles: [ [32m'hr manager'[39m ]
[2m[WebServer] [22mNormalized required roles: [
[2m[WebServer] [22m  [32m'department employee'[39m,
[2m[WebServer] [22m  [32m'hr employee'[39m,
[2m[WebServer] [22m  [32m'department head'[39m,
[2m[WebServer] [22m  [32m'hr manager'[39m,
[2m[WebServer] [22m  [32m'hr admin'[39m,
[2m[WebServer] [22m  [32m'system admin'[39m
[2m[WebServer] [22m]
[2m[WebServer] [22mHas required role? [33mtrue[39m
[2m[WebServer] [22mΓ£ö ACCESS GRANTED Γ£ö
[2m[WebServer] [22m≡ƒöì [TrackingController] getMyBalances: {
[2m[WebServer] [22m  query: [Object: null prototype] {},
[2m[WebServer] [22m  userId: [32m'6928cf79fe9ff406e6610feb'[39m
[2m[WebServer] [22m}
[2m[WebServer] [22m≡ƒöÑ JwtAuthGuard: canActivate CALLED
[2m[WebServer] [22m≡ƒöì JWT Extractor - All cookies: {
[2m[WebServer] [22m  accessToken: [32m'eyJhbGciOiJIUzI1NiIsInR5cCI6IkpXVCJ9.eyJzdWIiOiI2OTI4Y2Y3OWZlOWZmNDA2ZTY2MTBmZWIiLCJ3b3JrRW1haWwiOiJoci5oci5ockBleGFtcGxlLmNvbSIsInJvbGVzIjpbIkhSIE1hbmFnZXIiXSwicGVybWlzc2lvbnMiOltdLCJwcmltYXJ5RGVwYXJ0bWVudElkIjoiNjc1MWZlNTFkM2EzOGE5NTBiYTQwYzExIiwiZW1wbG95ZWVOdW1iZXIiOiJFTVAtMTAxOSIsImlhdCI6MTc2NTk4MzI1OCwiZXhwIjoxNzY2MDY5NjU4fQ.Gf7cipCiAC2ijuSQRZjiKwcfcdZkqRUGqfkk2MZPWxI'[39m
[2m[WebServer] [22m}
[2m[WebServer] [22m≡ƒöì JWT Extractor - Headers: accessToken=eyJhbGciOiJIUzI1NiIsInR5cCI6IkpXVCJ9.eyJzdWIiOiI2OTI4Y2Y3OWZlOWZmNDA2ZTY2MTBmZWIiLCJ3b3JrRW1haWwiOiJoci5oci5ockBleGFtcGxlLmNvbSIsInJvbGVzIjpbIkhSIE1hbmFnZXIiXSwicGVybWlzc2lvbnMiOltdLCJwcmltYXJ5RGVwYXJ0bWVudElkIjoiNjc1MWZlNTFkM2EzOGE5NTBiYTQwYzExIiwiZW1wbG95ZWVOdW1iZXIiOiJFTVAtMTAxOSIsImlhdCI6MTc2NTk4MzI1OCwiZXhwIjoxNzY2MDY5NjU4fQ.Gf7cipCiAC2ijuSQRZjiKwcfcdZkqRUGqfkk2MZPWxI
[2m[WebServer] [22m≡ƒöì JWT Extractor - accessToken: FOUND
[2m[WebServer] [22mJwtStrategy VALIDATE: {
[2m[WebServer] [22m  sub: [32m'6928cf79fe9ff406e6610feb'[39m,
[2m[WebServer] [22m  workEmail: [32m'hr.hr.hr@example.com'[39m,
[2m[WebServer] [22m  roles: [ [32m'HR Manager'[39m ],
[2m[WebServer] [22m  permissions: [],
[2m[WebServer] [22m  primaryDepartmentId: [32m'6751fe51d3a38a950ba40c11'[39m,
[2m[WebServer] [22m  employeeNumber: [32m'EMP-1019'[39m,
[2m[WebServer] [22m  iat: [33m1765983258[39m,
[2m[WebServer] [22m  exp: [33m1766069658[39m
[2m[WebServer] [22m}
[2m[WebServer] [22m≡ƒöÑ JwtAuthGuard: handleRequest() {
[2m[WebServer] [22m  err: [1mnull[22m,
[2m[WebServer] [22m  user: {
[2m[WebServer] [22m    id: [32m'6928cf79fe9ff406e6610feb'[39m,
[2m[WebServer] [22m    workEmail: [32m'hr.hr.hr@example.com'[39m,
[2m[WebServer] [22m    roles: [ [32m'HR Manager'[39m ],
[2m[WebServer] [22m    permissions: [],
[2m[WebServer] [22m    primaryDepartmentId: [32m'6751fe51d3a38a950ba40c11'[39m,
[2m[WebServer] [22m    employeeNumber: [32m'EMP-1019'[39m
[2m[WebServer] [22m  },
[2m[WebServer] [22m  info: [90mundefined[39m
[2m[WebServer] [22m}
[2m[WebServer] [22mΓ£à JwtAuthGuard SUCCESS ΓåÆ user authenticated: 6928cf79fe9ff406e6610feb
[2m[WebServer] [22m≡ƒöÑ RolesGuard running!
[2m[WebServer] [22m
[2m[WebServer] [22m===== ROLE GUARD =====
[2m[WebServer] [22mRequired roles: [
[2m[WebServer] [22m  [32m'department employee'[39m,
[2m[WebServer] [22m  [32m'HR Employee'[39m,
[2m[WebServer] [22m  [32m'department head'[39m,
[2m[WebServer] [22m  [32m'HR Manager'[39m,
[2m[WebServer] [22m  [32m'HR Admin'[39m,
[2m[WebServer] [22m  [32m'System Admin'[39m
[2m[WebServer] [22m]
[2m[WebServer] [22mUser object: {
[2m[WebServer] [22m  id: [32m'6928cf79fe9ff406e6610feb'[39m,
[2m[WebServer] [22m  workEmail: [32m'hr.hr.hr@example.com'[39m,
[2m[WebServer] [22m  roles: [ [32m'HR Manager'[39m ],
[2m[WebServer] [22m  permissions: [],
[2m[WebServer] [22m  primaryDepartmentId: [32m'6751fe51d3a38a950ba40c11'[39m,
[2m[WebServer] [22m  employeeNumber: [32m'EMP-1019'[39m
[2m[WebServer] [22m}
[2m[WebServer] [22mNormalized user roles: [ [32m'hr manager'[39m ]
[2m[WebServer] [22mNormalized required roles: [
[2m[WebServer] [22m  [32m'department employee'[39m,
[2m[WebServer] [22m  [32m'hr employee'[39m,
[2m[WebServer] [22m  [32m'department head'[39m,
[2m[WebServer] [22m  [32m'hr manager'[39m,
[2m[WebServer] [22m  [32m'hr admin'[39m,
[2m[WebServer] [22m  [32m'system admin'[39m
[2m[WebServer] [22m]
[2m[WebServer] [22mHas required role? [33mtrue[39m
[2m[WebServer] [22mΓ£ö ACCESS GRANTED Γ£ö
[2m[WebServer] [22m≡ƒöì [TrackingController] getMyHistory: {
[2m[WebServer] [22m  filters: [Object: null prototype] {},
[2m[WebServer] [22m  userId: [32m'6928cf79fe9ff406e6610feb'[39m
[2m[WebServer] [22m}
Γ£à Trend analysis accessible - REQ-039 validated
  Γ£ô  47 [chromium] ΓÇ║ leave-tests.spec.ts:675:7 ΓÇ║ ≡ƒæö HR MANAGER (EMP-1019) - System-Wide Management ΓÇ║ Γ£à P3: Trend analysis (REQ-039) (9.1s)
≡ƒöÉ Logging in as: hr.hr.hr@example.com
[2m[WebServer] [22m GET /login [32m200[39m in 36ms[2m (compile: 2ms, render: 34ms)[22m
[2m[WebServer] [22m≡ƒöÑ JwtAuthGuard: canActivate CALLED
[2m[WebServer] [22m≡ƒöì JWT Extractor - All cookies: [Object: null prototype] {}
[2m[WebServer] [22m≡ƒöì JWT Extractor - Headers: [90mundefined[39m
[2m[WebServer] [22m≡ƒöì JWT Extractor - accessToken: NOT FOUND
[2m[WebServer] [22m≡ƒöÑ JwtAuthGuard: handleRequest() {
[2m[WebServer] [22m  err: [1mnull[22m,
[2m[WebServer] [22m  user: [33mfalse[39m,
[2m[WebServer] [22m  info: Error: No auth token
[2m[WebServer] [22m      at JwtStrategy.authenticate [90m(C:\Users\Bedon\Desktop\semester-5-software-project\backend\[39mnode_modules\[4mpassport-jwt[24m\lib\strategy.js:96:26[90m)[39m
[2m[WebServer] [22m      at attempt [90m(C:\Users\Bedon\Desktop\semester-5-software-project\backend\[39mnode_modules\[4mpassport[24m\lib\middleware\authenticate.js:378:16[90m)[39m
[2m[WebServer] [22m      at authenticate [90m(C:\Users\Bedon\Desktop\semester-5-software-project\backend\[39mnode_modules\[4mpassport[24m\lib\middleware\authenticate.js:379:7[90m)[39m
[2m[WebServer] [22m      at [90mC:\Users\Bedon\Desktop\semester-5-software-project\backend\[39mnode_modules\[4m@nestjs[24m\passport\dist\auth.guard.js:88:3
[2m[WebServer] [22m      at new Promise (<anonymous>)
[2m[WebServer] [22m      at [90mC:\Users\Bedon\Desktop\semester-5-software-project\backend\[39mnode_modules\[4m@nestjs[24m\passport\dist\auth.guard.js:80:83
[2m[WebServer] [22m      at JwtAuthGuard.canActivate [90m(C:\Users\Bedon\Desktop\semester-5-software-project\backend\[39mnode_modules\[4m@nestjs[24m\passport\dist\auth.guard.js:44:32[90m)[39m
[2m[WebServer] [22m  [90m    at process.processTicksAndRejections (node:internal/process/task_queues:105:5)[39m
[2m[WebServer] [22m}
[2m[WebServer] [22mΓ¥î JwtAuthGuard INFO: Error: No auth token
[2m[WebServer] [22m    at JwtStrategy.authenticate 
[90m(C:\Users\Bedon\Desktop\semester-5-software-project\backend\[39mnode_modules\[4mpassport-jwt[24m\lib\strategy.js:96:26[90m)[39m
[2m[WebServer] [22m    at attempt [90m(C:\Users\Bedon\Desktop\semester-5-software-project\backend\[39mnode_modules\[4mpassport[24m\lib\mi
ddleware\authenticate.js:378:16[90m)[39m
[2m[WebServer] [22m    at authenticate [90m(C:\Users\Bedon\Desktop\semester-5-software-project\backend\[39mnode_modules\[4mpassport[24m\l
ib\middleware\authenticate.js:379:7[90m)[39m
[2m[WebServer] [22m    at 
[90mC:\Users\Bedon\Desktop\semester-5-software-project\backend\[39mnode_modules\[4m@nestjs[24m\passport\dist\auth.guard.js:88:3
[2m[WebServer] [22mΓ¥î JwtAuthGuard FAILING ΓåÆ No auth token
[2m[WebServer] [22m    at new Promise (<anonymous>)
[2m[WebServer] [22m    at 
[90mC:\Users\Bedon\Desktop\semester-5-software-project\backend\[39mnode_modules\[4m@nestjs[24m\passport\dist\auth.guard.js:80:83
[2m[WebServer] [22m    at JwtAuthGuard.canActivate [90m(C:\Users\Bedon\Desktop\semester-5-software-project\backend\[39mnode_modules\[4m@ne
stjs[24m\passport\dist\auth.guard.js:44:32[90m)[39m
[2m[WebServer] [22m[90m    at process.processTicksAndRejections (node:internal/process/task_queues:105:5)[39m
[2m[WebServer] [22mVALIDATE EMPLOYEE - systemRole = {
[2m[WebServer] [22m  _id: new ObjectId([32m'6928cf79fe9ff406e6610fed'[39m),
[2m[WebServer] [22m  employeeProfileId: new ObjectId([32m'6928cf79fe9ff406e6610feb'[39m),
[2m[WebServer] [22m  roles: [ [32m'HR Manager'[39m ],
[2m[WebServer] [22m  permissions: [],
[2m[WebServer] [22m  isActive: [33mtrue[39m,
[2m[WebServer] [22m  createdAt: [35m2025-11-27T22:23:53.913Z[39m,
[2m[WebServer] [22m  updatedAt: [35m2025-11-27T22:23:53.913Z[39m,
[2m[WebServer] [22m  __v: [33m0[39m
[2m[WebServer] [22m}
[2m[WebServer] [22mGenerated token: eyJhbGciOiJIUzI1NiIsInR5cCI6IkpXVCJ9.eyJzdWIiOiI2OTI4Y2Y3OWZlOWZmNDA2ZTY2MTBmZWIiLCJ3b3JrRW1haWwiOiJoci5oci5ockBleGFtcGxlLmNvbSIsInJvbGVzIjpbIkhSIE1hbmFnZXIiXSwicGVybWlzc2lvbnMiOltdLCJwcmltYXJ5RGVwYXJ0bWVudElkIjoiNjc1MWZlNTFkM2EzOGE5NTBiYTQwYzExIiwiZW1wbG95ZWVOdW1iZXIiOiJFTVAtMTAxOSIsImlhdCI6MTc2NTk4MzI2NywiZXhwIjoxNzY2MDY5NjY3fQ.TBmDDOHVyGN_7loGfyZJjuKZht1RSoMK7aVqePynTUU
[2m[WebServer] [22m GET /leaves [32m200[39m in 17ms[2m (compile: 3ms, render: 14ms)[22m
[2m[WebServer] [22m≡ƒöÑ JwtAuthGuard: canActivate CALLED
[2m[WebServer] [22m≡ƒöì JWT Extractor - All cookies: {
[2m[WebServer] [22m  accessToken: [32m'eyJhbGciOiJIUzI1NiIsInR5cCI6IkpXVCJ9.eyJzdWIiOiI2OTI4Y2Y3OWZlOWZmNDA2ZTY2MTBmZWIiLCJ3b3JrRW1haWwiOiJoci5oci5ockBleGFtcGxlLmNvbSIsInJvbGVzIjpbIkhSIE1hbmFnZXIiXSwicGVybWlzc2lvbnMiOltdLCJwcmltYXJ5RGVwYXJ0bWVudElkIjoiNjc1MWZlNTFkM2EzOGE5NTBiYTQwYzExIiwiZW1wbG95ZWVOdW1iZXIiOiJFTVAtMTAxOSIsImlhdCI6MTc2NTk4MzI2NywiZXhwIjoxNzY2MDY5NjY3fQ.TBmDDOHVyGN_7loGfyZJjuKZht1RSoMK7aVqePynTUU'[39m
[2m[WebServer] [22m}
[2m[WebServer] [22m≡ƒöì JWT Extractor - Headers: accessToken=eyJhbGciOiJIUzI1NiIsInR5cCI6IkpXVCJ9.eyJzdWIiOiI2OTI4Y2Y3OWZlOWZmNDA2ZTY2MTBmZWIiLCJ3b3JrRW1haWwiOiJoci5oci5ockBleGFtcGxlLmNvbSIsInJvbGVzIjpbIkhSIE1hbmFnZXIiXSwicGVybWlzc2lvbnMiOltdLCJwcmltYXJ5RGVwYXJ0bWVudElkIjoiNjc1MWZlNTFkM2EzOGE5NTBiYTQwYzExIiwiZW1wbG95ZWVOdW1iZXIiOiJFTVAtMTAxOSIsImlhdCI6MTc2NTk4MzI2NywiZXhwIjoxNzY2MDY5NjY3fQ.TBmDDOHVyGN_7loGfyZJjuKZht1RSoMK7aVqePynTUU
[2m[WebServer] [22m≡ƒöì JWT Extractor - accessToken: FOUND
[2m[WebServer] [22mJwtStrategy VALIDATE: {
[2m[WebServer] [22m  sub: [32m'6928cf79fe9ff406e6610feb'[39m,
[2m[WebServer] [22m  workEmail: [32m'hr.hr.hr@example.com'[39m,
[2m[WebServer] [22m  roles: [ [32m'HR Manager'[39m ],
[2m[WebServer] [22m  permissions: [],
[2m[WebServer] [22m  primaryDepartmentId: [32m'6751fe51d3a38a950ba40c11'[39m,
[2m[WebServer] [22m  employeeNumber: [32m'EMP-1019'[39m,
[2m[WebServer] [22m  iat: [33m1765983267[39m,
[2m[WebServer] [22m  exp: [33m1766069667[39m
[2m[WebServer] [22m}
[2m[WebServer] [22m≡ƒöÑ JwtAuthGuard: handleRequest() {
[2m[WebServer] [22m  err: [1mnull[22m,
[2m[WebServer] [22m  user: {
[2m[WebServer] [22m    id: [32m'6928cf79fe9ff406e6610feb'[39m,
[2m[WebServer] [22m    workEmail: [32m'hr.hr.hr@example.com'[39m,
[2m[WebServer] [22m    roles: [ [32m'HR Manager'[39m ],
[2m[WebServer] [22m    permissions: [],
[2m[WebServer] [22m    primaryDepartmentId: [32m'6751fe51d3a38a950ba40c11'[39m,
[2m[WebServer] [22m    employeeNumber: [32m'EMP-1019'[39m
[2m[WebServer] [22m  },
[2m[WebServer] [22m  info: [90mundefined[39m
[2m[WebServer] [22m}
[2m[WebServer] [22mΓ£à JwtAuthGuard SUCCESS ΓåÆ user authenticated: 6928cf79fe9ff406e6610feb
[2m[WebServer] [22m≡ƒöÑ RolesGuard running!
[2m[WebServer] [22m
[2m[WebServer] [22m===== ROLE GUARD =====
[2m[WebServer] [22mRequired roles: [
[2m[WebServer] [22m  [32m'department employee'[39m,
[2m[WebServer] [22m  [32m'HR Employee'[39m,
[2m[WebServer] [22m  [32m'department head'[39m,
[2m[WebServer] [22m  [32m'HR Manager'[39m,
[2m[WebServer] [22m  [32m'HR Admin'[39m,
[2m[WebServer] [22m  [32m'System Admin'[39m
[2m[WebServer] [22m]
[2m[WebServer] [22mUser object: {
[2m[WebServer] [22m  id: [32m'6928cf79fe9ff406e6610feb'[39m,
[2m[WebServer] [22m  workEmail: [32m'hr.hr.hr@example.com'[39m,
[2m[WebServer] [22m  roles: [ [32m'HR Manager'[39m ],
[2m[WebServer] [22m  permissions: [],
[2m[WebServer] [22m  primaryDepartmentId: [32m'6751fe51d3a38a950ba40c11'[39m,
[2m[WebServer] [22m  employeeNumber: [32m'EMP-1019'[39m
[2m[WebServer] [22m}
[2m[WebServer] [22mNormalized user roles: [ [32m'hr manager'[39m ]
[2m[WebServer] [22mNormalized required roles: [
[2m[WebServer] [22m  [32m'department employee'[39m,
[2m[WebServer] [22m  [32m'hr employee'[39m,
[2m[WebServer] [22m  [32m'department head'[39m,
[2m[WebServer] [22m  [32m'hr manager'[39m,
[2m[WebServer] [22m  [32m'hr admin'[39m,
[2m[WebServer] [22m  [32m'system admin'[39m
[2m[WebServer] [22m]
[2m[WebServer] [22mHas required role? [33mtrue[39m
[2m[WebServer] [22mΓ£ö ACCESS GRANTED Γ£ö
[2m[WebServer] [22m≡ƒöì [TrackingController] getMyBalances: {
[2m[WebServer] [22m  query: [Object: null prototype] {},
[2m[WebServer] [22m  userId: [32m'6928cf79fe9ff406e6610feb'[39m
[2m[WebServer] [22m}
[2m[WebServer] [22m≡ƒöÑ JwtAuthGuard: canActivate CALLED
[2m[WebServer] [22m≡ƒöì JWT Extractor - All cookies: {
[2m[WebServer] [22m  accessToken: [32m'eyJhbGciOiJIUzI1NiIsInR5cCI6IkpXVCJ9.eyJzdWIiOiI2OTI4Y2Y3OWZlOWZmNDA2ZTY2MTBmZWIiLCJ3b3JrRW1haWwiOiJoci5oci5ockBleGFtcGxlLmNvbSIsInJvbGVzIjpbIkhSIE1hbmFnZXIiXSwicGVybWlzc2lvbnMiOltdLCJwcmltYXJ5RGVwYXJ0bWVudElkIjoiNjc1MWZlNTFkM2EzOGE5NTBiYTQwYzExIiwiZW1wbG95ZWVOdW1iZXIiOiJFTVAtMTAxOSIsImlhdCI6MTc2NTk4MzI2NywiZXhwIjoxNzY2MDY5NjY3fQ.TBmDDOHVyGN_7loGfyZJjuKZht1RSoMK7aVqePynTUU'[39m
[2m[WebServer] [22m}
[2m[WebServer] [22m≡ƒöì JWT Extractor - Headers: accessToken=eyJhbGciOiJIUzI1NiIsInR5cCI6IkpXVCJ9.eyJzdWIiOiI2OTI4Y2Y3OWZlOWZmNDA2ZTY2MTBmZWIiLCJ3b3JrRW1haWwiOiJoci5oci5ockBleGFtcGxlLmNvbSIsInJvbGVzIjpbIkhSIE1hbmFnZXIiXSwicGVybWlzc2lvbnMiOltdLCJwcmltYXJ5RGVwYXJ0bWVudElkIjoiNjc1MWZlNTFkM2EzOGE5NTBiYTQwYzExIiwiZW1wbG95ZWVOdW1iZXIiOiJFTVAtMTAxOSIsImlhdCI6MTc2NTk4MzI2NywiZXhwIjoxNzY2MDY5NjY3fQ.TBmDDOHVyGN_7loGfyZJjuKZht1RSoMK7aVqePynTUU
[2m[WebServer] [22m≡ƒöì JWT Extractor - accessToken: FOUND
[2m[WebServer] [22mJwtStrategy VALIDATE: {
[2m[WebServer] [22m  sub: [32m'6928cf79fe9ff406e6610feb'[39m,
[2m[WebServer] [22m  workEmail: [32m'hr.hr.hr@example.com'[39m,
[2m[WebServer] [22m  roles: [ [32m'HR Manager'[39m ],
[2m[WebServer] [22m  permissions: [],
[2m[WebServer] [22m  primaryDepartmentId: [32m'6751fe51d3a38a950ba40c11'[39m,
[2m[WebServer] [22m  employeeNumber: [32m'EMP-1019'[39m,
[2m[WebServer] [22m  iat: [33m1765983267[39m,
[2m[WebServer] [22m  exp: [33m1766069667[39m
[2m[WebServer] [22m}
[2m[WebServer] [22m≡ƒöÑ JwtAuthGuard: handleRequest() {
[2m[WebServer] [22m  err: [1mnull[22m,
[2m[WebServer] [22m  user: {
[2m[WebServer] [22m    id: [32m'6928cf79fe9ff406e6610feb'[39m,
[2m[WebServer] [22m    workEmail: [32m'hr.hr.hr@example.com'[39m,
[2m[WebServer] [22m    roles: [ [32m'HR Manager'[39m ],
[2m[WebServer] [22m    permissions: [],
[2m[WebServer] [22m    primaryDepartmentId: [32m'6751fe51d3a38a950ba40c11'[39m,
[2m[WebServer] [22m    employeeNumber: [32m'EMP-1019'[39m
[2m[WebServer] [22m  },
[2m[WebServer] [22m  info: [90mundefined[39m
[2m[WebServer] [22m}
[2m[WebServer] [22mΓ£à JwtAuthGuard SUCCESS ΓåÆ user authenticated: 6928cf79fe9ff406e6610feb
[2m[WebServer] [22m≡ƒöÑ RolesGuard running!
[2m[WebServer] [22m
[2m[WebServer] [22m===== ROLE GUARD =====
[2m[WebServer] [22mRequired roles: [
[2m[WebServer] [22m  [32m'department employee'[39m,
[2m[WebServer] [22m  [32m'HR Employee'[39m,
[2m[WebServer] [22m  [32m'department head'[39m,
[2m[WebServer] [22m  [32m'HR Manager'[39m,
[2m[WebServer] [22m  [32m'HR Admin'[39m,
[2m[WebServer] [22m  [32m'System Admin'[39m
[2m[WebServer] [22m]
[2m[WebServer] [22mUser object: {
[2m[WebServer] [22m  id: [32m'6928cf79fe9ff406e6610feb'[39m,
[2m[WebServer] [22m  workEmail: [32m'hr.hr.hr@example.com'[39m,
[2m[WebServer] [22m  roles: [ [32m'HR Manager'[39m ],
[2m[WebServer] [22m  permissions: [],
[2m[WebServer] [22m  primaryDepartmentId: [32m'6751fe51d3a38a950ba40c11'[39m,
[2m[WebServer] [22m  employeeNumber: [32m'EMP-1019'[39m
[2m[WebServer] [22m}
[2m[WebServer] [22mNormalized user roles: [ [32m'hr manager'[39m ]
[2m[WebServer] [22mNormalized required roles: [
[2m[WebServer] [22m  [32m'department employee'[39m,
[2m[WebServer] [22m  [32m'hr employee'[39m,
[2m[WebServer] [22m  [32m'department head'[39m,
[2m[WebServer] [22m  [32m'hr manager'[39m,
[2m[WebServer] [22m  [32m'hr admin'[39m,
[2m[WebServer] [22m  [32m'system admin'[39m
[2m[WebServer] [22m]
[2m[WebServer] [22mHas required role? [33mtrue[39m
[2m[WebServer] [22mΓ£ö ACCESS GRANTED Γ£ö
[2m[WebServer] [22m≡ƒöì [TrackingController] getMyHistory: {
[2m[WebServer] [22m  filters: [Object: null prototype] {},
[2m[WebServer] [22m  userId: [32m'6928cf79fe9ff406e6610feb'[39m
[2m[WebServer] [22m}
Γ£à Login successful
≡ƒôÑ Testing: REQ-040 (Export reports)
[2m[WebServer] [22m GET /leaves [32m200[39m in 53ms[2m (compile: 3ms, render: 50ms)[22m
[2m[WebServer] [22m≡ƒöÑ JwtAuthGuard: canActivate CALLED
[2m[WebServer] [22m≡ƒöì JWT Extractor - All cookies: {
[2m[WebServer] [22m  accessToken: [32m'eyJhbGciOiJIUzI1NiIsInR5cCI6IkpXVCJ9.eyJzdWIiOiI2OTI4Y2Y3OWZlOWZmNDA2ZTY2MTBmZWIiLCJ3b3JrRW1haWwiOiJoci5oci5ockBleGFtcGxlLmNvbSIsInJvbGVzIjpbIkhSIE1hbmFnZXIiXSwicGVybWlzc2lvbnMiOltdLCJwcmltYXJ5RGVwYXJ0bWVudElkIjoiNjc1MWZlNTFkM2EzOGE5NTBiYTQwYzExIiwiZW1wbG95ZWVOdW1iZXIiOiJFTVAtMTAxOSIsImlhdCI6MTc2NTk4MzI2NywiZXhwIjoxNzY2MDY5NjY3fQ.TBmDDOHVyGN_7loGfyZJjuKZht1RSoMK7aVqePynTUU'[39m
[2m[WebServer] [22m}
[2m[WebServer] [22m≡ƒöì JWT Extractor - Headers: accessToken=eyJhbGciOiJIUzI1NiIsInR5cCI6IkpXVCJ9.eyJzdWIiOiI2OTI4Y2Y3OWZlOWZmNDA2ZTY2MTBmZWIiLCJ3b3JrRW1haWwiOiJoci5oci5ockBleGFtcGxlLmNvbSIsInJvbGVzIjpbIkhSIE1hbmFnZXIiXSwicGVybWlzc2lvbnMiOltdLCJwcmltYXJ5RGVwYXJ0bWVudElkIjoiNjc1MWZlNTFkM2EzOGE5NTBiYTQwYzExIiwiZW1wbG95ZWVOdW1iZXIiOiJFTVAtMTAxOSIsImlhdCI6MTc2NTk4MzI2NywiZXhwIjoxNzY2MDY5NjY3fQ.TBmDDOHVyGN_7loGfyZJjuKZht1RSoMK7aVqePynTUU
[2m[WebServer] [22m≡ƒöì JWT Extractor - accessToken: FOUND
[2m[WebServer] [22mJwtStrategy VALIDATE: {
[2m[WebServer] [22m  sub: [32m'6928cf79fe9ff406e6610feb'[39m,
[2m[WebServer] [22m  workEmail: [32m'hr.hr.hr@example.com'[39m,
[2m[WebServer] [22m  roles: [ [32m'HR Manager'[39m ],
[2m[WebServer] [22m  permissions: [],
[2m[WebServer] [22m  primaryDepartmentId: [32m'6751fe51d3a38a950ba40c11'[39m,
[2m[WebServer] [22m  employeeNumber: [32m'EMP-1019'[39m,
[2m[WebServer] [22m  iat: [33m1765983267[39m,
[2m[WebServer] [22m  exp: [33m1766069667[39m
[2m[WebServer] [22m}
[2m[WebServer] [22m≡ƒöÑ JwtAuthGuard: handleRequest() {
[2m[WebServer] [22m  err: [1mnull[22m,
[2m[WebServer] [22m  user: {
[2m[WebServer] [22m    id: [32m'6928cf79fe9ff406e6610feb'[39m,
[2m[WebServer] [22m    workEmail: [32m'hr.hr.hr@example.com'[39m,
[2m[WebServer] [22m    roles: [ [32m'HR Manager'[39m ],
[2m[WebServer] [22m    permissions: [],
[2m[WebServer] [22m    primaryDepartmentId: [32m'6751fe51d3a38a950ba40c11'[39m,
[2m[WebServer] [22m    employeeNumber: [32m'EMP-1019'[39m
[2m[WebServer] [22m  },
[2m[WebServer] [22m  info: [90mundefined[39m
[2m[WebServer] [22m}
[2m[WebServer] [22mΓ£à JwtAuthGuard SUCCESS ΓåÆ user authenticated: 6928cf79fe9ff406e6610feb
[2m[WebServer] [22m≡ƒöÑ JwtAuthGuard: canActivate CALLED
[2m[WebServer] [22m≡ƒöì JWT Extractor - All cookies: {
[2m[WebServer] [22m  accessToken: [32m'eyJhbGciOiJIUzI1NiIsInR5cCI6IkpXVCJ9.eyJzdWIiOiI2OTI4Y2Y3OWZlOWZmNDA2ZTY2MTBmZWIiLCJ3b3JrRW1haWwiOiJoci5oci5ockBleGFtcGxlLmNvbSIsInJvbGVzIjpbIkhSIE1hbmFnZXIiXSwicGVybWlzc2lvbnMiOltdLCJwcmltYXJ5RGVwYXJ0bWVudElkIjoiNjc1MWZlNTFkM2EzOGE5NTBiYTQwYzExIiwiZW1wbG95ZWVOdW1iZXIiOiJFTVAtMTAxOSIsImlhdCI6MTc2NTk4MzI2NywiZXhwIjoxNzY2MDY5NjY3fQ.TBmDDOHVyGN_7loGfyZJjuKZht1RSoMK7aVqePynTUU'[39m
[2m[WebServer] [22m}
[2m[WebServer] [22m≡ƒöì JWT Extractor - Headers: accessToken=eyJhbGciOiJIUzI1NiIsInR5cCI6IkpXVCJ9.eyJzdWIiOiI2OTI4Y2Y3OWZlOWZmNDA2ZTY2MTBmZWIiLCJ3b3JrRW1haWwiOiJoci5oci5ockBleGFtcGxlLmNvbSIsInJvbGVzIjpbIkhSIE1hbmFnZXIiXSwicGVybWlzc2lvbnMiOltdLCJwcmltYXJ5RGVwYXJ0bWVudElkIjoiNjc1MWZlNTFkM2EzOGE5NTBiYTQwYzExIiwiZW1wbG95ZWVOdW1iZXIiOiJFTVAtMTAxOSIsImlhdCI6MTc2NTk4MzI2NywiZXhwIjoxNzY2MDY5NjY3fQ.TBmDDOHVyGN_7loGfyZJjuKZht1RSoMK7aVqePynTUU
[2m[WebServer] [22m≡ƒöì JWT Extractor - accessToken: FOUND
[2m[WebServer] [22mJwtStrategy VALIDATE: {
[2m[WebServer] [22m  sub: [32m'6928cf79fe9ff406e6610feb'[39m,
[2m[WebServer] [22m  workEmail: [32m'hr.hr.hr@example.com'[39m,
[2m[WebServer] [22m  roles: [ [32m'HR Manager'[39m ],
[2m[WebServer] [22m  permissions: [],
[2m[WebServer] [22m  primaryDepartmentId: [32m'6751fe51d3a38a950ba40c11'[39m,
[2m[WebServer] [22m  employeeNumber: [32m'EMP-1019'[39m,
[2m[WebServer] [22m  iat: [33m1765983267[39m,
[2m[WebServer] [22m  exp: [33m1766069667[39m
[2m[WebServer] [22m}
[2m[WebServer] [22m≡ƒöÑ JwtAuthGuard: handleRequest() {
[2m[WebServer] [22m  err: [1mnull[22m,
[2m[WebServer] [22m  user: {
[2m[WebServer] [22m    id: [32m'6928cf79fe9ff406e6610feb'[39m,
[2m[WebServer] [22m    workEmail: [32m'hr.hr.hr@example.com'[39m,
[2m[WebServer] [22m    roles: [ [32m'HR Manager'[39m ],
[2m[WebServer] [22m    permissions: [],
[2m[WebServer] [22m    primaryDepartmentId: [32m'6751fe51d3a38a950ba40c11'[39m,
[2m[WebServer] [22m    employeeNumber: [32m'EMP-1019'[39m
[2m[WebServer] [22m  },
[2m[WebServer] [22m  info: [90mundefined[39m
[2m[WebServer] [22m}
[2m[WebServer] [22mΓ£à JwtAuthGuard SUCCESS ΓåÆ user authenticated: 6928cf79fe9ff406e6610feb
[2m[WebServer] [22m≡ƒöÑ RolesGuard running!
[2m[WebServer] [22m
[2m[WebServer] [22m===== ROLE GUARD =====
[2m[WebServer] [22mRequired roles: [
[2m[WebServer] [22m  [32m'department employee'[39m,
[2m[WebServer] [22m  [32m'HR Employee'[39m,
[2m[WebServer] [22m  [32m'department head'[39m,
[2m[WebServer] [22m  [32m'HR Manager'[39m,
[2m[WebServer] [22m  [32m'HR Admin'[39m,
[2m[WebServer] [22m  [32m'System Admin'[39m
[2m[WebServer] [22m]
[2m[WebServer] [22mUser object: {
[2m[WebServer] [22m  id: [32m'6928cf79fe9ff406e6610feb'[39m,
[2m[WebServer] [22m  workEmail: [32m'hr.hr.hr@example.com'[39m,
[2m[WebServer] [22m  roles: [ [32m'HR Manager'[39m ],
[2m[WebServer] [22m  permissions: [],
[2m[WebServer] [22m  primaryDepartmentId: [32m'6751fe51d3a38a950ba40c11'[39m,
[2m[WebServer] [22m  employeeNumber: [32m'EMP-1019'[39m
[2m[WebServer] [22m}
[2m[WebServer] [22mNormalized user roles: [ [32m'hr manager'[39m ]
[2m[WebServer] [22mNormalized required roles: [
[2m[WebServer] [22m  [32m'department employee'[39m,
[2m[WebServer] [22m  [32m'hr employee'[39m,
[2m[WebServer] [22m  [32m'department head'[39m,
[2m[WebServer] [22m  [32m'hr manager'[39m,
[2m[WebServer] [22m  [32m'hr admin'[39m,
[2m[WebServer] [22m  [32m'system admin'[39m
[2m[WebServer] [22m]
[2m[WebServer] [22mHas required role? [33mtrue[39m
[2m[WebServer] [22mΓ£ö ACCESS GRANTED Γ£ö
[2m[WebServer] [22m≡ƒöì [TrackingController] getMyBalances: {
[2m[WebServer] [22m  query: [Object: null prototype] {},
[2m[WebServer] [22m  userId: [32m'6928cf79fe9ff406e6610feb'[39m
[2m[WebServer] [22m}
[2m[WebServer] [22m≡ƒöÑ JwtAuthGuard: canActivate CALLED
[2m[WebServer] [22m≡ƒöì JWT Extractor - All cookies: {
[2m[WebServer] [22m  accessToken: [32m'eyJhbGciOiJIUzI1NiIsInR5cCI6IkpXVCJ9.eyJzdWIiOiI2OTI4Y2Y3OWZlOWZmNDA2ZTY2MTBmZWIiLCJ3b3JrRW1haWwiOiJoci5oci5ockBleGFtcGxlLmNvbSIsInJvbGVzIjpbIkhSIE1hbmFnZXIiXSwicGVybWlzc2lvbnMiOltdLCJwcmltYXJ5RGVwYXJ0bWVudElkIjoiNjc1MWZlNTFkM2EzOGE5NTBiYTQwYzExIiwiZW1wbG95ZWVOdW1iZXIiOiJFTVAtMTAxOSIsImlhdCI6MTc2NTk4MzI2NywiZXhwIjoxNzY2MDY5NjY3fQ.TBmDDOHVyGN_7loGfyZJjuKZht1RSoMK7aVqePynTUU'[39m
[2m[WebServer] [22m}
[2m[WebServer] [22m≡ƒöì JWT Extractor - Headers: accessToken=eyJhbGciOiJIUzI1NiIsInR5cCI6IkpXVCJ9.eyJzdWIiOiI2OTI4Y2Y3OWZlOWZmNDA2ZTY2MTBmZWIiLCJ3b3JrRW1haWwiOiJoci5oci5ockBleGFtcGxlLmNvbSIsInJvbGVzIjpbIkhSIE1hbmFnZXIiXSwicGVybWlzc2lvbnMiOltdLCJwcmltYXJ5RGVwYXJ0bWVudElkIjoiNjc1MWZlNTFkM2EzOGE5NTBiYTQwYzExIiwiZW1wbG95ZWVOdW1iZXIiOiJFTVAtMTAxOSIsImlhdCI6MTc2NTk4MzI2NywiZXhwIjoxNzY2MDY5NjY3fQ.TBmDDOHVyGN_7loGfyZJjuKZht1RSoMK7aVqePynTUU
[2m[WebServer] [22m≡ƒöì JWT Extractor - accessToken: FOUND
[2m[WebServer] [22mJwtStrategy VALIDATE: {
[2m[WebServer] [22m  sub: [32m'6928cf79fe9ff406e6610feb'[39m,
[2m[WebServer] [22m  workEmail: [32m'hr.hr.hr@example.com'[39m,
[2m[WebServer] [22m  roles: [ [32m'HR Manager'[39m ],
[2m[WebServer] [22m  permissions: [],
[2m[WebServer] [22m  primaryDepartmentId: [32m'6751fe51d3a38a950ba40c11'[39m,
[2m[WebServer] [22m  employeeNumber: [32m'EMP-1019'[39m,
[2m[WebServer] [22m  iat: [33m1765983267[39m,
[2m[WebServer] [22m  exp: [33m1766069667[39m
[2m[WebServer] [22m}
[2m[WebServer] [22m≡ƒöÑ JwtAuthGuard: handleRequest() {
[2m[WebServer] [22m  err: [1mnull[22m,
[2m[WebServer] [22m  user: {
[2m[WebServer] [22m    id: [32m'6928cf79fe9ff406e6610feb'[39m,
[2m[WebServer] [22m    workEmail: [32m'hr.hr.hr@example.com'[39m,
[2m[WebServer] [22m    roles: [ [32m'HR Manager'[39m ],
[2m[WebServer] [22m    permissions: [],
[2m[WebServer] [22m    primaryDepartmentId: [32m'6751fe51d3a38a950ba40c11'[39m,
[2m[WebServer] [22m    employeeNumber: [32m'EMP-1019'[39m
[2m[WebServer] [22m  },
[2m[WebServer] [22m  info: [90mundefined[39m
[2m[WebServer] [22m}
[2m[WebServer] [22mΓ£à JwtAuthGuard SUCCESS ΓåÆ user authenticated: 6928cf79fe9ff406e6610feb
[2m[WebServer] [22m≡ƒöÑ RolesGuard running!
[2m[WebServer] [22m
[2m[WebServer] [22m===== ROLE GUARD =====
[2m[WebServer] [22mRequired roles: [
[2m[WebServer] [22m  [32m'department employee'[39m,
[2m[WebServer] [22m  [32m'HR Employee'[39m,
[2m[WebServer] [22m  [32m'department head'[39m,
[2m[WebServer] [22m  [32m'HR Manager'[39m,
[2m[WebServer] [22m  [32m'HR Admin'[39m,
[2m[WebServer] [22m  [32m'System Admin'[39m
[2m[WebServer] [22m]
[2m[WebServer] [22mUser object: {
[2m[WebServer] [22m  id: [32m'6928cf79fe9ff406e6610feb'[39m,
[2m[WebServer] [22m  workEmail: [32m'hr.hr.hr@example.com'[39m,
[2m[WebServer] [22m  roles: [ [32m'HR Manager'[39m ],
[2m[WebServer] [22m  permissions: [],
[2m[WebServer] [22m  primaryDepartmentId: [32m'6751fe51d3a38a950ba40c11'[39m,
[2m[WebServer] [22m  employeeNumber: [32m'EMP-1019'[39m
[2m[WebServer] [22m}
[2m[WebServer] [22mNormalized user roles: [ [32m'hr manager'[39m ]
[2m[WebServer] [22mNormalized required roles: [
[2m[WebServer] [22m  [32m'department employee'[39m,
[2m[WebServer] [22m  [32m'hr employee'[39m,
[2m[WebServer] [22m  [32m'department head'[39m,
[2m[WebServer] [22m  [32m'hr manager'[39m,
[2m[WebServer] [22m  [32m'hr admin'[39m,
[2m[WebServer] [22m  [32m'system admin'[39m
[2m[WebServer] [22m]
[2m[WebServer] [22mHas required role? [33mtrue[39m
[2m[WebServer] [22mΓ£ö ACCESS GRANTED Γ£ö
[2m[WebServer] [22m≡ƒöì [TrackingController] getMyHistory: {
[2m[WebServer] [22m  filters: [Object: null prototype] {},
[2m[WebServer] [22m  userId: [32m'6928cf79fe9ff406e6610feb'[39m
[2m[WebServer] [22m}
Γ£à Report export accessible - REQ-040 validated
  Γ£ô  48 [chromium] ΓÇ║ leave-tests.spec.ts:685:7 ΓÇ║ ≡ƒæö HR MANAGER (EMP-1019) - System-Wide Management ΓÇ║ Γ£à P4: Export reports (REQ-040) (9.1s)
≡ƒöÉ Logging in as: hr.hr.hr@example.com
[2m[WebServer] [22m GET /login [32m200[39m in 51ms[2m (compile: 2ms, render: 49ms)[22m
[2m[WebServer] [22m≡ƒöÑ JwtAuthGuard: canActivate CALLED
[2m[WebServer] [22m≡ƒöì JWT Extractor - All cookies: [Object: null prototype] {}
[2m[WebServer] [22m≡ƒöì JWT Extractor - Headers: [90mundefined[39m
[2m[WebServer] [22m≡ƒöì JWT Extractor - accessToken: NOT FOUND
[2m[WebServer] [22m≡ƒöÑ JwtAuthGuard: handleRequest() {
[2m[WebServer] [22m  err: [1mnull[22m,
[2m[WebServer] [22m  user: [33mfalse[39m,
[2m[WebServer] [22m  info: Error: No auth token
[2m[WebServer] [22m      at JwtStrategy.authenticate [90m(C:\Users\Bedon\Desktop\semester-5-software-project\backend\[39mnode_modules\[4mpassport-jwt[24m\lib\strategy.js:96:26[90m)[39m
[2m[WebServer] [22m      at attempt [90m(C:\Users\Bedon\Desktop\semester-5-software-project\backend\[39mnode_modules\[4mpassport[24m\lib\middleware\authenticate.js:378:16[90m)[39m
[2m[WebServer] [22m      at authenticate [90m(C:\Users\Bedon\Desktop\semester-5-software-project\backend\[39mnode_modules\[4mpassport[24m\lib\middleware\authenticate.js:379:7[90m)[39m
[2m[WebServer] [22m      at [90mC:\Users\Bedon\Desktop\semester-5-software-project\backend\[39mnode_modules\[4m@nestjs[24m\passport\dist\auth.guard.js:88:3
[2m[WebServer] [22m      at new Promise (<anonymous>)
[2m[WebServer] [22m      at [90mC:\Users\Bedon\Desktop\semester-5-software-project\backend\[39mnode_modules\[4m@nestjs[24m\passport\dist\auth.guard.js:80:83
[2m[WebServer] [22m      at JwtAuthGuard.canActivate [90m(C:\Users\Bedon\Desktop\semester-5-software-project\backend\[39mnode_modules\[4m@nestjs[24m\passport\dist\auth.guard.js:44:32[90m)[39m
[2m[WebServer] [22m  [90m    at process.processTicksAndRejections (node:internal/process/task_queues:105:5)[39m
[2m[WebServer] [22m}
[2m[WebServer] [22mΓ¥î JwtAuthGuard INFO: Error: No auth token
[2m[WebServer] [22m    at JwtStrategy.authenticate 
[90m(C:\Users\Bedon\Desktop\semester-5-software-project\backend\[39mnode_modules\[4mpassport-jwt[24m\lib\strategy.js:96:26[90m)[39m
[2m[WebServer] [22m    at attempt [90m(C:\Users\Bedon\Desktop\semester-5-software-project\backend\[39mnode_modules\[4mpassport[24m\lib\mi
ddleware\authenticate.js:378:16[90m)[39m
[2m[WebServer] [22m    at authenticate [90m(C:\Users\Bedon\Desktop\semester-5-software-project\backend\[39mnode_modules\[4mpassport[24m\l
ib\middleware\authenticate.js:379:7[90m)[39m
[2m[WebServer] [22m    at 
[90mC:\Users\Bedon\Desktop\semester-5-software-project\backend\[39mnode_modules\[4m@nestjs[24m\passport\dist\auth.guard.js:88:3
[2m[WebServer] [22m    at new Promise (<anonymous>)
[2m[WebServer] [22m    at 
[90mC:\Users\Bedon\Desktop\semester-5-software-project\backend\[39mnode_modules\[4m@nestjs[24m\passport\dist\auth.guard.js:80:83
[2m[WebServer] [22m    at JwtAuthGuard.canActivate [90m(C:\Users\Bedon\Desktop\semester-5-software-project\backend\[39mnode_modules\[4m@ne
stjs[24m\passport\dist\auth.guard.js:44:32[90m)[39m
[2m[WebServer] [22m[90m    at process.processTicksAndRejections (node:internal/process/task_queues:105:5)[39m
[2m[WebServer] [22mΓ¥î JwtAuthGuard FAILING ΓåÆ No auth token
[2m[WebServer] [22mVALIDATE EMPLOYEE - systemRole = {
[2m[WebServer] [22m  _id: new ObjectId([32m'6928cf79fe9ff406e6610fed'[39m),
[2m[WebServer] [22m  employeeProfileId: new ObjectId([32m'6928cf79fe9ff406e6610feb'[39m),
[2m[WebServer] [22m  roles: [ [32m'HR Manager'[39m ],
[2m[WebServer] [22m  permissions: [],
[2m[WebServer] [22m  isActive: [33mtrue[39m,
[2m[WebServer] [22m  createdAt: [35m2025-11-27T22:23:53.913Z[39m,
[2m[WebServer] [22m  updatedAt: [35m2025-11-27T22:23:53.913Z[39m,
[2m[WebServer] [22m  __v: [33m0[39m
[2m[WebServer] [22m}
[2m[WebServer] [22mGenerated token: eyJhbGciOiJIUzI1NiIsInR5cCI6IkpXVCJ9.eyJzdWIiOiI2OTI4Y2Y3OWZlOWZmNDA2ZTY2MTBmZWIiLCJ3b3JrRW1haWwiOiJoci5oci5ockBleGFtcGxlLmNvbSIsInJvbGVzIjpbIkhSIE1hbmFnZXIiXSwicGVybWlzc2lvbnMiOltdLCJwcmltYXJ5RGVwYXJ0bWVudElkIjoiNjc1MWZlNTFkM2EzOGE5NTBiYTQwYzExIiwiZW1wbG95ZWVOdW1iZXIiOiJFTVAtMTAxOSIsImlhdCI6MTc2NTk4MzI3NiwiZXhwIjoxNzY2MDY5Njc2fQ.M4kKnUMXiqUkqtPKRB3H7cuYYxV7C5AJhKWFM8vl9Vo
[2m[WebServer] [22m GET /leaves [32m200[39m in 16ms[2m (compile: 3ms, render: 13ms)[22m
[2m[WebServer] [22m≡ƒöÑ JwtAuthGuard: canActivate CALLED
[2m[WebServer] [22m≡ƒöì JWT Extractor - All cookies: {
[2m[WebServer] [22m  accessToken: [32m'eyJhbGciOiJIUzI1NiIsInR5cCI6IkpXVCJ9.eyJzdWIiOiI2OTI4Y2Y3OWZlOWZmNDA2ZTY2MTBmZWIiLCJ3b3JrRW1haWwiOiJoci5oci5ockBleGFtcGxlLmNvbSIsInJvbGVzIjpbIkhSIE1hbmFnZXIiXSwicGVybWlzc2lvbnMiOltdLCJwcmltYXJ5RGVwYXJ0bWVudElkIjoiNjc1MWZlNTFkM2EzOGE5NTBiYTQwYzExIiwiZW1wbG95ZWVOdW1iZXIiOiJFTVAtMTAxOSIsImlhdCI6MTc2NTk4MzI3NiwiZXhwIjoxNzY2MDY5Njc2fQ.M4kKnUMXiqUkqtPKRB3H7cuYYxV7C5AJhKWFM8vl9Vo'[39m
[2m[WebServer] [22m}
[2m[WebServer] [22m≡ƒöì JWT Extractor - Headers: accessToken=eyJhbGciOiJIUzI1NiIsInR5cCI6IkpXVCJ9.eyJzdWIiOiI2OTI4Y2Y3OWZlOWZmNDA2ZTY2MTBmZWIiLCJ3b3JrRW1haWwiOiJoci5oci5ockBleGFtcGxlLmNvbSIsInJvbGVzIjpbIkhSIE1hbmFnZXIiXSwicGVybWlzc2lvbnMiOltdLCJwcmltYXJ5RGVwYXJ0bWVudElkIjoiNjc1MWZlNTFkM2EzOGE5NTBiYTQwYzExIiwiZW1wbG95ZWVOdW1iZXIiOiJFTVAtMTAxOSIsImlhdCI6MTc2NTk4MzI3NiwiZXhwIjoxNzY2MDY5Njc2fQ.M4kKnUMXiqUkqtPKRB3H7cuYYxV7C5AJhKWFM8vl9Vo
[2m[WebServer] [22m≡ƒöì JWT Extractor - accessToken: FOUND
[2m[WebServer] [22mJwtStrategy VALIDATE: {
[2m[WebServer] [22m  sub: [32m'6928cf79fe9ff406e6610feb'[39m,
[2m[WebServer] [22m  workEmail: [32m'hr.hr.hr@example.com'[39m,
[2m[WebServer] [22m  roles: [ [32m'HR Manager'[39m ],
[2m[WebServer] [22m  permissions: [],
[2m[WebServer] [22m  primaryDepartmentId: [32m'6751fe51d3a38a950ba40c11'[39m,
[2m[WebServer] [22m  employeeNumber: [32m'EMP-1019'[39m,
[2m[WebServer] [22m  iat: [33m1765983276[39m,
[2m[WebServer] [22m  exp: [33m1766069676[39m
[2m[WebServer] [22m}
[2m[WebServer] [22m≡ƒöÑ JwtAuthGuard: handleRequest() {
[2m[WebServer] [22m  err: [1mnull[22m,
[2m[WebServer] [22m  user: {
[2m[WebServer] [22m    id: [32m'6928cf79fe9ff406e6610feb'[39m,
[2m[WebServer] [22m    workEmail: [32m'hr.hr.hr@example.com'[39m,
[2m[WebServer] [22m    roles: [ [32m'HR Manager'[39m ],
[2m[WebServer] [22m    permissions: [],
[2m[WebServer] [22m    primaryDepartmentId: [32m'6751fe51d3a38a950ba40c11'[39m,
[2m[WebServer] [22m    employeeNumber: [32m'EMP-1019'[39m
[2m[WebServer] [22m  },
[2m[WebServer] [22m  info: [90mundefined[39m
[2m[WebServer] [22m}
[2m[WebServer] [22mΓ£à JwtAuthGuard SUCCESS ΓåÆ user authenticated: 6928cf79fe9ff406e6610feb
[2m[WebServer] [22m≡ƒöÑ RolesGuard running!
[2m[WebServer] [22m
[2m[WebServer] [22m===== ROLE GUARD =====
[2m[WebServer] [22mRequired roles: [
[2m[WebServer] [22m  [32m'department employee'[39m,
[2m[WebServer] [22m  [32m'HR Employee'[39m,
[2m[WebServer] [22m  [32m'department head'[39m,
[2m[WebServer] [22m  [32m'HR Manager'[39m,
[2m[WebServer] [22m  [32m'HR Admin'[39m,
[2m[WebServer] [22m  [32m'System Admin'[39m
[2m[WebServer] [22m]
[2m[WebServer] [22mUser object: {
[2m[WebServer] [22m  id: [32m'6928cf79fe9ff406e6610feb'[39m,
[2m[WebServer] [22m  workEmail: [32m'hr.hr.hr@example.com'[39m,
[2m[WebServer] [22m  roles: [ [32m'HR Manager'[39m ],
[2m[WebServer] [22m  permissions: [],
[2m[WebServer] [22m  primaryDepartmentId: [32m'6751fe51d3a38a950ba40c11'[39m,
[2m[WebServer] [22m  employeeNumber: [32m'EMP-1019'[39m
[2m[WebServer] [22m}
[2m[WebServer] [22mNormalized user roles: [ [32m'hr manager'[39m ]
[2m[WebServer] [22mNormalized required roles: [
[2m[WebServer] [22m  [32m'department employee'[39m,
[2m[WebServer] [22m  [32m'hr employee'[39m,
[2m[WebServer] [22m  [32m'department head'[39m,
[2m[WebServer] [22m  [32m'hr manager'[39m,
[2m[WebServer] [22m  [32m'hr admin'[39m,
[2m[WebServer] [22m  [32m'system admin'[39m
[2m[WebServer] [22m]
[2m[WebServer] [22mHas required role? [33mtrue[39m
[2m[WebServer] [22mΓ£ö ACCESS GRANTED Γ£ö
[2m[WebServer] [22m≡ƒöì [TrackingController] getMyBalances: {
[2m[WebServer] [22m  query: [Object: null prototype] {},
[2m[WebServer] [22m  userId: [32m'6928cf79fe9ff406e6610feb'[39m
[2m[WebServer] [22m}
[2m[WebServer] [22m≡ƒöÑ JwtAuthGuard: canActivate CALLED
[2m[WebServer] [22m≡ƒöì JWT Extractor - All cookies: {
[2m[WebServer] [22m  accessToken: [32m'eyJhbGciOiJIUzI1NiIsInR5cCI6IkpXVCJ9.eyJzdWIiOiI2OTI4Y2Y3OWZlOWZmNDA2ZTY2MTBmZWIiLCJ3b3JrRW1haWwiOiJoci5oci5ockBleGFtcGxlLmNvbSIsInJvbGVzIjpbIkhSIE1hbmFnZXIiXSwicGVybWlzc2lvbnMiOltdLCJwcmltYXJ5RGVwYXJ0bWVudElkIjoiNjc1MWZlNTFkM2EzOGE5NTBiYTQwYzExIiwiZW1wbG95ZWVOdW1iZXIiOiJFTVAtMTAxOSIsImlhdCI6MTc2NTk4MzI3NiwiZXhwIjoxNzY2MDY5Njc2fQ.M4kKnUMXiqUkqtPKRB3H7cuYYxV7C5AJhKWFM8vl9Vo'[39m
[2m[WebServer] [22m}
[2m[WebServer] [22m≡ƒöì JWT Extractor - Headers: accessToken=eyJhbGciOiJIUzI1NiIsInR5cCI6IkpXVCJ9.eyJzdWIiOiI2OTI4Y2Y3OWZlOWZmNDA2ZTY2MTBmZWIiLCJ3b3JrRW1haWwiOiJoci5oci5ockBleGFtcGxlLmNvbSIsInJvbGVzIjpbIkhSIE1hbmFnZXIiXSwicGVybWlzc2lvbnMiOltdLCJwcmltYXJ5RGVwYXJ0bWVudElkIjoiNjc1MWZlNTFkM2EzOGE5NTBiYTQwYzExIiwiZW1wbG95ZWVOdW1iZXIiOiJFTVAtMTAxOSIsImlhdCI6MTc2NTk4MzI3NiwiZXhwIjoxNzY2MDY5Njc2fQ.M4kKnUMXiqUkqtPKRB3H7cuYYxV7C5AJhKWFM8vl9Vo
[2m[WebServer] [22m≡ƒöì JWT Extractor - accessToken: FOUND
[2m[WebServer] [22mJwtStrategy VALIDATE: {
[2m[WebServer] [22m  sub: [32m'6928cf79fe9ff406e6610feb'[39m,
[2m[WebServer] [22m  workEmail: [32m'hr.hr.hr@example.com'[39m,
[2m[WebServer] [22m  roles: [ [32m'HR Manager'[39m ],
[2m[WebServer] [22m  permissions: [],
[2m[WebServer] [22m  primaryDepartmentId: [32m'6751fe51d3a38a950ba40c11'[39m,
[2m[WebServer] [22m  employeeNumber: [32m'EMP-1019'[39m,
[2m[WebServer] [22m  iat: [33m1765983276[39m,
[2m[WebServer] [22m  exp: [33m1766069676[39m
[2m[WebServer] [22m}
[2m[WebServer] [22m≡ƒöÑ JwtAuthGuard: handleRequest() {
[2m[WebServer] [22m  err: [1mnull[22m,
[2m[WebServer] [22m  user: {
[2m[WebServer] [22m    id: [32m'6928cf79fe9ff406e6610feb'[39m,
[2m[WebServer] [22m    workEmail: [32m'hr.hr.hr@example.com'[39m,
[2m[WebServer] [22m    roles: [ [32m'HR Manager'[39m ],
[2m[WebServer] [22m    permissions: [],
[2m[WebServer] [22m    primaryDepartmentId: [32m'6751fe51d3a38a950ba40c11'[39m,
[2m[WebServer] [22m    employeeNumber: [32m'EMP-1019'[39m
[2m[WebServer] [22m  },
[2m[WebServer] [22m  info: [90mundefined[39m
[2m[WebServer] [22m}
[2m[WebServer] [22mΓ£à JwtAuthGuard SUCCESS ΓåÆ user authenticated: 6928cf79fe9ff406e6610feb
[2m[WebServer] [22m≡ƒöÑ RolesGuard running!
[2m[WebServer] [22m
[2m[WebServer] [22m===== ROLE GUARD =====
[2m[WebServer] [22mRequired roles: [
[2m[WebServer] [22m  [32m'department employee'[39m,
[2m[WebServer] [22m  [32m'HR Employee'[39m,
[2m[WebServer] [22m  [32m'department head'[39m,
[2m[WebServer] [22m  [32m'HR Manager'[39m,
[2m[WebServer] [22m  [32m'HR Admin'[39m,
[2m[WebServer] [22m  [32m'System Admin'[39m
[2m[WebServer] [22m]
[2m[WebServer] [22mUser object: {
[2m[WebServer] [22m  id: [32m'6928cf79fe9ff406e6610feb'[39m,
[2m[WebServer] [22m  workEmail: [32m'hr.hr.hr@example.com'[39m,
[2m[WebServer] [22m  roles: [ [32m'HR Manager'[39m ],
[2m[WebServer] [22m  permissions: [],
[2m[WebServer] [22m  primaryDepartmentId: [32m'6751fe51d3a38a950ba40c11'[39m,
[2m[WebServer] [22m  employeeNumber: [32m'EMP-1019'[39m
[2m[WebServer] [22m}
[2m[WebServer] [22mNormalized user roles: [ [32m'hr manager'[39m ]
[2m[WebServer] [22mNormalized required roles: [
[2m[WebServer] [22m  [32m'department employee'[39m,
[2m[WebServer] [22m  [32m'hr employee'[39m,
[2m[WebServer] [22m  [32m'department head'[39m,
[2m[WebServer] [22m  [32m'hr manager'[39m,
[2m[WebServer] [22m  [32m'hr admin'[39m,
[2m[WebServer] [22m  [32m'system admin'[39m
[2m[WebServer] [22m]
[2m[WebServer] [22mHas required role? [33mtrue[39m
[2m[WebServer] [22mΓ£ö ACCESS GRANTED Γ£ö
[2m[WebServer] [22m≡ƒöì [TrackingController] getMyHistory: {
[2m[WebServer] [22m  filters: [Object: null prototype] {},
[2m[WebServer] [22m  userId: [32m'6928cf79fe9ff406e6610feb'[39m
[2m[WebServer] [22m}
Γ£à Login successful
ΓÜÖ∩╕Å Testing: REQ-041 (Accrual rules)
[2m[WebServer] [22m GET /leaves [32m200[39m in 53ms[2m (compile: 2ms, render: 51ms)[22m
[2m[WebServer] [22m≡ƒöÑ JwtAuthGuard: canActivate CALLED
[2m[WebServer] [22m≡ƒöì JWT Extractor - All cookies: {
[2m[WebServer] [22m  accessToken: [32m'eyJhbGciOiJIUzI1NiIsInR5cCI6IkpXVCJ9.eyJzdWIiOiI2OTI4Y2Y3OWZlOWZmNDA2ZTY2MTBmZWIiLCJ3b3JrRW1haWwiOiJoci5oci5ockBleGFtcGxlLmNvbSIsInJvbGVzIjpbIkhSIE1hbmFnZXIiXSwicGVybWlzc2lvbnMiOltdLCJwcmltYXJ5RGVwYXJ0bWVudElkIjoiNjc1MWZlNTFkM2EzOGE5NTBiYTQwYzExIiwiZW1wbG95ZWVOdW1iZXIiOiJFTVAtMTAxOSIsImlhdCI6MTc2NTk4MzI3NiwiZXhwIjoxNzY2MDY5Njc2fQ.M4kKnUMXiqUkqtPKRB3H7cuYYxV7C5AJhKWFM8vl9Vo'[39m
[2m[WebServer] [22m}
[2m[WebServer] [22m≡ƒöì JWT Extractor - Headers: accessToken=eyJhbGciOiJIUzI1NiIsInR5cCI6IkpXVCJ9.eyJzdWIiOiI2OTI4Y2Y3OWZlOWZmNDA2ZTY2MTBmZWIiLCJ3b3JrRW1haWwiOiJoci5oci5ockBleGFtcGxlLmNvbSIsInJvbGVzIjpbIkhSIE1hbmFnZXIiXSwicGVybWlzc2lvbnMiOltdLCJwcmltYXJ5RGVwYXJ0bWVudElkIjoiNjc1MWZlNTFkM2EzOGE5NTBiYTQwYzExIiwiZW1wbG95ZWVOdW1iZXIiOiJFTVAtMTAxOSIsImlhdCI6MTc2NTk4MzI3NiwiZXhwIjoxNzY2MDY5Njc2fQ.M4kKnUMXiqUkqtPKRB3H7cuYYxV7C5AJhKWFM8vl9Vo
[2m[WebServer] [22m≡ƒöì JWT Extractor - accessToken: FOUND
[2m[WebServer] [22mJwtStrategy VALIDATE: {
[2m[WebServer] [22m  sub: [32m'6928cf79fe9ff406e6610feb'[39m,
[2m[WebServer] [22m  workEmail: [32m'hr.hr.hr@example.com'[39m,
[2m[WebServer] [22m  roles: [ [32m'HR Manager'[39m ],
[2m[WebServer] [22m  permissions: [],
[2m[WebServer] [22m  primaryDepartmentId: [32m'6751fe51d3a38a950ba40c11'[39m,
[2m[WebServer] [22m  employeeNumber: [32m'EMP-1019'[39m,
[2m[WebServer] [22m  iat: [33m1765983276[39m,
[2m[WebServer] [22m  exp: [33m1766069676[39m
[2m[WebServer] [22m}
[2m[WebServer] [22m≡ƒöÑ JwtAuthGuard: handleRequest() {
[2m[WebServer] [22m  err: [1mnull[22m,
[2m[WebServer] [22m  user: {
[2m[WebServer] [22m    id: [32m'6928cf79fe9ff406e6610feb'[39m,
[2m[WebServer] [22m    workEmail: [32m'hr.hr.hr@example.com'[39m,
[2m[WebServer] [22m    roles: [ [32m'HR Manager'[39m ],
[2m[WebServer] [22m    permissions: [],
[2m[WebServer] [22m    primaryDepartmentId: [32m'6751fe51d3a38a950ba40c11'[39m,
[2m[WebServer] [22m    employeeNumber: [32m'EMP-1019'[39m
[2m[WebServer] [22m  },
[2m[WebServer] [22m  info: [90mundefined[39m
[2m[WebServer] [22m}
[2m[WebServer] [22mΓ£à JwtAuthGuard SUCCESS ΓåÆ user authenticated: 6928cf79fe9ff406e6610feb
[2m[WebServer] [22m≡ƒöÑ JwtAuthGuard: canActivate CALLED
[2m[WebServer] [22m≡ƒöì JWT Extractor - All cookies: {
[2m[WebServer] [22m  accessToken: [32m'eyJhbGciOiJIUzI1NiIsInR5cCI6IkpXVCJ9.eyJzdWIiOiI2OTI4Y2Y3OWZlOWZmNDA2ZTY2MTBmZWIiLCJ3b3JrRW1haWwiOiJoci5oci5ockBleGFtcGxlLmNvbSIsInJvbGVzIjpbIkhSIE1hbmFnZXIiXSwicGVybWlzc2lvbnMiOltdLCJwcmltYXJ5RGVwYXJ0bWVudElkIjoiNjc1MWZlNTFkM2EzOGE5NTBiYTQwYzExIiwiZW1wbG95ZWVOdW1iZXIiOiJFTVAtMTAxOSIsImlhdCI6MTc2NTk4MzI3NiwiZXhwIjoxNzY2MDY5Njc2fQ.M4kKnUMXiqUkqtPKRB3H7cuYYxV7C5AJhKWFM8vl9Vo'[39m
[2m[WebServer] [22m}
[2m[WebServer] [22m≡ƒöì JWT Extractor - Headers: accessToken=eyJhbGciOiJIUzI1NiIsInR5cCI6IkpXVCJ9.eyJzdWIiOiI2OTI4Y2Y3OWZlOWZmNDA2ZTY2MTBmZWIiLCJ3b3JrRW1haWwiOiJoci5oci5ockBleGFtcGxlLmNvbSIsInJvbGVzIjpbIkhSIE1hbmFnZXIiXSwicGVybWlzc2lvbnMiOltdLCJwcmltYXJ5RGVwYXJ0bWVudElkIjoiNjc1MWZlNTFkM2EzOGE5NTBiYTQwYzExIiwiZW1wbG95ZWVOdW1iZXIiOiJFTVAtMTAxOSIsImlhdCI6MTc2NTk4MzI3NiwiZXhwIjoxNzY2MDY5Njc2fQ.M4kKnUMXiqUkqtPKRB3H7cuYYxV7C5AJhKWFM8vl9Vo
[2m[WebServer] [22m≡ƒöì JWT Extractor - accessToken: FOUND
[2m[WebServer] [22mJwtStrategy VALIDATE: {
[2m[WebServer] [22m  sub: [32m'6928cf79fe9ff406e6610feb'[39m,
[2m[WebServer] [22m  workEmail: [32m'hr.hr.hr@example.com'[39m,
[2m[WebServer] [22m  roles: [ [32m'HR Manager'[39m ],
[2m[WebServer] [22m  permissions: [],
[2m[WebServer] [22m  primaryDepartmentId: [32m'6751fe51d3a38a950ba40c11'[39m,
[2m[WebServer] [22m  employeeNumber: [32m'EMP-1019'[39m,
[2m[WebServer] [22m  iat: [33m1765983276[39m,
[2m[WebServer] [22m  exp: [33m1766069676[39m
[2m[WebServer] [22m}
[2m[WebServer] [22m≡ƒöÑ JwtAuthGuard: handleRequest() {
[2m[WebServer] [22m  err: [1mnull[22m,
[2m[WebServer] [22m  user: {
[2m[WebServer] [22m    id: [32m'6928cf79fe9ff406e6610feb'[39m,
[2m[WebServer] [22m    workEmail: [32m'hr.hr.hr@example.com'[39m,
[2m[WebServer] [22m    roles: [ [32m'HR Manager'[39m ],
[2m[WebServer] [22m    permissions: [],
[2m[WebServer] [22m    primaryDepartmentId: [32m'6751fe51d3a38a950ba40c11'[39m,
[2m[WebServer] [22m    employeeNumber: [32m'EMP-1019'[39m
[2m[WebServer] [22m  },
[2m[WebServer] [22m  info: [90mundefined[39m
[2m[WebServer] [22m}
[2m[WebServer] [22mΓ£à JwtAuthGuard SUCCESS ΓåÆ user authenticated: 6928cf79fe9ff406e6610feb
[2m[WebServer] [22m≡ƒöÑ RolesGuard running!
[2m[WebServer] [22m
[2m[WebServer] [22m===== ROLE GUARD =====
[2m[WebServer] [22mRequired roles: [
[2m[WebServer] [22m  [32m'department employee'[39m,
[2m[WebServer] [22m  [32m'HR Employee'[39m,
[2m[WebServer] [22m  [32m'department head'[39m,
[2m[WebServer] [22m  [32m'HR Manager'[39m,
[2m[WebServer] [22m  [32m'HR Admin'[39m,
[2m[WebServer] [22m  [32m'System Admin'[39m
[2m[WebServer] [22m]
[2m[WebServer] [22mUser object: {
[2m[WebServer] [22m  id: [32m'6928cf79fe9ff406e6610feb'[39m,
[2m[WebServer] [22m  workEmail: [32m'hr.hr.hr@example.com'[39m,
[2m[WebServer] [22m  roles: [ [32m'HR Manager'[39m ],
[2m[WebServer] [22m  permissions: [],
[2m[WebServer] [22m  primaryDepartmentId: [32m'6751fe51d3a38a950ba40c11'[39m,
[2m[WebServer] [22m  employeeNumber: [32m'EMP-1019'[39m
[2m[WebServer] [22m}
[2m[WebServer] [22mNormalized user roles: [ [32m'hr manager'[39m ]
[2m[WebServer] [22mNormalized required roles: [
[2m[WebServer] [22m  [32m'department employee'[39m,
[2m[WebServer] [22m  [32m'hr employee'[39m,
[2m[WebServer] [22m  [32m'department head'[39m,
[2m[WebServer] [22m  [32m'hr manager'[39m,
[2m[WebServer] [22m  [32m'hr admin'[39m,
[2m[WebServer] [22m  [32m'system admin'[39m
[2m[WebServer] [22m]
[2m[WebServer] [22mHas required role? [33mtrue[39m
[2m[WebServer] [22mΓ£ö ACCESS GRANTED Γ£ö
[2m[WebServer] [22m≡ƒöì [TrackingController] getMyBalances: {
[2m[WebServer] [22m  query: [Object: null prototype] {},
[2m[WebServer] [22m  userId: [32m'6928cf79fe9ff406e6610feb'[39m
[2m[WebServer] [22m}
[2m[WebServer] [22m≡ƒöÑ JwtAuthGuard: canActivate CALLED
[2m[WebServer] [22m≡ƒöì JWT Extractor - All cookies: {
[2m[WebServer] [22m  accessToken: [32m'eyJhbGciOiJIUzI1NiIsInR5cCI6IkpXVCJ9.eyJzdWIiOiI2OTI4Y2Y3OWZlOWZmNDA2ZTY2MTBmZWIiLCJ3b3JrRW1haWwiOiJoci5oci5ockBleGFtcGxlLmNvbSIsInJvbGVzIjpbIkhSIE1hbmFnZXIiXSwicGVybWlzc2lvbnMiOltdLCJwcmltYXJ5RGVwYXJ0bWVudElkIjoiNjc1MWZlNTFkM2EzOGE5NTBiYTQwYzExIiwiZW1wbG95ZWVOdW1iZXIiOiJFTVAtMTAxOSIsImlhdCI6MTc2NTk4MzI3NiwiZXhwIjoxNzY2MDY5Njc2fQ.M4kKnUMXiqUkqtPKRB3H7cuYYxV7C5AJhKWFM8vl9Vo'[39m
[2m[WebServer] [22m}
[2m[WebServer] [22m≡ƒöì JWT Extractor - Headers: accessToken=eyJhbGciOiJIUzI1NiIsInR5cCI6IkpXVCJ9.eyJzdWIiOiI2OTI4Y2Y3OWZlOWZmNDA2ZTY2MTBmZWIiLCJ3b3JrRW1haWwiOiJoci5oci5ockBleGFtcGxlLmNvbSIsInJvbGVzIjpbIkhSIE1hbmFnZXIiXSwicGVybWlzc2lvbnMiOltdLCJwcmltYXJ5RGVwYXJ0bWVudElkIjoiNjc1MWZlNTFkM2EzOGE5NTBiYTQwYzExIiwiZW1wbG95ZWVOdW1iZXIiOiJFTVAtMTAxOSIsImlhdCI6MTc2NTk4MzI3NiwiZXhwIjoxNzY2MDY5Njc2fQ.M4kKnUMXiqUkqtPKRB3H7cuYYxV7C5AJhKWFM8vl9Vo
[2m[WebServer] [22m≡ƒöì JWT Extractor - accessToken: FOUND
[2m[WebServer] [22mJwtStrategy VALIDATE: {
[2m[WebServer] [22m  sub: [32m'6928cf79fe9ff406e6610feb'[39m,
[2m[WebServer] [22m  workEmail: [32m'hr.hr.hr@example.com'[39m,
[2m[WebServer] [22m  roles: [ [32m'HR Manager'[39m ],
[2m[WebServer] [22m  permissions: [],
[2m[WebServer] [22m  primaryDepartmentId: [32m'6751fe51d3a38a950ba40c11'[39m,
[2m[WebServer] [22m  employeeNumber: [32m'EMP-1019'[39m,
[2m[WebServer] [22m  iat: [33m1765983276[39m,
[2m[WebServer] [22m  exp: [33m1766069676[39m
[2m[WebServer] [22m}
[2m[WebServer] [22m≡ƒöÑ JwtAuthGuard: handleRequest() {
[2m[WebServer] [22m  err: [1mnull[22m,
[2m[WebServer] [22m  user: {
[2m[WebServer] [22m    id: [32m'6928cf79fe9ff406e6610feb'[39m,
[2m[WebServer] [22m    workEmail: [32m'hr.hr.hr@example.com'[39m,
[2m[WebServer] [22m    roles: [ [32m'HR Manager'[39m ],
[2m[WebServer] [22m    permissions: [],
[2m[WebServer] [22m    primaryDepartmentId: [32m'6751fe51d3a38a950ba40c11'[39m,
[2m[WebServer] [22m    employeeNumber: [32m'EMP-1019'[39m
[2m[WebServer] [22m  },
[2m[WebServer] [22m  info: [90mundefined[39m
[2m[WebServer] [22m}
[2m[WebServer] [22mΓ£à JwtAuthGuard SUCCESS ΓåÆ user authenticated: 6928cf79fe9ff406e6610feb
[2m[WebServer] [22m≡ƒöÑ RolesGuard running!
[2m[WebServer] [22m
[2m[WebServer] [22m===== ROLE GUARD =====
[2m[WebServer] [22mRequired roles: [
[2m[WebServer] [22m  [32m'department employee'[39m,
[2m[WebServer] [22m  [32m'HR Employee'[39m,
[2m[WebServer] [22m  [32m'department head'[39m,
[2m[WebServer] [22m  [32m'HR Manager'[39m,
[2m[WebServer] [22m  [32m'HR Admin'[39m,
[2m[WebServer] [22m  [32m'System Admin'[39m
[2m[WebServer] [22m]
[2m[WebServer] [22mUser object: {
[2m[WebServer] [22m  id: [32m'6928cf79fe9ff406e6610feb'[39m,
[2m[WebServer] [22m  workEmail: [32m'hr.hr.hr@example.com'[39m,
[2m[WebServer] [22m  roles: [ [32m'HR Manager'[39m ],
[2m[WebServer] [22m  permissions: [],
[2m[WebServer] [22m  primaryDepartmentId: [32m'6751fe51d3a38a950ba40c11'[39m,
[2m[WebServer] [22m  employeeNumber: [32m'EMP-1019'[39m
[2m[WebServer] [22m}
[2m[WebServer] [22mNormalized user roles: [ [32m'hr manager'[39m ]
[2m[WebServer] [22mNormalized required roles: [
[2m[WebServer] [22m  [32m'department employee'[39m,
[2m[WebServer] [22m  [32m'hr employee'[39m,
[2m[WebServer] [22m  [32m'department head'[39m,
[2m[WebServer] [22m  [32m'hr manager'[39m,
[2m[WebServer] [22m  [32m'hr admin'[39m,
[2m[WebServer] [22m  [32m'system admin'[39m
[2m[WebServer] [22m]
[2m[WebServer] [22mHas required role? [33mtrue[39m
[2m[WebServer] [22mΓ£ö ACCESS GRANTED Γ£ö
[2m[WebServer] [22m≡ƒöì [TrackingController] getMyHistory: {
[2m[WebServer] [22m  filters: [Object: null prototype] {},
[2m[WebServer] [22m  userId: [32m'6928cf79fe9ff406e6610feb'[39m
[2m[WebServer] [22m}
Γ£à Accrual config accessible - REQ-041 validated
  Γ£ô  49 [chromium] ΓÇ║ leave-tests.spec.ts:697:7 ΓÇ║ ≡ƒæö HR MANAGER (EMP-1019) - System-Wide Management ΓÇ║ Γ£à Q1: Configure accrual rules (REQ-041) (9.2s)
≡ƒöÉ Logging in as: hr.hr.hr@example.com
[2m[WebServer] [22m GET /login [32m200[39m in 39ms[2m (compile: 3ms, render: 36ms)[22m
[2m[WebServer] [22m≡ƒöÑ JwtAuthGuard: canActivate CALLED
[2m[WebServer] [22m≡ƒöì JWT Extractor - All cookies: [Object: null prototype] {}
[2m[WebServer] [22m≡ƒöì JWT Extractor - Headers: [90mundefined[39m
[2m[WebServer] [22m≡ƒöì JWT Extractor - accessToken: NOT FOUND
[2m[WebServer] [22m≡ƒöÑ JwtAuthGuard: handleRequest() {
[2m[WebServer] [22m  err: [1mnull[22m,
[2m[WebServer] [22m  user: [33mfalse[39m,
[2m[WebServer] [22m  info: Error: No auth token
[2m[WebServer] [22m      at JwtStrategy.authenticate [90m(C:\Users\Bedon\Desktop\semester-5-software-project\backend\[39mnode_modules\[4mpassport-jwt[24m\lib\strategy.js:96:26[90m)[39m
[2m[WebServer] [22m      at attempt [90m(C:\Users\Bedon\Desktop\semester-5-software-project\backend\[39mnode_modules\[4mpassport[24m\lib\middleware\authenticate.js:378:16[90m)[39m
[2m[WebServer] [22m      at authenticate [90m(C:\Users\Bedon\Desktop\semester-5-software-project\backend\[39mnode_modules\[4mpassport[24m\lib\middleware\authenticate.js:379:7[90m)[39m
[2m[WebServer] [22m      at [90mC:\Users\Bedon\Desktop\semester-5-software-project\backend\[39mnode_modules\[4m@nestjs[24m\passport\dist\auth.guard.js:88:3
[2m[WebServer] [22m      at new Promise (<anonymous>)
[2m[WebServer] [22m      at [90mC:\Users\Bedon\Desktop\semester-5-software-project\backend\[39mnode_modules\[4m@nestjs[24m\passport\dist\auth.guard.js:80:83
[2m[WebServer] [22m      at JwtAuthGuard.canActivate [90m(C:\Users\Bedon\Desktop\semester-5-software-project\backend\[39mnode_modules\[4m@nestjs[24m\passport\dist\auth.guard.js:44:32[90m)[39m
[2m[WebServer] [22m  [90m    at process.processTicksAndRejections (node:internal/process/task_queues:105:5)[39m
[2m[WebServer] [22m}
[2m[WebServer] [22mΓ¥î JwtAuthGuard INFO: Error: No auth token
[2m[WebServer] [22m    at JwtStrategy.authenticate 
[90m(C:\Users\Bedon\Desktop\semester-5-software-project\backend\[39mnode_modules\[4mpassport-jwt[24m\lib\strategy.js:96:26[90m)[39m
[2m[WebServer] [22m    at attempt [90m(C:\Users\Bedon\Desktop\semester-5-software-project\backend\[39mnode_modules\[4mpassport[24m\lib\mi
ddleware\authenticate.js:378:16[90m)[39m
[2m[WebServer] [22m    at authenticate [90m(C:\Users\Bedon\Desktop\semester-5-software-project\backend\[39mnode_modules\[4mpassport[24m\l
ib\middleware\authenticate.js:379:7[90m)[39m
[2m[WebServer] [22m    at 
[90mC:\Users\Bedon\Desktop\semester-5-software-project\backend\[39mnode_modules\[4m@nestjs[24m\passport\dist\auth.guard.js:88:3
[2m[WebServer] [22m    at new Promise (<anonymous>)
[2m[WebServer] [22m    at 
[90mC:\Users\Bedon\Desktop\semester-5-software-project\backend\[39mnode_modules\[4m@nestjs[24m\passport\dist\auth.guard.js:80:83
[2m[WebServer] [22m    at JwtAuthGuard.canActivate [90m(C:\Users\Bedon\Desktop\semester-5-software-project\backend\[39mnode_modules\[4m@ne
stjs[24m\passport\dist\auth.guard.js:44:32[90m)[39m
[2m[WebServer] [22m[90m    at process.processTicksAndRejections (node:internal/process/task_queues:105:5)[39m
[2m[WebServer] [22mΓ¥î JwtAuthGuard FAILING ΓåÆ No auth token
[2m[WebServer] [22mVALIDATE EMPLOYEE - systemRole = {
[2m[WebServer] [22m  _id: new ObjectId([32m'6928cf79fe9ff406e6610fed'[39m),
[2m[WebServer] [22m  employeeProfileId: new ObjectId([32m'6928cf79fe9ff406e6610feb'[39m),
[2m[WebServer] [22m  roles: [ [32m'HR Manager'[39m ],
[2m[WebServer] [22m  permissions: [],
[2m[WebServer] [22m  isActive: [33mtrue[39m,
[2m[WebServer] [22m  createdAt: [35m2025-11-27T22:23:53.913Z[39m,
[2m[WebServer] [22m  updatedAt: [35m2025-11-27T22:23:53.913Z[39m,
[2m[WebServer] [22m  __v: [33m0[39m
[2m[WebServer] [22m}
[2m[WebServer] [22mGenerated token: eyJhbGciOiJIUzI1NiIsInR5cCI6IkpXVCJ9.eyJzdWIiOiI2OTI4Y2Y3OWZlOWZmNDA2ZTY2MTBmZWIiLCJ3b3JrRW1haWwiOiJoci5oci5ockBleGFtcGxlLmNvbSIsInJvbGVzIjpbIkhSIE1hbmFnZXIiXSwicGVybWlzc2lvbnMiOltdLCJwcmltYXJ5RGVwYXJ0bWVudElkIjoiNjc1MWZlNTFkM2EzOGE5NTBiYTQwYzExIiwiZW1wbG95ZWVOdW1iZXIiOiJFTVAtMTAxOSIsImlhdCI6MTc2NTk4MzI4NSwiZXhwIjoxNzY2MDY5Njg1fQ.HEG0jRW7J-pTsJ3UJYjSodotGsk-HejhjK4lKCmkfaw
[2m[WebServer] [22m GET /leaves [32m200[39m in 19ms[2m (compile: 6ms, render: 14ms)[22m
[2m[WebServer] [22m≡ƒöÑ JwtAuthGuard: canActivate CALLED
[2m[WebServer] [22m≡ƒöì JWT Extractor - All cookies: {
[2m[WebServer] [22m  accessToken: [32m'eyJhbGciOiJIUzI1NiIsInR5cCI6IkpXVCJ9.eyJzdWIiOiI2OTI4Y2Y3OWZlOWZmNDA2ZTY2MTBmZWIiLCJ3b3JrRW1haWwiOiJoci5oci5ockBleGFtcGxlLmNvbSIsInJvbGVzIjpbIkhSIE1hbmFnZXIiXSwicGVybWlzc2lvbnMiOltdLCJwcmltYXJ5RGVwYXJ0bWVudElkIjoiNjc1MWZlNTFkM2EzOGE5NTBiYTQwYzExIiwiZW1wbG95ZWVOdW1iZXIiOiJFTVAtMTAxOSIsImlhdCI6MTc2NTk4MzI4NSwiZXhwIjoxNzY2MDY5Njg1fQ.HEG0jRW7J-pTsJ3UJYjSodotGsk-HejhjK4lKCmkfaw'[39m
[2m[WebServer] [22m}
[2m[WebServer] [22m≡ƒöì JWT Extractor - Headers: accessToken=eyJhbGciOiJIUzI1NiIsInR5cCI6IkpXVCJ9.eyJzdWIiOiI2OTI4Y2Y3OWZlOWZmNDA2ZTY2MTBmZWIiLCJ3b3JrRW1haWwiOiJoci5oci5ockBleGFtcGxlLmNvbSIsInJvbGVzIjpbIkhSIE1hbmFnZXIiXSwicGVybWlzc2lvbnMiOltdLCJwcmltYXJ5RGVwYXJ0bWVudElkIjoiNjc1MWZlNTFkM2EzOGE5NTBiYTQwYzExIiwiZW1wbG95ZWVOdW1iZXIiOiJFTVAtMTAxOSIsImlhdCI6MTc2NTk4MzI4NSwiZXhwIjoxNzY2MDY5Njg1fQ.HEG0jRW7J-pTsJ3UJYjSodotGsk-HejhjK4lKCmkfaw
[2m[WebServer] [22m≡ƒöì JWT Extractor - accessToken: FOUND
[2m[WebServer] [22mJwtStrategy VALIDATE: {
[2m[WebServer] [22m  sub: [32m'6928cf79fe9ff406e6610feb'[39m,
[2m[WebServer] [22m  workEmail: [32m'hr.hr.hr@example.com'[39m,
[2m[WebServer] [22m  roles: [ [32m'HR Manager'[39m ],
[2m[WebServer] [22m  permissions: [],
[2m[WebServer] [22m  primaryDepartmentId: [32m'6751fe51d3a38a950ba40c11'[39m,
[2m[WebServer] [22m  employeeNumber: [32m'EMP-1019'[39m,
[2m[WebServer] [22m  iat: [33m1765983285[39m,
[2m[WebServer] [22m  exp: [33m1766069685[39m
[2m[WebServer] [22m}
[2m[WebServer] [22m≡ƒöÑ JwtAuthGuard: handleRequest() {
[2m[WebServer] [22m  err: [1mnull[22m,
[2m[WebServer] [22m  user: {
[2m[WebServer] [22m    id: [32m'6928cf79fe9ff406e6610feb'[39m,
[2m[WebServer] [22m    workEmail: [32m'hr.hr.hr@example.com'[39m,
[2m[WebServer] [22m    roles: [ [32m'HR Manager'[39m ],
[2m[WebServer] [22m    permissions: [],
[2m[WebServer] [22m    primaryDepartmentId: [32m'6751fe51d3a38a950ba40c11'[39m,
[2m[WebServer] [22m    employeeNumber: [32m'EMP-1019'[39m
[2m[WebServer] [22m  },
[2m[WebServer] [22m  info: [90mundefined[39m
[2m[WebServer] [22m}
[2m[WebServer] [22mΓ£à JwtAuthGuard SUCCESS ΓåÆ user authenticated: 6928cf79fe9ff406e6610feb
[2m[WebServer] [22m≡ƒöÑ RolesGuard running!
[2m[WebServer] [22m
[2m[WebServer] [22m===== ROLE GUARD =====
[2m[WebServer] [22mRequired roles: [
[2m[WebServer] [22m  [32m'department employee'[39m,
[2m[WebServer] [22m  [32m'HR Employee'[39m,
[2m[WebServer] [22m  [32m'department head'[39m,
[2m[WebServer] [22m  [32m'HR Manager'[39m,
[2m[WebServer] [22m  [32m'HR Admin'[39m,
[2m[WebServer] [22m  [32m'System Admin'[39m
[2m[WebServer] [22m]
[2m[WebServer] [22mUser object: {
[2m[WebServer] [22m  id: [32m'6928cf79fe9ff406e6610feb'[39m,
[2m[WebServer] [22m  workEmail: [32m'hr.hr.hr@example.com'[39m,
[2m[WebServer] [22m  roles: [ [32m'HR Manager'[39m ],
[2m[WebServer] [22m  permissions: [],
[2m[WebServer] [22m  primaryDepartmentId: [32m'6751fe51d3a38a950ba40c11'[39m,
[2m[WebServer] [22m  employeeNumber: [32m'EMP-1019'[39m
[2m[WebServer] [22m}
[2m[WebServer] [22mNormalized user roles: [ [32m'hr manager'[39m ]
[2m[WebServer] [22mNormalized required roles: [
[2m[WebServer] [22m  [32m'department employee'[39m,
[2m[WebServer] [22m  [32m'hr employee'[39m,
[2m[WebServer] [22m  [32m'department head'[39m,
[2m[WebServer] [22m  [32m'hr manager'[39m,
[2m[WebServer] [22m  [32m'hr admin'[39m,
[2m[WebServer] [22m  [32m'system admin'[39m
[2m[WebServer] [22m]
[2m[WebServer] [22mHas required role? [33mtrue[39m
[2m[WebServer] [22mΓ£ö ACCESS GRANTED Γ£ö
[2m[WebServer] [22m≡ƒöì [TrackingController] getMyBalances: {
[2m[WebServer] [22m  query: [Object: null prototype] {},
[2m[WebServer] [22m  userId: [32m'6928cf79fe9ff406e6610feb'[39m
[2m[WebServer] [22m}
[2m[WebServer] [22m≡ƒöÑ JwtAuthGuard: canActivate CALLED
[2m[WebServer] [22m≡ƒöì JWT Extractor - All cookies: {
[2m[WebServer] [22m  accessToken: [32m'eyJhbGciOiJIUzI1NiIsInR5cCI6IkpXVCJ9.eyJzdWIiOiI2OTI4Y2Y3OWZlOWZmNDA2ZTY2MTBmZWIiLCJ3b3JrRW1haWwiOiJoci5oci5ockBleGFtcGxlLmNvbSIsInJvbGVzIjpbIkhSIE1hbmFnZXIiXSwicGVybWlzc2lvbnMiOltdLCJwcmltYXJ5RGVwYXJ0bWVudElkIjoiNjc1MWZlNTFkM2EzOGE5NTBiYTQwYzExIiwiZW1wbG95ZWVOdW1iZXIiOiJFTVAtMTAxOSIsImlhdCI6MTc2NTk4MzI4NSwiZXhwIjoxNzY2MDY5Njg1fQ.HEG0jRW7J-pTsJ3UJYjSodotGsk-HejhjK4lKCmkfaw'[39m
[2m[WebServer] [22m}
[2m[WebServer] [22m≡ƒöì JWT Extractor - Headers: accessToken=eyJhbGciOiJIUzI1NiIsInR5cCI6IkpXVCJ9.eyJzdWIiOiI2OTI4Y2Y3OWZlOWZmNDA2ZTY2MTBmZWIiLCJ3b3JrRW1haWwiOiJoci5oci5ockBleGFtcGxlLmNvbSIsInJvbGVzIjpbIkhSIE1hbmFnZXIiXSwicGVybWlzc2lvbnMiOltdLCJwcmltYXJ5RGVwYXJ0bWVudElkIjoiNjc1MWZlNTFkM2EzOGE5NTBiYTQwYzExIiwiZW1wbG95ZWVOdW1iZXIiOiJFTVAtMTAxOSIsImlhdCI6MTc2NTk4MzI4NSwiZXhwIjoxNzY2MDY5Njg1fQ.HEG0jRW7J-pTsJ3UJYjSodotGsk-HejhjK4lKCmkfaw
[2m[WebServer] [22m≡ƒöì JWT Extractor - accessToken: FOUND
[2m[WebServer] [22mJwtStrategy VALIDATE: {
[2m[WebServer] [22m  sub: [32m'6928cf79fe9ff406e6610feb'[39m,
[2m[WebServer] [22m  workEmail: [32m'hr.hr.hr@example.com'[39m,
[2m[WebServer] [22m  roles: [ [32m'HR Manager'[39m ],
[2m[WebServer] [22m  permissions: [],
[2m[WebServer] [22m  primaryDepartmentId: [32m'6751fe51d3a38a950ba40c11'[39m,
[2m[WebServer] [22m  employeeNumber: [32m'EMP-1019'[39m,
[2m[WebServer] [22m  iat: [33m1765983285[39m,
[2m[WebServer] [22m  exp: [33m1766069685[39m
[2m[WebServer] [22m}
[2m[WebServer] [22m≡ƒöÑ JwtAuthGuard: handleRequest() {
[2m[WebServer] [22m  err: [1mnull[22m,
[2m[WebServer] [22m  user: {
[2m[WebServer] [22m    id: [32m'6928cf79fe9ff406e6610feb'[39m,
[2m[WebServer] [22m    workEmail: [32m'hr.hr.hr@example.com'[39m,
[2m[WebServer] [22m    roles: [ [32m'HR Manager'[39m ],
[2m[WebServer] [22m    permissions: [],
[2m[WebServer] [22m    primaryDepartmentId: [32m'6751fe51d3a38a950ba40c11'[39m,
[2m[WebServer] [22m    employeeNumber: [32m'EMP-1019'[39m
[2m[WebServer] [22m  },
[2m[WebServer] [22m  info: [90mundefined[39m
[2m[WebServer] [22m}
[2m[WebServer] [22mΓ£à JwtAuthGuard SUCCESS ΓåÆ user authenticated: 6928cf79fe9ff406e6610feb
[2m[WebServer] [22m≡ƒöÑ RolesGuard running!
[2m[WebServer] [22m
[2m[WebServer] [22m===== ROLE GUARD =====
[2m[WebServer] [22mRequired roles: [
[2m[WebServer] [22m  [32m'department employee'[39m,
[2m[WebServer] [22m  [32m'HR Employee'[39m,
[2m[WebServer] [22m  [32m'department head'[39m,
[2m[WebServer] [22m  [32m'HR Manager'[39m,
[2m[WebServer] [22m  [32m'HR Admin'[39m,
[2m[WebServer] [22m  [32m'System Admin'[39m
[2m[WebServer] [22m]
[2m[WebServer] [22mUser object: {
[2m[WebServer] [22m  id: [32m'6928cf79fe9ff406e6610feb'[39m,
[2m[WebServer] [22m  workEmail: [32m'hr.hr.hr@example.com'[39m,
[2m[WebServer] [22m  roles: [ [32m'HR Manager'[39m ],
[2m[WebServer] [22m  permissions: [],
[2m[WebServer] [22m  primaryDepartmentId: [32m'6751fe51d3a38a950ba40c11'[39m,
[2m[WebServer] [22m  employeeNumber: [32m'EMP-1019'[39m
[2m[WebServer] [22m}
[2m[WebServer] [22mNormalized user roles: [ [32m'hr manager'[39m ]
[2m[WebServer] [22mNormalized required roles: [
[2m[WebServer] [22m  [32m'department employee'[39m,
[2m[WebServer] [22m  [32m'hr employee'[39m,
[2m[WebServer] [22m  [32m'department head'[39m,
[2m[WebServer] [22m  [32m'hr manager'[39m,
[2m[WebServer] [22m  [32m'hr admin'[39m,
[2m[WebServer] [22m  [32m'system admin'[39m
[2m[WebServer] [22m]
[2m[WebServer] [22mHas required role? [33mtrue[39m
[2m[WebServer] [22mΓ£ö ACCESS GRANTED Γ£ö
[2m[WebServer] [22m≡ƒöì [TrackingController] getMyHistory: {
[2m[WebServer] [22m  filters: [Object: null prototype] {},
[2m[WebServer] [22m  userId: [32m'6928cf79fe9ff406e6610feb'[39m
[2m[WebServer] [22m}
Γ£à Login successful
≡ƒôå Testing: REQ-042 (Carry forward rules)
[2m[WebServer] [22m GET /leaves [32m200[39m in 48ms[2m (compile: 3ms, render: 45ms)[22m
[2m[WebServer] [22m≡ƒöÑ JwtAuthGuard: canActivate CALLED
[2m[WebServer] [22m≡ƒöì JWT Extractor - All cookies: {
[2m[WebServer] [22m  accessToken: [32m'eyJhbGciOiJIUzI1NiIsInR5cCI6IkpXVCJ9.eyJzdWIiOiI2OTI4Y2Y3OWZlOWZmNDA2ZTY2MTBmZWIiLCJ3b3JrRW1haWwiOiJoci5oci5ockBleGFtcGxlLmNvbSIsInJvbGVzIjpbIkhSIE1hbmFnZXIiXSwicGVybWlzc2lvbnMiOltdLCJwcmltYXJ5RGVwYXJ0bWVudElkIjoiNjc1MWZlNTFkM2EzOGE5NTBiYTQwYzExIiwiZW1wbG95ZWVOdW1iZXIiOiJFTVAtMTAxOSIsImlhdCI6MTc2NTk4MzI4NSwiZXhwIjoxNzY2MDY5Njg1fQ.HEG0jRW7J-pTsJ3UJYjSodotGsk-HejhjK4lKCmkfaw'[39m
[2m[WebServer] [22m}
[2m[WebServer] [22m≡ƒöì JWT Extractor - Headers: accessToken=eyJhbGciOiJIUzI1NiIsInR5cCI6IkpXVCJ9.eyJzdWIiOiI2OTI4Y2Y3OWZlOWZmNDA2ZTY2MTBmZWIiLCJ3b3JrRW1haWwiOiJoci5oci5ockBleGFtcGxlLmNvbSIsInJvbGVzIjpbIkhSIE1hbmFnZXIiXSwicGVybWlzc2lvbnMiOltdLCJwcmltYXJ5RGVwYXJ0bWVudElkIjoiNjc1MWZlNTFkM2EzOGE5NTBiYTQwYzExIiwiZW1wbG95ZWVOdW1iZXIiOiJFTVAtMTAxOSIsImlhdCI6MTc2NTk4MzI4NSwiZXhwIjoxNzY2MDY5Njg1fQ.HEG0jRW7J-pTsJ3UJYjSodotGsk-HejhjK4lKCmkfaw
[2m[WebServer] [22m≡ƒöì JWT Extractor - accessToken: FOUND
[2m[WebServer] [22mJwtStrategy VALIDATE: {
[2m[WebServer] [22m  sub: [32m'6928cf79fe9ff406e6610feb'[39m,
[2m[WebServer] [22m  workEmail: [32m'hr.hr.hr@example.com'[39m,
[2m[WebServer] [22m  roles: [ [32m'HR Manager'[39m ],
[2m[WebServer] [22m  permissions: [],
[2m[WebServer] [22m  primaryDepartmentId: [32m'6751fe51d3a38a950ba40c11'[39m,
[2m[WebServer] [22m  employeeNumber: [32m'EMP-1019'[39m,
[2m[WebServer] [22m  iat: [33m1765983285[39m,
[2m[WebServer] [22m  exp: [33m1766069685[39m
[2m[WebServer] [22m}
[2m[WebServer] [22m≡ƒöÑ JwtAuthGuard: handleRequest() {
[2m[WebServer] [22m  err: [1mnull[22m,
[2m[WebServer] [22m  user: {
[2m[WebServer] [22m    id: [32m'6928cf79fe9ff406e6610feb'[39m,
[2m[WebServer] [22m    workEmail: [32m'hr.hr.hr@example.com'[39m,
[2m[WebServer] [22m    roles: [ [32m'HR Manager'[39m ],
[2m[WebServer] [22m    permissions: [],
[2m[WebServer] [22m    primaryDepartmentId: [32m'6751fe51d3a38a950ba40c11'[39m,
[2m[WebServer] [22m    employeeNumber: [32m'EMP-1019'[39m
[2m[WebServer] [22m  },
[2m[WebServer] [22m  info: [90mundefined[39m
[2m[WebServer] [22m}
[2m[WebServer] [22mΓ£à JwtAuthGuard SUCCESS ΓåÆ user authenticated: 6928cf79fe9ff406e6610feb
[2m[WebServer] [22m≡ƒöÑ JwtAuthGuard: canActivate CALLED
[2m[WebServer] [22m≡ƒöì JWT Extractor - All cookies: {
[2m[WebServer] [22m  accessToken: [32m'eyJhbGciOiJIUzI1NiIsInR5cCI6IkpXVCJ9.eyJzdWIiOiI2OTI4Y2Y3OWZlOWZmNDA2ZTY2MTBmZWIiLCJ3b3JrRW1haWwiOiJoci5oci5ockBleGFtcGxlLmNvbSIsInJvbGVzIjpbIkhSIE1hbmFnZXIiXSwicGVybWlzc2lvbnMiOltdLCJwcmltYXJ5RGVwYXJ0bWVudElkIjoiNjc1MWZlNTFkM2EzOGE5NTBiYTQwYzExIiwiZW1wbG95ZWVOdW1iZXIiOiJFTVAtMTAxOSIsImlhdCI6MTc2NTk4MzI4NSwiZXhwIjoxNzY2MDY5Njg1fQ.HEG0jRW7J-pTsJ3UJYjSodotGsk-HejhjK4lKCmkfaw'[39m
[2m[WebServer] [22m}
[2m[WebServer] [22m≡ƒöì JWT Extractor - Headers: accessToken=eyJhbGciOiJIUzI1NiIsInR5cCI6IkpXVCJ9.eyJzdWIiOiI2OTI4Y2Y3OWZlOWZmNDA2ZTY2MTBmZWIiLCJ3b3JrRW1haWwiOiJoci5oci5ockBleGFtcGxlLmNvbSIsInJvbGVzIjpbIkhSIE1hbmFnZXIiXSwicGVybWlzc2lvbnMiOltdLCJwcmltYXJ5RGVwYXJ0bWVudElkIjoiNjc1MWZlNTFkM2EzOGE5NTBiYTQwYzExIiwiZW1wbG95ZWVOdW1iZXIiOiJFTVAtMTAxOSIsImlhdCI6MTc2NTk4MzI4NSwiZXhwIjoxNzY2MDY5Njg1fQ.HEG0jRW7J-pTsJ3UJYjSodotGsk-HejhjK4lKCmkfaw
[2m[WebServer] [22m≡ƒöì JWT Extractor - accessToken: FOUND
[2m[WebServer] [22mJwtStrategy VALIDATE: {
[2m[WebServer] [22m  sub: [32m'6928cf79fe9ff406e6610feb'[39m,
[2m[WebServer] [22m  workEmail: [32m'hr.hr.hr@example.com'[39m,
[2m[WebServer] [22m  roles: [ [32m'HR Manager'[39m ],
[2m[WebServer] [22m  permissions: [],
[2m[WebServer] [22m  primaryDepartmentId: [32m'6751fe51d3a38a950ba40c11'[39m,
[2m[WebServer] [22m  employeeNumber: [32m'EMP-1019'[39m,
[2m[WebServer] [22m  iat: [33m1765983285[39m,
[2m[WebServer] [22m  exp: [33m1766069685[39m
[2m[WebServer] [22m}
[2m[WebServer] [22m≡ƒöÑ JwtAuthGuard: handleRequest() {
[2m[WebServer] [22m  err: [1mnull[22m,
[2m[WebServer] [22m  user: {
[2m[WebServer] [22m    id: [32m'6928cf79fe9ff406e6610feb'[39m,
[2m[WebServer] [22m    workEmail: [32m'hr.hr.hr@example.com'[39m,
[2m[WebServer] [22m    roles: [ [32m'HR Manager'[39m ],
[2m[WebServer] [22m    permissions: [],
[2m[WebServer] [22m    primaryDepartmentId: [32m'6751fe51d3a38a950ba40c11'[39m,
[2m[WebServer] [22m    employeeNumber: [32m'EMP-1019'[39m
[2m[WebServer] [22m  },
[2m[WebServer] [22m  info: [90mundefined[39m
[2m[WebServer] [22m}
[2m[WebServer] [22mΓ£à JwtAuthGuard SUCCESS ΓåÆ user authenticated: 6928cf79fe9ff406e6610feb
[2m[WebServer] [22m≡ƒöÑ RolesGuard running!
[2m[WebServer] [22m
[2m[WebServer] [22m===== ROLE GUARD =====
[2m[WebServer] [22mRequired roles: [
[2m[WebServer] [22m  [32m'department employee'[39m,
[2m[WebServer] [22m  [32m'HR Employee'[39m,
[2m[WebServer] [22m  [32m'department head'[39m,
[2m[WebServer] [22m  [32m'HR Manager'[39m,
[2m[WebServer] [22m  [32m'HR Admin'[39m,
[2m[WebServer] [22m  [32m'System Admin'[39m
[2m[WebServer] [22m]
[2m[WebServer] [22mUser object: {
[2m[WebServer] [22m  id: [32m'6928cf79fe9ff406e6610feb'[39m,
[2m[WebServer] [22m  workEmail: [32m'hr.hr.hr@example.com'[39m,
[2m[WebServer] [22m  roles: [ [32m'HR Manager'[39m ],
[2m[WebServer] [22m  permissions: [],
[2m[WebServer] [22m  primaryDepartmentId: [32m'6751fe51d3a38a950ba40c11'[39m,
[2m[WebServer] [22m  employeeNumber: [32m'EMP-1019'[39m
[2m[WebServer] [22m}
[2m[WebServer] [22mNormalized user roles: [ [32m'hr manager'[39m ]
[2m[WebServer] [22mNormalized required roles: [
[2m[WebServer] [22m  [32m'department employee'[39m,
[2m[WebServer] [22m  [32m'hr employee'[39m,
[2m[WebServer] [22m  [32m'department head'[39m,
[2m[WebServer] [22m  [32m'hr manager'[39m,
[2m[WebServer] [22m  [32m'hr admin'[39m,
[2m[WebServer] [22m  [32m'system admin'[39m
[2m[WebServer] [22m]
[2m[WebServer] [22mHas required role? [33mtrue[39m
[2m[WebServer] [22mΓ£ö ACCESS GRANTED Γ£ö
[2m[WebServer] [22m≡ƒöì [TrackingController] getMyBalances: {
[2m[WebServer] [22m  query: [Object: null prototype] {},
[2m[WebServer] [22m  userId: [32m'6928cf79fe9ff406e6610feb'[39m
[2m[WebServer] [22m}
[2m[WebServer] [22m≡ƒöÑ JwtAuthGuard: canActivate CALLED
[2m[WebServer] [22m≡ƒöì JWT Extractor - All cookies: {
[2m[WebServer] [22m  accessToken: [32m'eyJhbGciOiJIUzI1NiIsInR5cCI6IkpXVCJ9.eyJzdWIiOiI2OTI4Y2Y3OWZlOWZmNDA2ZTY2MTBmZWIiLCJ3b3JrRW1haWwiOiJoci5oci5ockBleGFtcGxlLmNvbSIsInJvbGVzIjpbIkhSIE1hbmFnZXIiXSwicGVybWlzc2lvbnMiOltdLCJwcmltYXJ5RGVwYXJ0bWVudElkIjoiNjc1MWZlNTFkM2EzOGE5NTBiYTQwYzExIiwiZW1wbG95ZWVOdW1iZXIiOiJFTVAtMTAxOSIsImlhdCI6MTc2NTk4MzI4NSwiZXhwIjoxNzY2MDY5Njg1fQ.HEG0jRW7J-pTsJ3UJYjSodotGsk-HejhjK4lKCmkfaw'[39m
[2m[WebServer] [22m}
[2m[WebServer] [22m≡ƒöì JWT Extractor - Headers: accessToken=eyJhbGciOiJIUzI1NiIsInR5cCI6IkpXVCJ9.eyJzdWIiOiI2OTI4Y2Y3OWZlOWZmNDA2ZTY2MTBmZWIiLCJ3b3JrRW1haWwiOiJoci5oci5ockBleGFtcGxlLmNvbSIsInJvbGVzIjpbIkhSIE1hbmFnZXIiXSwicGVybWlzc2lvbnMiOltdLCJwcmltYXJ5RGVwYXJ0bWVudElkIjoiNjc1MWZlNTFkM2EzOGE5NTBiYTQwYzExIiwiZW1wbG95ZWVOdW1iZXIiOiJFTVAtMTAxOSIsImlhdCI6MTc2NTk4MzI4NSwiZXhwIjoxNzY2MDY5Njg1fQ.HEG0jRW7J-pTsJ3UJYjSodotGsk-HejhjK4lKCmkfaw
[2m[WebServer] [22m≡ƒöì JWT Extractor - accessToken: FOUND
[2m[WebServer] [22mJwtStrategy VALIDATE: {
[2m[WebServer] [22m  sub: [32m'6928cf79fe9ff406e6610feb'[39m,
[2m[WebServer] [22m  workEmail: [32m'hr.hr.hr@example.com'[39m,
[2m[WebServer] [22m  roles: [ [32m'HR Manager'[39m ],
[2m[WebServer] [22m  permissions: [],
[2m[WebServer] [22m  primaryDepartmentId: [32m'6751fe51d3a38a950ba40c11'[39m,
[2m[WebServer] [22m  employeeNumber: [32m'EMP-1019'[39m,
[2m[WebServer] [22m  iat: [33m1765983285[39m,
[2m[WebServer] [22m  exp: [33m1766069685[39m
[2m[WebServer] [22m}
[2m[WebServer] [22m≡ƒöÑ JwtAuthGuard: handleRequest() {
[2m[WebServer] [22m  err: [1mnull[22m,
[2m[WebServer] [22m  user: {
[2m[WebServer] [22m    id: [32m'6928cf79fe9ff406e6610feb'[39m,
[2m[WebServer] [22m    workEmail: [32m'hr.hr.hr@example.com'[39m,
[2m[WebServer] [22m    roles: [ [32m'HR Manager'[39m ],
[2m[WebServer] [22m    permissions: [],
[2m[WebServer] [22m    primaryDepartmentId: [32m'6751fe51d3a38a950ba40c11'[39m,
[2m[WebServer] [22m    employeeNumber: [32m'EMP-1019'[39m
[2m[WebServer] [22m  },
[2m[WebServer] [22m  info: [90mundefined[39m
[2m[WebServer] [22m}
[2m[WebServer] [22mΓ£à JwtAuthGuard SUCCESS ΓåÆ user authenticated: 6928cf79fe9ff406e6610feb
[2m[WebServer] [22m≡ƒöÑ RolesGuard running!
[2m[WebServer] [22m
[2m[WebServer] [22m===== ROLE GUARD =====
[2m[WebServer] [22mRequired roles: [
[2m[WebServer] [22m  [32m'department employee'[39m,
[2m[WebServer] [22m  [32m'HR Employee'[39m,
[2m[WebServer] [22m  [32m'department head'[39m,
[2m[WebServer] [22m  [32m'HR Manager'[39m,
[2m[WebServer] [22m  [32m'HR Admin'[39m,
[2m[WebServer] [22m  [32m'System Admin'[39m
[2m[WebServer] [22m]
[2m[WebServer] [22mUser object: {
[2m[WebServer] [22m  id: [32m'6928cf79fe9ff406e6610feb'[39m,
[2m[WebServer] [22m  workEmail: [32m'hr.hr.hr@example.com'[39m,
[2m[WebServer] [22m  roles: [ [32m'HR Manager'[39m ],
[2m[WebServer] [22m  permissions: [],
[2m[WebServer] [22m  primaryDepartmentId: [32m'6751fe51d3a38a950ba40c11'[39m,
[2m[WebServer] [22m  employeeNumber: [32m'EMP-1019'[39m
[2m[WebServer] [22m}
[2m[WebServer] [22mNormalized user roles: [ [32m'hr manager'[39m ]
[2m[WebServer] [22mNormalized required roles: [
[2m[WebServer] [22m  [32m'department employee'[39m,
[2m[WebServer] [22m  [32m'hr employee'[39m,
[2m[WebServer] [22m  [32m'department head'[39m,
[2m[WebServer] [22m  [32m'hr manager'[39m,
[2m[WebServer] [22m  [32m'hr admin'[39m,
[2m[WebServer] [22m  [32m'system admin'[39m
[2m[WebServer] [22m]
[2m[WebServer] [22mHas required role? [33mtrue[39m
[2m[WebServer] [22mΓ£ö ACCESS GRANTED Γ£ö
[2m[WebServer] [22m≡ƒöì [TrackingController] getMyHistory: {
[2m[WebServer] [22m  filters: [Object: null prototype] {},
[2m[WebServer] [22m  userId: [32m'6928cf79fe9ff406e6610feb'[39m
[2m[WebServer] [22m}
Γ£à Carry forward config accessible - REQ-042 validated

================================================================================
≡ƒÄë ALL 42 REQUIREMENTS TESTED - COMPLETE E2E COVERAGE
================================================================================
Γ£à Employee Tests: REQ-015 to REQ-033 (19 requirements)
Γ£à Manager Tests: REQ-005 to REQ-007, REQ-031, REQ-034 (5 requirements)
Γ£à HR Tests: REQ-001 to REQ-004, REQ-008 to REQ-014, REQ-036 to REQ-042 (18 requirements)
Γ£à Total: 42/42 Requirements Covered
================================================================================

  Γ£ô  50 [chromium] ΓÇ║ leave-tests.spec.ts:707:7 ΓÇ║ ≡ƒæö HR MANAGER (EMP-1019) - System-Wide Management ΓÇ║ Γ£à Q2: Configure carry forward rules (REQ-042) (9.1s)


  1) [chromium] ΓÇ║ leave-tests.spec.ts:485:7 ΓÇ║ ≡ƒæö HR MANAGER (EMP-1019) - System-Wide Management ΓÇ║ Γ£à K1: Manage leave types (REQ-001) 

    Error: Γ¥î REQ-001 FAIL: /leaves/hr/types returns 404 - Backend route missing

      489 |     
      490 |     if (response?.status() === 404) {
    > 491 |       throw new Error('Γ¥î REQ-001 FAIL: /leaves/hr/types returns 404 - Backend route missing');
          |             ^
      492 |     }
      493 |     
      494 |     await page.waitForTimeout(1000);
        at C:\Users\Bedon\Desktop\semester-5-software-project\leave-tests.spec.ts:491:13

    attachment #1: screenshot (image/png) ΓöÇΓöÇΓöÇΓöÇΓöÇΓöÇΓöÇΓöÇΓöÇΓöÇΓöÇΓöÇΓöÇΓöÇΓöÇΓöÇΓöÇΓöÇΓöÇΓöÇΓöÇΓöÇΓöÇΓöÇΓöÇΓöÇΓöÇΓöÇΓöÇΓöÇΓöÇΓöÇΓöÇΓöÇΓöÇΓöÇΓöÇΓöÇΓöÇΓöÇΓöÇΓöÇΓöÇΓöÇΓöÇΓöÇΓöÇΓöÇΓöÇΓöÇΓöÇΓöÇΓöÇΓöÇΓöÇΓöÇΓöÇΓöÇ
    test-results\leave-tests-≡ƒæö-HR-MANAGER--97c47-Manage-leave-types-REQ-001--chromium\test-failed-1.png
    ΓöÇΓöÇΓöÇΓöÇΓöÇΓöÇΓöÇΓöÇΓöÇΓöÇΓöÇΓöÇΓöÇΓöÇΓöÇΓöÇΓöÇΓöÇΓöÇΓöÇΓöÇΓöÇΓöÇΓöÇΓöÇΓöÇΓöÇΓöÇΓöÇΓöÇΓöÇΓöÇΓöÇΓöÇΓöÇΓöÇΓöÇΓöÇΓöÇΓöÇΓöÇΓöÇΓöÇΓöÇΓöÇΓöÇΓöÇΓöÇΓöÇΓöÇΓöÇΓöÇΓöÇΓöÇΓöÇΓöÇΓöÇΓöÇΓöÇΓöÇΓöÇΓöÇΓöÇΓöÇΓöÇΓöÇΓöÇΓöÇΓöÇΓöÇΓöÇΓöÇΓöÇΓöÇΓöÇΓöÇΓöÇΓöÇΓöÇΓöÇΓöÇΓöÇΓöÇΓöÇΓöÇΓöÇΓöÇΓöÇΓöÇΓöÇΓöÇΓöÇΓöÇΓöÇΓöÇΓöÇ

    attachment #2: video (video/webm) ΓöÇΓöÇΓöÇΓöÇΓöÇΓöÇΓöÇΓöÇΓöÇΓöÇΓöÇΓöÇΓöÇΓöÇΓöÇΓöÇΓöÇΓöÇΓöÇΓöÇΓöÇΓöÇΓöÇΓöÇΓöÇΓöÇΓöÇΓöÇΓöÇΓöÇΓöÇΓöÇΓöÇΓöÇΓöÇΓöÇΓöÇΓöÇΓöÇΓöÇΓöÇΓöÇΓöÇΓöÇΓöÇΓöÇΓöÇΓöÇΓöÇΓöÇΓöÇΓöÇΓöÇΓöÇΓöÇΓöÇΓöÇΓöÇΓöÇΓöÇΓöÇΓöÇ
    test-results\leave-tests-≡ƒæö-HR-MANAGER--97c47-Manage-leave-types-REQ-001--chromium\video.webm
    ΓöÇΓöÇΓöÇΓöÇΓöÇΓöÇΓöÇΓöÇΓöÇΓöÇΓöÇΓöÇΓöÇΓöÇΓöÇΓöÇΓöÇΓöÇΓöÇΓöÇΓöÇΓöÇΓöÇΓöÇΓöÇΓöÇΓöÇΓöÇΓöÇΓöÇΓöÇΓöÇΓöÇΓöÇΓöÇΓöÇΓöÇΓöÇΓöÇΓöÇΓöÇΓöÇΓöÇΓöÇΓöÇΓöÇΓöÇΓöÇΓöÇΓöÇΓöÇΓöÇΓöÇΓöÇΓöÇΓöÇΓöÇΓöÇΓöÇΓöÇΓöÇΓöÇΓöÇΓöÇΓöÇΓöÇΓöÇΓöÇΓöÇΓöÇΓöÇΓöÇΓöÇΓöÇΓöÇΓöÇΓöÇΓöÇΓöÇΓöÇΓöÇΓöÇΓöÇΓöÇΓöÇΓöÇΓöÇΓöÇΓöÇΓöÇΓöÇΓöÇΓöÇΓöÇΓöÇΓöÇ

    Error Context: test-results\leave-tests-≡ƒæö-HR-MANAGER--97c47-Manage-leave-types-REQ-001--chromium\error-context.md

  2) [chromium] ΓÇ║ leave-tests.spec.ts:531:7 ΓÇ║ ≡ƒæö HR MANAGER (EMP-1019) - System-Wide Management ΓÇ║ Γ£à L1: Assign entitlements (REQ-003) 

    Error: Γ¥î REQ-003 FAIL: /leaves/hr/entitlements returns 404

      535 |     
      536 |     if (response?.status() === 404) {
    > 537 |       throw new Error('Γ¥î REQ-003 FAIL: /leaves/hr/entitlements returns 404');
          |             ^
      538 |     }
      539 |     
      540 |     expect(response?.status()).toBe(200);
        at C:\Users\Bedon\Desktop\semester-5-software-project\leave-tests.spec.ts:537:13

    attachment #1: screenshot (image/png) ΓöÇΓöÇΓöÇΓöÇΓöÇΓöÇΓöÇΓöÇΓöÇΓöÇΓöÇΓöÇΓöÇΓöÇΓöÇΓöÇΓöÇΓöÇΓöÇΓöÇΓöÇΓöÇΓöÇΓöÇΓöÇΓöÇΓöÇΓöÇΓöÇΓöÇΓöÇΓöÇΓöÇΓöÇΓöÇΓöÇΓöÇΓöÇΓöÇΓöÇΓöÇΓöÇΓöÇΓöÇΓöÇΓöÇΓöÇΓöÇΓöÇΓöÇΓöÇΓöÇΓöÇΓöÇΓöÇΓöÇΓöÇΓöÇ
    test-results\leave-tests-≡ƒæö-HR-MANAGER--77c5a-ssign-entitlements-REQ-003--chromium\test-failed-1.png
    ΓöÇΓöÇΓöÇΓöÇΓöÇΓöÇΓöÇΓöÇΓöÇΓöÇΓöÇΓöÇΓöÇΓöÇΓöÇΓöÇΓöÇΓöÇΓöÇΓöÇΓöÇΓöÇΓöÇΓöÇΓöÇΓöÇΓöÇΓöÇΓöÇΓöÇΓöÇΓöÇΓöÇΓöÇΓöÇΓöÇΓöÇΓöÇΓöÇΓöÇΓöÇΓöÇΓöÇΓöÇΓöÇΓöÇΓöÇΓöÇΓöÇΓöÇΓöÇΓöÇΓöÇΓöÇΓöÇΓöÇΓöÇΓöÇΓöÇΓöÇΓöÇΓöÇΓöÇΓöÇΓöÇΓöÇΓöÇΓöÇΓöÇΓöÇΓöÇΓöÇΓöÇΓöÇΓöÇΓöÇΓöÇΓöÇΓöÇΓöÇΓöÇΓöÇΓöÇΓöÇΓöÇΓöÇΓöÇΓöÇΓöÇΓöÇΓöÇΓöÇΓöÇΓöÇΓöÇΓöÇ

    attachment #2: video (video/webm) ΓöÇΓöÇΓöÇΓöÇΓöÇΓöÇΓöÇΓöÇΓöÇΓöÇΓöÇΓöÇΓöÇΓöÇΓöÇΓöÇΓöÇΓöÇΓöÇΓöÇΓöÇΓöÇΓöÇΓöÇΓöÇΓöÇΓöÇΓöÇΓöÇΓöÇΓöÇΓöÇΓöÇΓöÇΓöÇΓöÇΓöÇΓöÇΓöÇΓöÇΓöÇΓöÇΓöÇΓöÇΓöÇΓöÇΓöÇΓöÇΓöÇΓöÇΓöÇΓöÇΓöÇΓöÇΓöÇΓöÇΓöÇΓöÇΓöÇΓöÇΓöÇΓöÇ
    test-results\leave-tests-≡ƒæö-HR-MANAGER--77c5a-ssign-entitlements-REQ-003--chromium\video.webm
    ΓöÇΓöÇΓöÇΓöÇΓöÇΓöÇΓöÇΓöÇΓöÇΓöÇΓöÇΓöÇΓöÇΓöÇΓöÇΓöÇΓöÇΓöÇΓöÇΓöÇΓöÇΓöÇΓöÇΓöÇΓöÇΓöÇΓöÇΓöÇΓöÇΓöÇΓöÇΓöÇΓöÇΓöÇΓöÇΓöÇΓöÇΓöÇΓöÇΓöÇΓöÇΓöÇΓöÇΓöÇΓöÇΓöÇΓöÇΓöÇΓöÇΓöÇΓöÇΓöÇΓöÇΓöÇΓöÇΓöÇΓöÇΓöÇΓöÇΓöÇΓöÇΓöÇΓöÇΓöÇΓöÇΓöÇΓöÇΓöÇΓöÇΓöÇΓöÇΓöÇΓöÇΓöÇΓöÇΓöÇΓöÇΓöÇΓöÇΓöÇΓöÇΓöÇΓöÇΓöÇΓöÇΓöÇΓöÇΓöÇΓöÇΓöÇΓöÇΓöÇΓöÇΓöÇΓöÇΓöÇ

    Error Context: test-results\leave-tests-≡ƒæö-HR-MANAGER--77c5a-ssign-entitlements-REQ-003--chromium\error-context.md

  3) [chromium] ΓÇ║ leave-tests.spec.ts:556:7 ΓÇ║ ≡ƒæö HR MANAGER (EMP-1019) - System-Wide Management ΓÇ║ Γ£à M1: Manual balance adjustment (REQ-013, REQ-036) 

    Error: Γ¥î REQ-013, REQ-036 FAIL: /leaves/hr/balances returns 404

      560 |     
      561 |     if (response?.status() === 404) {
    > 562 |       throw new Error('Γ¥î REQ-013, REQ-036 FAIL: /leaves/hr/balances returns 404');
          |             ^
      563 |     }
      564 |     
      565 |     expect(response?.status()).toBe(200);
        at C:\Users\Bedon\Desktop\semester-5-software-project\leave-tests.spec.ts:562:13

    attachment #1: screenshot (image/png) ΓöÇΓöÇΓöÇΓöÇΓöÇΓöÇΓöÇΓöÇΓöÇΓöÇΓöÇΓöÇΓöÇΓöÇΓöÇΓöÇΓöÇΓöÇΓöÇΓöÇΓöÇΓöÇΓöÇΓöÇΓöÇΓöÇΓöÇΓöÇΓöÇΓöÇΓöÇΓöÇΓöÇΓöÇΓöÇΓöÇΓöÇΓöÇΓöÇΓöÇΓöÇΓöÇΓöÇΓöÇΓöÇΓöÇΓöÇΓöÇΓöÇΓöÇΓöÇΓöÇΓöÇΓöÇΓöÇΓöÇΓöÇΓöÇ
    test-results\leave-tests-≡ƒæö-HR-MANAGER--cb0be-adjustment-REQ-013-REQ-036--chromium\test-failed-1.png
    ΓöÇΓöÇΓöÇΓöÇΓöÇΓöÇΓöÇΓöÇΓöÇΓöÇΓöÇΓöÇΓöÇΓöÇΓöÇΓöÇΓöÇΓöÇΓöÇΓöÇΓöÇΓöÇΓöÇΓöÇΓöÇΓöÇΓöÇΓöÇΓöÇΓöÇΓöÇΓöÇΓöÇΓöÇΓöÇΓöÇΓöÇΓöÇΓöÇΓöÇΓöÇΓöÇΓöÇΓöÇΓöÇΓöÇΓöÇΓöÇΓöÇΓöÇΓöÇΓöÇΓöÇΓöÇΓöÇΓöÇΓöÇΓöÇΓöÇΓöÇΓöÇΓöÇΓöÇΓöÇΓöÇΓöÇΓöÇΓöÇΓöÇΓöÇΓöÇΓöÇΓöÇΓöÇΓöÇΓöÇΓöÇΓöÇΓöÇΓöÇΓöÇΓöÇΓöÇΓöÇΓöÇΓöÇΓöÇΓöÇΓöÇΓöÇΓöÇΓöÇΓöÇΓöÇΓöÇΓöÇ

    attachment #2: video (video/webm) ΓöÇΓöÇΓöÇΓöÇΓöÇΓöÇΓöÇΓöÇΓöÇΓöÇΓöÇΓöÇΓöÇΓöÇΓöÇΓöÇΓöÇΓöÇΓöÇΓöÇΓöÇΓöÇΓöÇΓöÇΓöÇΓöÇΓöÇΓöÇΓöÇΓöÇΓöÇΓöÇΓöÇΓöÇΓöÇΓöÇΓöÇΓöÇΓöÇΓöÇΓöÇΓöÇΓöÇΓöÇΓöÇΓöÇΓöÇΓöÇΓöÇΓöÇΓöÇΓöÇΓöÇΓöÇΓöÇΓöÇΓöÇΓöÇΓöÇΓöÇΓöÇΓöÇ
    test-results\leave-tests-≡ƒæö-HR-MANAGER--cb0be-adjustment-REQ-013-REQ-036--chromium\video.webm
    ΓöÇΓöÇΓöÇΓöÇΓöÇΓöÇΓöÇΓöÇΓöÇΓöÇΓöÇΓöÇΓöÇΓöÇΓöÇΓöÇΓöÇΓöÇΓöÇΓöÇΓöÇΓöÇΓöÇΓöÇΓöÇΓöÇΓöÇΓöÇΓöÇΓöÇΓöÇΓöÇΓöÇΓöÇΓöÇΓöÇΓöÇΓöÇΓöÇΓöÇΓöÇΓöÇΓöÇΓöÇΓöÇΓöÇΓöÇΓöÇΓöÇΓöÇΓöÇΓöÇΓöÇΓöÇΓöÇΓöÇΓöÇΓöÇΓöÇΓöÇΓöÇΓöÇΓöÇΓöÇΓöÇΓöÇΓöÇΓöÇΓöÇΓöÇΓöÇΓöÇΓöÇΓöÇΓöÇΓöÇΓöÇΓöÇΓöÇΓöÇΓöÇΓöÇΓöÇΓöÇΓöÇΓöÇΓöÇΓöÇΓöÇΓöÇΓöÇΓöÇΓöÇΓöÇΓöÇΓöÇ

    Error Context: test-results\leave-tests-≡ƒæö-HR-MANAGER--cb0be-adjustment-REQ-013-REQ-036--chromium\error-context.md

  3 failed
    [chromium] ΓÇ║ leave-tests.spec.ts:485:7 ΓÇ║ ≡ƒæö HR MANAGER (EMP-1019) - System-Wide Management ΓÇ║ Γ£à K1: Manage leave types (REQ-001) 
    [chromium] ΓÇ║ leave-tests.spec.ts:531:7 ΓÇ║ ≡ƒæö HR MANAGER (EMP-1019) - System-Wide Management ΓÇ║ Γ£à L1: Assign entitlements (REQ-003) 
    [chromium] ΓÇ║ leave-tests.spec.ts:556:7 ΓÇ║ ≡ƒæö HR MANAGER (EMP-1019) - System-Wide Management ΓÇ║ Γ£à M1: Manual balance adjustment (REQ-013, REQ-036) 
  47 passed (8.0m)
